# start rate=10 seed=6 dur=420 n=7 target=3 events=41
6.2 fp=[2] true=[3] merged=[2, 3]
6.6 fp=[2] true=[3] merged=[2, 3]
6.9 fp=[2] true=[3] merged=[2, 3]
7.2 fp=[2] true=[3] merged=[2, 3]
7.5 fp=[2] true=[3] merged=[2, 3]
7.8 fp=[2] true=[3] merged=[2, 3]
8.1 fp=[2] true=[3] merged=[2, 3]
8.4 fp=[2] true=[3] merged=[2, 3]
8.7 fp=[2] true=[3] merged=[2, 3]
9.0 fp=[2] true=[3] merged=[2, 3]
9.4 fp=[2] true=[3] merged=[2, 3]
9.7 fp=[2] true=[3] merged=[2, 3]
10.0 fp=[2] true=[3] merged=[2, 3]
10.3 fp=[2] true=[3] merged=[2, 3]
10.6 fp=[2] true=[3] merged=[2, 3]
10.9 fp=[2] true=[3] merged=[2, 3]
11.3 fp=[2] true=[3] merged=[2, 3]
11.6 fp=[2] true=[3] merged=[2, 3]
11.9 fp=[2] true=[3] merged=[2, 3]
12.2 fp=[2] true=[3] merged=[2, 3]
12.5 fp=[2] true=[3] merged=[2, 3]
12.8 fp=[2] true=[3] merged=[2, 3]
13.1 fp=[2] true=[3] merged=[2, 3]
13.4 fp=[2] true=[3] merged=[2, 3]
13.8 fp=[2] true=[3] merged=[2, 3]
14.1 fp=[2] true=[3] merged=[2, 3]
14.4 fp=[2] true=[3] merged=[2, 3]
14.7 fp=[2] true=[3] merged=[2, 3]
15.0 fp=[2] true=[3] merged=[2, 3]
15.3 fp=[2] true=[3] merged=[2, 3]
15.6 fp=[2] true=[3] merged=[2, 3]
15.9 fp=[2] true=[3] merged=[2, 3]
16.2 fp=[2] true=[3] merged=[2, 3]
16.5 fp=[2] true=[3] merged=[2, 3]
16.8 fp=[2] true=[3] merged=[2, 3]
17.2 fp=[2] true=[3] merged=[2, 3]
17.5 fp=[2] true=[3] merged=[2, 3]
17.8 fp=[2] true=[3] merged=[2, 3]
18.1 fp=[2] true=[3] merged=[2, 3]
18.4 fp=[2] true=[3] merged=[2, 3]
18.7 fp=[2] true=[3] merged=[2, 3]
19.0 fp=[2] true=[3] merged=[2, 3]
19.3 fp=[2] true=[3] merged=[2, 3]
19.7 fp=[2] true=[3] merged=[2, 3]
20.0 fp=[2] true=[3] merged=[2, 3]
20.3 fp=[2] true=[3] merged=[2, 3]
20.6 fp=[2] true=[3] merged=[2, 3]
20.9 fp=[2] true=[3] merged=[2, 3]
21.2 fp=[2] true=[3] merged=[2, 3]
21.5 fp=[2] true=[3] merged=[2, 3]
21.8 fp=[2] true=[3] merged=[2, 3]
22.1 fp=[2] true=[3] merged=[2, 3]
22.5 fp=[2] true=[3] merged=[2, 3]
22.8 fp=[2] true=[3] merged=[2, 3]
23.1 fp=[2] true=[3] merged=[2, 3]
23.4 fp=[2] true=[3] merged=[2, 3]
23.7 fp=[2] true=[3] merged=[2, 3]
24.0 fp=[2] true=[3] merged=[2, 3]
24.3 fp=[2] true=[3] merged=[2, 3]
24.7 fp=[2] true=[3] merged=[2, 3]
25.0 fp=[2] true=[3] merged=[2, 3]
25.3 fp=[2] true=[3] merged=[2, 3]
25.6 fp=[2] true=[3] merged=[2, 3]
25.9 fp=[2] true=[3] merged=[2, 3]
26.2 fp=[2] true=[3] merged=[2, 3]
26.5 fp=[2] true=[3] merged=[2, 3]
26.8 fp=[2] true=[3] merged=[2, 3]
27.1 fp=[2] true=[3] merged=[2, 3]
27.4 fp=[2] true=[3] merged=[2, 3]
27.8 fp=[2] true=[3] merged=[2, 3]
28.1 fp=[2] true=[3] merged=[2, 3]
28.4 fp=[2] true=[3] merged=[2, 3]
28.7 fp=[2] true=[3] merged=[2, 3]
29.0 fp=[2] true=[3] merged=[2, 3]
29.3 fp=[2] true=[3] merged=[2, 3]
29.6 fp=[2] true=[3] merged=[2, 3]
30.0 fp=[2] true=[3] merged=[2, 3]
30.3 fp=[2] true=[3] merged=[2, 3]
30.6 fp=[2] true=[3] merged=[2, 3]
30.9 fp=[2] true=[3] merged=[2, 3]
31.2 fp=[2] true=[3] merged=[2, 3]
31.5 fp=[2] true=[3] merged=[2, 3]
31.8 fp=[2] true=[3] merged=[2, 3]
50.3 fp=[7] true=[3] merged=[3, 7]
50.6 fp=[7] true=[3] merged=[3, 7]
50.9 fp=[7] true=[3] merged=[3, 7]
51.2 fp=[7] true=[3] merged=[3, 7]
51.5 fp=[7] true=[3] merged=[3, 7]
51.8 fp=[7] true=[3] merged=[3, 7]
52.2 fp=[7] true=[3] merged=[3, 7]
52.5 fp=[7] true=[3] merged=[3, 7]
52.8 fp=[7] true=[3] merged=[3, 7]
53.1 fp=[7] true=[3] merged=[3, 7]
53.4 fp=[7] true=[3] merged=[3, 7]
53.7 fp=[7] true=[3] merged=[3, 7]
54.1 fp=[7] true=[3] merged=[3, 7]
54.4 fp=[7] true=[3] merged=[3, 7]
54.7 fp=[7] true=[3] merged=[3, 7]
55.0 fp=[7] true=[3] merged=[3, 7]
55.3 fp=[7] true=[3] merged=[3, 7]
55.6 fp=[7] true=[3] merged=[3, 7]
55.9 fp=[7] true=[3] merged=[3, 7]
56.3 fp=[7] true=[3] merged=[3, 7]
56.6 fp=[7] true=[3] merged=[3, 7]
56.9 fp=[7] true=[3] merged=[3, 7]
57.2 fp=[7] true=[3] merged=[3, 7]
57.5 fp=[7] true=[3] merged=[3, 7]
57.8 fp=[7] true=[3] merged=[3, 7]
58.1 fp=[7] true=[3] merged=[3, 7]
58.4 fp=[7] true=[3] merged=[3, 7]
58.8 fp=[7] true=[3] merged=[3, 7]
59.1 fp=[7] true=[3] merged=[3, 7]
59.4 fp=[7] true=[3] merged=[3, 7]
59.7 fp=[7] true=[3] merged=[3, 7]
60.0 fp=[7] true=[3] merged=[3, 7]
60.4 fp=[7] true=[3] merged=[3, 7]
60.7 fp=[7] true=[3] merged=[3, 7]
61.0 fp=[7] true=[3] merged=[3, 7]
61.3 fp=[7] true=[3] merged=[3, 7]
61.6 fp=[7] true=[3] merged=[3, 7]
62.0 fp=[7] true=[3] merged=[3, 7]
62.3 fp=[7] true=[3] merged=[3, 7]
62.6 fp=[7] true=[3] merged=[3, 7]
62.9 fp=[7] true=[3] merged=[3, 7]
63.2 fp=[7] true=[3] merged=[3, 7]
63.5 fp=[7] true=[3] merged=[3, 7]
63.8 fp=[7] true=[3] merged=[3, 7]
64.1 fp=[7] true=[3] merged=[3, 7]
64.4 fp=[7] true=[3] merged=[3, 7]
64.8 fp=[7] true=[3] merged=[3, 7]
65.1 fp=[7] true=[3] merged=[3, 7]
65.4 fp=[7] true=[3] merged=[3, 7]
65.7 fp=[7] true=[3] merged=[3, 7]
66.0 fp=[7] true=[3] merged=[3, 7]
66.3 fp=[7] true=[3] merged=[3, 7]
66.6 fp=[7] true=[3] merged=[3, 7]
67.0 fp=[7] true=[3] merged=[3, 7]
67.3 fp=[7] true=[3] merged=[3, 7]
67.6 fp=[7] true=[3] merged=[3, 7]
67.9 fp=[7] true=[3] merged=[3, 7]
68.2 fp=[7] true=[3] merged=[3, 7]
68.5 fp=[7] true=[3] merged=[3, 7]
68.8 fp=[7] true=[3] merged=[3, 7]
69.1 fp=[7] true=[3] merged=[3, 7]
69.4 fp=[7] true=[3] merged=[3, 7]
69.8 fp=[7] true=[3] merged=[3, 7]
70.1 fp=[7] true=[3] merged=[3, 7]
70.4 fp=[7] true=[3] merged=[3, 7]
70.7 fp=[7] true=[3] merged=[3, 7]
71.0 fp=[7] true=[3] merged=[3, 7]
71.3 fp=[7] true=[3] merged=[3, 7]
71.6 fp=[7] true=[3] merged=[3, 7]
71.9 fp=[7] true=[3] merged=[3, 7]
72.3 fp=[7] true=[3] merged=[3, 7]
72.6 fp=[7] true=[3] merged=[3, 7]
72.9 fp=[7] true=[3] merged=[3, 7]
73.2 fp=[7] true=[3] merged=[3, 7]
73.5 fp=[7] true=[3] merged=[3, 7]
73.8 fp=[7] true=[3] merged=[3, 7]
74.2 fp=[7] true=[3] merged=[3, 7]
74.5 fp=[7] true=[3] merged=[3, 7]
74.8 fp=[7] true=[3] merged=[3, 7]
75.1 fp=[7] true=[3] merged=[3, 7]
75.4 fp=[7] true=[3] merged=[3, 7]
75.7 fp=[7] true=[3] merged=[3, 7]
76.0 fp=[7] true=[3] merged=[3, 7]
76.4 fp=[7] true=[3] merged=[3, 7]
76.7 fp=[7] true=[3] merged=[3, 7]
77.0 fp=[7] true=[3] merged=[3, 7]
77.3 fp=[7] true=[3] merged=[3, 7]
77.6 fp=[7] true=[3] merged=[3, 7]
77.9 fp=[7] true=[3] merged=[3, 7]
78.2 fp=[7] true=[3] merged=[3, 7]
78.5 fp=[7] true=[3] merged=[3, 7]
78.8 fp=[7] true=[3] merged=[3, 7]
79.1 fp=[7] true=[3] merged=[3, 7]
79.4 fp=[7] true=[3] merged=[3, 7]
79.8 fp=[7] true=[3] merged=[3, 7]
80.1 fp=[7] true=[3] merged=[3, 7]
80.4 fp=[7] true=[3] merged=[3, 7]
80.7 fp=[7] true=[3] merged=[3, 7]
81.0 fp=[7] true=[3] merged=[3, 7]
81.3 fp=[7] true=[3] merged=[3, 7]
81.6 fp=[7] true=[3] merged=[3, 7]
81.9 fp=[7] true=[3] merged=[3, 7]
82.3 fp=[7] true=[3] merged=[3, 7]
82.6 fp=[7] true=[3] merged=[3, 7]
82.9 fp=[7] true=[3] merged=[3, 7]
103.2 fp=[4] true=[3] merged=[3, 4]
103.5 fp=[4] true=[3] merged=[3, 4]
103.8 fp=[4] true=[3] merged=[3, 4]
104.1 fp=[4] true=[3] merged=[3, 4]
104.4 fp=[4] true=[3] merged=[3, 4]
104.7 fp=[4] true=[3] merged=[3, 4]
105.1 fp=[4] true=[3] merged=[3, 4]
105.4 fp=[4] true=[3] merged=[3, 4]
105.7 fp=[4] true=[3] merged=[3, 4]
106.0 fp=[4] true=[3] merged=[3, 4]
106.3 fp=[4] true=[3] merged=[3, 4]
106.6 fp=[4] true=[3] merged=[3, 4]
106.9 fp=[4] true=[3] merged=[3, 4]
107.2 fp=[4] true=[3] merged=[3, 4]
107.5 fp=[4] true=[3] merged=[3, 4]
107.9 fp=[4] true=[3] merged=[3, 4]
108.2 fp=[4] true=[3] merged=[3, 4]
108.5 fp=[4] true=[3] merged=[3, 4]
108.9 fp=[4] true=[3] merged=[3, 4]
109.2 fp=[4] true=[3] merged=[3, 4]
109.5 fp=[4] true=[3] merged=[3, 4]
109.8 fp=[4] true=[3] merged=[3, 4]
110.1 fp=[4] true=[3] merged=[3, 4]
110.4 fp=[4] true=[3] merged=[3, 4]
110.7 fp=[4] true=[3] merged=[3, 4]
111.1 fp=[1] true=[3] merged=[1, 3]
111.4 fp=[1] true=[3] merged=[1, 3]
111.7 fp=[1] true=[3] merged=[1, 3]
112.0 fp=[1] true=[3] merged=[1, 3]
112.3 fp=[1] true=[3] merged=[1, 3]
112.6 fp=[1] true=[3] merged=[1, 3]
112.9 fp=[1] true=[3] merged=[1, 3]
113.2 fp=[1] true=[3] merged=[1, 3]
113.5 fp=[1] true=[3] merged=[1, 3]
113.9 fp=[1] true=[3] merged=[1, 3]
114.2 fp=[1] true=[3] merged=[1, 3]
114.5 fp=[1] true=[3] merged=[1, 3]
114.8 fp=[1] true=[3] merged=[1, 3]
115.1 fp=[1] true=[3] merged=[1, 3]
115.4 fp=[1] true=[3] merged=[1, 3]
115.7 fp=[1] true=[3] merged=[1, 3]
116.1 fp=[1] true=[3] merged=[1, 3]
116.4 fp=[1] true=[3] merged=[1, 3]
116.7 fp=[1] true=[3] merged=[1, 3]
117.0 fp=[1] true=[3] merged=[1, 3]
117.3 fp=[1] true=[3] merged=[1, 3]
117.6 fp=[1] true=[3] merged=[1, 3]
117.9 fp=[1] true=[3] merged=[1, 3]
118.2 fp=[1] true=[3] merged=[1, 3]
118.6 fp=[1] true=[3] merged=[1, 3]
118.9 fp=[1] true=[3] merged=[1, 3]
119.2 fp=[1] true=[3] merged=[1, 3]
119.5 fp=[1] true=[3] merged=[1, 3]
119.8 fp=[1] true=[3] merged=[1, 3]
120.2 fp=[1] true=[3] merged=[1, 3]
120.5 fp=[1] true=[3] merged=[1, 3]
120.8 fp=[1] true=[3] merged=[1, 3]
121.1 fp=[1] true=[3] merged=[1, 3]
121.4 fp=[1] true=[3] merged=[1, 3]
121.7 fp=[1] true=[3] merged=[1, 3]
122.1 fp=[1] true=[3] merged=[1, 3]
122.4 fp=[1] true=[3] merged=[1, 3]
122.7 fp=[1] true=[3] merged=[1, 3]
123.0 fp=[1] true=[3] merged=[1, 3]
123.3 fp=[1] true=[3] merged=[1, 3]
123.6 fp=[1] true=[3] merged=[1, 3]
123.9 fp=[1] true=[3] merged=[1, 3]
124.2 fp=[1] true=[3] merged=[1, 3]
124.5 fp=[1] true=[3] merged=[1, 3]
124.9 fp=[1] true=[3] merged=[1, 3]
125.2 fp=[1] true=[3] merged=[1, 3]
125.5 fp=[1] true=[3] merged=[1, 3]
125.8 fp=[1] true=[3] merged=[1, 3]
126.1 fp=[1] true=[3] merged=[1, 3]
126.4 fp=[1] true=[3] merged=[1, 3]
126.7 fp=[1] true=[3] merged=[1, 3]
127.0 fp=[1] true=[3] merged=[1, 3]
127.3 fp=[1] true=[3] merged=[1, 3]
127.7 fp=[1] true=[3] merged=[1, 3]
128.0 fp=[1] true=[3] merged=[1, 3]
128.3 fp=[1] true=[3] merged=[1, 3]
128.6 fp=[1] true=[3] merged=[1, 3]
128.9 fp=[1] true=[3] merged=[1, 3]
129.2 fp=[1] true=[3] merged=[1, 3]
129.6 fp=[1] true=[3] merged=[1, 3]
129.9 fp=[1] true=[3] merged=[1, 3]
130.2 fp=[1] true=[3] merged=[1, 3]
130.5 fp=[1] true=[3] merged=[1, 3]
130.8 fp=[1] true=[3] merged=[1, 3]
131.1 fp=[2] true=[3] merged=[2, 3]
131.4 fp=[2] true=[3] merged=[2, 3]
131.7 fp=[2] true=[3] merged=[2, 3]
132.1 fp=[2] true=[3] merged=[2, 3]
132.4 fp=[2] true=[3] merged=[2, 3]
132.7 fp=[2] true=[3] merged=[2, 3]
133.0 fp=[2] true=[3] merged=[2, 3]
133.3 fp=[2] true=[3] merged=[2, 3]
133.7 fp=[2] true=[3] merged=[2, 3]
134.0 fp=[2] true=[3] merged=[2, 3]
134.3 fp=[2] true=[3] merged=[2, 3]
134.6 fp=[2] true=[3] merged=[2, 3]
134.9 fp=[2] true=[3] merged=[2, 3]
135.2 fp=[2] true=[3] merged=[2, 3]
135.5 fp=[2] true=[3] merged=[2, 3]
135.8 fp=[2] true=[3] merged=[2, 3]
136.1 fp=[7] true=[3] merged=[3, 7]
136.4 fp=[7] true=[3] merged=[3, 7]
136.8 fp=[7] true=[3] merged=[3, 7]
137.1 fp=[7] true=[3] merged=[3, 7]
137.4 fp=[7] true=[3] merged=[3, 7]
137.7 fp=[7] true=[3] merged=[3, 7]
138.0 fp=[7] true=[3] merged=[3, 7]
138.3 fp=[7] true=[3] merged=[3, 7]
138.6 fp=[7] true=[3] merged=[3, 7]
139.0 fp=[7] true=[3] merged=[3, 7]
139.3 fp=[7] true=[3] merged=[3, 7]
139.6 fp=[7] true=[3] merged=[3, 7]
139.9 fp=[7] true=[3] merged=[3, 7]
140.2 fp=[7] true=[3] merged=[3, 7]
140.5 fp=[7] true=[3] merged=[3, 7]
140.8 fp=[7] true=[3] merged=[3, 7]
141.2 fp=[7] true=[3] merged=[3, 7]
141.5 fp=[7] true=[3] merged=[3, 7]
141.8 fp=[7] true=[3] merged=[3, 7]
142.1 fp=[7] true=[3] merged=[3, 7]
142.4 fp=[7] true=[3] merged=[3, 7]
142.7 fp=[7] true=[3] merged=[3, 7]
143.1 fp=[7] true=[3] merged=[3, 7]
143.4 fp=[7] true=[3] merged=[3, 7]
143.7 fp=[7] true=[3] merged=[3, 7]
144.0 fp=[7] true=[3] merged=[3, 7]
144.3 fp=[7] true=[3] merged=[3, 7]
144.6 fp=[7] true=[3] merged=[3, 7]
144.9 fp=[7] true=[3] merged=[3, 7]
145.3 fp=[7] true=[3] merged=[3, 7]
145.6 fp=[7] true=[3] merged=[3, 7]
145.9 fp=[7] true=[3] merged=[3, 7]
146.2 fp=[7] true=[3] merged=[3, 7]
146.5 fp=[7] true=[3] merged=[3, 7]
146.8 fp=[7] true=[3] merged=[3, 7]
147.1 fp=[7] true=[3] merged=[3, 7]
147.4 fp=[7] true=[3] merged=[3, 7]
147.8 fp=[7] true=[3] merged=[3, 7]
148.1 fp=[7] true=[3] merged=[3, 7]
148.4 fp=[7] true=[3] merged=[3, 7]
148.7 fp=[7] true=[3] merged=[3, 7]
149.0 fp=[7] true=[3] merged=[3, 7]
149.3 fp=[7] true=[3] merged=[3, 7]
149.7 fp=[7] true=[3] merged=[3, 7]
150.0 fp=[7] true=[3] merged=[3, 7]
154.0 fp=[2] true=[3] merged=[2, 3]
154.3 fp=[2] true=[3] merged=[2, 3]
154.7 fp=[2] true=[3] merged=[2, 3]
155.0 fp=[2] true=[3] merged=[2, 3]
155.3 fp=[2] true=[3] merged=[2, 3]
155.6 fp=[2] true=[3] merged=[2, 3]
155.9 fp=[2] true=[3] merged=[2, 3]
156.2 fp=[2] true=[3] merged=[2, 3]
156.5 fp=[2] true=[3] merged=[2, 3]
156.9 fp=[2] true=[3] merged=[2, 3]
157.2 fp=[2] true=[3] merged=[2, 3]
157.5 fp=[2] true=[3] merged=[2, 3]
157.8 fp=[2] true=[3] merged=[2, 3]
158.1 fp=[2] true=[3] merged=[2, 3]
158.4 fp=[2] true=[3] merged=[2, 3]
158.8 fp=[2] true=[3] merged=[2, 3]
159.1 fp=[2] true=[3] merged=[2, 3]
159.4 fp=[2] true=[3] merged=[2, 3]
159.7 fp=[2] true=[3] merged=[2, 3]
160.0 fp=[2] true=[3] merged=[2, 3]
160.3 fp=[2] true=[3] merged=[2, 3]
160.7 fp=[2] true=[3] merged=[2, 3]
161.0 fp=[2] true=[3] merged=[2, 3]
161.3 fp=[2] true=[3] merged=[2, 3]
161.6 fp=[2] true=[3] merged=[2, 3]
161.9 fp=[2] true=[3] merged=[2, 3]
162.3 fp=[2] true=[3] merged=[2, 3]
162.6 fp=[2] true=[3] merged=[2, 3]
162.9 fp=[2] true=[3] merged=[2, 3]
163.2 fp=[2] true=[3] merged=[2, 3]
163.5 fp=[2] true=[3] merged=[2, 3]
163.8 fp=[2] true=[3] merged=[2, 3]
164.1 fp=[2] true=[3] merged=[2, 3]
164.5 fp=[2] true=[3] merged=[2, 3]
164.8 fp=[2] true=[3] merged=[2, 3]
165.2 fp=[2] true=[3] merged=[2, 3]
165.5 fp=[2] true=[3] merged=[2, 3]
165.8 fp=[2] true=[3] merged=[2, 3]
166.1 fp=[2] true=[3] merged=[2, 3]
166.4 fp=[2] true=[3] merged=[2, 3]
166.8 fp=[2] true=[3] merged=[2, 3]
167.1 fp=[2] true=[3] merged=[2, 3]
167.4 fp=[2] true=[3] merged=[2, 3]
167.8 fp=[2] true=[3] merged=[2, 3]
168.1 fp=[2] true=[3] merged=[2, 3]
168.4 fp=[2] true=[3] merged=[2, 3]
168.7 fp=[2] true=[3] merged=[2, 3]
169.0 fp=[2] true=[3] merged=[2, 3]
169.3 fp=[2] true=[3] merged=[2, 3]
169.6 fp=[2] true=[3] merged=[2, 3]
169.9 fp=[2] true=[3] merged=[2, 3]
170.3 fp=[2] true=[3] merged=[2, 3]
170.6 fp=[2] true=[3] merged=[2, 3]
170.9 fp=[2] true=[3] merged=[2, 3]
171.2 fp=[2] true=[3] merged=[2, 3]
171.5 fp=[2] true=[3] merged=[2, 3]
171.8 fp=[2] true=[3] merged=[2, 3]
172.1 fp=[2] true=[3] merged=[2, 3]
172.4 fp=[2] true=[3] merged=[2, 3]
172.7 fp=[2] true=[3] merged=[2, 3]
173.1 fp=[2] true=[3] merged=[2, 3]
173.4 fp=[2] true=[3] merged=[2, 3]
173.7 fp=[2] true=[3] merged=[2, 3]
174.0 fp=[6] true=[3] merged=[3, 6]
174.3 fp=[6] true=[3] merged=[3, 6]
174.7 fp=[6] true=[3] merged=[3, 6]
175.0 fp=[6] true=[3] merged=[3, 6]
175.3 fp=[6] true=[3] merged=[3, 6]
175.6 fp=[6] true=[3] merged=[3, 6]
175.9 fp=[6] true=[3] merged=[3, 6]
176.2 fp=[2] true=[3] merged=[2, 3]
176.5 fp=[2] true=[3] merged=[2, 3]
176.8 fp=[2] true=[3] merged=[2, 3]
177.1 fp=[2] true=[3] merged=[2, 3]
177.5 fp=[2] true=[3] merged=[2, 3]
177.8 fp=[2] true=[3] merged=[2, 3]
178.1 fp=[2] true=[3] merged=[2, 3]
178.4 fp=[2] true=[3] merged=[2, 3]
178.7 fp=[2] true=[3] merged=[2, 3]
179.0 fp=[2] true=[3] merged=[2, 3]
179.3 fp=[2] true=[3] merged=[2, 3]
179.7 fp=[2] true=[3] merged=[2, 3]
180.0 fp=[2] true=[3] merged=[2, 3]
180.3 fp=[2] true=[3] merged=[2, 3]
180.6 fp=[2] true=[3] merged=[2, 3]
180.9 fp=[2] true=[3] merged=[2, 3]
181.2 fp=[2] true=[3] merged=[2, 3]
181.5 fp=[2] true=[3] merged=[2, 3]
181.9 fp=[2] true=[3] merged=[2, 3]
182.2 fp=[2] true=[3] merged=[2, 3]
182.5 fp=[2] true=[3] merged=[2, 3]
182.8 fp=[2] true=[3] merged=[2, 3]
183.1 fp=[2] true=[3] merged=[2, 3]
183.4 fp=[2] true=[3] merged=[2, 3]
183.7 fp=[2] true=[3] merged=[2, 3]
184.0 fp=[2] true=[3] merged=[2, 3]
184.3 fp=[2] true=[3] merged=[2, 3]
184.7 fp=[2] true=[3] merged=[2, 3]
185.0 fp=[2] true=[3] merged=[2, 3]
185.3 fp=[2] true=[3] merged=[2, 3]
185.6 fp=[2] true=[3] merged=[2, 3]
185.9 fp=[2] true=[3] merged=[2, 3]
186.2 fp=[2] true=[3] merged=[2, 3]
186.5 fp=[2] true=[3] merged=[2, 3]
186.9 fp=[2] true=[3] merged=[2, 3]
187.2 fp=[2] true=[3] merged=[2, 3]
187.5 fp=[2] true=[3] merged=[2, 3]
187.8 fp=[2] true=[3] merged=[2, 3]
188.1 fp=[2] true=[3] merged=[2, 3]
188.4 fp=[2] true=[3] merged=[2, 3]
188.7 fp=[2] true=[3] merged=[2, 3]
189.0 fp=[2] true=[3] merged=[2, 3]
189.4 fp=[2] true=[3] merged=[2, 3]
189.7 fp=[2] true=[3] merged=[2, 3]
190.0 fp=[2] true=[3] merged=[2, 3]
190.3 fp=[2] true=[3] merged=[2, 3]
190.6 fp=[2] true=[3] merged=[2, 3]
190.9 fp=[2] true=[3] merged=[2, 3]
191.2 fp=[2] true=[3] merged=[2, 3]
191.5 fp=[2] true=[3] merged=[2, 3]
191.9 fp=[2] true=[3] merged=[2, 3]
192.2 fp=[2] true=[3] merged=[2, 3]
192.5 fp=[2] true=[3] merged=[2, 3]
192.8 fp=[2] true=[3] merged=[2, 3]
193.1 fp=[2] true=[3] merged=[2, 3]
193.4 fp=[2] true=[3] merged=[2, 3]
193.7 fp=[2] true=[3] merged=[2, 3]
194.0 fp=[2] true=[3] merged=[2, 3]
194.3 fp=[2] true=[3] merged=[2, 3]
194.7 fp=[2] true=[3] merged=[2, 3]
195.0 fp=[2] true=[3] merged=[2, 3]
195.3 fp=[2] true=[3] merged=[2, 3]
195.6 fp=[2] true=[3] merged=[2, 3]
195.9 fp=[2] true=[3] merged=[2, 3]
196.2 fp=[2] true=[3] merged=[2, 3]
196.5 fp=[2] true=[3] merged=[2, 3]
196.8 fp=[2] true=[3] merged=[2, 3]
197.2 fp=[2] true=[3] merged=[2, 3]
197.5 fp=[2] true=[3] merged=[2, 3]
197.8 fp=[2] true=[3] merged=[2, 3]
198.1 fp=[2] true=[3] merged=[2, 3]
198.4 fp=[2] true=[3] merged=[2, 3]
198.7 fp=[2] true=[3] merged=[2, 3]
199.0 fp=[2] true=[3] merged=[2, 3]
199.3 fp=[2] true=[3] merged=[2, 3]
199.6 fp=[2] true=[3] merged=[2, 3]
200.0 fp=[2] true=[3] merged=[2, 3]
200.3 fp=[2] true=[3] merged=[2, 3]
200.6 fp=[2] true=[3] merged=[2, 3]
200.9 fp=[2] true=[3] merged=[2, 3]
201.2 fp=[2] true=[3] merged=[2, 3]
201.5 fp=[2] true=[3] merged=[2, 3]
201.8 fp=[2] true=[3] merged=[2, 3]
202.1 fp=[2] true=[3] merged=[2, 3]
202.5 fp=[2] true=[3] merged=[2, 3]
202.8 fp=[2] true=[3] merged=[2, 3]
203.1 fp=[2] true=[3] merged=[2, 3]
203.4 fp=[2] true=[3] merged=[2, 3]
203.7 fp=[2] true=[3] merged=[2, 3]
204.0 fp=[2] true=[3] merged=[2, 3]
204.3 fp=[2] true=[3] merged=[2, 3]
204.6 fp=[2] true=[3] merged=[2, 3]
204.9 fp=[2] true=[3] merged=[2, 3]
205.3 fp=[4] true=[3] merged=[3, 4]
205.6 fp=[4] true=[3] merged=[3, 4]
205.9 fp=[4] true=[3] merged=[3, 4]
206.2 fp=[4] true=[3] merged=[3, 4]
206.5 fp=[4] true=[3] merged=[3, 4]
206.8 fp=[4] true=[3] merged=[3, 4]
207.1 fp=[4] true=[3] merged=[3, 4]
207.4 fp=[4] true=[3] merged=[3, 4]
207.8 fp=[4] true=[3] merged=[3, 4]
208.1 fp=[4] true=[3] merged=[3, 4]
208.4 fp=[4] true=[3] merged=[3, 4]
208.7 fp=[4] true=[3] merged=[3, 4]
209.0 fp=[4] true=[3] merged=[3, 4]
209.3 fp=[4] true=[3] merged=[3, 4]
209.6 fp=[4] true=[3] merged=[3, 4]
209.9 fp=[4] true=[3] merged=[3, 4]
210.3 fp=[4] true=[3] merged=[3, 4]
210.6 fp=[4] true=[3] merged=[3, 4]
210.9 fp=[4] true=[3] merged=[3, 4]
211.2 fp=[4] true=[3] merged=[3, 4]
211.5 fp=[4] true=[3] merged=[3, 4]
211.8 fp=[4] true=[3] merged=[3, 4]
212.1 fp=[4] true=[3] merged=[3, 4]
212.5 fp=[4] true=[3] merged=[3, 4]
212.8 fp=[4] true=[3] merged=[3, 4]
213.1 fp=[4] true=[3] merged=[3, 4]
213.4 fp=[4] true=[3] merged=[3, 4]
213.7 fp=[4] true=[3] merged=[3, 4]
214.0 fp=[4] true=[3] merged=[3, 4]
214.4 fp=[4] true=[3] merged=[3, 4]
214.7 fp=[4] true=[3] merged=[3, 4]
215.0 fp=[4] true=[3] merged=[3, 4]
215.3 fp=[4] true=[3] merged=[3, 4]
215.6 fp=[4] true=[3] merged=[3, 4]
215.9 fp=[4] true=[3] merged=[3, 4]
216.3 fp=[4] true=[3] merged=[3, 4]
216.6 fp=[4] true=[3] merged=[3, 4]
216.9 fp=[4] true=[3] merged=[3, 4]
217.2 fp=[1] true=[3] merged=[1, 3]
217.5 fp=[1] true=[3] merged=[1, 3]
217.8 fp=[1] true=[3] merged=[1, 3]
218.1 fp=[1] true=[3] merged=[1, 3]
218.4 fp=[1] true=[3] merged=[1, 3]
218.8 fp=[1] true=[3] merged=[1, 3]
219.1 fp=[1] true=[3] merged=[1, 3]
219.4 fp=[1] true=[3] merged=[1, 3]
219.7 fp=[1] true=[3] merged=[1, 3]
220.0 fp=[1] true=[3] merged=[1, 3]
220.4 fp=[1] true=[3] merged=[1, 3]
220.7 fp=[1] true=[3] merged=[1, 3]
221.0 fp=[1] true=[3] merged=[1, 3]
221.3 fp=[1] true=[3] merged=[1, 3]
221.6 fp=[1] true=[3] merged=[1, 3]
221.9 fp=[1] true=[3] merged=[1, 3]
222.2 fp=[1] true=[3] merged=[1, 3]
222.5 fp=[1] true=[3] merged=[1, 3]
222.8 fp=[1] true=[3] merged=[1, 3]
223.2 fp=[1] true=[3] merged=[1, 3]
223.5 fp=[1] true=[3] merged=[1, 3]
223.8 fp=[1] true=[3] merged=[1, 3]
224.1 fp=[1] true=[3] merged=[1, 3]
224.4 fp=[1] true=[3] merged=[1, 3]
224.7 fp=[1] true=[3] merged=[1, 3]
225.1 fp=[1] true=[3] merged=[1, 3]
225.4 fp=[1] true=[3] merged=[1, 3]
225.7 fp=[1] true=[3] merged=[1, 3]
226.0 fp=[1] true=[3] merged=[1, 3]
226.3 fp=[1] true=[3] merged=[1, 3]
226.6 fp=[1] true=[3] merged=[1, 3]
226.9 fp=[1] true=[3] merged=[1, 3]
227.2 fp=[1] true=[3] merged=[1, 3]
227.6 fp=[1] true=[3] merged=[1, 3]
227.9 fp=[1] true=[3] merged=[1, 3]
228.2 fp=[1] true=[3] merged=[1, 3]
228.5 fp=[1] true=[3] merged=[1, 3]
228.8 fp=[1] true=[3] merged=[1, 3]
229.1 fp=[1] true=[3] merged=[1, 3]
229.4 fp=[1] true=[3] merged=[1, 3]
229.8 fp=[1] true=[3] merged=[1, 3]
230.1 fp=[1] true=[3] merged=[1, 3]
230.4 fp=[1] true=[3] merged=[1, 3]
230.7 fp=[1] true=[3] merged=[1, 3]
231.0 fp=[1] true=[3] merged=[1, 3]
231.3 fp=[1] true=[3] merged=[1, 3]
231.6 fp=[1] true=[3] merged=[1, 3]
232.0 fp=[1] true=[3] merged=[1, 3]
232.3 fp=[1] true=[3] merged=[1, 3]
232.6 fp=[1] true=[3] merged=[1, 3]
232.9 fp=[1] true=[3] merged=[1, 3]
233.2 fp=[1] true=[3] merged=[1, 3]
233.5 fp=[1] true=[3] merged=[1, 3]
233.8 fp=[1] true=[3] merged=[1, 3]
234.1 fp=[1] true=[3] merged=[1, 3]
234.5 fp=[1] true=[3] merged=[1, 3]
234.8 fp=[1] true=[3] merged=[1, 3]
235.1 fp=[1] true=[3] merged=[1, 3]
235.4 fp=[1] true=[3] merged=[1, 3]
235.7 fp=[1] true=[3] merged=[1, 3]
236.0 fp=[1] true=[3] merged=[1, 3]
236.4 fp=[1] true=[3] merged=[1, 3]
236.7 fp=[1] true=[3] merged=[1, 3]
237.0 fp=[1] true=[3] merged=[1, 3]
237.3 fp=[1] true=[3] merged=[1, 3]
237.6 fp=[1] true=[3] merged=[1, 3]
237.9 fp=[1] true=[3] merged=[1, 3]
238.2 fp=[1] true=[3] merged=[1, 3]
238.6 fp=[1] true=[3] merged=[1, 3]
238.9 fp=[1] true=[3] merged=[1, 3]
239.2 fp=[1] true=[3] merged=[1, 3]
239.5 fp=[1] true=[3] merged=[1, 3]
239.8 fp=[1] true=[3] merged=[1, 3]
240.1 fp=[1] true=[3] merged=[1, 3]
240.4 fp=[1] true=[3] merged=[1, 3]
240.8 fp=[1] true=[3] merged=[1, 3]
241.1 fp=[1] true=[3] merged=[1, 3]
241.4 fp=[1] true=[3] merged=[1, 3]
241.7 fp=[1] true=[3] merged=[1, 3]
242.0 fp=[2] true=[3] merged=[2, 3]
242.3 fp=[2] true=[3] merged=[2, 3]
242.6 fp=[2] true=[3] merged=[2, 3]
242.9 fp=[2] true=[3] merged=[2, 3]
243.3 fp=[2] true=[3] merged=[2, 3]
243.6 fp=[2] true=[3] merged=[2, 3]
243.9 fp=[2] true=[3] merged=[2, 3]
244.2 fp=[2] true=[3] merged=[2, 3]
244.5 fp=[2] true=[3] merged=[2, 3]
244.8 fp=[2] true=[3] merged=[2, 3]
245.1 fp=[2] true=[3] merged=[2, 3]
245.4 fp=[2] true=[3] merged=[2, 3]
245.7 fp=[2] true=[3] merged=[2, 3]
246.1 fp=[2] true=[3] merged=[2, 3]
246.4 fp=[2] true=[3] merged=[2, 3]
246.7 fp=[2] true=[3] merged=[2, 3]
247.0 fp=[2] true=[3] merged=[2, 3]
247.3 fp=[2] true=[3] merged=[2, 3]
247.6 fp=[2] true=[3] merged=[2, 3]
247.9 fp=[2] true=[3] merged=[2, 3]
248.2 fp=[2] true=[3] merged=[2, 3]
248.5 fp=[2] true=[3] merged=[2, 3]
248.8 fp=[2] true=[3] merged=[2, 3]
249.2 fp=[2] true=[3] merged=[2, 3]
249.5 fp=[2] true=[3] merged=[2, 3]
249.8 fp=[2] true=[3] merged=[2, 3]
250.1 fp=[2] true=[3] merged=[2, 3]
250.4 fp=[2] true=[3] merged=[2, 3]
250.8 fp=[2] true=[3] merged=[2, 3]
251.1 fp=[2] true=[3] merged=[2, 3]
251.4 fp=[2] true=[3] merged=[2, 3]
251.7 fp=[2] true=[3] merged=[2, 3]
252.0 fp=[2] true=[3] merged=[2, 3]
252.3 fp=[2] true=[3] merged=[2, 3]
252.6 fp=[2] true=[3] merged=[2, 3]
252.9 fp=[2] true=[3] merged=[2, 3]
253.3 fp=[2] true=[3] merged=[2, 3]
253.6 fp=[2] true=[3] merged=[2, 3]
253.9 fp=[2] true=[3] merged=[2, 3]
254.2 fp=[2] true=[3] merged=[2, 3]
254.6 fp=[2] true=[3] merged=[2, 3]
254.9 fp=[2] true=[3] merged=[2, 3]
255.2 fp=[2] true=[3] merged=[2, 3]
255.5 fp=[2] true=[3] merged=[2, 3]
255.8 fp=[2] true=[3] merged=[2, 3]
256.1 fp=[2] true=[3] merged=[2, 3]
256.4 fp=[2] true=[3] merged=[2, 3]
256.7 fp=[2] true=[3] merged=[2, 3]
257.0 fp=[2] true=[3] merged=[2, 3]
257.4 fp=[2] true=[3] merged=[2, 3]
257.7 fp=[2] true=[3] merged=[2, 3]
258.0 fp=[2] true=[3] merged=[2, 3]
258.3 fp=[2] true=[3] merged=[2, 3]
258.6 fp=[2] true=[3] merged=[2, 3]
258.9 fp=[2] true=[3] merged=[2, 3]
259.3 fp=[2] true=[3] merged=[2, 3]
259.6 fp=[2] true=[3] merged=[2, 3]
259.9 fp=[2] true=[3] merged=[2, 3]
260.2 fp=[7] true=[3] merged=[3, 7]
260.5 fp=[7] true=[3] merged=[3, 7]
260.8 fp=[7] true=[3] merged=[3, 7]
261.1 fp=[7] true=[3] merged=[3, 7]
261.4 fp=[7] true=[3] merged=[3, 7]
261.7 fp=[7] true=[3] merged=[3, 7]
262.1 fp=[7] true=[3] merged=[3, 7]
262.4 fp=[7] true=[3] merged=[3, 7]
262.7 fp=[7] true=[3] merged=[3, 7]
263.0 fp=[7] true=[3] merged=[3, 7]
263.3 fp=[7] true=[3] merged=[3, 7]
263.6 fp=[7] true=[3] merged=[3, 7]
264.0 fp=[7] true=[3] merged=[3, 7]
264.3 fp=[7] true=[3] merged=[3, 7]
264.6 fp=[7] true=[3] merged=[3, 7]
264.9 fp=[7] true=[3] merged=[3, 7]
265.2 fp=[6] true=[3] merged=[3, 6]
265.5 fp=[6] true=[3] merged=[3, 6]
265.9 fp=[6] true=[3] merged=[3, 6]
266.2 fp=[6] true=[3] merged=[3, 6]
266.5 fp=[6] true=[3] merged=[3, 6]
266.8 fp=[6] true=[3] merged=[3, 6]
267.1 fp=[6] true=[3] merged=[3, 6]
267.4 fp=[6] true=[3] merged=[3, 6]
267.7 fp=[6] true=[3] merged=[3, 6]
268.1 fp=[6] true=[3] merged=[3, 6]
268.4 fp=[6] true=[3] merged=[3, 6]
268.7 fp=[6] true=[3] merged=[3, 6]
269.0 fp=[6] true=[3] merged=[3, 6]
269.3 fp=[5] true=[3] merged=[3, 5]
269.6 fp=[5] true=[3] merged=[3, 5]
270.0 fp=[5] true=[3] merged=[3, 5]
270.3 fp=[5] true=[3] merged=[3, 5]
270.6 fp=[5] true=[3] merged=[3, 5]
270.9 fp=[5] true=[3] merged=[3, 5]
271.2 fp=[2] true=[3] merged=[2, 3]
271.5 fp=[2] true=[3] merged=[2, 3]
271.8 fp=[2] true=[3] merged=[2, 3]
272.1 fp=[2] true=[3] merged=[2, 3]
272.5 fp=[2] true=[3] merged=[2, 3]
272.8 fp=[2] true=[3] merged=[2, 3]
273.1 fp=[2] true=[3] merged=[2, 3]
273.4 fp=[2] true=[3] merged=[2, 3]
273.7 fp=[2] true=[3] merged=[2, 3]
274.0 fp=[2] true=[3] merged=[2, 3]
274.3 fp=[2] true=[3] merged=[2, 3]
274.6 fp=[2] true=[3] merged=[2, 3]
274.9 fp=[2] true=[3] merged=[2, 3]
275.3 fp=[2] true=[3] merged=[2, 3]
275.6 fp=[2] true=[3] merged=[2, 3]
275.9 fp=[2] true=[3] merged=[2, 3]
276.2 fp=[2] true=[3] merged=[2, 3]
276.5 fp=[2] true=[3] merged=[2, 3]
276.8 fp=[2] true=[3] merged=[2, 3]
277.1 fp=[2] true=[3] merged=[2, 3]
277.5 fp=[2] true=[3] merged=[2, 3]
277.8 fp=[2] true=[3] merged=[2, 3]
278.1 fp=[2] true=[3] merged=[2, 3]
278.4 fp=[2] true=[3] merged=[2, 3]
278.7 fp=[2] true=[3] merged=[2, 3]
279.0 fp=[2] true=[3] merged=[2, 3]
279.4 fp=[2] true=[3] merged=[2, 3]
279.7 fp=[2] true=[3] merged=[2, 3]
280.0 fp=[2] true=[3] merged=[2, 3]
280.3 fp=[2] true=[3] merged=[2, 3]
280.6 fp=[2] true=[3] merged=[2, 3]
280.9 fp=[2] true=[3] merged=[2, 3]
281.2 fp=[2] true=[3] merged=[2, 3]
281.5 fp=[2] true=[3] merged=[2, 3]
281.8 fp=[2] true=[3] merged=[2, 3]
282.1 fp=[2] true=[3] merged=[2, 3]
282.5 fp=[2] true=[3] merged=[2, 3]
282.8 fp=[2] true=[3] merged=[2, 3]
283.1 fp=[2] true=[3] merged=[2, 3]
283.4 fp=[2] true=[3] merged=[2, 3]
283.7 fp=[2] true=[3] merged=[2, 3]
284.0 fp=[2] true=[3] merged=[2, 3]
284.4 fp=[2] true=[3] merged=[2, 3]
284.7 fp=[2] true=[3] merged=[2, 3]
285.0 fp=[2] true=[3] merged=[2, 3]
285.3 fp=[2] true=[3] merged=[2, 3]
285.6 fp=[2] true=[3] merged=[2, 3]
285.9 fp=[2] true=[3] merged=[2, 3]
286.3 fp=[2] true=[3] merged=[2, 3]
286.6 fp=[2] true=[3] merged=[2, 3]
286.9 fp=[2] true=[3] merged=[2, 3]
287.2 fp=[2] true=[3] merged=[2, 3]
287.5 fp=[2] true=[3] merged=[2, 3]
287.8 fp=[2] true=[3] merged=[2, 3]
288.1 fp=[2] true=[3] merged=[2, 3]
288.4 fp=[2] true=[3] merged=[2, 3]
288.8 fp=[2] true=[3] merged=[2, 3]
289.1 fp=[2] true=[3] merged=[2, 3]
289.4 fp=[2] true=[3] merged=[2, 3]
289.7 fp=[2] true=[3] merged=[2, 3]
290.0 fp=[2] true=[3] merged=[2, 3]
290.3 fp=[2] true=[3] merged=[2, 3]
290.7 fp=[2] true=[3] merged=[2, 3]
291.0 fp=[2] true=[3] merged=[2, 3]
291.3 fp=[2] true=[3] merged=[2, 3]
291.6 fp=[2] true=[3] merged=[2, 3]
291.9 fp=[2] true=[3] merged=[2, 3]
292.2 fp=[2] true=[3] merged=[2, 3]
292.5 fp=[2] true=[3] merged=[2, 3]
292.9 fp=[2] true=[3] merged=[2, 3]
293.2 fp=[2] true=[3] merged=[2, 3]
293.5 fp=[2] true=[3] merged=[2, 3]
293.8 fp=[2] true=[3] merged=[2, 3]
294.1 fp=[2] true=[3] merged=[2, 3]
294.4 fp=[2] true=[3] merged=[2, 3]
294.7 fp=[2] true=[3] merged=[2, 3]
295.0 fp=[2] true=[3] merged=[2, 3]
295.4 fp=[2] true=[3] merged=[2, 3]
295.7 fp=[2] true=[3] merged=[2, 3]
296.0 fp=[2] true=[3] merged=[2, 3]
296.3 fp=[2] true=[3] merged=[2, 3]
296.6 fp=[2] true=[3] merged=[2, 3]
296.9 fp=[2] true=[3] merged=[2, 3]
297.2 fp=[7] true=[3] merged=[3, 7]
297.5 fp=[7] true=[3] merged=[3, 7]
297.8 fp=[7] true=[3] merged=[3, 7]
298.2 fp=[7] true=[3] merged=[3, 7]
298.5 fp=[7] true=[3] merged=[3, 7]
298.8 fp=[7] true=[3] merged=[3, 7]
299.1 fp=[7] true=[3] merged=[3, 7]
299.4 fp=[7] true=[3] merged=[3, 7]
299.7 fp=[7] true=[3] merged=[3, 7]
300.0 fp=[7] true=[3] merged=[3, 7]
300.3 fp=[7] true=[3] merged=[3, 7]
300.7 fp=[7] true=[3] merged=[3, 7]
301.0 fp=[7] true=[3] merged=[3, 7]
301.3 fp=[7] true=[3] merged=[3, 7]
301.6 fp=[7] true=[3] merged=[3, 7]
301.9 fp=[7] true=[3] merged=[3, 7]
302.2 fp=[7] true=[3] merged=[3, 7]
302.5 fp=[7] true=[3] merged=[3, 7]
302.9 fp=[7] true=[3] merged=[3, 7]
303.2 fp=[7] true=[3] merged=[3, 7]
303.5 fp=[7] true=[3] merged=[3, 7]
303.8 fp=[7] true=[3] merged=[3, 7]
304.1 fp=[7] true=[3] merged=[3, 7]
304.4 fp=[7] true=[3] merged=[3, 7]
304.7 fp=[7] true=[3] merged=[3, 7]
305.0 fp=[7] true=[3] merged=[3, 7]
305.4 fp=[7] true=[3] merged=[3, 7]
305.7 fp=[7] true=[3] merged=[3, 7]
306.0 fp=[7] true=[3] merged=[3, 7]
306.3 fp=[7] true=[3] merged=[3, 7]
306.6 fp=[7] true=[3] merged=[3, 7]
306.9 fp=[7] true=[3] merged=[3, 7]
307.2 fp=[7] true=[3] merged=[3, 7]
307.5 fp=[7] true=[3] merged=[3, 7]
307.8 fp=[7] true=[3] merged=[3, 7]
308.2 fp=[7] true=[3] merged=[3, 7]
308.5 fp=[7] true=[3] merged=[3, 7]
308.8 fp=[7] true=[3] merged=[3, 7]
309.1 fp=[7] true=[3] merged=[3, 7]
309.4 fp=[7] true=[3] merged=[3, 7]
309.8 fp=[7] true=[3] merged=[3, 7]
310.1 fp=[7] true=[3] merged=[3, 7]
310.4 fp=[7] true=[3] merged=[3, 7]
310.7 fp=[7] true=[3] merged=[3, 7]
311.0 fp=[7] true=[3] merged=[3, 7]
311.3 fp=[7] true=[3] merged=[3, 7]
311.6 fp=[7] true=[3] merged=[3, 7]
312.0 fp=[7] true=[3] merged=[3, 7]
312.3 fp=[7] true=[3] merged=[3, 7]
312.6 fp=[7] true=[3] merged=[3, 7]
312.9 fp=[7] true=[3] merged=[3, 7]
313.2 fp=[7] true=[3] merged=[3, 7]
313.6 fp=[7] true=[3] merged=[3, 7]
313.9 fp=[7] true=[3] merged=[3, 7]
314.2 fp=[7] true=[3] merged=[3, 7]
314.5 fp=[7] true=[3] merged=[3, 7]
314.8 fp=[7] true=[3] merged=[3, 7]
315.1 fp=[7] true=[3] merged=[3, 7]
315.4 fp=[7] true=[3] merged=[3, 7]
315.7 fp=[7] true=[3] merged=[3, 7]
316.1 fp=[7] true=[3] merged=[3, 7]
316.4 fp=[7] true=[3] merged=[3, 7]
316.7 fp=[7] true=[3] merged=[3, 7]
320.1 fp=[5] true=[3] merged=[3, 5]
320.4 fp=[5] true=[3] merged=[3, 5]
320.8 fp=[5] true=[3] merged=[3, 5]
321.1 fp=[5] true=[3] merged=[3, 5]
321.4 fp=[5] true=[3] merged=[3, 5]
321.7 fp=[5] true=[3] merged=[3, 5]
322.0 fp=[1] true=[3] merged=[1, 3]
322.3 fp=[1] true=[3] merged=[1, 3]
322.6 fp=[1] true=[3] merged=[1, 3]
323.0 fp=[1] true=[3] merged=[1, 3]
323.3 fp=[1] true=[3] merged=[1, 3]
323.6 fp=[1] true=[3] merged=[1, 3]
323.9 fp=[1] true=[3] merged=[1, 3]
324.2 fp=[1] true=[3] merged=[1, 3]
324.5 fp=[1] true=[3] merged=[1, 3]
324.8 fp=[1] true=[3] merged=[1, 3]
325.2 fp=[1] true=[3] merged=[1, 3]
325.5 fp=[1] true=[3] merged=[1, 3]
325.8 fp=[1] true=[3] merged=[1, 3]
326.1 fp=[1] true=[3] merged=[1, 3]
326.4 fp=[1] true=[3] merged=[1, 3]
326.7 fp=[1] true=[3] merged=[1, 3]
327.0 fp=[1] true=[3] merged=[1, 3]
327.3 fp=[1] true=[3] merged=[1, 3]
327.6 fp=[1] true=[3] merged=[1, 3]
327.9 fp=[1] true=[3] merged=[1, 3]
328.3 fp=[1] true=[3] merged=[1, 3]
328.6 fp=[1] true=[3] merged=[1, 3]
328.9 fp=[1] true=[3] merged=[1, 3]
329.2 fp=[1] true=[3] merged=[1, 3]
329.6 fp=[1] true=[3] merged=[1, 3]
329.9 fp=[1] true=[3] merged=[1, 3]
330.2 fp=[1] true=[3] merged=[1, 3]
330.5 fp=[1] true=[3] merged=[1, 3]
330.8 fp=[1] true=[3] merged=[1, 3]
331.2 fp=[1] true=[3] merged=[1, 3]
331.5 fp=[1] true=[3] merged=[1, 3]
331.8 fp=[1] true=[3] merged=[1, 3]
332.1 fp=[1] true=[3] merged=[1, 3]
332.4 fp=[1] true=[3] merged=[1, 3]
332.7 fp=[1] true=[3] merged=[1, 3]
333.0 fp=[1] true=[3] merged=[1, 3]
333.3 fp=[1] true=[3] merged=[1, 3]
333.6 fp=[1] true=[3] merged=[1, 3]
334.0 fp=[1] true=[3] merged=[1, 3]
334.3 fp=[1] true=[3] merged=[1, 3]
334.6 fp=[1] true=[3] merged=[1, 3]
334.9 fp=[1] true=[3] merged=[1, 3]
335.2 fp=[1] true=[3] merged=[1, 3]
335.5 fp=[1] true=[3] merged=[1, 3]
335.9 fp=[1] true=[3] merged=[1, 3]
336.2 fp=[1] true=[3] merged=[1, 3]
336.5 fp=[1] true=[3] merged=[1, 3]
336.8 fp=[1] true=[3] merged=[1, 3]
337.1 fp=[1] true=[3] merged=[1, 3]
337.4 fp=[1] true=[3] merged=[1, 3]
337.7 fp=[1] true=[3] merged=[1, 3]
338.0 fp=[1] true=[3] merged=[1, 3]
338.4 fp=[1] true=[3] merged=[1, 3]
338.7 fp=[1] true=[3] merged=[1, 3]
339.0 fp=[1] true=[3] merged=[1, 3]
339.3 fp=[1] true=[3] merged=[1, 3]
339.6 fp=[1] true=[3] merged=[1, 3]
339.9 fp=[1] true=[3] merged=[1, 3]
340.3 fp=[1] true=[3] merged=[1, 3]
340.6 fp=[1] true=[3] merged=[1, 3]
340.9 fp=[1] true=[3] merged=[1, 3]
341.2 fp=[1] true=[3] merged=[1, 3]
341.5 fp=[1] true=[3] merged=[1, 3]
341.8 fp=[1] true=[3] merged=[1, 3]
342.1 fp=[2] true=[3] merged=[2, 3]
342.5 fp=[2] true=[3] merged=[2, 3]
342.8 fp=[2] true=[3] merged=[2, 3]
343.1 fp=[2] true=[3] merged=[2, 3]
343.4 fp=[2] true=[3] merged=[2, 3]
343.7 fp=[2] true=[3] merged=[2, 3]
344.0 fp=[2] true=[3] merged=[2, 3]
344.3 fp=[2] true=[3] merged=[2, 3]
344.6 fp=[2] true=[3] merged=[2, 3]
344.9 fp=[2] true=[3] merged=[2, 3]
345.3 fp=[2] true=[3] merged=[2, 3]
345.6 fp=[2] true=[3] merged=[2, 3]
345.9 fp=[2] true=[3] merged=[2, 3]
346.2 fp=[2] true=[3] merged=[2, 3]
346.5 fp=[2] true=[3] merged=[2, 3]
346.9 fp=[2] true=[3] merged=[2, 3]
347.2 fp=[2] true=[3] merged=[2, 3]
347.5 fp=[2] true=[3] merged=[2, 3]
347.8 fp=[2] true=[3] merged=[2, 3]
348.1 fp=[2] true=[3] merged=[2, 3]
348.4 fp=[2] true=[3] merged=[2, 3]
348.7 fp=[2] true=[3] merged=[2, 3]
349.0 fp=[2] true=[3] merged=[2, 3]
349.3 fp=[2] true=[3] merged=[2, 3]
349.7 fp=[2] true=[3] merged=[2, 3]
350.0 fp=[2] true=[3] merged=[2, 3]
350.3 fp=[1] true=[3] merged=[1, 3]
350.6 fp=[1] true=[3] merged=[1, 3]
350.9 fp=[1] true=[3] merged=[1, 3]
351.2 fp=[1] true=[3] merged=[1, 3]
351.5 fp=[1] true=[3] merged=[1, 3]
351.8 fp=[1] true=[3] merged=[1, 3]
352.2 fp=[1] true=[3] merged=[1, 3]
352.5 fp=[1] true=[3] merged=[1, 3]
352.8 fp=[1] true=[3] merged=[1, 3]
353.1 fp=[1] true=[3] merged=[1, 3]
353.4 fp=[1] true=[3] merged=[1, 3]
353.7 fp=[1] true=[3] merged=[1, 3]
354.1 fp=[1] true=[3] merged=[1, 3]
354.4 fp=[1] true=[3] merged=[1, 3]
354.7 fp=[1] true=[3] merged=[1, 3]
355.0 fp=[1] true=[3] merged=[1, 3]
355.3 fp=[1] true=[3] merged=[1, 3]
355.6 fp=[1] true=[3] merged=[1, 3]
355.9 fp=[1] true=[3] merged=[1, 3]
356.2 fp=[1] true=[3] merged=[1, 3]
356.6 fp=[1] true=[3] merged=[1, 3]
356.9 fp=[1] true=[3] merged=[1, 3]
357.2 fp=[1] true=[3] merged=[1, 3]
357.5 fp=[1] true=[3] merged=[1, 3]
357.8 fp=[1] true=[3] merged=[1, 3]
358.1 fp=[1] true=[3] merged=[1, 3]
358.4 fp=[1] true=[3] merged=[1, 3]
358.7 fp=[1] true=[3] merged=[1, 3]
359.1 fp=[1] true=[3] merged=[1, 3]
359.4 fp=[1] true=[3] merged=[1, 3]
359.7 fp=[1] true=[3] merged=[1, 3]
360.0 fp=[1] true=[3] merged=[1, 3]
360.3 fp=[1] true=[3] merged=[1, 3]
360.7 fp=[1] true=[3] merged=[1, 3]
361.0 fp=[1] true=[3] merged=[1, 3]
361.3 fp=[1] true=[3] merged=[1, 3]
361.6 fp=[1] true=[3] merged=[1, 3]
361.9 fp=[1] true=[3] merged=[1, 3]
362.2 fp=[1] true=[3] merged=[1, 3]
362.5 fp=[1] true=[3] merged=[1, 3]
362.9 fp=[1] true=[3] merged=[1, 3]
363.2 fp=[1] true=[3] merged=[1, 3]
363.5 fp=[1] true=[3] merged=[1, 3]
363.8 fp=[1] true=[3] merged=[1, 3]
364.1 fp=[1] true=[3] merged=[1, 3]
364.4 fp=[1] true=[3] merged=[1, 3]
364.7 fp=[1] true=[3] merged=[1, 3]
365.1 fp=[1] true=[3] merged=[1, 3]
365.4 fp=[1] true=[3] merged=[1, 3]
365.7 fp=[1] true=[3] merged=[1, 3]
366.0 fp=[1] true=[3] merged=[1, 3]
366.3 fp=[1] true=[3] merged=[1, 3]
366.6 fp=[1] true=[3] merged=[1, 3]
366.9 fp=[1] true=[3] merged=[1, 3]
367.3 fp=[1] true=[3] merged=[1, 3]
367.6 fp=[1] true=[3] merged=[1, 3]
367.9 fp=[1] true=[3] merged=[1, 3]
368.2 fp=[1] true=[3] merged=[1, 3]
368.5 fp=[1] true=[3] merged=[1, 3]
368.8 fp=[1] true=[3] merged=[1, 3]
369.1 fp=[1] true=[3] merged=[1, 3]
369.5 fp=[1] true=[3] merged=[1, 3]
369.8 fp=[1] true=[3] merged=[1, 3]
370.1 fp=[1] true=[3] merged=[1, 3]
370.4 fp=[1] true=[3] merged=[1, 3]
370.7 fp=[1] true=[3] merged=[1, 3]
371.0 fp=[1] true=[3] merged=[1, 3]
371.3 fp=[1] true=[3] merged=[1, 3]
371.7 fp=[1] true=[3] merged=[1, 3]
372.0 fp=[1] true=[3] merged=[1, 3]
372.3 fp=[1] true=[3] merged=[1, 3]
372.6 fp=[1] true=[3] merged=[1, 3]
372.9 fp=[1] true=[3] merged=[1, 3]
373.2 fp=[5] true=[3] merged=[3, 5]
373.5 fp=[5] true=[3] merged=[3, 5]
373.8 fp=[5] true=[3] merged=[3, 5]
374.2 fp=[5] true=[3] merged=[3, 5]
374.5 fp=[5] true=[3] merged=[3, 5]
374.8 fp=[5] true=[3] merged=[3, 5]
375.1 fp=[5] true=[3] merged=[3, 5]
375.4 fp=[5] true=[3] merged=[3, 5]
375.7 fp=[5] true=[3] merged=[3, 5]
376.0 fp=[5] true=[3] merged=[3, 5]
376.3 fp=[5] true=[3] merged=[3, 5]
376.6 fp=[5] true=[3] merged=[3, 5]
377.0 fp=[5] true=[3] merged=[3, 5]
377.3 fp=[2] true=[3] merged=[2, 3]
377.6 fp=[2] true=[3] merged=[2, 3]
377.9 fp=[2] true=[3] merged=[2, 3]
378.2 fp=[2] true=[3] merged=[2, 3]
378.5 fp=[2] true=[3] merged=[2, 3]
378.9 fp=[2] true=[3] merged=[2, 3]
379.2 fp=[2] true=[3] merged=[2, 3]
379.5 fp=[2] true=[3] merged=[2, 3]
379.8 fp=[2] true=[3] merged=[2, 3]
380.1 fp=[2] true=[3] merged=[2, 3]
380.4 fp=[2] true=[3] merged=[2, 3]
380.7 fp=[2] true=[3] merged=[2, 3]
381.0 fp=[2] true=[3] merged=[2, 3]
381.3 fp=[2] true=[3] merged=[2, 3]
381.6 fp=[2] true=[3] merged=[2, 3]
382.0 fp=[2] true=[3] merged=[2, 3]
382.3 fp=[1] true=[3] merged=[1, 3]
382.6 fp=[1] true=[3] merged=[1, 3]
382.9 fp=[1] true=[3] merged=[1, 3]
383.2 fp=[1] true=[3] merged=[1, 3]
383.5 fp=[1] true=[3] merged=[1, 3]
383.8 fp=[1] true=[3] merged=[1, 3]
384.2 fp=[1] true=[3] merged=[1, 3]
384.5 fp=[1] true=[3] merged=[1, 3]
384.8 fp=[1] true=[3] merged=[1, 3]
385.1 fp=[1] true=[3] merged=[1, 3]
