# start rate=20 seed=2 dur=420 n=7 target=3 events=77
2.2 fp=[1] true=[3] merged=[1, 3]
2.5 fp=[1] true=[3] merged=[1, 3]
2.9 fp=[1] true=[3] merged=[1, 3]
3.2 fp=[1] true=[3] merged=[1, 3]
3.5 fp=[1] true=[3] merged=[1, 3]
3.8 fp=[1] true=[3] merged=[1, 3]
4.1 fp=[1] true=[3] merged=[1, 3]
4.4 fp=[1] true=[3] merged=[1, 3]
4.7 fp=[1] true=[3] merged=[1, 3]
5.0 fp=[1] true=[3] merged=[1, 3]
5.3 fp=[1] true=[3] merged=[1, 3]
5.7 fp=[1] true=[3] merged=[1, 3]
6.0 fp=[1] true=[3] merged=[1, 3]
6.3 fp=[1] true=[3] merged=[1, 3]
6.6 fp=[1] true=[3] merged=[1, 3]
6.9 fp=[1] true=[3] merged=[1, 3]
7.2 fp=[1] true=[3] merged=[1, 3]
7.5 fp=[1] true=[3] merged=[1, 3]
7.8 fp=[1] true=[3] merged=[1, 3]
8.1 fp=[1] true=[3] merged=[1, 3]
8.4 fp=[1] true=[3] merged=[1, 3]
8.8 fp=[1] true=[3] merged=[1, 3]
9.1 fp=[1] true=[3] merged=[1, 3]
9.4 fp=[1] true=[3] merged=[1, 3]
9.7 fp=[1] true=[3] merged=[1, 3]
10.0 fp=[1] true=[3] merged=[1, 3]
10.3 fp=[1] true=[3] merged=[1, 3]
10.7 fp=[1] true=[3] merged=[1, 3]
11.0 fp=[1] true=[3] merged=[1, 3]
11.3 fp=[1] true=[3] merged=[1, 3]
11.6 fp=[1] true=[3] merged=[1, 3]
11.9 fp=[1] true=[3] merged=[1, 3]
12.2 fp=[1] true=[3] merged=[1, 3]
12.6 fp=[1] true=[3] merged=[1, 3]
12.9 fp=[1] true=[3] merged=[1, 3]
13.2 fp=[1] true=[3] merged=[1, 3]
13.6 fp=[1] true=[3] merged=[1, 3]
13.9 fp=[1] true=[3] merged=[1, 3]
14.2 fp=[1] true=[3] merged=[1, 3]
14.5 fp=[1] true=[3] merged=[1, 3]
14.8 fp=[1] true=[3] merged=[1, 3]
15.1 fp=[1] true=[3] merged=[1, 3]
15.4 fp=[1] true=[3] merged=[1, 3]
15.7 fp=[1] true=[3] merged=[1, 3]
16.0 fp=[1] true=[3] merged=[1, 3]
16.3 fp=[1] true=[3] merged=[1, 3]
16.7 fp=[1] true=[3] merged=[1, 3]
17.0 fp=[1] true=[3] merged=[1, 3]
17.3 fp=[1] true=[3] merged=[1, 3]
17.6 fp=[1] true=[3] merged=[1, 3]
17.9 fp=[1] true=[3] merged=[1, 3]
18.2 fp=[1] true=[3] merged=[1, 3]
18.5 fp=[1] true=[3] merged=[1, 3]
18.9 fp=[1] true=[3] merged=[1, 3]
19.2 fp=[1] true=[3] merged=[1, 3]
19.5 fp=[1] true=[3] merged=[1, 3]
19.8 fp=[1] true=[3] merged=[1, 3]
20.1 fp=[1] true=[3] merged=[1, 3]
20.4 fp=[1] true=[3] merged=[1, 3]
20.7 fp=[1] true=[3] merged=[1, 3]
21.0 fp=[1] true=[3] merged=[1, 3]
21.4 fp=[1] true=[3] merged=[1, 3]
21.7 fp=[1] true=[3] merged=[1, 3]
25.2 fp=[5] true=[3] merged=[3, 5]
25.5 fp=[5] true=[3] merged=[3, 5]
25.8 fp=[5] true=[3] merged=[3, 5]
26.1 fp=[5] true=[3] merged=[3, 5]
26.4 fp=[5] true=[3] merged=[3, 5]
26.8 fp=[5] true=[3] merged=[3, 5]
27.1 fp=[5] true=[3] merged=[3, 5]
27.4 fp=[5] true=[3] merged=[3, 5]
27.7 fp=[5] true=[3] merged=[3, 5]
28.0 fp=[5] true=[3] merged=[3, 5]
28.3 fp=[5] true=[3] merged=[3, 5]
28.6 fp=[5] true=[3] merged=[3, 5]
28.9 fp=[5] true=[3] merged=[3, 5]
29.2 fp=[5] true=[3] merged=[3, 5]
29.6 fp=[5] true=[3] merged=[3, 5]
29.9 fp=[5] true=[3] merged=[3, 5]
30.2 fp=[4] true=[3] merged=[3, 4]
30.5 fp=[4] true=[3] merged=[3, 4]
30.8 fp=[4] true=[3] merged=[3, 4]
31.1 fp=[4] true=[3] merged=[3, 4]
31.4 fp=[4] true=[3] merged=[3, 4]
31.8 fp=[4] true=[3] merged=[3, 4]
32.1 fp=[4] true=[3] merged=[3, 4]
32.4 fp=[4] true=[3] merged=[3, 4]
32.7 fp=[4] true=[3] merged=[3, 4]
33.0 fp=[4] true=[3] merged=[3, 4]
33.3 fp=[4] true=[3] merged=[3, 4]
33.6 fp=[4] true=[3] merged=[3, 4]
33.9 fp=[4] true=[3] merged=[3, 4]
34.2 fp=[4] true=[3] merged=[3, 4]
34.5 fp=[4] true=[3] merged=[3, 4]
34.9 fp=[4] true=[3] merged=[3, 4]
35.2 fp=[4] true=[3] merged=[3, 4]
35.5 fp=[4] true=[3] merged=[3, 4]
35.8 fp=[4] true=[3] merged=[3, 4]
36.1 fp=[4] true=[3] merged=[3, 4]
36.4 fp=[4] true=[3] merged=[3, 4]
36.7 fp=[4] true=[3] merged=[3, 4]
37.0 fp=[4] true=[3] merged=[3, 4]
37.4 fp=[4] true=[3] merged=[3, 4]
37.7 fp=[4] true=[3] merged=[3, 4]
38.0 fp=[4] true=[3] merged=[3, 4]
38.3 fp=[4] true=[3] merged=[3, 4]
38.6 fp=[4] true=[3] merged=[3, 4]
38.9 fp=[4] true=[3] merged=[3, 4]
39.2 fp=[1] true=[3] merged=[1, 3]
39.5 fp=[1] true=[3] merged=[1, 3]
39.9 fp=[1] true=[3] merged=[1, 3]
40.2 fp=[1] true=[3] merged=[1, 3]
40.5 fp=[1] true=[3] merged=[1, 3]
40.8 fp=[1] true=[3] merged=[1, 3]
41.1 fp=[1] true=[3] merged=[1, 3]
41.4 fp=[1] true=[3] merged=[1, 3]
41.7 fp=[1] true=[3] merged=[1, 3]
42.0 fp=[1] true=[3] merged=[1, 3]
42.3 fp=[1] true=[3] merged=[1, 3]
42.7 fp=[1] true=[3] merged=[1, 3]
43.0 fp=[1] true=[3] merged=[1, 3]
43.3 fp=[1] true=[3] merged=[1, 3]
43.6 fp=[1] true=[3] merged=[1, 3]
43.9 fp=[1] true=[3] merged=[1, 3]
44.2 fp=[1] true=[3] merged=[1, 3]
44.6 fp=[1] true=[3] merged=[1, 3]
44.9 fp=[1] true=[3] merged=[1, 3]
45.2 fp=[1] true=[3] merged=[1, 3]
45.5 fp=[1] true=[3] merged=[1, 3]
45.8 fp=[1] true=[3] merged=[1, 3]
46.1 fp=[1] true=[3] merged=[1, 3]
46.4 fp=[1] true=[3] merged=[1, 3]
46.7 fp=[1] true=[3] merged=[1, 3]
47.0 fp=[1] true=[3] merged=[1, 3]
47.3 fp=[1] true=[3] merged=[1, 3]
47.7 fp=[1] true=[3] merged=[1, 3]
48.0 fp=[1] true=[3] merged=[1, 3]
48.3 fp=[1] true=[3] merged=[1, 3]
48.6 fp=[1] true=[3] merged=[1, 3]
48.9 fp=[1] true=[3] merged=[1, 3]
49.2 fp=[1] true=[3] merged=[1, 3]
49.5 fp=[1] true=[3] merged=[1, 3]
49.8 fp=[1] true=[3] merged=[1, 3]
50.2 fp=[1] true=[3] merged=[1, 3]
50.5 fp=[1] true=[3] merged=[1, 3]
50.8 fp=[1] true=[3] merged=[1, 3]
51.1 fp=[1] true=[3] merged=[1, 3]
51.4 fp=[1] true=[3] merged=[1, 3]
51.8 fp=[1] true=[3] merged=[1, 3]
52.1 fp=[1] true=[3] merged=[1, 3]
52.4 fp=[1] true=[3] merged=[1, 3]
52.7 fp=[1] true=[3] merged=[1, 3]
53.0 fp=[1] true=[3] merged=[1, 3]
53.3 fp=[1] true=[3] merged=[1, 3]
53.6 fp=[1] true=[3] merged=[1, 3]
54.0 fp=[1] true=[3] merged=[1, 3]
54.3 fp=[1] true=[3] merged=[1, 3]
54.6 fp=[1] true=[3] merged=[1, 3]
54.9 fp=[1] true=[3] merged=[1, 3]
55.2 fp=[1] true=[3] merged=[1, 3]
55.5 fp=[1] true=[3] merged=[1, 3]
55.8 fp=[1] true=[3] merged=[1, 3]
56.1 fp=[1] true=[3] merged=[1, 3]
56.4 fp=[1] true=[3] merged=[1, 3]
56.8 fp=[1] true=[3] merged=[1, 3]
57.1 fp=[1] true=[3] merged=[1, 3]
57.4 fp=[1] true=[3] merged=[1, 3]
57.7 fp=[1] true=[3] merged=[1, 3]
58.0 fp=[1] true=[3] merged=[1, 3]
58.3 fp=[1] true=[3] merged=[1, 3]
58.6 fp=[1] true=[3] merged=[1, 3]
58.9 fp=[1] true=[3] merged=[1, 3]
59.2 fp=[1] true=[3] merged=[1, 3]
59.6 fp=[1] true=[3] merged=[1, 3]
59.9 fp=[1] true=[3] merged=[1, 3]
60.2 fp=[1] true=[3] merged=[1, 3]
60.5 fp=[1] true=[3] merged=[1, 3]
60.8 fp=[1] true=[3] merged=[1, 3]
61.1 fp=[1] true=[3] merged=[1, 3]
61.4 fp=[1] true=[3] merged=[1, 3]
61.8 fp=[1] true=[3] merged=[1, 3]
62.1 fp=[1] true=[3] merged=[1, 3]
62.4 fp=[1] true=[3] merged=[1, 3]
62.7 fp=[1] true=[3] merged=[1, 3]
63.0 fp=[1] true=[3] merged=[1, 3]
63.3 fp=[1] true=[3] merged=[1, 3]
63.6 fp=[1] true=[3] merged=[1, 3]
64.0 fp=[1] true=[3] merged=[1, 3]
64.3 fp=[1] true=[3] merged=[1, 3]
64.6 fp=[1] true=[3] merged=[1, 3]
64.9 fp=[1] true=[3] merged=[1, 3]
65.2 fp=[1] true=[3] merged=[1, 3]
65.5 fp=[1] true=[3] merged=[1, 3]
65.8 fp=[1] true=[3] merged=[1, 3]
66.1 fp=[1] true=[3] merged=[1, 3]
66.4 fp=[1] true=[3] merged=[1, 3]
66.8 fp=[1] true=[3] merged=[1, 3]
67.1 fp=[1] true=[3] merged=[1, 3]
67.4 fp=[1] true=[3] merged=[1, 3]
67.7 fp=[1] true=[3] merged=[1, 3]
68.0 fp=[1] true=[3] merged=[1, 3]
68.3 fp=[1] true=[3] merged=[1, 3]
68.6 fp=[1] true=[3] merged=[1, 3]
69.0 fp=[1] true=[3] merged=[1, 3]
69.3 fp=[1] true=[3] merged=[1, 3]
69.6 fp=[1] true=[3] merged=[1, 3]
69.9 fp=[1] true=[3] merged=[1, 3]
70.2 fp=[1] true=[3] merged=[1, 3]
70.5 fp=[1] true=[3] merged=[1, 3]
70.8 fp=[1] true=[3] merged=[1, 3]
71.2 fp=[1] true=[3] merged=[1, 3]
71.5 fp=[1] true=[3] merged=[1, 3]
71.8 fp=[1] true=[3] merged=[1, 3]
72.2 fp=[1] true=[3] merged=[1, 3]
72.5 fp=[1] true=[3] merged=[1, 3]
72.8 fp=[1] true=[3] merged=[1, 3]
73.2 fp=[1] true=[3] merged=[1, 3]
73.5 fp=[1] true=[3] merged=[1, 3]
73.8 fp=[1] true=[3] merged=[1, 3]
74.2 fp=[1] true=[3] merged=[1, 3]
74.5 fp=[1] true=[3] merged=[1, 3]
74.8 fp=[1] true=[3] merged=[1, 3]
75.1 fp=[1] true=[3] merged=[1, 3]
75.4 fp=[1] true=[3] merged=[1, 3]
75.7 fp=[1] true=[3] merged=[1, 3]
76.0 fp=[1] true=[3] merged=[1, 3]
76.4 fp=[1] true=[3] merged=[1, 3]
76.7 fp=[1] true=[3] merged=[1, 3]
77.0 fp=[1] true=[3] merged=[1, 3]
77.3 fp=[1] true=[3] merged=[1, 3]
77.6 fp=[1] true=[3] merged=[1, 3]
77.9 fp=[1] true=[3] merged=[1, 3]
78.3 fp=[1] true=[3] merged=[1, 3]
78.6 fp=[1] true=[3] merged=[1, 3]
78.9 fp=[1] true=[3] merged=[1, 3]
79.2 fp=[1] true=[3] merged=[1, 3]
79.5 fp=[1] true=[3] merged=[1, 3]
79.8 fp=[1] true=[3] merged=[1, 3]
80.1 fp=[1] true=[3] merged=[1, 3]
80.4 fp=[1] true=[3] merged=[1, 3]
80.8 fp=[1] true=[3] merged=[1, 3]
81.1 fp=[1] true=[3] merged=[1, 3]
81.4 fp=[1] true=[3] merged=[1, 3]
81.7 fp=[1] true=[3] merged=[1, 3]
82.0 fp=[1] true=[3] merged=[1, 3]
82.3 fp=[1] true=[3] merged=[1, 3]
82.6 fp=[1] true=[3] merged=[1, 3]
83.0 fp=[1] true=[3] merged=[1, 3]
83.3 fp=[1] true=[3] merged=[1, 3]
83.6 fp=[1] true=[3] merged=[1, 3]
83.9 fp=[1] true=[3] merged=[1, 3]
84.2 fp=[1] true=[3] merged=[1, 3]
84.5 fp=[1] true=[3] merged=[1, 3]
84.8 fp=[1] true=[3] merged=[1, 3]
85.1 fp=[1] true=[3] merged=[1, 3]
85.5 fp=[1] true=[3] merged=[1, 3]
85.8 fp=[1] true=[3] merged=[1, 3]
86.1 fp=[1] true=[3] merged=[1, 3]
86.4 fp=[1] true=[3] merged=[1, 3]
86.7 fp=[1] true=[3] merged=[1, 3]
87.0 fp=[1] true=[3] merged=[1, 3]
87.3 fp=[1] true=[3] merged=[1, 3]
87.7 fp=[1] true=[3] merged=[1, 3]
88.0 fp=[1] true=[3] merged=[1, 3]
88.3 fp=[1] true=[3] merged=[1, 3]
88.6 fp=[1] true=[3] merged=[1, 3]
88.9 fp=[1] true=[3] merged=[1, 3]
89.2 fp=[1] true=[3] merged=[1, 3]
89.5 fp=[1] true=[3] merged=[1, 3]
89.9 fp=[1] true=[3] merged=[1, 3]
90.2 fp=[1] true=[3] merged=[1, 3]
90.5 fp=[1] true=[3] merged=[1, 3]
90.8 fp=[1] true=[3] merged=[1, 3]
91.1 fp=[1] true=[3] merged=[1, 3]
91.4 fp=[1] true=[3] merged=[1, 3]
91.7 fp=[1] true=[3] merged=[1, 3]
92.1 fp=[1] true=[3] merged=[1, 3]
92.4 fp=[1] true=[3] merged=[1, 3]
92.7 fp=[1] true=[3] merged=[1, 3]
93.0 fp=[1] true=[3] merged=[1, 3]
93.3 fp=[1] true=[3] merged=[1, 3]
93.6 fp=[1] true=[3] merged=[1, 3]
93.9 fp=[1] true=[3] merged=[1, 3]
94.3 fp=[1] true=[3] merged=[1, 3]
94.6 fp=[1] true=[3] merged=[1, 3]
94.9 fp=[1] true=[3] merged=[1, 3]
95.2 fp=[1] true=[3] merged=[1, 3]
95.5 fp=[1] true=[3] merged=[1, 3]
95.9 fp=[1] true=[3] merged=[1, 3]
96.2 fp=[1] true=[3] merged=[1, 3]
96.5 fp=[1] true=[3] merged=[1, 3]
96.8 fp=[1] true=[3] merged=[1, 3]
97.1 fp=[1] true=[3] merged=[1, 3]
97.4 fp=[1] true=[3] merged=[1, 3]
97.8 fp=[1] true=[3] merged=[1, 3]
98.1 fp=[1] true=[3] merged=[1, 3]
98.4 fp=[1] true=[3] merged=[1, 3]
98.7 fp=[1] true=[3] merged=[1, 3]
99.0 fp=[1] true=[3] merged=[1, 3]
99.3 fp=[1] true=[3] merged=[1, 3]
99.7 fp=[1] true=[3] merged=[1, 3]
100.0 fp=[1] true=[3] merged=[1, 3]
100.3 fp=[1] true=[3] merged=[1, 3]
100.6 fp=[1] true=[3] merged=[1, 3]
100.9 fp=[1] true=[3] merged=[1, 3]
101.2 fp=[1] true=[3] merged=[1, 3]
101.6 fp=[1] true=[3] merged=[1, 3]
101.9 fp=[1] true=[3] merged=[1, 3]
102.2 fp=[5] true=[3] merged=[3, 5]
102.5 fp=[5] true=[3] merged=[3, 5]
102.8 fp=[5] true=[3] merged=[3, 5]
103.1 fp=[5] true=[3] merged=[3, 5]
103.4 fp=[5] true=[3] merged=[3, 5]
103.7 fp=[5] true=[3] merged=[3, 5]
104.1 fp=[5] true=[3] merged=[3, 5]
104.4 fp=[5] true=[3] merged=[3, 5]
104.7 fp=[5] true=[3] merged=[3, 5]
105.0 fp=[5] true=[3] merged=[3, 5]
105.3 fp=[5] true=[3] merged=[3, 5]
105.6 fp=[5] true=[3] merged=[3, 5]
105.9 fp=[5] true=[3] merged=[3, 5]
106.2 fp=[5] true=[3] merged=[3, 5]
106.6 fp=[5] true=[3] merged=[3, 5]
106.9 fp=[5] true=[3] merged=[3, 5]
107.2 fp=[5] true=[3] merged=[3, 5]
107.5 fp=[5] true=[3] merged=[3, 5]
107.8 fp=[5] true=[3] merged=[3, 5]
108.1 fp=[5] true=[3] merged=[3, 5]
108.4 fp=[5] true=[3] merged=[3, 5]
108.7 fp=[5] true=[3] merged=[3, 5]
109.1 fp=[5] true=[3] merged=[3, 5]
109.4 fp=[5] true=[3] merged=[3, 5]
109.7 fp=[5] true=[3] merged=[3, 5]
110.0 fp=[5] true=[3] merged=[3, 5]
110.3 fp=[5] true=[3] merged=[3, 5]
110.6 fp=[5] true=[3] merged=[3, 5]
110.9 fp=[5] true=[3] merged=[3, 5]
111.2 fp=[5] true=[3] merged=[3, 5]
111.6 fp=[5] true=[3] merged=[3, 5]
111.9 fp=[5] true=[3] merged=[3, 5]
112.2 fp=[5] true=[3] merged=[3, 5]
112.5 fp=[5] true=[3] merged=[3, 5]
112.8 fp=[5] true=[3] merged=[3, 5]
113.1 fp=[5] true=[3] merged=[3, 5]
113.4 fp=[5] true=[3] merged=[3, 5]
113.8 fp=[5] true=[3] merged=[3, 5]
114.1 fp=[5] true=[3] merged=[3, 5]
114.4 fp=[5] true=[3] merged=[3, 5]
114.7 fp=[5] true=[3] merged=[3, 5]
115.0 fp=[4] true=[3] merged=[3, 4]
115.3 fp=[4] true=[3] merged=[3, 4]
115.6 fp=[4] true=[3] merged=[3, 4]
116.0 fp=[4] true=[3] merged=[3, 4]
116.3 fp=[4] true=[3] merged=[3, 4]
116.6 fp=[4] true=[3] merged=[3, 4]
116.9 fp=[4] true=[3] merged=[3, 4]
117.2 fp=[4] true=[3] merged=[3, 4]
117.5 fp=[4] true=[3] merged=[3, 4]
117.8 fp=[4] true=[3] merged=[3, 4]
118.1 fp=[4] true=[3] merged=[3, 4]
118.5 fp=[4] true=[3] merged=[3, 4]
118.8 fp=[4] true=[3] merged=[3, 4]
119.1 fp=[4] true=[3] merged=[3, 4]
119.4 fp=[4] true=[3] merged=[3, 4]
119.7 fp=[4] true=[3] merged=[3, 4]
120.0 fp=[4] true=[3] merged=[3, 4]
120.3 fp=[4] true=[3] merged=[3, 4]
120.7 fp=[4] true=[3] merged=[3, 4]
121.0 fp=[4] true=[3] merged=[3, 4]
121.3 fp=[4] true=[3] merged=[3, 4]
121.6 fp=[4] true=[3] merged=[3, 4]
121.9 fp=[4] true=[3] merged=[3, 4]
122.2 fp=[4] true=[3] merged=[3, 4]
122.5 fp=[4] true=[3] merged=[3, 4]
122.8 fp=[4] true=[3] merged=[3, 4]
123.2 fp=[4] true=[3] merged=[3, 4]
123.5 fp=[4] true=[3] merged=[3, 4]
123.8 fp=[4] true=[3] merged=[3, 4]
124.1 fp=[4] true=[3] merged=[3, 4]
124.4 fp=[4] true=[3] merged=[3, 4]
124.7 fp=[4] true=[3] merged=[3, 4]
125.0 fp=[4] true=[3] merged=[3, 4]
125.3 fp=[4] true=[3] merged=[3, 4]
125.7 fp=[4] true=[3] merged=[3, 4]
126.0 fp=[4] true=[3] merged=[3, 4]
126.3 fp=[4] true=[3] merged=[3, 4]
126.6 fp=[4] true=[3] merged=[3, 4]
126.9 fp=[4] true=[3] merged=[3, 4]
127.2 fp=[4] true=[3] merged=[3, 4]
127.5 fp=[4] true=[3] merged=[3, 4]
127.8 fp=[4] true=[3] merged=[3, 4]
128.1 fp=[4] true=[3] merged=[3, 4]
128.5 fp=[4] true=[3] merged=[3, 4]
128.8 fp=[4] true=[3] merged=[3, 4]
129.1 fp=[4] true=[3] merged=[3, 4]
129.4 fp=[4] true=[3] merged=[3, 4]
129.7 fp=[4] true=[3] merged=[3, 4]
130.0 fp=[4] true=[3] merged=[3, 4]
130.3 fp=[4] true=[3] merged=[3, 4]
130.7 fp=[4] true=[3] merged=[3, 4]
131.0 fp=[4] true=[3] merged=[3, 4]
131.3 fp=[4] true=[3] merged=[3, 4]
131.6 fp=[4] true=[3] merged=[3, 4]
131.9 fp=[4] true=[3] merged=[3, 4]
132.2 fp=[4] true=[3] merged=[3, 4]
132.5 fp=[4] true=[3] merged=[3, 4]
132.8 fp=[4] true=[3] merged=[3, 4]
133.1 fp=[4] true=[3] merged=[3, 4]
133.5 fp=[4] true=[3] merged=[3, 4]
133.8 fp=[4] true=[3] merged=[3, 4]
134.1 fp=[4] true=[3] merged=[3, 4]
134.4 fp=[4] true=[3] merged=[3, 4]
134.7 fp=[4] true=[3] merged=[3, 4]
135.0 fp=[5] true=[3] merged=[3, 5]
135.3 fp=[5] true=[3] merged=[3, 5]
135.6 fp=[5] true=[3] merged=[3, 5]
136.0 fp=[5] true=[3] merged=[3, 5]
136.3 fp=[5] true=[3] merged=[3, 5]
136.6 fp=[5] true=[3] merged=[3, 5]
136.9 fp=[5] true=[3] merged=[3, 5]
137.2 fp=[5] true=[3] merged=[3, 5]
137.5 fp=[5] true=[3] merged=[3, 5]
137.8 fp=[5] true=[3] merged=[3, 5]
138.2 fp=[5] true=[3] merged=[3, 5]
138.5 fp=[5] true=[3] merged=[3, 5]
138.8 fp=[5] true=[3] merged=[3, 5]
139.1 fp=[5] true=[3] merged=[3, 5]
139.4 fp=[5] true=[3] merged=[3, 5]
139.7 fp=[5] true=[3] merged=[3, 5]
140.0 fp=[5] true=[3] merged=[3, 5]
140.3 fp=[5] true=[3] merged=[3, 5]
140.7 fp=[5] true=[3] merged=[3, 5]
141.0 fp=[5] true=[3] merged=[3, 5]
141.3 fp=[5] true=[3] merged=[3, 5]
141.6 fp=[5] true=[3] merged=[3, 5]
141.9 fp=[5] true=[3] merged=[3, 5]
142.2 fp=[5] true=[3] merged=[3, 5]
142.5 fp=[5] true=[3] merged=[3, 5]
142.9 fp=[5] true=[3] merged=[3, 5]
143.2 fp=[4] true=[3] merged=[3, 4]
143.5 fp=[4] true=[3] merged=[3, 4]
143.8 fp=[4] true=[3] merged=[3, 4]
144.1 fp=[4] true=[3] merged=[3, 4]
144.4 fp=[4] true=[3] merged=[3, 4]
144.7 fp=[4] true=[3] merged=[3, 4]
145.1 fp=[4] true=[3] merged=[3, 4]
145.4 fp=[4] true=[3] merged=[3, 4]
145.7 fp=[4] true=[3] merged=[3, 4]
146.0 fp=[4] true=[3] merged=[3, 4]
146.3 fp=[4] true=[3] merged=[3, 4]
146.6 fp=[4] true=[3] merged=[3, 4]
146.9 fp=[4] true=[3] merged=[3, 4]
147.2 fp=[4] true=[3] merged=[3, 4]
147.6 fp=[4] true=[3] merged=[3, 4]
147.9 fp=[4] true=[3] merged=[3, 4]
148.2 fp=[2] true=[3] merged=[2, 3]
148.5 fp=[2] true=[3] merged=[2, 3]
148.8 fp=[2] true=[3] merged=[2, 3]
149.1 fp=[2] true=[3] merged=[2, 3]
149.4 fp=[2] true=[3] merged=[2, 3]
149.8 fp=[2] true=[3] merged=[2, 3]
150.1 fp=[2] true=[3] merged=[2, 3]
150.4 fp=[2] true=[3] merged=[2, 3]
150.7 fp=[2] true=[3] merged=[2, 3]
151.0 fp=[2] true=[3] merged=[2, 3]
151.3 fp=[2] true=[3] merged=[2, 3]
151.7 fp=[2] true=[3] merged=[2, 3]
152.0 fp=[2] true=[3] merged=[2, 3]
152.3 fp=[2] true=[3] merged=[2, 3]
152.6 fp=[2] true=[3] merged=[2, 3]
152.9 fp=[2] true=[3] merged=[2, 3]
153.3 fp=[2] true=[3] merged=[2, 3]
153.6 fp=[2] true=[3] merged=[2, 3]
153.9 fp=[2] true=[3] merged=[2, 3]
154.2 fp=[2] true=[3] merged=[2, 3]
154.5 fp=[2] true=[3] merged=[2, 3]
154.8 fp=[2] true=[3] merged=[2, 3]
155.1 fp=[2] true=[3] merged=[2, 3]
155.5 fp=[2] true=[3] merged=[2, 3]
155.8 fp=[2] true=[3] merged=[2, 3]
156.1 fp=[2] true=[3] merged=[2, 3]
156.4 fp=[2] true=[3] merged=[2, 3]
156.7 fp=[2] true=[3] merged=[2, 3]
157.0 fp=[2] true=[3] merged=[2, 3]
157.4 fp=[2] true=[3] merged=[2, 3]
157.7 fp=[2] true=[3] merged=[2, 3]
158.0 fp=[2] true=[3] merged=[2, 3]
158.3 fp=[2] true=[3] merged=[2, 3]
158.6 fp=[2] true=[3] merged=[2, 3]
159.0 fp=[2] true=[3] merged=[2, 3]
159.3 fp=[2] true=[3] merged=[2, 3]
159.6 fp=[2] true=[3] merged=[2, 3]
159.9 fp=[2] true=[3] merged=[2, 3]
160.2 fp=[2] true=[3] merged=[2, 3]
160.6 fp=[2] true=[3] merged=[2, 3]
160.9 fp=[2] true=[3] merged=[2, 3]
161.2 fp=[2] true=[3] merged=[2, 3]
161.5 fp=[2] true=[3] merged=[2, 3]
161.8 fp=[2] true=[3] merged=[2, 3]
162.1 fp=[2] true=[3] merged=[2, 3]
162.5 fp=[2] true=[3] merged=[2, 3]
162.8 fp=[2] true=[3] merged=[2, 3]
163.1 fp=[2] true=[3] merged=[2, 3]
163.4 fp=[2] true=[3] merged=[2, 3]
163.7 fp=[2] true=[3] merged=[2, 3]
164.0 fp=[2] true=[3] merged=[2, 3]
164.4 fp=[2] true=[3] merged=[2, 3]
164.7 fp=[2] true=[3] merged=[2, 3]
165.0 fp=[2] true=[3] merged=[2, 3]
165.3 fp=[2] true=[3] merged=[2, 3]
165.6 fp=[2] true=[3] merged=[2, 3]
165.9 fp=[2] true=[3] merged=[2, 3]
166.2 fp=[2] true=[3] merged=[2, 3]
166.6 fp=[2] true=[3] merged=[2, 3]
166.9 fp=[2] true=[3] merged=[2, 3]
167.2 fp=[2] true=[3] merged=[2, 3]
167.5 fp=[2] true=[3] merged=[2, 3]
167.8 fp=[2] true=[3] merged=[2, 3]
168.1 fp=[4] true=[3] merged=[3, 4]
168.4 fp=[4] true=[3] merged=[3, 4]
168.7 fp=[4] true=[3] merged=[3, 4]
169.0 fp=[2] true=[3] merged=[2, 3]
169.4 fp=[2] true=[3] merged=[2, 3]
169.7 fp=[2] true=[3] merged=[2, 3]
170.0 fp=[2] true=[3] merged=[2, 3]
170.3 fp=[2] true=[3] merged=[2, 3]
170.6 fp=[2] true=[3] merged=[2, 3]
170.9 fp=[2] true=[3] merged=[2, 3]
171.2 fp=[2] true=[3] merged=[2, 3]
171.6 fp=[2] true=[3] merged=[2, 3]
171.9 fp=[2] true=[3] merged=[2, 3]
172.2 fp=[2] true=[3] merged=[2, 3]
172.5 fp=[2] true=[3] merged=[2, 3]
172.9 fp=[2] true=[3] merged=[2, 3]
173.2 fp=[2] true=[3] merged=[2, 3]
173.6 fp=[2] true=[3] merged=[2, 3]
173.9 fp=[2] true=[3] merged=[2, 3]
174.2 fp=[2] true=[3] merged=[2, 3]
174.5 fp=[2] true=[3] merged=[2, 3]
174.8 fp=[2] true=[3] merged=[2, 3]
175.1 fp=[2] true=[3] merged=[2, 3]
175.4 fp=[2] true=[3] merged=[2, 3]
175.7 fp=[2] true=[3] merged=[2, 3]
176.0 fp=[2] true=[3] merged=[2, 3]
176.4 fp=[2] true=[3] merged=[2, 3]
176.7 fp=[2] true=[3] merged=[2, 3]
177.0 fp=[2] true=[3] merged=[2, 3]
177.3 fp=[2] true=[3] merged=[2, 3]
177.6 fp=[2] true=[3] merged=[2, 3]
178.0 fp=[2] true=[3] merged=[2, 3]
178.3 fp=[2] true=[3] merged=[2, 3]
178.6 fp=[2] true=[3] merged=[2, 3]
178.9 fp=[2] true=[3] merged=[2, 3]
179.3 fp=[2] true=[3] merged=[2, 3]
179.6 fp=[2] true=[3] merged=[2, 3]
179.9 fp=[2] true=[3] merged=[2, 3]
180.2 fp=[2] true=[3] merged=[2, 3]
180.5 fp=[2] true=[3] merged=[2, 3]
180.8 fp=[2] true=[3] merged=[2, 3]
181.2 fp=[2] true=[3] merged=[2, 3]
181.5 fp=[2] true=[3] merged=[2, 3]
181.8 fp=[2] true=[3] merged=[2, 3]
182.1 fp=[2] true=[3] merged=[2, 3]
182.4 fp=[2] true=[3] merged=[2, 3]
182.7 fp=[2] true=[3] merged=[2, 3]
183.1 fp=[2] true=[3] merged=[2, 3]
183.4 fp=[2] true=[3] merged=[2, 3]
183.7 fp=[2] true=[3] merged=[2, 3]
184.0 fp=[2] true=[3] merged=[2, 3]
184.3 fp=[2] true=[3] merged=[2, 3]
184.6 fp=[2] true=[3] merged=[2, 3]
184.9 fp=[2] true=[3] merged=[2, 3]
185.3 fp=[2] true=[3] merged=[2, 3]
185.6 fp=[2] true=[3] merged=[2, 3]
185.9 fp=[2] true=[3] merged=[2, 3]
186.2 fp=[2] true=[3] merged=[2, 3]
186.5 fp=[2] true=[3] merged=[2, 3]
186.8 fp=[2] true=[3] merged=[2, 3]
187.1 fp=[2] true=[3] merged=[2, 3]
187.5 fp=[2] true=[3] merged=[2, 3]
187.8 fp=[2] true=[3] merged=[2, 3]
188.1 fp=[2] true=[3] merged=[2, 3]
188.4 fp=[2] true=[3] merged=[2, 3]
188.7 fp=[2] true=[3] merged=[2, 3]
189.0 fp=[2] true=[3] merged=[2, 3]
189.3 fp=[2] true=[3] merged=[2, 3]
189.6 fp=[2] true=[3] merged=[2, 3]
190.0 fp=[2] true=[3] merged=[2, 3]
190.3 fp=[2] true=[3] merged=[2, 3]
190.6 fp=[2] true=[3] merged=[2, 3]
190.9 fp=[2] true=[3] merged=[2, 3]
191.2 fp=[2] true=[3] merged=[2, 3]
191.5 fp=[2] true=[3] merged=[2, 3]
191.8 fp=[2] true=[3] merged=[2, 3]
192.2 fp=[2] true=[3] merged=[2, 3]
192.5 fp=[2] true=[3] merged=[2, 3]
192.8 fp=[2] true=[3] merged=[2, 3]
193.1 fp=[1] true=[3] merged=[1, 3]
193.4 fp=[1] true=[3] merged=[1, 3]
193.7 fp=[1] true=[3] merged=[1, 3]
194.1 fp=[1] true=[3] merged=[1, 3]
194.4 fp=[1] true=[3] merged=[1, 3]
194.7 fp=[1] true=[3] merged=[1, 3]
195.0 fp=[1] true=[3] merged=[1, 3]
195.3 fp=[1] true=[3] merged=[1, 3]
195.7 fp=[1] true=[3] merged=[1, 3]
196.0 fp=[1] true=[3] merged=[1, 3]
196.3 fp=[1] true=[3] merged=[1, 3]
196.6 fp=[1] true=[3] merged=[1, 3]
196.9 fp=[1] true=[3] merged=[1, 3]
197.2 fp=[1] true=[3] merged=[1, 3]
197.5 fp=[1] true=[3] merged=[1, 3]
197.8 fp=[1] true=[3] merged=[1, 3]
198.2 fp=[1] true=[3] merged=[1, 3]
198.5 fp=[1] true=[3] merged=[1, 3]
198.8 fp=[1] true=[3] merged=[1, 3]
199.1 fp=[1] true=[3] merged=[1, 3]
199.4 fp=[1] true=[3] merged=[1, 3]
199.7 fp=[1] true=[3] merged=[1, 3]
200.0 fp=[1] true=[3] merged=[1, 3]
200.3 fp=[1] true=[3] merged=[1, 3]
200.6 fp=[1] true=[3] merged=[1, 3]
201.0 fp=[1] true=[3] merged=[1, 3]
201.3 fp=[1] true=[3] merged=[1, 3]
201.6 fp=[1] true=[3] merged=[1, 3]
201.9 fp=[1] true=[3] merged=[1, 3]
202.3 fp=[1] true=[3] merged=[1, 3]
202.6 fp=[1] true=[3] merged=[1, 3]
202.9 fp=[1] true=[3] merged=[1, 3]
203.2 fp=[1] true=[3] merged=[1, 3]
203.5 fp=[1] true=[3] merged=[1, 3]
203.9 fp=[1] true=[3] merged=[1, 3]
204.2 fp=[1] true=[3] merged=[1, 3]
204.5 fp=[1] true=[3] merged=[1, 3]
204.8 fp=[1] true=[3] merged=[1, 3]
205.1 fp=[1] true=[3] merged=[1, 3]
205.4 fp=[1] true=[3] merged=[1, 3]
205.7 fp=[1] true=[3] merged=[1, 3]
206.0 fp=[1] true=[3] merged=[1, 3]
206.4 fp=[1] true=[3] merged=[1, 3]
206.7 fp=[1] true=[3] merged=[1, 3]
207.0 fp=[1] true=[3] merged=[1, 3]
207.3 fp=[1] true=[3] merged=[1, 3]
207.6 fp=[1] true=[3] merged=[1, 3]
207.9 fp=[1] true=[3] merged=[1, 3]
208.2 fp=[1] true=[3] merged=[1, 3]
208.5 fp=[1] true=[3] merged=[1, 3]
208.9 fp=[1] true=[3] merged=[1, 3]
209.2 fp=[1] true=[3] merged=[1, 3]
209.5 fp=[1] true=[3] merged=[1, 3]
209.8 fp=[1] true=[3] merged=[1, 3]
210.1 fp=[1] true=[3] merged=[1, 3]
210.5 fp=[1] true=[3] merged=[1, 3]
210.8 fp=[1] true=[3] merged=[1, 3]
211.1 fp=[1] true=[3] merged=[1, 3]
211.4 fp=[1] true=[3] merged=[1, 3]
211.7 fp=[1] true=[3] merged=[1, 3]
212.0 fp=[1] true=[3] merged=[1, 3]
212.3 fp=[1] true=[3] merged=[1, 3]
212.7 fp=[1] true=[3] merged=[1, 3]
213.0 fp=[1] true=[3] merged=[1, 3]
213.3 fp=[1] true=[3] merged=[1, 3]
213.6 fp=[1] true=[3] merged=[1, 3]
213.9 fp=[1] true=[3] merged=[1, 3]
214.2 fp=[1] true=[3] merged=[1, 3]
214.5 fp=[1] true=[3] merged=[1, 3]
214.8 fp=[1] true=[3] merged=[1, 3]
215.1 fp=[2] true=[3] merged=[2, 3]
215.4 fp=[2] true=[3] merged=[2, 3]
215.8 fp=[2] true=[3] merged=[2, 3]
216.1 fp=[4] true=[3] merged=[3, 4]
216.4 fp=[4] true=[3] merged=[3, 4]
216.7 fp=[4] true=[3] merged=[3, 4]
217.0 fp=[4] true=[3] merged=[3, 4]
217.3 fp=[4] true=[3] merged=[3, 4]
217.7 fp=[4] true=[3] merged=[3, 4]
218.0 fp=[4] true=[3] merged=[3, 4]
218.3 fp=[4] true=[3] merged=[3, 4]
218.6 fp=[4] true=[3] merged=[3, 4]
218.9 fp=[4] true=[3] merged=[3, 4]
219.2 fp=[4] true=[3] merged=[3, 4]
219.6 fp=[4] true=[3] merged=[3, 4]
219.9 fp=[4] true=[3] merged=[3, 4]
220.2 fp=[4] true=[3] merged=[3, 4]
220.5 fp=[4] true=[3] merged=[3, 4]
220.8 fp=[4] true=[3] merged=[3, 4]
221.1 fp=[4] true=[3] merged=[3, 4]
221.5 fp=[4] true=[3] merged=[3, 4]
221.8 fp=[4] true=[3] merged=[3, 4]
222.1 fp=[4] true=[3] merged=[3, 4]
222.4 fp=[4] true=[3] merged=[3, 4]
222.7 fp=[4] true=[3] merged=[3, 4]
223.0 fp=[4] true=[3] merged=[3, 4]
223.3 fp=[4] true=[3] merged=[3, 4]
223.7 fp=[4] true=[3] merged=[3, 4]
224.0 fp=[4] true=[3] merged=[3, 4]
224.3 fp=[4] true=[3] merged=[3, 4]
224.6 fp=[4] true=[3] merged=[3, 4]
224.9 fp=[4] true=[3] merged=[3, 4]
225.3 fp=[4] true=[3] merged=[3, 4]
225.6 fp=[4] true=[3] merged=[3, 4]
225.9 fp=[4] true=[3] merged=[3, 4]
226.2 fp=[4] true=[3] merged=[3, 4]
226.5 fp=[4] true=[3] merged=[3, 4]
226.8 fp=[4] true=[3] merged=[3, 4]
227.1 fp=[1] true=[3] merged=[1, 3]
227.4 fp=[1] true=[3] merged=[1, 3]
227.8 fp=[1] true=[3] merged=[1, 3]
228.1 fp=[1] true=[3] merged=[1, 3]
228.4 fp=[1] true=[3] merged=[1, 3]
228.7 fp=[1] true=[3] merged=[1, 3]
229.0 fp=[1] true=[3] merged=[1, 3]
229.3 fp=[1] true=[3] merged=[1, 3]
229.6 fp=[1] true=[3] merged=[1, 3]
229.9 fp=[1] true=[3] merged=[1, 3]
230.3 fp=[1] true=[3] merged=[1, 3]
230.6 fp=[1] true=[3] merged=[1, 3]
230.9 fp=[1] true=[3] merged=[1, 3]
231.2 fp=[1] true=[3] merged=[1, 3]
231.5 fp=[1] true=[3] merged=[1, 3]
231.8 fp=[1] true=[3] merged=[1, 3]
232.1 fp=[1] true=[3] merged=[1, 3]
232.4 fp=[1] true=[3] merged=[1, 3]
232.8 fp=[1] true=[3] merged=[1, 3]
233.1 fp=[1] true=[3] merged=[1, 3]
233.4 fp=[1] true=[3] merged=[1, 3]
233.7 fp=[1] true=[3] merged=[1, 3]
234.0 fp=[1] true=[3] merged=[1, 3]
234.3 fp=[1] true=[3] merged=[1, 3]
234.6 fp=[1] true=[3] merged=[1, 3]
235.0 fp=[1] true=[3] merged=[1, 3]
235.3 fp=[1] true=[3] merged=[1, 3]
235.6 fp=[1] true=[3] merged=[1, 3]
235.9 fp=[1] true=[3] merged=[1, 3]
236.2 fp=[1] true=[3] merged=[1, 3]
236.5 fp=[1] true=[3] merged=[1, 3]
236.8 fp=[1] true=[3] merged=[1, 3]
237.2 fp=[1] true=[3] merged=[1, 3]
237.5 fp=[1] true=[3] merged=[1, 3]
237.8 fp=[1] true=[3] merged=[1, 3]
238.1 fp=[1] true=[3] merged=[1, 3]
238.4 fp=[1] true=[3] merged=[1, 3]
238.7 fp=[1] true=[3] merged=[1, 3]
239.0 fp=[1] true=[3] merged=[1, 3]
239.3 fp=[1] true=[3] merged=[1, 3]
239.7 fp=[1] true=[3] merged=[1, 3]
240.0 fp=[1] true=[3] merged=[1, 3]
240.3 fp=[1] true=[3] merged=[1, 3]
240.6 fp=[1] true=[3] merged=[1, 3]
240.9 fp=[1] true=[3] merged=[1, 3]
241.2 fp=[1] true=[3] merged=[1, 3]
241.5 fp=[1] true=[3] merged=[1, 3]
241.9 fp=[1] true=[3] merged=[1, 3]
242.2 fp=[1] true=[3] merged=[1, 3]
242.5 fp=[1] true=[3] merged=[1, 3]
242.8 fp=[1] true=[3] merged=[1, 3]
243.2 fp=[1] true=[3] merged=[1, 3]
243.5 fp=[1] true=[3] merged=[1, 3]
243.8 fp=[1] true=[3] merged=[1, 3]
244.1 fp=[1] true=[3] merged=[1, 3]
244.4 fp=[1] true=[3] merged=[1, 3]
244.7 fp=[1] true=[3] merged=[1, 3]
245.0 fp=[1] true=[3] merged=[1, 3]
245.3 fp=[1] true=[3] merged=[1, 3]
245.6 fp=[1] true=[3] merged=[1, 3]
246.0 fp=[1] true=[3] merged=[1, 3]
246.3 fp=[1] true=[3] merged=[1, 3]
246.6 fp=[1] true=[3] merged=[1, 3]
246.9 fp=[1] true=[3] merged=[1, 3]
247.2 fp=[1] true=[3] merged=[1, 3]
247.5 fp=[1] true=[3] merged=[1, 3]
247.8 fp=[1] true=[3] merged=[1, 3]
248.2 fp=[1] true=[3] merged=[1, 3]
248.5 fp=[1] true=[3] merged=[1, 3]
248.8 fp=[1] true=[3] merged=[1, 3]
249.1 fp=[1] true=[3] merged=[1, 3]
249.4 fp=[1] true=[3] merged=[1, 3]
249.7 fp=[1] true=[3] merged=[1, 3]
250.0 fp=[1] true=[3] merged=[1, 3]
250.3 fp=[1] true=[3] merged=[1, 3]
250.6 fp=[1] true=[3] merged=[1, 3]
251.0 fp=[1] true=[3] merged=[1, 3]
251.3 fp=[1] true=[3] merged=[1, 3]
251.6 fp=[1] true=[3] merged=[1, 3]
251.9 fp=[1] true=[3] merged=[1, 3]
252.2 fp=[1] true=[3] merged=[1, 3]
252.5 fp=[1] true=[3] merged=[1, 3]
252.8 fp=[1] true=[3] merged=[1, 3]
253.2 fp=[1] true=[3] merged=[1, 3]
253.5 fp=[1] true=[3] merged=[1, 3]
253.8 fp=[1] true=[3] merged=[1, 3]
254.1 fp=[1] true=[3] merged=[1, 3]
254.4 fp=[1] true=[3] merged=[1, 3]
254.7 fp=[1] true=[3] merged=[1, 3]
255.1 fp=[1] true=[3] merged=[1, 3]
255.4 fp=[1] true=[3] merged=[1, 3]
255.7 fp=[1] true=[3] merged=[1, 3]
256.0 fp=[1] true=[3] merged=[1, 3]
256.3 fp=[1] true=[3] merged=[1, 3]
256.6 fp=[1] true=[3] merged=[1, 3]
257.0 fp=[1] true=[3] merged=[1, 3]
257.3 fp=[1] true=[3] merged=[1, 3]
257.6 fp=[1] true=[3] merged=[1, 3]
257.9 fp=[1] true=[3] merged=[1, 3]
258.2 fp=[1] true=[3] merged=[1, 3]
258.5 fp=[1] true=[3] merged=[1, 3]
258.8 fp=[1] true=[3] merged=[1, 3]
259.1 fp=[1] true=[3] merged=[1, 3]
259.5 fp=[1] true=[3] merged=[1, 3]
259.8 fp=[1] true=[3] merged=[1, 3]
260.1 fp=[1] true=[3] merged=[1, 3]
260.4 fp=[1] true=[3] merged=[1, 3]
260.7 fp=[1] true=[3] merged=[1, 3]
261.0 fp=[1] true=[3] merged=[1, 3]
261.3 fp=[1] true=[3] merged=[1, 3]
261.6 fp=[1] true=[3] merged=[1, 3]
261.9 fp=[1] true=[3] merged=[1, 3]
262.3 fp=[1] true=[3] merged=[1, 3]
262.6 fp=[1] true=[3] merged=[1, 3]
262.9 fp=[1] true=[3] merged=[1, 3]
263.2 fp=[1] true=[3] merged=[1, 3]
263.5 fp=[1] true=[3] merged=[1, 3]
263.9 fp=[1] true=[3] merged=[1, 3]
264.2 fp=[1] true=[3] merged=[1, 3]
264.5 fp=[1] true=[3] merged=[1, 3]
264.8 fp=[1] true=[3] merged=[1, 3]
265.1 fp=[1] true=[3] merged=[1, 3]
265.4 fp=[1] true=[3] merged=[1, 3]
265.8 fp=[1] true=[3] merged=[1, 3]
266.1 fp=[1] true=[3] merged=[1, 3]
266.4 fp=[1] true=[3] merged=[1, 3]
266.7 fp=[1] true=[3] merged=[1, 3]
267.0 fp=[1] true=[3] merged=[1, 3]
267.3 fp=[1] true=[3] merged=[1, 3]
267.6 fp=[1] true=[3] merged=[1, 3]
267.9 fp=[1] true=[3] merged=[1, 3]
268.3 fp=[1] true=[3] merged=[1, 3]
268.6 fp=[1] true=[3] merged=[1, 3]
268.9 fp=[1] true=[3] merged=[1, 3]
269.2 fp=[1] true=[3] merged=[1, 3]
269.5 fp=[1] true=[3] merged=[1, 3]
269.8 fp=[1] true=[3] merged=[1, 3]
270.1 fp=[1] true=[3] merged=[1, 3]
270.5 fp=[1] true=[3] merged=[1, 3]
270.8 fp=[1] true=[3] merged=[1, 3]
271.1 fp=[1] true=[3] merged=[1, 3]
271.4 fp=[1] true=[3] merged=[1, 3]
271.7 fp=[1] true=[3] merged=[1, 3]
272.0 fp=[1] true=[3] merged=[1, 3]
272.4 fp=[1] true=[3] merged=[1, 3]
272.7 fp=[1] true=[3] merged=[1, 3]
273.0 fp=[1] true=[3] merged=[1, 3]
273.3 fp=[1] true=[3] merged=[1, 3]
273.6 fp=[1] true=[3] merged=[1, 3]
273.9 fp=[1] true=[3] merged=[1, 3]
274.2 fp=[1] true=[3] merged=[1, 3]
274.5 fp=[1] true=[3] merged=[1, 3]
274.8 fp=[1] true=[3] merged=[1, 3]
275.2 fp=[1] true=[3] merged=[1, 3]
275.5 fp=[1] true=[3] merged=[1, 3]
275.8 fp=[1] true=[3] merged=[1, 3]
276.1 fp=[1] true=[3] merged=[1, 3]
276.4 fp=[1] true=[3] merged=[1, 3]
276.7 fp=[1] true=[3] merged=[1, 3]
277.0 fp=[1] true=[3] merged=[1, 3]
277.4 fp=[1] true=[3] merged=[1, 3]
277.7 fp=[1] true=[3] merged=[1, 3]
278.0 fp=[1] true=[3] merged=[1, 3]
278.3 fp=[1] true=[3] merged=[1, 3]
278.6 fp=[1] true=[3] merged=[1, 3]
278.9 fp=[1] true=[3] merged=[1, 3]
279.2 fp=[1] true=[3] merged=[1, 3]
279.5 fp=[1] true=[3] merged=[1, 3]
279.9 fp=[1] true=[3] merged=[1, 3]
280.2 fp=[1] true=[3] merged=[1, 3]
280.5 fp=[1] true=[3] merged=[1, 3]
280.8 fp=[1] true=[3] merged=[1, 3]
281.1 fp=[1] true=[3] merged=[1, 3]
281.4 fp=[1] true=[3] merged=[1, 3]
281.7 fp=[1] true=[3] merged=[1, 3]
282.0 fp=[1] true=[3] merged=[1, 3]
282.3 fp=[1] true=[3] merged=[1, 3]
282.7 fp=[1] true=[3] merged=[1, 3]
283.0 fp=[1] true=[3] merged=[1, 3]
283.3 fp=[1] true=[3] merged=[1, 3]
283.6 fp=[1] true=[3] merged=[1, 3]
283.9 fp=[1] true=[3] merged=[1, 3]
284.2 fp=[1] true=[3] merged=[1, 3]
284.6 fp=[1] true=[3] merged=[1, 3]
284.9 fp=[1] true=[3] merged=[1, 3]
285.2 fp=[1] true=[3] merged=[1, 3]
285.5 fp=[1] true=[3] merged=[1, 3]
285.8 fp=[1] true=[3] merged=[1, 3]
286.2 fp=[1] true=[3] merged=[1, 3]
286.5 fp=[1] true=[3] merged=[1, 3]
286.8 fp=[1] true=[3] merged=[1, 3]
287.1 fp=[1] true=[3] merged=[1, 3]
287.4 fp=[1] true=[3] merged=[1, 3]
287.7 fp=[1] true=[3] merged=[1, 3]
288.1 fp=[1] true=[3] merged=[1, 3]
288.4 fp=[1] true=[3] merged=[1, 3]
288.7 fp=[1] true=[3] merged=[1, 3]
289.0 fp=[1] true=[3] merged=[1, 3]
289.3 fp=[1] true=[3] merged=[1, 3]
289.6 fp=[1] true=[3] merged=[1, 3]
289.9 fp=[1] true=[3] merged=[1, 3]
290.3 fp=[1] true=[3] merged=[1, 3]
290.6 fp=[1] true=[3] merged=[1, 3]
290.9 fp=[1] true=[3] merged=[1, 3]
291.2 fp=[1] true=[3] merged=[1, 3]
291.5 fp=[1] true=[3] merged=[1, 3]
291.8 fp=[1] true=[3] merged=[1, 3]
292.1 fp=[1] true=[3] merged=[1, 3]
292.4 fp=[1] true=[3] merged=[1, 3]
292.8 fp=[1] true=[3] merged=[1, 3]
293.1 fp=[1] true=[3] merged=[1, 3]
293.4 fp=[1] true=[3] merged=[1, 3]
293.7 fp=[1] true=[3] merged=[1, 3]
294.1 fp=[1] true=[3] merged=[1, 3]
294.4 fp=[1] true=[3] merged=[1, 3]
294.7 fp=[1] true=[3] merged=[1, 3]
295.0 fp=[1] true=[3] merged=[1, 3]
295.3 fp=[1] true=[3] merged=[1, 3]
295.6 fp=[1] true=[3] merged=[1, 3]
295.9 fp=[1] true=[3] merged=[1, 3]
296.3 fp=[1] true=[3] merged=[1, 3]
296.6 fp=[1] true=[3] merged=[1, 3]
296.9 fp=[1] true=[3] merged=[1, 3]
297.2 fp=[1] true=[3] merged=[1, 3]
297.5 fp=[1] true=[3] merged=[1, 3]
297.8 fp=[1] true=[3] merged=[1, 3]
298.1 fp=[1] true=[3] merged=[1, 3]
298.5 fp=[1] true=[3] merged=[1, 3]
298.8 fp=[1] true=[3] merged=[1, 3]
299.1 fp=[1] true=[3] merged=[1, 3]
299.4 fp=[1] true=[3] merged=[1, 3]
299.7 fp=[1] true=[3] merged=[1, 3]
300.1 fp=[1] true=[3] merged=[1, 3]
300.4 fp=[1] true=[3] merged=[1, 3]
300.7 fp=[1] true=[3] merged=[1, 3]
301.0 fp=[1] true=[3] merged=[1, 3]
301.3 fp=[1] true=[3] merged=[1, 3]
301.6 fp=[1] true=[3] merged=[1, 3]
302.0 fp=[1] true=[3] merged=[1, 3]
302.3 fp=[1] true=[3] merged=[1, 3]
302.6 fp=[1] true=[3] merged=[1, 3]
302.9 fp=[1] true=[3] merged=[1, 3]
303.2 fp=[1] true=[3] merged=[1, 3]
303.5 fp=[1] true=[3] merged=[1, 3]
303.8 fp=[1] true=[3] merged=[1, 3]
304.1 fp=[1] true=[3] merged=[1, 3]
304.5 fp=[1] true=[3] merged=[1, 3]
304.8 fp=[1] true=[3] merged=[1, 3]
305.1 fp=[1] true=[3] merged=[1, 3]
305.4 fp=[1] true=[3] merged=[1, 3]
305.7 fp=[1] true=[3] merged=[1, 3]
306.0 fp=[1] true=[3] merged=[1, 3]
306.3 fp=[1] true=[3] merged=[1, 3]
306.6 fp=[1] true=[3] merged=[1, 3]
307.0 fp=[1] true=[3] merged=[1, 3]
307.3 fp=[1] true=[3] merged=[1, 3]
307.6 fp=[1] true=[3] merged=[1, 3]
307.9 fp=[1] true=[3] merged=[1, 3]
308.2 fp=[1] true=[3] merged=[1, 3]
308.5 fp=[1] true=[3] merged=[1, 3]
308.9 fp=[1] true=[3] merged=[1, 3]
309.2 fp=[6] true=[3] merged=[3, 6]
309.5 fp=[6] true=[3] merged=[3, 6]
309.8 fp=[6] true=[3] merged=[3, 6]
310.1 fp=[6] true=[3] merged=[3, 6]
310.4 fp=[6] true=[3] merged=[3, 6]
310.8 fp=[6] true=[3] merged=[3, 6]
311.1 fp=[5] true=[3] merged=[3, 5]
311.4 fp=[5] true=[3] merged=[3, 5]
311.7 fp=[5] true=[3] merged=[3, 5]
312.0 fp=[5] true=[3] merged=[3, 5]
312.3 fp=[5] true=[3] merged=[3, 5]
312.7 fp=[5] true=[3] merged=[3, 5]
313.0 fp=[5] true=[3] merged=[3, 5]
313.3 fp=[5] true=[3] merged=[3, 5]
313.6 fp=[5] true=[3] merged=[3, 5]
313.9 fp=[5] true=[3] merged=[3, 5]
314.2 fp=[4] true=[3] merged=[3, 4]
314.5 fp=[4] true=[3] merged=[3, 4]
314.8 fp=[4] true=[3] merged=[3, 4]
315.2 fp=[4] true=[3] merged=[3, 4]
315.5 fp=[4] true=[3] merged=[3, 4]
315.8 fp=[4] true=[3] merged=[3, 4]
316.1 fp=[4] true=[3] merged=[3, 4]
316.4 fp=[4] true=[3] merged=[3, 4]
316.7 fp=[4] true=[3] merged=[3, 4]
317.0 fp=[4] true=[3] merged=[3, 4]
317.3 fp=[4] true=[3] merged=[3, 4]
317.6 fp=[4] true=[3] merged=[3, 4]
318.0 fp=[4] true=[3] merged=[3, 4]
318.3 fp=[4] true=[3] merged=[3, 4]
318.6 fp=[4] true=[3] merged=[3, 4]
318.9 fp=[4] true=[3] merged=[3, 4]
319.2 fp=[4] true=[3] merged=[3, 4]
319.5 fp=[4] true=[3] merged=[3, 4]
319.9 fp=[4] true=[3] merged=[3, 4]
320.2 fp=[4] true=[3] merged=[3, 4]
320.5 fp=[4] true=[3] merged=[3, 4]
320.8 fp=[4] true=[3] merged=[3, 4]
321.1 fp=[4] true=[3] merged=[3, 4]
321.4 fp=[4] true=[3] merged=[3, 4]
321.7 fp=[4] true=[3] merged=[3, 4]
322.0 fp=[4] true=[3] merged=[3, 4]
322.3 fp=[4] true=[3] merged=[3, 4]
322.7 fp=[4] true=[3] merged=[3, 4]
323.0 fp=[4] true=[3] merged=[3, 4]
323.3 fp=[4] true=[3] merged=[3, 4]
323.6 fp=[4] true=[3] merged=[3, 4]
323.9 fp=[4] true=[3] merged=[3, 4]
324.2 fp=[4] true=[3] merged=[3, 4]
324.5 fp=[4] true=[3] merged=[3, 4]
324.8 fp=[4] true=[3] merged=[3, 4]
325.1 fp=[4] true=[3] merged=[3, 4]
325.4 fp=[4] true=[3] merged=[3, 4]
325.8 fp=[4] true=[3] merged=[3, 4]
326.1 fp=[4] true=[3] merged=[3, 4]
326.4 fp=[4] true=[3] merged=[3, 4]
326.7 fp=[4] true=[3] merged=[3, 4]
327.0 fp=[4] true=[3] merged=[3, 4]
327.3 fp=[4] true=[3] merged=[3, 4]
327.6 fp=[4] true=[3] merged=[3, 4]
327.9 fp=[4] true=[3] merged=[3, 4]
328.3 fp=[4] true=[3] merged=[3, 4]
328.6 fp=[4] true=[3] merged=[3, 4]
328.9 fp=[4] true=[3] merged=[3, 4]
329.2 fp=[4] true=[3] merged=[3, 4]
329.5 fp=[4] true=[3] merged=[3, 4]
329.8 fp=[4] true=[3] merged=[3, 4]
330.1 fp=[4] true=[3] merged=[3, 4]
330.5 fp=[4] true=[3] merged=[3, 4]
330.8 fp=[4] true=[3] merged=[3, 4]
331.1 fp=[1] true=[3] merged=[1, 3]
331.4 fp=[1] true=[3] merged=[1, 3]
331.7 fp=[1] true=[3] merged=[1, 3]
332.0 fp=[1] true=[3] merged=[1, 3]
332.3 fp=[1] true=[3] merged=[1, 3]
332.6 fp=[1] true=[3] merged=[1, 3]
333.0 fp=[1] true=[3] merged=[1, 3]
333.3 fp=[1] true=[3] merged=[1, 3]
333.6 fp=[1] true=[3] merged=[1, 3]
333.9 fp=[1] true=[3] merged=[1, 3]
334.2 fp=[1] true=[3] merged=[1, 3]
334.5 fp=[1] true=[3] merged=[1, 3]
334.8 fp=[1] true=[3] merged=[1, 3]
335.1 fp=[1] true=[3] merged=[1, 3]
335.5 fp=[1] true=[3] merged=[1, 3]
335.8 fp=[1] true=[3] merged=[1, 3]
336.1 fp=[1] true=[3] merged=[1, 3]
336.4 fp=[1] true=[3] merged=[1, 3]
336.7 fp=[1] true=[3] merged=[1, 3]
337.0 fp=[1] true=[3] merged=[1, 3]
337.3 fp=[1] true=[3] merged=[1, 3]
337.7 fp=[1] true=[3] merged=[1, 3]
338.0 fp=[1] true=[3] merged=[1, 3]
338.3 fp=[1] true=[3] merged=[1, 3]
338.6 fp=[1] true=[3] merged=[1, 3]
338.9 fp=[1] true=[3] merged=[1, 3]
339.2 fp=[1] true=[3] merged=[1, 3]
339.5 fp=[1] true=[3] merged=[1, 3]
339.8 fp=[1] true=[3] merged=[1, 3]
340.2 fp=[1] true=[3] merged=[1, 3]
340.5 fp=[1] true=[3] merged=[1, 3]
340.8 fp=[1] true=[3] merged=[1, 3]
341.1 fp=[1] true=[3] merged=[1, 3]
341.4 fp=[1] true=[3] merged=[1, 3]
341.7 fp=[1] true=[3] merged=[1, 3]
342.0 fp=[1] true=[3] merged=[1, 3]
342.3 fp=[1] true=[3] merged=[1, 3]
342.6 fp=[1] true=[3] merged=[1, 3]
343.0 fp=[1] true=[3] merged=[1, 3]
343.3 fp=[1] true=[3] merged=[1, 3]
343.6 fp=[1] true=[3] merged=[1, 3]
343.9 fp=[1] true=[3] merged=[1, 3]
344.2 fp=[1] true=[3] merged=[1, 3]
344.5 fp=[1] true=[3] merged=[1, 3]
344.8 fp=[1] true=[3] merged=[1, 3]
345.1 fp=[1] true=[3] merged=[1, 3]
345.5 fp=[1] true=[3] merged=[1, 3]
345.8 fp=[1] true=[3] merged=[1, 3]
346.1 fp=[1] true=[3] merged=[1, 3]
346.4 fp=[1] true=[3] merged=[1, 3]
346.7 fp=[1] true=[3] merged=[1, 3]
347.0 fp=[1] true=[3] merged=[1, 3]
347.4 fp=[1] true=[3] merged=[1, 3]
347.7 fp=[1] true=[3] merged=[1, 3]
348.0 fp=[1] true=[3] merged=[1, 3]
348.3 fp=[1] true=[3] merged=[1, 3]
348.6 fp=[1] true=[3] merged=[1, 3]
348.9 fp=[1] true=[3] merged=[1, 3]
349.2 fp=[1] true=[3] merged=[1, 3]
349.5 fp=[1] true=[3] merged=[1, 3]
349.8 fp=[1] true=[3] merged=[1, 3]
350.2 fp=[1] true=[3] merged=[1, 3]
350.5 fp=[1] true=[3] merged=[1, 3]
350.8 fp=[1] true=[3] merged=[1, 3]
351.1 fp=[1] true=[3] merged=[1, 3]
351.4 fp=[1] true=[3] merged=[1, 3]
351.7 fp=[1] true=[3] merged=[1, 3]
352.0 fp=[1] true=[3] merged=[1, 3]
352.4 fp=[1] true=[3] merged=[1, 3]
352.7 fp=[1] true=[3] merged=[1, 3]
353.0 fp=[1] true=[3] merged=[1, 3]
353.3 fp=[1] true=[3] merged=[1, 3]
353.6 fp=[1] true=[3] merged=[1, 3]
353.9 fp=[1] true=[3] merged=[1, 3]
354.2 fp=[1] true=[3] merged=[1, 3]
354.6 fp=[1] true=[3] merged=[1, 3]
354.9 fp=[1] true=[3] merged=[1, 3]
355.2 fp=[1] true=[3] merged=[1, 3]
355.5 fp=[1] true=[3] merged=[1, 3]
355.8 fp=[1] true=[3] merged=[1, 3]
356.1 fp=[1] true=[3] merged=[1, 3]
356.4 fp=[1] true=[3] merged=[1, 3]
356.7 fp=[1] true=[3] merged=[1, 3]
357.0 fp=[1] true=[3] merged=[1, 3]
357.4 fp=[1] true=[3] merged=[1, 3]
357.7 fp=[1] true=[3] merged=[1, 3]
358.0 fp=[1] true=[3] merged=[1, 3]
358.3 fp=[1] true=[3] merged=[1, 3]
358.6 fp=[1] true=[3] merged=[1, 3]
358.9 fp=[1] true=[3] merged=[1, 3]
359.2 fp=[1] true=[3] merged=[1, 3]
359.5 fp=[1] true=[3] merged=[1, 3]
359.9 fp=[1] true=[3] merged=[1, 3]
360.2 fp=[1] true=[3] merged=[1, 3]
360.5 fp=[1] true=[3] merged=[1, 3]
360.8 fp=[1] true=[3] merged=[1, 3]
361.1 fp=[1] true=[3] merged=[1, 3]
361.4 fp=[1] true=[3] merged=[1, 3]
361.7 fp=[1] true=[3] merged=[1, 3]
362.1 fp=[1] true=[3] merged=[1, 3]
362.4 fp=[1] true=[3] merged=[1, 3]
362.7 fp=[1] true=[3] merged=[1, 3]
363.0 fp=[1] true=[3] merged=[1, 3]
363.3 fp=[1] true=[3] merged=[1, 3]
363.6 fp=[1] true=[3] merged=[1, 3]
363.9 fp=[1] true=[3] merged=[1, 3]
364.2 fp=[2] true=[3] merged=[2, 3]
364.6 fp=[2] true=[3] merged=[2, 3]
364.9 fp=[2] true=[3] merged=[2, 3]
365.2 fp=[2] true=[3] merged=[2, 3]
365.5 fp=[2] true=[3] merged=[2, 3]
365.8 fp=[2] true=[3] merged=[2, 3]
366.1 fp=[2] true=[3] merged=[2, 3]
366.4 fp=[2] true=[3] merged=[2, 3]
366.7 fp=[2] true=[3] merged=[2, 3]
367.1 fp=[2] true=[3] merged=[2, 3]
367.4 fp=[2] true=[3] merged=[2, 3]
367.7 fp=[2] true=[3] merged=[2, 3]
368.0 fp=[2] true=[3] merged=[2, 3]
368.3 fp=[2] true=[3] merged=[2, 3]
368.6 fp=[2] true=[3] merged=[2, 3]
368.9 fp=[2] true=[3] merged=[2, 3]
369.2 fp=[2] true=[3] merged=[2, 3]
369.5 fp=[2] true=[3] merged=[2, 3]
369.9 fp=[2] true=[3] merged=[2, 3]
370.2 fp=[2] true=[3] merged=[2, 3]
370.5 fp=[2] true=[3] merged=[2, 3]
370.8 fp=[2] true=[3] merged=[2, 3]
371.1 fp=[2] true=[3] merged=[2, 3]
371.4 fp=[2] true=[3] merged=[2, 3]
371.7 fp=[2] true=[3] merged=[2, 3]
372.0 fp=[2] true=[3] merged=[2, 3]
372.3 fp=[2] true=[3] merged=[2, 3]
372.7 fp=[2] true=[3] merged=[2, 3]
373.0 fp=[2] true=[3] merged=[2, 3]
373.3 fp=[2] true=[3] merged=[2, 3]
373.6 fp=[2] true=[3] merged=[2, 3]
373.9 fp=[2] true=[3] merged=[2, 3]
374.2 fp=[2] true=[3] merged=[2, 3]
374.5 fp=[2] true=[3] merged=[2, 3]
374.8 fp=[2] true=[3] merged=[2, 3]
375.2 fp=[2] true=[3] merged=[2, 3]
375.5 fp=[2] true=[3] merged=[2, 3]
375.8 fp=[2] true=[3] merged=[2, 3]
376.1 fp=[2] true=[3] merged=[2, 3]
376.4 fp=[2] true=[3] merged=[2, 3]
376.7 fp=[2] true=[3] merged=[2, 3]
377.0 fp=[2] true=[3] merged=[2, 3]
377.3 fp=[2] true=[3] merged=[2, 3]
377.7 fp=[2] true=[3] merged=[2, 3]
378.0 fp=[2] true=[3] merged=[2, 3]
378.3 fp=[1] true=[3] merged=[1, 3]
378.6 fp=[1] true=[3] merged=[1, 3]
378.9 fp=[1] true=[3] merged=[1, 3]
379.2 fp=[1] true=[3] merged=[1, 3]
379.5 fp=[1] true=[3] merged=[1, 3]
379.8 fp=[1] true=[3] merged=[1, 3]
380.1 fp=[1] true=[3] merged=[1, 3]
380.5 fp=[1] true=[3] merged=[1, 3]
380.8 fp=[1] true=[3] merged=[1, 3]
381.1 fp=[1] true=[3] merged=[1, 3]
381.4 fp=[1] true=[3] merged=[1, 3]
381.7 fp=[1] true=[3] merged=[1, 3]
382.0 fp=[1] true=[3] merged=[1, 3]
382.3 fp=[1] true=[3] merged=[1, 3]
382.6 fp=[1] true=[3] merged=[1, 3]
382.9 fp=[1] true=[3] merged=[1, 3]
383.3 fp=[1] true=[3] merged=[1, 3]
383.6 fp=[1] true=[3] merged=[1, 3]
383.9 fp=[1] true=[3] merged=[1, 3]
384.2 fp=[1] true=[3] merged=[1, 3]
384.5 fp=[1] true=[3] merged=[1, 3]
384.8 fp=[1] true=[3] merged=[1, 3]
385.1 fp=[1] true=[3] merged=[1, 3]
385.4 fp=[1] true=[3] merged=[1, 3]
385.8 fp=[1] true=[3] merged=[1, 3]
386.1 fp=[1] true=[3] merged=[1, 3]
386.4 fp=[1] true=[3] merged=[1, 3]
386.7 fp=[1] true=[3] merged=[1, 3]
387.0 fp=[1] true=[3] merged=[1, 3]
387.4 fp=[1] true=[3] merged=[1, 3]
387.7 fp=[1] true=[3] merged=[1, 3]
388.0 fp=[1] true=[3] merged=[1, 3]
388.3 fp=[1] true=[3] merged=[1, 3]
388.6 fp=[1] true=[3] merged=[1, 3]
