# start rate=20 seed=2 dur=420 n=7 target=3 events=77
2.2 fp=[1] true=[3] merged=[1, 3]
2.5 fp=[1] true=[3] merged=[1, 3]
2.8 fp=[1] true=[3] merged=[1, 3]
3.1 fp=[1] true=[3] merged=[1, 3]
3.4 fp=[1] true=[3] merged=[1, 3]
3.7 fp=[1] true=[3] merged=[1, 3]
4.0 fp=[1] true=[3] merged=[1, 3]
4.4 fp=[1] true=[3] merged=[1, 3]
4.7 fp=[1] true=[3] merged=[1, 3]
5.0 fp=[1] true=[3] merged=[1, 3]
5.3 fp=[1] true=[3] merged=[1, 3]
5.6 fp=[1] true=[3] merged=[1, 3]
5.9 fp=[1] true=[3] merged=[1, 3]
6.2 fp=[1] true=[3] merged=[1, 3]
6.6 fp=[1] true=[3] merged=[1, 3]
6.9 fp=[1] true=[3] merged=[1, 3]
7.2 fp=[1] true=[3] merged=[1, 3]
7.5 fp=[1] true=[3] merged=[1, 3]
7.8 fp=[1] true=[3] merged=[1, 3]
8.1 fp=[1] true=[3] merged=[1, 3]
8.4 fp=[1] true=[3] merged=[1, 3]
8.7 fp=[1] true=[3] merged=[1, 3]
9.0 fp=[1] true=[3] merged=[1, 3]
9.3 fp=[1] true=[3] merged=[1, 3]
9.7 fp=[1] true=[3] merged=[1, 3]
10.0 fp=[1] true=[3] merged=[1, 3]
10.3 fp=[1] true=[3] merged=[1, 3]
10.6 fp=[1] true=[3] merged=[1, 3]
10.9 fp=[1] true=[3] merged=[1, 3]
11.2 fp=[1] true=[3] merged=[1, 3]
11.6 fp=[1] true=[3] merged=[1, 3]
11.9 fp=[1] true=[3] merged=[1, 3]
12.2 fp=[1] true=[3] merged=[1, 3]
12.5 fp=[1] true=[3] merged=[1, 3]
12.8 fp=[1] true=[3] merged=[1, 3]
13.1 fp=[1] true=[3] merged=[1, 3]
13.4 fp=[1] true=[3] merged=[1, 3]
13.7 fp=[1] true=[3] merged=[1, 3]
14.0 fp=[1] true=[3] merged=[1, 3]
14.4 fp=[1] true=[3] merged=[1, 3]
14.7 fp=[1] true=[3] merged=[1, 3]
15.0 fp=[1] true=[3] merged=[1, 3]
15.3 fp=[1] true=[3] merged=[1, 3]
15.6 fp=[1] true=[3] merged=[1, 3]
15.9 fp=[1] true=[3] merged=[1, 3]
16.3 fp=[1] true=[3] merged=[1, 3]
16.6 fp=[1] true=[3] merged=[1, 3]
16.9 fp=[1] true=[3] merged=[1, 3]
17.2 fp=[1] true=[3] merged=[1, 3]
17.5 fp=[1] true=[3] merged=[1, 3]
17.8 fp=[1] true=[3] merged=[1, 3]
18.1 fp=[1] true=[3] merged=[1, 3]
18.5 fp=[1] true=[3] merged=[1, 3]
18.8 fp=[1] true=[3] merged=[1, 3]
19.1 fp=[1] true=[3] merged=[1, 3]
19.4 fp=[1] true=[3] merged=[1, 3]
19.7 fp=[1] true=[3] merged=[1, 3]
20.0 fp=[1] true=[3] merged=[1, 3]
20.3 fp=[1] true=[3] merged=[1, 3]
20.6 fp=[1] true=[3] merged=[1, 3]
20.9 fp=[1] true=[3] merged=[1, 3]
21.3 fp=[1] true=[3] merged=[1, 3]
21.6 fp=[1] true=[3] merged=[1, 3]
21.9 fp=[1] true=[3] merged=[1, 3]
25.3 fp=[5] true=[3] merged=[3, 5]
25.6 fp=[5] true=[3] merged=[3, 5]
25.9 fp=[5] true=[3] merged=[3, 5]
26.2 fp=[5] true=[3] merged=[3, 5]
26.6 fp=[5] true=[3] merged=[3, 5]
26.9 fp=[5] true=[3] merged=[3, 5]
27.2 fp=[5] true=[3] merged=[3, 5]
27.5 fp=[5] true=[3] merged=[3, 5]
27.8 fp=[5] true=[3] merged=[3, 5]
28.2 fp=[5] true=[3] merged=[3, 5]
28.5 fp=[5] true=[3] merged=[3, 5]
28.8 fp=[5] true=[3] merged=[3, 5]
29.1 fp=[5] true=[3] merged=[3, 5]
29.4 fp=[5] true=[3] merged=[3, 5]
29.7 fp=[5] true=[3] merged=[3, 5]
30.0 fp=[4] true=[3] merged=[3, 4]
30.3 fp=[4] true=[3] merged=[3, 4]
30.7 fp=[4] true=[3] merged=[3, 4]
31.0 fp=[4] true=[3] merged=[3, 4]
31.3 fp=[4] true=[3] merged=[3, 4]
31.6 fp=[4] true=[3] merged=[3, 4]
31.9 fp=[4] true=[3] merged=[3, 4]
32.2 fp=[4] true=[3] merged=[3, 4]
32.5 fp=[4] true=[3] merged=[3, 4]
32.8 fp=[4] true=[3] merged=[3, 4]
33.1 fp=[4] true=[3] merged=[3, 4]
33.4 fp=[4] true=[3] merged=[3, 4]
33.8 fp=[4] true=[3] merged=[3, 4]
34.1 fp=[4] true=[3] merged=[3, 4]
34.4 fp=[4] true=[3] merged=[3, 4]
34.7 fp=[4] true=[3] merged=[3, 4]
35.0 fp=[4] true=[3] merged=[3, 4]
35.3 fp=[4] true=[3] merged=[3, 4]
35.6 fp=[4] true=[3] merged=[3, 4]
35.9 fp=[4] true=[3] merged=[3, 4]
36.3 fp=[4] true=[3] merged=[3, 4]
36.6 fp=[4] true=[3] merged=[3, 4]
36.9 fp=[4] true=[3] merged=[3, 4]
37.2 fp=[4] true=[3] merged=[3, 4]
37.5 fp=[4] true=[3] merged=[3, 4]
37.9 fp=[4] true=[3] merged=[3, 4]
38.2 fp=[4] true=[3] merged=[3, 4]
38.5 fp=[4] true=[3] merged=[3, 4]
38.8 fp=[4] true=[3] merged=[3, 4]
39.1 fp=[1] true=[3] merged=[1, 3]
39.4 fp=[1] true=[3] merged=[1, 3]
39.7 fp=[1] true=[3] merged=[1, 3]
40.1 fp=[1] true=[3] merged=[1, 3]
40.4 fp=[1] true=[3] merged=[1, 3]
40.7 fp=[1] true=[3] merged=[1, 3]
41.0 fp=[1] true=[3] merged=[1, 3]
41.3 fp=[1] true=[3] merged=[1, 3]
41.6 fp=[1] true=[3] merged=[1, 3]
42.0 fp=[1] true=[3] merged=[1, 3]
42.3 fp=[1] true=[3] merged=[1, 3]
42.6 fp=[1] true=[3] merged=[1, 3]
42.9 fp=[1] true=[3] merged=[1, 3]
43.2 fp=[1] true=[3] merged=[1, 3]
43.5 fp=[1] true=[3] merged=[1, 3]
43.8 fp=[1] true=[3] merged=[1, 3]
44.1 fp=[1] true=[3] merged=[1, 3]
44.4 fp=[1] true=[3] merged=[1, 3]
44.7 fp=[1] true=[3] merged=[1, 3]
45.1 fp=[1] true=[3] merged=[1, 3]
45.4 fp=[1] true=[3] merged=[1, 3]
45.7 fp=[1] true=[3] merged=[1, 3]
46.0 fp=[1] true=[3] merged=[1, 3]
46.3 fp=[1] true=[3] merged=[1, 3]
46.6 fp=[1] true=[3] merged=[1, 3]
46.9 fp=[1] true=[3] merged=[1, 3]
47.3 fp=[1] true=[3] merged=[1, 3]
47.6 fp=[1] true=[3] merged=[1, 3]
47.9 fp=[1] true=[3] merged=[1, 3]
48.2 fp=[1] true=[3] merged=[1, 3]
48.5 fp=[1] true=[3] merged=[1, 3]
48.8 fp=[1] true=[3] merged=[1, 3]
49.1 fp=[1] true=[3] merged=[1, 3]
49.5 fp=[1] true=[3] merged=[1, 3]
49.8 fp=[1] true=[3] merged=[1, 3]
50.1 fp=[1] true=[3] merged=[1, 3]
50.4 fp=[1] true=[3] merged=[1, 3]
50.7 fp=[1] true=[3] merged=[1, 3]
51.0 fp=[1] true=[3] merged=[1, 3]
51.3 fp=[1] true=[3] merged=[1, 3]
51.6 fp=[1] true=[3] merged=[1, 3]
52.0 fp=[1] true=[3] merged=[1, 3]
52.3 fp=[1] true=[3] merged=[1, 3]
52.6 fp=[1] true=[3] merged=[1, 3]
52.9 fp=[1] true=[3] merged=[1, 3]
53.2 fp=[1] true=[3] merged=[1, 3]
53.5 fp=[1] true=[3] merged=[1, 3]
53.8 fp=[1] true=[3] merged=[1, 3]
54.1 fp=[1] true=[3] merged=[1, 3]
54.4 fp=[1] true=[3] merged=[1, 3]
54.8 fp=[1] true=[3] merged=[1, 3]
55.1 fp=[1] true=[3] merged=[1, 3]
55.4 fp=[1] true=[3] merged=[1, 3]
55.7 fp=[1] true=[3] merged=[1, 3]
56.0 fp=[1] true=[3] merged=[1, 3]
56.3 fp=[1] true=[3] merged=[1, 3]
56.6 fp=[1] true=[3] merged=[1, 3]
56.9 fp=[1] true=[3] merged=[1, 3]
57.3 fp=[1] true=[3] merged=[1, 3]
57.6 fp=[1] true=[3] merged=[1, 3]
57.9 fp=[1] true=[3] merged=[1, 3]
58.2 fp=[1] true=[3] merged=[1, 3]
58.5 fp=[1] true=[3] merged=[1, 3]
58.8 fp=[1] true=[3] merged=[1, 3]
59.1 fp=[1] true=[3] merged=[1, 3]
59.5 fp=[1] true=[3] merged=[1, 3]
59.8 fp=[1] true=[3] merged=[1, 3]
60.1 fp=[1] true=[3] merged=[1, 3]
60.4 fp=[1] true=[3] merged=[1, 3]
60.7 fp=[1] true=[3] merged=[1, 3]
61.0 fp=[1] true=[3] merged=[1, 3]
61.3 fp=[1] true=[3] merged=[1, 3]
61.6 fp=[1] true=[3] merged=[1, 3]
62.0 fp=[1] true=[3] merged=[1, 3]
62.3 fp=[1] true=[3] merged=[1, 3]
62.6 fp=[1] true=[3] merged=[1, 3]
62.9 fp=[1] true=[3] merged=[1, 3]
63.2 fp=[1] true=[3] merged=[1, 3]
63.5 fp=[1] true=[3] merged=[1, 3]
63.9 fp=[1] true=[3] merged=[1, 3]
64.2 fp=[1] true=[3] merged=[1, 3]
64.5 fp=[1] true=[3] merged=[1, 3]
64.8 fp=[1] true=[3] merged=[1, 3]
65.1 fp=[1] true=[3] merged=[1, 3]
65.4 fp=[1] true=[3] merged=[1, 3]
65.7 fp=[1] true=[3] merged=[1, 3]
66.0 fp=[1] true=[3] merged=[1, 3]
66.3 fp=[1] true=[3] merged=[1, 3]
66.7 fp=[1] true=[3] merged=[1, 3]
67.0 fp=[1] true=[3] merged=[1, 3]
67.3 fp=[1] true=[3] merged=[1, 3]
67.6 fp=[1] true=[3] merged=[1, 3]
67.9 fp=[1] true=[3] merged=[1, 3]
68.3 fp=[1] true=[3] merged=[1, 3]
68.6 fp=[1] true=[3] merged=[1, 3]
68.9 fp=[1] true=[3] merged=[1, 3]
69.2 fp=[1] true=[3] merged=[1, 3]
69.5 fp=[1] true=[3] merged=[1, 3]
69.8 fp=[1] true=[3] merged=[1, 3]
70.1 fp=[1] true=[3] merged=[1, 3]
70.4 fp=[1] true=[3] merged=[1, 3]
70.7 fp=[1] true=[3] merged=[1, 3]
71.1 fp=[1] true=[3] merged=[1, 3]
71.4 fp=[1] true=[3] merged=[1, 3]
71.7 fp=[1] true=[3] merged=[1, 3]
72.0 fp=[1] true=[3] merged=[1, 3]
72.3 fp=[1] true=[3] merged=[1, 3]
72.6 fp=[1] true=[3] merged=[1, 3]
72.9 fp=[1] true=[3] merged=[1, 3]
73.2 fp=[1] true=[3] merged=[1, 3]
73.5 fp=[1] true=[3] merged=[1, 3]
73.9 fp=[1] true=[3] merged=[1, 3]
74.2 fp=[1] true=[3] merged=[1, 3]
74.5 fp=[1] true=[3] merged=[1, 3]
74.8 fp=[1] true=[3] merged=[1, 3]
75.1 fp=[1] true=[3] merged=[1, 3]
75.4 fp=[1] true=[3] merged=[1, 3]
75.7 fp=[1] true=[3] merged=[1, 3]
76.0 fp=[1] true=[3] merged=[1, 3]
76.3 fp=[1] true=[3] merged=[1, 3]
76.7 fp=[1] true=[3] merged=[1, 3]
77.0 fp=[1] true=[3] merged=[1, 3]
77.3 fp=[1] true=[3] merged=[1, 3]
77.6 fp=[1] true=[3] merged=[1, 3]
77.9 fp=[1] true=[3] merged=[1, 3]
78.2 fp=[1] true=[3] merged=[1, 3]
78.6 fp=[1] true=[3] merged=[1, 3]
78.9 fp=[1] true=[3] merged=[1, 3]
79.2 fp=[1] true=[3] merged=[1, 3]
79.5 fp=[1] true=[3] merged=[1, 3]
79.8 fp=[1] true=[3] merged=[1, 3]
80.1 fp=[1] true=[3] merged=[1, 3]
80.4 fp=[1] true=[3] merged=[1, 3]
80.8 fp=[1] true=[3] merged=[1, 3]
81.1 fp=[1] true=[3] merged=[1, 3]
81.4 fp=[1] true=[3] merged=[1, 3]
81.7 fp=[1] true=[3] merged=[1, 3]
82.0 fp=[1] true=[3] merged=[1, 3]
82.3 fp=[1] true=[3] merged=[1, 3]
82.7 fp=[1] true=[3] merged=[1, 3]
83.0 fp=[1] true=[3] merged=[1, 3]
83.3 fp=[1] true=[3] merged=[1, 3]
83.6 fp=[1] true=[3] merged=[1, 3]
83.9 fp=[1] true=[3] merged=[1, 3]
84.2 fp=[1] true=[3] merged=[1, 3]
84.6 fp=[1] true=[3] merged=[1, 3]
84.9 fp=[1] true=[3] merged=[1, 3]
85.2 fp=[1] true=[3] merged=[1, 3]
85.5 fp=[1] true=[3] merged=[1, 3]
85.8 fp=[1] true=[3] merged=[1, 3]
86.1 fp=[1] true=[3] merged=[1, 3]
86.5 fp=[1] true=[3] merged=[1, 3]
86.8 fp=[1] true=[3] merged=[1, 3]
87.1 fp=[1] true=[3] merged=[1, 3]
87.4 fp=[1] true=[3] merged=[1, 3]
87.7 fp=[1] true=[3] merged=[1, 3]
88.1 fp=[1] true=[3] merged=[1, 3]
88.4 fp=[1] true=[3] merged=[1, 3]
88.7 fp=[1] true=[3] merged=[1, 3]
89.0 fp=[1] true=[3] merged=[1, 3]
89.3 fp=[1] true=[3] merged=[1, 3]
89.6 fp=[1] true=[3] merged=[1, 3]
89.9 fp=[1] true=[3] merged=[1, 3]
90.2 fp=[1] true=[3] merged=[1, 3]
90.6 fp=[1] true=[3] merged=[1, 3]
90.9 fp=[1] true=[3] merged=[1, 3]
91.2 fp=[1] true=[3] merged=[1, 3]
91.5 fp=[1] true=[3] merged=[1, 3]
91.8 fp=[1] true=[3] merged=[1, 3]
92.1 fp=[1] true=[3] merged=[1, 3]
92.4 fp=[1] true=[3] merged=[1, 3]
92.7 fp=[1] true=[3] merged=[1, 3]
93.0 fp=[1] true=[3] merged=[1, 3]
93.4 fp=[1] true=[3] merged=[1, 3]
93.7 fp=[1] true=[3] merged=[1, 3]
94.0 fp=[1] true=[3] merged=[1, 3]
94.3 fp=[1] true=[3] merged=[1, 3]
94.6 fp=[1] true=[3] merged=[1, 3]
94.9 fp=[1] true=[3] merged=[1, 3]
95.2 fp=[1] true=[3] merged=[1, 3]
95.5 fp=[1] true=[3] merged=[1, 3]
95.8 fp=[1] true=[3] merged=[1, 3]
96.1 fp=[1] true=[3] merged=[1, 3]
96.5 fp=[1] true=[3] merged=[1, 3]
96.8 fp=[1] true=[3] merged=[1, 3]
97.1 fp=[1] true=[3] merged=[1, 3]
97.4 fp=[1] true=[3] merged=[1, 3]
97.7 fp=[1] true=[3] merged=[1, 3]
98.0 fp=[1] true=[3] merged=[1, 3]
98.4 fp=[1] true=[3] merged=[1, 3]
98.7 fp=[1] true=[3] merged=[1, 3]
99.0 fp=[1] true=[3] merged=[1, 3]
99.3 fp=[1] true=[3] merged=[1, 3]
99.6 fp=[1] true=[3] merged=[1, 3]
99.9 fp=[1] true=[3] merged=[1, 3]
100.2 fp=[1] true=[3] merged=[1, 3]
100.5 fp=[1] true=[3] merged=[1, 3]
100.9 fp=[1] true=[3] merged=[1, 3]
101.2 fp=[1] true=[3] merged=[1, 3]
101.5 fp=[1] true=[3] merged=[1, 3]
101.8 fp=[1] true=[3] merged=[1, 3]
102.1 fp=[5] true=[3] merged=[3, 5]
102.5 fp=[5] true=[3] merged=[3, 5]
102.8 fp=[5] true=[3] merged=[3, 5]
103.1 fp=[5] true=[3] merged=[3, 5]
103.4 fp=[5] true=[3] merged=[3, 5]
103.7 fp=[5] true=[3] merged=[3, 5]
104.0 fp=[5] true=[3] merged=[3, 5]
104.3 fp=[5] true=[3] merged=[3, 5]
104.7 fp=[5] true=[3] merged=[3, 5]
105.0 fp=[5] true=[3] merged=[3, 5]
105.3 fp=[5] true=[3] merged=[3, 5]
105.6 fp=[5] true=[3] merged=[3, 5]
105.9 fp=[5] true=[3] merged=[3, 5]
106.2 fp=[5] true=[3] merged=[3, 5]
106.5 fp=[5] true=[3] merged=[3, 5]
106.9 fp=[5] true=[3] merged=[3, 5]
107.2 fp=[5] true=[3] merged=[3, 5]
107.5 fp=[5] true=[3] merged=[3, 5]
107.8 fp=[5] true=[3] merged=[3, 5]
108.2 fp=[5] true=[3] merged=[3, 5]
108.5 fp=[5] true=[3] merged=[3, 5]
108.8 fp=[5] true=[3] merged=[3, 5]
109.1 fp=[5] true=[3] merged=[3, 5]
109.4 fp=[5] true=[3] merged=[3, 5]
109.7 fp=[5] true=[3] merged=[3, 5]
110.0 fp=[5] true=[3] merged=[3, 5]
110.3 fp=[5] true=[3] merged=[3, 5]
110.6 fp=[5] true=[3] merged=[3, 5]
111.0 fp=[5] true=[3] merged=[3, 5]
111.3 fp=[5] true=[3] merged=[3, 5]
111.6 fp=[5] true=[3] merged=[3, 5]
111.9 fp=[5] true=[3] merged=[3, 5]
112.2 fp=[5] true=[3] merged=[3, 5]
112.5 fp=[5] true=[3] merged=[3, 5]
112.8 fp=[5] true=[3] merged=[3, 5]
113.1 fp=[5] true=[3] merged=[3, 5]
113.4 fp=[5] true=[3] merged=[3, 5]
113.8 fp=[5] true=[3] merged=[3, 5]
114.1 fp=[5] true=[3] merged=[3, 5]
114.4 fp=[5] true=[3] merged=[3, 5]
114.7 fp=[5] true=[3] merged=[3, 5]
115.0 fp=[5] true=[3] merged=[3, 5]
115.3 fp=[4] true=[3] merged=[3, 4]
115.6 fp=[4] true=[3] merged=[3, 4]
115.9 fp=[4] true=[3] merged=[3, 4]
116.3 fp=[4] true=[3] merged=[3, 4]
116.6 fp=[4] true=[3] merged=[3, 4]
116.9 fp=[4] true=[3] merged=[3, 4]
117.2 fp=[4] true=[3] merged=[3, 4]
117.5 fp=[4] true=[3] merged=[3, 4]
117.9 fp=[4] true=[3] merged=[3, 4]
118.2 fp=[4] true=[3] merged=[3, 4]
118.5 fp=[4] true=[3] merged=[3, 4]
118.8 fp=[4] true=[3] merged=[3, 4]
119.1 fp=[4] true=[3] merged=[3, 4]
119.4 fp=[4] true=[3] merged=[3, 4]
119.7 fp=[4] true=[3] merged=[3, 4]
120.0 fp=[4] true=[3] merged=[3, 4]
120.4 fp=[4] true=[3] merged=[3, 4]
120.7 fp=[4] true=[3] merged=[3, 4]
121.0 fp=[4] true=[3] merged=[3, 4]
121.3 fp=[4] true=[3] merged=[3, 4]
121.6 fp=[4] true=[3] merged=[3, 4]
121.9 fp=[4] true=[3] merged=[3, 4]
122.2 fp=[4] true=[3] merged=[3, 4]
122.5 fp=[4] true=[3] merged=[3, 4]
122.8 fp=[4] true=[3] merged=[3, 4]
123.2 fp=[4] true=[3] merged=[3, 4]
123.5 fp=[4] true=[3] merged=[3, 4]
123.8 fp=[4] true=[3] merged=[3, 4]
124.1 fp=[4] true=[3] merged=[3, 4]
124.4 fp=[4] true=[3] merged=[3, 4]
124.7 fp=[4] true=[3] merged=[3, 4]
125.0 fp=[4] true=[3] merged=[3, 4]
125.3 fp=[4] true=[3] merged=[3, 4]
125.6 fp=[4] true=[3] merged=[3, 4]
126.0 fp=[4] true=[3] merged=[3, 4]
126.3 fp=[4] true=[3] merged=[3, 4]
126.6 fp=[4] true=[3] merged=[3, 4]
126.9 fp=[4] true=[3] merged=[3, 4]
127.2 fp=[4] true=[3] merged=[3, 4]
127.5 fp=[4] true=[3] merged=[3, 4]
127.9 fp=[4] true=[3] merged=[3, 4]
128.2 fp=[4] true=[3] merged=[3, 4]
128.5 fp=[4] true=[3] merged=[3, 4]
128.8 fp=[4] true=[3] merged=[3, 4]
129.1 fp=[4] true=[3] merged=[3, 4]
129.4 fp=[4] true=[3] merged=[3, 4]
129.8 fp=[4] true=[3] merged=[3, 4]
130.1 fp=[4] true=[3] merged=[3, 4]
130.4 fp=[4] true=[3] merged=[3, 4]
130.7 fp=[4] true=[3] merged=[3, 4]
131.0 fp=[4] true=[3] merged=[3, 4]
131.3 fp=[4] true=[3] merged=[3, 4]
131.6 fp=[4] true=[3] merged=[3, 4]
132.0 fp=[4] true=[3] merged=[3, 4]
132.3 fp=[4] true=[3] merged=[3, 4]
132.6 fp=[4] true=[3] merged=[3, 4]
132.9 fp=[4] true=[3] merged=[3, 4]
133.2 fp=[4] true=[3] merged=[3, 4]
133.5 fp=[4] true=[3] merged=[3, 4]
133.8 fp=[4] true=[3] merged=[3, 4]
134.1 fp=[4] true=[3] merged=[3, 4]
134.5 fp=[4] true=[3] merged=[3, 4]
134.8 fp=[4] true=[3] merged=[3, 4]
135.1 fp=[5] true=[3] merged=[3, 5]
135.4 fp=[5] true=[3] merged=[3, 5]
135.7 fp=[5] true=[3] merged=[3, 5]
136.0 fp=[5] true=[3] merged=[3, 5]
136.3 fp=[5] true=[3] merged=[3, 5]
136.6 fp=[5] true=[3] merged=[3, 5]
137.0 fp=[5] true=[3] merged=[3, 5]
137.3 fp=[5] true=[3] merged=[3, 5]
137.6 fp=[5] true=[3] merged=[3, 5]
137.9 fp=[5] true=[3] merged=[3, 5]
138.2 fp=[5] true=[3] merged=[3, 5]
138.5 fp=[5] true=[3] merged=[3, 5]
138.8 fp=[5] true=[3] merged=[3, 5]
139.1 fp=[5] true=[3] merged=[3, 5]
139.5 fp=[5] true=[3] merged=[3, 5]
139.8 fp=[5] true=[3] merged=[3, 5]
140.1 fp=[5] true=[3] merged=[3, 5]
140.4 fp=[5] true=[3] merged=[3, 5]
140.7 fp=[5] true=[3] merged=[3, 5]
141.0 fp=[5] true=[3] merged=[3, 5]
141.3 fp=[5] true=[3] merged=[3, 5]
141.6 fp=[5] true=[3] merged=[3, 5]
141.9 fp=[5] true=[3] merged=[3, 5]
142.2 fp=[5] true=[3] merged=[3, 5]
142.6 fp=[5] true=[3] merged=[3, 5]
142.9 fp=[5] true=[3] merged=[3, 5]
143.2 fp=[4] true=[3] merged=[3, 4]
143.5 fp=[4] true=[3] merged=[3, 4]
143.8 fp=[4] true=[3] merged=[3, 4]
144.1 fp=[4] true=[3] merged=[3, 4]
144.5 fp=[4] true=[3] merged=[3, 4]
144.8 fp=[4] true=[3] merged=[3, 4]
145.1 fp=[4] true=[3] merged=[3, 4]
145.4 fp=[4] true=[3] merged=[3, 4]
145.7 fp=[4] true=[3] merged=[3, 4]
146.0 fp=[4] true=[3] merged=[3, 4]
146.3 fp=[4] true=[3] merged=[3, 4]
146.7 fp=[4] true=[3] merged=[3, 4]
147.0 fp=[4] true=[3] merged=[3, 4]
147.3 fp=[4] true=[3] merged=[3, 4]
147.6 fp=[4] true=[3] merged=[3, 4]
147.9 fp=[4] true=[3] merged=[3, 4]
148.2 fp=[2] true=[3] merged=[2, 3]
148.5 fp=[2] true=[3] merged=[2, 3]
148.8 fp=[2] true=[3] merged=[2, 3]
149.1 fp=[2] true=[3] merged=[2, 3]
149.5 fp=[2] true=[3] merged=[2, 3]
149.8 fp=[2] true=[3] merged=[2, 3]
150.1 fp=[2] true=[3] merged=[2, 3]
150.4 fp=[2] true=[3] merged=[2, 3]
150.7 fp=[2] true=[3] merged=[2, 3]
151.0 fp=[2] true=[3] merged=[2, 3]
151.3 fp=[2] true=[3] merged=[2, 3]
151.6 fp=[2] true=[3] merged=[2, 3]
152.0 fp=[2] true=[3] merged=[2, 3]
152.3 fp=[2] true=[3] merged=[2, 3]
152.6 fp=[2] true=[3] merged=[2, 3]
152.9 fp=[2] true=[3] merged=[2, 3]
153.2 fp=[2] true=[3] merged=[2, 3]
153.5 fp=[2] true=[3] merged=[2, 3]
153.8 fp=[2] true=[3] merged=[2, 3]
154.1 fp=[2] true=[3] merged=[2, 3]
154.4 fp=[2] true=[3] merged=[2, 3]
154.7 fp=[2] true=[3] merged=[2, 3]
155.1 fp=[2] true=[3] merged=[2, 3]
155.4 fp=[2] true=[3] merged=[2, 3]
155.7 fp=[2] true=[3] merged=[2, 3]
156.0 fp=[2] true=[3] merged=[2, 3]
156.3 fp=[2] true=[3] merged=[2, 3]
156.6 fp=[2] true=[3] merged=[2, 3]
156.9 fp=[2] true=[3] merged=[2, 3]
157.2 fp=[2] true=[3] merged=[2, 3]
157.6 fp=[2] true=[3] merged=[2, 3]
157.9 fp=[2] true=[3] merged=[2, 3]
158.2 fp=[2] true=[3] merged=[2, 3]
158.5 fp=[2] true=[3] merged=[2, 3]
158.8 fp=[2] true=[3] merged=[2, 3]
159.1 fp=[2] true=[3] merged=[2, 3]
159.4 fp=[2] true=[3] merged=[2, 3]
159.7 fp=[2] true=[3] merged=[2, 3]
160.0 fp=[2] true=[3] merged=[2, 3]
160.4 fp=[2] true=[3] merged=[2, 3]
160.7 fp=[2] true=[3] merged=[2, 3]
161.0 fp=[2] true=[3] merged=[2, 3]
161.3 fp=[2] true=[3] merged=[2, 3]
161.6 fp=[2] true=[3] merged=[2, 3]
161.9 fp=[2] true=[3] merged=[2, 3]
162.2 fp=[2] true=[3] merged=[2, 3]
162.6 fp=[2] true=[3] merged=[2, 3]
162.9 fp=[2] true=[3] merged=[2, 3]
163.2 fp=[2] true=[3] merged=[2, 3]
163.5 fp=[2] true=[3] merged=[2, 3]
163.8 fp=[2] true=[3] merged=[2, 3]
164.1 fp=[2] true=[3] merged=[2, 3]
164.4 fp=[2] true=[3] merged=[2, 3]
164.7 fp=[2] true=[3] merged=[2, 3]
165.0 fp=[2] true=[3] merged=[2, 3]
165.4 fp=[2] true=[3] merged=[2, 3]
165.7 fp=[2] true=[3] merged=[2, 3]
166.0 fp=[2] true=[3] merged=[2, 3]
166.3 fp=[2] true=[3] merged=[2, 3]
166.6 fp=[2] true=[3] merged=[2, 3]
167.0 fp=[2] true=[3] merged=[2, 3]
167.3 fp=[2] true=[3] merged=[2, 3]
167.6 fp=[2] true=[3] merged=[2, 3]
167.9 fp=[2] true=[3] merged=[2, 3]
168.2 fp=[4] true=[3] merged=[3, 4]
168.5 fp=[4] true=[3] merged=[3, 4]
168.8 fp=[4] true=[3] merged=[3, 4]
169.1 fp=[2] true=[3] merged=[2, 3]
169.4 fp=[2] true=[3] merged=[2, 3]
169.8 fp=[2] true=[3] merged=[2, 3]
170.1 fp=[2] true=[3] merged=[2, 3]
170.4 fp=[2] true=[3] merged=[2, 3]
170.7 fp=[2] true=[3] merged=[2, 3]
171.0 fp=[2] true=[3] merged=[2, 3]
171.3 fp=[2] true=[3] merged=[2, 3]
171.6 fp=[2] true=[3] merged=[2, 3]
172.0 fp=[2] true=[3] merged=[2, 3]
172.3 fp=[2] true=[3] merged=[2, 3]
172.6 fp=[2] true=[3] merged=[2, 3]
172.9 fp=[2] true=[3] merged=[2, 3]
173.2 fp=[2] true=[3] merged=[2, 3]
173.5 fp=[2] true=[3] merged=[2, 3]
173.8 fp=[2] true=[3] merged=[2, 3]
174.1 fp=[2] true=[3] merged=[2, 3]
174.5 fp=[2] true=[3] merged=[2, 3]
174.8 fp=[2] true=[3] merged=[2, 3]
175.1 fp=[2] true=[3] merged=[2, 3]
175.4 fp=[2] true=[3] merged=[2, 3]
175.7 fp=[2] true=[3] merged=[2, 3]
176.0 fp=[2] true=[3] merged=[2, 3]
176.4 fp=[2] true=[3] merged=[2, 3]
176.7 fp=[2] true=[3] merged=[2, 3]
177.0 fp=[2] true=[3] merged=[2, 3]
177.3 fp=[2] true=[3] merged=[2, 3]
177.6 fp=[2] true=[3] merged=[2, 3]
178.0 fp=[2] true=[3] merged=[2, 3]
178.3 fp=[2] true=[3] merged=[2, 3]
178.6 fp=[2] true=[3] merged=[2, 3]
178.9 fp=[2] true=[3] merged=[2, 3]
179.2 fp=[2] true=[3] merged=[2, 3]
179.5 fp=[2] true=[3] merged=[2, 3]
179.9 fp=[2] true=[3] merged=[2, 3]
180.2 fp=[2] true=[3] merged=[2, 3]
180.5 fp=[2] true=[3] merged=[2, 3]
180.8 fp=[2] true=[3] merged=[2, 3]
181.1 fp=[2] true=[3] merged=[2, 3]
181.4 fp=[2] true=[3] merged=[2, 3]
181.8 fp=[2] true=[3] merged=[2, 3]
182.1 fp=[2] true=[3] merged=[2, 3]
182.4 fp=[2] true=[3] merged=[2, 3]
182.7 fp=[2] true=[3] merged=[2, 3]
183.0 fp=[2] true=[3] merged=[2, 3]
183.3 fp=[2] true=[3] merged=[2, 3]
183.6 fp=[2] true=[3] merged=[2, 3]
184.0 fp=[2] true=[3] merged=[2, 3]
184.3 fp=[2] true=[3] merged=[2, 3]
184.6 fp=[2] true=[3] merged=[2, 3]
184.9 fp=[2] true=[3] merged=[2, 3]
185.2 fp=[2] true=[3] merged=[2, 3]
185.5 fp=[2] true=[3] merged=[2, 3]
185.8 fp=[2] true=[3] merged=[2, 3]
186.2 fp=[2] true=[3] merged=[2, 3]
186.5 fp=[2] true=[3] merged=[2, 3]
186.8 fp=[2] true=[3] merged=[2, 3]
187.1 fp=[2] true=[3] merged=[2, 3]
187.4 fp=[2] true=[3] merged=[2, 3]
187.7 fp=[2] true=[3] merged=[2, 3]
188.0 fp=[2] true=[3] merged=[2, 3]
188.4 fp=[2] true=[3] merged=[2, 3]
188.7 fp=[2] true=[3] merged=[2, 3]
189.0 fp=[2] true=[3] merged=[2, 3]
189.3 fp=[2] true=[3] merged=[2, 3]
189.6 fp=[2] true=[3] merged=[2, 3]
189.9 fp=[2] true=[3] merged=[2, 3]
190.2 fp=[2] true=[3] merged=[2, 3]
190.6 fp=[2] true=[3] merged=[2, 3]
190.9 fp=[2] true=[3] merged=[2, 3]
191.2 fp=[2] true=[3] merged=[2, 3]
191.5 fp=[2] true=[3] merged=[2, 3]
191.8 fp=[2] true=[3] merged=[2, 3]
192.1 fp=[2] true=[3] merged=[2, 3]
192.5 fp=[2] true=[3] merged=[2, 3]
192.8 fp=[2] true=[3] merged=[2, 3]
193.1 fp=[1] true=[3] merged=[1, 3]
193.4 fp=[1] true=[3] merged=[1, 3]
193.7 fp=[1] true=[3] merged=[1, 3]
194.0 fp=[1] true=[3] merged=[1, 3]
194.3 fp=[1] true=[3] merged=[1, 3]
194.6 fp=[1] true=[3] merged=[1, 3]
194.9 fp=[1] true=[3] merged=[1, 3]
195.2 fp=[1] true=[3] merged=[1, 3]
195.6 fp=[1] true=[3] merged=[1, 3]
195.9 fp=[1] true=[3] merged=[1, 3]
196.2 fp=[1] true=[3] merged=[1, 3]
196.5 fp=[1] true=[3] merged=[1, 3]
196.8 fp=[1] true=[3] merged=[1, 3]
197.1 fp=[1] true=[3] merged=[1, 3]
197.5 fp=[1] true=[3] merged=[1, 3]
197.8 fp=[1] true=[3] merged=[1, 3]
198.1 fp=[1] true=[3] merged=[1, 3]
198.4 fp=[1] true=[3] merged=[1, 3]
198.7 fp=[1] true=[3] merged=[1, 3]
199.0 fp=[1] true=[3] merged=[1, 3]
199.3 fp=[1] true=[3] merged=[1, 3]
199.6 fp=[1] true=[3] merged=[1, 3]
200.0 fp=[1] true=[3] merged=[1, 3]
200.3 fp=[1] true=[3] merged=[1, 3]
200.6 fp=[1] true=[3] merged=[1, 3]
200.9 fp=[1] true=[3] merged=[1, 3]
201.2 fp=[1] true=[3] merged=[1, 3]
201.5 fp=[1] true=[3] merged=[1, 3]
201.8 fp=[1] true=[3] merged=[1, 3]
202.1 fp=[1] true=[3] merged=[1, 3]
202.4 fp=[1] true=[3] merged=[1, 3]
202.8 fp=[1] true=[3] merged=[1, 3]
203.1 fp=[1] true=[3] merged=[1, 3]
203.4 fp=[1] true=[3] merged=[1, 3]
203.7 fp=[1] true=[3] merged=[1, 3]
204.0 fp=[1] true=[3] merged=[1, 3]
204.3 fp=[1] true=[3] merged=[1, 3]
204.6 fp=[1] true=[3] merged=[1, 3]
205.0 fp=[1] true=[3] merged=[1, 3]
205.3 fp=[1] true=[3] merged=[1, 3]
205.6 fp=[1] true=[3] merged=[1, 3]
205.9 fp=[1] true=[3] merged=[1, 3]
206.2 fp=[1] true=[3] merged=[1, 3]
206.6 fp=[1] true=[3] merged=[1, 3]
206.9 fp=[1] true=[3] merged=[1, 3]
207.2 fp=[1] true=[3] merged=[1, 3]
207.5 fp=[1] true=[3] merged=[1, 3]
207.8 fp=[1] true=[3] merged=[1, 3]
208.1 fp=[1] true=[3] merged=[1, 3]
208.4 fp=[1] true=[3] merged=[1, 3]
208.7 fp=[1] true=[3] merged=[1, 3]
209.0 fp=[1] true=[3] merged=[1, 3]
209.3 fp=[1] true=[3] merged=[1, 3]
209.7 fp=[1] true=[3] merged=[1, 3]
210.0 fp=[1] true=[3] merged=[1, 3]
210.3 fp=[1] true=[3] merged=[1, 3]
210.6 fp=[1] true=[3] merged=[1, 3]
210.9 fp=[1] true=[3] merged=[1, 3]
211.2 fp=[1] true=[3] merged=[1, 3]
211.5 fp=[1] true=[3] merged=[1, 3]
211.8 fp=[1] true=[3] merged=[1, 3]
212.1 fp=[1] true=[3] merged=[1, 3]
212.5 fp=[1] true=[3] merged=[1, 3]
212.8 fp=[1] true=[3] merged=[1, 3]
213.1 fp=[1] true=[3] merged=[1, 3]
213.4 fp=[1] true=[3] merged=[1, 3]
213.7 fp=[1] true=[3] merged=[1, 3]
214.0 fp=[1] true=[3] merged=[1, 3]
214.3 fp=[1] true=[3] merged=[1, 3]
214.6 fp=[1] true=[3] merged=[1, 3]
214.9 fp=[1] true=[3] merged=[1, 3]
215.2 fp=[2] true=[3] merged=[2, 3]
215.5 fp=[2] true=[3] merged=[2, 3]
215.8 fp=[2] true=[3] merged=[2, 3]
216.2 fp=[4] true=[3] merged=[3, 4]
216.5 fp=[4] true=[3] merged=[3, 4]
216.8 fp=[4] true=[3] merged=[3, 4]
217.1 fp=[4] true=[3] merged=[3, 4]
217.5 fp=[4] true=[3] merged=[3, 4]
217.8 fp=[4] true=[3] merged=[3, 4]
218.1 fp=[4] true=[3] merged=[3, 4]
218.4 fp=[4] true=[3] merged=[3, 4]
218.7 fp=[4] true=[3] merged=[3, 4]
219.0 fp=[4] true=[3] merged=[3, 4]
219.3 fp=[4] true=[3] merged=[3, 4]
219.6 fp=[4] true=[3] merged=[3, 4]
220.0 fp=[4] true=[3] merged=[3, 4]
220.3 fp=[4] true=[3] merged=[3, 4]
220.6 fp=[4] true=[3] merged=[3, 4]
220.9 fp=[4] true=[3] merged=[3, 4]
221.2 fp=[4] true=[3] merged=[3, 4]
221.5 fp=[4] true=[3] merged=[3, 4]
221.8 fp=[4] true=[3] merged=[3, 4]
222.2 fp=[4] true=[3] merged=[3, 4]
222.5 fp=[4] true=[3] merged=[3, 4]
222.8 fp=[4] true=[3] merged=[3, 4]
223.1 fp=[4] true=[3] merged=[3, 4]
223.4 fp=[4] true=[3] merged=[3, 4]
223.8 fp=[4] true=[3] merged=[3, 4]
224.1 fp=[4] true=[3] merged=[3, 4]
224.4 fp=[4] true=[3] merged=[3, 4]
224.7 fp=[4] true=[3] merged=[3, 4]
225.0 fp=[4] true=[3] merged=[3, 4]
225.3 fp=[4] true=[3] merged=[3, 4]
225.7 fp=[4] true=[3] merged=[3, 4]
226.0 fp=[4] true=[3] merged=[3, 4]
226.3 fp=[4] true=[3] merged=[3, 4]
226.6 fp=[4] true=[3] merged=[3, 4]
226.9 fp=[4] true=[3] merged=[3, 4]
227.3 fp=[1] true=[3] merged=[1, 3]
227.6 fp=[1] true=[3] merged=[1, 3]
227.9 fp=[1] true=[3] merged=[1, 3]
228.2 fp=[1] true=[3] merged=[1, 3]
228.5 fp=[1] true=[3] merged=[1, 3]
228.8 fp=[1] true=[3] merged=[1, 3]
229.1 fp=[1] true=[3] merged=[1, 3]
229.4 fp=[1] true=[3] merged=[1, 3]
229.7 fp=[1] true=[3] merged=[1, 3]
230.0 fp=[1] true=[3] merged=[1, 3]
230.4 fp=[1] true=[3] merged=[1, 3]
230.7 fp=[1] true=[3] merged=[1, 3]
231.0 fp=[1] true=[3] merged=[1, 3]
231.3 fp=[1] true=[3] merged=[1, 3]
231.6 fp=[1] true=[3] merged=[1, 3]
231.9 fp=[1] true=[3] merged=[1, 3]
232.2 fp=[1] true=[3] merged=[1, 3]
232.5 fp=[1] true=[3] merged=[1, 3]
232.8 fp=[1] true=[3] merged=[1, 3]
233.1 fp=[1] true=[3] merged=[1, 3]
233.5 fp=[1] true=[3] merged=[1, 3]
233.8 fp=[1] true=[3] merged=[1, 3]
234.1 fp=[1] true=[3] merged=[1, 3]
234.4 fp=[1] true=[3] merged=[1, 3]
234.7 fp=[1] true=[3] merged=[1, 3]
235.0 fp=[1] true=[3] merged=[1, 3]
235.4 fp=[1] true=[3] merged=[1, 3]
235.7 fp=[1] true=[3] merged=[1, 3]
236.0 fp=[1] true=[3] merged=[1, 3]
236.3 fp=[1] true=[3] merged=[1, 3]
236.6 fp=[1] true=[3] merged=[1, 3]
236.9 fp=[1] true=[3] merged=[1, 3]
237.2 fp=[1] true=[3] merged=[1, 3]
237.6 fp=[1] true=[3] merged=[1, 3]
237.9 fp=[1] true=[3] merged=[1, 3]
238.2 fp=[1] true=[3] merged=[1, 3]
238.5 fp=[1] true=[3] merged=[1, 3]
238.8 fp=[1] true=[3] merged=[1, 3]
239.1 fp=[1] true=[3] merged=[1, 3]
239.4 fp=[1] true=[3] merged=[1, 3]
239.7 fp=[1] true=[3] merged=[1, 3]
240.1 fp=[1] true=[3] merged=[1, 3]
240.4 fp=[1] true=[3] merged=[1, 3]
240.7 fp=[1] true=[3] merged=[1, 3]
241.0 fp=[1] true=[3] merged=[1, 3]
241.3 fp=[1] true=[3] merged=[1, 3]
241.6 fp=[1] true=[3] merged=[1, 3]
242.0 fp=[1] true=[3] merged=[1, 3]
242.3 fp=[1] true=[3] merged=[1, 3]
242.6 fp=[1] true=[3] merged=[1, 3]
242.9 fp=[1] true=[3] merged=[1, 3]
243.2 fp=[1] true=[3] merged=[1, 3]
243.5 fp=[1] true=[3] merged=[1, 3]
243.8 fp=[1] true=[3] merged=[1, 3]
244.2 fp=[1] true=[3] merged=[1, 3]
244.5 fp=[1] true=[3] merged=[1, 3]
244.8 fp=[1] true=[3] merged=[1, 3]
245.1 fp=[1] true=[3] merged=[1, 3]
245.4 fp=[1] true=[3] merged=[1, 3]
245.7 fp=[1] true=[3] merged=[1, 3]
246.0 fp=[1] true=[3] merged=[1, 3]
246.3 fp=[1] true=[3] merged=[1, 3]
246.7 fp=[1] true=[3] merged=[1, 3]
247.0 fp=[1] true=[3] merged=[1, 3]
247.3 fp=[1] true=[3] merged=[1, 3]
247.6 fp=[1] true=[3] merged=[1, 3]
247.9 fp=[1] true=[3] merged=[1, 3]
248.2 fp=[1] true=[3] merged=[1, 3]
248.5 fp=[1] true=[3] merged=[1, 3]
248.8 fp=[1] true=[3] merged=[1, 3]
249.2 fp=[1] true=[3] merged=[1, 3]
249.5 fp=[1] true=[3] merged=[1, 3]
249.8 fp=[1] true=[3] merged=[1, 3]
250.1 fp=[1] true=[3] merged=[1, 3]
250.4 fp=[1] true=[3] merged=[1, 3]
250.7 fp=[1] true=[3] merged=[1, 3]
251.0 fp=[1] true=[3] merged=[1, 3]
251.3 fp=[1] true=[3] merged=[1, 3]
251.6 fp=[1] true=[3] merged=[1, 3]
252.0 fp=[1] true=[3] merged=[1, 3]
252.3 fp=[1] true=[3] merged=[1, 3]
252.6 fp=[1] true=[3] merged=[1, 3]
252.9 fp=[1] true=[3] merged=[1, 3]
253.2 fp=[1] true=[3] merged=[1, 3]
253.5 fp=[1] true=[3] merged=[1, 3]
253.8 fp=[1] true=[3] merged=[1, 3]
254.1 fp=[1] true=[3] merged=[1, 3]
254.5 fp=[1] true=[3] merged=[1, 3]
254.8 fp=[1] true=[3] merged=[1, 3]
255.1 fp=[1] true=[3] merged=[1, 3]
255.4 fp=[1] true=[3] merged=[1, 3]
255.7 fp=[1] true=[3] merged=[1, 3]
256.0 fp=[1] true=[3] merged=[1, 3]
256.3 fp=[1] true=[3] merged=[1, 3]
256.7 fp=[1] true=[3] merged=[1, 3]
257.0 fp=[1] true=[3] merged=[1, 3]
257.3 fp=[1] true=[3] merged=[1, 3]
257.6 fp=[1] true=[3] merged=[1, 3]
257.9 fp=[1] true=[3] merged=[1, 3]
258.3 fp=[1] true=[3] merged=[1, 3]
258.6 fp=[1] true=[3] merged=[1, 3]
258.9 fp=[1] true=[3] merged=[1, 3]
259.2 fp=[1] true=[3] merged=[1, 3]
259.5 fp=[1] true=[3] merged=[1, 3]
259.8 fp=[1] true=[3] merged=[1, 3]
260.1 fp=[1] true=[3] merged=[1, 3]
260.4 fp=[1] true=[3] merged=[1, 3]
260.8 fp=[1] true=[3] merged=[1, 3]
261.1 fp=[1] true=[3] merged=[1, 3]
261.4 fp=[1] true=[3] merged=[1, 3]
261.7 fp=[1] true=[3] merged=[1, 3]
262.0 fp=[1] true=[3] merged=[1, 3]
262.3 fp=[1] true=[3] merged=[1, 3]
262.6 fp=[1] true=[3] merged=[1, 3]
262.9 fp=[1] true=[3] merged=[1, 3]
263.2 fp=[1] true=[3] merged=[1, 3]
263.5 fp=[1] true=[3] merged=[1, 3]
263.9 fp=[1] true=[3] merged=[1, 3]
264.2 fp=[1] true=[3] merged=[1, 3]
264.5 fp=[1] true=[3] merged=[1, 3]
264.8 fp=[1] true=[3] merged=[1, 3]
265.1 fp=[1] true=[3] merged=[1, 3]
265.4 fp=[1] true=[3] merged=[1, 3]
265.7 fp=[1] true=[3] merged=[1, 3]
266.0 fp=[1] true=[3] merged=[1, 3]
266.3 fp=[1] true=[3] merged=[1, 3]
266.6 fp=[1] true=[3] merged=[1, 3]
267.0 fp=[1] true=[3] merged=[1, 3]
267.3 fp=[1] true=[3] merged=[1, 3]
267.6 fp=[1] true=[3] merged=[1, 3]
267.9 fp=[1] true=[3] merged=[1, 3]
268.2 fp=[1] true=[3] merged=[1, 3]
268.5 fp=[1] true=[3] merged=[1, 3]
268.8 fp=[1] true=[3] merged=[1, 3]
269.1 fp=[1] true=[3] merged=[1, 3]
269.5 fp=[1] true=[3] merged=[1, 3]
269.8 fp=[1] true=[3] merged=[1, 3]
270.1 fp=[1] true=[3] merged=[1, 3]
270.4 fp=[1] true=[3] merged=[1, 3]
270.7 fp=[1] true=[3] merged=[1, 3]
271.0 fp=[1] true=[3] merged=[1, 3]
271.3 fp=[1] true=[3] merged=[1, 3]
271.7 fp=[1] true=[3] merged=[1, 3]
272.0 fp=[1] true=[3] merged=[1, 3]
272.3 fp=[1] true=[3] merged=[1, 3]
272.6 fp=[1] true=[3] merged=[1, 3]
272.9 fp=[1] true=[3] merged=[1, 3]
273.2 fp=[1] true=[3] merged=[1, 3]
273.5 fp=[1] true=[3] merged=[1, 3]
273.9 fp=[1] true=[3] merged=[1, 3]
274.2 fp=[1] true=[3] merged=[1, 3]
274.5 fp=[1] true=[3] merged=[1, 3]
274.8 fp=[1] true=[3] merged=[1, 3]
275.1 fp=[1] true=[3] merged=[1, 3]
275.4 fp=[1] true=[3] merged=[1, 3]
275.7 fp=[1] true=[3] merged=[1, 3]
276.0 fp=[1] true=[3] merged=[1, 3]
276.3 fp=[1] true=[3] merged=[1, 3]
276.7 fp=[1] true=[3] merged=[1, 3]
277.0 fp=[1] true=[3] merged=[1, 3]
277.3 fp=[1] true=[3] merged=[1, 3]
277.7 fp=[1] true=[3] merged=[1, 3]
278.0 fp=[1] true=[3] merged=[1, 3]
278.3 fp=[1] true=[3] merged=[1, 3]
278.6 fp=[1] true=[3] merged=[1, 3]
278.9 fp=[1] true=[3] merged=[1, 3]
279.2 fp=[1] true=[3] merged=[1, 3]
279.5 fp=[1] true=[3] merged=[1, 3]
279.8 fp=[1] true=[3] merged=[1, 3]
280.1 fp=[1] true=[3] merged=[1, 3]
280.4 fp=[1] true=[3] merged=[1, 3]
280.8 fp=[1] true=[3] merged=[1, 3]
281.1 fp=[1] true=[3] merged=[1, 3]
281.4 fp=[1] true=[3] merged=[1, 3]
281.7 fp=[1] true=[3] merged=[1, 3]
282.0 fp=[1] true=[3] merged=[1, 3]
282.4 fp=[1] true=[3] merged=[1, 3]
282.7 fp=[1] true=[3] merged=[1, 3]
283.0 fp=[1] true=[3] merged=[1, 3]
283.3 fp=[1] true=[3] merged=[1, 3]
283.6 fp=[1] true=[3] merged=[1, 3]
283.9 fp=[1] true=[3] merged=[1, 3]
284.2 fp=[1] true=[3] merged=[1, 3]
284.5 fp=[1] true=[3] merged=[1, 3]
284.9 fp=[1] true=[3] merged=[1, 3]
285.2 fp=[1] true=[3] merged=[1, 3]
285.5 fp=[1] true=[3] merged=[1, 3]
285.8 fp=[1] true=[3] merged=[1, 3]
286.1 fp=[1] true=[3] merged=[1, 3]
286.4 fp=[1] true=[3] merged=[1, 3]
286.7 fp=[1] true=[3] merged=[1, 3]
287.1 fp=[1] true=[3] merged=[1, 3]
287.4 fp=[1] true=[3] merged=[1, 3]
287.7 fp=[1] true=[3] merged=[1, 3]
288.0 fp=[1] true=[3] merged=[1, 3]
288.3 fp=[1] true=[3] merged=[1, 3]
288.6 fp=[1] true=[3] merged=[1, 3]
288.9 fp=[1] true=[3] merged=[1, 3]
289.2 fp=[1] true=[3] merged=[1, 3]
289.5 fp=[1] true=[3] merged=[1, 3]
289.9 fp=[1] true=[3] merged=[1, 3]
290.2 fp=[1] true=[3] merged=[1, 3]
290.5 fp=[1] true=[3] merged=[1, 3]
290.8 fp=[1] true=[3] merged=[1, 3]
291.1 fp=[1] true=[3] merged=[1, 3]
291.4 fp=[1] true=[3] merged=[1, 3]
291.7 fp=[1] true=[3] merged=[1, 3]
292.0 fp=[1] true=[3] merged=[1, 3]
292.3 fp=[1] true=[3] merged=[1, 3]
292.6 fp=[1] true=[3] merged=[1, 3]
292.9 fp=[1] true=[3] merged=[1, 3]
293.2 fp=[1] true=[3] merged=[1, 3]
293.6 fp=[1] true=[3] merged=[1, 3]
293.9 fp=[1] true=[3] merged=[1, 3]
294.2 fp=[1] true=[3] merged=[1, 3]
294.5 fp=[1] true=[3] merged=[1, 3]
294.8 fp=[1] true=[3] merged=[1, 3]
295.1 fp=[1] true=[3] merged=[1, 3]
295.4 fp=[1] true=[3] merged=[1, 3]
295.7 fp=[1] true=[3] merged=[1, 3]
296.0 fp=[1] true=[3] merged=[1, 3]
296.4 fp=[1] true=[3] merged=[1, 3]
296.7 fp=[1] true=[3] merged=[1, 3]
297.0 fp=[1] true=[3] merged=[1, 3]
297.3 fp=[1] true=[3] merged=[1, 3]
297.6 fp=[1] true=[3] merged=[1, 3]
297.9 fp=[1] true=[3] merged=[1, 3]
298.2 fp=[1] true=[3] merged=[1, 3]
298.6 fp=[1] true=[3] merged=[1, 3]
298.9 fp=[1] true=[3] merged=[1, 3]
299.2 fp=[1] true=[3] merged=[1, 3]
299.5 fp=[1] true=[3] merged=[1, 3]
299.8 fp=[1] true=[3] merged=[1, 3]
300.1 fp=[1] true=[3] merged=[1, 3]
300.4 fp=[1] true=[3] merged=[1, 3]
300.7 fp=[1] true=[3] merged=[1, 3]
301.1 fp=[1] true=[3] merged=[1, 3]
301.4 fp=[1] true=[3] merged=[1, 3]
301.7 fp=[1] true=[3] merged=[1, 3]
302.0 fp=[1] true=[3] merged=[1, 3]
302.3 fp=[1] true=[3] merged=[1, 3]
302.6 fp=[1] true=[3] merged=[1, 3]
302.9 fp=[1] true=[3] merged=[1, 3]
303.2 fp=[1] true=[3] merged=[1, 3]
303.5 fp=[1] true=[3] merged=[1, 3]
303.9 fp=[1] true=[3] merged=[1, 3]
304.2 fp=[1] true=[3] merged=[1, 3]
304.5 fp=[1] true=[3] merged=[1, 3]
304.8 fp=[1] true=[3] merged=[1, 3]
