# start rate=20 seed=4 dur=420 n=7 target=3 events=86
12.2 fp=[7] true=[3] merged=[3, 7]
12.5 fp=[7] true=[3] merged=[3, 7]
12.8 fp=[7] true=[3] merged=[3, 7]
13.1 fp=[7] true=[3] merged=[3, 7]
13.4 fp=[7] true=[3] merged=[3, 7]
13.7 fp=[7] true=[3] merged=[3, 7]
14.0 fp=[6] true=[3] merged=[3, 6]
14.4 fp=[6] true=[3] merged=[3, 6]
14.7 fp=[6] true=[3] merged=[3, 6]
15.0 fp=[6] true=[3] merged=[3, 6]
15.3 fp=[6] true=[3] merged=[3, 6]
15.6 fp=[6] true=[3] merged=[3, 6]
15.9 fp=[6] true=[3] merged=[3, 6]
16.2 fp=[6] true=[3] merged=[3, 6]
16.5 fp=[6] true=[3] merged=[3, 6]
16.9 fp=[6] true=[3] merged=[3, 6]
17.2 fp=[6] true=[3] merged=[3, 6]
17.5 fp=[6] true=[3] merged=[3, 6]
17.8 fp=[6] true=[3] merged=[3, 6]
18.1 fp=[6] true=[3] merged=[3, 6]
18.4 fp=[6] true=[3] merged=[3, 6]
18.7 fp=[6] true=[3] merged=[3, 6]
19.0 fp=[4] true=[3] merged=[3, 4]
19.4 fp=[4] true=[3] merged=[3, 4]
19.7 fp=[4] true=[3] merged=[3, 4]
20.0 fp=[4] true=[3] merged=[3, 4]
20.3 fp=[4] true=[3] merged=[3, 4]
20.6 fp=[4] true=[3] merged=[3, 4]
20.9 fp=[4] true=[3] merged=[3, 4]
21.2 fp=[4] true=[3] merged=[3, 4]
21.6 fp=[4] true=[3] merged=[3, 4]
21.9 fp=[4] true=[3] merged=[3, 4]
22.2 fp=[4] true=[3] merged=[3, 4]
22.5 fp=[4] true=[3] merged=[3, 4]
22.8 fp=[4] true=[3] merged=[3, 4]
23.1 fp=[4] true=[3] merged=[3, 4]
23.4 fp=[4] true=[3] merged=[3, 4]
23.7 fp=[4] true=[3] merged=[3, 4]
24.1 fp=[4] true=[3] merged=[3, 4]
24.4 fp=[4] true=[3] merged=[3, 4]
24.7 fp=[4] true=[3] merged=[3, 4]
25.0 fp=[4] true=[3] merged=[3, 4]
25.3 fp=[4] true=[3] merged=[3, 4]
25.6 fp=[4] true=[3] merged=[3, 4]
25.9 fp=[4] true=[3] merged=[3, 4]
26.2 fp=[4] true=[3] merged=[3, 4]
26.5 fp=[4] true=[3] merged=[3, 4]
26.8 fp=[4] true=[3] merged=[3, 4]
27.2 fp=[4] true=[3] merged=[3, 4]
27.5 fp=[4] true=[3] merged=[3, 4]
27.8 fp=[4] true=[3] merged=[3, 4]
28.1 fp=[4] true=[3] merged=[3, 4]
28.4 fp=[4] true=[3] merged=[3, 4]
28.7 fp=[4] true=[3] merged=[3, 4]
29.0 fp=[4] true=[3] merged=[3, 4]
29.4 fp=[4] true=[3] merged=[3, 4]
29.7 fp=[4] true=[3] merged=[3, 4]
30.0 fp=[4] true=[3] merged=[3, 4]
30.3 fp=[4] true=[3] merged=[3, 4]
30.6 fp=[4] true=[3] merged=[3, 4]
30.9 fp=[4] true=[3] merged=[3, 4]
31.2 fp=[1] true=[3] merged=[1, 3]
31.5 fp=[1] true=[3] merged=[1, 3]
31.9 fp=[1] true=[3] merged=[1, 3]
32.2 fp=[1] true=[3] merged=[1, 3]
32.5 fp=[1] true=[3] merged=[1, 3]
32.8 fp=[1] true=[3] merged=[1, 3]
33.1 fp=[1] true=[3] merged=[1, 3]
33.4 fp=[1] true=[3] merged=[1, 3]
33.7 fp=[1] true=[3] merged=[1, 3]
34.0 fp=[1] true=[3] merged=[1, 3]
34.4 fp=[1] true=[3] merged=[1, 3]
34.7 fp=[1] true=[3] merged=[1, 3]
35.0 fp=[1] true=[3] merged=[1, 3]
35.3 fp=[1] true=[3] merged=[1, 3]
35.6 fp=[1] true=[3] merged=[1, 3]
35.9 fp=[1] true=[3] merged=[1, 3]
36.2 fp=[1] true=[3] merged=[1, 3]
36.5 fp=[1] true=[3] merged=[1, 3]
36.9 fp=[1] true=[3] merged=[1, 3]
37.2 fp=[1] true=[3] merged=[1, 3]
37.5 fp=[1] true=[3] merged=[1, 3]
37.8 fp=[1] true=[3] merged=[1, 3]
38.1 fp=[1] true=[3] merged=[1, 3]
38.4 fp=[1] true=[3] merged=[1, 3]
38.7 fp=[1] true=[3] merged=[1, 3]
39.0 fp=[1] true=[3] merged=[1, 3]
39.3 fp=[1] true=[3] merged=[1, 3]
39.6 fp=[1] true=[3] merged=[1, 3]
39.9 fp=[1] true=[3] merged=[1, 3]
40.3 fp=[1] true=[3] merged=[1, 3]
40.6 fp=[1] true=[3] merged=[1, 3]
40.9 fp=[1] true=[3] merged=[1, 3]
41.2 fp=[1] true=[3] merged=[1, 3]
41.6 fp=[1] true=[3] merged=[1, 3]
41.9 fp=[1] true=[3] merged=[1, 3]
42.2 fp=[1] true=[3] merged=[1, 3]
42.5 fp=[1] true=[3] merged=[1, 3]
42.8 fp=[1] true=[3] merged=[1, 3]
43.1 fp=[1] true=[3] merged=[1, 3]
43.4 fp=[1] true=[3] merged=[1, 3]
43.7 fp=[1] true=[3] merged=[1, 3]
44.0 fp=[1] true=[3] merged=[1, 3]
44.4 fp=[1] true=[3] merged=[1, 3]
44.7 fp=[1] true=[3] merged=[1, 3]
45.0 fp=[1] true=[3] merged=[1, 3]
45.3 fp=[1] true=[3] merged=[1, 3]
45.6 fp=[1] true=[3] merged=[1, 3]
45.9 fp=[1] true=[3] merged=[1, 3]
46.3 fp=[1] true=[3] merged=[1, 3]
46.6 fp=[1] true=[3] merged=[1, 3]
46.9 fp=[1] true=[3] merged=[1, 3]
47.2 fp=[1] true=[3] merged=[1, 3]
47.5 fp=[1] true=[3] merged=[1, 3]
47.8 fp=[1] true=[3] merged=[1, 3]
48.1 fp=[1] true=[3] merged=[1, 3]
48.4 fp=[1] true=[3] merged=[1, 3]
48.7 fp=[1] true=[3] merged=[1, 3]
49.0 fp=[1] true=[3] merged=[1, 3]
49.4 fp=[1] true=[3] merged=[1, 3]
49.7 fp=[1] true=[3] merged=[1, 3]
50.0 fp=[1] true=[3] merged=[1, 3]
50.3 fp=[1] true=[3] merged=[1, 3]
50.7 fp=[1] true=[3] merged=[1, 3]
51.0 fp=[1] true=[3] merged=[1, 3]
51.3 fp=[2] true=[3] merged=[2, 3]
51.6 fp=[2] true=[3] merged=[2, 3]
51.9 fp=[2] true=[3] merged=[2, 3]
52.2 fp=[2] true=[3] merged=[2, 3]
52.5 fp=[2] true=[3] merged=[2, 3]
52.8 fp=[2] true=[3] merged=[2, 3]
53.2 fp=[2] true=[3] merged=[2, 3]
53.5 fp=[2] true=[3] merged=[2, 3]
53.8 fp=[2] true=[3] merged=[2, 3]
54.1 fp=[2] true=[3] merged=[2, 3]
54.4 fp=[2] true=[3] merged=[2, 3]
54.7 fp=[2] true=[3] merged=[2, 3]
55.0 fp=[2] true=[3] merged=[2, 3]
55.4 fp=[2] true=[3] merged=[2, 3]
55.7 fp=[2] true=[3] merged=[2, 3]
56.0 fp=[2] true=[3] merged=[2, 3]
56.3 fp=[2] true=[3] merged=[2, 3]
56.6 fp=[2] true=[3] merged=[2, 3]
56.9 fp=[2] true=[3] merged=[2, 3]
57.2 fp=[2] true=[3] merged=[2, 3]
57.5 fp=[2] true=[3] merged=[2, 3]
57.8 fp=[2] true=[3] merged=[2, 3]
58.1 fp=[2] true=[3] merged=[2, 3]
58.4 fp=[2] true=[3] merged=[2, 3]
58.8 fp=[2] true=[3] merged=[2, 3]
59.1 fp=[2] true=[3] merged=[2, 3]
59.4 fp=[2] true=[3] merged=[2, 3]
59.7 fp=[2] true=[3] merged=[2, 3]
60.0 fp=[2] true=[3] merged=[2, 3]
60.3 fp=[2] true=[3] merged=[2, 3]
60.7 fp=[2] true=[3] merged=[2, 3]
61.0 fp=[2] true=[3] merged=[2, 3]
61.3 fp=[1] true=[3] merged=[1, 3]
61.6 fp=[1] true=[3] merged=[1, 3]
61.9 fp=[1] true=[3] merged=[1, 3]
62.2 fp=[1] true=[3] merged=[1, 3]
62.6 fp=[1] true=[3] merged=[1, 3]
62.9 fp=[1] true=[3] merged=[1, 3]
63.2 fp=[1] true=[3] merged=[1, 3]
63.5 fp=[1] true=[3] merged=[1, 3]
63.8 fp=[1] true=[3] merged=[1, 3]
64.1 fp=[1] true=[3] merged=[1, 3]
64.4 fp=[1] true=[3] merged=[1, 3]
64.7 fp=[1] true=[3] merged=[1, 3]
65.0 fp=[1] true=[3] merged=[1, 3]
65.4 fp=[1] true=[3] merged=[1, 3]
65.7 fp=[1] true=[3] merged=[1, 3]
66.0 fp=[1] true=[3] merged=[1, 3]
66.3 fp=[1] true=[3] merged=[1, 3]
66.6 fp=[1] true=[3] merged=[1, 3]
66.9 fp=[1] true=[3] merged=[1, 3]
67.2 fp=[1] true=[3] merged=[1, 3]
67.5 fp=[1] true=[3] merged=[1, 3]
67.8 fp=[1] true=[3] merged=[1, 3]
68.1 fp=[1] true=[3] merged=[1, 3]
68.5 fp=[1] true=[3] merged=[1, 3]
68.8 fp=[1] true=[3] merged=[1, 3]
69.1 fp=[1] true=[3] merged=[1, 3]
69.4 fp=[1] true=[3] merged=[1, 3]
69.7 fp=[1] true=[3] merged=[1, 3]
70.1 fp=[1] true=[3] merged=[1, 3]
70.4 fp=[1] true=[3] merged=[1, 3]
70.7 fp=[1] true=[3] merged=[1, 3]
71.0 fp=[1] true=[3] merged=[1, 3]
71.3 fp=[1] true=[3] merged=[1, 3]
71.6 fp=[1] true=[3] merged=[1, 3]
72.0 fp=[1] true=[3] merged=[1, 3]
72.3 fp=[1] true=[3] merged=[1, 3]
72.6 fp=[1] true=[3] merged=[1, 3]
72.9 fp=[1] true=[3] merged=[1, 3]
73.2 fp=[1] true=[3] merged=[1, 3]
73.5 fp=[1] true=[3] merged=[1, 3]
73.9 fp=[1] true=[3] merged=[1, 3]
74.2 fp=[1] true=[3] merged=[1, 3]
74.5 fp=[1] true=[3] merged=[1, 3]
74.8 fp=[1] true=[3] merged=[1, 3]
75.1 fp=[1] true=[3] merged=[1, 3]
75.4 fp=[1] true=[3] merged=[1, 3]
75.7 fp=[1] true=[3] merged=[1, 3]
76.0 fp=[1] true=[3] merged=[1, 3]
76.3 fp=[1] true=[3] merged=[1, 3]
76.7 fp=[1] true=[3] merged=[1, 3]
77.0 fp=[1] true=[3] merged=[1, 3]
77.3 fp=[1] true=[3] merged=[1, 3]
77.6 fp=[1] true=[3] merged=[1, 3]
77.9 fp=[1] true=[3] merged=[1, 3]
78.2 fp=[1] true=[3] merged=[1, 3]
78.5 fp=[1] true=[3] merged=[1, 3]
78.8 fp=[1] true=[3] merged=[1, 3]
79.2 fp=[1] true=[3] merged=[1, 3]
79.5 fp=[1] true=[3] merged=[1, 3]
79.8 fp=[1] true=[3] merged=[1, 3]
80.1 fp=[1] true=[3] merged=[1, 3]
80.4 fp=[1] true=[3] merged=[1, 3]
80.7 fp=[1] true=[3] merged=[1, 3]
81.1 fp=[1] true=[3] merged=[1, 3]
81.4 fp=[1] true=[3] merged=[1, 3]
81.7 fp=[1] true=[3] merged=[1, 3]
82.0 fp=[1] true=[3] merged=[1, 3]
82.3 fp=[1] true=[3] merged=[1, 3]
82.6 fp=[1] true=[3] merged=[1, 3]
82.9 fp=[1] true=[3] merged=[1, 3]
83.2 fp=[1] true=[3] merged=[1, 3]
83.5 fp=[1] true=[3] merged=[1, 3]
83.8 fp=[1] true=[3] merged=[1, 3]
84.2 fp=[1] true=[3] merged=[1, 3]
84.5 fp=[1] true=[3] merged=[1, 3]
84.8 fp=[1] true=[3] merged=[1, 3]
85.1 fp=[1] true=[3] merged=[1, 3]
85.4 fp=[1] true=[3] merged=[1, 3]
85.7 fp=[1] true=[3] merged=[1, 3]
86.0 fp=[1] true=[3] merged=[1, 3]
86.3 fp=[1] true=[3] merged=[1, 3]
86.7 fp=[1] true=[3] merged=[1, 3]
87.0 fp=[1] true=[3] merged=[1, 3]
87.3 fp=[1] true=[3] merged=[1, 3]
87.6 fp=[1] true=[3] merged=[1, 3]
87.9 fp=[1] true=[3] merged=[1, 3]
88.2 fp=[1] true=[3] merged=[1, 3]
88.5 fp=[1] true=[3] merged=[1, 3]
88.8 fp=[1] true=[3] merged=[1, 3]
89.1 fp=[1] true=[3] merged=[1, 3]
89.5 fp=[1] true=[3] merged=[1, 3]
89.8 fp=[1] true=[3] merged=[1, 3]
90.1 fp=[1] true=[3] merged=[1, 3]
90.4 fp=[1] true=[3] merged=[1, 3]
90.7 fp=[1] true=[3] merged=[1, 3]
91.0 fp=[1] true=[3] merged=[1, 3]
91.3 fp=[1] true=[3] merged=[1, 3]
91.6 fp=[1] true=[3] merged=[1, 3]
92.0 fp=[1] true=[3] merged=[1, 3]
92.3 fp=[1] true=[3] merged=[1, 3]
92.6 fp=[1] true=[3] merged=[1, 3]
92.9 fp=[1] true=[3] merged=[1, 3]
93.2 fp=[1] true=[3] merged=[1, 3]
93.5 fp=[1] true=[3] merged=[1, 3]
93.8 fp=[1] true=[3] merged=[1, 3]
94.1 fp=[1] true=[3] merged=[1, 3]
94.4 fp=[1] true=[3] merged=[1, 3]
94.7 fp=[1] true=[3] merged=[1, 3]
95.1 fp=[2] true=[3] merged=[2, 3]
95.4 fp=[2] true=[3] merged=[2, 3]
95.7 fp=[2] true=[3] merged=[2, 3]
96.0 fp=[2] true=[3] merged=[2, 3]
96.3 fp=[2] true=[3] merged=[2, 3]
96.6 fp=[2] true=[3] merged=[2, 3]
96.9 fp=[2] true=[3] merged=[2, 3]
97.3 fp=[2] true=[3] merged=[2, 3]
97.6 fp=[2] true=[3] merged=[2, 3]
97.9 fp=[2] true=[3] merged=[2, 3]
98.2 fp=[2] true=[3] merged=[2, 3]
98.5 fp=[2] true=[3] merged=[2, 3]
98.8 fp=[2] true=[3] merged=[2, 3]
99.1 fp=[2] true=[3] merged=[2, 3]
99.5 fp=[2] true=[3] merged=[2, 3]
99.8 fp=[2] true=[3] merged=[2, 3]
100.1 fp=[2] true=[3] merged=[2, 3]
100.4 fp=[2] true=[3] merged=[2, 3]
100.7 fp=[2] true=[3] merged=[2, 3]
101.1 fp=[2] true=[3] merged=[2, 3]
101.4 fp=[2] true=[3] merged=[2, 3]
101.7 fp=[2] true=[3] merged=[2, 3]
102.0 fp=[2] true=[3] merged=[2, 3]
102.3 fp=[2] true=[3] merged=[2, 3]
102.6 fp=[2] true=[3] merged=[2, 3]
102.9 fp=[2] true=[3] merged=[2, 3]
103.3 fp=[2] true=[3] merged=[2, 3]
103.6 fp=[2] true=[3] merged=[2, 3]
103.9 fp=[2] true=[3] merged=[2, 3]
104.2 fp=[2] true=[3] merged=[2, 3]
104.5 fp=[2] true=[3] merged=[2, 3]
104.8 fp=[2] true=[3] merged=[2, 3]
105.1 fp=[2] true=[3] merged=[2, 3]
105.4 fp=[2] true=[3] merged=[2, 3]
105.8 fp=[2] true=[3] merged=[2, 3]
106.1 fp=[2] true=[3] merged=[2, 3]
106.4 fp=[2] true=[3] merged=[2, 3]
106.7 fp=[2] true=[3] merged=[2, 3]
107.0 fp=[2] true=[3] merged=[2, 3]
107.3 fp=[2] true=[3] merged=[2, 3]
107.6 fp=[2] true=[3] merged=[2, 3]
107.9 fp=[2] true=[3] merged=[2, 3]
108.3 fp=[1] true=[3] merged=[1, 3]
108.6 fp=[1] true=[3] merged=[1, 3]
108.9 fp=[1] true=[3] merged=[1, 3]
109.2 fp=[1] true=[3] merged=[1, 3]
109.5 fp=[1] true=[3] merged=[1, 3]
109.8 fp=[1] true=[3] merged=[1, 3]
110.2 fp=[1] true=[3] merged=[1, 3]
110.5 fp=[1] true=[3] merged=[1, 3]
110.8 fp=[1] true=[3] merged=[1, 3]
111.1 fp=[1] true=[3] merged=[1, 3]
111.4 fp=[1] true=[3] merged=[1, 3]
111.7 fp=[1] true=[3] merged=[1, 3]
112.0 fp=[1] true=[3] merged=[1, 3]
112.3 fp=[1] true=[3] merged=[1, 3]
112.6 fp=[1] true=[3] merged=[1, 3]
113.0 fp=[1] true=[3] merged=[1, 3]
113.3 fp=[1] true=[3] merged=[1, 3]
113.6 fp=[1] true=[3] merged=[1, 3]
113.9 fp=[1] true=[3] merged=[1, 3]
114.2 fp=[1] true=[3] merged=[1, 3]
114.5 fp=[1] true=[3] merged=[1, 3]
114.8 fp=[1] true=[3] merged=[1, 3]
115.1 fp=[1] true=[3] merged=[1, 3]
115.4 fp=[1] true=[3] merged=[1, 3]
115.8 fp=[1] true=[3] merged=[1, 3]
116.1 fp=[1] true=[3] merged=[1, 3]
116.4 fp=[1] true=[3] merged=[1, 3]
116.7 fp=[1] true=[3] merged=[1, 3]
117.0 fp=[1] true=[3] merged=[1, 3]
117.3 fp=[1] true=[3] merged=[1, 3]
117.6 fp=[1] true=[3] merged=[1, 3]
118.0 fp=[1] true=[3] merged=[1, 3]
118.3 fp=[1] true=[3] merged=[1, 3]
118.6 fp=[1] true=[3] merged=[1, 3]
118.9 fp=[1] true=[3] merged=[1, 3]
119.2 fp=[1] true=[3] merged=[1, 3]
119.5 fp=[1] true=[3] merged=[1, 3]
119.8 fp=[1] true=[3] merged=[1, 3]
120.2 fp=[1] true=[3] merged=[1, 3]
120.5 fp=[1] true=[3] merged=[1, 3]
120.8 fp=[1] true=[3] merged=[1, 3]
121.1 fp=[1] true=[3] merged=[1, 3]
121.4 fp=[1] true=[3] merged=[1, 3]
121.7 fp=[1] true=[3] merged=[1, 3]
122.1 fp=[1] true=[3] merged=[1, 3]
122.4 fp=[1] true=[3] merged=[1, 3]
122.7 fp=[1] true=[3] merged=[1, 3]
123.0 fp=[1] true=[3] merged=[1, 3]
123.3 fp=[1] true=[3] merged=[1, 3]
123.6 fp=[1] true=[3] merged=[1, 3]
124.0 fp=[1] true=[3] merged=[1, 3]
124.3 fp=[1] true=[3] merged=[1, 3]
124.6 fp=[1] true=[3] merged=[1, 3]
124.9 fp=[1] true=[3] merged=[1, 3]
125.2 fp=[1] true=[3] merged=[1, 3]
125.5 fp=[1] true=[3] merged=[1, 3]
125.8 fp=[1] true=[3] merged=[1, 3]
126.2 fp=[1] true=[3] merged=[1, 3]
126.5 fp=[1] true=[3] merged=[1, 3]
126.8 fp=[1] true=[3] merged=[1, 3]
127.1 fp=[1] true=[3] merged=[1, 3]
127.4 fp=[1] true=[3] merged=[1, 3]
127.7 fp=[1] true=[3] merged=[1, 3]
128.0 fp=[4] true=[3] merged=[3, 4]
128.3 fp=[4] true=[3] merged=[3, 4]
128.6 fp=[4] true=[3] merged=[3, 4]
129.0 fp=[4] true=[3] merged=[3, 4]
129.3 fp=[4] true=[3] merged=[3, 4]
129.6 fp=[4] true=[3] merged=[3, 4]
129.9 fp=[4] true=[3] merged=[3, 4]
130.2 fp=[4] true=[3] merged=[3, 4]
130.5 fp=[4] true=[3] merged=[3, 4]
130.8 fp=[4] true=[3] merged=[3, 4]
131.1 fp=[4] true=[3] merged=[3, 4]
131.5 fp=[4] true=[3] merged=[3, 4]
131.8 fp=[4] true=[3] merged=[3, 4]
132.1 fp=[4] true=[3] merged=[3, 4]
132.4 fp=[4] true=[3] merged=[3, 4]
132.7 fp=[4] true=[3] merged=[3, 4]
133.0 fp=[4] true=[3] merged=[3, 4]
133.3 fp=[4] true=[3] merged=[3, 4]
133.7 fp=[4] true=[3] merged=[3, 4]
134.0 fp=[4] true=[3] merged=[3, 4]
134.3 fp=[4] true=[3] merged=[3, 4]
134.6 fp=[4] true=[3] merged=[3, 4]
134.9 fp=[4] true=[3] merged=[3, 4]
135.2 fp=[2] true=[3] merged=[2, 3]
135.5 fp=[2] true=[3] merged=[2, 3]
135.8 fp=[2] true=[3] merged=[2, 3]
136.2 fp=[2] true=[3] merged=[2, 3]
136.5 fp=[2] true=[3] merged=[2, 3]
136.8 fp=[2] true=[3] merged=[2, 3]
137.1 fp=[2] true=[3] merged=[2, 3]
137.4 fp=[2] true=[3] merged=[2, 3]
137.7 fp=[2] true=[3] merged=[2, 3]
138.0 fp=[2] true=[3] merged=[2, 3]
138.4 fp=[2] true=[3] merged=[2, 3]
138.7 fp=[2] true=[3] merged=[2, 3]
139.0 fp=[2] true=[3] merged=[2, 3]
139.3 fp=[2] true=[3] merged=[2, 3]
139.6 fp=[2] true=[3] merged=[2, 3]
139.9 fp=[2] true=[3] merged=[2, 3]
140.2 fp=[2] true=[3] merged=[2, 3]
140.5 fp=[2] true=[3] merged=[2, 3]
140.8 fp=[2] true=[3] merged=[2, 3]
141.2 fp=[2] true=[3] merged=[2, 3]
141.5 fp=[2] true=[3] merged=[2, 3]
141.8 fp=[2] true=[3] merged=[2, 3]
142.1 fp=[2] true=[3] merged=[2, 3]
142.4 fp=[2] true=[3] merged=[2, 3]
142.7 fp=[2] true=[3] merged=[2, 3]
143.0 fp=[2] true=[3] merged=[2, 3]
143.3 fp=[2] true=[3] merged=[2, 3]
143.6 fp=[2] true=[3] merged=[2, 3]
144.0 fp=[2] true=[3] merged=[2, 3]
144.3 fp=[2] true=[3] merged=[2, 3]
144.6 fp=[2] true=[3] merged=[2, 3]
144.9 fp=[2] true=[3] merged=[2, 3]
145.2 fp=[2] true=[3] merged=[2, 3]
145.5 fp=[2] true=[3] merged=[2, 3]
145.8 fp=[2] true=[3] merged=[2, 3]
146.2 fp=[2] true=[3] merged=[2, 3]
146.5 fp=[2] true=[3] merged=[2, 3]
146.8 fp=[2] true=[3] merged=[2, 3]
147.1 fp=[2] true=[3] merged=[2, 3]
147.4 fp=[2] true=[3] merged=[2, 3]
147.7 fp=[2] true=[3] merged=[2, 3]
148.0 fp=[2] true=[3] merged=[2, 3]
148.3 fp=[2] true=[3] merged=[2, 3]
148.7 fp=[2] true=[3] merged=[2, 3]
149.0 fp=[2] true=[3] merged=[2, 3]
149.3 fp=[2] true=[3] merged=[2, 3]
149.6 fp=[2] true=[3] merged=[2, 3]
149.9 fp=[2] true=[3] merged=[2, 3]
150.3 fp=[2] true=[3] merged=[2, 3]
150.6 fp=[2] true=[3] merged=[2, 3]
150.9 fp=[2] true=[3] merged=[2, 3]
151.2 fp=[2] true=[3] merged=[2, 3]
151.5 fp=[2] true=[3] merged=[2, 3]
151.8 fp=[2] true=[3] merged=[2, 3]
152.1 fp=[2] true=[3] merged=[2, 3]
152.4 fp=[2] true=[3] merged=[2, 3]
152.8 fp=[2] true=[3] merged=[2, 3]
153.1 fp=[2] true=[3] merged=[2, 3]
153.4 fp=[2] true=[3] merged=[2, 3]
153.7 fp=[2] true=[3] merged=[2, 3]
154.0 fp=[2] true=[3] merged=[2, 3]
154.3 fp=[2] true=[3] merged=[2, 3]
154.7 fp=[2] true=[3] merged=[2, 3]
155.0 fp=[2] true=[3] merged=[2, 3]
155.3 fp=[2] true=[3] merged=[2, 3]
155.6 fp=[2] true=[3] merged=[2, 3]
155.9 fp=[2] true=[3] merged=[2, 3]
156.2 fp=[2] true=[3] merged=[2, 3]
156.5 fp=[2] true=[3] merged=[2, 3]
156.8 fp=[2] true=[3] merged=[2, 3]
157.2 fp=[2] true=[3] merged=[2, 3]
157.5 fp=[2] true=[3] merged=[2, 3]
157.8 fp=[2] true=[3] merged=[2, 3]
158.1 fp=[2] true=[3] merged=[2, 3]
158.4 fp=[2] true=[3] merged=[2, 3]
158.7 fp=[2] true=[3] merged=[2, 3]
159.0 fp=[2] true=[3] merged=[2, 3]
159.4 fp=[2] true=[3] merged=[2, 3]
159.7 fp=[2] true=[3] merged=[2, 3]
160.0 fp=[2] true=[3] merged=[2, 3]
160.3 fp=[2] true=[3] merged=[2, 3]
160.6 fp=[2] true=[3] merged=[2, 3]
160.9 fp=[2] true=[3] merged=[2, 3]
161.2 fp=[2] true=[3] merged=[2, 3]
161.5 fp=[2] true=[3] merged=[2, 3]
161.8 fp=[2] true=[3] merged=[2, 3]
162.2 fp=[2] true=[3] merged=[2, 3]
162.5 fp=[2] true=[3] merged=[2, 3]
162.8 fp=[2] true=[3] merged=[2, 3]
163.1 fp=[2] true=[3] merged=[2, 3]
163.4 fp=[2] true=[3] merged=[2, 3]
163.7 fp=[2] true=[3] merged=[2, 3]
164.0 fp=[2] true=[3] merged=[2, 3]
164.3 fp=[2] true=[3] merged=[2, 3]
164.7 fp=[2] true=[3] merged=[2, 3]
165.0 fp=[2] true=[3] merged=[2, 3]
165.3 fp=[2] true=[3] merged=[2, 3]
165.6 fp=[2] true=[3] merged=[2, 3]
165.9 fp=[2] true=[3] merged=[2, 3]
166.2 fp=[2] true=[3] merged=[2, 3]
166.5 fp=[2] true=[3] merged=[2, 3]
166.8 fp=[2] true=[3] merged=[2, 3]
167.1 fp=[2] true=[3] merged=[2, 3]
167.4 fp=[2] true=[3] merged=[2, 3]
167.8 fp=[2] true=[3] merged=[2, 3]
168.1 fp=[2] true=[3] merged=[2, 3]
168.4 fp=[2] true=[3] merged=[2, 3]
168.7 fp=[2] true=[3] merged=[2, 3]
169.0 fp=[2] true=[3] merged=[2, 3]
169.3 fp=[2] true=[3] merged=[2, 3]
169.6 fp=[2] true=[3] merged=[2, 3]
169.9 fp=[2] true=[3] merged=[2, 3]
170.2 fp=[2] true=[3] merged=[2, 3]
170.6 fp=[2] true=[3] merged=[2, 3]
170.9 fp=[2] true=[3] merged=[2, 3]
171.2 fp=[2] true=[3] merged=[2, 3]
171.5 fp=[2] true=[3] merged=[2, 3]
171.8 fp=[2] true=[3] merged=[2, 3]
172.1 fp=[2] true=[3] merged=[2, 3]
172.5 fp=[2] true=[3] merged=[2, 3]
172.8 fp=[2] true=[3] merged=[2, 3]
173.1 fp=[2] true=[3] merged=[2, 3]
173.4 fp=[2] true=[3] merged=[2, 3]
173.7 fp=[2] true=[3] merged=[2, 3]
174.0 fp=[2] true=[3] merged=[2, 3]
174.3 fp=[2] true=[3] merged=[2, 3]
174.6 fp=[2] true=[3] merged=[2, 3]
175.0 fp=[2] true=[3] merged=[2, 3]
175.3 fp=[2] true=[3] merged=[2, 3]
175.6 fp=[2] true=[3] merged=[2, 3]
175.9 fp=[2] true=[3] merged=[2, 3]
176.2 fp=[4] true=[3] merged=[3, 4]
176.5 fp=[4] true=[3] merged=[3, 4]
176.9 fp=[4] true=[3] merged=[3, 4]
177.2 fp=[4] true=[3] merged=[3, 4]
177.5 fp=[4] true=[3] merged=[3, 4]
177.8 fp=[4] true=[3] merged=[3, 4]
178.1 fp=[4] true=[3] merged=[3, 4]
178.4 fp=[4] true=[3] merged=[3, 4]
178.7 fp=[4] true=[3] merged=[3, 4]
179.0 fp=[4] true=[3] merged=[3, 4]
179.3 fp=[4] true=[3] merged=[3, 4]
179.7 fp=[4] true=[3] merged=[3, 4]
180.0 fp=[4] true=[3] merged=[3, 4]
180.3 fp=[4] true=[3] merged=[3, 4]
180.6 fp=[4] true=[3] merged=[3, 4]
180.9 fp=[4] true=[3] merged=[3, 4]
181.2 fp=[5] true=[3] merged=[3, 5]
181.5 fp=[5] true=[3] merged=[3, 5]
181.8 fp=[5] true=[3] merged=[3, 5]
182.1 fp=[5] true=[3] merged=[3, 5]
182.4 fp=[5] true=[3] merged=[3, 5]
182.8 fp=[5] true=[3] merged=[3, 5]
183.1 fp=[7] true=[3] merged=[3, 7]
183.4 fp=[7] true=[3] merged=[3, 7]
183.7 fp=[7] true=[3] merged=[3, 7]
184.0 fp=[7] true=[3] merged=[3, 7]
184.3 fp=[7] true=[3] merged=[3, 7]
184.6 fp=[7] true=[3] merged=[3, 7]
184.9 fp=[7] true=[3] merged=[3, 7]
185.2 fp=[7] true=[3] merged=[3, 7]
185.5 fp=[7] true=[3] merged=[3, 7]
185.9 fp=[7] true=[3] merged=[3, 7]
186.2 fp=[7] true=[3] merged=[3, 7]
186.5 fp=[7] true=[3] merged=[3, 7]
186.8 fp=[7] true=[3] merged=[3, 7]
187.1 fp=[7] true=[3] merged=[3, 7]
187.4 fp=[7] true=[3] merged=[3, 7]
187.7 fp=[7] true=[3] merged=[3, 7]
188.0 fp=[7] true=[3] merged=[3, 7]
188.3 fp=[7] true=[3] merged=[3, 7]
188.7 fp=[7] true=[3] merged=[3, 7]
189.0 fp=[7] true=[3] merged=[3, 7]
189.3 fp=[4] true=[3] merged=[3, 4]
189.6 fp=[4] true=[3] merged=[3, 4]
190.0 fp=[4] true=[3] merged=[3, 4]
190.3 fp=[4] true=[3] merged=[3, 4]
190.6 fp=[4] true=[3] merged=[3, 4]
190.9 fp=[4] true=[3] merged=[3, 4]
191.2 fp=[4] true=[3] merged=[3, 4]
191.5 fp=[4] true=[3] merged=[3, 4]
191.8 fp=[4] true=[3] merged=[3, 4]
192.2 fp=[4] true=[3] merged=[3, 4]
192.5 fp=[4] true=[3] merged=[3, 4]
192.8 fp=[4] true=[3] merged=[3, 4]
193.1 fp=[4] true=[3] merged=[3, 4]
193.4 fp=[4] true=[3] merged=[3, 4]
193.7 fp=[4] true=[3] merged=[3, 4]
194.0 fp=[4] true=[3] merged=[3, 4]
194.4 fp=[4] true=[3] merged=[3, 4]
194.7 fp=[4] true=[3] merged=[3, 4]
195.0 fp=[4] true=[3] merged=[3, 4]
195.3 fp=[4] true=[3] merged=[3, 4]
195.6 fp=[4] true=[3] merged=[3, 4]
195.9 fp=[4] true=[3] merged=[3, 4]
196.3 fp=[4] true=[3] merged=[3, 4]
196.6 fp=[4] true=[3] merged=[3, 4]
196.9 fp=[4] true=[3] merged=[3, 4]
197.2 fp=[4] true=[3] merged=[3, 4]
197.5 fp=[4] true=[3] merged=[3, 4]
197.8 fp=[4] true=[3] merged=[3, 4]
198.1 fp=[4] true=[3] merged=[3, 4]
198.4 fp=[4] true=[3] merged=[3, 4]
198.8 fp=[4] true=[3] merged=[3, 4]
199.1 fp=[4] true=[3] merged=[3, 4]
199.4 fp=[4] true=[3] merged=[3, 4]
199.7 fp=[4] true=[3] merged=[3, 4]
200.0 fp=[4] true=[3] merged=[3, 4]
200.3 fp=[4] true=[3] merged=[3, 4]
200.6 fp=[4] true=[3] merged=[3, 4]
200.9 fp=[4] true=[3] merged=[3, 4]
201.2 fp=[4] true=[3] merged=[3, 4]
201.5 fp=[4] true=[3] merged=[3, 4]
201.9 fp=[4] true=[3] merged=[3, 4]
202.2 fp=[1] true=[3] merged=[1, 3]
202.5 fp=[1] true=[3] merged=[1, 3]
202.8 fp=[1] true=[3] merged=[1, 3]
203.1 fp=[1] true=[3] merged=[1, 3]
203.4 fp=[1] true=[3] merged=[1, 3]
203.7 fp=[1] true=[3] merged=[1, 3]
204.0 fp=[1] true=[3] merged=[1, 3]
204.3 fp=[1] true=[3] merged=[1, 3]
204.6 fp=[1] true=[3] merged=[1, 3]
204.9 fp=[1] true=[3] merged=[1, 3]
205.3 fp=[1] true=[3] merged=[1, 3]
205.6 fp=[1] true=[3] merged=[1, 3]
205.9 fp=[1] true=[3] merged=[1, 3]
206.2 fp=[1] true=[3] merged=[1, 3]
206.5 fp=[1] true=[3] merged=[1, 3]
206.8 fp=[1] true=[3] merged=[1, 3]
207.1 fp=[1] true=[3] merged=[1, 3]
207.4 fp=[1] true=[3] merged=[1, 3]
207.8 fp=[1] true=[3] merged=[1, 3]
208.1 fp=[1] true=[3] merged=[1, 3]
208.4 fp=[1] true=[3] merged=[1, 3]
208.7 fp=[1] true=[3] merged=[1, 3]
209.0 fp=[1] true=[3] merged=[1, 3]
209.3 fp=[1] true=[3] merged=[1, 3]
209.6 fp=[1] true=[3] merged=[1, 3]
210.0 fp=[1] true=[3] merged=[1, 3]
210.3 fp=[1] true=[3] merged=[1, 3]
210.6 fp=[1] true=[3] merged=[1, 3]
210.9 fp=[1] true=[3] merged=[1, 3]
211.2 fp=[1] true=[3] merged=[1, 3]
211.5 fp=[1] true=[3] merged=[1, 3]
211.8 fp=[1] true=[3] merged=[1, 3]
212.2 fp=[1] true=[3] merged=[1, 3]
212.5 fp=[1] true=[3] merged=[1, 3]
212.8 fp=[1] true=[3] merged=[1, 3]
213.1 fp=[1] true=[3] merged=[1, 3]
213.4 fp=[1] true=[3] merged=[1, 3]
213.7 fp=[1] true=[3] merged=[1, 3]
214.0 fp=[1] true=[3] merged=[1, 3]
214.3 fp=[1] true=[3] merged=[1, 3]
214.7 fp=[1] true=[3] merged=[1, 3]
215.0 fp=[1] true=[3] merged=[1, 3]
215.3 fp=[1] true=[3] merged=[1, 3]
215.6 fp=[1] true=[3] merged=[1, 3]
215.9 fp=[1] true=[3] merged=[1, 3]
216.2 fp=[1] true=[3] merged=[1, 3]
216.5 fp=[1] true=[3] merged=[1, 3]
216.8 fp=[1] true=[3] merged=[1, 3]
217.2 fp=[1] true=[3] merged=[1, 3]
217.5 fp=[1] true=[3] merged=[1, 3]
217.8 fp=[1] true=[3] merged=[1, 3]
218.1 fp=[1] true=[3] merged=[1, 3]
218.4 fp=[1] true=[3] merged=[1, 3]
218.7 fp=[1] true=[3] merged=[1, 3]
219.0 fp=[1] true=[3] merged=[1, 3]
219.3 fp=[1] true=[3] merged=[1, 3]
219.7 fp=[1] true=[3] merged=[1, 3]
220.0 fp=[1] true=[3] merged=[1, 3]
220.3 fp=[1] true=[3] merged=[1, 3]
220.6 fp=[1] true=[3] merged=[1, 3]
220.9 fp=[1] true=[3] merged=[1, 3]
221.2 fp=[1] true=[3] merged=[1, 3]
221.6 fp=[1] true=[3] merged=[1, 3]
221.9 fp=[1] true=[3] merged=[1, 3]
222.2 fp=[2] true=[3] merged=[2, 3]
222.5 fp=[2] true=[3] merged=[2, 3]
222.8 fp=[2] true=[3] merged=[2, 3]
223.1 fp=[2] true=[3] merged=[2, 3]
223.4 fp=[2] true=[3] merged=[2, 3]
223.7 fp=[2] true=[3] merged=[2, 3]
224.0 fp=[2] true=[3] merged=[2, 3]
224.4 fp=[2] true=[3] merged=[2, 3]
224.7 fp=[2] true=[3] merged=[2, 3]
225.0 fp=[2] true=[3] merged=[2, 3]
225.3 fp=[2] true=[3] merged=[2, 3]
225.6 fp=[2] true=[3] merged=[2, 3]
225.9 fp=[2] true=[3] merged=[2, 3]
226.2 fp=[2] true=[3] merged=[2, 3]
226.5 fp=[2] true=[3] merged=[2, 3]
226.8 fp=[2] true=[3] merged=[2, 3]
227.2 fp=[2] true=[3] merged=[2, 3]
227.5 fp=[2] true=[3] merged=[2, 3]
227.8 fp=[2] true=[3] merged=[2, 3]
228.1 fp=[2] true=[3] merged=[2, 3]
228.4 fp=[2] true=[3] merged=[2, 3]
228.7 fp=[2] true=[3] merged=[2, 3]
229.0 fp=[2] true=[3] merged=[2, 3]
229.3 fp=[2] true=[3] merged=[2, 3]
229.6 fp=[2] true=[3] merged=[2, 3]
230.0 fp=[2] true=[3] merged=[2, 3]
230.3 fp=[2] true=[3] merged=[2, 3]
230.6 fp=[2] true=[3] merged=[2, 3]
230.9 fp=[2] true=[3] merged=[2, 3]
231.2 fp=[2] true=[3] merged=[2, 3]
231.5 fp=[2] true=[3] merged=[2, 3]
231.8 fp=[2] true=[3] merged=[2, 3]
232.1 fp=[5] true=[3] merged=[3, 5]
232.4 fp=[5] true=[3] merged=[3, 5]
232.8 fp=[5] true=[3] merged=[3, 5]
233.1 fp=[5] true=[3] merged=[3, 5]
233.4 fp=[5] true=[3] merged=[3, 5]
233.7 fp=[5] true=[3] merged=[3, 5]
234.0 fp=[5] true=[3] merged=[3, 5]
234.3 fp=[5] true=[3] merged=[3, 5]
234.6 fp=[5] true=[3] merged=[3, 5]
234.9 fp=[5] true=[3] merged=[3, 5]
235.2 fp=[5] true=[3] merged=[3, 5]
235.6 fp=[5] true=[3] merged=[3, 5]
235.9 fp=[5] true=[3] merged=[3, 5]
236.2 fp=[5] true=[3] merged=[3, 5]
236.5 fp=[5] true=[3] merged=[3, 5]
236.8 fp=[5] true=[3] merged=[3, 5]
237.1 fp=[5] true=[3] merged=[3, 5]
237.4 fp=[5] true=[3] merged=[3, 5]
237.7 fp=[5] true=[3] merged=[3, 5]
238.0 fp=[5] true=[3] merged=[3, 5]
238.4 fp=[5] true=[3] merged=[3, 5]
238.7 fp=[5] true=[3] merged=[3, 5]
239.0 fp=[5] true=[3] merged=[3, 5]
239.3 fp=[5] true=[3] merged=[3, 5]
239.6 fp=[5] true=[3] merged=[3, 5]
239.9 fp=[5] true=[3] merged=[3, 5]
240.3 fp=[5] true=[3] merged=[3, 5]
240.6 fp=[5] true=[3] merged=[3, 5]
240.9 fp=[5] true=[3] merged=[3, 5]
241.2 fp=[2] true=[3] merged=[2, 3]
241.5 fp=[2] true=[3] merged=[2, 3]
241.8 fp=[2] true=[3] merged=[2, 3]
242.1 fp=[2] true=[3] merged=[2, 3]
242.4 fp=[2] true=[3] merged=[2, 3]
242.7 fp=[2] true=[3] merged=[2, 3]
243.1 fp=[2] true=[3] merged=[2, 3]
243.4 fp=[2] true=[3] merged=[2, 3]
243.7 fp=[2] true=[3] merged=[2, 3]
244.0 fp=[2] true=[3] merged=[2, 3]
244.3 fp=[2] true=[3] merged=[2, 3]
244.6 fp=[2] true=[3] merged=[2, 3]
244.9 fp=[2] true=[3] merged=[2, 3]
245.2 fp=[2] true=[3] merged=[2, 3]
245.6 fp=[2] true=[3] merged=[2, 3]
245.9 fp=[2] true=[3] merged=[2, 3]
246.2 fp=[2] true=[3] merged=[2, 3]
246.5 fp=[2] true=[3] merged=[2, 3]
246.8 fp=[2] true=[3] merged=[2, 3]
247.1 fp=[2] true=[3] merged=[2, 3]
247.4 fp=[2] true=[3] merged=[2, 3]
247.7 fp=[2] true=[3] merged=[2, 3]
248.1 fp=[2] true=[3] merged=[2, 3]
248.4 fp=[2] true=[3] merged=[2, 3]
248.7 fp=[2] true=[3] merged=[2, 3]
249.0 fp=[2] true=[3] merged=[2, 3]
249.3 fp=[2] true=[3] merged=[2, 3]
249.6 fp=[2] true=[3] merged=[2, 3]
249.9 fp=[2] true=[3] merged=[2, 3]
250.2 fp=[2] true=[3] merged=[2, 3]
250.6 fp=[2] true=[3] merged=[2, 3]
250.9 fp=[2] true=[3] merged=[2, 3]
251.2 fp=[2] true=[3] merged=[2, 3]
251.5 fp=[2] true=[3] merged=[2, 3]
251.8 fp=[2] true=[3] merged=[2, 3]
252.1 fp=[2] true=[3] merged=[2, 3]
252.4 fp=[2] true=[3] merged=[2, 3]
252.7 fp=[2] true=[3] merged=[2, 3]
253.1 fp=[2] true=[3] merged=[2, 3]
253.4 fp=[2] true=[3] merged=[2, 3]
253.7 fp=[2] true=[3] merged=[2, 3]
254.0 fp=[2] true=[3] merged=[2, 3]
254.3 fp=[2] true=[3] merged=[2, 3]
254.6 fp=[2] true=[3] merged=[2, 3]
254.9 fp=[2] true=[3] merged=[2, 3]
255.2 fp=[2] true=[3] merged=[2, 3]
255.5 fp=[2] true=[3] merged=[2, 3]
255.8 fp=[2] true=[3] merged=[2, 3]
256.2 fp=[2] true=[3] merged=[2, 3]
256.5 fp=[2] true=[3] merged=[2, 3]
256.8 fp=[2] true=[3] merged=[2, 3]
257.1 fp=[2] true=[3] merged=[2, 3]
257.4 fp=[2] true=[3] merged=[2, 3]
257.7 fp=[2] true=[3] merged=[2, 3]
258.0 fp=[2] true=[3] merged=[2, 3]
258.4 fp=[2] true=[3] merged=[2, 3]
258.7 fp=[2] true=[3] merged=[2, 3]
259.0 fp=[2] true=[3] merged=[2, 3]
259.3 fp=[2] true=[3] merged=[2, 3]
259.6 fp=[2] true=[3] merged=[2, 3]
259.9 fp=[2] true=[3] merged=[2, 3]
260.2 fp=[2] true=[3] merged=[2, 3]
260.6 fp=[2] true=[3] merged=[2, 3]
260.9 fp=[2] true=[3] merged=[2, 3]
261.2 fp=[7] true=[3] merged=[3, 7]
261.5 fp=[7] true=[3] merged=[3, 7]
261.8 fp=[7] true=[3] merged=[3, 7]
262.1 fp=[6] true=[3] merged=[3, 6]
262.4 fp=[6] true=[3] merged=[3, 6]
262.7 fp=[6] true=[3] merged=[3, 6]
263.1 fp=[6] true=[3] merged=[3, 6]
263.4 fp=[6] true=[3] merged=[3, 6]
263.7 fp=[6] true=[3] merged=[3, 6]
264.0 fp=[6] true=[3] merged=[3, 6]
264.3 fp=[6] true=[3] merged=[3, 6]
264.6 fp=[6] true=[3] merged=[3, 6]
264.9 fp=[6] true=[3] merged=[3, 6]
265.2 fp=[6] true=[3] merged=[3, 6]
265.5 fp=[6] true=[3] merged=[3, 6]
265.9 fp=[6] true=[3] merged=[3, 6]
266.2 fp=[6] true=[3] merged=[3, 6]
266.5 fp=[6] true=[3] merged=[3, 6]
266.8 fp=[6] true=[3] merged=[3, 6]
267.1 fp=[6] true=[3] merged=[3, 6]
267.4 fp=[6] true=[3] merged=[3, 6]
267.7 fp=[6] true=[3] merged=[3, 6]
268.0 fp=[2] true=[3] merged=[2, 3]
268.3 fp=[2] true=[3] merged=[2, 3]
268.7 fp=[2] true=[3] merged=[2, 3]
269.0 fp=[2] true=[3] merged=[2, 3]
269.3 fp=[2] true=[3] merged=[2, 3]
269.6 fp=[2] true=[3] merged=[2, 3]
269.9 fp=[2] true=[3] merged=[2, 3]
270.2 fp=[2] true=[3] merged=[2, 3]
270.5 fp=[2] true=[3] merged=[2, 3]
270.9 fp=[2] true=[3] merged=[2, 3]
271.2 fp=[2] true=[3] merged=[2, 3]
271.5 fp=[2] true=[3] merged=[2, 3]
271.8 fp=[2] true=[3] merged=[2, 3]
272.1 fp=[2] true=[3] merged=[2, 3]
272.5 fp=[2] true=[3] merged=[2, 3]
272.8 fp=[2] true=[3] merged=[2, 3]
273.1 fp=[2] true=[3] merged=[2, 3]
273.4 fp=[2] true=[3] merged=[2, 3]
273.8 fp=[2] true=[3] merged=[2, 3]
274.1 fp=[2] true=[3] merged=[2, 3]
274.4 fp=[2] true=[3] merged=[2, 3]
274.7 fp=[2] true=[3] merged=[2, 3]
275.0 fp=[2] true=[3] merged=[2, 3]
275.3 fp=[2] true=[3] merged=[2, 3]
275.6 fp=[2] true=[3] merged=[2, 3]
275.9 fp=[2] true=[3] merged=[2, 3]
276.2 fp=[2] true=[3] merged=[2, 3]
276.6 fp=[2] true=[3] merged=[2, 3]
276.9 fp=[2] true=[3] merged=[2, 3]
277.2 fp=[2] true=[3] merged=[2, 3]
277.5 fp=[2] true=[3] merged=[2, 3]
277.8 fp=[2] true=[3] merged=[2, 3]
278.1 fp=[2] true=[3] merged=[2, 3]
278.4 fp=[2] true=[3] merged=[2, 3]
278.8 fp=[2] true=[3] merged=[2, 3]
279.1 fp=[2] true=[3] merged=[2, 3]
279.4 fp=[2] true=[3] merged=[2, 3]
279.7 fp=[2] true=[3] merged=[2, 3]
280.1 fp=[2] true=[3] merged=[2, 3]
280.4 fp=[2] true=[3] merged=[2, 3]
280.7 fp=[2] true=[3] merged=[2, 3]
281.0 fp=[2] true=[3] merged=[2, 3]
281.3 fp=[2] true=[3] merged=[2, 3]
281.6 fp=[2] true=[3] merged=[2, 3]
281.9 fp=[2] true=[3] merged=[2, 3]
282.2 fp=[2] true=[3] merged=[2, 3]
282.5 fp=[2] true=[3] merged=[2, 3]
282.9 fp=[2] true=[3] merged=[2, 3]
283.2 fp=[2] true=[3] merged=[2, 3]
283.5 fp=[2] true=[3] merged=[2, 3]
283.8 fp=[2] true=[3] merged=[2, 3]
284.1 fp=[2] true=[3] merged=[2, 3]
284.4 fp=[2] true=[3] merged=[2, 3]
284.8 fp=[2] true=[3] merged=[2, 3]
285.1 fp=[2] true=[3] merged=[2, 3]
285.4 fp=[2] true=[3] merged=[2, 3]
285.7 fp=[2] true=[3] merged=[2, 3]
286.0 fp=[2] true=[3] merged=[2, 3]
286.3 fp=[2] true=[3] merged=[2, 3]
286.6 fp=[2] true=[3] merged=[2, 3]
286.9 fp=[2] true=[3] merged=[2, 3]
287.3 fp=[2] true=[3] merged=[2, 3]
287.6 fp=[2] true=[3] merged=[2, 3]
287.9 fp=[2] true=[3] merged=[2, 3]
288.2 fp=[2] true=[3] merged=[2, 3]
288.5 fp=[2] true=[3] merged=[2, 3]
288.8 fp=[2] true=[3] merged=[2, 3]
289.1 fp=[2] true=[3] merged=[2, 3]
289.4 fp=[2] true=[3] merged=[2, 3]
289.8 fp=[2] true=[3] merged=[2, 3]
290.1 fp=[2] true=[3] merged=[2, 3]
290.4 fp=[2] true=[3] merged=[2, 3]
290.8 fp=[2] true=[3] merged=[2, 3]
291.1 fp=[2] true=[3] merged=[2, 3]
291.4 fp=[2] true=[3] merged=[2, 3]
291.7 fp=[2] true=[3] merged=[2, 3]
292.0 fp=[2] true=[3] merged=[2, 3]
292.3 fp=[2] true=[3] merged=[2, 3]
292.7 fp=[2] true=[3] merged=[2, 3]
293.0 fp=[2] true=[3] merged=[2, 3]
293.3 fp=[2] true=[3] merged=[2, 3]
293.6 fp=[2] true=[3] merged=[2, 3]
293.9 fp=[2] true=[3] merged=[2, 3]
294.2 fp=[2] true=[3] merged=[2, 3]
294.5 fp=[2] true=[3] merged=[2, 3]
294.8 fp=[2] true=[3] merged=[2, 3]
295.1 fp=[2] true=[3] merged=[2, 3]
295.5 fp=[2] true=[3] merged=[2, 3]
295.8 fp=[2] true=[3] merged=[2, 3]
296.1 fp=[2] true=[3] merged=[2, 3]
296.4 fp=[2] true=[3] merged=[2, 3]
296.7 fp=[2] true=[3] merged=[2, 3]
297.0 fp=[2] true=[3] merged=[2, 3]
297.3 fp=[2] true=[3] merged=[2, 3]
297.7 fp=[2] true=[3] merged=[2, 3]
298.0 fp=[2] true=[3] merged=[2, 3]
298.3 fp=[2] true=[3] merged=[2, 3]
298.6 fp=[2] true=[3] merged=[2, 3]
298.9 fp=[2] true=[3] merged=[2, 3]
299.2 fp=[2] true=[3] merged=[2, 3]
299.5 fp=[2] true=[3] merged=[2, 3]
299.8 fp=[2] true=[3] merged=[2, 3]
300.2 fp=[2] true=[3] merged=[2, 3]
300.5 fp=[2] true=[3] merged=[2, 3]
300.8 fp=[2] true=[3] merged=[2, 3]
301.1 fp=[2] true=[3] merged=[2, 3]
301.4 fp=[2] true=[3] merged=[2, 3]
301.7 fp=[2] true=[3] merged=[2, 3]
302.0 fp=[2] true=[3] merged=[2, 3]
302.3 fp=[2] true=[3] merged=[2, 3]
302.7 fp=[2] true=[3] merged=[2, 3]
303.0 fp=[2] true=[3] merged=[2, 3]
303.3 fp=[2] true=[3] merged=[2, 3]
303.6 fp=[2] true=[3] merged=[2, 3]
303.9 fp=[2] true=[3] merged=[2, 3]
304.2 fp=[2] true=[3] merged=[2, 3]
304.5 fp=[2] true=[3] merged=[2, 3]
304.9 fp=[2] true=[3] merged=[2, 3]
305.2 fp=[2] true=[3] merged=[2, 3]
305.5 fp=[2] true=[3] merged=[2, 3]
305.8 fp=[2] true=[3] merged=[2, 3]
306.1 fp=[2] true=[3] merged=[2, 3]
306.4 fp=[2] true=[3] merged=[2, 3]
306.7 fp=[2] true=[3] merged=[2, 3]
307.0 fp=[2] true=[3] merged=[2, 3]
307.4 fp=[2] true=[3] merged=[2, 3]
307.7 fp=[2] true=[3] merged=[2, 3]
308.0 fp=[2] true=[3] merged=[2, 3]
308.3 fp=[2] true=[3] merged=[2, 3]
308.6 fp=[2] true=[3] merged=[2, 3]
308.9 fp=[2] true=[3] merged=[2, 3]
309.2 fp=[4] true=[3] merged=[3, 4]
309.6 fp=[4] true=[3] merged=[3, 4]
309.9 fp=[4] true=[3] merged=[3, 4]
310.2 fp=[4] true=[3] merged=[3, 4]
310.5 fp=[4] true=[3] merged=[3, 4]
310.8 fp=[4] true=[3] merged=[3, 4]
311.1 fp=[4] true=[3] merged=[3, 4]
311.4 fp=[4] true=[3] merged=[3, 4]
311.7 fp=[4] true=[3] merged=[3, 4]
312.0 fp=[4] true=[3] merged=[3, 4]
312.4 fp=[4] true=[3] merged=[3, 4]
312.7 fp=[4] true=[3] merged=[3, 4]
313.0 fp=[4] true=[3] merged=[3, 4]
313.3 fp=[4] true=[3] merged=[3, 4]
313.6 fp=[4] true=[3] merged=[3, 4]
313.9 fp=[4] true=[3] merged=[3, 4]
314.2 fp=[4] true=[3] merged=[3, 4]
314.6 fp=[4] true=[3] merged=[3, 4]
314.9 fp=[4] true=[3] merged=[3, 4]
315.2 fp=[4] true=[3] merged=[3, 4]
315.5 fp=[4] true=[3] merged=[3, 4]
315.8 fp=[4] true=[3] merged=[3, 4]
316.1 fp=[4] true=[3] merged=[3, 4]
316.5 fp=[4] true=[3] merged=[3, 4]
316.8 fp=[4] true=[3] merged=[3, 4]
317.1 fp=[4] true=[3] merged=[3, 4]
317.4 fp=[4] true=[3] merged=[3, 4]
317.7 fp=[4] true=[3] merged=[3, 4]
318.1 fp=[4] true=[3] merged=[3, 4]
318.4 fp=[4] true=[3] merged=[3, 4]
318.7 fp=[4] true=[3] merged=[3, 4]
319.0 fp=[4] true=[3] merged=[3, 4]
319.3 fp=[4] true=[3] merged=[3, 4]
319.6 fp=[4] true=[3] merged=[3, 4]
320.0 fp=[4] true=[3] merged=[3, 4]
320.3 fp=[4] true=[3] merged=[3, 4]
320.6 fp=[4] true=[3] merged=[3, 4]
320.9 fp=[4] true=[3] merged=[3, 4]
321.2 fp=[4] true=[3] merged=[3, 4]
321.5 fp=[4] true=[3] merged=[3, 4]
321.8 fp=[4] true=[3] merged=[3, 4]
322.1 fp=[4] true=[3] merged=[3, 4]
322.4 fp=[4] true=[3] merged=[3, 4]
322.8 fp=[4] true=[3] merged=[3, 4]
323.1 fp=[4] true=[3] merged=[3, 4]
323.4 fp=[4] true=[3] merged=[3, 4]
323.7 fp=[4] true=[3] merged=[3, 4]
324.0 fp=[4] true=[3] merged=[3, 4]
324.3 fp=[4] true=[3] merged=[3, 4]
324.6 fp=[4] true=[3] merged=[3, 4]
325.0 fp=[4] true=[3] merged=[3, 4]
325.3 fp=[1] true=[3] merged=[1, 3]
325.6 fp=[1] true=[3] merged=[1, 3]
325.9 fp=[1] true=[3] merged=[1, 3]
326.2 fp=[1] true=[3] merged=[1, 3]
326.5 fp=[1] true=[3] merged=[1, 3]
326.8 fp=[1] true=[3] merged=[1, 3]
327.1 fp=[1] true=[3] merged=[1, 3]
327.5 fp=[1] true=[3] merged=[1, 3]
327.8 fp=[1] true=[3] merged=[1, 3]
328.1 fp=[1] true=[3] merged=[1, 3]
328.4 fp=[1] true=[3] merged=[1, 3]
328.7 fp=[1] true=[3] merged=[1, 3]
329.0 fp=[1] true=[3] merged=[1, 3]
329.3 fp=[1] true=[3] merged=[1, 3]
329.7 fp=[1] true=[3] merged=[1, 3]
330.0 fp=[1] true=[3] merged=[1, 3]
330.3 fp=[1] true=[3] merged=[1, 3]
330.6 fp=[1] true=[3] merged=[1, 3]
330.9 fp=[1] true=[3] merged=[1, 3]
331.3 fp=[1] true=[3] merged=[1, 3]
331.6 fp=[1] true=[3] merged=[1, 3]
331.9 fp=[1] true=[3] merged=[1, 3]
332.2 fp=[1] true=[3] merged=[1, 3]
332.5 fp=[1] true=[3] merged=[1, 3]
332.8 fp=[1] true=[3] merged=[1, 3]
333.1 fp=[1] true=[3] merged=[1, 3]
333.5 fp=[1] true=[3] merged=[1, 3]
333.8 fp=[1] true=[3] merged=[1, 3]
334.1 fp=[1] true=[3] merged=[1, 3]
334.4 fp=[1] true=[3] merged=[1, 3]
334.7 fp=[1] true=[3] merged=[1, 3]
335.0 fp=[1] true=[3] merged=[1, 3]
335.3 fp=[1] true=[3] merged=[1, 3]
335.6 fp=[1] true=[3] merged=[1, 3]
336.0 fp=[1] true=[3] merged=[1, 3]
336.3 fp=[1] true=[3] merged=[1, 3]
336.6 fp=[1] true=[3] merged=[1, 3]
336.9 fp=[1] true=[3] merged=[1, 3]
337.2 fp=[1] true=[3] merged=[1, 3]
337.5 fp=[1] true=[3] merged=[1, 3]
337.8 fp=[1] true=[3] merged=[1, 3]
338.1 fp=[1] true=[3] merged=[1, 3]
338.5 fp=[1] true=[3] merged=[1, 3]
338.8 fp=[1] true=[3] merged=[1, 3]
339.1 fp=[1] true=[3] merged=[1, 3]
339.4 fp=[1] true=[3] merged=[1, 3]
339.7 fp=[1] true=[3] merged=[1, 3]
340.1 fp=[1] true=[3] merged=[1, 3]
340.4 fp=[1] true=[3] merged=[1, 3]
340.7 fp=[1] true=[3] merged=[1, 3]
341.0 fp=[1] true=[3] merged=[1, 3]
341.3 fp=[1] true=[3] merged=[1, 3]
341.7 fp=[1] true=[3] merged=[1, 3]
342.0 fp=[1] true=[3] merged=[1, 3]
342.3 fp=[1] true=[3] merged=[1, 3]
342.6 fp=[1] true=[3] merged=[1, 3]
342.9 fp=[1] true=[3] merged=[1, 3]
343.2 fp=[1] true=[3] merged=[1, 3]
343.5 fp=[1] true=[3] merged=[1, 3]
343.9 fp=[1] true=[3] merged=[1, 3]
344.2 fp=[1] true=[3] merged=[1, 3]
344.5 fp=[1] true=[3] merged=[1, 3]
344.8 fp=[1] true=[3] merged=[1, 3]
345.1 fp=[6] true=[3] merged=[3, 6]
345.4 fp=[6] true=[3] merged=[3, 6]
345.7 fp=[6] true=[3] merged=[3, 6]
346.1 fp=[6] true=[3] merged=[3, 6]
346.4 fp=[6] true=[3] merged=[3, 6]
346.7 fp=[6] true=[3] merged=[3, 6]
347.0 fp=[6] true=[3] merged=[3, 6]
347.3 fp=[6] true=[3] merged=[3, 6]
347.6 fp=[6] true=[3] merged=[3, 6]
347.9 fp=[6] true=[3] merged=[3, 6]
348.2 fp=[6] true=[3] merged=[3, 6]
348.5 fp=[6] true=[3] merged=[3, 6]
348.9 fp=[6] true=[3] merged=[3, 6]
349.2 fp=[4] true=[3] merged=[3, 4]
349.5 fp=[4] true=[3] merged=[3, 4]
349.8 fp=[4] true=[3] merged=[3, 4]
350.2 fp=[4] true=[3] merged=[3, 4]
350.5 fp=[4] true=[3] merged=[3, 4]
350.8 fp=[4] true=[3] merged=[3, 4]
351.1 fp=[4] true=[3] merged=[3, 4]
351.4 fp=[4] true=[3] merged=[3, 4]
351.7 fp=[4] true=[3] merged=[3, 4]
352.0 fp=[4] true=[3] merged=[3, 4]
352.4 fp=[4] true=[3] merged=[3, 4]
352.7 fp=[4] true=[3] merged=[3, 4]
353.0 fp=[4] true=[3] merged=[3, 4]
353.3 fp=[4] true=[3] merged=[3, 4]
353.6 fp=[4] true=[3] merged=[3, 4]
353.9 fp=[4] true=[3] merged=[3, 4]
354.2 fp=[2] true=[3] merged=[2, 3]
354.6 fp=[2] true=[3] merged=[2, 3]
354.9 fp=[2] true=[3] merged=[2, 3]
355.2 fp=[2] true=[3] merged=[2, 3]
355.5 fp=[2] true=[3] merged=[2, 3]
355.8 fp=[2] true=[3] merged=[2, 3]
356.1 fp=[2] true=[3] merged=[2, 3]
356.4 fp=[2] true=[3] merged=[2, 3]
356.7 fp=[2] true=[3] merged=[2, 3]
357.1 fp=[2] true=[3] merged=[2, 3]
357.4 fp=[2] true=[3] merged=[2, 3]
357.7 fp=[2] true=[3] merged=[2, 3]
358.0 fp=[2] true=[3] merged=[2, 3]
358.3 fp=[2] true=[3] merged=[2, 3]
358.6 fp=[2] true=[3] merged=[2, 3]
358.9 fp=[2] true=[3] merged=[2, 3]
359.2 fp=[2] true=[3] merged=[2, 3]
359.5 fp=[2] true=[3] merged=[2, 3]
359.8 fp=[2] true=[3] merged=[2, 3]
360.2 fp=[2] true=[3] merged=[2, 3]
360.5 fp=[2] true=[3] merged=[2, 3]
360.8 fp=[2] true=[3] merged=[2, 3]
361.1 fp=[1] true=[3] merged=[1, 3]
361.4 fp=[1] true=[3] merged=[1, 3]
361.7 fp=[1] true=[3] merged=[1, 3]
362.0 fp=[1] true=[3] merged=[1, 3]
362.3 fp=[1] true=[3] merged=[1, 3]
362.7 fp=[1] true=[3] merged=[1, 3]
363.0 fp=[1] true=[3] merged=[1, 3]
363.3 fp=[1] true=[3] merged=[1, 3]
363.6 fp=[1] true=[3] merged=[1, 3]
363.9 fp=[1] true=[3] merged=[1, 3]
364.2 fp=[1] true=[3] merged=[1, 3]
364.5 fp=[1] true=[3] merged=[1, 3]
364.9 fp=[1] true=[3] merged=[1, 3]
365.2 fp=[1] true=[3] merged=[1, 3]
365.5 fp=[1] true=[3] merged=[1, 3]
365.8 fp=[1] true=[3] merged=[1, 3]
366.1 fp=[1] true=[3] merged=[1, 3]
366.4 fp=[1] true=[3] merged=[1, 3]
366.7 fp=[1] true=[3] merged=[1, 3]
367.0 fp=[1] true=[3] merged=[1, 3]
367.3 fp=[1] true=[3] merged=[1, 3]
367.6 fp=[1] true=[3] merged=[1, 3]
368.0 fp=[1] true=[3] merged=[1, 3]
368.3 fp=[1] true=[3] merged=[1, 3]
368.6 fp=[1] true=[3] merged=[1, 3]
368.9 fp=[1] true=[3] merged=[1, 3]
369.2 fp=[1] true=[3] merged=[1, 3]
369.5 fp=[1] true=[3] merged=[1, 3]
369.9 fp=[1] true=[3] merged=[1, 3]
370.2 fp=[1] true=[3] merged=[1, 3]
370.5 fp=[1] true=[3] merged=[1, 3]
370.8 fp=[1] true=[3] merged=[1, 3]
371.1 fp=[1] true=[3] merged=[1, 3]
371.4 fp=[1] true=[3] merged=[1, 3]
371.7 fp=[1] true=[3] merged=[1, 3]
372.0 fp=[1] true=[3] merged=[1, 3]
372.3 fp=[1] true=[3] merged=[1, 3]
372.7 fp=[1] true=[3] merged=[1, 3]
373.0 fp=[1] true=[3] merged=[1, 3]
373.3 fp=[1] true=[3] merged=[1, 3]
373.6 fp=[1] true=[3] merged=[1, 3]
373.9 fp=[1] true=[3] merged=[1, 3]
374.2 fp=[1] true=[3] merged=[1, 3]
374.5 fp=[1] true=[3] merged=[1, 3]
374.8 fp=[1] true=[3] merged=[1, 3]
375.2 fp=[1] true=[3] merged=[1, 3]
375.5 fp=[1] true=[3] merged=[1, 3]
375.8 fp=[1] true=[3] merged=[1, 3]
376.1 fp=[1] true=[3] merged=[1, 3]
376.4 fp=[1] true=[3] merged=[1, 3]
376.7 fp=[1] true=[3] merged=[1, 3]
377.0 fp=[1] true=[3] merged=[1, 3]
377.4 fp=[1] true=[3] merged=[1, 3]
377.7 fp=[1] true=[3] merged=[1, 3]
378.0 fp=[1] true=[3] merged=[1, 3]
378.3 fp=[1] true=[3] merged=[1, 3]
378.6 fp=[1] true=[3] merged=[1, 3]
378.9 fp=[1] true=[3] merged=[1, 3]
379.2 fp=[1] true=[3] merged=[1, 3]
379.5 fp=[1] true=[3] merged=[1, 3]
379.8 fp=[1] true=[3] merged=[1, 3]
380.1 fp=[1] true=[3] merged=[1, 3]
380.4 fp=[1] true=[3] merged=[1, 3]
380.8 fp=[1] true=[3] merged=[1, 3]
381.1 fp=[1] true=[3] merged=[1, 3]
381.4 fp=[1] true=[3] merged=[1, 3]
381.7 fp=[1] true=[3] merged=[1, 3]
382.0 fp=[1] true=[3] merged=[1, 3]
382.3 fp=[1] true=[3] merged=[1, 3]
382.6 fp=[1] true=[3] merged=[1, 3]
382.9 fp=[1] true=[3] merged=[1, 3]
383.2 fp=[1] true=[3] merged=[1, 3]
383.6 fp=[1] true=[3] merged=[1, 3]
383.9 fp=[1] true=[3] merged=[1, 3]
384.2 fp=[1] true=[3] merged=[1, 3]
384.5 fp=[1] true=[3] merged=[1, 3]
384.8 fp=[1] true=[3] merged=[1, 3]
385.1 fp=[1] true=[3] merged=[1, 3]
385.4 fp=[1] true=[3] merged=[1, 3]
385.7 fp=[1] true=[3] merged=[1, 3]
386.1 fp=[2] true=[3] merged=[2, 3]
