# start rate=10 seed=6 dur=420 n=7 target=3 events=41
6.3 fp=[2] true=[3] merged=[2, 3]
6.6 fp=[2] true=[3] merged=[2, 3]
6.9 fp=[2] true=[3] merged=[2, 3]
7.2 fp=[2] true=[3] merged=[2, 3]
7.5 fp=[2] true=[3] merged=[2, 3]
7.8 fp=[2] true=[3] merged=[2, 3]
8.2 fp=[2] true=[3] merged=[2, 3]
8.5 fp=[2] true=[3] merged=[2, 3]
8.8 fp=[2] true=[3] merged=[2, 3]
9.1 fp=[2] true=[3] merged=[2, 3]
9.4 fp=[2] true=[3] merged=[2, 3]
9.7 fp=[2] true=[3] merged=[2, 3]
10.0 fp=[2] true=[3] merged=[2, 3]
10.4 fp=[2] true=[3] merged=[2, 3]
10.7 fp=[2] true=[3] merged=[2, 3]
11.0 fp=[2] true=[3] merged=[2, 3]
11.3 fp=[2] true=[3] merged=[2, 3]
11.6 fp=[2] true=[3] merged=[2, 3]
11.9 fp=[2] true=[3] merged=[2, 3]
12.3 fp=[2] true=[3] merged=[2, 3]
12.6 fp=[2] true=[3] merged=[2, 3]
12.9 fp=[2] true=[3] merged=[2, 3]
13.2 fp=[2] true=[3] merged=[2, 3]
13.5 fp=[2] true=[3] merged=[2, 3]
13.8 fp=[2] true=[3] merged=[2, 3]
14.2 fp=[2] true=[3] merged=[2, 3]
14.5 fp=[2] true=[3] merged=[2, 3]
14.8 fp=[2] true=[3] merged=[2, 3]
15.1 fp=[2] true=[3] merged=[2, 3]
15.4 fp=[2] true=[3] merged=[2, 3]
15.7 fp=[2] true=[3] merged=[2, 3]
16.1 fp=[2] true=[3] merged=[2, 3]
16.4 fp=[2] true=[3] merged=[2, 3]
16.7 fp=[2] true=[3] merged=[2, 3]
17.0 fp=[2] true=[3] merged=[2, 3]
17.3 fp=[2] true=[3] merged=[2, 3]
17.6 fp=[2] true=[3] merged=[2, 3]
17.9 fp=[2] true=[3] merged=[2, 3]
18.2 fp=[2] true=[3] merged=[2, 3]
18.5 fp=[2] true=[3] merged=[2, 3]
18.9 fp=[2] true=[3] merged=[2, 3]
19.2 fp=[2] true=[3] merged=[2, 3]
19.5 fp=[2] true=[3] merged=[2, 3]
19.8 fp=[2] true=[3] merged=[2, 3]
20.1 fp=[2] true=[3] merged=[2, 3]
20.4 fp=[2] true=[3] merged=[2, 3]
20.7 fp=[2] true=[3] merged=[2, 3]
21.0 fp=[2] true=[3] merged=[2, 3]
21.3 fp=[2] true=[3] merged=[2, 3]
21.6 fp=[2] true=[3] merged=[2, 3]
22.0 fp=[2] true=[3] merged=[2, 3]
22.3 fp=[2] true=[3] merged=[2, 3]
22.6 fp=[2] true=[3] merged=[2, 3]
22.9 fp=[2] true=[3] merged=[2, 3]
23.2 fp=[2] true=[3] merged=[2, 3]
23.5 fp=[2] true=[3] merged=[2, 3]
23.8 fp=[2] true=[3] merged=[2, 3]
24.1 fp=[2] true=[3] merged=[2, 3]
24.5 fp=[2] true=[3] merged=[2, 3]
24.8 fp=[2] true=[3] merged=[2, 3]
25.1 fp=[2] true=[3] merged=[2, 3]
25.4 fp=[2] true=[3] merged=[2, 3]
25.7 fp=[2] true=[3] merged=[2, 3]
26.0 fp=[2] true=[3] merged=[2, 3]
26.3 fp=[2] true=[3] merged=[2, 3]
26.6 fp=[2] true=[3] merged=[2, 3]
27.0 fp=[2] true=[3] merged=[2, 3]
27.3 fp=[2] true=[3] merged=[2, 3]
27.6 fp=[2] true=[3] merged=[2, 3]
27.9 fp=[2] true=[3] merged=[2, 3]
28.2 fp=[2] true=[3] merged=[2, 3]
28.5 fp=[2] true=[3] merged=[2, 3]
28.8 fp=[2] true=[3] merged=[2, 3]
29.1 fp=[2] true=[3] merged=[2, 3]
29.4 fp=[2] true=[3] merged=[2, 3]
29.8 fp=[2] true=[3] merged=[2, 3]
30.1 fp=[2] true=[3] merged=[2, 3]
30.4 fp=[2] true=[3] merged=[2, 3]
30.7 fp=[2] true=[3] merged=[2, 3]
31.0 fp=[2] true=[3] merged=[2, 3]
31.3 fp=[2] true=[3] merged=[2, 3]
31.6 fp=[2] true=[3] merged=[2, 3]
31.9 fp=[2] true=[3] merged=[2, 3]
50.1 fp=[7] true=[3] merged=[3, 7]
50.4 fp=[7] true=[3] merged=[3, 7]
50.7 fp=[7] true=[3] merged=[3, 7]
51.0 fp=[7] true=[3] merged=[3, 7]
51.3 fp=[7] true=[3] merged=[3, 7]
51.6 fp=[7] true=[3] merged=[3, 7]
51.9 fp=[7] true=[3] merged=[3, 7]
52.3 fp=[7] true=[3] merged=[3, 7]
52.6 fp=[7] true=[3] merged=[3, 7]
52.9 fp=[7] true=[3] merged=[3, 7]
53.2 fp=[7] true=[3] merged=[3, 7]
53.5 fp=[7] true=[3] merged=[3, 7]
53.8 fp=[7] true=[3] merged=[3, 7]
54.1 fp=[7] true=[3] merged=[3, 7]
54.5 fp=[7] true=[3] merged=[3, 7]
54.8 fp=[7] true=[3] merged=[3, 7]
55.1 fp=[7] true=[3] merged=[3, 7]
55.4 fp=[7] true=[3] merged=[3, 7]
55.7 fp=[7] true=[3] merged=[3, 7]
56.0 fp=[7] true=[3] merged=[3, 7]
56.4 fp=[7] true=[3] merged=[3, 7]
56.7 fp=[7] true=[3] merged=[3, 7]
57.0 fp=[7] true=[3] merged=[3, 7]
57.3 fp=[7] true=[3] merged=[3, 7]
57.6 fp=[7] true=[3] merged=[3, 7]
57.9 fp=[7] true=[3] merged=[3, 7]
58.2 fp=[7] true=[3] merged=[3, 7]
58.5 fp=[7] true=[3] merged=[3, 7]
58.9 fp=[7] true=[3] merged=[3, 7]
59.2 fp=[7] true=[3] merged=[3, 7]
59.5 fp=[7] true=[3] merged=[3, 7]
59.8 fp=[7] true=[3] merged=[3, 7]
60.1 fp=[7] true=[3] merged=[3, 7]
60.4 fp=[7] true=[3] merged=[3, 7]
60.7 fp=[7] true=[3] merged=[3, 7]
61.0 fp=[7] true=[3] merged=[3, 7]
61.3 fp=[7] true=[3] merged=[3, 7]
61.7 fp=[7] true=[3] merged=[3, 7]
62.0 fp=[7] true=[3] merged=[3, 7]
62.3 fp=[7] true=[3] merged=[3, 7]
62.6 fp=[7] true=[3] merged=[3, 7]
62.9 fp=[7] true=[3] merged=[3, 7]
63.2 fp=[7] true=[3] merged=[3, 7]
63.5 fp=[7] true=[3] merged=[3, 7]
63.8 fp=[7] true=[3] merged=[3, 7]
64.2 fp=[7] true=[3] merged=[3, 7]
64.5 fp=[7] true=[3] merged=[3, 7]
64.8 fp=[7] true=[3] merged=[3, 7]
65.1 fp=[7] true=[3] merged=[3, 7]
65.4 fp=[7] true=[3] merged=[3, 7]
65.7 fp=[7] true=[3] merged=[3, 7]
66.0 fp=[7] true=[3] merged=[3, 7]
66.3 fp=[7] true=[3] merged=[3, 7]
66.6 fp=[7] true=[3] merged=[3, 7]
67.0 fp=[7] true=[3] merged=[3, 7]
67.3 fp=[7] true=[3] merged=[3, 7]
67.6 fp=[7] true=[3] merged=[3, 7]
67.9 fp=[7] true=[3] merged=[3, 7]
68.2 fp=[7] true=[3] merged=[3, 7]
68.5 fp=[7] true=[3] merged=[3, 7]
68.9 fp=[7] true=[3] merged=[3, 7]
69.2 fp=[7] true=[3] merged=[3, 7]
69.5 fp=[7] true=[3] merged=[3, 7]
69.8 fp=[7] true=[3] merged=[3, 7]
70.1 fp=[7] true=[3] merged=[3, 7]
70.4 fp=[7] true=[3] merged=[3, 7]
70.8 fp=[7] true=[3] merged=[3, 7]
71.1 fp=[7] true=[3] merged=[3, 7]
71.4 fp=[7] true=[3] merged=[3, 7]
71.8 fp=[7] true=[3] merged=[3, 7]
72.1 fp=[7] true=[3] merged=[3, 7]
72.4 fp=[7] true=[3] merged=[3, 7]
72.7 fp=[7] true=[3] merged=[3, 7]
73.0 fp=[7] true=[3] merged=[3, 7]
73.3 fp=[7] true=[3] merged=[3, 7]
73.6 fp=[7] true=[3] merged=[3, 7]
73.9 fp=[7] true=[3] merged=[3, 7]
74.3 fp=[7] true=[3] merged=[3, 7]
74.6 fp=[7] true=[3] merged=[3, 7]
74.9 fp=[7] true=[3] merged=[3, 7]
75.2 fp=[7] true=[3] merged=[3, 7]
75.5 fp=[7] true=[3] merged=[3, 7]
75.9 fp=[7] true=[3] merged=[3, 7]
76.2 fp=[7] true=[3] merged=[3, 7]
76.5 fp=[7] true=[3] merged=[3, 7]
76.8 fp=[7] true=[3] merged=[3, 7]
77.1 fp=[7] true=[3] merged=[3, 7]
77.4 fp=[7] true=[3] merged=[3, 7]
77.7 fp=[7] true=[3] merged=[3, 7]
78.0 fp=[7] true=[3] merged=[3, 7]
78.4 fp=[7] true=[3] merged=[3, 7]
78.7 fp=[7] true=[3] merged=[3, 7]
79.0 fp=[7] true=[3] merged=[3, 7]
79.3 fp=[7] true=[3] merged=[3, 7]
79.6 fp=[7] true=[3] merged=[3, 7]
79.9 fp=[7] true=[3] merged=[3, 7]
80.2 fp=[7] true=[3] merged=[3, 7]
80.6 fp=[7] true=[3] merged=[3, 7]
80.9 fp=[7] true=[3] merged=[3, 7]
81.2 fp=[7] true=[3] merged=[3, 7]
81.5 fp=[7] true=[3] merged=[3, 7]
81.8 fp=[7] true=[3] merged=[3, 7]
82.1 fp=[7] true=[3] merged=[3, 7]
82.4 fp=[7] true=[3] merged=[3, 7]
82.7 fp=[7] true=[3] merged=[3, 7]
103.0 fp=[4] true=[3] merged=[3, 4]
103.4 fp=[4] true=[3] merged=[3, 4]
103.7 fp=[4] true=[3] merged=[3, 4]
104.0 fp=[4] true=[3] merged=[3, 4]
104.3 fp=[4] true=[3] merged=[3, 4]
104.6 fp=[4] true=[3] merged=[3, 4]
104.9 fp=[4] true=[3] merged=[3, 4]
105.2 fp=[4] true=[3] merged=[3, 4]
105.5 fp=[4] true=[3] merged=[3, 4]
105.8 fp=[4] true=[3] merged=[3, 4]
106.2 fp=[4] true=[3] merged=[3, 4]
106.5 fp=[4] true=[3] merged=[3, 4]
106.8 fp=[4] true=[3] merged=[3, 4]
107.1 fp=[4] true=[3] merged=[3, 4]
107.4 fp=[4] true=[3] merged=[3, 4]
107.7 fp=[4] true=[3] merged=[3, 4]
108.0 fp=[4] true=[3] merged=[3, 4]
108.4 fp=[4] true=[3] merged=[3, 4]
108.7 fp=[4] true=[3] merged=[3, 4]
109.0 fp=[4] true=[3] merged=[3, 4]
109.3 fp=[4] true=[3] merged=[3, 4]
109.6 fp=[4] true=[3] merged=[3, 4]
109.9 fp=[4] true=[3] merged=[3, 4]
110.2 fp=[4] true=[3] merged=[3, 4]
110.5 fp=[4] true=[3] merged=[3, 4]
110.9 fp=[4] true=[3] merged=[3, 4]
111.2 fp=[1] true=[3] merged=[1, 3]
111.5 fp=[1] true=[3] merged=[1, 3]
111.8 fp=[1] true=[3] merged=[1, 3]
112.1 fp=[1] true=[3] merged=[1, 3]
112.4 fp=[1] true=[3] merged=[1, 3]
112.7 fp=[1] true=[3] merged=[1, 3]
113.0 fp=[1] true=[3] merged=[1, 3]
113.3 fp=[1] true=[3] merged=[1, 3]
113.7 fp=[1] true=[3] merged=[1, 3]
114.0 fp=[1] true=[3] merged=[1, 3]
114.3 fp=[1] true=[3] merged=[1, 3]
114.6 fp=[1] true=[3] merged=[1, 3]
114.9 fp=[1] true=[3] merged=[1, 3]
115.2 fp=[1] true=[3] merged=[1, 3]
115.5 fp=[1] true=[3] merged=[1, 3]
115.8 fp=[1] true=[3] merged=[1, 3]
116.1 fp=[1] true=[3] merged=[1, 3]
116.5 fp=[1] true=[3] merged=[1, 3]
116.8 fp=[1] true=[3] merged=[1, 3]
117.1 fp=[1] true=[3] merged=[1, 3]
117.4 fp=[1] true=[3] merged=[1, 3]
117.7 fp=[1] true=[3] merged=[1, 3]
118.0 fp=[1] true=[3] merged=[1, 3]
118.3 fp=[1] true=[3] merged=[1, 3]
118.6 fp=[1] true=[3] merged=[1, 3]
119.0 fp=[1] true=[3] merged=[1, 3]
119.3 fp=[1] true=[3] merged=[1, 3]
119.6 fp=[1] true=[3] merged=[1, 3]
119.9 fp=[1] true=[3] merged=[1, 3]
120.2 fp=[1] true=[3] merged=[1, 3]
120.5 fp=[1] true=[3] merged=[1, 3]
120.8 fp=[1] true=[3] merged=[1, 3]
121.1 fp=[1] true=[3] merged=[1, 3]
121.5 fp=[1] true=[3] merged=[1, 3]
121.8 fp=[1] true=[3] merged=[1, 3]
122.1 fp=[1] true=[3] merged=[1, 3]
122.4 fp=[1] true=[3] merged=[1, 3]
122.7 fp=[1] true=[3] merged=[1, 3]
123.0 fp=[1] true=[3] merged=[1, 3]
123.4 fp=[1] true=[3] merged=[1, 3]
123.7 fp=[1] true=[3] merged=[1, 3]
124.0 fp=[1] true=[3] merged=[1, 3]
124.3 fp=[1] true=[3] merged=[1, 3]
124.6 fp=[1] true=[3] merged=[1, 3]
124.9 fp=[1] true=[3] merged=[1, 3]
125.3 fp=[1] true=[3] merged=[1, 3]
125.6 fp=[1] true=[3] merged=[1, 3]
125.9 fp=[1] true=[3] merged=[1, 3]
126.2 fp=[1] true=[3] merged=[1, 3]
126.5 fp=[1] true=[3] merged=[1, 3]
126.8 fp=[1] true=[3] merged=[1, 3]
127.1 fp=[1] true=[3] merged=[1, 3]
127.4 fp=[1] true=[3] merged=[1, 3]
127.8 fp=[1] true=[3] merged=[1, 3]
128.1 fp=[1] true=[3] merged=[1, 3]
128.4 fp=[1] true=[3] merged=[1, 3]
128.7 fp=[1] true=[3] merged=[1, 3]
129.0 fp=[1] true=[3] merged=[1, 3]
129.3 fp=[1] true=[3] merged=[1, 3]
129.6 fp=[1] true=[3] merged=[1, 3]
130.0 fp=[1] true=[3] merged=[1, 3]
130.3 fp=[1] true=[3] merged=[1, 3]
130.6 fp=[1] true=[3] merged=[1, 3]
130.9 fp=[1] true=[3] merged=[1, 3]
131.2 fp=[2] true=[3] merged=[2, 3]
131.5 fp=[2] true=[3] merged=[2, 3]
131.8 fp=[2] true=[3] merged=[2, 3]
132.2 fp=[2] true=[3] merged=[2, 3]
132.5 fp=[2] true=[3] merged=[2, 3]
132.8 fp=[2] true=[3] merged=[2, 3]
133.1 fp=[2] true=[3] merged=[2, 3]
133.4 fp=[2] true=[3] merged=[2, 3]
133.7 fp=[2] true=[3] merged=[2, 3]
134.0 fp=[2] true=[3] merged=[2, 3]
134.4 fp=[2] true=[3] merged=[2, 3]
134.7 fp=[2] true=[3] merged=[2, 3]
135.0 fp=[2] true=[3] merged=[2, 3]
135.3 fp=[2] true=[3] merged=[2, 3]
135.6 fp=[2] true=[3] merged=[2, 3]
135.9 fp=[2] true=[3] merged=[2, 3]
136.2 fp=[7] true=[3] merged=[3, 7]
136.5 fp=[7] true=[3] merged=[3, 7]
136.8 fp=[7] true=[3] merged=[3, 7]
137.2 fp=[7] true=[3] merged=[3, 7]
137.5 fp=[7] true=[3] merged=[3, 7]
137.8 fp=[7] true=[3] merged=[3, 7]
138.1 fp=[7] true=[3] merged=[3, 7]
138.4 fp=[7] true=[3] merged=[3, 7]
138.7 fp=[7] true=[3] merged=[3, 7]
139.0 fp=[7] true=[3] merged=[3, 7]
139.3 fp=[7] true=[3] merged=[3, 7]
139.7 fp=[7] true=[3] merged=[3, 7]
140.0 fp=[7] true=[3] merged=[3, 7]
140.3 fp=[7] true=[3] merged=[3, 7]
140.6 fp=[7] true=[3] merged=[3, 7]
140.9 fp=[7] true=[3] merged=[3, 7]
141.2 fp=[7] true=[3] merged=[3, 7]
141.5 fp=[7] true=[3] merged=[3, 7]
141.9 fp=[7] true=[3] merged=[3, 7]
142.2 fp=[7] true=[3] merged=[3, 7]
142.5 fp=[7] true=[3] merged=[3, 7]
142.8 fp=[7] true=[3] merged=[3, 7]
143.1 fp=[7] true=[3] merged=[3, 7]
143.4 fp=[7] true=[3] merged=[3, 7]
143.7 fp=[7] true=[3] merged=[3, 7]
144.0 fp=[7] true=[3] merged=[3, 7]
144.3 fp=[7] true=[3] merged=[3, 7]
144.7 fp=[7] true=[3] merged=[3, 7]
145.0 fp=[7] true=[3] merged=[3, 7]
145.3 fp=[7] true=[3] merged=[3, 7]
145.6 fp=[7] true=[3] merged=[3, 7]
145.9 fp=[7] true=[3] merged=[3, 7]
146.2 fp=[7] true=[3] merged=[3, 7]
146.5 fp=[7] true=[3] merged=[3, 7]
146.9 fp=[7] true=[3] merged=[3, 7]
147.2 fp=[7] true=[3] merged=[3, 7]
147.5 fp=[7] true=[3] merged=[3, 7]
147.8 fp=[7] true=[3] merged=[3, 7]
148.1 fp=[7] true=[3] merged=[3, 7]
148.4 fp=[7] true=[3] merged=[3, 7]
148.7 fp=[7] true=[3] merged=[3, 7]
149.0 fp=[7] true=[3] merged=[3, 7]
149.3 fp=[7] true=[3] merged=[3, 7]
149.7 fp=[7] true=[3] merged=[3, 7]
150.0 fp=[7] true=[3] merged=[3, 7]
154.1 fp=[2] true=[3] merged=[2, 3]
154.4 fp=[2] true=[3] merged=[2, 3]
154.7 fp=[2] true=[3] merged=[2, 3]
155.0 fp=[2] true=[3] merged=[2, 3]
155.3 fp=[2] true=[3] merged=[2, 3]
155.6 fp=[2] true=[3] merged=[2, 3]
155.9 fp=[2] true=[3] merged=[2, 3]
156.2 fp=[2] true=[3] merged=[2, 3]
156.6 fp=[2] true=[3] merged=[2, 3]
156.9 fp=[2] true=[3] merged=[2, 3]
157.2 fp=[2] true=[3] merged=[2, 3]
157.5 fp=[2] true=[3] merged=[2, 3]
157.8 fp=[2] true=[3] merged=[2, 3]
158.1 fp=[2] true=[3] merged=[2, 3]
158.4 fp=[2] true=[3] merged=[2, 3]
158.7 fp=[2] true=[3] merged=[2, 3]
159.0 fp=[2] true=[3] merged=[2, 3]
159.4 fp=[2] true=[3] merged=[2, 3]
159.7 fp=[2] true=[3] merged=[2, 3]
160.0 fp=[2] true=[3] merged=[2, 3]
160.3 fp=[2] true=[3] merged=[2, 3]
160.6 fp=[2] true=[3] merged=[2, 3]
160.9 fp=[2] true=[3] merged=[2, 3]
161.2 fp=[2] true=[3] merged=[2, 3]
161.6 fp=[2] true=[3] merged=[2, 3]
161.9 fp=[2] true=[3] merged=[2, 3]
162.2 fp=[2] true=[3] merged=[2, 3]
162.5 fp=[2] true=[3] merged=[2, 3]
162.8 fp=[2] true=[3] merged=[2, 3]
163.1 fp=[2] true=[3] merged=[2, 3]
163.4 fp=[2] true=[3] merged=[2, 3]
163.8 fp=[2] true=[3] merged=[2, 3]
164.1 fp=[2] true=[3] merged=[2, 3]
164.4 fp=[2] true=[3] merged=[2, 3]
164.7 fp=[2] true=[3] merged=[2, 3]
165.0 fp=[2] true=[3] merged=[2, 3]
165.3 fp=[2] true=[3] merged=[2, 3]
165.6 fp=[2] true=[3] merged=[2, 3]
165.9 fp=[2] true=[3] merged=[2, 3]
166.2 fp=[2] true=[3] merged=[2, 3]
166.6 fp=[2] true=[3] merged=[2, 3]
166.9 fp=[2] true=[3] merged=[2, 3]
167.2 fp=[2] true=[3] merged=[2, 3]
167.5 fp=[2] true=[3] merged=[2, 3]
167.8 fp=[2] true=[3] merged=[2, 3]
168.1 fp=[2] true=[3] merged=[2, 3]
168.4 fp=[2] true=[3] merged=[2, 3]
168.7 fp=[2] true=[3] merged=[2, 3]
169.1 fp=[2] true=[3] merged=[2, 3]
169.4 fp=[2] true=[3] merged=[2, 3]
169.7 fp=[2] true=[3] merged=[2, 3]
170.0 fp=[2] true=[3] merged=[2, 3]
170.3 fp=[2] true=[3] merged=[2, 3]
170.6 fp=[2] true=[3] merged=[2, 3]
171.0 fp=[2] true=[3] merged=[2, 3]
171.3 fp=[2] true=[3] merged=[2, 3]
171.6 fp=[2] true=[3] merged=[2, 3]
171.9 fp=[2] true=[3] merged=[2, 3]
172.2 fp=[2] true=[3] merged=[2, 3]
172.5 fp=[2] true=[3] merged=[2, 3]
172.8 fp=[2] true=[3] merged=[2, 3]
173.1 fp=[2] true=[3] merged=[2, 3]
173.5 fp=[2] true=[3] merged=[2, 3]
173.8 fp=[2] true=[3] merged=[2, 3]
174.1 fp=[6] true=[3] merged=[3, 6]
174.4 fp=[6] true=[3] merged=[3, 6]
174.7 fp=[6] true=[3] merged=[3, 6]
175.0 fp=[6] true=[3] merged=[3, 6]
175.3 fp=[6] true=[3] merged=[3, 6]
175.6 fp=[6] true=[3] merged=[3, 6]
175.9 fp=[6] true=[3] merged=[3, 6]
176.2 fp=[2] true=[3] merged=[2, 3]
176.6 fp=[2] true=[3] merged=[2, 3]
176.9 fp=[2] true=[3] merged=[2, 3]
177.2 fp=[2] true=[3] merged=[2, 3]
177.5 fp=[2] true=[3] merged=[2, 3]
177.8 fp=[2] true=[3] merged=[2, 3]
178.1 fp=[2] true=[3] merged=[2, 3]
178.4 fp=[2] true=[3] merged=[2, 3]
178.7 fp=[2] true=[3] merged=[2, 3]
179.1 fp=[2] true=[3] merged=[2, 3]
179.4 fp=[2] true=[3] merged=[2, 3]
179.7 fp=[2] true=[3] merged=[2, 3]
180.0 fp=[2] true=[3] merged=[2, 3]
180.3 fp=[2] true=[3] merged=[2, 3]
180.6 fp=[2] true=[3] merged=[2, 3]
180.9 fp=[2] true=[3] merged=[2, 3]
181.3 fp=[2] true=[3] merged=[2, 3]
181.6 fp=[2] true=[3] merged=[2, 3]
181.9 fp=[2] true=[3] merged=[2, 3]
182.2 fp=[2] true=[3] merged=[2, 3]
182.5 fp=[2] true=[3] merged=[2, 3]
182.8 fp=[2] true=[3] merged=[2, 3]
183.2 fp=[2] true=[3] merged=[2, 3]
183.5 fp=[2] true=[3] merged=[2, 3]
183.8 fp=[2] true=[3] merged=[2, 3]
184.1 fp=[2] true=[3] merged=[2, 3]
184.4 fp=[2] true=[3] merged=[2, 3]
184.7 fp=[2] true=[3] merged=[2, 3]
185.0 fp=[2] true=[3] merged=[2, 3]
185.3 fp=[2] true=[3] merged=[2, 3]
185.7 fp=[2] true=[3] merged=[2, 3]
186.0 fp=[2] true=[3] merged=[2, 3]
186.3 fp=[2] true=[3] merged=[2, 3]
186.6 fp=[2] true=[3] merged=[2, 3]
186.9 fp=[2] true=[3] merged=[2, 3]
187.2 fp=[2] true=[3] merged=[2, 3]
187.5 fp=[2] true=[3] merged=[2, 3]
187.8 fp=[2] true=[3] merged=[2, 3]
188.2 fp=[2] true=[3] merged=[2, 3]
188.5 fp=[2] true=[3] merged=[2, 3]
188.8 fp=[2] true=[3] merged=[2, 3]
189.1 fp=[2] true=[3] merged=[2, 3]
189.4 fp=[2] true=[3] merged=[2, 3]
189.7 fp=[2] true=[3] merged=[2, 3]
190.0 fp=[2] true=[3] merged=[2, 3]
190.4 fp=[2] true=[3] merged=[2, 3]
190.7 fp=[2] true=[3] merged=[2, 3]
191.0 fp=[2] true=[3] merged=[2, 3]
191.3 fp=[2] true=[3] merged=[2, 3]
191.6 fp=[2] true=[3] merged=[2, 3]
191.9 fp=[2] true=[3] merged=[2, 3]
192.2 fp=[2] true=[3] merged=[2, 3]
192.5 fp=[2] true=[3] merged=[2, 3]
192.8 fp=[2] true=[3] merged=[2, 3]
193.2 fp=[2] true=[3] merged=[2, 3]
193.5 fp=[2] true=[3] merged=[2, 3]
193.8 fp=[2] true=[3] merged=[2, 3]
194.1 fp=[2] true=[3] merged=[2, 3]
194.4 fp=[2] true=[3] merged=[2, 3]
194.7 fp=[2] true=[3] merged=[2, 3]
195.0 fp=[2] true=[3] merged=[2, 3]
195.3 fp=[2] true=[3] merged=[2, 3]
195.6 fp=[2] true=[3] merged=[2, 3]
196.0 fp=[2] true=[3] merged=[2, 3]
196.3 fp=[2] true=[3] merged=[2, 3]
196.6 fp=[2] true=[3] merged=[2, 3]
196.9 fp=[2] true=[3] merged=[2, 3]
197.2 fp=[2] true=[3] merged=[2, 3]
197.5 fp=[2] true=[3] merged=[2, 3]
197.8 fp=[2] true=[3] merged=[2, 3]
198.1 fp=[2] true=[3] merged=[2, 3]
198.5 fp=[2] true=[3] merged=[2, 3]
198.8 fp=[2] true=[3] merged=[2, 3]
199.1 fp=[2] true=[3] merged=[2, 3]
199.4 fp=[2] true=[3] merged=[2, 3]
199.7 fp=[2] true=[3] merged=[2, 3]
200.0 fp=[2] true=[3] merged=[2, 3]
200.3 fp=[2] true=[3] merged=[2, 3]
200.6 fp=[2] true=[3] merged=[2, 3]
200.9 fp=[2] true=[3] merged=[2, 3]
201.3 fp=[2] true=[3] merged=[2, 3]
201.6 fp=[2] true=[3] merged=[2, 3]
201.9 fp=[2] true=[3] merged=[2, 3]
202.2 fp=[2] true=[3] merged=[2, 3]
202.6 fp=[2] true=[3] merged=[2, 3]
202.9 fp=[2] true=[3] merged=[2, 3]
203.2 fp=[2] true=[3] merged=[2, 3]
203.5 fp=[2] true=[3] merged=[2, 3]
203.8 fp=[2] true=[3] merged=[2, 3]
204.1 fp=[2] true=[3] merged=[2, 3]
204.4 fp=[2] true=[3] merged=[2, 3]
204.7 fp=[2] true=[3] merged=[2, 3]
205.0 fp=[4] true=[3] merged=[3, 4]
205.3 fp=[4] true=[3] merged=[3, 4]
205.7 fp=[4] true=[3] merged=[3, 4]
206.0 fp=[4] true=[3] merged=[3, 4]
206.3 fp=[4] true=[3] merged=[3, 4]
206.6 fp=[4] true=[3] merged=[3, 4]
206.9 fp=[4] true=[3] merged=[3, 4]
207.2 fp=[4] true=[3] merged=[3, 4]
207.5 fp=[4] true=[3] merged=[3, 4]
207.8 fp=[4] true=[3] merged=[3, 4]
208.2 fp=[4] true=[3] merged=[3, 4]
208.5 fp=[4] true=[3] merged=[3, 4]
208.8 fp=[4] true=[3] merged=[3, 4]
209.1 fp=[4] true=[3] merged=[3, 4]
209.4 fp=[4] true=[3] merged=[3, 4]
209.7 fp=[4] true=[3] merged=[3, 4]
210.0 fp=[4] true=[3] merged=[3, 4]
210.3 fp=[4] true=[3] merged=[3, 4]
210.6 fp=[4] true=[3] merged=[3, 4]
211.0 fp=[4] true=[3] merged=[3, 4]
211.3 fp=[4] true=[3] merged=[3, 4]
211.6 fp=[4] true=[3] merged=[3, 4]
211.9 fp=[4] true=[3] merged=[3, 4]
212.2 fp=[4] true=[3] merged=[3, 4]
212.5 fp=[4] true=[3] merged=[3, 4]
212.8 fp=[4] true=[3] merged=[3, 4]
213.1 fp=[4] true=[3] merged=[3, 4]
213.5 fp=[4] true=[3] merged=[3, 4]
213.8 fp=[4] true=[3] merged=[3, 4]
214.1 fp=[4] true=[3] merged=[3, 4]
214.4 fp=[4] true=[3] merged=[3, 4]
214.7 fp=[4] true=[3] merged=[3, 4]
215.0 fp=[4] true=[3] merged=[3, 4]
215.3 fp=[4] true=[3] merged=[3, 4]
215.6 fp=[4] true=[3] merged=[3, 4]
216.0 fp=[4] true=[3] merged=[3, 4]
216.3 fp=[4] true=[3] merged=[3, 4]
216.6 fp=[4] true=[3] merged=[3, 4]
216.9 fp=[4] true=[3] merged=[3, 4]
217.2 fp=[1] true=[3] merged=[1, 3]
217.5 fp=[1] true=[3] merged=[1, 3]
217.8 fp=[1] true=[3] merged=[1, 3]
218.1 fp=[1] true=[3] merged=[1, 3]
218.5 fp=[1] true=[3] merged=[1, 3]
218.8 fp=[1] true=[3] merged=[1, 3]
219.1 fp=[1] true=[3] merged=[1, 3]
219.4 fp=[1] true=[3] merged=[1, 3]
219.7 fp=[1] true=[3] merged=[1, 3]
220.0 fp=[1] true=[3] merged=[1, 3]
220.4 fp=[1] true=[3] merged=[1, 3]
220.7 fp=[1] true=[3] merged=[1, 3]
221.0 fp=[1] true=[3] merged=[1, 3]
221.3 fp=[1] true=[3] merged=[1, 3]
221.6 fp=[1] true=[3] merged=[1, 3]
221.9 fp=[1] true=[3] merged=[1, 3]
222.3 fp=[1] true=[3] merged=[1, 3]
222.6 fp=[1] true=[3] merged=[1, 3]
222.9 fp=[1] true=[3] merged=[1, 3]
223.2 fp=[1] true=[3] merged=[1, 3]
223.5 fp=[1] true=[3] merged=[1, 3]
223.8 fp=[1] true=[3] merged=[1, 3]
224.2 fp=[1] true=[3] merged=[1, 3]
224.5 fp=[1] true=[3] merged=[1, 3]
224.8 fp=[1] true=[3] merged=[1, 3]
225.1 fp=[1] true=[3] merged=[1, 3]
225.4 fp=[1] true=[3] merged=[1, 3]
225.7 fp=[1] true=[3] merged=[1, 3]
226.0 fp=[1] true=[3] merged=[1, 3]
226.3 fp=[1] true=[3] merged=[1, 3]
226.6 fp=[1] true=[3] merged=[1, 3]
226.9 fp=[1] true=[3] merged=[1, 3]
227.3 fp=[1] true=[3] merged=[1, 3]
227.6 fp=[1] true=[3] merged=[1, 3]
227.9 fp=[1] true=[3] merged=[1, 3]
228.2 fp=[1] true=[3] merged=[1, 3]
228.5 fp=[1] true=[3] merged=[1, 3]
228.8 fp=[1] true=[3] merged=[1, 3]
229.1 fp=[1] true=[3] merged=[1, 3]
229.4 fp=[1] true=[3] merged=[1, 3]
229.8 fp=[1] true=[3] merged=[1, 3]
230.1 fp=[1] true=[3] merged=[1, 3]
230.4 fp=[1] true=[3] merged=[1, 3]
230.7 fp=[1] true=[3] merged=[1, 3]
231.0 fp=[1] true=[3] merged=[1, 3]
231.3 fp=[1] true=[3] merged=[1, 3]
231.6 fp=[1] true=[3] merged=[1, 3]
231.9 fp=[1] true=[3] merged=[1, 3]
232.3 fp=[1] true=[3] merged=[1, 3]
232.6 fp=[1] true=[3] merged=[1, 3]
232.9 fp=[1] true=[3] merged=[1, 3]
233.2 fp=[1] true=[3] merged=[1, 3]
233.5 fp=[1] true=[3] merged=[1, 3]
233.8 fp=[1] true=[3] merged=[1, 3]
234.1 fp=[1] true=[3] merged=[1, 3]
234.5 fp=[1] true=[3] merged=[1, 3]
234.8 fp=[1] true=[3] merged=[1, 3]
235.1 fp=[1] true=[3] merged=[1, 3]
235.4 fp=[1] true=[3] merged=[1, 3]
235.7 fp=[1] true=[3] merged=[1, 3]
236.0 fp=[1] true=[3] merged=[1, 3]
236.3 fp=[1] true=[3] merged=[1, 3]
236.6 fp=[1] true=[3] merged=[1, 3]
236.9 fp=[1] true=[3] merged=[1, 3]
237.2 fp=[1] true=[3] merged=[1, 3]
237.6 fp=[1] true=[3] merged=[1, 3]
237.9 fp=[1] true=[3] merged=[1, 3]
238.2 fp=[1] true=[3] merged=[1, 3]
238.5 fp=[1] true=[3] merged=[1, 3]
238.8 fp=[1] true=[3] merged=[1, 3]
239.1 fp=[1] true=[3] merged=[1, 3]
239.4 fp=[1] true=[3] merged=[1, 3]
239.7 fp=[1] true=[3] merged=[1, 3]
240.0 fp=[1] true=[3] merged=[1, 3]
240.4 fp=[1] true=[3] merged=[1, 3]
240.7 fp=[1] true=[3] merged=[1, 3]
241.0 fp=[1] true=[3] merged=[1, 3]
241.3 fp=[1] true=[3] merged=[1, 3]
241.6 fp=[1] true=[3] merged=[1, 3]
241.9 fp=[1] true=[3] merged=[1, 3]
242.2 fp=[2] true=[3] merged=[2, 3]
242.6 fp=[2] true=[3] merged=[2, 3]
242.9 fp=[2] true=[3] merged=[2, 3]
243.2 fp=[2] true=[3] merged=[2, 3]
243.5 fp=[2] true=[3] merged=[2, 3]
243.8 fp=[2] true=[3] merged=[2, 3]
244.1 fp=[2] true=[3] merged=[2, 3]
244.4 fp=[2] true=[3] merged=[2, 3]
244.7 fp=[2] true=[3] merged=[2, 3]
245.1 fp=[2] true=[3] merged=[2, 3]
245.4 fp=[2] true=[3] merged=[2, 3]
245.7 fp=[2] true=[3] merged=[2, 3]
246.0 fp=[2] true=[3] merged=[2, 3]
246.3 fp=[2] true=[3] merged=[2, 3]
246.6 fp=[2] true=[3] merged=[2, 3]
246.9 fp=[2] true=[3] merged=[2, 3]
247.2 fp=[2] true=[3] merged=[2, 3]
247.5 fp=[2] true=[3] merged=[2, 3]
247.8 fp=[2] true=[3] merged=[2, 3]
248.2 fp=[2] true=[3] merged=[2, 3]
248.5 fp=[2] true=[3] merged=[2, 3]
248.8 fp=[2] true=[3] merged=[2, 3]
249.1 fp=[2] true=[3] merged=[2, 3]
249.4 fp=[2] true=[3] merged=[2, 3]
249.8 fp=[2] true=[3] merged=[2, 3]
250.1 fp=[2] true=[3] merged=[2, 3]
250.4 fp=[2] true=[3] merged=[2, 3]
250.7 fp=[2] true=[3] merged=[2, 3]
251.0 fp=[2] true=[3] merged=[2, 3]
251.4 fp=[2] true=[3] merged=[2, 3]
251.7 fp=[2] true=[3] merged=[2, 3]
252.0 fp=[2] true=[3] merged=[2, 3]
252.3 fp=[2] true=[3] merged=[2, 3]
252.6 fp=[2] true=[3] merged=[2, 3]
252.9 fp=[2] true=[3] merged=[2, 3]
253.2 fp=[2] true=[3] merged=[2, 3]
253.6 fp=[2] true=[3] merged=[2, 3]
253.9 fp=[2] true=[3] merged=[2, 3]
254.2 fp=[2] true=[3] merged=[2, 3]
254.5 fp=[2] true=[3] merged=[2, 3]
254.8 fp=[2] true=[3] merged=[2, 3]
255.1 fp=[2] true=[3] merged=[2, 3]
255.4 fp=[2] true=[3] merged=[2, 3]
255.7 fp=[2] true=[3] merged=[2, 3]
256.0 fp=[2] true=[3] merged=[2, 3]
256.4 fp=[2] true=[3] merged=[2, 3]
256.7 fp=[2] true=[3] merged=[2, 3]
257.0 fp=[2] true=[3] merged=[2, 3]
257.3 fp=[2] true=[3] merged=[2, 3]
257.6 fp=[2] true=[3] merged=[2, 3]
257.9 fp=[2] true=[3] merged=[2, 3]
258.3 fp=[2] true=[3] merged=[2, 3]
258.6 fp=[2] true=[3] merged=[2, 3]
258.9 fp=[2] true=[3] merged=[2, 3]
259.2 fp=[2] true=[3] merged=[2, 3]
259.5 fp=[2] true=[3] merged=[2, 3]
259.8 fp=[2] true=[3] merged=[2, 3]
260.1 fp=[7] true=[3] merged=[3, 7]
260.4 fp=[7] true=[3] merged=[3, 7]
260.8 fp=[7] true=[3] merged=[3, 7]
261.1 fp=[7] true=[3] merged=[3, 7]
261.4 fp=[7] true=[3] merged=[3, 7]
261.7 fp=[7] true=[3] merged=[3, 7]
262.0 fp=[7] true=[3] merged=[3, 7]
262.3 fp=[7] true=[3] merged=[3, 7]
262.6 fp=[7] true=[3] merged=[3, 7]
263.0 fp=[7] true=[3] merged=[3, 7]
263.3 fp=[7] true=[3] merged=[3, 7]
263.6 fp=[7] true=[3] merged=[3, 7]
263.9 fp=[7] true=[3] merged=[3, 7]
264.2 fp=[7] true=[3] merged=[3, 7]
264.5 fp=[7] true=[3] merged=[3, 7]
264.8 fp=[7] true=[3] merged=[3, 7]
265.1 fp=[6] true=[3] merged=[3, 6]
265.5 fp=[6] true=[3] merged=[3, 6]
265.8 fp=[6] true=[3] merged=[3, 6]
266.1 fp=[6] true=[3] merged=[3, 6]
266.4 fp=[6] true=[3] merged=[3, 6]
266.7 fp=[6] true=[3] merged=[3, 6]
267.0 fp=[6] true=[3] merged=[3, 6]
267.3 fp=[6] true=[3] merged=[3, 6]
267.6 fp=[6] true=[3] merged=[3, 6]
268.0 fp=[6] true=[3] merged=[3, 6]
268.3 fp=[6] true=[3] merged=[3, 6]
268.6 fp=[6] true=[3] merged=[3, 6]
268.9 fp=[6] true=[3] merged=[3, 6]
269.2 fp=[5] true=[3] merged=[3, 5]
269.5 fp=[5] true=[3] merged=[3, 5]
269.8 fp=[5] true=[3] merged=[3, 5]
270.2 fp=[5] true=[3] merged=[3, 5]
270.5 fp=[5] true=[3] merged=[3, 5]
270.8 fp=[5] true=[3] merged=[3, 5]
271.1 fp=[2] true=[3] merged=[2, 3]
271.4 fp=[2] true=[3] merged=[2, 3]
271.7 fp=[2] true=[3] merged=[2, 3]
272.0 fp=[2] true=[3] merged=[2, 3]
272.3 fp=[2] true=[3] merged=[2, 3]
272.7 fp=[2] true=[3] merged=[2, 3]
273.0 fp=[2] true=[3] merged=[2, 3]
273.3 fp=[2] true=[3] merged=[2, 3]
273.6 fp=[2] true=[3] merged=[2, 3]
273.9 fp=[2] true=[3] merged=[2, 3]
274.2 fp=[2] true=[3] merged=[2, 3]
274.5 fp=[2] true=[3] merged=[2, 3]
274.9 fp=[2] true=[3] merged=[2, 3]
275.2 fp=[2] true=[3] merged=[2, 3]
275.5 fp=[2] true=[3] merged=[2, 3]
275.8 fp=[2] true=[3] merged=[2, 3]
276.1 fp=[2] true=[3] merged=[2, 3]
276.4 fp=[2] true=[3] merged=[2, 3]
276.7 fp=[2] true=[3] merged=[2, 3]
277.1 fp=[2] true=[3] merged=[2, 3]
277.4 fp=[2] true=[3] merged=[2, 3]
277.7 fp=[2] true=[3] merged=[2, 3]
278.0 fp=[2] true=[3] merged=[2, 3]
278.3 fp=[2] true=[3] merged=[2, 3]
278.6 fp=[2] true=[3] merged=[2, 3]
278.9 fp=[2] true=[3] merged=[2, 3]
279.2 fp=[2] true=[3] merged=[2, 3]
279.6 fp=[2] true=[3] merged=[2, 3]
279.9 fp=[2] true=[3] merged=[2, 3]
280.2 fp=[2] true=[3] merged=[2, 3]
280.5 fp=[2] true=[3] merged=[2, 3]
280.8 fp=[2] true=[3] merged=[2, 3]
281.1 fp=[2] true=[3] merged=[2, 3]
281.5 fp=[2] true=[3] merged=[2, 3]
281.8 fp=[2] true=[3] merged=[2, 3]
282.1 fp=[2] true=[3] merged=[2, 3]
282.4 fp=[2] true=[3] merged=[2, 3]
282.8 fp=[2] true=[3] merged=[2, 3]
283.1 fp=[2] true=[3] merged=[2, 3]
283.4 fp=[2] true=[3] merged=[2, 3]
283.7 fp=[2] true=[3] merged=[2, 3]
284.0 fp=[2] true=[3] merged=[2, 3]
284.3 fp=[2] true=[3] merged=[2, 3]
284.6 fp=[2] true=[3] merged=[2, 3]
284.9 fp=[2] true=[3] merged=[2, 3]
285.3 fp=[2] true=[3] merged=[2, 3]
285.6 fp=[2] true=[3] merged=[2, 3]
285.9 fp=[2] true=[3] merged=[2, 3]
286.2 fp=[2] true=[3] merged=[2, 3]
286.5 fp=[2] true=[3] merged=[2, 3]
286.8 fp=[2] true=[3] merged=[2, 3]
287.1 fp=[2] true=[3] merged=[2, 3]
287.5 fp=[2] true=[3] merged=[2, 3]
287.8 fp=[2] true=[3] merged=[2, 3]
288.1 fp=[2] true=[3] merged=[2, 3]
288.4 fp=[2] true=[3] merged=[2, 3]
288.7 fp=[2] true=[3] merged=[2, 3]
289.0 fp=[2] true=[3] merged=[2, 3]
289.3 fp=[2] true=[3] merged=[2, 3]
289.7 fp=[2] true=[3] merged=[2, 3]
290.0 fp=[2] true=[3] merged=[2, 3]
290.3 fp=[2] true=[3] merged=[2, 3]
290.6 fp=[2] true=[3] merged=[2, 3]
290.9 fp=[2] true=[3] merged=[2, 3]
291.2 fp=[2] true=[3] merged=[2, 3]
291.5 fp=[2] true=[3] merged=[2, 3]
291.9 fp=[2] true=[3] merged=[2, 3]
292.2 fp=[2] true=[3] merged=[2, 3]
292.5 fp=[2] true=[3] merged=[2, 3]
292.8 fp=[2] true=[3] merged=[2, 3]
293.1 fp=[2] true=[3] merged=[2, 3]
293.5 fp=[2] true=[3] merged=[2, 3]
293.8 fp=[2] true=[3] merged=[2, 3]
294.1 fp=[2] true=[3] merged=[2, 3]
294.4 fp=[2] true=[3] merged=[2, 3]
294.7 fp=[2] true=[3] merged=[2, 3]
295.0 fp=[2] true=[3] merged=[2, 3]
295.4 fp=[2] true=[3] merged=[2, 3]
295.7 fp=[2] true=[3] merged=[2, 3]
296.0 fp=[2] true=[3] merged=[2, 3]
296.3 fp=[2] true=[3] merged=[2, 3]
296.6 fp=[2] true=[3] merged=[2, 3]
296.9 fp=[2] true=[3] merged=[2, 3]
297.2 fp=[7] true=[3] merged=[3, 7]
297.6 fp=[7] true=[3] merged=[3, 7]
297.9 fp=[7] true=[3] merged=[3, 7]
298.2 fp=[7] true=[3] merged=[3, 7]
298.5 fp=[7] true=[3] merged=[3, 7]
298.9 fp=[7] true=[3] merged=[3, 7]
299.2 fp=[7] true=[3] merged=[3, 7]
299.5 fp=[7] true=[3] merged=[3, 7]
299.8 fp=[7] true=[3] merged=[3, 7]
300.1 fp=[7] true=[3] merged=[3, 7]
300.5 fp=[7] true=[3] merged=[3, 7]
300.8 fp=[7] true=[3] merged=[3, 7]
301.1 fp=[7] true=[3] merged=[3, 7]
301.4 fp=[7] true=[3] merged=[3, 7]
301.7 fp=[7] true=[3] merged=[3, 7]
302.0 fp=[7] true=[3] merged=[3, 7]
302.4 fp=[7] true=[3] merged=[3, 7]
302.7 fp=[7] true=[3] merged=[3, 7]
303.0 fp=[7] true=[3] merged=[3, 7]
303.3 fp=[7] true=[3] merged=[3, 7]
303.6 fp=[7] true=[3] merged=[3, 7]
303.9 fp=[7] true=[3] merged=[3, 7]
304.3 fp=[7] true=[3] merged=[3, 7]
304.6 fp=[7] true=[3] merged=[3, 7]
304.9 fp=[7] true=[3] merged=[3, 7]
305.2 fp=[7] true=[3] merged=[3, 7]
305.5 fp=[7] true=[3] merged=[3, 7]
305.9 fp=[7] true=[3] merged=[3, 7]
306.2 fp=[7] true=[3] merged=[3, 7]
306.5 fp=[7] true=[3] merged=[3, 7]
306.8 fp=[7] true=[3] merged=[3, 7]
307.1 fp=[7] true=[3] merged=[3, 7]
307.4 fp=[7] true=[3] merged=[3, 7]
307.8 fp=[7] true=[3] merged=[3, 7]
308.1 fp=[7] true=[3] merged=[3, 7]
308.4 fp=[7] true=[3] merged=[3, 7]
308.7 fp=[7] true=[3] merged=[3, 7]
309.0 fp=[7] true=[3] merged=[3, 7]
309.3 fp=[7] true=[3] merged=[3, 7]
309.7 fp=[7] true=[3] merged=[3, 7]
310.0 fp=[7] true=[3] merged=[3, 7]
310.3 fp=[7] true=[3] merged=[3, 7]
310.6 fp=[7] true=[3] merged=[3, 7]
310.9 fp=[7] true=[3] merged=[3, 7]
311.3 fp=[7] true=[3] merged=[3, 7]
311.6 fp=[7] true=[3] merged=[3, 7]
311.9 fp=[7] true=[3] merged=[3, 7]
312.2 fp=[7] true=[3] merged=[3, 7]
312.5 fp=[7] true=[3] merged=[3, 7]
312.8 fp=[7] true=[3] merged=[3, 7]
313.2 fp=[7] true=[3] merged=[3, 7]
313.5 fp=[7] true=[3] merged=[3, 7]
313.8 fp=[7] true=[3] merged=[3, 7]
314.1 fp=[7] true=[3] merged=[3, 7]
314.4 fp=[7] true=[3] merged=[3, 7]
314.8 fp=[7] true=[3] merged=[3, 7]
315.1 fp=[7] true=[3] merged=[3, 7]
315.4 fp=[7] true=[3] merged=[3, 7]
315.7 fp=[7] true=[3] merged=[3, 7]
316.0 fp=[7] true=[3] merged=[3, 7]
316.4 fp=[7] true=[3] merged=[3, 7]
316.7 fp=[7] true=[3] merged=[3, 7]
320.2 fp=[5] true=[3] merged=[3, 5]
320.6 fp=[5] true=[3] merged=[3, 5]
320.9 fp=[5] true=[3] merged=[3, 5]
321.2 fp=[5] true=[3] merged=[3, 5]
321.5 fp=[5] true=[3] merged=[3, 5]
321.9 fp=[5] true=[3] merged=[3, 5]
322.2 fp=[1] true=[3] merged=[1, 3]
322.5 fp=[1] true=[3] merged=[1, 3]
322.8 fp=[1] true=[3] merged=[1, 3]
323.1 fp=[1] true=[3] merged=[1, 3]
323.5 fp=[1] true=[3] merged=[1, 3]
323.8 fp=[1] true=[3] merged=[1, 3]
324.1 fp=[1] true=[3] merged=[1, 3]
324.4 fp=[1] true=[3] merged=[1, 3]
324.8 fp=[1] true=[3] merged=[1, 3]
325.1 fp=[1] true=[3] merged=[1, 3]
325.4 fp=[1] true=[3] merged=[1, 3]
325.7 fp=[1] true=[3] merged=[1, 3]
326.0 fp=[1] true=[3] merged=[1, 3]
326.3 fp=[1] true=[3] merged=[1, 3]
326.7 fp=[1] true=[3] merged=[1, 3]
327.0 fp=[1] true=[3] merged=[1, 3]
327.3 fp=[1] true=[3] merged=[1, 3]
327.6 fp=[1] true=[3] merged=[1, 3]
327.9 fp=[1] true=[3] merged=[1, 3]
328.3 fp=[1] true=[3] merged=[1, 3]
328.6 fp=[1] true=[3] merged=[1, 3]
328.9 fp=[1] true=[3] merged=[1, 3]
329.2 fp=[1] true=[3] merged=[1, 3]
329.5 fp=[1] true=[3] merged=[1, 3]
329.8 fp=[1] true=[3] merged=[1, 3]
330.1 fp=[1] true=[3] merged=[1, 3]
330.5 fp=[1] true=[3] merged=[1, 3]
330.8 fp=[1] true=[3] merged=[1, 3]
331.1 fp=[1] true=[3] merged=[1, 3]
331.4 fp=[1] true=[3] merged=[1, 3]
331.8 fp=[1] true=[3] merged=[1, 3]
332.1 fp=[1] true=[3] merged=[1, 3]
332.4 fp=[1] true=[3] merged=[1, 3]
332.7 fp=[1] true=[3] merged=[1, 3]
333.1 fp=[1] true=[3] merged=[1, 3]
333.4 fp=[1] true=[3] merged=[1, 3]
333.7 fp=[1] true=[3] merged=[1, 3]
334.0 fp=[1] true=[3] merged=[1, 3]
334.3 fp=[1] true=[3] merged=[1, 3]
334.7 fp=[1] true=[3] merged=[1, 3]
335.0 fp=[1] true=[3] merged=[1, 3]
335.3 fp=[1] true=[3] merged=[1, 3]
335.6 fp=[1] true=[3] merged=[1, 3]
335.9 fp=[1] true=[3] merged=[1, 3]
336.3 fp=[1] true=[3] merged=[1, 3]
336.6 fp=[1] true=[3] merged=[1, 3]
336.9 fp=[1] true=[3] merged=[1, 3]
337.2 fp=[1] true=[3] merged=[1, 3]
337.5 fp=[1] true=[3] merged=[1, 3]
337.8 fp=[1] true=[3] merged=[1, 3]
338.2 fp=[1] true=[3] merged=[1, 3]
338.5 fp=[1] true=[3] merged=[1, 3]
338.8 fp=[1] true=[3] merged=[1, 3]
339.1 fp=[1] true=[3] merged=[1, 3]
339.4 fp=[1] true=[3] merged=[1, 3]
339.7 fp=[1] true=[3] merged=[1, 3]
340.1 fp=[1] true=[3] merged=[1, 3]
340.4 fp=[1] true=[3] merged=[1, 3]
340.7 fp=[1] true=[3] merged=[1, 3]
341.0 fp=[1] true=[3] merged=[1, 3]
341.3 fp=[1] true=[3] merged=[1, 3]
341.7 fp=[1] true=[3] merged=[1, 3]
342.0 fp=[1] true=[3] merged=[1, 3]
342.3 fp=[2] true=[3] merged=[2, 3]
342.6 fp=[2] true=[3] merged=[2, 3]
342.9 fp=[2] true=[3] merged=[2, 3]
343.3 fp=[2] true=[3] merged=[2, 3]
343.6 fp=[2] true=[3] merged=[2, 3]
343.9 fp=[2] true=[3] merged=[2, 3]
344.2 fp=[2] true=[3] merged=[2, 3]
344.5 fp=[2] true=[3] merged=[2, 3]
344.8 fp=[2] true=[3] merged=[2, 3]
345.2 fp=[2] true=[3] merged=[2, 3]
345.5 fp=[2] true=[3] merged=[2, 3]
345.8 fp=[2] true=[3] merged=[2, 3]
346.1 fp=[2] true=[3] merged=[2, 3]
346.4 fp=[2] true=[3] merged=[2, 3]
346.8 fp=[2] true=[3] merged=[2, 3]
347.1 fp=[2] true=[3] merged=[2, 3]
347.4 fp=[2] true=[3] merged=[2, 3]
347.7 fp=[2] true=[3] merged=[2, 3]
348.0 fp=[2] true=[3] merged=[2, 3]
348.4 fp=[2] true=[3] merged=[2, 3]
348.7 fp=[2] true=[3] merged=[2, 3]
349.0 fp=[2] true=[3] merged=[2, 3]
349.3 fp=[2] true=[3] merged=[2, 3]
349.6 fp=[2] true=[3] merged=[2, 3]
349.9 fp=[2] true=[3] merged=[2, 3]
350.2 fp=[1] true=[3] merged=[1, 3]
350.6 fp=[1] true=[3] merged=[1, 3]
350.9 fp=[1] true=[3] merged=[1, 3]
351.2 fp=[1] true=[3] merged=[1, 3]
351.5 fp=[1] true=[3] merged=[1, 3]
351.8 fp=[1] true=[3] merged=[1, 3]
352.2 fp=[1] true=[3] merged=[1, 3]
352.5 fp=[1] true=[3] merged=[1, 3]
352.8 fp=[1] true=[3] merged=[1, 3]
353.1 fp=[1] true=[3] merged=[1, 3]
353.5 fp=[1] true=[3] merged=[1, 3]
353.8 fp=[1] true=[3] merged=[1, 3]
354.1 fp=[1] true=[3] merged=[1, 3]
354.4 fp=[1] true=[3] merged=[1, 3]
354.7 fp=[1] true=[3] merged=[1, 3]
355.0 fp=[1] true=[3] merged=[1, 3]
355.3 fp=[1] true=[3] merged=[1, 3]
355.7 fp=[1] true=[3] merged=[1, 3]
356.0 fp=[1] true=[3] merged=[1, 3]
356.3 fp=[1] true=[3] merged=[1, 3]
356.6 fp=[1] true=[3] merged=[1, 3]
356.9 fp=[1] true=[3] merged=[1, 3]
357.2 fp=[1] true=[3] merged=[1, 3]
357.6 fp=[1] true=[3] merged=[1, 3]
357.9 fp=[1] true=[3] merged=[1, 3]
358.2 fp=[1] true=[3] merged=[1, 3]
358.5 fp=[1] true=[3] merged=[1, 3]
358.8 fp=[1] true=[3] merged=[1, 3]
359.2 fp=[1] true=[3] merged=[1, 3]
359.5 fp=[1] true=[3] merged=[1, 3]
359.8 fp=[1] true=[3] merged=[1, 3]
360.1 fp=[1] true=[3] merged=[1, 3]
360.4 fp=[1] true=[3] merged=[1, 3]
360.7 fp=[1] true=[3] merged=[1, 3]
361.1 fp=[1] true=[3] merged=[1, 3]
361.4 fp=[1] true=[3] merged=[1, 3]
361.7 fp=[1] true=[3] merged=[1, 3]
362.0 fp=[1] true=[3] merged=[1, 3]
362.3 fp=[1] true=[3] merged=[1, 3]
362.7 fp=[1] true=[3] merged=[1, 3]
363.0 fp=[1] true=[3] merged=[1, 3]
363.3 fp=[1] true=[3] merged=[1, 3]
363.6 fp=[1] true=[3] merged=[1, 3]
363.9 fp=[1] true=[3] merged=[1, 3]
364.2 fp=[1] true=[3] merged=[1, 3]
364.5 fp=[1] true=[3] merged=[1, 3]
364.8 fp=[1] true=[3] merged=[1, 3]
365.2 fp=[1] true=[3] merged=[1, 3]
365.5 fp=[1] true=[3] merged=[1, 3]
365.8 fp=[1] true=[3] merged=[1, 3]
366.1 fp=[1] true=[3] merged=[1, 3]
366.4 fp=[1] true=[3] merged=[1, 3]
366.7 fp=[1] true=[3] merged=[1, 3]
367.1 fp=[1] true=[3] merged=[1, 3]
367.4 fp=[1] true=[3] merged=[1, 3]
367.7 fp=[1] true=[3] merged=[1, 3]
368.0 fp=[1] true=[3] merged=[1, 3]
368.4 fp=[1] true=[3] merged=[1, 3]
368.7 fp=[1] true=[3] merged=[1, 3]
369.0 fp=[1] true=[3] merged=[1, 3]
369.3 fp=[1] true=[3] merged=[1, 3]
369.6 fp=[1] true=[3] merged=[1, 3]
369.9 fp=[1] true=[3] merged=[1, 3]
370.3 fp=[1] true=[3] merged=[1, 3]
370.6 fp=[1] true=[3] merged=[1, 3]
370.9 fp=[1] true=[3] merged=[1, 3]
371.2 fp=[1] true=[3] merged=[1, 3]
371.5 fp=[1] true=[3] merged=[1, 3]
371.8 fp=[1] true=[3] merged=[1, 3]
372.2 fp=[1] true=[3] merged=[1, 3]
372.5 fp=[1] true=[3] merged=[1, 3]
372.8 fp=[1] true=[3] merged=[1, 3]
373.1 fp=[5] true=[3] merged=[3, 5]
373.4 fp=[5] true=[3] merged=[3, 5]
373.8 fp=[5] true=[3] merged=[3, 5]
374.1 fp=[5] true=[3] merged=[3, 5]
374.4 fp=[5] true=[3] merged=[3, 5]
374.7 fp=[5] true=[3] merged=[3, 5]
375.0 fp=[5] true=[3] merged=[3, 5]
375.3 fp=[5] true=[3] merged=[3, 5]
375.6 fp=[5] true=[3] merged=[3, 5]
375.9 fp=[5] true=[3] merged=[3, 5]
376.3 fp=[5] true=[3] merged=[3, 5]
376.6 fp=[5] true=[3] merged=[3, 5]
376.9 fp=[5] true=[3] merged=[3, 5]
377.2 fp=[2] true=[3] merged=[2, 3]
377.5 fp=[2] true=[3] merged=[2, 3]
377.8 fp=[2] true=[3] merged=[2, 3]
378.1 fp=[2] true=[3] merged=[2, 3]
378.5 fp=[2] true=[3] merged=[2, 3]
378.8 fp=[2] true=[3] merged=[2, 3]
379.1 fp=[2] true=[3] merged=[2, 3]
379.4 fp=[2] true=[3] merged=[2, 3]
379.7 fp=[2] true=[3] merged=[2, 3]
380.0 fp=[2] true=[3] merged=[2, 3]
380.3 fp=[2] true=[3] merged=[2, 3]
380.7 fp=[2] true=[3] merged=[2, 3]
381.0 fp=[2] true=[3] merged=[2, 3]
381.3 fp=[2] true=[3] merged=[2, 3]
381.6 fp=[2] true=[3] merged=[2, 3]
381.9 fp=[2] true=[3] merged=[2, 3]
382.2 fp=[1] true=[3] merged=[1, 3]
382.5 fp=[1] true=[3] merged=[1, 3]
382.9 fp=[1] true=[3] merged=[1, 3]
383.2 fp=[1] true=[3] merged=[1, 3]
383.5 fp=[1] true=[3] merged=[1, 3]
383.8 fp=[1] true=[3] merged=[1, 3]
384.1 fp=[1] true=[3] merged=[1, 3]
384.4 fp=[1] true=[3] merged=[1, 3]
384.8 fp=[1] true=[3] merged=[1, 3]
385.1 fp=[1] true=[3] merged=[1, 3]
385.4 fp=[1] true=[3] merged=[1, 3]
385.7 fp=[1] true=[3] merged=[1, 3]
386.0 fp=[1] true=[3] merged=[1, 3]
386.3 fp=[1] true=[3] merged=[1, 3]
