# start rate=20 seed=3 dur=420 n=7 target=3 events=90
7.2 fp=[4] true=[3] merged=[3, 4]
7.5 fp=[4] true=[3] merged=[3, 4]
7.8 fp=[4] true=[3] merged=[3, 4]
8.2 fp=[4] true=[3] merged=[3, 4]
8.5 fp=[4] true=[3] merged=[3, 4]
8.8 fp=[4] true=[3] merged=[3, 4]
9.1 fp=[4] true=[3] merged=[3, 4]
9.4 fp=[4] true=[3] merged=[3, 4]
9.7 fp=[4] true=[3] merged=[3, 4]
10.0 fp=[4] true=[3] merged=[3, 4]
10.3 fp=[4] true=[3] merged=[3, 4]
10.7 fp=[4] true=[3] merged=[3, 4]
11.0 fp=[4] true=[3] merged=[3, 4]
11.3 fp=[4] true=[3] merged=[3, 4]
11.6 fp=[4] true=[3] merged=[3, 4]
11.9 fp=[4] true=[3] merged=[3, 4]
12.2 fp=[4] true=[3] merged=[3, 4]
12.5 fp=[4] true=[3] merged=[3, 4]
12.8 fp=[4] true=[3] merged=[3, 4]
13.1 fp=[4] true=[3] merged=[3, 4]
13.5 fp=[4] true=[3] merged=[3, 4]
13.8 fp=[4] true=[3] merged=[3, 4]
14.1 fp=[4] true=[3] merged=[3, 4]
14.4 fp=[4] true=[3] merged=[3, 4]
14.7 fp=[4] true=[3] merged=[3, 4]
15.0 fp=[4] true=[3] merged=[3, 4]
15.3 fp=[4] true=[3] merged=[3, 4]
15.6 fp=[4] true=[3] merged=[3, 4]
16.0 fp=[4] true=[3] merged=[3, 4]
16.3 fp=[4] true=[3] merged=[3, 4]
16.6 fp=[4] true=[3] merged=[3, 4]
16.9 fp=[4] true=[3] merged=[3, 4]
17.2 fp=[4] true=[3] merged=[3, 4]
17.5 fp=[4] true=[3] merged=[3, 4]
17.8 fp=[4] true=[3] merged=[3, 4]
18.2 fp=[1] true=[3] merged=[1, 3]
18.5 fp=[1] true=[3] merged=[1, 3]
18.8 fp=[1] true=[3] merged=[1, 3]
19.1 fp=[1] true=[3] merged=[1, 3]
19.4 fp=[1] true=[3] merged=[1, 3]
19.7 fp=[1] true=[3] merged=[1, 3]
20.0 fp=[1] true=[3] merged=[1, 3]
20.3 fp=[1] true=[3] merged=[1, 3]
20.7 fp=[1] true=[3] merged=[1, 3]
21.0 fp=[1] true=[3] merged=[1, 3]
21.3 fp=[1] true=[3] merged=[1, 3]
21.6 fp=[1] true=[3] merged=[1, 3]
21.9 fp=[1] true=[3] merged=[1, 3]
22.2 fp=[1] true=[3] merged=[1, 3]
22.5 fp=[1] true=[3] merged=[1, 3]
22.8 fp=[1] true=[3] merged=[1, 3]
23.2 fp=[1] true=[3] merged=[1, 3]
23.5 fp=[1] true=[3] merged=[1, 3]
23.8 fp=[1] true=[3] merged=[1, 3]
24.1 fp=[1] true=[3] merged=[1, 3]
24.4 fp=[1] true=[3] merged=[1, 3]
24.7 fp=[1] true=[3] merged=[1, 3]
25.0 fp=[1] true=[3] merged=[1, 3]
25.3 fp=[1] true=[3] merged=[1, 3]
25.7 fp=[1] true=[3] merged=[1, 3]
26.0 fp=[1] true=[3] merged=[1, 3]
26.3 fp=[1] true=[3] merged=[1, 3]
26.6 fp=[1] true=[3] merged=[1, 3]
26.9 fp=[1] true=[3] merged=[1, 3]
27.2 fp=[1] true=[3] merged=[1, 3]
27.5 fp=[1] true=[3] merged=[1, 3]
27.8 fp=[1] true=[3] merged=[1, 3]
28.1 fp=[1] true=[3] merged=[1, 3]
28.5 fp=[1] true=[3] merged=[1, 3]
28.8 fp=[1] true=[3] merged=[1, 3]
29.1 fp=[1] true=[3] merged=[1, 3]
29.4 fp=[1] true=[3] merged=[1, 3]
29.7 fp=[1] true=[3] merged=[1, 3]
30.0 fp=[1] true=[3] merged=[1, 3]
30.3 fp=[1] true=[3] merged=[1, 3]
30.6 fp=[1] true=[3] merged=[1, 3]
30.9 fp=[1] true=[3] merged=[1, 3]
31.3 fp=[1] true=[3] merged=[1, 3]
31.6 fp=[1] true=[3] merged=[1, 3]
31.9 fp=[1] true=[3] merged=[1, 3]
32.2 fp=[1] true=[3] merged=[1, 3]
32.5 fp=[1] true=[3] merged=[1, 3]
32.8 fp=[1] true=[3] merged=[1, 3]
33.2 fp=[1] true=[3] merged=[1, 3]
33.5 fp=[1] true=[3] merged=[1, 3]
33.8 fp=[1] true=[3] merged=[1, 3]
34.1 fp=[1] true=[3] merged=[1, 3]
34.4 fp=[1] true=[3] merged=[1, 3]
34.7 fp=[1] true=[3] merged=[1, 3]
35.0 fp=[1] true=[3] merged=[1, 3]
35.3 fp=[1] true=[3] merged=[1, 3]
35.7 fp=[1] true=[3] merged=[1, 3]
36.0 fp=[1] true=[3] merged=[1, 3]
36.3 fp=[1] true=[3] merged=[1, 3]
36.6 fp=[1] true=[3] merged=[1, 3]
36.9 fp=[1] true=[3] merged=[1, 3]
37.3 fp=[1] true=[3] merged=[1, 3]
37.6 fp=[1] true=[3] merged=[1, 3]
37.9 fp=[1] true=[3] merged=[1, 3]
38.2 fp=[2] true=[3] merged=[2, 3]
38.5 fp=[2] true=[3] merged=[2, 3]
38.8 fp=[2] true=[3] merged=[2, 3]
39.1 fp=[2] true=[3] merged=[2, 3]
39.4 fp=[2] true=[3] merged=[2, 3]
39.8 fp=[2] true=[3] merged=[2, 3]
40.1 fp=[2] true=[3] merged=[2, 3]
40.4 fp=[2] true=[3] merged=[2, 3]
40.7 fp=[2] true=[3] merged=[2, 3]
41.0 fp=[2] true=[3] merged=[2, 3]
41.3 fp=[2] true=[3] merged=[2, 3]
41.7 fp=[2] true=[3] merged=[2, 3]
42.0 fp=[2] true=[3] merged=[2, 3]
42.3 fp=[2] true=[3] merged=[2, 3]
42.6 fp=[2] true=[3] merged=[2, 3]
42.9 fp=[2] true=[3] merged=[2, 3]
43.2 fp=[2] true=[3] merged=[2, 3]
43.5 fp=[2] true=[3] merged=[2, 3]
43.8 fp=[2] true=[3] merged=[2, 3]
44.1 fp=[2] true=[3] merged=[2, 3]
44.4 fp=[2] true=[3] merged=[2, 3]
44.8 fp=[2] true=[3] merged=[2, 3]
45.1 fp=[2] true=[3] merged=[2, 3]
45.4 fp=[2] true=[3] merged=[2, 3]
45.7 fp=[2] true=[3] merged=[2, 3]
46.0 fp=[2] true=[3] merged=[2, 3]
46.3 fp=[2] true=[3] merged=[2, 3]
46.6 fp=[2] true=[3] merged=[2, 3]
46.9 fp=[2] true=[3] merged=[2, 3]
47.2 fp=[2] true=[3] merged=[2, 3]
47.6 fp=[2] true=[3] merged=[2, 3]
47.9 fp=[2] true=[3] merged=[2, 3]
48.2 fp=[2] true=[3] merged=[2, 3]
48.5 fp=[2] true=[3] merged=[2, 3]
48.8 fp=[2] true=[3] merged=[2, 3]
49.1 fp=[2] true=[3] merged=[2, 3]
49.4 fp=[2] true=[3] merged=[2, 3]
49.7 fp=[2] true=[3] merged=[2, 3]
50.0 fp=[2] true=[3] merged=[2, 3]
50.4 fp=[2] true=[3] merged=[2, 3]
50.7 fp=[2] true=[3] merged=[2, 3]
51.0 fp=[2] true=[3] merged=[2, 3]
51.3 fp=[2] true=[3] merged=[2, 3]
51.6 fp=[2] true=[3] merged=[2, 3]
51.9 fp=[2] true=[3] merged=[2, 3]
52.3 fp=[2] true=[3] merged=[2, 3]
52.6 fp=[2] true=[3] merged=[2, 3]
52.9 fp=[2] true=[3] merged=[2, 3]
53.3 fp=[2] true=[3] merged=[2, 3]
53.6 fp=[2] true=[3] merged=[2, 3]
53.9 fp=[2] true=[3] merged=[2, 3]
54.2 fp=[2] true=[3] merged=[2, 3]
54.5 fp=[2] true=[3] merged=[2, 3]
54.8 fp=[2] true=[3] merged=[2, 3]
55.2 fp=[2] true=[3] merged=[2, 3]
55.5 fp=[2] true=[3] merged=[2, 3]
55.8 fp=[2] true=[3] merged=[2, 3]
56.1 fp=[2] true=[3] merged=[2, 3]
56.4 fp=[2] true=[3] merged=[2, 3]
56.7 fp=[2] true=[3] merged=[2, 3]
57.0 fp=[2] true=[3] merged=[2, 3]
57.4 fp=[2] true=[3] merged=[2, 3]
57.7 fp=[2] true=[3] merged=[2, 3]
58.0 fp=[2] true=[3] merged=[2, 3]
58.3 fp=[2] true=[3] merged=[2, 3]
58.6 fp=[2] true=[3] merged=[2, 3]
58.9 fp=[2] true=[3] merged=[2, 3]
59.2 fp=[2] true=[3] merged=[2, 3]
59.6 fp=[2] true=[3] merged=[2, 3]
59.9 fp=[2] true=[3] merged=[2, 3]
60.2 fp=[2] true=[3] merged=[2, 3]
60.5 fp=[2] true=[3] merged=[2, 3]
60.8 fp=[2] true=[3] merged=[2, 3]
61.1 fp=[2] true=[3] merged=[2, 3]
61.4 fp=[2] true=[3] merged=[2, 3]
61.8 fp=[2] true=[3] merged=[2, 3]
62.1 fp=[2] true=[3] merged=[2, 3]
62.4 fp=[2] true=[3] merged=[2, 3]
62.7 fp=[2] true=[3] merged=[2, 3]
63.0 fp=[2] true=[3] merged=[2, 3]
63.3 fp=[2] true=[3] merged=[2, 3]
63.7 fp=[2] true=[3] merged=[2, 3]
64.0 fp=[2] true=[3] merged=[2, 3]
64.3 fp=[4] true=[3] merged=[3, 4]
64.6 fp=[4] true=[3] merged=[3, 4]
64.9 fp=[4] true=[3] merged=[3, 4]
65.3 fp=[4] true=[3] merged=[3, 4]
65.6 fp=[4] true=[3] merged=[3, 4]
65.9 fp=[4] true=[3] merged=[3, 4]
66.2 fp=[4] true=[3] merged=[3, 4]
66.5 fp=[4] true=[3] merged=[3, 4]
66.9 fp=[4] true=[3] merged=[3, 4]
67.2 fp=[4] true=[3] merged=[3, 4]
67.5 fp=[4] true=[3] merged=[3, 4]
67.8 fp=[4] true=[3] merged=[3, 4]
68.1 fp=[4] true=[3] merged=[3, 4]
68.4 fp=[4] true=[3] merged=[3, 4]
68.7 fp=[4] true=[3] merged=[3, 4]
69.0 fp=[2] true=[3] merged=[2, 3]
69.4 fp=[2] true=[3] merged=[2, 3]
69.7 fp=[2] true=[3] merged=[2, 3]
70.0 fp=[2] true=[3] merged=[2, 3]
70.3 fp=[2] true=[3] merged=[2, 3]
70.6 fp=[2] true=[3] merged=[2, 3]
70.9 fp=[2] true=[3] merged=[2, 3]
71.2 fp=[2] true=[3] merged=[2, 3]
71.5 fp=[2] true=[3] merged=[2, 3]
71.9 fp=[2] true=[3] merged=[2, 3]
72.2 fp=[2] true=[3] merged=[2, 3]
72.5 fp=[2] true=[3] merged=[2, 3]
72.8 fp=[2] true=[3] merged=[2, 3]
73.1 fp=[2] true=[3] merged=[2, 3]
73.4 fp=[2] true=[3] merged=[2, 3]
73.7 fp=[2] true=[3] merged=[2, 3]
74.1 fp=[1] true=[3] merged=[1, 3]
74.4 fp=[1] true=[3] merged=[1, 3]
74.7 fp=[1] true=[3] merged=[1, 3]
75.0 fp=[1] true=[3] merged=[1, 3]
75.3 fp=[1] true=[3] merged=[1, 3]
75.6 fp=[1] true=[3] merged=[1, 3]
75.9 fp=[1] true=[3] merged=[1, 3]
76.2 fp=[1] true=[3] merged=[1, 3]
76.5 fp=[1] true=[3] merged=[1, 3]
76.9 fp=[1] true=[3] merged=[1, 3]
77.2 fp=[1] true=[3] merged=[1, 3]
77.5 fp=[1] true=[3] merged=[1, 3]
77.8 fp=[1] true=[3] merged=[1, 3]
78.1 fp=[1] true=[3] merged=[1, 3]
78.4 fp=[1] true=[3] merged=[1, 3]
78.7 fp=[1] true=[3] merged=[1, 3]
79.0 fp=[1] true=[3] merged=[1, 3]
79.4 fp=[1] true=[3] merged=[1, 3]
79.7 fp=[1] true=[3] merged=[1, 3]
80.0 fp=[1] true=[3] merged=[1, 3]
80.3 fp=[1] true=[3] merged=[1, 3]
80.6 fp=[1] true=[3] merged=[1, 3]
80.9 fp=[1] true=[3] merged=[1, 3]
81.2 fp=[1] true=[3] merged=[1, 3]
81.6 fp=[1] true=[3] merged=[1, 3]
81.9 fp=[1] true=[3] merged=[1, 3]
82.2 fp=[1] true=[3] merged=[1, 3]
82.5 fp=[1] true=[3] merged=[1, 3]
82.8 fp=[1] true=[3] merged=[1, 3]
83.1 fp=[1] true=[3] merged=[1, 3]
83.4 fp=[1] true=[3] merged=[1, 3]
83.8 fp=[1] true=[3] merged=[1, 3]
84.1 fp=[1] true=[3] merged=[1, 3]
84.4 fp=[1] true=[3] merged=[1, 3]
84.7 fp=[1] true=[3] merged=[1, 3]
85.0 fp=[1] true=[3] merged=[1, 3]
85.4 fp=[1] true=[3] merged=[1, 3]
85.7 fp=[1] true=[3] merged=[1, 3]
86.0 fp=[1] true=[3] merged=[1, 3]
86.3 fp=[1] true=[3] merged=[1, 3]
86.6 fp=[1] true=[3] merged=[1, 3]
86.9 fp=[1] true=[3] merged=[1, 3]
87.2 fp=[1] true=[3] merged=[1, 3]
87.5 fp=[1] true=[3] merged=[1, 3]
87.9 fp=[1] true=[3] merged=[1, 3]
88.2 fp=[1] true=[3] merged=[1, 3]
88.5 fp=[1] true=[3] merged=[1, 3]
88.8 fp=[1] true=[3] merged=[1, 3]
89.2 fp=[1] true=[3] merged=[1, 3]
89.5 fp=[1] true=[3] merged=[1, 3]
89.8 fp=[1] true=[3] merged=[1, 3]
90.1 fp=[1] true=[3] merged=[1, 3]
90.4 fp=[1] true=[3] merged=[1, 3]
90.7 fp=[1] true=[3] merged=[1, 3]
91.0 fp=[1] true=[3] merged=[1, 3]
91.3 fp=[1] true=[3] merged=[1, 3]
91.7 fp=[1] true=[3] merged=[1, 3]
92.0 fp=[1] true=[3] merged=[1, 3]
92.3 fp=[1] true=[3] merged=[1, 3]
92.6 fp=[1] true=[3] merged=[1, 3]
92.9 fp=[1] true=[3] merged=[1, 3]
93.2 fp=[1] true=[3] merged=[1, 3]
93.6 fp=[1] true=[3] merged=[1, 3]
93.9 fp=[1] true=[3] merged=[1, 3]
94.2 fp=[1] true=[3] merged=[1, 3]
94.5 fp=[1] true=[3] merged=[1, 3]
94.8 fp=[1] true=[3] merged=[1, 3]
95.1 fp=[1] true=[3] merged=[1, 3]
95.4 fp=[1] true=[3] merged=[1, 3]
95.7 fp=[1] true=[3] merged=[1, 3]
96.0 fp=[1] true=[3] merged=[1, 3]
96.4 fp=[1] true=[3] merged=[1, 3]
96.7 fp=[1] true=[3] merged=[1, 3]
97.0 fp=[1] true=[3] merged=[1, 3]
97.3 fp=[1] true=[3] merged=[1, 3]
97.6 fp=[1] true=[3] merged=[1, 3]
97.9 fp=[1] true=[3] merged=[1, 3]
98.2 fp=[1] true=[3] merged=[1, 3]
98.5 fp=[1] true=[3] merged=[1, 3]
98.8 fp=[1] true=[3] merged=[1, 3]
99.2 fp=[1] true=[3] merged=[1, 3]
99.5 fp=[1] true=[3] merged=[1, 3]
99.8 fp=[1] true=[3] merged=[1, 3]
100.1 fp=[1] true=[3] merged=[1, 3]
100.4 fp=[1] true=[3] merged=[1, 3]
100.8 fp=[1] true=[3] merged=[1, 3]
101.1 fp=[1] true=[3] merged=[1, 3]
101.4 fp=[1] true=[3] merged=[1, 3]
101.7 fp=[1] true=[3] merged=[1, 3]
102.2 fp=[1] true=[3] merged=[1, 3]
102.5 fp=[1] true=[3] merged=[1, 3]
102.8 fp=[1] true=[3] merged=[1, 3]
103.1 fp=[1] true=[3] merged=[1, 3]
103.4 fp=[1] true=[3] merged=[1, 3]
103.7 fp=[1] true=[3] merged=[1, 3]
104.1 fp=[1] true=[3] merged=[1, 3]
104.4 fp=[1] true=[3] merged=[1, 3]
104.7 fp=[1] true=[3] merged=[1, 3]
105.0 fp=[1] true=[3] merged=[1, 3]
105.3 fp=[1] true=[3] merged=[1, 3]
105.6 fp=[1] true=[3] merged=[1, 3]
105.9 fp=[1] true=[3] merged=[1, 3]
106.3 fp=[1] true=[3] merged=[1, 3]
106.6 fp=[1] true=[3] merged=[1, 3]
106.9 fp=[1] true=[3] merged=[1, 3]
107.2 fp=[1] true=[3] merged=[1, 3]
107.5 fp=[1] true=[3] merged=[1, 3]
107.8 fp=[1] true=[3] merged=[1, 3]
108.1 fp=[1] true=[3] merged=[1, 3]
108.4 fp=[1] true=[3] merged=[1, 3]
108.8 fp=[1] true=[3] merged=[1, 3]
109.1 fp=[1] true=[3] merged=[1, 3]
109.4 fp=[1] true=[3] merged=[1, 3]
109.7 fp=[1] true=[3] merged=[1, 3]
110.0 fp=[1] true=[3] merged=[1, 3]
110.3 fp=[1] true=[3] merged=[1, 3]
110.6 fp=[1] true=[3] merged=[1, 3]
111.0 fp=[1] true=[3] merged=[1, 3]
111.3 fp=[1] true=[3] merged=[1, 3]
111.6 fp=[1] true=[3] merged=[1, 3]
111.9 fp=[1] true=[3] merged=[1, 3]
112.2 fp=[1] true=[3] merged=[1, 3]
112.5 fp=[1] true=[3] merged=[1, 3]
112.8 fp=[1] true=[3] merged=[1, 3]
113.2 fp=[1] true=[3] merged=[1, 3]
113.5 fp=[1] true=[3] merged=[1, 3]
113.8 fp=[1] true=[3] merged=[1, 3]
114.1 fp=[1] true=[3] merged=[1, 3]
114.4 fp=[1] true=[3] merged=[1, 3]
114.7 fp=[1] true=[3] merged=[1, 3]
115.0 fp=[1] true=[3] merged=[1, 3]
115.3 fp=[1] true=[3] merged=[1, 3]
115.7 fp=[1] true=[3] merged=[1, 3]
116.0 fp=[1] true=[3] merged=[1, 3]
116.3 fp=[1] true=[3] merged=[1, 3]
116.6 fp=[1] true=[3] merged=[1, 3]
116.9 fp=[1] true=[3] merged=[1, 3]
117.2 fp=[1] true=[3] merged=[1, 3]
117.5 fp=[1] true=[3] merged=[1, 3]
117.9 fp=[1] true=[3] merged=[1, 3]
118.2 fp=[1] true=[3] merged=[1, 3]
118.5 fp=[1] true=[3] merged=[1, 3]
118.8 fp=[1] true=[3] merged=[1, 3]
119.1 fp=[1] true=[3] merged=[1, 3]
119.4 fp=[1] true=[3] merged=[1, 3]
119.7 fp=[1] true=[3] merged=[1, 3]
120.0 fp=[1] true=[3] merged=[1, 3]
120.4 fp=[1] true=[3] merged=[1, 3]
120.7 fp=[1] true=[3] merged=[1, 3]
121.0 fp=[1] true=[3] merged=[1, 3]
121.3 fp=[1] true=[3] merged=[1, 3]
121.6 fp=[1] true=[3] merged=[1, 3]
121.9 fp=[1] true=[3] merged=[1, 3]
122.3 fp=[1] true=[3] merged=[1, 3]
122.6 fp=[1] true=[3] merged=[1, 3]
122.9 fp=[1] true=[3] merged=[1, 3]
123.2 fp=[1] true=[3] merged=[1, 3]
123.5 fp=[1] true=[3] merged=[1, 3]
123.9 fp=[1] true=[3] merged=[1, 3]
124.2 fp=[1] true=[3] merged=[1, 3]
124.5 fp=[1] true=[3] merged=[1, 3]
124.8 fp=[1] true=[3] merged=[1, 3]
125.1 fp=[1] true=[3] merged=[1, 3]
125.4 fp=[1] true=[3] merged=[1, 3]
125.7 fp=[1] true=[3] merged=[1, 3]
126.0 fp=[1] true=[3] merged=[1, 3]
126.4 fp=[1] true=[3] merged=[1, 3]
126.7 fp=[1] true=[3] merged=[1, 3]
127.0 fp=[1] true=[3] merged=[1, 3]
127.3 fp=[1] true=[3] merged=[1, 3]
127.6 fp=[1] true=[3] merged=[1, 3]
127.9 fp=[1] true=[3] merged=[1, 3]
128.2 fp=[1] true=[3] merged=[1, 3]
128.5 fp=[1] true=[3] merged=[1, 3]
128.9 fp=[1] true=[3] merged=[1, 3]
129.2 fp=[1] true=[3] merged=[1, 3]
129.5 fp=[1] true=[3] merged=[1, 3]
129.8 fp=[1] true=[3] merged=[1, 3]
130.1 fp=[1] true=[3] merged=[1, 3]
130.4 fp=[1] true=[3] merged=[1, 3]
130.8 fp=[1] true=[3] merged=[1, 3]
131.1 fp=[1] true=[3] merged=[1, 3]
131.4 fp=[1] true=[3] merged=[1, 3]
131.7 fp=[1] true=[3] merged=[1, 3]
132.0 fp=[1] true=[3] merged=[1, 3]
132.3 fp=[1] true=[3] merged=[1, 3]
132.6 fp=[1] true=[3] merged=[1, 3]
132.9 fp=[1] true=[3] merged=[1, 3]
133.3 fp=[1] true=[3] merged=[1, 3]
133.6 fp=[1] true=[3] merged=[1, 3]
133.9 fp=[1] true=[3] merged=[1, 3]
134.2 fp=[1] true=[3] merged=[1, 3]
134.5 fp=[1] true=[3] merged=[1, 3]
134.8 fp=[1] true=[3] merged=[1, 3]
135.1 fp=[1] true=[3] merged=[1, 3]
135.4 fp=[1] true=[3] merged=[1, 3]
135.8 fp=[1] true=[3] merged=[1, 3]
136.1 fp=[1] true=[3] merged=[1, 3]
136.4 fp=[1] true=[3] merged=[1, 3]
136.7 fp=[1] true=[3] merged=[1, 3]
137.0 fp=[1] true=[3] merged=[1, 3]
137.3 fp=[1] true=[3] merged=[1, 3]
137.6 fp=[1] true=[3] merged=[1, 3]
138.0 fp=[1] true=[3] merged=[1, 3]
138.3 fp=[1] true=[3] merged=[1, 3]
138.6 fp=[1] true=[3] merged=[1, 3]
138.9 fp=[1] true=[3] merged=[1, 3]
139.2 fp=[1] true=[3] merged=[1, 3]
139.5 fp=[1] true=[3] merged=[1, 3]
139.8 fp=[1] true=[3] merged=[1, 3]
140.1 fp=[1] true=[3] merged=[1, 3]
140.4 fp=[1] true=[3] merged=[1, 3]
140.7 fp=[1] true=[3] merged=[1, 3]
141.1 fp=[1] true=[3] merged=[1, 3]
141.4 fp=[1] true=[3] merged=[1, 3]
141.7 fp=[1] true=[3] merged=[1, 3]
142.0 fp=[1] true=[3] merged=[1, 3]
142.3 fp=[1] true=[3] merged=[1, 3]
142.6 fp=[1] true=[3] merged=[1, 3]
142.9 fp=[1] true=[3] merged=[1, 3]
143.2 fp=[1] true=[3] merged=[1, 3]
143.5 fp=[1] true=[3] merged=[1, 3]
143.9 fp=[1] true=[3] merged=[1, 3]
144.2 fp=[1] true=[3] merged=[1, 3]
144.5 fp=[1] true=[3] merged=[1, 3]
144.8 fp=[1] true=[3] merged=[1, 3]
145.1 fp=[1] true=[3] merged=[1, 3]
145.4 fp=[1] true=[3] merged=[1, 3]
145.8 fp=[1] true=[3] merged=[1, 3]
146.1 fp=[1] true=[3] merged=[1, 3]
146.4 fp=[1] true=[3] merged=[1, 3]
146.7 fp=[1] true=[3] merged=[1, 3]
147.0 fp=[1] true=[3] merged=[1, 3]
147.3 fp=[1] true=[3] merged=[1, 3]
147.6 fp=[1] true=[3] merged=[1, 3]
147.9 fp=[1] true=[3] merged=[1, 3]
148.3 fp=[4] true=[3] merged=[3, 4]
148.6 fp=[4] true=[3] merged=[3, 4]
148.9 fp=[4] true=[3] merged=[3, 4]
149.2 fp=[4] true=[3] merged=[3, 4]
149.5 fp=[4] true=[3] merged=[3, 4]
149.8 fp=[4] true=[3] merged=[3, 4]
150.1 fp=[4] true=[3] merged=[3, 4]
150.4 fp=[4] true=[3] merged=[3, 4]
150.8 fp=[4] true=[3] merged=[3, 4]
151.1 fp=[7] true=[3] merged=[3, 7]
151.4 fp=[7] true=[3] merged=[3, 7]
151.7 fp=[7] true=[3] merged=[3, 7]
152.0 fp=[7] true=[3] merged=[3, 7]
152.4 fp=[7] true=[3] merged=[3, 7]
152.7 fp=[7] true=[3] merged=[3, 7]
153.0 fp=[7] true=[3] merged=[3, 7]
153.3 fp=[7] true=[3] merged=[3, 7]
153.6 fp=[7] true=[3] merged=[3, 7]
153.9 fp=[7] true=[3] merged=[3, 7]
154.3 fp=[1] true=[3] merged=[1, 3]
154.6 fp=[1] true=[3] merged=[1, 3]
154.9 fp=[1] true=[3] merged=[1, 3]
155.2 fp=[1] true=[3] merged=[1, 3]
155.5 fp=[1] true=[3] merged=[1, 3]
155.8 fp=[1] true=[3] merged=[1, 3]
156.2 fp=[1] true=[3] merged=[1, 3]
156.5 fp=[1] true=[3] merged=[1, 3]
156.8 fp=[1] true=[3] merged=[1, 3]
157.1 fp=[1] true=[3] merged=[1, 3]
157.4 fp=[1] true=[3] merged=[1, 3]
157.7 fp=[1] true=[3] merged=[1, 3]
158.0 fp=[1] true=[3] merged=[1, 3]
158.3 fp=[1] true=[3] merged=[1, 3]
158.6 fp=[1] true=[3] merged=[1, 3]
159.0 fp=[1] true=[3] merged=[1, 3]
159.3 fp=[1] true=[3] merged=[1, 3]
159.6 fp=[1] true=[3] merged=[1, 3]
159.9 fp=[1] true=[3] merged=[1, 3]
160.2 fp=[1] true=[3] merged=[1, 3]
160.5 fp=[1] true=[3] merged=[1, 3]
160.8 fp=[1] true=[3] merged=[1, 3]
161.1 fp=[1] true=[3] merged=[1, 3]
161.5 fp=[1] true=[3] merged=[1, 3]
161.8 fp=[1] true=[3] merged=[1, 3]
162.1 fp=[1] true=[3] merged=[1, 3]
162.4 fp=[1] true=[3] merged=[1, 3]
162.7 fp=[1] true=[3] merged=[1, 3]
163.0 fp=[1] true=[3] merged=[1, 3]
163.3 fp=[1] true=[3] merged=[1, 3]
163.7 fp=[1] true=[3] merged=[1, 3]
164.0 fp=[1] true=[3] merged=[1, 3]
164.3 fp=[1] true=[3] merged=[1, 3]
164.6 fp=[1] true=[3] merged=[1, 3]
164.9 fp=[1] true=[3] merged=[1, 3]
165.2 fp=[1] true=[3] merged=[1, 3]
165.5 fp=[1] true=[3] merged=[1, 3]
165.8 fp=[1] true=[3] merged=[1, 3]
166.1 fp=[1] true=[3] merged=[1, 3]
166.5 fp=[1] true=[3] merged=[1, 3]
166.8 fp=[1] true=[3] merged=[1, 3]
167.1 fp=[1] true=[3] merged=[1, 3]
167.4 fp=[1] true=[3] merged=[1, 3]
167.7 fp=[1] true=[3] merged=[1, 3]
168.0 fp=[1] true=[3] merged=[1, 3]
168.3 fp=[1] true=[3] merged=[1, 3]
168.6 fp=[1] true=[3] merged=[1, 3]
169.0 fp=[1] true=[3] merged=[1, 3]
169.3 fp=[1] true=[3] merged=[1, 3]
169.6 fp=[1] true=[3] merged=[1, 3]
169.9 fp=[1] true=[3] merged=[1, 3]
170.2 fp=[1] true=[3] merged=[1, 3]
170.5 fp=[1] true=[3] merged=[1, 3]
170.8 fp=[1] true=[3] merged=[1, 3]
171.1 fp=[1] true=[3] merged=[1, 3]
171.5 fp=[1] true=[3] merged=[1, 3]
171.8 fp=[1] true=[3] merged=[1, 3]
172.1 fp=[1] true=[3] merged=[1, 3]
172.4 fp=[1] true=[3] merged=[1, 3]
172.7 fp=[1] true=[3] merged=[1, 3]
173.0 fp=[1] true=[3] merged=[1, 3]
173.4 fp=[1] true=[3] merged=[1, 3]
173.7 fp=[1] true=[3] merged=[1, 3]
174.0 fp=[2] true=[3] merged=[2, 3]
174.3 fp=[2] true=[3] merged=[2, 3]
174.6 fp=[2] true=[3] merged=[2, 3]
174.9 fp=[2] true=[3] merged=[2, 3]
175.3 fp=[2] true=[3] merged=[2, 3]
175.6 fp=[2] true=[3] merged=[2, 3]
175.9 fp=[2] true=[3] merged=[2, 3]
176.2 fp=[5] true=[3] merged=[3, 5]
176.5 fp=[5] true=[3] merged=[3, 5]
176.8 fp=[5] true=[3] merged=[3, 5]
177.1 fp=[5] true=[3] merged=[3, 5]
177.4 fp=[5] true=[3] merged=[3, 5]
177.7 fp=[5] true=[3] merged=[3, 5]
178.1 fp=[5] true=[3] merged=[3, 5]
178.4 fp=[5] true=[3] merged=[3, 5]
178.7 fp=[5] true=[3] merged=[3, 5]
179.0 fp=[5] true=[3] merged=[3, 5]
179.3 fp=[5] true=[3] merged=[3, 5]
179.6 fp=[5] true=[3] merged=[3, 5]
179.9 fp=[5] true=[3] merged=[3, 5]
180.3 fp=[5] true=[3] merged=[3, 5]
180.6 fp=[5] true=[3] merged=[3, 5]
180.9 fp=[5] true=[3] merged=[3, 5]
181.2 fp=[5] true=[3] merged=[3, 5]
181.5 fp=[5] true=[3] merged=[3, 5]
181.8 fp=[5] true=[3] merged=[3, 5]
182.1 fp=[1] true=[3] merged=[1, 3]
182.4 fp=[1] true=[3] merged=[1, 3]
182.8 fp=[1] true=[3] merged=[1, 3]
183.1 fp=[1] true=[3] merged=[1, 3]
183.4 fp=[1] true=[3] merged=[1, 3]
183.7 fp=[1] true=[3] merged=[1, 3]
184.0 fp=[1] true=[3] merged=[1, 3]
184.3 fp=[1] true=[3] merged=[1, 3]
184.7 fp=[1] true=[3] merged=[1, 3]
185.0 fp=[1] true=[3] merged=[1, 3]
185.3 fp=[1] true=[3] merged=[1, 3]
185.6 fp=[1] true=[3] merged=[1, 3]
185.9 fp=[1] true=[3] merged=[1, 3]
186.2 fp=[1] true=[3] merged=[1, 3]
186.5 fp=[1] true=[3] merged=[1, 3]
186.8 fp=[1] true=[3] merged=[1, 3]
187.2 fp=[1] true=[3] merged=[1, 3]
187.5 fp=[1] true=[3] merged=[1, 3]
187.8 fp=[1] true=[3] merged=[1, 3]
188.1 fp=[1] true=[3] merged=[1, 3]
188.4 fp=[1] true=[3] merged=[1, 3]
188.7 fp=[1] true=[3] merged=[1, 3]
189.0 fp=[1] true=[3] merged=[1, 3]
189.3 fp=[1] true=[3] merged=[1, 3]
189.7 fp=[1] true=[3] merged=[1, 3]
190.0 fp=[1] true=[3] merged=[1, 3]
190.3 fp=[1] true=[3] merged=[1, 3]
190.6 fp=[1] true=[3] merged=[1, 3]
190.9 fp=[1] true=[3] merged=[1, 3]
191.2 fp=[1] true=[3] merged=[1, 3]
191.5 fp=[1] true=[3] merged=[1, 3]
191.8 fp=[1] true=[3] merged=[1, 3]
192.1 fp=[1] true=[3] merged=[1, 3]
192.5 fp=[1] true=[3] merged=[1, 3]
192.8 fp=[1] true=[3] merged=[1, 3]
193.1 fp=[1] true=[3] merged=[1, 3]
193.4 fp=[1] true=[3] merged=[1, 3]
193.7 fp=[1] true=[3] merged=[1, 3]
194.0 fp=[1] true=[3] merged=[1, 3]
194.3 fp=[1] true=[3] merged=[1, 3]
194.7 fp=[1] true=[3] merged=[1, 3]
195.0 fp=[1] true=[3] merged=[1, 3]
195.3 fp=[1] true=[3] merged=[1, 3]
195.6 fp=[1] true=[3] merged=[1, 3]
195.9 fp=[1] true=[3] merged=[1, 3]
196.2 fp=[1] true=[3] merged=[1, 3]
196.5 fp=[1] true=[3] merged=[1, 3]
196.8 fp=[1] true=[3] merged=[1, 3]
197.1 fp=[1] true=[3] merged=[1, 3]
197.4 fp=[1] true=[3] merged=[1, 3]
197.8 fp=[1] true=[3] merged=[1, 3]
198.1 fp=[1] true=[3] merged=[1, 3]
198.4 fp=[1] true=[3] merged=[1, 3]
198.7 fp=[1] true=[3] merged=[1, 3]
199.0 fp=[1] true=[3] merged=[1, 3]
199.3 fp=[1] true=[3] merged=[1, 3]
199.7 fp=[1] true=[3] merged=[1, 3]
200.0 fp=[1] true=[3] merged=[1, 3]
200.3 fp=[1] true=[3] merged=[1, 3]
200.6 fp=[1] true=[3] merged=[1, 3]
200.9 fp=[1] true=[3] merged=[1, 3]
201.2 fp=[1] true=[3] merged=[1, 3]
201.5 fp=[1] true=[3] merged=[1, 3]
201.8 fp=[1] true=[3] merged=[1, 3]
202.2 fp=[1] true=[3] merged=[1, 3]
202.5 fp=[1] true=[3] merged=[1, 3]
202.8 fp=[1] true=[3] merged=[1, 3]
203.1 fp=[1] true=[3] merged=[1, 3]
203.4 fp=[1] true=[3] merged=[1, 3]
203.7 fp=[1] true=[3] merged=[1, 3]
204.0 fp=[1] true=[3] merged=[1, 3]
204.4 fp=[1] true=[3] merged=[1, 3]
204.7 fp=[1] true=[3] merged=[1, 3]
205.0 fp=[1] true=[3] merged=[1, 3]
205.3 fp=[1] true=[3] merged=[1, 3]
205.6 fp=[1] true=[3] merged=[1, 3]
206.0 fp=[1] true=[3] merged=[1, 3]
206.3 fp=[1] true=[3] merged=[1, 3]
206.6 fp=[1] true=[3] merged=[1, 3]
206.9 fp=[1] true=[3] merged=[1, 3]
207.2 fp=[1] true=[3] merged=[1, 3]
207.5 fp=[1] true=[3] merged=[1, 3]
207.8 fp=[1] true=[3] merged=[1, 3]
208.1 fp=[1] true=[3] merged=[1, 3]
208.5 fp=[1] true=[3] merged=[1, 3]
208.8 fp=[1] true=[3] merged=[1, 3]
209.1 fp=[1] true=[3] merged=[1, 3]
209.4 fp=[1] true=[3] merged=[1, 3]
209.7 fp=[1] true=[3] merged=[1, 3]
210.0 fp=[1] true=[3] merged=[1, 3]
210.3 fp=[1] true=[3] merged=[1, 3]
210.6 fp=[1] true=[3] merged=[1, 3]
210.9 fp=[1] true=[3] merged=[1, 3]
211.2 fp=[1] true=[3] merged=[1, 3]
211.6 fp=[1] true=[3] merged=[1, 3]
211.9 fp=[1] true=[3] merged=[1, 3]
212.2 fp=[1] true=[3] merged=[1, 3]
212.5 fp=[1] true=[3] merged=[1, 3]
212.8 fp=[1] true=[3] merged=[1, 3]
213.1 fp=[1] true=[3] merged=[1, 3]
213.4 fp=[1] true=[3] merged=[1, 3]
213.8 fp=[1] true=[3] merged=[1, 3]
214.1 fp=[1] true=[3] merged=[1, 3]
214.4 fp=[1] true=[3] merged=[1, 3]
214.7 fp=[1] true=[3] merged=[1, 3]
215.0 fp=[1] true=[3] merged=[1, 3]
215.3 fp=[1] true=[3] merged=[1, 3]
215.6 fp=[1] true=[3] merged=[1, 3]
215.9 fp=[1] true=[3] merged=[1, 3]
216.2 fp=[1] true=[3] merged=[1, 3]
216.6 fp=[1] true=[3] merged=[1, 3]
216.9 fp=[1] true=[3] merged=[1, 3]
217.2 fp=[1] true=[3] merged=[1, 3]
217.5 fp=[1] true=[3] merged=[1, 3]
217.8 fp=[1] true=[3] merged=[1, 3]
218.1 fp=[1] true=[3] merged=[1, 3]
218.4 fp=[1] true=[3] merged=[1, 3]
218.7 fp=[1] true=[3] merged=[1, 3]
219.1 fp=[1] true=[3] merged=[1, 3]
219.4 fp=[1] true=[3] merged=[1, 3]
219.7 fp=[1] true=[3] merged=[1, 3]
220.0 fp=[1] true=[3] merged=[1, 3]
220.3 fp=[1] true=[3] merged=[1, 3]
220.6 fp=[1] true=[3] merged=[1, 3]
220.9 fp=[1] true=[3] merged=[1, 3]
221.2 fp=[1] true=[3] merged=[1, 3]
221.5 fp=[1] true=[3] merged=[1, 3]
221.9 fp=[1] true=[3] merged=[1, 3]
222.2 fp=[1] true=[3] merged=[1, 3]
222.5 fp=[1] true=[3] merged=[1, 3]
222.8 fp=[1] true=[3] merged=[1, 3]
223.1 fp=[1] true=[3] merged=[1, 3]
223.4 fp=[1] true=[3] merged=[1, 3]
223.8 fp=[1] true=[3] merged=[1, 3]
224.1 fp=[1] true=[3] merged=[1, 3]
224.4 fp=[1] true=[3] merged=[1, 3]
224.7 fp=[1] true=[3] merged=[1, 3]
225.0 fp=[1] true=[3] merged=[1, 3]
225.3 fp=[1] true=[3] merged=[1, 3]
225.6 fp=[1] true=[3] merged=[1, 3]
226.0 fp=[1] true=[3] merged=[1, 3]
226.3 fp=[1] true=[3] merged=[1, 3]
226.6 fp=[1] true=[3] merged=[1, 3]
226.9 fp=[1] true=[3] merged=[1, 3]
227.2 fp=[1] true=[3] merged=[1, 3]
227.5 fp=[1] true=[3] merged=[1, 3]
227.8 fp=[1] true=[3] merged=[1, 3]
228.1 fp=[1] true=[3] merged=[1, 3]
228.5 fp=[1] true=[3] merged=[1, 3]
228.8 fp=[1] true=[3] merged=[1, 3]
229.1 fp=[1] true=[3] merged=[1, 3]
229.4 fp=[1] true=[3] merged=[1, 3]
229.7 fp=[1] true=[3] merged=[1, 3]
230.0 fp=[1] true=[3] merged=[1, 3]
230.3 fp=[1] true=[3] merged=[1, 3]
230.6 fp=[1] true=[3] merged=[1, 3]
231.0 fp=[1] true=[3] merged=[1, 3]
231.3 fp=[1] true=[3] merged=[1, 3]
231.6 fp=[1] true=[3] merged=[1, 3]
231.9 fp=[1] true=[3] merged=[1, 3]
232.2 fp=[1] true=[3] merged=[1, 3]
232.5 fp=[1] true=[3] merged=[1, 3]
232.9 fp=[1] true=[3] merged=[1, 3]
233.2 fp=[1] true=[3] merged=[1, 3]
233.5 fp=[1] true=[3] merged=[1, 3]
233.8 fp=[1] true=[3] merged=[1, 3]
234.1 fp=[1] true=[3] merged=[1, 3]
234.4 fp=[1] true=[3] merged=[1, 3]
234.7 fp=[1] true=[3] merged=[1, 3]
235.0 fp=[2] true=[3] merged=[2, 3]
235.3 fp=[2] true=[3] merged=[2, 3]
235.7 fp=[2] true=[3] merged=[2, 3]
236.0 fp=[2] true=[3] merged=[2, 3]
236.3 fp=[2] true=[3] merged=[2, 3]
236.6 fp=[2] true=[3] merged=[2, 3]
236.9 fp=[2] true=[3] merged=[2, 3]
237.2 fp=[2] true=[3] merged=[2, 3]
237.5 fp=[2] true=[3] merged=[2, 3]
237.9 fp=[2] true=[3] merged=[2, 3]
238.2 fp=[2] true=[3] merged=[2, 3]
238.5 fp=[2] true=[3] merged=[2, 3]
238.8 fp=[2] true=[3] merged=[2, 3]
239.1 fp=[2] true=[3] merged=[2, 3]
239.4 fp=[2] true=[3] merged=[2, 3]
239.7 fp=[2] true=[3] merged=[2, 3]
240.1 fp=[2] true=[3] merged=[2, 3]
240.4 fp=[2] true=[3] merged=[2, 3]
240.7 fp=[2] true=[3] merged=[2, 3]
241.0 fp=[2] true=[3] merged=[2, 3]
241.3 fp=[2] true=[3] merged=[2, 3]
241.6 fp=[2] true=[3] merged=[2, 3]
241.9 fp=[2] true=[3] merged=[2, 3]
242.2 fp=[2] true=[3] merged=[2, 3]
242.5 fp=[2] true=[3] merged=[2, 3]
242.9 fp=[2] true=[3] merged=[2, 3]
243.2 fp=[2] true=[3] merged=[2, 3]
243.5 fp=[2] true=[3] merged=[2, 3]
243.8 fp=[2] true=[3] merged=[2, 3]
244.1 fp=[2] true=[3] merged=[2, 3]
244.4 fp=[2] true=[3] merged=[2, 3]
244.7 fp=[2] true=[3] merged=[2, 3]
245.0 fp=[2] true=[3] merged=[2, 3]
245.4 fp=[2] true=[3] merged=[2, 3]
245.7 fp=[2] true=[3] merged=[2, 3]
246.0 fp=[2] true=[3] merged=[2, 3]
246.3 fp=[2] true=[3] merged=[2, 3]
246.6 fp=[2] true=[3] merged=[2, 3]
246.9 fp=[2] true=[3] merged=[2, 3]
247.2 fp=[2] true=[3] merged=[2, 3]
247.6 fp=[2] true=[3] merged=[2, 3]
247.9 fp=[2] true=[3] merged=[2, 3]
248.2 fp=[2] true=[3] merged=[2, 3]
248.5 fp=[2] true=[3] merged=[2, 3]
248.8 fp=[2] true=[3] merged=[2, 3]
249.1 fp=[2] true=[3] merged=[2, 3]
249.4 fp=[2] true=[3] merged=[2, 3]
249.7 fp=[2] true=[3] merged=[2, 3]
250.0 fp=[2] true=[3] merged=[2, 3]
250.4 fp=[2] true=[3] merged=[2, 3]
250.7 fp=[2] true=[3] merged=[2, 3]
251.0 fp=[2] true=[3] merged=[2, 3]
251.3 fp=[4] true=[3] merged=[3, 4]
251.6 fp=[4] true=[3] merged=[3, 4]
251.9 fp=[4] true=[3] merged=[3, 4]
252.3 fp=[4] true=[3] merged=[3, 4]
252.6 fp=[4] true=[3] merged=[3, 4]
252.9 fp=[4] true=[3] merged=[3, 4]
253.2 fp=[4] true=[3] merged=[3, 4]
253.6 fp=[4] true=[3] merged=[3, 4]
253.9 fp=[4] true=[3] merged=[3, 4]
254.2 fp=[4] true=[3] merged=[3, 4]
254.5 fp=[4] true=[3] merged=[3, 4]
254.8 fp=[4] true=[3] merged=[3, 4]
255.2 fp=[4] true=[3] merged=[3, 4]
255.5 fp=[4] true=[3] merged=[3, 4]
255.8 fp=[4] true=[3] merged=[3, 4]
256.1 fp=[4] true=[3] merged=[3, 4]
256.4 fp=[4] true=[3] merged=[3, 4]
256.7 fp=[4] true=[3] merged=[3, 4]
257.0 fp=[4] true=[3] merged=[3, 4]
257.4 fp=[4] true=[3] merged=[3, 4]
257.7 fp=[4] true=[3] merged=[3, 4]
258.0 fp=[4] true=[3] merged=[3, 4]
258.3 fp=[4] true=[3] merged=[3, 4]
258.6 fp=[4] true=[3] merged=[3, 4]
258.9 fp=[4] true=[3] merged=[3, 4]
259.2 fp=[4] true=[3] merged=[3, 4]
259.5 fp=[4] true=[3] merged=[3, 4]
259.8 fp=[4] true=[3] merged=[3, 4]
260.2 fp=[4] true=[3] merged=[3, 4]
260.5 fp=[4] true=[3] merged=[3, 4]
260.8 fp=[4] true=[3] merged=[3, 4]
261.1 fp=[4] true=[3] merged=[3, 4]
261.4 fp=[4] true=[3] merged=[3, 4]
261.7 fp=[4] true=[3] merged=[3, 4]
262.0 fp=[4] true=[3] merged=[3, 4]
262.3 fp=[4] true=[3] merged=[3, 4]
262.6 fp=[4] true=[3] merged=[3, 4]
263.0 fp=[4] true=[3] merged=[3, 4]
263.3 fp=[4] true=[3] merged=[3, 4]
263.6 fp=[4] true=[3] merged=[3, 4]
263.9 fp=[4] true=[3] merged=[3, 4]
264.2 fp=[4] true=[3] merged=[3, 4]
264.5 fp=[4] true=[3] merged=[3, 4]
264.8 fp=[4] true=[3] merged=[3, 4]
265.1 fp=[4] true=[3] merged=[3, 4]
265.5 fp=[4] true=[3] merged=[3, 4]
265.8 fp=[4] true=[3] merged=[3, 4]
266.1 fp=[4] true=[3] merged=[3, 4]
266.4 fp=[4] true=[3] merged=[3, 4]
266.7 fp=[4] true=[3] merged=[3, 4]
267.0 fp=[4] true=[3] merged=[3, 4]
267.3 fp=[4] true=[3] merged=[3, 4]
267.6 fp=[4] true=[3] merged=[3, 4]
268.0 fp=[4] true=[3] merged=[3, 4]
268.3 fp=[4] true=[3] merged=[3, 4]
268.6 fp=[4] true=[3] merged=[3, 4]
268.9 fp=[4] true=[3] merged=[3, 4]
269.2 fp=[4] true=[3] merged=[3, 4]
269.5 fp=[4] true=[3] merged=[3, 4]
269.9 fp=[4] true=[3] merged=[3, 4]
270.2 fp=[4] true=[3] merged=[3, 4]
270.5 fp=[4] true=[3] merged=[3, 4]
270.8 fp=[4] true=[3] merged=[3, 4]
271.1 fp=[4] true=[3] merged=[3, 4]
271.4 fp=[4] true=[3] merged=[3, 4]
271.7 fp=[4] true=[3] merged=[3, 4]
272.0 fp=[4] true=[3] merged=[3, 4]
272.4 fp=[4] true=[3] merged=[3, 4]
272.7 fp=[4] true=[3] merged=[3, 4]
273.0 fp=[4] true=[3] merged=[3, 4]
273.3 fp=[4] true=[3] merged=[3, 4]
273.7 fp=[4] true=[3] merged=[3, 4]
274.0 fp=[4] true=[3] merged=[3, 4]
274.3 fp=[4] true=[3] merged=[3, 4]
274.7 fp=[4] true=[3] merged=[3, 4]
275.0 fp=[4] true=[3] merged=[3, 4]
275.3 fp=[4] true=[3] merged=[3, 4]
275.6 fp=[4] true=[3] merged=[3, 4]
275.9 fp=[4] true=[3] merged=[3, 4]
276.2 fp=[4] true=[3] merged=[3, 4]
276.5 fp=[4] true=[3] merged=[3, 4]
276.9 fp=[4] true=[3] merged=[3, 4]
277.4 fp=[4] true=[3] merged=[3, 4]
277.7 fp=[4] true=[3] merged=[3, 4]
278.1 fp=[4] true=[3] merged=[3, 4]
278.4 fp=[4] true=[3] merged=[3, 4]
278.7 fp=[4] true=[3] merged=[3, 4]
279.0 fp=[4] true=[3] merged=[3, 4]
279.3 fp=[4] true=[3] merged=[3, 4]
279.6 fp=[4] true=[3] merged=[3, 4]
279.9 fp=[4] true=[3] merged=[3, 4]
280.2 fp=[4] true=[3] merged=[3, 4]
280.6 fp=[4] true=[3] merged=[3, 4]
280.9 fp=[4] true=[3] merged=[3, 4]
281.2 fp=[4] true=[3] merged=[3, 4]
281.5 fp=[4] true=[3] merged=[3, 4]
281.8 fp=[4] true=[3] merged=[3, 4]
282.1 fp=[4] true=[3] merged=[3, 4]
282.4 fp=[4] true=[3] merged=[3, 4]
282.8 fp=[4] true=[3] merged=[3, 4]
283.1 fp=[4] true=[3] merged=[3, 4]
283.4 fp=[4] true=[3] merged=[3, 4]
283.7 fp=[4] true=[3] merged=[3, 4]
284.0 fp=[7] true=[3] merged=[3, 7]
284.3 fp=[7] true=[3] merged=[3, 7]
284.6 fp=[7] true=[3] merged=[3, 7]
285.0 fp=[7] true=[3] merged=[3, 7]
285.3 fp=[7] true=[3] merged=[3, 7]
285.6 fp=[7] true=[3] merged=[3, 7]
285.9 fp=[7] true=[3] merged=[3, 7]
286.2 fp=[7] true=[3] merged=[3, 7]
286.5 fp=[7] true=[3] merged=[3, 7]
286.8 fp=[7] true=[3] merged=[3, 7]
287.1 fp=[7] true=[3] merged=[3, 7]
287.5 fp=[7] true=[3] merged=[3, 7]
287.8 fp=[7] true=[3] merged=[3, 7]
288.1 fp=[7] true=[3] merged=[3, 7]
288.4 fp=[7] true=[3] merged=[3, 7]
288.7 fp=[7] true=[3] merged=[3, 7]
289.0 fp=[7] true=[3] merged=[3, 7]
289.3 fp=[7] true=[3] merged=[3, 7]
289.6 fp=[7] true=[3] merged=[3, 7]
290.0 fp=[7] true=[3] merged=[3, 7]
290.3 fp=[7] true=[3] merged=[3, 7]
290.6 fp=[7] true=[3] merged=[3, 7]
290.9 fp=[7] true=[3] merged=[3, 7]
291.2 fp=[2] true=[3] merged=[2, 3]
291.5 fp=[2] true=[3] merged=[2, 3]
291.8 fp=[2] true=[3] merged=[2, 3]
292.2 fp=[2] true=[3] merged=[2, 3]
292.5 fp=[2] true=[3] merged=[2, 3]
292.8 fp=[2] true=[3] merged=[2, 3]
293.1 fp=[2] true=[3] merged=[2, 3]
293.4 fp=[2] true=[3] merged=[2, 3]
293.7 fp=[2] true=[3] merged=[2, 3]
294.1 fp=[2] true=[3] merged=[2, 3]
294.4 fp=[2] true=[3] merged=[2, 3]
294.7 fp=[2] true=[3] merged=[2, 3]
295.0 fp=[2] true=[3] merged=[2, 3]
295.4 fp=[2] true=[3] merged=[2, 3]
295.7 fp=[2] true=[3] merged=[2, 3]
296.0 fp=[2] true=[3] merged=[2, 3]
296.3 fp=[2] true=[3] merged=[2, 3]
296.6 fp=[2] true=[3] merged=[2, 3]
296.9 fp=[2] true=[3] merged=[2, 3]
297.2 fp=[2] true=[3] merged=[2, 3]
297.5 fp=[2] true=[3] merged=[2, 3]
297.8 fp=[2] true=[3] merged=[2, 3]
298.2 fp=[2] true=[3] merged=[2, 3]
298.5 fp=[2] true=[3] merged=[2, 3]
298.8 fp=[2] true=[3] merged=[2, 3]
299.1 fp=[2] true=[3] merged=[2, 3]
299.4 fp=[2] true=[3] merged=[2, 3]
299.7 fp=[2] true=[3] merged=[2, 3]
300.0 fp=[2] true=[3] merged=[2, 3]
300.4 fp=[2] true=[3] merged=[2, 3]
300.7 fp=[2] true=[3] merged=[2, 3]
301.0 fp=[2] true=[3] merged=[2, 3]
301.3 fp=[2] true=[3] merged=[2, 3]
301.6 fp=[2] true=[3] merged=[2, 3]
301.9 fp=[2] true=[3] merged=[2, 3]
302.2 fp=[2] true=[3] merged=[2, 3]
302.5 fp=[2] true=[3] merged=[2, 3]
302.8 fp=[2] true=[3] merged=[2, 3]
303.2 fp=[2] true=[3] merged=[2, 3]
303.5 fp=[2] true=[3] merged=[2, 3]
303.8 fp=[2] true=[3] merged=[2, 3]
304.1 fp=[2] true=[3] merged=[2, 3]
304.4 fp=[2] true=[3] merged=[2, 3]
304.7 fp=[2] true=[3] merged=[2, 3]
305.0 fp=[2] true=[3] merged=[2, 3]
305.4 fp=[2] true=[3] merged=[2, 3]
305.7 fp=[2] true=[3] merged=[2, 3]
306.0 fp=[2] true=[3] merged=[2, 3]
306.3 fp=[2] true=[3] merged=[2, 3]
306.6 fp=[2] true=[3] merged=[2, 3]
306.9 fp=[2] true=[3] merged=[2, 3]
307.3 fp=[2] true=[3] merged=[2, 3]
307.6 fp=[2] true=[3] merged=[2, 3]
307.9 fp=[2] true=[3] merged=[2, 3]
308.2 fp=[2] true=[3] merged=[2, 3]
308.5 fp=[2] true=[3] merged=[2, 3]
308.8 fp=[2] true=[3] merged=[2, 3]
309.1 fp=[2] true=[3] merged=[2, 3]
309.4 fp=[2] true=[3] merged=[2, 3]
309.8 fp=[2] true=[3] merged=[2, 3]
310.1 fp=[2] true=[3] merged=[2, 3]
310.4 fp=[2] true=[3] merged=[2, 3]
310.7 fp=[2] true=[3] merged=[2, 3]
311.0 fp=[2] true=[3] merged=[2, 3]
311.3 fp=[2] true=[3] merged=[2, 3]
311.7 fp=[2] true=[3] merged=[2, 3]
312.0 fp=[2] true=[3] merged=[2, 3]
312.3 fp=[2] true=[3] merged=[2, 3]
312.6 fp=[2] true=[3] merged=[2, 3]
312.9 fp=[2] true=[3] merged=[2, 3]
313.2 fp=[2] true=[3] merged=[2, 3]
313.6 fp=[2] true=[3] merged=[2, 3]
313.9 fp=[2] true=[3] merged=[2, 3]
314.2 fp=[2] true=[3] merged=[2, 3]
314.5 fp=[2] true=[3] merged=[2, 3]
314.8 fp=[2] true=[3] merged=[2, 3]
315.2 fp=[2] true=[3] merged=[2, 3]
315.5 fp=[2] true=[3] merged=[2, 3]
315.8 fp=[2] true=[3] merged=[2, 3]
316.1 fp=[2] true=[3] merged=[2, 3]
316.4 fp=[2] true=[3] merged=[2, 3]
316.7 fp=[2] true=[3] merged=[2, 3]
317.0 fp=[2] true=[3] merged=[2, 3]
317.4 fp=[2] true=[3] merged=[2, 3]
317.7 fp=[2] true=[3] merged=[2, 3]
318.0 fp=[2] true=[3] merged=[2, 3]
318.3 fp=[2] true=[3] merged=[2, 3]
318.6 fp=[2] true=[3] merged=[2, 3]
318.9 fp=[2] true=[3] merged=[2, 3]
319.2 fp=[2] true=[3] merged=[2, 3]
319.6 fp=[2] true=[3] merged=[2, 3]
319.9 fp=[2] true=[3] merged=[2, 3]
320.2 fp=[4] true=[3] merged=[3, 4]
320.5 fp=[4] true=[3] merged=[3, 4]
320.8 fp=[4] true=[3] merged=[3, 4]
321.1 fp=[4] true=[3] merged=[3, 4]
321.4 fp=[4] true=[3] merged=[3, 4]
321.8 fp=[4] true=[3] merged=[3, 4]
322.1 fp=[4] true=[3] merged=[3, 4]
322.4 fp=[4] true=[3] merged=[3, 4]
322.7 fp=[4] true=[3] merged=[3, 4]
323.1 fp=[2] true=[3] merged=[2, 3]
323.4 fp=[2] true=[3] merged=[2, 3]
323.7 fp=[2] true=[3] merged=[2, 3]
324.0 fp=[2] true=[3] merged=[2, 3]
324.4 fp=[2] true=[3] merged=[2, 3]
324.7 fp=[2] true=[3] merged=[2, 3]
325.0 fp=[2] true=[3] merged=[2, 3]
325.3 fp=[2] true=[3] merged=[2, 3]
325.6 fp=[2] true=[3] merged=[2, 3]
325.9 fp=[2] true=[3] merged=[2, 3]
326.2 fp=[2] true=[3] merged=[2, 3]
326.5 fp=[2] true=[3] merged=[2, 3]
326.8 fp=[2] true=[3] merged=[2, 3]
327.2 fp=[2] true=[3] merged=[2, 3]
327.5 fp=[2] true=[3] merged=[2, 3]
327.8 fp=[2] true=[3] merged=[2, 3]
328.1 fp=[2] true=[3] merged=[2, 3]
328.5 fp=[2] true=[3] merged=[2, 3]
328.8 fp=[2] true=[3] merged=[2, 3]
329.1 fp=[2] true=[3] merged=[2, 3]
329.4 fp=[2] true=[3] merged=[2, 3]
329.7 fp=[2] true=[3] merged=[2, 3]
330.0 fp=[2] true=[3] merged=[2, 3]
330.3 fp=[2] true=[3] merged=[2, 3]
330.7 fp=[2] true=[3] merged=[2, 3]
331.0 fp=[2] true=[3] merged=[2, 3]
331.3 fp=[2] true=[3] merged=[2, 3]
331.6 fp=[2] true=[3] merged=[2, 3]
331.9 fp=[2] true=[3] merged=[2, 3]
332.2 fp=[2] true=[3] merged=[2, 3]
332.5 fp=[2] true=[3] merged=[2, 3]
332.9 fp=[2] true=[3] merged=[2, 3]
333.2 fp=[2] true=[3] merged=[2, 3]
333.5 fp=[2] true=[3] merged=[2, 3]
333.8 fp=[2] true=[3] merged=[2, 3]
334.1 fp=[2] true=[3] merged=[2, 3]
334.4 fp=[2] true=[3] merged=[2, 3]
334.7 fp=[2] true=[3] merged=[2, 3]
335.1 fp=[1] true=[3] merged=[1, 3]
335.4 fp=[1] true=[3] merged=[1, 3]
335.7 fp=[1] true=[3] merged=[1, 3]
336.0 fp=[1] true=[3] merged=[1, 3]
336.3 fp=[1] true=[3] merged=[1, 3]
336.7 fp=[1] true=[3] merged=[1, 3]
337.0 fp=[1] true=[3] merged=[1, 3]
337.3 fp=[1] true=[3] merged=[1, 3]
337.7 fp=[1] true=[3] merged=[1, 3]
338.0 fp=[1] true=[3] merged=[1, 3]
338.4 fp=[1] true=[3] merged=[1, 3]
338.7 fp=[1] true=[3] merged=[1, 3]
339.0 fp=[1] true=[3] merged=[1, 3]
339.3 fp=[1] true=[3] merged=[1, 3]
339.6 fp=[1] true=[3] merged=[1, 3]
340.0 fp=[1] true=[3] merged=[1, 3]
340.3 fp=[1] true=[3] merged=[1, 3]
340.6 fp=[1] true=[3] merged=[1, 3]
340.9 fp=[1] true=[3] merged=[1, 3]
341.2 fp=[1] true=[3] merged=[1, 3]
341.5 fp=[1] true=[3] merged=[1, 3]
341.9 fp=[1] true=[3] merged=[1, 3]
342.2 fp=[1] true=[3] merged=[1, 3]
342.5 fp=[1] true=[3] merged=[1, 3]
342.8 fp=[1] true=[3] merged=[1, 3]
343.1 fp=[1] true=[3] merged=[1, 3]
343.5 fp=[1] true=[3] merged=[1, 3]
343.8 fp=[1] true=[3] merged=[1, 3]
344.1 fp=[1] true=[3] merged=[1, 3]
344.4 fp=[1] true=[3] merged=[1, 3]
344.7 fp=[1] true=[3] merged=[1, 3]
345.0 fp=[1] true=[3] merged=[1, 3]
345.3 fp=[1] true=[3] merged=[1, 3]
345.6 fp=[1] true=[3] merged=[1, 3]
346.0 fp=[1] true=[3] merged=[1, 3]
346.3 fp=[1] true=[3] merged=[1, 3]
346.6 fp=[1] true=[3] merged=[1, 3]
346.9 fp=[1] true=[3] merged=[1, 3]
347.2 fp=[1] true=[3] merged=[1, 3]
347.5 fp=[1] true=[3] merged=[1, 3]
347.8 fp=[1] true=[3] merged=[1, 3]
348.2 fp=[1] true=[3] merged=[1, 3]
348.5 fp=[1] true=[3] merged=[1, 3]
348.8 fp=[1] true=[3] merged=[1, 3]
349.1 fp=[1] true=[3] merged=[1, 3]
349.4 fp=[1] true=[3] merged=[1, 3]
349.7 fp=[1] true=[3] merged=[1, 3]
350.0 fp=[1] true=[3] merged=[1, 3]
350.4 fp=[1] true=[3] merged=[1, 3]
350.7 fp=[1] true=[3] merged=[1, 3]
351.0 fp=[1] true=[3] merged=[1, 3]
351.3 fp=[1] true=[3] merged=[1, 3]
351.6 fp=[1] true=[3] merged=[1, 3]
351.9 fp=[1] true=[3] merged=[1, 3]
352.2 fp=[1] true=[3] merged=[1, 3]
352.6 fp=[1] true=[3] merged=[1, 3]
352.9 fp=[1] true=[3] merged=[1, 3]
353.2 fp=[1] true=[3] merged=[1, 3]
353.5 fp=[1] true=[3] merged=[1, 3]
353.8 fp=[1] true=[3] merged=[1, 3]
354.1 fp=[1] true=[3] merged=[1, 3]
354.5 fp=[1] true=[3] merged=[1, 3]
354.8 fp=[1] true=[3] merged=[1, 3]
355.1 fp=[1] true=[3] merged=[1, 3]
355.4 fp=[1] true=[3] merged=[1, 3]
355.7 fp=[1] true=[3] merged=[1, 3]
356.0 fp=[1] true=[3] merged=[1, 3]
356.3 fp=[1] true=[3] merged=[1, 3]
356.6 fp=[1] true=[3] merged=[1, 3]
357.0 fp=[1] true=[3] merged=[1, 3]
357.3 fp=[1] true=[3] merged=[1, 3]
357.6 fp=[1] true=[3] merged=[1, 3]
357.9 fp=[1] true=[3] merged=[1, 3]
358.3 fp=[1] true=[3] merged=[1, 3]
358.6 fp=[1] true=[3] merged=[1, 3]
358.9 fp=[1] true=[3] merged=[1, 3]
359.2 fp=[1] true=[3] merged=[1, 3]
359.5 fp=[1] true=[3] merged=[1, 3]
359.8 fp=[1] true=[3] merged=[1, 3]
360.1 fp=[1] true=[3] merged=[1, 3]
360.5 fp=[1] true=[3] merged=[1, 3]
360.8 fp=[1] true=[3] merged=[1, 3]
361.1 fp=[1] true=[3] merged=[1, 3]
361.4 fp=[1] true=[3] merged=[1, 3]
361.7 fp=[1] true=[3] merged=[1, 3]
362.0 fp=[1] true=[3] merged=[1, 3]
362.3 fp=[1] true=[3] merged=[1, 3]
362.7 fp=[1] true=[3] merged=[1, 3]
363.0 fp=[1] true=[3] merged=[1, 3]
363.3 fp=[1] true=[3] merged=[1, 3]
363.6 fp=[1] true=[3] merged=[1, 3]
363.9 fp=[1] true=[3] merged=[1, 3]
364.2 fp=[1] true=[3] merged=[1, 3]
364.5 fp=[1] true=[3] merged=[1, 3]
364.9 fp=[1] true=[3] merged=[1, 3]
365.2 fp=[1] true=[3] merged=[1, 3]
365.5 fp=[1] true=[3] merged=[1, 3]
365.8 fp=[1] true=[3] merged=[1, 3]
366.1 fp=[1] true=[3] merged=[1, 3]
366.4 fp=[1] true=[3] merged=[1, 3]
366.8 fp=[1] true=[3] merged=[1, 3]
367.1 fp=[1] true=[3] merged=[1, 3]
367.4 fp=[1] true=[3] merged=[1, 3]
367.7 fp=[1] true=[3] merged=[1, 3]
368.0 fp=[1] true=[3] merged=[1, 3]
368.3 fp=[1] true=[3] merged=[1, 3]
368.6 fp=[1] true=[3] merged=[1, 3]
368.9 fp=[1] true=[3] merged=[1, 3]
369.3 fp=[1] true=[3] merged=[1, 3]
369.6 fp=[1] true=[3] merged=[1, 3]
369.9 fp=[1] true=[3] merged=[1, 3]
370.2 fp=[1] true=[3] merged=[1, 3]
370.5 fp=[1] true=[3] merged=[1, 3]
370.8 fp=[1] true=[3] merged=[1, 3]
371.1 fp=[1] true=[3] merged=[1, 3]
371.4 fp=[1] true=[3] merged=[1, 3]
371.8 fp=[1] true=[3] merged=[1, 3]
372.1 fp=[1] true=[3] merged=[1, 3]
372.4 fp=[1] true=[3] merged=[1, 3]
372.7 fp=[1] true=[3] merged=[1, 3]
373.0 fp=[1] true=[3] merged=[1, 3]
373.3 fp=[1] true=[3] merged=[1, 3]
373.6 fp=[1] true=[3] merged=[1, 3]
374.0 fp=[1] true=[3] merged=[1, 3]
374.3 fp=[1] true=[3] merged=[1, 3]
374.6 fp=[1] true=[3] merged=[1, 3]
374.9 fp=[1] true=[3] merged=[1, 3]
375.2 fp=[1] true=[3] merged=[1, 3]
375.5 fp=[1] true=[3] merged=[1, 3]
375.8 fp=[1] true=[3] merged=[1, 3]
376.2 fp=[1] true=[3] merged=[1, 3]
376.5 fp=[1] true=[3] merged=[1, 3]
376.8 fp=[1] true=[3] merged=[1, 3]
377.1 fp=[1] true=[3] merged=[1, 3]
377.4 fp=[1] true=[3] merged=[1, 3]
377.7 fp=[1] true=[3] merged=[1, 3]
378.0 fp=[1] true=[3] merged=[1, 3]
378.3 fp=[1] true=[3] merged=[1, 3]
378.7 fp=[1] true=[3] merged=[1, 3]
379.0 fp=[1] true=[3] merged=[1, 3]
379.3 fp=[1] true=[3] merged=[1, 3]
379.6 fp=[1] true=[3] merged=[1, 3]
379.9 fp=[1] true=[3] merged=[1, 3]
380.2 fp=[1] true=[3] merged=[1, 3]
380.5 fp=[1] true=[3] merged=[1, 3]
380.9 fp=[1] true=[3] merged=[1, 3]
381.2 fp=[1] true=[3] merged=[1, 3]
381.5 fp=[1] true=[3] merged=[1, 3]
381.8 fp=[1] true=[3] merged=[1, 3]
382.1 fp=[1] true=[3] merged=[1, 3]
382.5 fp=[1] true=[3] merged=[1, 3]
382.8 fp=[1] true=[3] merged=[1, 3]
383.1 fp=[1] true=[3] merged=[1, 3]
383.4 fp=[1] true=[3] merged=[1, 3]
383.7 fp=[1] true=[3] merged=[1, 3]
384.0 fp=[1] true=[3] merged=[1, 3]
384.4 fp=[1] true=[3] merged=[1, 3]
384.7 fp=[1] true=[3] merged=[1, 3]
385.0 fp=[1] true=[3] merged=[1, 3]
385.3 fp=[1] true=[3] merged=[1, 3]
385.6 fp=[1] true=[3] merged=[1, 3]
385.9 fp=[1] true=[3] merged=[1, 3]
386.2 fp=[1] true=[3] merged=[1, 3]
386.5 fp=[1] true=[3] merged=[1, 3]
386.9 fp=[1] true=[3] merged=[1, 3]
387.2 fp=[1] true=[3] merged=[1, 3]
387.5 fp=[1] true=[3] merged=[1, 3]
