# start rate=10 seed=2 dur=420 n=7 target=3 events=48
25.1 fp=[7] true=[3] merged=[3, 7]
25.4 fp=[7] true=[3] merged=[3, 7]
25.7 fp=[7] true=[3] merged=[3, 7]
26.0 fp=[7] true=[3] merged=[3, 7]
26.3 fp=[7] true=[3] merged=[3, 7]
26.6 fp=[7] true=[3] merged=[3, 7]
26.9 fp=[7] true=[3] merged=[3, 7]
27.2 fp=[7] true=[3] merged=[3, 7]
27.5 fp=[7] true=[3] merged=[3, 7]
27.9 fp=[7] true=[3] merged=[3, 7]
28.2 fp=[7] true=[3] merged=[3, 7]
28.5 fp=[7] true=[3] merged=[3, 7]
28.8 fp=[7] true=[3] merged=[3, 7]
29.1 fp=[7] true=[3] merged=[3, 7]
29.4 fp=[7] true=[3] merged=[3, 7]
29.7 fp=[7] true=[3] merged=[3, 7]
30.0 fp=[7] true=[3] merged=[3, 7]
30.3 fp=[7] true=[3] merged=[3, 7]
30.7 fp=[7] true=[3] merged=[3, 7]
31.0 fp=[7] true=[3] merged=[3, 7]
31.3 fp=[7] true=[3] merged=[3, 7]
31.6 fp=[7] true=[3] merged=[3, 7]
31.9 fp=[7] true=[3] merged=[3, 7]
32.2 fp=[7] true=[3] merged=[3, 7]
32.5 fp=[7] true=[3] merged=[3, 7]
32.9 fp=[7] true=[3] merged=[3, 7]
33.2 fp=[7] true=[3] merged=[3, 7]
33.5 fp=[7] true=[3] merged=[3, 7]
33.8 fp=[7] true=[3] merged=[3, 7]
34.1 fp=[7] true=[3] merged=[3, 7]
34.4 fp=[7] true=[3] merged=[3, 7]
34.7 fp=[7] true=[3] merged=[3, 7]
35.1 fp=[2] true=[3] merged=[2, 3]
35.4 fp=[2] true=[3] merged=[2, 3]
35.7 fp=[2] true=[3] merged=[2, 3]
36.0 fp=[2] true=[3] merged=[2, 3]
36.3 fp=[2] true=[3] merged=[2, 3]
36.6 fp=[2] true=[3] merged=[2, 3]
36.9 fp=[2] true=[3] merged=[2, 3]
37.2 fp=[2] true=[3] merged=[2, 3]
37.5 fp=[2] true=[3] merged=[2, 3]
37.8 fp=[2] true=[3] merged=[2, 3]
38.2 fp=[1] true=[3] merged=[1, 3]
38.5 fp=[1] true=[3] merged=[1, 3]
38.8 fp=[1] true=[3] merged=[1, 3]
39.1 fp=[1] true=[3] merged=[1, 3]
39.4 fp=[1] true=[3] merged=[1, 3]
39.8 fp=[1] true=[3] merged=[1, 3]
40.1 fp=[1] true=[3] merged=[1, 3]
40.4 fp=[1] true=[3] merged=[1, 3]
40.7 fp=[1] true=[3] merged=[1, 3]
41.0 fp=[1] true=[3] merged=[1, 3]
41.4 fp=[1] true=[3] merged=[1, 3]
41.7 fp=[1] true=[3] merged=[1, 3]
42.0 fp=[1] true=[3] merged=[1, 3]
42.4 fp=[1] true=[3] merged=[1, 3]
42.7 fp=[1] true=[3] merged=[1, 3]
43.0 fp=[1] true=[3] merged=[1, 3]
43.3 fp=[1] true=[3] merged=[1, 3]
43.6 fp=[1] true=[3] merged=[1, 3]
43.9 fp=[1] true=[3] merged=[1, 3]
44.3 fp=[1] true=[3] merged=[1, 3]
44.6 fp=[1] true=[3] merged=[1, 3]
44.9 fp=[1] true=[3] merged=[1, 3]
45.2 fp=[1] true=[3] merged=[1, 3]
45.5 fp=[1] true=[3] merged=[1, 3]
45.8 fp=[1] true=[3] merged=[1, 3]
46.1 fp=[1] true=[3] merged=[1, 3]
46.5 fp=[1] true=[3] merged=[1, 3]
46.8 fp=[1] true=[3] merged=[1, 3]
47.1 fp=[1] true=[3] merged=[1, 3]
47.4 fp=[1] true=[3] merged=[1, 3]
47.7 fp=[1] true=[3] merged=[1, 3]
48.0 fp=[1] true=[3] merged=[1, 3]
48.3 fp=[1] true=[3] merged=[1, 3]
48.6 fp=[1] true=[3] merged=[1, 3]
48.9 fp=[1] true=[3] merged=[1, 3]
49.2 fp=[1] true=[3] merged=[1, 3]
49.6 fp=[1] true=[3] merged=[1, 3]
49.9 fp=[1] true=[3] merged=[1, 3]
50.2 fp=[1] true=[3] merged=[1, 3]
50.5 fp=[1] true=[3] merged=[1, 3]
50.8 fp=[1] true=[3] merged=[1, 3]
51.1 fp=[1] true=[3] merged=[1, 3]
51.5 fp=[1] true=[3] merged=[1, 3]
51.8 fp=[1] true=[3] merged=[1, 3]
52.1 fp=[1] true=[3] merged=[1, 3]
52.4 fp=[1] true=[3] merged=[1, 3]
52.7 fp=[1] true=[3] merged=[1, 3]
53.0 fp=[1] true=[3] merged=[1, 3]
53.3 fp=[1] true=[3] merged=[1, 3]
53.6 fp=[1] true=[3] merged=[1, 3]
53.9 fp=[1] true=[3] merged=[1, 3]
54.3 fp=[1] true=[3] merged=[1, 3]
54.6 fp=[1] true=[3] merged=[1, 3]
54.9 fp=[1] true=[3] merged=[1, 3]
55.2 fp=[1] true=[3] merged=[1, 3]
55.5 fp=[1] true=[3] merged=[1, 3]
55.8 fp=[1] true=[3] merged=[1, 3]
56.1 fp=[1] true=[3] merged=[1, 3]
56.4 fp=[1] true=[3] merged=[1, 3]
56.8 fp=[1] true=[3] merged=[1, 3]
57.1 fp=[1] true=[3] merged=[1, 3]
57.4 fp=[1] true=[3] merged=[1, 3]
57.7 fp=[1] true=[3] merged=[1, 3]
58.0 fp=[5] true=[3] merged=[3, 5]
58.3 fp=[5] true=[3] merged=[3, 5]
58.7 fp=[5] true=[3] merged=[3, 5]
59.0 fp=[5] true=[3] merged=[3, 5]
59.3 fp=[5] true=[3] merged=[3, 5]
59.6 fp=[5] true=[3] merged=[3, 5]
59.9 fp=[5] true=[3] merged=[3, 5]
60.2 fp=[5] true=[3] merged=[3, 5]
60.5 fp=[5] true=[3] merged=[3, 5]
60.8 fp=[5] true=[3] merged=[3, 5]
61.1 fp=[5] true=[3] merged=[3, 5]
61.4 fp=[5] true=[3] merged=[3, 5]
61.8 fp=[5] true=[3] merged=[3, 5]
62.1 fp=[5] true=[3] merged=[3, 5]
62.4 fp=[5] true=[3] merged=[3, 5]
62.7 fp=[5] true=[3] merged=[3, 5]
63.0 fp=[5] true=[3] merged=[3, 5]
63.3 fp=[5] true=[3] merged=[3, 5]
63.7 fp=[5] true=[3] merged=[3, 5]
64.0 fp=[5] true=[3] merged=[3, 5]
64.3 fp=[5] true=[3] merged=[3, 5]
64.6 fp=[5] true=[3] merged=[3, 5]
64.9 fp=[5] true=[3] merged=[3, 5]
65.2 fp=[5] true=[3] merged=[3, 5]
65.5 fp=[5] true=[3] merged=[3, 5]
65.8 fp=[5] true=[3] merged=[3, 5]
66.2 fp=[5] true=[3] merged=[3, 5]
66.5 fp=[5] true=[3] merged=[3, 5]
66.8 fp=[5] true=[3] merged=[3, 5]
67.1 fp=[5] true=[3] merged=[3, 5]
67.4 fp=[5] true=[3] merged=[3, 5]
67.7 fp=[5] true=[3] merged=[3, 5]
68.0 fp=[5] true=[3] merged=[3, 5]
68.3 fp=[5] true=[3] merged=[3, 5]
68.7 fp=[5] true=[3] merged=[3, 5]
69.0 fp=[5] true=[3] merged=[3, 5]
69.3 fp=[5] true=[3] merged=[3, 5]
69.6 fp=[5] true=[3] merged=[3, 5]
69.9 fp=[5] true=[3] merged=[3, 5]
70.2 fp=[5] true=[3] merged=[3, 5]
70.5 fp=[5] true=[3] merged=[3, 5]
70.9 fp=[5] true=[3] merged=[3, 5]
71.2 fp=[5] true=[3] merged=[3, 5]
71.5 fp=[5] true=[3] merged=[3, 5]
71.8 fp=[5] true=[3] merged=[3, 5]
72.1 fp=[5] true=[3] merged=[3, 5]
72.4 fp=[5] true=[3] merged=[3, 5]
72.7 fp=[5] true=[3] merged=[3, 5]
79.3 fp=[6] true=[3] merged=[3, 6]
79.6 fp=[6] true=[3] merged=[3, 6]
79.9 fp=[6] true=[3] merged=[3, 6]
80.2 fp=[6] true=[3] merged=[3, 6]
80.5 fp=[6] true=[3] merged=[3, 6]
80.9 fp=[6] true=[3] merged=[3, 6]
81.2 fp=[6] true=[3] merged=[3, 6]
81.5 fp=[6] true=[3] merged=[3, 6]
81.8 fp=[6] true=[3] merged=[3, 6]
82.1 fp=[6] true=[3] merged=[3, 6]
82.4 fp=[6] true=[3] merged=[3, 6]
82.7 fp=[6] true=[3] merged=[3, 6]
83.0 fp=[6] true=[3] merged=[3, 6]
83.3 fp=[6] true=[3] merged=[3, 6]
83.6 fp=[6] true=[3] merged=[3, 6]
84.0 fp=[6] true=[3] merged=[3, 6]
84.3 fp=[6] true=[3] merged=[3, 6]
84.6 fp=[6] true=[3] merged=[3, 6]
84.9 fp=[6] true=[3] merged=[3, 6]
85.2 fp=[6] true=[3] merged=[3, 6]
85.5 fp=[6] true=[3] merged=[3, 6]
85.8 fp=[6] true=[3] merged=[3, 6]
86.1 fp=[6] true=[3] merged=[3, 6]
86.4 fp=[6] true=[3] merged=[3, 6]
86.8 fp=[6] true=[3] merged=[3, 6]
87.1 fp=[2] true=[3] merged=[2, 3]
87.4 fp=[2] true=[3] merged=[2, 3]
87.7 fp=[2] true=[3] merged=[2, 3]
88.0 fp=[2] true=[3] merged=[2, 3]
88.3 fp=[2] true=[3] merged=[2, 3]
88.7 fp=[2] true=[3] merged=[2, 3]
89.0 fp=[2] true=[3] merged=[2, 3]
89.3 fp=[2] true=[3] merged=[2, 3]
89.6 fp=[2] true=[3] merged=[2, 3]
89.9 fp=[2] true=[3] merged=[2, 3]
90.2 fp=[2] true=[3] merged=[2, 3]
90.5 fp=[2] true=[3] merged=[2, 3]
90.9 fp=[2] true=[3] merged=[2, 3]
91.2 fp=[2] true=[3] merged=[2, 3]
91.5 fp=[2] true=[3] merged=[2, 3]
91.8 fp=[2] true=[3] merged=[2, 3]
92.1 fp=[2] true=[3] merged=[2, 3]
92.5 fp=[2] true=[3] merged=[2, 3]
92.8 fp=[2] true=[3] merged=[2, 3]
93.1 fp=[2] true=[3] merged=[2, 3]
93.4 fp=[2] true=[3] merged=[2, 3]
93.7 fp=[2] true=[3] merged=[2, 3]
94.0 fp=[2] true=[3] merged=[2, 3]
94.3 fp=[2] true=[3] merged=[2, 3]
94.6 fp=[2] true=[3] merged=[2, 3]
95.0 fp=[2] true=[3] merged=[2, 3]
95.3 fp=[2] true=[3] merged=[2, 3]
95.6 fp=[2] true=[3] merged=[2, 3]
95.9 fp=[2] true=[3] merged=[2, 3]
96.2 fp=[2] true=[3] merged=[2, 3]
96.5 fp=[2] true=[3] merged=[2, 3]
96.8 fp=[2] true=[3] merged=[2, 3]
97.2 fp=[2] true=[3] merged=[2, 3]
97.5 fp=[2] true=[3] merged=[2, 3]
97.8 fp=[2] true=[3] merged=[2, 3]
98.1 fp=[2] true=[3] merged=[2, 3]
98.4 fp=[2] true=[3] merged=[2, 3]
98.7 fp=[2] true=[3] merged=[2, 3]
99.0 fp=[2] true=[3] merged=[2, 3]
99.3 fp=[2] true=[3] merged=[2, 3]
99.7 fp=[2] true=[3] merged=[2, 3]
100.0 fp=[2] true=[3] merged=[2, 3]
100.3 fp=[2] true=[3] merged=[2, 3]
100.6 fp=[2] true=[3] merged=[2, 3]
101.0 fp=[2] true=[3] merged=[2, 3]
101.3 fp=[2] true=[3] merged=[2, 3]
101.6 fp=[2] true=[3] merged=[2, 3]
101.9 fp=[2] true=[3] merged=[2, 3]
102.2 fp=[2] true=[3] merged=[2, 3]
102.5 fp=[2] true=[3] merged=[2, 3]
102.8 fp=[2] true=[3] merged=[2, 3]
103.2 fp=[2] true=[3] merged=[2, 3]
103.5 fp=[2] true=[3] merged=[2, 3]
103.8 fp=[2] true=[3] merged=[2, 3]
104.1 fp=[2] true=[3] merged=[2, 3]
104.4 fp=[2] true=[3] merged=[2, 3]
104.7 fp=[2] true=[3] merged=[2, 3]
105.1 fp=[2] true=[3] merged=[2, 3]
105.4 fp=[2] true=[3] merged=[2, 3]
105.7 fp=[2] true=[3] merged=[2, 3]
106.0 fp=[2] true=[3] merged=[2, 3]
106.3 fp=[2] true=[3] merged=[2, 3]
106.6 fp=[2] true=[3] merged=[2, 3]
106.9 fp=[2] true=[3] merged=[2, 3]
107.2 fp=[2] true=[3] merged=[2, 3]
107.6 fp=[2] true=[3] merged=[2, 3]
107.9 fp=[2] true=[3] merged=[2, 3]
108.2 fp=[2] true=[3] merged=[2, 3]
108.5 fp=[2] true=[3] merged=[2, 3]
108.8 fp=[2] true=[3] merged=[2, 3]
109.2 fp=[6] true=[3] merged=[3, 6]
109.5 fp=[6] true=[3] merged=[3, 6]
109.8 fp=[6] true=[3] merged=[3, 6]
110.1 fp=[6] true=[3] merged=[3, 6]
110.4 fp=[6] true=[3] merged=[3, 6]
110.7 fp=[6] true=[3] merged=[3, 6]
111.0 fp=[6] true=[3] merged=[3, 6]
111.3 fp=[6] true=[3] merged=[3, 6]
111.7 fp=[6] true=[3] merged=[3, 6]
112.0 fp=[6] true=[3] merged=[3, 6]
112.3 fp=[6] true=[3] merged=[3, 6]
112.6 fp=[6] true=[3] merged=[3, 6]
112.9 fp=[6] true=[3] merged=[3, 6]
113.2 fp=[6] true=[3] merged=[3, 6]
113.6 fp=[6] true=[3] merged=[3, 6]
113.9 fp=[6] true=[3] merged=[3, 6]
114.2 fp=[6] true=[3] merged=[3, 6]
114.5 fp=[6] true=[3] merged=[3, 6]
114.8 fp=[6] true=[3] merged=[3, 6]
115.2 fp=[6] true=[3] merged=[3, 6]
115.5 fp=[6] true=[3] merged=[3, 6]
115.8 fp=[6] true=[3] merged=[3, 6]
116.1 fp=[7] true=[3] merged=[3, 7]
116.4 fp=[7] true=[3] merged=[3, 7]
116.7 fp=[7] true=[3] merged=[3, 7]
117.0 fp=[7] true=[3] merged=[3, 7]
117.4 fp=[7] true=[3] merged=[3, 7]
117.7 fp=[7] true=[3] merged=[3, 7]
118.0 fp=[7] true=[3] merged=[3, 7]
121.1 fp=[6] true=[3] merged=[3, 6]
121.4 fp=[6] true=[3] merged=[3, 6]
121.7 fp=[6] true=[3] merged=[3, 6]
122.1 fp=[6] true=[3] merged=[3, 6]
122.4 fp=[6] true=[3] merged=[3, 6]
122.7 fp=[6] true=[3] merged=[3, 6]
123.0 fp=[6] true=[3] merged=[3, 6]
123.3 fp=[2] true=[3] merged=[2, 3]
123.6 fp=[2] true=[3] merged=[2, 3]
124.0 fp=[2] true=[3] merged=[2, 3]
124.3 fp=[2] true=[3] merged=[2, 3]
124.6 fp=[2] true=[3] merged=[2, 3]
124.9 fp=[2] true=[3] merged=[2, 3]
125.2 fp=[2] true=[3] merged=[2, 3]
125.5 fp=[2] true=[3] merged=[2, 3]
125.8 fp=[2] true=[3] merged=[2, 3]
126.1 fp=[2] true=[3] merged=[2, 3]
126.5 fp=[2] true=[3] merged=[2, 3]
126.8 fp=[2] true=[3] merged=[2, 3]
127.1 fp=[2] true=[3] merged=[2, 3]
127.4 fp=[2] true=[3] merged=[2, 3]
127.7 fp=[2] true=[3] merged=[2, 3]
128.0 fp=[2] true=[3] merged=[2, 3]
128.4 fp=[2] true=[3] merged=[2, 3]
128.7 fp=[2] true=[3] merged=[2, 3]
129.0 fp=[2] true=[3] merged=[2, 3]
129.3 fp=[2] true=[3] merged=[2, 3]
129.6 fp=[2] true=[3] merged=[2, 3]
130.0 fp=[2] true=[3] merged=[2, 3]
130.3 fp=[2] true=[3] merged=[2, 3]
130.6 fp=[2] true=[3] merged=[2, 3]
130.9 fp=[2] true=[3] merged=[2, 3]
131.2 fp=[2] true=[3] merged=[2, 3]
131.5 fp=[2] true=[3] merged=[2, 3]
131.8 fp=[2] true=[3] merged=[2, 3]
132.1 fp=[2] true=[3] merged=[2, 3]
132.5 fp=[2] true=[3] merged=[2, 3]
132.8 fp=[2] true=[3] merged=[2, 3]
133.1 fp=[2] true=[3] merged=[2, 3]
133.4 fp=[2] true=[3] merged=[2, 3]
133.7 fp=[2] true=[3] merged=[2, 3]
134.0 fp=[2] true=[3] merged=[2, 3]
134.4 fp=[2] true=[3] merged=[2, 3]
134.7 fp=[2] true=[3] merged=[2, 3]
135.0 fp=[2] true=[3] merged=[2, 3]
135.3 fp=[2] true=[3] merged=[2, 3]
135.6 fp=[2] true=[3] merged=[2, 3]
135.9 fp=[2] true=[3] merged=[2, 3]
136.2 fp=[2] true=[3] merged=[2, 3]
136.6 fp=[2] true=[3] merged=[2, 3]
136.9 fp=[2] true=[3] merged=[2, 3]
137.2 fp=[2] true=[3] merged=[2, 3]
137.5 fp=[2] true=[3] merged=[2, 3]
137.8 fp=[2] true=[3] merged=[2, 3]
138.1 fp=[2] true=[3] merged=[2, 3]
138.4 fp=[2] true=[3] merged=[2, 3]
138.7 fp=[2] true=[3] merged=[2, 3]
139.0 fp=[2] true=[3] merged=[2, 3]
139.4 fp=[2] true=[3] merged=[2, 3]
139.7 fp=[2] true=[3] merged=[2, 3]
140.0 fp=[2] true=[3] merged=[2, 3]
140.3 fp=[2] true=[3] merged=[2, 3]
140.6 fp=[2] true=[3] merged=[2, 3]
140.9 fp=[2] true=[3] merged=[2, 3]
141.3 fp=[2] true=[3] merged=[2, 3]
141.6 fp=[2] true=[3] merged=[2, 3]
141.9 fp=[2] true=[3] merged=[2, 3]
142.2 fp=[2] true=[3] merged=[2, 3]
142.5 fp=[2] true=[3] merged=[2, 3]
142.8 fp=[2] true=[3] merged=[2, 3]
156.3 fp=[5] true=[3] merged=[3, 5]
156.6 fp=[5] true=[3] merged=[3, 5]
156.9 fp=[5] true=[3] merged=[3, 5]
157.2 fp=[5] true=[3] merged=[3, 5]
157.5 fp=[5] true=[3] merged=[3, 5]
157.8 fp=[5] true=[3] merged=[3, 5]
158.2 fp=[5] true=[3] merged=[3, 5]
158.5 fp=[5] true=[3] merged=[3, 5]
158.8 fp=[5] true=[3] merged=[3, 5]
159.1 fp=[5] true=[3] merged=[3, 5]
159.4 fp=[5] true=[3] merged=[3, 5]
159.7 fp=[5] true=[3] merged=[3, 5]
160.0 fp=[2] true=[3] merged=[2, 3]
160.4 fp=[2] true=[3] merged=[2, 3]
160.7 fp=[2] true=[3] merged=[2, 3]
161.0 fp=[2] true=[3] merged=[2, 3]
161.3 fp=[2] true=[3] merged=[2, 3]
161.6 fp=[2] true=[3] merged=[2, 3]
162.0 fp=[2] true=[3] merged=[2, 3]
162.3 fp=[2] true=[3] merged=[2, 3]
162.6 fp=[2] true=[3] merged=[2, 3]
162.9 fp=[2] true=[3] merged=[2, 3]
163.2 fp=[2] true=[3] merged=[2, 3]
163.5 fp=[2] true=[3] merged=[2, 3]
163.8 fp=[2] true=[3] merged=[2, 3]
164.2 fp=[2] true=[3] merged=[2, 3]
164.5 fp=[2] true=[3] merged=[2, 3]
164.8 fp=[2] true=[3] merged=[2, 3]
165.1 fp=[2] true=[3] merged=[2, 3]
165.4 fp=[2] true=[3] merged=[2, 3]
165.7 fp=[2] true=[3] merged=[2, 3]
166.1 fp=[2] true=[3] merged=[2, 3]
166.4 fp=[2] true=[3] merged=[2, 3]
166.7 fp=[2] true=[3] merged=[2, 3]
167.0 fp=[2] true=[3] merged=[2, 3]
167.3 fp=[2] true=[3] merged=[2, 3]
167.6 fp=[2] true=[3] merged=[2, 3]
168.0 fp=[2] true=[3] merged=[2, 3]
168.3 fp=[2] true=[3] merged=[2, 3]
168.6 fp=[2] true=[3] merged=[2, 3]
168.9 fp=[2] true=[3] merged=[2, 3]
169.2 fp=[2] true=[3] merged=[2, 3]
169.6 fp=[2] true=[3] merged=[2, 3]
169.9 fp=[2] true=[3] merged=[2, 3]
170.2 fp=[2] true=[3] merged=[2, 3]
170.5 fp=[2] true=[3] merged=[2, 3]
170.8 fp=[2] true=[3] merged=[2, 3]
171.1 fp=[2] true=[3] merged=[2, 3]
171.5 fp=[2] true=[3] merged=[2, 3]
171.8 fp=[2] true=[3] merged=[2, 3]
172.1 fp=[2] true=[3] merged=[2, 3]
172.4 fp=[2] true=[3] merged=[2, 3]
172.7 fp=[2] true=[3] merged=[2, 3]
173.0 fp=[2] true=[3] merged=[2, 3]
173.4 fp=[2] true=[3] merged=[2, 3]
173.7 fp=[2] true=[3] merged=[2, 3]
174.0 fp=[2] true=[3] merged=[2, 3]
174.3 fp=[2] true=[3] merged=[2, 3]
174.6 fp=[2] true=[3] merged=[2, 3]
174.9 fp=[2] true=[3] merged=[2, 3]
175.2 fp=[2] true=[3] merged=[2, 3]
175.6 fp=[2] true=[3] merged=[2, 3]
175.9 fp=[2] true=[3] merged=[2, 3]
176.2 fp=[2] true=[3] merged=[2, 3]
176.5 fp=[2] true=[3] merged=[2, 3]
176.8 fp=[2] true=[3] merged=[2, 3]
177.2 fp=[2] true=[3] merged=[2, 3]
177.5 fp=[2] true=[3] merged=[2, 3]
177.8 fp=[2] true=[3] merged=[2, 3]
178.1 fp=[2] true=[3] merged=[2, 3]
178.4 fp=[2] true=[3] merged=[2, 3]
178.7 fp=[2] true=[3] merged=[2, 3]
179.0 fp=[2] true=[3] merged=[2, 3]
179.3 fp=[2] true=[3] merged=[2, 3]
179.6 fp=[2] true=[3] merged=[2, 3]
180.0 fp=[2] true=[3] merged=[2, 3]
180.3 fp=[4] true=[3] merged=[3, 4]
180.6 fp=[4] true=[3] merged=[3, 4]
180.9 fp=[4] true=[3] merged=[3, 4]
181.2 fp=[4] true=[3] merged=[3, 4]
181.6 fp=[4] true=[3] merged=[3, 4]
181.9 fp=[4] true=[3] merged=[3, 4]
182.2 fp=[4] true=[3] merged=[3, 4]
182.5 fp=[4] true=[3] merged=[3, 4]
182.8 fp=[4] true=[3] merged=[3, 4]
183.1 fp=[4] true=[3] merged=[3, 4]
183.4 fp=[4] true=[3] merged=[3, 4]
183.7 fp=[4] true=[3] merged=[3, 4]
184.1 fp=[4] true=[3] merged=[3, 4]
184.4 fp=[4] true=[3] merged=[3, 4]
184.7 fp=[4] true=[3] merged=[3, 4]
185.0 fp=[4] true=[3] merged=[3, 4]
185.3 fp=[4] true=[3] merged=[3, 4]
185.6 fp=[4] true=[3] merged=[3, 4]
185.9 fp=[4] true=[3] merged=[3, 4]
186.2 fp=[4] true=[3] merged=[3, 4]
186.6 fp=[4] true=[3] merged=[3, 4]
186.9 fp=[4] true=[3] merged=[3, 4]
187.2 fp=[6] true=[3] merged=[3, 6]
187.5 fp=[6] true=[3] merged=[3, 6]
187.8 fp=[6] true=[3] merged=[3, 6]
188.1 fp=[6] true=[3] merged=[3, 6]
188.4 fp=[6] true=[3] merged=[3, 6]
188.7 fp=[6] true=[3] merged=[3, 6]
189.0 fp=[6] true=[3] merged=[3, 6]
189.3 fp=[6] true=[3] merged=[3, 6]
189.7 fp=[6] true=[3] merged=[3, 6]
190.0 fp=[6] true=[3] merged=[3, 6]
190.3 fp=[6] true=[3] merged=[3, 6]
190.6 fp=[6] true=[3] merged=[3, 6]
190.9 fp=[6] true=[3] merged=[3, 6]
191.2 fp=[6] true=[3] merged=[3, 6]
191.6 fp=[6] true=[3] merged=[3, 6]
191.9 fp=[6] true=[3] merged=[3, 6]
192.2 fp=[6] true=[3] merged=[3, 6]
192.5 fp=[6] true=[3] merged=[3, 6]
192.8 fp=[6] true=[3] merged=[3, 6]
193.1 fp=[6] true=[3] merged=[3, 6]
193.4 fp=[6] true=[3] merged=[3, 6]
193.8 fp=[6] true=[3] merged=[3, 6]
194.1 fp=[6] true=[3] merged=[3, 6]
194.4 fp=[6] true=[3] merged=[3, 6]
194.7 fp=[6] true=[3] merged=[3, 6]
195.0 fp=[6] true=[3] merged=[3, 6]
195.3 fp=[6] true=[3] merged=[3, 6]
195.6 fp=[6] true=[3] merged=[3, 6]
196.0 fp=[6] true=[3] merged=[3, 6]
198.2 fp=[1] true=[3] merged=[1, 3]
198.5 fp=[1] true=[3] merged=[1, 3]
198.8 fp=[1] true=[3] merged=[1, 3]
199.1 fp=[1] true=[3] merged=[1, 3]
199.4 fp=[1] true=[3] merged=[1, 3]
199.7 fp=[1] true=[3] merged=[1, 3]
200.0 fp=[1] true=[3] merged=[1, 3]
200.4 fp=[1] true=[3] merged=[1, 3]
200.7 fp=[1] true=[3] merged=[1, 3]
201.0 fp=[1] true=[3] merged=[1, 3]
201.4 fp=[1] true=[3] merged=[1, 3]
201.7 fp=[1] true=[3] merged=[1, 3]
202.0 fp=[1] true=[3] merged=[1, 3]
202.3 fp=[1] true=[3] merged=[1, 3]
202.6 fp=[1] true=[3] merged=[1, 3]
202.9 fp=[1] true=[3] merged=[1, 3]
203.2 fp=[1] true=[3] merged=[1, 3]
203.6 fp=[1] true=[3] merged=[1, 3]
203.9 fp=[1] true=[3] merged=[1, 3]
204.2 fp=[1] true=[3] merged=[1, 3]
204.5 fp=[1] true=[3] merged=[1, 3]
204.8 fp=[1] true=[3] merged=[1, 3]
205.1 fp=[1] true=[3] merged=[1, 3]
205.4 fp=[1] true=[3] merged=[1, 3]
205.8 fp=[1] true=[3] merged=[1, 3]
206.1 fp=[1] true=[3] merged=[1, 3]
206.4 fp=[1] true=[3] merged=[1, 3]
206.7 fp=[1] true=[3] merged=[1, 3]
207.0 fp=[1] true=[3] merged=[1, 3]
207.3 fp=[1] true=[3] merged=[1, 3]
207.6 fp=[1] true=[3] merged=[1, 3]
207.9 fp=[1] true=[3] merged=[1, 3]
208.3 fp=[1] true=[3] merged=[1, 3]
208.6 fp=[1] true=[3] merged=[1, 3]
208.9 fp=[1] true=[3] merged=[1, 3]
209.2 fp=[1] true=[3] merged=[1, 3]
209.5 fp=[1] true=[3] merged=[1, 3]
209.8 fp=[1] true=[3] merged=[1, 3]
210.1 fp=[1] true=[3] merged=[1, 3]
210.4 fp=[1] true=[3] merged=[1, 3]
210.8 fp=[1] true=[3] merged=[1, 3]
211.1 fp=[1] true=[3] merged=[1, 3]
211.4 fp=[1] true=[3] merged=[1, 3]
211.7 fp=[1] true=[3] merged=[1, 3]
212.0 fp=[1] true=[3] merged=[1, 3]
212.3 fp=[1] true=[3] merged=[1, 3]
212.7 fp=[1] true=[3] merged=[1, 3]
213.0 fp=[1] true=[3] merged=[1, 3]
213.3 fp=[1] true=[3] merged=[1, 3]
213.6 fp=[1] true=[3] merged=[1, 3]
213.9 fp=[1] true=[3] merged=[1, 3]
214.2 fp=[1] true=[3] merged=[1, 3]
214.5 fp=[1] true=[3] merged=[1, 3]
214.8 fp=[1] true=[3] merged=[1, 3]
215.2 fp=[1] true=[3] merged=[1, 3]
215.5 fp=[1] true=[3] merged=[1, 3]
215.8 fp=[1] true=[3] merged=[1, 3]
216.1 fp=[1] true=[3] merged=[1, 3]
216.4 fp=[1] true=[3] merged=[1, 3]
216.7 fp=[1] true=[3] merged=[1, 3]
217.0 fp=[1] true=[3] merged=[1, 3]
217.3 fp=[1] true=[3] merged=[1, 3]
217.7 fp=[1] true=[3] merged=[1, 3]
218.0 fp=[1] true=[3] merged=[1, 3]
218.3 fp=[5] true=[3] merged=[3, 5]
218.6 fp=[5] true=[3] merged=[3, 5]
218.9 fp=[5] true=[3] merged=[3, 5]
219.2 fp=[5] true=[3] merged=[3, 5]
219.5 fp=[5] true=[3] merged=[3, 5]
219.8 fp=[5] true=[3] merged=[3, 5]
220.1 fp=[5] true=[3] merged=[3, 5]
220.5 fp=[5] true=[3] merged=[3, 5]
220.8 fp=[5] true=[3] merged=[3, 5]
221.1 fp=[5] true=[3] merged=[3, 5]
221.4 fp=[5] true=[3] merged=[3, 5]
221.7 fp=[5] true=[3] merged=[3, 5]
222.0 fp=[5] true=[3] merged=[3, 5]
222.3 fp=[5] true=[3] merged=[3, 5]
222.6 fp=[5] true=[3] merged=[3, 5]
222.9 fp=[5] true=[3] merged=[3, 5]
223.3 fp=[5] true=[3] merged=[3, 5]
223.6 fp=[5] true=[3] merged=[3, 5]
223.9 fp=[5] true=[3] merged=[3, 5]
224.2 fp=[5] true=[3] merged=[3, 5]
224.5 fp=[5] true=[3] merged=[3, 5]
224.8 fp=[5] true=[3] merged=[3, 5]
225.2 fp=[5] true=[3] merged=[3, 5]
225.5 fp=[5] true=[3] merged=[3, 5]
225.8 fp=[5] true=[3] merged=[3, 5]
226.1 fp=[5] true=[3] merged=[3, 5]
226.4 fp=[5] true=[3] merged=[3, 5]
226.8 fp=[5] true=[3] merged=[3, 5]
227.1 fp=[5] true=[3] merged=[3, 5]
227.4 fp=[5] true=[3] merged=[3, 5]
227.7 fp=[5] true=[3] merged=[3, 5]
228.0 fp=[5] true=[3] merged=[3, 5]
228.3 fp=[5] true=[3] merged=[3, 5]
228.6 fp=[5] true=[3] merged=[3, 5]
229.0 fp=[5] true=[3] merged=[3, 5]
229.3 fp=[6] true=[3] merged=[3, 6]
229.6 fp=[6] true=[3] merged=[3, 6]
229.9 fp=[6] true=[3] merged=[3, 6]
230.2 fp=[6] true=[3] merged=[3, 6]
230.5 fp=[6] true=[3] merged=[3, 6]
230.9 fp=[6] true=[3] merged=[3, 6]
231.2 fp=[1] true=[3] merged=[1, 3]
231.5 fp=[1] true=[3] merged=[1, 3]
231.8 fp=[1] true=[3] merged=[1, 3]
232.1 fp=[1] true=[3] merged=[1, 3]
232.4 fp=[1] true=[3] merged=[1, 3]
232.7 fp=[1] true=[3] merged=[1, 3]
233.0 fp=[1] true=[3] merged=[1, 3]
233.4 fp=[1] true=[3] merged=[1, 3]
233.7 fp=[1] true=[3] merged=[1, 3]
234.0 fp=[1] true=[3] merged=[1, 3]
234.3 fp=[1] true=[3] merged=[1, 3]
234.7 fp=[1] true=[3] merged=[1, 3]
235.0 fp=[1] true=[3] merged=[1, 3]
235.3 fp=[1] true=[3] merged=[1, 3]
235.6 fp=[1] true=[3] merged=[1, 3]
235.9 fp=[1] true=[3] merged=[1, 3]
236.2 fp=[1] true=[3] merged=[1, 3]
236.5 fp=[1] true=[3] merged=[1, 3]
236.8 fp=[1] true=[3] merged=[1, 3]
237.1 fp=[1] true=[3] merged=[1, 3]
237.4 fp=[1] true=[3] merged=[1, 3]
237.7 fp=[1] true=[3] merged=[1, 3]
238.1 fp=[1] true=[3] merged=[1, 3]
238.4 fp=[1] true=[3] merged=[1, 3]
238.7 fp=[1] true=[3] merged=[1, 3]
239.0 fp=[1] true=[3] merged=[1, 3]
239.3 fp=[1] true=[3] merged=[1, 3]
239.6 fp=[1] true=[3] merged=[1, 3]
239.9 fp=[1] true=[3] merged=[1, 3]
240.2 fp=[1] true=[3] merged=[1, 3]
240.5 fp=[1] true=[3] merged=[1, 3]
240.9 fp=[1] true=[3] merged=[1, 3]
241.2 fp=[1] true=[3] merged=[1, 3]
241.5 fp=[1] true=[3] merged=[1, 3]
241.8 fp=[1] true=[3] merged=[1, 3]
242.1 fp=[1] true=[3] merged=[1, 3]
242.4 fp=[1] true=[3] merged=[1, 3]
242.7 fp=[1] true=[3] merged=[1, 3]
243.1 fp=[1] true=[3] merged=[1, 3]
243.4 fp=[1] true=[3] merged=[1, 3]
243.7 fp=[1] true=[3] merged=[1, 3]
244.0 fp=[1] true=[3] merged=[1, 3]
244.3 fp=[1] true=[3] merged=[1, 3]
244.6 fp=[1] true=[3] merged=[1, 3]
244.9 fp=[1] true=[3] merged=[1, 3]
245.3 fp=[1] true=[3] merged=[1, 3]
245.6 fp=[1] true=[3] merged=[1, 3]
245.9 fp=[1] true=[3] merged=[1, 3]
246.2 fp=[1] true=[3] merged=[1, 3]
246.5 fp=[1] true=[3] merged=[1, 3]
246.8 fp=[1] true=[3] merged=[1, 3]
247.1 fp=[1] true=[3] merged=[1, 3]
247.4 fp=[1] true=[3] merged=[1, 3]
247.8 fp=[1] true=[3] merged=[1, 3]
248.1 fp=[1] true=[3] merged=[1, 3]
248.4 fp=[1] true=[3] merged=[1, 3]
248.7 fp=[1] true=[3] merged=[1, 3]
249.0 fp=[1] true=[3] merged=[1, 3]
249.3 fp=[1] true=[3] merged=[1, 3]
249.7 fp=[1] true=[3] merged=[1, 3]
250.0 fp=[1] true=[3] merged=[1, 3]
250.3 fp=[1] true=[3] merged=[1, 3]
250.6 fp=[1] true=[3] merged=[1, 3]
250.9 fp=[1] true=[3] merged=[1, 3]
251.3 fp=[5] true=[3] merged=[3, 5]
251.6 fp=[5] true=[3] merged=[3, 5]
251.9 fp=[5] true=[3] merged=[3, 5]
252.2 fp=[5] true=[3] merged=[3, 5]
252.5 fp=[5] true=[3] merged=[3, 5]
252.9 fp=[5] true=[3] merged=[3, 5]
253.2 fp=[5] true=[3] merged=[3, 5]
253.5 fp=[5] true=[3] merged=[3, 5]
253.8 fp=[5] true=[3] merged=[3, 5]
254.1 fp=[5] true=[3] merged=[3, 5]
254.5 fp=[5] true=[3] merged=[3, 5]
254.8 fp=[5] true=[3] merged=[3, 5]
255.1 fp=[5] true=[3] merged=[3, 5]
255.4 fp=[5] true=[3] merged=[3, 5]
255.7 fp=[5] true=[3] merged=[3, 5]
256.0 fp=[5] true=[3] merged=[3, 5]
256.3 fp=[5] true=[3] merged=[3, 5]
256.6 fp=[5] true=[3] merged=[3, 5]
257.0 fp=[5] true=[3] merged=[3, 5]
257.3 fp=[5] true=[3] merged=[3, 5]
257.6 fp=[5] true=[3] merged=[3, 5]
257.9 fp=[5] true=[3] merged=[3, 5]
258.2 fp=[4] true=[3] merged=[3, 4]
258.6 fp=[4] true=[3] merged=[3, 4]
258.9 fp=[4] true=[3] merged=[3, 4]
259.2 fp=[4] true=[3] merged=[3, 4]
259.5 fp=[4] true=[3] merged=[3, 4]
259.8 fp=[4] true=[3] merged=[3, 4]
260.1 fp=[4] true=[3] merged=[3, 4]
260.4 fp=[4] true=[3] merged=[3, 4]
260.7 fp=[4] true=[3] merged=[3, 4]
261.1 fp=[4] true=[3] merged=[3, 4]
261.4 fp=[4] true=[3] merged=[3, 4]
261.7 fp=[4] true=[3] merged=[3, 4]
262.0 fp=[4] true=[3] merged=[3, 4]
262.3 fp=[4] true=[3] merged=[3, 4]
262.6 fp=[4] true=[3] merged=[3, 4]
262.9 fp=[4] true=[3] merged=[3, 4]
263.2 fp=[4] true=[3] merged=[3, 4]
263.5 fp=[4] true=[3] merged=[3, 4]
263.9 fp=[4] true=[3] merged=[3, 4]
264.2 fp=[4] true=[3] merged=[3, 4]
264.5 fp=[4] true=[3] merged=[3, 4]
264.8 fp=[4] true=[3] merged=[3, 4]
265.1 fp=[4] true=[3] merged=[3, 4]
265.4 fp=[4] true=[3] merged=[3, 4]
265.7 fp=[4] true=[3] merged=[3, 4]
266.0 fp=[4] true=[3] merged=[3, 4]
266.4 fp=[4] true=[3] merged=[3, 4]
266.7 fp=[4] true=[3] merged=[3, 4]
267.0 fp=[4] true=[3] merged=[3, 4]
267.3 fp=[4] true=[3] merged=[3, 4]
267.6 fp=[4] true=[3] merged=[3, 4]
267.9 fp=[4] true=[3] merged=[3, 4]
268.2 fp=[4] true=[3] merged=[3, 4]
268.5 fp=[4] true=[3] merged=[3, 4]
268.8 fp=[4] true=[3] merged=[3, 4]
269.2 fp=[4] true=[3] merged=[3, 4]
269.5 fp=[4] true=[3] merged=[3, 4]
269.8 fp=[4] true=[3] merged=[3, 4]
270.1 fp=[4] true=[3] merged=[3, 4]
270.4 fp=[4] true=[3] merged=[3, 4]
270.7 fp=[4] true=[3] merged=[3, 4]
271.0 fp=[4] true=[3] merged=[3, 4]
271.3 fp=[4] true=[3] merged=[3, 4]
271.7 fp=[4] true=[3] merged=[3, 4]
272.0 fp=[4] true=[3] merged=[3, 4]
272.3 fp=[1] true=[3] merged=[1, 3]
272.6 fp=[1] true=[3] merged=[1, 3]
272.9 fp=[1] true=[3] merged=[1, 3]
273.2 fp=[1] true=[3] merged=[1, 3]
273.5 fp=[1] true=[3] merged=[1, 3]
273.9 fp=[1] true=[3] merged=[1, 3]
274.2 fp=[1] true=[3] merged=[1, 3]
274.5 fp=[1] true=[3] merged=[1, 3]
274.8 fp=[1] true=[3] merged=[1, 3]
275.1 fp=[1] true=[3] merged=[1, 3]
275.4 fp=[1] true=[3] merged=[1, 3]
275.7 fp=[1] true=[3] merged=[1, 3]
276.0 fp=[1] true=[3] merged=[1, 3]
276.3 fp=[1] true=[3] merged=[1, 3]
276.6 fp=[1] true=[3] merged=[1, 3]
277.0 fp=[1] true=[3] merged=[1, 3]
277.3 fp=[1] true=[3] merged=[1, 3]
277.6 fp=[1] true=[3] merged=[1, 3]
277.9 fp=[1] true=[3] merged=[1, 3]
278.2 fp=[1] true=[3] merged=[1, 3]
278.6 fp=[1] true=[3] merged=[1, 3]
278.9 fp=[1] true=[3] merged=[1, 3]
279.2 fp=[1] true=[3] merged=[1, 3]
279.5 fp=[1] true=[3] merged=[1, 3]
279.8 fp=[1] true=[3] merged=[1, 3]
280.1 fp=[1] true=[3] merged=[1, 3]
280.4 fp=[1] true=[3] merged=[1, 3]
280.7 fp=[1] true=[3] merged=[1, 3]
281.1 fp=[1] true=[3] merged=[1, 3]
281.4 fp=[1] true=[3] merged=[1, 3]
281.7 fp=[1] true=[3] merged=[1, 3]
282.0 fp=[1] true=[3] merged=[1, 3]
282.3 fp=[1] true=[3] merged=[1, 3]
282.6 fp=[1] true=[3] merged=[1, 3]
282.9 fp=[1] true=[3] merged=[1, 3]
283.2 fp=[1] true=[3] merged=[1, 3]
283.5 fp=[1] true=[3] merged=[1, 3]
283.9 fp=[1] true=[3] merged=[1, 3]
284.2 fp=[1] true=[3] merged=[1, 3]
284.5 fp=[1] true=[3] merged=[1, 3]
284.8 fp=[1] true=[3] merged=[1, 3]
285.1 fp=[1] true=[3] merged=[1, 3]
285.4 fp=[1] true=[3] merged=[1, 3]
285.7 fp=[1] true=[3] merged=[1, 3]
286.0 fp=[1] true=[3] merged=[1, 3]
286.3 fp=[1] true=[3] merged=[1, 3]
286.7 fp=[1] true=[3] merged=[1, 3]
287.0 fp=[1] true=[3] merged=[1, 3]
287.3 fp=[1] true=[3] merged=[1, 3]
287.6 fp=[1] true=[3] merged=[1, 3]
287.9 fp=[1] true=[3] merged=[1, 3]
288.2 fp=[1] true=[3] merged=[1, 3]
288.6 fp=[1] true=[3] merged=[1, 3]
288.9 fp=[1] true=[3] merged=[1, 3]
289.2 fp=[1] true=[3] merged=[1, 3]
289.5 fp=[1] true=[3] merged=[1, 3]
289.8 fp=[1] true=[3] merged=[1, 3]
290.1 fp=[1] true=[3] merged=[1, 3]
290.4 fp=[1] true=[3] merged=[1, 3]
290.7 fp=[1] true=[3] merged=[1, 3]
291.1 fp=[1] true=[3] merged=[1, 3]
291.4 fp=[1] true=[3] merged=[1, 3]
291.7 fp=[1] true=[3] merged=[1, 3]
292.0 fp=[1] true=[3] merged=[1, 3]
292.3 fp=[1] true=[3] merged=[1, 3]
292.6 fp=[1] true=[3] merged=[1, 3]
292.9 fp=[1] true=[3] merged=[1, 3]
293.2 fp=[1] true=[3] merged=[1, 3]
293.6 fp=[1] true=[3] merged=[1, 3]
293.9 fp=[1] true=[3] merged=[1, 3]
294.2 fp=[1] true=[3] merged=[1, 3]
294.5 fp=[1] true=[3] merged=[1, 3]
294.8 fp=[1] true=[3] merged=[1, 3]
295.2 fp=[1] true=[3] merged=[1, 3]
295.5 fp=[1] true=[3] merged=[1, 3]
295.8 fp=[1] true=[3] merged=[1, 3]
296.1 fp=[1] true=[3] merged=[1, 3]
296.4 fp=[1] true=[3] merged=[1, 3]
296.7 fp=[1] true=[3] merged=[1, 3]
297.1 fp=[1] true=[3] merged=[1, 3]
297.4 fp=[1] true=[3] merged=[1, 3]
297.7 fp=[1] true=[3] merged=[1, 3]
298.0 fp=[1] true=[3] merged=[1, 3]
298.3 fp=[1] true=[3] merged=[1, 3]
298.6 fp=[1] true=[3] merged=[1, 3]
298.9 fp=[1] true=[3] merged=[1, 3]
299.2 fp=[1] true=[3] merged=[1, 3]
299.6 fp=[1] true=[3] merged=[1, 3]
299.9 fp=[1] true=[3] merged=[1, 3]
300.2 fp=[1] true=[3] merged=[1, 3]
300.5 fp=[1] true=[3] merged=[1, 3]
300.8 fp=[1] true=[3] merged=[1, 3]
301.1 fp=[1] true=[3] merged=[1, 3]
301.4 fp=[1] true=[3] merged=[1, 3]
301.7 fp=[1] true=[3] merged=[1, 3]
302.1 fp=[1] true=[3] merged=[1, 3]
302.4 fp=[1] true=[3] merged=[1, 3]
302.7 fp=[1] true=[3] merged=[1, 3]
303.0 fp=[1] true=[3] merged=[1, 3]
303.3 fp=[1] true=[3] merged=[1, 3]
303.6 fp=[1] true=[3] merged=[1, 3]
304.0 fp=[1] true=[3] merged=[1, 3]
304.3 fp=[1] true=[3] merged=[1, 3]
304.6 fp=[1] true=[3] merged=[1, 3]
304.9 fp=[1] true=[3] merged=[1, 3]
305.2 fp=[1] true=[3] merged=[1, 3]
305.5 fp=[1] true=[3] merged=[1, 3]
305.9 fp=[1] true=[3] merged=[1, 3]
306.2 fp=[1] true=[3] merged=[1, 3]
306.5 fp=[1] true=[3] merged=[1, 3]
306.8 fp=[1] true=[3] merged=[1, 3]
307.1 fp=[1] true=[3] merged=[1, 3]
307.4 fp=[1] true=[3] merged=[1, 3]
307.7 fp=[1] true=[3] merged=[1, 3]
308.0 fp=[1] true=[3] merged=[1, 3]
308.3 fp=[1] true=[3] merged=[1, 3]
308.7 fp=[1] true=[3] merged=[1, 3]
309.0 fp=[1] true=[3] merged=[1, 3]
309.3 fp=[1] true=[3] merged=[1, 3]
309.6 fp=[1] true=[3] merged=[1, 3]
309.9 fp=[1] true=[3] merged=[1, 3]
310.2 fp=[1] true=[3] merged=[1, 3]
310.5 fp=[1] true=[3] merged=[1, 3]
310.8 fp=[1] true=[3] merged=[1, 3]
311.2 fp=[2] true=[3] merged=[2, 3]
311.5 fp=[2] true=[3] merged=[2, 3]
311.8 fp=[2] true=[3] merged=[2, 3]
312.1 fp=[4] true=[3] merged=[3, 4]
312.4 fp=[4] true=[3] merged=[3, 4]
312.7 fp=[4] true=[3] merged=[3, 4]
313.1 fp=[4] true=[3] merged=[3, 4]
313.4 fp=[4] true=[3] merged=[3, 4]
313.7 fp=[4] true=[3] merged=[3, 4]
314.0 fp=[4] true=[3] merged=[3, 4]
314.3 fp=[4] true=[3] merged=[3, 4]
314.6 fp=[4] true=[3] merged=[3, 4]
314.9 fp=[4] true=[3] merged=[3, 4]
315.2 fp=[4] true=[3] merged=[3, 4]
315.5 fp=[4] true=[3] merged=[3, 4]
315.9 fp=[4] true=[3] merged=[3, 4]
316.2 fp=[4] true=[3] merged=[3, 4]
316.5 fp=[4] true=[3] merged=[3, 4]
316.8 fp=[4] true=[3] merged=[3, 4]
317.1 fp=[4] true=[3] merged=[3, 4]
317.4 fp=[4] true=[3] merged=[3, 4]
317.7 fp=[4] true=[3] merged=[3, 4]
318.0 fp=[4] true=[3] merged=[3, 4]
318.3 fp=[4] true=[3] merged=[3, 4]
318.7 fp=[4] true=[3] merged=[3, 4]
319.0 fp=[4] true=[3] merged=[3, 4]
319.3 fp=[4] true=[3] merged=[3, 4]
319.6 fp=[4] true=[3] merged=[3, 4]
320.0 fp=[4] true=[3] merged=[3, 4]
320.3 fp=[4] true=[3] merged=[3, 4]
320.6 fp=[4] true=[3] merged=[3, 4]
320.9 fp=[4] true=[3] merged=[3, 4]
321.2 fp=[4] true=[3] merged=[3, 4]
321.5 fp=[4] true=[3] merged=[3, 4]
321.8 fp=[4] true=[3] merged=[3, 4]
322.2 fp=[4] true=[3] merged=[3, 4]
322.5 fp=[4] true=[3] merged=[3, 4]
322.8 fp=[4] true=[3] merged=[3, 4]
323.1 fp=[4] true=[3] merged=[3, 4]
323.4 fp=[4] true=[3] merged=[3, 4]
323.7 fp=[4] true=[3] merged=[3, 4]
324.0 fp=[7] true=[3] merged=[3, 7]
324.4 fp=[7] true=[3] merged=[3, 7]
324.7 fp=[7] true=[3] merged=[3, 7]
325.0 fp=[7] true=[3] merged=[3, 7]
325.3 fp=[7] true=[3] merged=[3, 7]
325.6 fp=[7] true=[3] merged=[3, 7]
325.9 fp=[7] true=[3] merged=[3, 7]
326.2 fp=[7] true=[3] merged=[3, 7]
326.5 fp=[7] true=[3] merged=[3, 7]
326.9 fp=[7] true=[3] merged=[3, 7]
327.2 fp=[7] true=[3] merged=[3, 7]
327.5 fp=[7] true=[3] merged=[3, 7]
327.8 fp=[7] true=[3] merged=[3, 7]
328.1 fp=[7] true=[3] merged=[3, 7]
328.4 fp=[7] true=[3] merged=[3, 7]
328.7 fp=[7] true=[3] merged=[3, 7]
329.0 fp=[6] true=[3] merged=[3, 6]
329.3 fp=[6] true=[3] merged=[3, 6]
329.7 fp=[6] true=[3] merged=[3, 6]
330.0 fp=[6] true=[3] merged=[3, 6]
330.3 fp=[6] true=[3] merged=[3, 6]
330.6 fp=[6] true=[3] merged=[3, 6]
330.9 fp=[6] true=[3] merged=[3, 6]
331.2 fp=[6] true=[3] merged=[3, 6]
331.5 fp=[6] true=[3] merged=[3, 6]
331.9 fp=[6] true=[3] merged=[3, 6]
332.2 fp=[6] true=[3] merged=[3, 6]
332.5 fp=[6] true=[3] merged=[3, 6]
332.8 fp=[6] true=[3] merged=[3, 6]
333.1 fp=[6] true=[3] merged=[3, 6]
333.4 fp=[6] true=[3] merged=[3, 6]
333.7 fp=[6] true=[3] merged=[3, 6]
334.0 fp=[6] true=[3] merged=[3, 6]
334.4 fp=[6] true=[3] merged=[3, 6]
334.7 fp=[6] true=[3] merged=[3, 6]
335.0 fp=[6] true=[3] merged=[3, 6]
335.3 fp=[6] true=[3] merged=[3, 6]
335.6 fp=[6] true=[3] merged=[3, 6]
335.9 fp=[6] true=[3] merged=[3, 6]
336.3 fp=[6] true=[3] merged=[3, 6]
336.6 fp=[6] true=[3] merged=[3, 6]
336.9 fp=[6] true=[3] merged=[3, 6]
337.2 fp=[6] true=[3] merged=[3, 6]
337.5 fp=[6] true=[3] merged=[3, 6]
337.8 fp=[6] true=[3] merged=[3, 6]
338.1 fp=[1] true=[3] merged=[1, 3]
338.5 fp=[1] true=[3] merged=[1, 3]
338.8 fp=[1] true=[3] merged=[1, 3]
339.1 fp=[1] true=[3] merged=[1, 3]
339.4 fp=[1] true=[3] merged=[1, 3]
339.7 fp=[1] true=[3] merged=[1, 3]
340.1 fp=[1] true=[3] merged=[1, 3]
340.4 fp=[1] true=[3] merged=[1, 3]
340.7 fp=[1] true=[3] merged=[1, 3]
341.0 fp=[1] true=[3] merged=[1, 3]
341.3 fp=[1] true=[3] merged=[1, 3]
341.6 fp=[1] true=[3] merged=[1, 3]
342.0 fp=[1] true=[3] merged=[1, 3]
342.3 fp=[1] true=[3] merged=[1, 3]
342.6 fp=[1] true=[3] merged=[1, 3]
342.9 fp=[1] true=[3] merged=[1, 3]
343.2 fp=[1] true=[3] merged=[1, 3]
343.5 fp=[1] true=[3] merged=[1, 3]
343.9 fp=[1] true=[3] merged=[1, 3]
344.2 fp=[1] true=[3] merged=[1, 3]
344.5 fp=[1] true=[3] merged=[1, 3]
344.8 fp=[1] true=[3] merged=[1, 3]
345.1 fp=[1] true=[3] merged=[1, 3]
345.4 fp=[1] true=[3] merged=[1, 3]
345.7 fp=[1] true=[3] merged=[1, 3]
346.1 fp=[1] true=[3] merged=[1, 3]
346.4 fp=[1] true=[3] merged=[1, 3]
346.7 fp=[1] true=[3] merged=[1, 3]
347.0 fp=[1] true=[3] merged=[1, 3]
347.3 fp=[1] true=[3] merged=[1, 3]
347.6 fp=[1] true=[3] merged=[1, 3]
347.9 fp=[1] true=[3] merged=[1, 3]
348.2 fp=[1] true=[3] merged=[1, 3]
348.6 fp=[1] true=[3] merged=[1, 3]
348.9 fp=[1] true=[3] merged=[1, 3]
349.2 fp=[1] true=[3] merged=[1, 3]
349.5 fp=[1] true=[3] merged=[1, 3]
349.8 fp=[1] true=[3] merged=[1, 3]
350.2 fp=[1] true=[3] merged=[1, 3]
350.5 fp=[1] true=[3] merged=[1, 3]
350.8 fp=[1] true=[3] merged=[1, 3]
351.1 fp=[1] true=[3] merged=[1, 3]
351.4 fp=[1] true=[3] merged=[1, 3]
351.8 fp=[1] true=[3] merged=[1, 3]
352.1 fp=[1] true=[3] merged=[1, 3]
352.4 fp=[1] true=[3] merged=[1, 3]
352.7 fp=[1] true=[3] merged=[1, 3]
353.0 fp=[1] true=[3] merged=[1, 3]
353.4 fp=[1] true=[3] merged=[1, 3]
353.7 fp=[1] true=[3] merged=[1, 3]
354.0 fp=[1] true=[3] merged=[1, 3]
354.3 fp=[1] true=[3] merged=[1, 3]
354.6 fp=[1] true=[3] merged=[1, 3]
354.9 fp=[1] true=[3] merged=[1, 3]
355.2 fp=[1] true=[3] merged=[1, 3]
355.5 fp=[1] true=[3] merged=[1, 3]
355.9 fp=[1] true=[3] merged=[1, 3]
356.2 fp=[1] true=[3] merged=[1, 3]
356.5 fp=[1] true=[3] merged=[1, 3]
356.8 fp=[1] true=[3] merged=[1, 3]
357.1 fp=[1] true=[3] merged=[1, 3]
357.4 fp=[1] true=[3] merged=[1, 3]
357.7 fp=[1] true=[3] merged=[1, 3]
358.0 fp=[5] true=[3] merged=[3, 5]
358.4 fp=[5] true=[3] merged=[3, 5]
358.7 fp=[5] true=[3] merged=[3, 5]
359.0 fp=[5] true=[3] merged=[3, 5]
359.3 fp=[5] true=[3] merged=[3, 5]
359.6 fp=[5] true=[3] merged=[3, 5]
359.9 fp=[5] true=[3] merged=[3, 5]
360.3 fp=[5] true=[3] merged=[3, 5]
360.6 fp=[5] true=[3] merged=[3, 5]
360.9 fp=[5] true=[3] merged=[3, 5]
361.2 fp=[5] true=[3] merged=[3, 5]
361.5 fp=[5] true=[3] merged=[3, 5]
361.8 fp=[5] true=[3] merged=[3, 5]
362.1 fp=[5] true=[3] merged=[3, 5]
362.5 fp=[5] true=[3] merged=[3, 5]
362.8 fp=[5] true=[3] merged=[3, 5]
363.1 fp=[5] true=[3] merged=[3, 5]
363.4 fp=[5] true=[3] merged=[3, 5]
363.7 fp=[5] true=[3] merged=[3, 5]
364.0 fp=[5] true=[3] merged=[3, 5]
364.4 fp=[5] true=[3] merged=[3, 5]
364.7 fp=[5] true=[3] merged=[3, 5]
365.0 fp=[5] true=[3] merged=[3, 5]
365.3 fp=[5] true=[3] merged=[3, 5]
365.6 fp=[5] true=[3] merged=[3, 5]
365.9 fp=[5] true=[3] merged=[3, 5]
366.2 fp=[5] true=[3] merged=[3, 5]
366.5 fp=[5] true=[3] merged=[3, 5]
366.9 fp=[5] true=[3] merged=[3, 5]
367.2 fp=[5] true=[3] merged=[3, 5]
367.5 fp=[5] true=[3] merged=[3, 5]
367.8 fp=[5] true=[3] merged=[3, 5]
368.1 fp=[5] true=[3] merged=[3, 5]
368.4 fp=[5] true=[3] merged=[3, 5]
368.7 fp=[5] true=[3] merged=[3, 5]
369.1 fp=[5] true=[3] merged=[3, 5]
369.4 fp=[5] true=[3] merged=[3, 5]
369.7 fp=[5] true=[3] merged=[3, 5]
370.0 fp=[5] true=[3] merged=[3, 5]
370.3 fp=[5] true=[3] merged=[3, 5]
370.6 fp=[5] true=[3] merged=[3, 5]
370.9 fp=[5] true=[3] merged=[3, 5]
371.3 fp=[5] true=[3] merged=[3, 5]
371.6 fp=[5] true=[3] merged=[3, 5]
371.9 fp=[5] true=[3] merged=[3, 5]
372.2 fp=[5] true=[3] merged=[3, 5]
372.6 fp=[5] true=[3] merged=[3, 5]
372.9 fp=[5] true=[3] merged=[3, 5]
373.2 fp=[5] true=[3] merged=[3, 5]
373.5 fp=[5] true=[3] merged=[3, 5]
373.8 fp=[5] true=[3] merged=[3, 5]
374.1 fp=[5] true=[3] merged=[3, 5]
374.4 fp=[5] true=[3] merged=[3, 5]
374.7 fp=[5] true=[3] merged=[3, 5]
375.1 fp=[5] true=[3] merged=[3, 5]
375.4 fp=[5] true=[3] merged=[3, 5]
375.7 fp=[5] true=[3] merged=[3, 5]
376.0 fp=[5] true=[3] merged=[3, 5]
376.3 fp=[5] true=[3] merged=[3, 5]
376.7 fp=[5] true=[3] merged=[3, 5]
377.0 fp=[5] true=[3] merged=[3, 5]
377.3 fp=[5] true=[3] merged=[3, 5]
377.6 fp=[5] true=[3] merged=[3, 5]
377.9 fp=[5] true=[3] merged=[3, 5]
378.2 fp=[5] true=[3] merged=[3, 5]
378.5 fp=[5] true=[3] merged=[3, 5]
378.9 fp=[5] true=[3] merged=[3, 5]
379.2 fp=[5] true=[3] merged=[3, 5]
379.5 fp=[5] true=[3] merged=[3, 5]
379.8 fp=[5] true=[3] merged=[3, 5]
380.1 fp=[5] true=[3] merged=[3, 5]
380.5 fp=[5] true=[3] merged=[3, 5]
380.8 fp=[5] true=[3] merged=[3, 5]
381.1 fp=[5] true=[3] merged=[3, 5]
381.4 fp=[5] true=[3] merged=[3, 5]
381.7 fp=[5] true=[3] merged=[3, 5]
382.1 fp=[5] true=[3] merged=[3, 5]
382.4 fp=[5] true=[3] merged=[3, 5]
382.7 fp=[5] true=[3] merged=[3, 5]
383.0 fp=[5] true=[3] merged=[3, 5]
383.3 fp=[5] true=[3] merged=[3, 5]
383.6 fp=[5] true=[3] merged=[3, 5]
383.9 fp=[5] true=[3] merged=[3, 5]
384.3 fp=[5] true=[3] merged=[3, 5]
384.6 fp=[5] true=[3] merged=[3, 5]
384.9 fp=[5] true=[3] merged=[3, 5]
385.2 fp=[5] true=[3] merged=[3, 5]
385.5 fp=[5] true=[3] merged=[3, 5]
385.8 fp=[5] true=[3] merged=[3, 5]
386.2 fp=[5] true=[3] merged=[3, 5]
386.5 fp=[5] true=[3] merged=[3, 5]
386.8 fp=[5] true=[3] merged=[3, 5]
