2026.08.25-06:39:10.395 info  [caliper] [cli-launch-manager] 	Binding specification is present, performing binding for "fabric:fabric-gateway"
2026.08.25-06:39:10.396 warn  [caliper] [bind] 	Working directory is not specified. Current path: "/hyperledger/caliper/workspace"
2026.08.25-06:39:10.396 info  [caliper] [bind] 	User-provided arguments for npm: "-g"
2026.08.25-06:39:10.396 info  [caliper] [bind] 	Binding for fabric@fabric-gateway. This might take some time...
2026.08.25-06:39:10.396 info  [caliper] [bind] 	Using working directory: /hyperledger/caliper/workspace
2026.08.25-06:39:10.397 info  [caliper] [bind] 	Calling npm with: install -g @hyperledger/fabric-gateway@1.5.0 @grpc/grpc-js@1.10.3

added 82 packages in 7s

4 packages are looking for funding
  run `npm fund` for details
npm notice 
npm notice New major version of npm available! 10.2.4 -> 12.0.2
npm notice Changelog: <https://github.com/npm/cli/releases/tag/v12.0.2>
npm notice Run `npm install -g npm@12.0.2` to update!
npm notice 
2026.08.25-06:39:17.115 info  [caliper] [cli-launch-manager] 	Set workspace path: /hyperledger/caliper/workspace
2026.08.25-06:39:17.115 info  [caliper] [cli-launch-manager] 	Set benchmark configuration path: /hyperledger/caliper/workspace/benchmarks/belowceiling-sweep.yaml
2026.08.25-06:39:17.116 info  [caliper] [cli-launch-manager] 	Set network configuration path: /hyperledger/caliper/workspace/networks/fabric-5node.yaml
2026.08.25-06:39:17.116 info  [caliper] [cli-launch-manager] 	Set SUT type: fabric
2026.08.25-06:39:17.119 info  [caliper] [benchmark-validator] 	No observer specified, will default to `none`
2026.08.25-06:39:17.119 info  [caliper] [caliper-engine] 	Starting benchmark flow
2026.08.25-06:39:17.119 info  [caliper] [caliper-engine] 	Skipping start commands due to benchmark flow conditioning
2026.08.25-06:39:17.119 info  [caliper] [caliper-engine] 	Skipping initialization phase due to benchmark flow conditioning
2026.08.25-06:39:17.120 info  [caliper] [caliper-engine] 	Skipping install smart contract phase due to benchmark flow conditioning
2026.08.25-06:39:20.477 info  [caliper] [FabricConnectorFactory] 	Initializing peer gateway connector compatible with installed fabric-gateway SDK: 1.5.0
2026.08.25-06:39:27.229 info  [caliper] [IdentityManager] 	Adding User1 (admin=false) as User1 for organization Org1MSP
2026.08.25-06:39:29.823 info  [caliper] [IdentityManager] 	Adding User1 (admin=false) as _Org2MSP_User1 for organization Org2MSP
2026.08.25-06:39:29.825 info  [caliper] [monitor.js] 	No resource monitors specified
2026.08.25-06:39:29.826 info  [caliper] [default-observer] 	Observer interval set to 5000 milliseconds
2026.08.25-06:39:29.828 info  [caliper] [round-orchestrator] 	Preparing worker connections
2026.08.25-06:39:29.829 info  [caliper] [worker-orchestrator] 	Launching worker 1 of 4
2026.08.25-06:39:29.831 info  [caliper] [worker-orchestrator] 	Launching worker 2 of 4
2026.08.25-06:39:29.832 info  [caliper] [worker-orchestrator] 	Launching worker 3 of 4
2026.08.25-06:39:29.833 info  [caliper] [worker-orchestrator] 	Launching worker 4 of 4
2026.08.25-06:39:29.834 info  [caliper] [worker-orchestrator] 	Messenger not configured, entering configure phase...
2026.08.25-06:39:29.834 info  [caliper] [worker-orchestrator] 	No existing workers detected, entering worker launch phase...
2026.08.25-06:39:29.834 info  [caliper] [worker-orchestrator] 	Waiting for 4 workers to be connected...
2026.08.25-06:39:31.014 info  [caliper] [cli-launch-worker] 	Worker is a locally forked process, skipping the binding step, already performed by the manager process
2026.08.25-06:39:31.014 info  [caliper] [cli-launch-worker] 	Set workspace path: /hyperledger/caliper/workspace
2026.08.25-06:39:31.014 info  [caliper] [cli-launch-worker] 	Set benchmark configuration path: /hyperledger/caliper/workspace/benchmarks/belowceiling-sweep.yaml
2026.08.25-06:39:31.014 info  [caliper] [cli-launch-worker] 	Set network configuration path: /hyperledger/caliper/workspace/networks/fabric-5node.yaml
2026.08.25-06:39:31.015 info  [caliper] [cli-launch-worker] 	Set SUT type: fabric
2026.08.25-06:39:31.015 info  [caliper] [cli-launch-worker] 	Worker is a locally forked process, skipping the binding step, already performed by the manager process
2026.08.25-06:39:31.016 info  [caliper] [cli-launch-worker] 	Set workspace path: /hyperledger/caliper/workspace
2026.08.25-06:39:31.016 info  [caliper] [cli-launch-worker] 	Set benchmark configuration path: /hyperledger/caliper/workspace/benchmarks/belowceiling-sweep.yaml
2026.08.25-06:39:31.016 info  [caliper] [cli-launch-worker] 	Set network configuration path: /hyperledger/caliper/workspace/networks/fabric-5node.yaml
2026.08.25-06:39:31.016 info  [caliper] [cli-launch-worker] 	Set SUT type: fabric
2026.08.25-06:39:32.064 info  [caliper] [cli-launch-worker] 	Worker is a locally forked process, skipping the binding step, already performed by the manager process
2026.08.25-06:39:32.065 info  [caliper] [cli-launch-worker] 	Set workspace path: /hyperledger/caliper/workspace
2026.08.25-06:39:32.065 info  [caliper] [cli-launch-worker] 	Set benchmark configuration path: /hyperledger/caliper/workspace/benchmarks/belowceiling-sweep.yaml
2026.08.25-06:39:32.065 info  [caliper] [cli-launch-worker] 	Set network configuration path: /hyperledger/caliper/workspace/networks/fabric-5node.yaml
2026.08.25-06:39:32.066 info  [caliper] [cli-launch-worker] 	Set SUT type: fabric
2026.08.25-06:39:34.592 info  [caliper] [cli-launch-worker] 	Worker is a locally forked process, skipping the binding step, already performed by the manager process
2026.08.25-06:39:34.594 info  [caliper] [cli-launch-worker] 	Set workspace path: /hyperledger/caliper/workspace
2026.08.25-06:39:34.594 info  [caliper] [cli-launch-worker] 	Set benchmark configuration path: /hyperledger/caliper/workspace/benchmarks/belowceiling-sweep.yaml
2026.08.25-06:39:34.594 info  [caliper] [cli-launch-worker] 	Set network configuration path: /hyperledger/caliper/workspace/networks/fabric-5node.yaml
2026.08.25-06:39:34.594 info  [caliper] [cli-launch-worker] 	Set SUT type: fabric
2026.08.25-06:39:34.607 info  [caliper] [worker-orchestrator] 	4 workers connected, progressing to worker assignment phase.
2026.08.25-06:39:34.608 info  [caliper] [worker-orchestrator] 	Workers currently unassigned, awaiting index assignment...
2026.08.25-06:39:34.608 info  [caliper] [worker-orchestrator] 	Waiting for 4 workers to be assigned...
2026.08.25-06:39:34.741 info  [caliper] [worker-orchestrator] 	4 workers assigned, progressing to worker initialization phase.
2026.08.25-06:39:34.741 info  [caliper] [worker-orchestrator] 	Waiting for 4 workers to be ready...
2026.08.25-06:39:34.742 info  [caliper] [worker-message-handler] 	Initializing Worker#2...
2026.08.25-06:39:34.742 info  [caliper] [worker-message-handler] 	Initializing Worker#0...
2026.08.25-06:39:34.742 info  [caliper] [worker-message-handler] 	Initializing Worker#1...
2026.08.25-06:39:34.742 info  [caliper] [worker-message-handler] 	Initializing Worker#3...
2026.08.25-06:39:35.469 info  [caliper] [FabricConnectorFactory] 	Initializing peer gateway connector compatible with installed fabric-gateway SDK: 1.5.0
2026.08.25-06:39:35.475 info  [caliper] [FabricConnectorFactory] 	Initializing peer gateway connector compatible with installed fabric-gateway SDK: 1.5.0
2026.08.25-06:39:35.591 info  [caliper] [FabricConnectorFactory] 	Initializing peer gateway connector compatible with installed fabric-gateway SDK: 1.5.0
2026.08.25-06:39:35.681 info  [caliper] [FabricConnectorFactory] 	Initializing peer gateway connector compatible with installed fabric-gateway SDK: 1.5.0
2026.08.25-06:39:42.073 info  [caliper] [IdentityManager] 	Adding User1 (admin=false) as User1 for organization Org1MSP
2026.08.25-06:39:42.273 info  [caliper] [IdentityManager] 	Adding User1 (admin=false) as User1 for organization Org1MSP
2026.08.25-06:39:42.423 info  [caliper] [IdentityManager] 	Adding User1 (admin=false) as User1 for organization Org1MSP
2026.08.25-06:39:42.471 info  [caliper] [IdentityManager] 	Adding User1 (admin=false) as User1 for organization Org1MSP
2026.08.25-06:39:42.843 info  [caliper] [IdentityManager] 	Adding User1 (admin=false) as _Org2MSP_User1 for organization Org2MSP
2026.08.25-06:39:42.855 info  [caliper] [IdentityManager] 	Adding User1 (admin=false) as _Org2MSP_User1 for organization Org2MSP
2026.08.25-06:39:42.856 info  [caliper] [IdentityManager] 	Adding User1 (admin=false) as _Org2MSP_User1 for organization Org2MSP
2026.08.25-06:39:42.867 info  [caliper] [IdentityManager] 	Adding User1 (admin=false) as _Org2MSP_User1 for organization Org2MSP
2026.08.25-06:39:42.870 info  [caliper] [worker-message-handler] 	Worker#1 initialized
2026.08.25-06:39:42.870 info  [caliper] [worker-message-handler] 	Worker#3 initialized
2026.08.25-06:39:42.875 info  [caliper] [worker-message-handler] 	Worker#2 initialized
2026.08.25-06:39:42.887 info  [caliper] [worker-message-handler] 	Worker#0 initialized
2026.08.25-06:39:42.888 info  [caliper] [worker-orchestrator] 	4 workers ready, progressing to test preparation phase.
2026.08.25-06:39:42.888 info  [caliper] [round-orchestrator] 	Started round 1 (rate-100)
2026.08.25-06:39:42.888 info  [caliper] [worker-message-handler] 	Preparing Worker#0 for Round#0
2026.08.25-06:39:42.889 info  [caliper] [worker-message-handler] 	Preparing Worker#1 for Round#0
2026.08.25-06:39:42.889 info  [caliper] [worker-message-handler] 	Preparing Worker#2 for Round#0
2026.08.25-06:39:42.889 info  [caliper] [worker-message-handler] 	Preparing Worker#3 for Round#0
2026.08.25-06:39:42.950 info  [caliper] [connectors/peer-gateway/PeerGateway] 	Generating contract map for user User1
2026.08.25-06:39:42.950 info  [caliper] [connectors/peer-gateway/PeerGateway] 	Generating contract map for user User1
2026.08.25-06:39:42.951 info  [caliper] [connectors/peer-gateway/PeerGateway] 	Generating contract map for user User1
2026.08.25-06:39:43.039 info  [caliper] [connectors/peer-gateway/PeerGateway] 	Generating contract map for user _Org2MSP_User1
2026.08.25-06:39:43.039 info  [caliper] [caliper-worker] 	Info: worker 1 prepare test phase for round 0 is starting...
2026.08.25-06:39:43.041 info  [caliper] [connectors/peer-gateway/PeerGateway] 	disconnecting gateway for user User1
2026.08.25-06:39:43.041 info  [caliper] [connectors/peer-gateway/PeerGateway] 	disconnecting gateway for user _Org2MSP_User1
2026.08.25-06:39:43.041 info  [caliper] [connectors/peer-gateway/PeerGateway] 	disconnecting gRpc client at peer peer0.org1.example.com
2026.08.25-06:39:43.041 info  [caliper] [connectors/peer-gateway/PeerGateway] 	disconnecting gRpc client at peer peer0.org2.example.com
2026.08.25-06:39:43.042 info  [caliper] [caliper-worker] 	Info: worker 1 prepare test phase for round 0 is completed
2026.08.25-06:39:43.042 info  [caliper] [worker-message-handler] 	Worker#1 prepared for Round#0
2026.08.25-06:39:43.047 info  [caliper] [connectors/peer-gateway/PeerGateway] 	Generating contract map for user User1
2026.08.25-06:39:43.053 info  [caliper] [connectors/peer-gateway/PeerGateway] 	Generating contract map for user _Org2MSP_User1
2026.08.25-06:39:43.053 info  [caliper] [caliper-worker] 	Info: worker 2 prepare test phase for round 0 is starting...
2026.08.25-06:39:43.053 info  [caliper] [connectors/peer-gateway/PeerGateway] 	Generating contract map for user _Org2MSP_User1
2026.08.25-06:39:43.053 info  [caliper] [caliper-worker] 	Info: worker 3 prepare test phase for round 0 is starting...
2026.08.25-06:39:43.054 info  [caliper] [connectors/peer-gateway/PeerGateway] 	disconnecting gateway for user User1
2026.08.25-06:39:43.055 info  [caliper] [connectors/peer-gateway/PeerGateway] 	disconnecting gateway for user _Org2MSP_User1
2026.08.25-06:39:43.055 info  [caliper] [connectors/peer-gateway/PeerGateway] 	disconnecting gRpc client at peer peer0.org1.example.com
2026.08.25-06:39:43.055 info  [caliper] [connectors/peer-gateway/PeerGateway] 	disconnecting gateway for user User1
2026.08.25-06:39:43.055 info  [caliper] [connectors/peer-gateway/PeerGateway] 	disconnecting gateway for user _Org2MSP_User1
2026.08.25-06:39:43.055 info  [caliper] [connectors/peer-gateway/PeerGateway] 	disconnecting gRpc client at peer peer0.org1.example.com
2026.08.25-06:39:43.055 info  [caliper] [connectors/peer-gateway/PeerGateway] 	disconnecting gRpc client at peer peer0.org2.example.com
2026.08.25-06:39:43.055 info  [caliper] [caliper-worker] 	Info: worker 2 prepare test phase for round 0 is completed
2026.08.25-06:39:43.055 info  [caliper] [worker-message-handler] 	Worker#2 prepared for Round#0
2026.08.25-06:39:43.055 info  [caliper] [connectors/peer-gateway/PeerGateway] 	disconnecting gRpc client at peer peer0.org2.example.com
2026.08.25-06:39:43.055 info  [caliper] [caliper-worker] 	Info: worker 3 prepare test phase for round 0 is completed
2026.08.25-06:39:43.055 info  [caliper] [worker-message-handler] 	Worker#3 prepared for Round#0
2026.08.25-06:39:43.140 info  [caliper] [connectors/peer-gateway/PeerGateway] 	Generating contract map for user _Org2MSP_User1
2026.08.25-06:39:43.140 info  [caliper] [caliper-worker] 	Info: worker 0 prepare test phase for round 0 is starting...
2026.08.25-06:39:43.142 info  [caliper] [connectors/peer-gateway/PeerGateway] 	disconnecting gateway for user User1
2026.08.25-06:39:43.142 info  [caliper] [connectors/peer-gateway/PeerGateway] 	disconnecting gateway for user _Org2MSP_User1
2026.08.25-06:39:43.142 info  [caliper] [connectors/peer-gateway/PeerGateway] 	disconnecting gRpc client at peer peer0.org1.example.com
2026.08.25-06:39:43.143 info  [caliper] [connectors/peer-gateway/PeerGateway] 	disconnecting gRpc client at peer peer0.org2.example.com
2026.08.25-06:39:43.143 info  [caliper] [caliper-worker] 	Info: worker 0 prepare test phase for round 0 is completed
2026.08.25-06:39:43.143 info  [caliper] [worker-message-handler] 	Worker#0 prepared for Round#0
2026.08.25-06:39:43.144 info  [caliper] [worker-orchestrator] 	4 workers prepared, progressing to test phase.
2026.08.25-06:39:43.144 info  [caliper] [round-orchestrator] 	Monitors successfully started
2026.08.25-06:39:43.145 info  [caliper] [worker-message-handler] 	Worker#0 is starting Round#0
2026.08.25-06:39:43.145 info  [caliper] [worker-message-handler] 	Worker#1 is starting Round#0
2026.08.25-06:39:43.145 info  [caliper] [worker-message-handler] 	Worker#2 is starting Round#0
2026.08.25-06:39:43.145 info  [caliper] [worker-message-handler] 	Worker#3 is starting Round#0
2026.08.25-06:39:43.187 info  [caliper] [connectors/peer-gateway/PeerGateway] 	Generating contract map for user User1
2026.08.25-06:39:43.187 info  [caliper] [connectors/peer-gateway/PeerGateway] 	Generating contract map for user User1
2026.08.25-06:39:43.189 info  [caliper] [connectors/peer-gateway/PeerGateway] 	Generating contract map for user User1
2026.08.25-06:39:43.194 info  [caliper] [connectors/peer-gateway/PeerGateway] 	Generating contract map for user User1
2026.08.25-06:39:43.217 info  [caliper] [connectors/peer-gateway/PeerGateway] 	Generating contract map for user _Org2MSP_User1
2026.08.25-06:39:43.217 info  [caliper] [connectors/peer-gateway/PeerGateway] 	Generating contract map for user _Org2MSP_User1
2026.08.25-06:39:43.219 info  [caliper] [caliper-worker] 	Worker #3 starting workload loop
2026.08.25-06:39:43.219 info  [caliper] [caliper-worker] 	Worker #2 starting workload loop
2026.08.25-06:39:43.222 info  [caliper] [connectors/peer-gateway/PeerGateway] 	Generating contract map for user _Org2MSP_User1
2026.08.25-06:39:43.223 info  [caliper] [caliper-worker] 	Worker #1 starting workload loop
2026.08.25-06:39:43.229 info  [caliper] [connectors/peer-gateway/PeerGateway] 	Generating contract map for user _Org2MSP_User1
2026.08.25-06:39:43.231 info  [caliper] [caliper-worker] 	Worker #0 starting workload loop
2026.08.25-06:39:48.152 info  [caliper] [default-observer] 	[rate-100 Round 0 Transaction Info] - Submitted: 401 Succ: 393 Fail:0 Unfinished:8
2026.08.25-06:39:53.144 info  [caliper] [default-observer] 	[rate-100 Round 0 Transaction Info] - Submitted: 901 Succ: 893 Fail:0 Unfinished:8
2026.08.25-06:39:58.144 info  [caliper] [default-observer] 	[rate-100 Round 0 Transaction Info] - Submitted: 1401 Succ: 1393 Fail:0 Unfinished:8
2026.08.25-06:40:03.145 info  [caliper] [default-observer] 	[rate-100 Round 0 Transaction Info] - Submitted: 1901 Succ: 1896 Fail:0 Unfinished:5
2026.08.25-06:40:08.375 info  [caliper] [default-observer] 	[rate-100 Round 0 Transaction Info] - Submitted: 2402 Succ: 2396 Fail:0 Unfinished:6
2026.08.25-06:40:13.376 info  [caliper] [default-observer] 	[rate-100 Round 0 Transaction Info] - Submitted: 2924 Succ: 2920 Fail:0 Unfinished:4
2026.08.25-06:40:16.325 info  [caliper] [connectors/peer-gateway/PeerGateway] 	disconnecting gateway for user User1
2026.08.25-06:40:16.325 info  [caliper] [connectors/peer-gateway/PeerGateway] 	disconnecting gateway for user User1
2026.08.25-06:40:16.326 info  [caliper] [connectors/peer-gateway/PeerGateway] 	disconnecting gateway for user _Org2MSP_User1
2026.08.25-06:40:16.326 info  [caliper] [connectors/peer-gateway/PeerGateway] 	disconnecting gateway for user _Org2MSP_User1
2026.08.25-06:40:16.326 info  [caliper] [connectors/peer-gateway/PeerGateway] 	disconnecting gRpc client at peer peer0.org1.example.com
2026.08.25-06:40:16.326 info  [caliper] [connectors/peer-gateway/PeerGateway] 	disconnecting gRpc client at peer peer0.org1.example.com
2026.08.25-06:40:16.326 info  [caliper] [connectors/peer-gateway/PeerGateway] 	disconnecting gRpc client at peer peer0.org2.example.com
2026.08.25-06:40:16.326 info  [caliper] [connectors/peer-gateway/PeerGateway] 	disconnecting gRpc client at peer peer0.org2.example.com
2026.08.25-06:40:16.326 info  [caliper] [worker-message-handler] 	Worker#3 finished Round#0
2026.08.25-06:40:16.326 info  [caliper] [worker-message-handler] 	Worker#2 finished Round#0
2026.08.25-06:40:16.329 info  [caliper] [connectors/peer-gateway/PeerGateway] 	disconnecting gateway for user User1
2026.08.25-06:40:16.329 info  [caliper] [connectors/peer-gateway/PeerGateway] 	disconnecting gateway for user _Org2MSP_User1
2026.08.25-06:40:16.330 info  [caliper] [connectors/peer-gateway/PeerGateway] 	disconnecting gRpc client at peer peer0.org1.example.com
2026.08.25-06:40:16.330 info  [caliper] [connectors/peer-gateway/PeerGateway] 	disconnecting gRpc client at peer peer0.org2.example.com
2026.08.25-06:40:16.330 info  [caliper] [worker-message-handler] 	Worker#1 finished Round#0
2026.08.25-06:40:16.339 info  [caliper] [connectors/peer-gateway/PeerGateway] 	disconnecting gateway for user User1
2026.08.25-06:40:16.339 info  [caliper] [connectors/peer-gateway/PeerGateway] 	disconnecting gateway for user _Org2MSP_User1
2026.08.25-06:40:16.339 info  [caliper] [connectors/peer-gateway/PeerGateway] 	disconnecting gRpc client at peer peer0.org1.example.com
2026.08.25-06:40:16.339 info  [caliper] [connectors/peer-gateway/PeerGateway] 	disconnecting gRpc client at peer peer0.org2.example.com
2026.08.25-06:40:16.339 info  [caliper] [worker-message-handler] 	Worker#0 finished Round#0
2026.08.25-06:40:21.344 info  [caliper] [default-observer] 	Resetting txCount indicator count
2026.08.25-06:40:21.344 info  [caliper] [report-builder] 	### Test result ###
2026.08.25-06:40:21.347 info  [caliper] [report-builder] 	
+----------+------+------+-----------------+-----------------+-----------------+-----------------+------------------+
| Name     | Succ | Fail | Send Rate (TPS) | Max Latency (s) | Min Latency (s) | Avg Latency (s) | Throughput (TPS) |
|----------|------|------|-----------------|-----------------|-----------------|-----------------|------------------|
| rate-100 | 3004 | 0    | 100.1           | 2.05            | 0.03            | 0.08            | 93.8             |
+----------+------+------+-----------------+-----------------+-----------------+-----------------+------------------+

2026.08.25-06:40:21.347 info  [caliper] [round-orchestrator] 	Finished round 1 (rate-100) in 32.119 seconds
2026.08.25-06:40:21.348 info  [caliper] [monitor.js] 	Stopping all monitors
2026.08.25-06:40:21.348 info  [caliper] [round-orchestrator] 	Waiting 5 seconds for the next round...
2026.08.25-06:40:26.353 info  [caliper] [round-orchestrator] 	Started round 2 (rate-200)
2026.08.25-06:40:26.354 info  [caliper] [worker-message-handler] 	Preparing Worker#2 for Round#1
2026.08.25-06:40:26.354 info  [caliper] [worker-message-handler] 	Preparing Worker#1 for Round#1
2026.08.25-06:40:26.354 info  [caliper] [worker-message-handler] 	Preparing Worker#3 for Round#1
2026.08.25-06:40:26.354 info  [caliper] [worker-message-handler] 	Preparing Worker#0 for Round#1
2026.08.25-06:40:26.360 info  [caliper] [connectors/peer-gateway/PeerGateway] 	Generating contract map for user User1
2026.08.25-06:40:26.360 info  [caliper] [connectors/peer-gateway/PeerGateway] 	Generating contract map for user User1
2026.08.25-06:40:26.361 info  [caliper] [connectors/peer-gateway/PeerGateway] 	Generating contract map for user User1
2026.08.25-06:40:26.362 info  [caliper] [connectors/peer-gateway/PeerGateway] 	Generating contract map for user User1
2026.08.25-06:40:26.367 info  [caliper] [connectors/peer-gateway/PeerGateway] 	Generating contract map for user _Org2MSP_User1
2026.08.25-06:40:26.367 info  [caliper] [connectors/peer-gateway/PeerGateway] 	Generating contract map for user _Org2MSP_User1
2026.08.25-06:40:26.367 info  [caliper] [connectors/peer-gateway/PeerGateway] 	Generating contract map for user _Org2MSP_User1
2026.08.25-06:40:26.367 info  [caliper] [caliper-worker] 	Info: worker 2 prepare test phase for round 1 is starting...
2026.08.25-06:40:26.367 info  [caliper] [caliper-worker] 	Info: worker 0 prepare test phase for round 1 is starting...
2026.08.25-06:40:26.368 info  [caliper] [caliper-worker] 	Info: worker 1 prepare test phase for round 1 is starting...
2026.08.25-06:40:26.369 info  [caliper] [connectors/peer-gateway/PeerGateway] 	disconnecting gateway for user User1
2026.08.25-06:40:26.369 info  [caliper] [connectors/peer-gateway/PeerGateway] 	disconnecting gateway for user _Org2MSP_User1
2026.08.25-06:40:26.369 info  [caliper] [connectors/peer-gateway/PeerGateway] 	disconnecting gRpc client at peer peer0.org1.example.com
2026.08.25-06:40:26.369 info  [caliper] [connectors/peer-gateway/PeerGateway] 	disconnecting gateway for user User1
2026.08.25-06:40:26.369 info  [caliper] [connectors/peer-gateway/PeerGateway] 	disconnecting gRpc client at peer peer0.org2.example.com
2026.08.25-06:40:26.369 info  [caliper] [connectors/peer-gateway/PeerGateway] 	disconnecting gateway for user _Org2MSP_User1
2026.08.25-06:40:26.369 info  [caliper] [connectors/peer-gateway/PeerGateway] 	disconnecting gRpc client at peer peer0.org1.example.com
2026.08.25-06:40:26.369 info  [caliper] [caliper-worker] 	Info: worker 2 prepare test phase for round 1 is completed
2026.08.25-06:40:26.369 info  [caliper] [worker-message-handler] 	Worker#2 prepared for Round#1
2026.08.25-06:40:26.369 info  [caliper] [connectors/peer-gateway/PeerGateway] 	disconnecting gRpc client at peer peer0.org2.example.com
2026.08.25-06:40:26.369 info  [caliper] [caliper-worker] 	Info: worker 0 prepare test phase for round 1 is completed
2026.08.25-06:40:26.369 info  [caliper] [worker-message-handler] 	Worker#0 prepared for Round#1
2026.08.25-06:40:26.369 info  [caliper] [connectors/peer-gateway/PeerGateway] 	disconnecting gateway for user User1
2026.08.25-06:40:26.369 info  [caliper] [connectors/peer-gateway/PeerGateway] 	disconnecting gateway for user _Org2MSP_User1
2026.08.25-06:40:26.369 info  [caliper] [connectors/peer-gateway/PeerGateway] 	disconnecting gRpc client at peer peer0.org1.example.com
2026.08.25-06:40:26.369 info  [caliper] [connectors/peer-gateway/PeerGateway] 	disconnecting gRpc client at peer peer0.org2.example.com
2026.08.25-06:40:26.369 info  [caliper] [caliper-worker] 	Info: worker 1 prepare test phase for round 1 is completed
2026.08.25-06:40:26.369 info  [caliper] [worker-message-handler] 	Worker#1 prepared for Round#1
2026.08.25-06:40:26.369 info  [caliper] [connectors/peer-gateway/PeerGateway] 	Generating contract map for user _Org2MSP_User1
2026.08.25-06:40:26.370 info  [caliper] [caliper-worker] 	Info: worker 3 prepare test phase for round 1 is starting...
2026.08.25-06:40:26.371 info  [caliper] [connectors/peer-gateway/PeerGateway] 	disconnecting gateway for user User1
2026.08.25-06:40:26.371 info  [caliper] [connectors/peer-gateway/PeerGateway] 	disconnecting gateway for user _Org2MSP_User1
2026.08.25-06:40:26.371 info  [caliper] [connectors/peer-gateway/PeerGateway] 	disconnecting gRpc client at peer peer0.org1.example.com
2026.08.25-06:40:26.371 info  [caliper] [connectors/peer-gateway/PeerGateway] 	disconnecting gRpc client at peer peer0.org2.example.com
2026.08.25-06:40:26.371 info  [caliper] [caliper-worker] 	Info: worker 3 prepare test phase for round 1 is completed
2026.08.25-06:40:26.371 info  [caliper] [worker-message-handler] 	Worker#3 prepared for Round#1
2026.08.25-06:40:26.371 info  [caliper] [worker-orchestrator] 	4 workers prepared, progressing to test phase.
2026.08.25-06:40:26.372 info  [caliper] [round-orchestrator] 	Monitors successfully started
2026.08.25-06:40:26.372 info  [caliper] [worker-message-handler] 	Worker#0 is starting Round#1
2026.08.25-06:40:26.372 info  [caliper] [worker-message-handler] 	Worker#3 is starting Round#1
2026.08.25-06:40:26.372 info  [caliper] [worker-message-handler] 	Worker#1 is starting Round#1
2026.08.25-06:40:26.372 info  [caliper] [worker-message-handler] 	Worker#2 is starting Round#1
2026.08.25-06:40:26.377 info  [caliper] [connectors/peer-gateway/PeerGateway] 	Generating contract map for user User1
2026.08.25-06:40:26.377 info  [caliper] [connectors/peer-gateway/PeerGateway] 	Generating contract map for user User1
2026.08.25-06:40:26.377 info  [caliper] [connectors/peer-gateway/PeerGateway] 	Generating contract map for user User1
2026.08.25-06:40:26.378 info  [caliper] [connectors/peer-gateway/PeerGateway] 	Generating contract map for user User1
2026.08.25-06:40:26.387 info  [caliper] [connectors/peer-gateway/PeerGateway] 	Generating contract map for user _Org2MSP_User1
2026.08.25-06:40:26.388 info  [caliper] [connectors/peer-gateway/PeerGateway] 	Generating contract map for user _Org2MSP_User1
2026.08.25-06:40:26.388 info  [caliper] [connectors/peer-gateway/PeerGateway] 	Generating contract map for user _Org2MSP_User1
2026.08.25-06:40:26.388 info  [caliper] [caliper-worker] 	Worker #3 starting workload loop
2026.08.25-06:40:26.388 info  [caliper] [caliper-worker] 	Worker #2 starting workload loop
2026.08.25-06:40:26.388 info  [caliper] [caliper-worker] 	Worker #0 starting workload loop
2026.08.25-06:40:26.388 info  [caliper] [connectors/peer-gateway/PeerGateway] 	Generating contract map for user _Org2MSP_User1
2026.08.25-06:40:26.389 info  [caliper] [caliper-worker] 	Worker #1 starting workload loop
2026.08.25-06:40:31.372 info  [caliper] [default-observer] 	[rate-200 Round 1 Transaction Info] - Submitted: 802 Succ: 790 Fail:0 Unfinished:12
2026.08.25-06:40:36.374 info  [caliper] [default-observer] 	[rate-200 Round 1 Transaction Info] - Submitted: 1803 Succ: 1790 Fail:0 Unfinished:13
2026.08.25-06:40:41.373 info  [caliper] [default-observer] 	[rate-200 Round 1 Transaction Info] - Submitted: 2804 Succ: 2790 Fail:0 Unfinished:14
2026.08.25-06:40:46.374 info  [caliper] [default-observer] 	[rate-200 Round 1 Transaction Info] - Submitted: 3804 Succ: 3790 Fail:0 Unfinished:14
2026.08.25-06:40:51.376 info  [caliper] [default-observer] 	[rate-200 Round 1 Transaction Info] - Submitted: 4804 Succ: 4790 Fail:0 Unfinished:14
2026.08.25-06:40:56.378 info  [caliper] [default-observer] 	[rate-200 Round 1 Transaction Info] - Submitted: 5804 Succ: 5790 Fail:0 Unfinished:14
2026.08.25-06:40:59.494 info  [caliper] [connectors/peer-gateway/PeerGateway] 	disconnecting gateway for user User1
2026.08.25-06:40:59.495 info  [caliper] [connectors/peer-gateway/PeerGateway] 	disconnecting gateway for user _Org2MSP_User1
2026.08.25-06:40:59.495 info  [caliper] [connectors/peer-gateway/PeerGateway] 	disconnecting gRpc client at peer peer0.org1.example.com
2026.08.25-06:40:59.495 info  [caliper] [connectors/peer-gateway/PeerGateway] 	disconnecting gRpc client at peer peer0.org2.example.com
2026.08.25-06:40:59.495 info  [caliper] [worker-message-handler] 	Worker#1 finished Round#1
2026.08.25-06:40:59.495 info  [caliper] [connectors/peer-gateway/PeerGateway] 	disconnecting gateway for user User1
2026.08.25-06:40:59.495 info  [caliper] [connectors/peer-gateway/PeerGateway] 	disconnecting gateway for user _Org2MSP_User1
2026.08.25-06:40:59.495 info  [caliper] [connectors/peer-gateway/PeerGateway] 	disconnecting gRpc client at peer peer0.org1.example.com
2026.08.25-06:40:59.495 info  [caliper] [connectors/peer-gateway/PeerGateway] 	disconnecting gRpc client at peer peer0.org2.example.com
2026.08.25-06:40:59.495 info  [caliper] [worker-message-handler] 	Worker#2 finished Round#1
2026.08.25-06:40:59.497 info  [caliper] [connectors/peer-gateway/PeerGateway] 	disconnecting gateway for user User1
2026.08.25-06:40:59.497 info  [caliper] [connectors/peer-gateway/PeerGateway] 	disconnecting gateway for user _Org2MSP_User1
2026.08.25-06:40:59.497 info  [caliper] [connectors/peer-gateway/PeerGateway] 	disconnecting gRpc client at peer peer0.org1.example.com
2026.08.25-06:40:59.497 info  [caliper] [connectors/peer-gateway/PeerGateway] 	disconnecting gRpc client at peer peer0.org2.example.com
2026.08.25-06:40:59.497 info  [caliper] [worker-message-handler] 	Worker#0 finished Round#1
2026.08.25-06:40:59.497 info  [caliper] [connectors/peer-gateway/PeerGateway] 	disconnecting gateway for user User1
2026.08.25-06:40:59.497 info  [caliper] [connectors/peer-gateway/PeerGateway] 	disconnecting gateway for user _Org2MSP_User1
2026.08.25-06:40:59.497 info  [caliper] [connectors/peer-gateway/PeerGateway] 	disconnecting gRpc client at peer peer0.org1.example.com
2026.08.25-06:40:59.497 info  [caliper] [connectors/peer-gateway/PeerGateway] 	disconnecting gRpc client at peer peer0.org2.example.com
2026.08.25-06:40:59.497 info  [caliper] [worker-message-handler] 	Worker#3 finished Round#1
2026.08.25-06:41:04.502 info  [caliper] [default-observer] 	Resetting txCount indicator count
2026.08.25-06:41:04.502 info  [caliper] [report-builder] 	### Test result ###
2026.08.25-06:41:04.502 info  [caliper] [report-builder] 	
+----------+------+------+-----------------+-----------------+-----------------+-----------------+------------------+
| Name     | Succ | Fail | Send Rate (TPS) | Max Latency (s) | Min Latency (s) | Avg Latency (s) | Throughput (TPS) |
|----------|------|------|-----------------|-----------------|-----------------|-----------------|------------------|
| rate-200 | 6004 | 0    | 200.1           | 2.04            | 0.03            | 0.06            | 187.4            |
+----------+------+------+-----------------+-----------------+-----------------+-----------------+------------------+

2026.08.25-06:41:04.502 info  [caliper] [round-orchestrator] 	Finished round 2 (rate-200) in 32.108 seconds
2026.08.25-06:41:04.502 info  [caliper] [monitor.js] 	Stopping all monitors
2026.08.25-06:41:04.502 info  [caliper] [round-orchestrator] 	Waiting 5 seconds for the next round...
2026.08.25-06:41:09.503 info  [caliper] [round-orchestrator] 	Started round 3 (rate-300)
2026.08.25-06:41:09.503 info  [caliper] [worker-message-handler] 	Preparing Worker#0 for Round#2
2026.08.25-06:41:09.503 info  [caliper] [worker-message-handler] 	Preparing Worker#2 for Round#2
2026.08.25-06:41:09.504 info  [caliper] [worker-message-handler] 	Preparing Worker#1 for Round#2
2026.08.25-06:41:09.504 info  [caliper] [worker-message-handler] 	Preparing Worker#3 for Round#2
2026.08.25-06:41:09.511 info  [caliper] [connectors/peer-gateway/PeerGateway] 	Generating contract map for user User1
2026.08.25-06:41:09.511 info  [caliper] [connectors/peer-gateway/PeerGateway] 	Generating contract map for user User1
2026.08.25-06:41:09.512 info  [caliper] [connectors/peer-gateway/PeerGateway] 	Generating contract map for user User1
2026.08.25-06:41:09.514 info  [caliper] [connectors/peer-gateway/PeerGateway] 	Generating contract map for user User1
2026.08.25-06:41:09.517 info  [caliper] [connectors/peer-gateway/PeerGateway] 	Generating contract map for user _Org2MSP_User1
2026.08.25-06:41:09.517 info  [caliper] [caliper-worker] 	Info: worker 2 prepare test phase for round 2 is starting...
2026.08.25-06:41:09.518 info  [caliper] [connectors/peer-gateway/PeerGateway] 	Generating contract map for user _Org2MSP_User1
2026.08.25-06:41:09.518 info  [caliper] [caliper-worker] 	Info: worker 3 prepare test phase for round 2 is starting...
2026.08.25-06:41:09.518 info  [caliper] [connectors/peer-gateway/PeerGateway] 	disconnecting gateway for user User1
2026.08.25-06:41:09.518 info  [caliper] [connectors/peer-gateway/PeerGateway] 	disconnecting gateway for user _Org2MSP_User1
2026.08.25-06:41:09.519 info  [caliper] [connectors/peer-gateway/PeerGateway] 	disconnecting gRpc client at peer peer0.org1.example.com
2026.08.25-06:41:09.519 info  [caliper] [connectors/peer-gateway/PeerGateway] 	disconnecting gRpc client at peer peer0.org2.example.com
2026.08.25-06:41:09.519 info  [caliper] [caliper-worker] 	Info: worker 2 prepare test phase for round 2 is completed
2026.08.25-06:41:09.519 info  [caliper] [worker-message-handler] 	Worker#2 prepared for Round#2
2026.08.25-06:41:09.519 info  [caliper] [connectors/peer-gateway/PeerGateway] 	Generating contract map for user _Org2MSP_User1
2026.08.25-06:41:09.519 info  [caliper] [connectors/peer-gateway/PeerGateway] 	disconnecting gateway for user User1
2026.08.25-06:41:09.519 info  [caliper] [connectors/peer-gateway/PeerGateway] 	disconnecting gateway for user _Org2MSP_User1
2026.08.25-06:41:09.519 info  [caliper] [caliper-worker] 	Info: worker 0 prepare test phase for round 2 is starting...
2026.08.25-06:41:09.519 info  [caliper] [connectors/peer-gateway/PeerGateway] 	disconnecting gRpc client at peer peer0.org1.example.com
2026.08.25-06:41:09.519 info  [caliper] [connectors/peer-gateway/PeerGateway] 	disconnecting gRpc client at peer peer0.org2.example.com
2026.08.25-06:41:09.519 info  [caliper] [caliper-worker] 	Info: worker 3 prepare test phase for round 2 is completed
2026.08.25-06:41:09.519 info  [caliper] [worker-message-handler] 	Worker#3 prepared for Round#2
2026.08.25-06:41:09.520 info  [caliper] [connectors/peer-gateway/PeerGateway] 	disconnecting gateway for user User1
2026.08.25-06:41:09.521 info  [caliper] [connectors/peer-gateway/PeerGateway] 	disconnecting gateway for user _Org2MSP_User1
2026.08.25-06:41:09.521 info  [caliper] [connectors/peer-gateway/PeerGateway] 	disconnecting gRpc client at peer peer0.org1.example.com
2026.08.25-06:41:09.521 info  [caliper] [connectors/peer-gateway/PeerGateway] 	disconnecting gRpc client at peer peer0.org2.example.com
2026.08.25-06:41:09.521 info  [caliper] [caliper-worker] 	Info: worker 0 prepare test phase for round 2 is completed
2026.08.25-06:41:09.521 info  [caliper] [worker-message-handler] 	Worker#0 prepared for Round#2
2026.08.25-06:41:09.522 info  [caliper] [connectors/peer-gateway/PeerGateway] 	Generating contract map for user _Org2MSP_User1
2026.08.25-06:41:09.522 info  [caliper] [caliper-worker] 	Info: worker 1 prepare test phase for round 2 is starting...
2026.08.25-06:41:09.523 info  [caliper] [connectors/peer-gateway/PeerGateway] 	disconnecting gateway for user User1
2026.08.25-06:41:09.523 info  [caliper] [connectors/peer-gateway/PeerGateway] 	disconnecting gateway for user _Org2MSP_User1
2026.08.25-06:41:09.523 info  [caliper] [connectors/peer-gateway/PeerGateway] 	disconnecting gRpc client at peer peer0.org1.example.com
2026.08.25-06:41:09.523 info  [caliper] [connectors/peer-gateway/PeerGateway] 	disconnecting gRpc client at peer peer0.org2.example.com
2026.08.25-06:41:09.523 info  [caliper] [caliper-worker] 	Info: worker 1 prepare test phase for round 2 is completed
2026.08.25-06:41:09.523 info  [caliper] [worker-message-handler] 	Worker#1 prepared for Round#2
2026.08.25-06:41:09.524 info  [caliper] [worker-orchestrator] 	4 workers prepared, progressing to test phase.
2026.08.25-06:41:09.524 info  [caliper] [round-orchestrator] 	Monitors successfully started
2026.08.25-06:41:09.524 info  [caliper] [worker-message-handler] 	Worker#0 is starting Round#2
2026.08.25-06:41:09.525 info  [caliper] [worker-message-handler] 	Worker#1 is starting Round#2
2026.08.25-06:41:09.525 info  [caliper] [worker-message-handler] 	Worker#2 is starting Round#2
2026.08.25-06:41:09.525 info  [caliper] [worker-message-handler] 	Worker#3 is starting Round#2
2026.08.25-06:41:09.529 info  [caliper] [connectors/peer-gateway/PeerGateway] 	Generating contract map for user User1
2026.08.25-06:41:09.529 info  [caliper] [connectors/peer-gateway/PeerGateway] 	Generating contract map for user User1
2026.08.25-06:41:09.529 info  [caliper] [connectors/peer-gateway/PeerGateway] 	Generating contract map for user User1
2026.08.25-06:41:09.529 info  [caliper] [connectors/peer-gateway/PeerGateway] 	Generating contract map for user User1
2026.08.25-06:41:09.533 info  [caliper] [connectors/peer-gateway/PeerGateway] 	Generating contract map for user _Org2MSP_User1
2026.08.25-06:41:09.533 info  [caliper] [connectors/peer-gateway/PeerGateway] 	Generating contract map for user _Org2MSP_User1
2026.08.25-06:41:09.533 info  [caliper] [connectors/peer-gateway/PeerGateway] 	Generating contract map for user _Org2MSP_User1
2026.08.25-06:41:09.533 info  [caliper] [caliper-worker] 	Worker #3 starting workload loop
2026.08.25-06:41:09.533 info  [caliper] [caliper-worker] 	Worker #1 starting workload loop
2026.08.25-06:41:09.533 info  [caliper] [caliper-worker] 	Worker #2 starting workload loop
2026.08.25-06:41:09.534 info  [caliper] [connectors/peer-gateway/PeerGateway] 	Generating contract map for user _Org2MSP_User1
2026.08.25-06:41:09.534 info  [caliper] [caliper-worker] 	Worker #0 starting workload loop
2026.08.25-06:41:14.527 info  [caliper] [default-observer] 	[rate-300 Round 2 Transaction Info] - Submitted: 1202 Succ: 1182 Fail:0 Unfinished:20
2026.08.25-06:41:19.525 info  [caliper] [default-observer] 	[rate-300 Round 2 Transaction Info] - Submitted: 2704 Succ: 2680 Fail:0 Unfinished:24
2026.08.25-06:41:24.526 info  [caliper] [default-observer] 	[rate-300 Round 2 Transaction Info] - Submitted: 4204 Succ: 4190 Fail:0 Unfinished:14
2026.08.25-06:41:29.526 info  [caliper] [default-observer] 	[rate-300 Round 2 Transaction Info] - Submitted: 5704 Succ: 5680 Fail:0 Unfinished:24
2026.08.25-06:41:34.527 info  [caliper] [default-observer] 	[rate-300 Round 2 Transaction Info] - Submitted: 7204 Succ: 7180 Fail:0 Unfinished:24
2026.08.25-06:41:39.527 info  [caliper] [default-observer] 	[rate-300 Round 2 Transaction Info] - Submitted: 8704 Succ: 8680 Fail:0 Unfinished:24
2026.08.25-06:41:42.639 info  [caliper] [connectors/peer-gateway/PeerGateway] 	disconnecting gateway for user User1
2026.08.25-06:41:42.639 info  [caliper] [connectors/peer-gateway/PeerGateway] 	disconnecting gateway for user _Org2MSP_User1
2026.08.25-06:41:42.639 info  [caliper] [connectors/peer-gateway/PeerGateway] 	disconnecting gRpc client at peer peer0.org1.example.com
2026.08.25-06:41:42.639 info  [caliper] [connectors/peer-gateway/PeerGateway] 	disconnecting gRpc client at peer peer0.org2.example.com
2026.08.25-06:41:42.640 info  [caliper] [worker-message-handler] 	Worker#0 finished Round#2
2026.08.25-06:41:42.640 info  [caliper] [connectors/peer-gateway/PeerGateway] 	disconnecting gateway for user User1
2026.08.25-06:41:42.640 info  [caliper] [connectors/peer-gateway/PeerGateway] 	disconnecting gateway for user _Org2MSP_User1
2026.08.25-06:41:42.640 info  [caliper] [connectors/peer-gateway/PeerGateway] 	disconnecting gRpc client at peer peer0.org1.example.com
2026.08.25-06:41:42.641 info  [caliper] [connectors/peer-gateway/PeerGateway] 	disconnecting gateway for user User1
2026.08.25-06:41:42.641 info  [caliper] [connectors/peer-gateway/PeerGateway] 	disconnecting gateway for user User1
2026.08.25-06:41:42.641 info  [caliper] [connectors/peer-gateway/PeerGateway] 	disconnecting gateway for user _Org2MSP_User1
2026.08.25-06:41:42.641 info  [caliper] [connectors/peer-gateway/PeerGateway] 	disconnecting gRpc client at peer peer0.org1.example.com
2026.08.25-06:41:42.641 info  [caliper] [connectors/peer-gateway/PeerGateway] 	disconnecting gateway for user _Org2MSP_User1
2026.08.25-06:41:42.641 info  [caliper] [connectors/peer-gateway/PeerGateway] 	disconnecting gRpc client at peer peer0.org1.example.com
2026.08.25-06:41:42.641 info  [caliper] [connectors/peer-gateway/PeerGateway] 	disconnecting gRpc client at peer peer0.org2.example.com
2026.08.25-06:41:42.641 info  [caliper] [worker-message-handler] 	Worker#1 finished Round#2
2026.08.25-06:41:42.641 info  [caliper] [connectors/peer-gateway/PeerGateway] 	disconnecting gRpc client at peer peer0.org2.example.com
2026.08.25-06:41:42.641 info  [caliper] [worker-message-handler] 	Worker#3 finished Round#2
2026.08.25-06:41:42.641 info  [caliper] [connectors/peer-gateway/PeerGateway] 	disconnecting gRpc client at peer peer0.org2.example.com
2026.08.25-06:41:42.641 info  [caliper] [worker-message-handler] 	Worker#2 finished Round#2
2026.08.25-06:41:47.646 info  [caliper] [default-observer] 	Resetting txCount indicator count
2026.08.25-06:41:47.647 info  [caliper] [report-builder] 	### Test result ###
2026.08.25-06:41:47.647 info  [caliper] [report-builder] 	
+----------+------+------+-----------------+-----------------+-----------------+-----------------+------------------+
| Name     | Succ | Fail | Send Rate (TPS) | Max Latency (s) | Min Latency (s) | Avg Latency (s) | Throughput (TPS) |
|----------|------|------|-----------------|-----------------|-----------------|-----------------|------------------|
| rate-300 | 9004 | 0    | 300.1           | 2.04            | 0.03            | 0.06            | 281.0            |
+----------+------+------+-----------------+-----------------+-----------------+-----------------+------------------+

2026.08.25-06:41:47.648 info  [caliper] [round-orchestrator] 	Finished round 3 (rate-300) in 32.107 seconds
2026.08.25-06:41:47.648 info  [caliper] [monitor.js] 	Stopping all monitors
2026.08.25-06:41:47.648 info  [caliper] [round-orchestrator] 	Waiting 5 seconds for the next round...
2026.08.25-06:41:52.653 info  [caliper] [round-orchestrator] 	Started round 4 (rate-400)
2026.08.25-06:41:52.654 info  [caliper] [worker-message-handler] 	Preparing Worker#0 for Round#3
2026.08.25-06:41:52.654 info  [caliper] [worker-message-handler] 	Preparing Worker#1 for Round#3
2026.08.25-06:41:52.655 info  [caliper] [worker-message-handler] 	Preparing Worker#3 for Round#3
2026.08.25-06:41:52.655 info  [caliper] [worker-message-handler] 	Preparing Worker#2 for Round#3
2026.08.25-06:41:52.674 info  [caliper] [connectors/peer-gateway/PeerGateway] 	Generating contract map for user User1
2026.08.25-06:41:52.675 info  [caliper] [connectors/peer-gateway/PeerGateway] 	Generating contract map for user User1
2026.08.25-06:41:52.676 info  [caliper] [connectors/peer-gateway/PeerGateway] 	Generating contract map for user User1
2026.08.25-06:41:52.677 info  [caliper] [connectors/peer-gateway/PeerGateway] 	Generating contract map for user User1
2026.08.25-06:41:52.688 info  [caliper] [connectors/peer-gateway/PeerGateway] 	Generating contract map for user _Org2MSP_User1
2026.08.25-06:41:52.688 info  [caliper] [connectors/peer-gateway/PeerGateway] 	Generating contract map for user _Org2MSP_User1
2026.08.25-06:41:52.688 info  [caliper] [caliper-worker] 	Info: worker 1 prepare test phase for round 3 is starting...
2026.08.25-06:41:52.688 info  [caliper] [caliper-worker] 	Info: worker 3 prepare test phase for round 3 is starting...
2026.08.25-06:41:52.689 info  [caliper] [connectors/peer-gateway/PeerGateway] 	Generating contract map for user _Org2MSP_User1
2026.08.25-06:41:52.689 info  [caliper] [caliper-worker] 	Info: worker 2 prepare test phase for round 3 is starting...
2026.08.25-06:41:52.689 info  [caliper] [connectors/peer-gateway/PeerGateway] 	disconnecting gateway for user User1
2026.08.25-06:41:52.690 info  [caliper] [connectors/peer-gateway/PeerGateway] 	disconnecting gateway for user _Org2MSP_User1
2026.08.25-06:41:52.689 info  [caliper] [connectors/peer-gateway/PeerGateway] 	disconnecting gateway for user User1
2026.08.25-06:41:52.690 info  [caliper] [connectors/peer-gateway/PeerGateway] 	disconnecting gRpc client at peer peer0.org1.example.com
2026.08.25-06:41:52.690 info  [caliper] [connectors/peer-gateway/PeerGateway] 	disconnecting gateway for user _Org2MSP_User1
2026.08.25-06:41:52.690 info  [caliper] [connectors/peer-gateway/PeerGateway] 	disconnecting gRpc client at peer peer0.org1.example.com
2026.08.25-06:41:52.690 info  [caliper] [connectors/peer-gateway/PeerGateway] 	disconnecting gRpc client at peer peer0.org2.example.com
2026.08.25-06:41:52.690 info  [caliper] [connectors/peer-gateway/PeerGateway] 	disconnecting gRpc client at peer peer0.org2.example.com
2026.08.25-06:41:52.690 info  [caliper] [caliper-worker] 	Info: worker 1 prepare test phase for round 3 is completed
2026.08.25-06:41:52.690 info  [caliper] [caliper-worker] 	Info: worker 3 prepare test phase for round 3 is completed
2026.08.25-06:41:52.690 info  [caliper] [worker-message-handler] 	Worker#3 prepared for Round#3
2026.08.25-06:41:52.690 info  [caliper] [worker-message-handler] 	Worker#1 prepared for Round#3
2026.08.25-06:41:52.690 info  [caliper] [connectors/peer-gateway/PeerGateway] 	Generating contract map for user _Org2MSP_User1
2026.08.25-06:41:52.690 info  [caliper] [caliper-worker] 	Info: worker 0 prepare test phase for round 3 is starting...
2026.08.25-06:41:52.690 info  [caliper] [connectors/peer-gateway/PeerGateway] 	disconnecting gateway for user User1
2026.08.25-06:41:52.691 info  [caliper] [connectors/peer-gateway/PeerGateway] 	disconnecting gateway for user _Org2MSP_User1
2026.08.25-06:41:52.691 info  [caliper] [connectors/peer-gateway/PeerGateway] 	disconnecting gRpc client at peer peer0.org1.example.com
2026.08.25-06:41:52.691 info  [caliper] [connectors/peer-gateway/PeerGateway] 	disconnecting gRpc client at peer peer0.org2.example.com
2026.08.25-06:41:52.691 info  [caliper] [caliper-worker] 	Info: worker 2 prepare test phase for round 3 is completed
2026.08.25-06:41:52.691 info  [caliper] [worker-message-handler] 	Worker#2 prepared for Round#3
2026.08.25-06:41:52.692 info  [caliper] [connectors/peer-gateway/PeerGateway] 	disconnecting gateway for user User1
2026.08.25-06:41:52.692 info  [caliper] [connectors/peer-gateway/PeerGateway] 	disconnecting gateway for user _Org2MSP_User1
2026.08.25-06:41:52.692 info  [caliper] [connectors/peer-gateway/PeerGateway] 	disconnecting gRpc client at peer peer0.org1.example.com
2026.08.25-06:41:52.692 info  [caliper] [connectors/peer-gateway/PeerGateway] 	disconnecting gRpc client at peer peer0.org2.example.com
2026.08.25-06:41:52.692 info  [caliper] [caliper-worker] 	Info: worker 0 prepare test phase for round 3 is completed
2026.08.25-06:41:52.692 info  [caliper] [worker-message-handler] 	Worker#0 prepared for Round#3
2026.08.25-06:41:52.692 info  [caliper] [worker-orchestrator] 	4 workers prepared, progressing to test phase.
2026.08.25-06:41:52.693 info  [caliper] [round-orchestrator] 	Monitors successfully started
2026.08.25-06:41:52.693 info  [caliper] [worker-message-handler] 	Worker#0 is starting Round#3
2026.08.25-06:41:52.693 info  [caliper] [worker-message-handler] 	Worker#1 is starting Round#3
2026.08.25-06:41:52.694 info  [caliper] [worker-message-handler] 	Worker#2 is starting Round#3
2026.08.25-06:41:52.694 info  [caliper] [worker-message-handler] 	Worker#3 is starting Round#3
2026.08.25-06:41:52.699 info  [caliper] [connectors/peer-gateway/PeerGateway] 	Generating contract map for user User1
2026.08.25-06:41:52.699 info  [caliper] [connectors/peer-gateway/PeerGateway] 	Generating contract map for user User1
2026.08.25-06:41:52.699 info  [caliper] [connectors/peer-gateway/PeerGateway] 	Generating contract map for user User1
2026.08.25-06:41:52.701 info  [caliper] [connectors/peer-gateway/PeerGateway] 	Generating contract map for user User1
2026.08.25-06:41:52.706 info  [caliper] [connectors/peer-gateway/PeerGateway] 	Generating contract map for user _Org2MSP_User1
2026.08.25-06:41:52.706 info  [caliper] [connectors/peer-gateway/PeerGateway] 	Generating contract map for user _Org2MSP_User1
2026.08.25-06:41:52.706 info  [caliper] [connectors/peer-gateway/PeerGateway] 	Generating contract map for user _Org2MSP_User1
2026.08.25-06:41:52.707 info  [caliper] [caliper-worker] 	Worker #1 starting workload loop
2026.08.25-06:41:52.707 info  [caliper] [caliper-worker] 	Worker #3 starting workload loop
2026.08.25-06:41:52.707 info  [caliper] [caliper-worker] 	Worker #0 starting workload loop
2026.08.25-06:41:52.708 info  [caliper] [connectors/peer-gateway/PeerGateway] 	Generating contract map for user _Org2MSP_User1
2026.08.25-06:41:52.708 info  [caliper] [caliper-worker] 	Worker #2 starting workload loop
2026.08.25-06:41:57.696 info  [caliper] [default-observer] 	[rate-400 Round 3 Transaction Info] - Submitted: 1595 Succ: 1567 Fail:0 Unfinished:28
2026.08.25-06:42:02.695 info  [caliper] [default-observer] 	[rate-400 Round 3 Transaction Info] - Submitted: 3607 Succ: 3575 Fail:0 Unfinished:32
2026.08.25-06:42:07.699 info  [caliper] [default-observer] 	[rate-400 Round 3 Transaction Info] - Submitted: 5602 Succ: 5520 Fail:0 Unfinished:82
2026.08.25-06:42:12.698 info  [caliper] [default-observer] 	[rate-400 Round 3 Transaction Info] - Submitted: 7619 Succ: 7586 Fail:0 Unfinished:33
2026.08.25-06:42:17.699 info  [caliper] [default-observer] 	[rate-400 Round 3 Transaction Info] - Submitted: 9619 Succ: 9587 Fail:0 Unfinished:32
2026.08.25-06:42:22.700 info  [caliper] [default-observer] 	[rate-400 Round 3 Transaction Info] - Submitted: 11621 Succ: 11595 Fail:0 Unfinished:26
2026.08.25-06:42:25.813 info  [caliper] [connectors/peer-gateway/PeerGateway] 	disconnecting gateway for user User1
2026.08.25-06:42:25.813 info  [caliper] [connectors/peer-gateway/PeerGateway] 	disconnecting gateway for user User1
2026.08.25-06:42:25.813 info  [caliper] [connectors/peer-gateway/PeerGateway] 	disconnecting gateway for user _Org2MSP_User1
2026.08.25-06:42:25.813 info  [caliper] [connectors/peer-gateway/PeerGateway] 	disconnecting gateway for user _Org2MSP_User1
2026.08.25-06:42:25.813 info  [caliper] [connectors/peer-gateway/PeerGateway] 	disconnecting gRpc client at peer peer0.org1.example.com
2026.08.25-06:42:25.813 info  [caliper] [connectors/peer-gateway/PeerGateway] 	disconnecting gRpc client at peer peer0.org1.example.com
2026.08.25-06:42:25.813 info  [caliper] [connectors/peer-gateway/PeerGateway] 	disconnecting gRpc client at peer peer0.org2.example.com
2026.08.25-06:42:25.814 info  [caliper] [worker-message-handler] 	Worker#0 finished Round#3
2026.08.25-06:42:25.814 info  [caliper] [connectors/peer-gateway/PeerGateway] 	disconnecting gateway for user User1
2026.08.25-06:42:25.814 info  [caliper] [connectors/peer-gateway/PeerGateway] 	disconnecting gateway for user _Org2MSP_User1
2026.08.25-06:42:25.814 info  [caliper] [connectors/peer-gateway/PeerGateway] 	disconnecting gRpc client at peer peer0.org1.example.com
2026.08.25-06:42:25.815 info  [caliper] [connectors/peer-gateway/PeerGateway] 	disconnecting gRpc client at peer peer0.org2.example.com
2026.08.25-06:42:25.815 info  [caliper] [worker-message-handler] 	Worker#3 finished Round#3
2026.08.25-06:42:25.815 info  [caliper] [connectors/peer-gateway/PeerGateway] 	disconnecting gRpc client at peer peer0.org2.example.com
2026.08.25-06:42:25.815 info  [caliper] [worker-message-handler] 	Worker#1 finished Round#3
2026.08.25-06:42:25.816 info  [caliper] [connectors/peer-gateway/PeerGateway] 	disconnecting gateway for user User1
2026.08.25-06:42:25.816 info  [caliper] [connectors/peer-gateway/PeerGateway] 	disconnecting gateway for user _Org2MSP_User1
2026.08.25-06:42:25.816 info  [caliper] [connectors/peer-gateway/PeerGateway] 	disconnecting gRpc client at peer peer0.org1.example.com
2026.08.25-06:42:25.816 info  [caliper] [connectors/peer-gateway/PeerGateway] 	disconnecting gRpc client at peer peer0.org2.example.com
2026.08.25-06:42:25.817 info  [caliper] [worker-message-handler] 	Worker#2 finished Round#3
2026.08.25-06:42:30.820 info  [caliper] [default-observer] 	Resetting txCount indicator count
2026.08.25-06:42:30.821 info  [caliper] [report-builder] 	### Test result ###
2026.08.25-06:42:30.821 info  [caliper] [report-builder] 	
+----------+-------+------+-----------------+-----------------+-----------------+-----------------+------------------+
| Name     | Succ  | Fail | Send Rate (TPS) | Max Latency (s) | Min Latency (s) | Avg Latency (s) | Throughput (TPS) |
|----------|-------|------|-----------------|-----------------|-----------------|-----------------|------------------|
| rate-400 | 12004 | 0    | 400.1           | 2.04            | 0.04            | 0.12            | 374.6            |
+----------+-------+------+-----------------+-----------------+-----------------+-----------------+------------------+

2026.08.25-06:42:30.821 info  [caliper] [round-orchestrator] 	Finished round 4 (rate-400) in 32.108 seconds
2026.08.25-06:42:30.821 info  [caliper] [monitor.js] 	Stopping all monitors
2026.08.25-06:42:30.821 info  [caliper] [round-orchestrator] 	Waiting 5 seconds for the next round...
2026.08.25-06:42:35.826 info  [caliper] [round-orchestrator] 	Started round 5 (rate-500)
2026.08.25-06:42:35.827 info  [caliper] [worker-message-handler] 	Preparing Worker#0 for Round#4
2026.08.25-06:42:35.827 info  [caliper] [worker-message-handler] 	Preparing Worker#1 for Round#4
2026.08.25-06:42:35.827 info  [caliper] [worker-message-handler] 	Preparing Worker#2 for Round#4
2026.08.25-06:42:35.828 info  [caliper] [worker-message-handler] 	Preparing Worker#3 for Round#4
2026.08.25-06:42:35.841 info  [caliper] [connectors/peer-gateway/PeerGateway] 	Generating contract map for user User1
2026.08.25-06:42:35.841 info  [caliper] [connectors/peer-gateway/PeerGateway] 	Generating contract map for user User1
2026.08.25-06:42:35.841 info  [caliper] [connectors/peer-gateway/PeerGateway] 	Generating contract map for user User1
2026.08.25-06:42:35.841 info  [caliper] [connectors/peer-gateway/PeerGateway] 	Generating contract map for user User1
2026.08.25-06:42:35.853 info  [caliper] [connectors/peer-gateway/PeerGateway] 	Generating contract map for user _Org2MSP_User1
2026.08.25-06:42:35.853 info  [caliper] [connectors/peer-gateway/PeerGateway] 	Generating contract map for user _Org2MSP_User1
2026.08.25-06:42:35.853 info  [caliper] [connectors/peer-gateway/PeerGateway] 	Generating contract map for user _Org2MSP_User1
2026.08.25-06:42:35.853 info  [caliper] [caliper-worker] 	Info: worker 3 prepare test phase for round 4 is starting...
2026.08.25-06:42:35.853 info  [caliper] [caliper-worker] 	Info: worker 1 prepare test phase for round 4 is starting...
2026.08.25-06:42:35.853 info  [caliper] [caliper-worker] 	Info: worker 0 prepare test phase for round 4 is starting...
2026.08.25-06:42:35.854 info  [caliper] [connectors/peer-gateway/PeerGateway] 	disconnecting gateway for user User1
2026.08.25-06:42:35.854 info  [caliper] [connectors/peer-gateway/PeerGateway] 	disconnecting gateway for user User1
2026.08.25-06:42:35.854 info  [caliper] [connectors/peer-gateway/PeerGateway] 	disconnecting gateway for user _Org2MSP_User1
2026.08.25-06:42:35.854 info  [caliper] [connectors/peer-gateway/PeerGateway] 	disconnecting gateway for user _Org2MSP_User1
2026.08.25-06:42:35.854 info  [caliper] [connectors/peer-gateway/PeerGateway] 	disconnecting gRpc client at peer peer0.org1.example.com
2026.08.25-06:42:35.854 info  [caliper] [connectors/peer-gateway/PeerGateway] 	disconnecting gRpc client at peer peer0.org1.example.com
2026.08.25-06:42:35.854 info  [caliper] [connectors/peer-gateway/PeerGateway] 	disconnecting gateway for user User1
2026.08.25-06:42:35.854 info  [caliper] [connectors/peer-gateway/PeerGateway] 	disconnecting gRpc client at peer peer0.org2.example.com
2026.08.25-06:42:35.854 info  [caliper] [connectors/peer-gateway/PeerGateway] 	disconnecting gRpc client at peer peer0.org2.example.com
2026.08.25-06:42:35.854 info  [caliper] [caliper-worker] 	Info: worker 3 prepare test phase for round 4 is completed
2026.08.25-06:42:35.854 info  [caliper] [caliper-worker] 	Info: worker 1 prepare test phase for round 4 is completed
2026.08.25-06:42:35.854 info  [caliper] [connectors/peer-gateway/PeerGateway] 	disconnecting gateway for user _Org2MSP_User1
2026.08.25-06:42:35.854 info  [caliper] [worker-message-handler] 	Worker#3 prepared for Round#4
2026.08.25-06:42:35.854 info  [caliper] [worker-message-handler] 	Worker#1 prepared for Round#4
2026.08.25-06:42:35.854 info  [caliper] [connectors/peer-gateway/PeerGateway] 	disconnecting gRpc client at peer peer0.org1.example.com
2026.08.25-06:42:35.854 info  [caliper] [connectors/peer-gateway/PeerGateway] 	disconnecting gRpc client at peer peer0.org2.example.com
2026.08.25-06:42:35.854 info  [caliper] [caliper-worker] 	Info: worker 0 prepare test phase for round 4 is completed
2026.08.25-06:42:35.854 info  [caliper] [worker-message-handler] 	Worker#0 prepared for Round#4
2026.08.25-06:42:35.855 info  [caliper] [connectors/peer-gateway/PeerGateway] 	Generating contract map for user _Org2MSP_User1
2026.08.25-06:42:35.855 info  [caliper] [caliper-worker] 	Info: worker 2 prepare test phase for round 4 is starting...
2026.08.25-06:42:35.856 info  [caliper] [connectors/peer-gateway/PeerGateway] 	disconnecting gateway for user User1
2026.08.25-06:42:35.856 info  [caliper] [connectors/peer-gateway/PeerGateway] 	disconnecting gateway for user _Org2MSP_User1
2026.08.25-06:42:35.856 info  [caliper] [connectors/peer-gateway/PeerGateway] 	disconnecting gRpc client at peer peer0.org1.example.com
2026.08.25-06:42:35.857 info  [caliper] [connectors/peer-gateway/PeerGateway] 	disconnecting gRpc client at peer peer0.org2.example.com
2026.08.25-06:42:35.857 info  [caliper] [caliper-worker] 	Info: worker 2 prepare test phase for round 4 is completed
2026.08.25-06:42:35.857 info  [caliper] [worker-message-handler] 	Worker#2 prepared for Round#4
2026.08.25-06:42:35.857 info  [caliper] [worker-orchestrator] 	4 workers prepared, progressing to test phase.
2026.08.25-06:42:35.857 info  [caliper] [round-orchestrator] 	Monitors successfully started
2026.08.25-06:42:35.857 info  [caliper] [worker-message-handler] 	Worker#0 is starting Round#4
2026.08.25-06:42:35.857 info  [caliper] [worker-message-handler] 	Worker#1 is starting Round#4
2026.08.25-06:42:35.857 info  [caliper] [worker-message-handler] 	Worker#2 is starting Round#4
2026.08.25-06:42:35.857 info  [caliper] [worker-message-handler] 	Worker#3 is starting Round#4
2026.08.25-06:42:35.866 info  [caliper] [connectors/peer-gateway/PeerGateway] 	Generating contract map for user User1
2026.08.25-06:42:35.866 info  [caliper] [connectors/peer-gateway/PeerGateway] 	Generating contract map for user User1
2026.08.25-06:42:35.866 info  [caliper] [connectors/peer-gateway/PeerGateway] 	Generating contract map for user User1
2026.08.25-06:42:35.868 info  [caliper] [connectors/peer-gateway/PeerGateway] 	Generating contract map for user User1
2026.08.25-06:42:35.872 info  [caliper] [connectors/peer-gateway/PeerGateway] 	Generating contract map for user _Org2MSP_User1
2026.08.25-06:42:35.872 info  [caliper] [connectors/peer-gateway/PeerGateway] 	Generating contract map for user _Org2MSP_User1
2026.08.25-06:42:35.873 info  [caliper] [connectors/peer-gateway/PeerGateway] 	Generating contract map for user _Org2MSP_User1
2026.08.25-06:42:35.873 info  [caliper] [caliper-worker] 	Worker #2 starting workload loop
2026.08.25-06:42:35.873 info  [caliper] [caliper-worker] 	Worker #0 starting workload loop
2026.08.25-06:42:35.873 info  [caliper] [caliper-worker] 	Worker #1 starting workload loop
2026.08.25-06:42:35.874 info  [caliper] [connectors/peer-gateway/PeerGateway] 	Generating contract map for user _Org2MSP_User1
2026.08.25-06:42:35.874 info  [caliper] [caliper-worker] 	Worker #3 starting workload loop
2026.08.25-06:42:40.857 info  [caliper] [default-observer] 	[rate-500 Round 4 Transaction Info] - Submitted: 2000 Succ: 1783 Fail:0 Unfinished:217
2026.08.25-06:42:45.859 info  [caliper] [default-observer] 	[rate-500 Round 4 Transaction Info] - Submitted: 4504 Succ: 4060 Fail:0 Unfinished:444
2026.08.25-06:42:50.859 info  [caliper] [default-observer] 	[rate-500 Round 4 Transaction Info] - Submitted: 6996 Succ: 6190 Fail:0 Unfinished:806
2026.08.25-06:42:55.861 info  [caliper] [default-observer] 	[rate-500 Round 4 Transaction Info] - Submitted: 9509 Succ: 8456 Fail:0 Unfinished:1053
2026.08.25-06:43:00.861 info  [caliper] [default-observer] 	[rate-500 Round 4 Transaction Info] - Submitted: 12011 Succ: 10730 Fail:0 Unfinished:1281
2026.08.25-06:43:05.861 info  [caliper] [default-observer] 	[rate-500 Round 4 Transaction Info] - Submitted: 14517 Succ: 12962 Fail:0 Unfinished:1555
2026.08.25-06:43:08.982 info  [caliper] [connectors/peer-gateway/PeerGateway] 	disconnecting gateway for user User1
2026.08.25-06:43:08.982 info  [caliper] [connectors/peer-gateway/PeerGateway] 	disconnecting gateway for user _Org2MSP_User1
2026.08.25-06:43:08.982 info  [caliper] [connectors/peer-gateway/PeerGateway] 	disconnecting gRpc client at peer peer0.org1.example.com
2026.08.25-06:43:08.983 info  [caliper] [connectors/peer-gateway/PeerGateway] 	disconnecting gRpc client at peer peer0.org2.example.com
2026.08.25-06:43:08.983 info  [caliper] [worker-message-handler] 	Worker#0 finished Round#4
2026.08.25-06:43:08.983 info  [caliper] [connectors/peer-gateway/PeerGateway] 	disconnecting gateway for user User1
2026.08.25-06:43:08.983 info  [caliper] [connectors/peer-gateway/PeerGateway] 	disconnecting gateway for user _Org2MSP_User1
2026.08.25-06:43:08.983 info  [caliper] [connectors/peer-gateway/PeerGateway] 	disconnecting gRpc client at peer peer0.org1.example.com
2026.08.25-06:43:08.983 info  [caliper] [connectors/peer-gateway/PeerGateway] 	disconnecting gRpc client at peer peer0.org2.example.com
2026.08.25-06:43:08.983 info  [caliper] [worker-message-handler] 	Worker#2 finished Round#4
2026.08.25-06:43:08.984 info  [caliper] [connectors/peer-gateway/PeerGateway] 	disconnecting gateway for user User1
2026.08.25-06:43:08.984 info  [caliper] [connectors/peer-gateway/PeerGateway] 	disconnecting gateway for user _Org2MSP_User1
2026.08.25-06:43:08.984 info  [caliper] [connectors/peer-gateway/PeerGateway] 	disconnecting gRpc client at peer peer0.org1.example.com
2026.08.25-06:43:08.984 info  [caliper] [connectors/peer-gateway/PeerGateway] 	disconnecting gateway for user User1
2026.08.25-06:43:08.984 info  [caliper] [connectors/peer-gateway/PeerGateway] 	disconnecting gateway for user _Org2MSP_User1
2026.08.25-06:43:08.984 info  [caliper] [connectors/peer-gateway/PeerGateway] 	disconnecting gRpc client at peer peer0.org1.example.com
2026.08.25-06:43:08.984 info  [caliper] [connectors/peer-gateway/PeerGateway] 	disconnecting gRpc client at peer peer0.org2.example.com
2026.08.25-06:43:08.984 info  [caliper] [worker-message-handler] 	Worker#1 finished Round#4
2026.08.25-06:43:08.985 info  [caliper] [connectors/peer-gateway/PeerGateway] 	disconnecting gRpc client at peer peer0.org2.example.com
2026.08.25-06:43:08.985 info  [caliper] [worker-message-handler] 	Worker#3 finished Round#4
2026.08.25-06:43:13.989 info  [caliper] [default-observer] 	Resetting txCount indicator count
2026.08.25-06:43:13.989 info  [caliper] [report-builder] 	### Test result ###
2026.08.25-06:43:13.990 info  [caliper] [report-builder] 	
+----------+-------+------+-----------------+-----------------+-----------------+-----------------+------------------+
| Name     | Succ  | Fail | Send Rate (TPS) | Max Latency (s) | Min Latency (s) | Avg Latency (s) | Throughput (TPS) |
|----------|-------|------|-----------------|-----------------|-----------------|-----------------|------------------|
| rate-500 | 15004 | 0    | 500.0           | 3.28            | 0.05            | 1.73            | 467.8            |
+----------+-------+------+-----------------+-----------------+-----------------+-----------------+------------------+

2026.08.25-06:43:13.990 info  [caliper] [round-orchestrator] 	Finished round 5 (rate-500) in 32.11 seconds
2026.08.25-06:43:13.990 info  [caliper] [monitor.js] 	Stopping all monitors
2026.08.25-06:43:13.990 info  [caliper] [report-builder] 	### All test results ###
2026.08.25-06:43:13.991 info  [caliper] [report-builder] 	
+----------+-------+------+-----------------+-----------------+-----------------+-----------------+------------------+
| Name     | Succ  | Fail | Send Rate (TPS) | Max Latency (s) | Min Latency (s) | Avg Latency (s) | Throughput (TPS) |
|----------|-------|------|-----------------|-----------------|-----------------|-----------------|------------------|
| rate-100 | 3004  | 0    | 100.1           | 2.05            | 0.03            | 0.08            | 93.8             |
|----------|-------|------|-----------------|-----------------|-----------------|-----------------|------------------|
| rate-200 | 6004  | 0    | 200.1           | 2.04            | 0.03            | 0.06            | 187.4            |
|----------|-------|------|-----------------|-----------------|-----------------|-----------------|------------------|
| rate-300 | 9004  | 0    | 300.1           | 2.04            | 0.03            | 0.06            | 281.0            |
|----------|-------|------|-----------------|-----------------|-----------------|-----------------|------------------|
| rate-400 | 12004 | 0    | 400.1           | 2.04            | 0.04            | 0.12            | 374.6            |
|----------|-------|------|-----------------|-----------------|-----------------|-----------------|------------------|
| rate-500 | 15004 | 0    | 500.0           | 3.28            | 0.05            | 1.73            | 467.8            |
+----------+-------+------+-----------------+-----------------+-----------------+-----------------+------------------+

2026.08.25-06:43:14.004 info  [caliper] [report-builder] 	Generated report with path /hyperledger/caliper/workspace/report-r25b-C_clean.html
2026.08.25-06:43:14.004 info  [caliper] [monitor.js] 	Stopping all monitors
2026.08.25-06:43:14.004 info  [caliper] [worker-orchestrator] 	Sending exit message to connected workers
2026.08.25-06:43:14.005 info  [caliper] [worker-message-handler] 	Worker#0 is exiting
2026.08.25-06:43:14.005 info  [caliper] [worker-message-handler] 	Worker#1 is exiting
2026.08.25-06:43:14.005 info  [caliper] [worker-message-handler] 	Worker#2 is exiting
2026.08.25-06:43:14.005 info  [caliper] [round-orchestrator] 	Benchmark finished in 211.117 seconds. Total rounds: 5. Successful rounds: 5. Failed rounds: 0.
2026.08.25-06:43:14.005 info  [caliper] [caliper-engine] 	Skipping end command due to benchmark flow conditioning
2026.08.25-06:43:14.006 info  [caliper] [cli-launch-manager] 	Benchmark successfully finished!
2026.08.25-06:43:14.007 info  [caliper] [worker-message-handler] 	Worker#3 is exiting
