# start rate=10 seed=1 dur=420 n=7 target=3 events=43
2.2 fp=[1] true=[3] merged=[1, 3]
2.5 fp=[1] true=[3] merged=[1, 3]
2.8 fp=[1] true=[3] merged=[1, 3]
3.1 fp=[1] true=[3] merged=[1, 3]
3.5 fp=[1] true=[3] merged=[1, 3]
3.8 fp=[1] true=[3] merged=[1, 3]
4.1 fp=[1] true=[3] merged=[1, 3]
4.4 fp=[1] true=[3] merged=[1, 3]
4.7 fp=[1] true=[3] merged=[1, 3]
5.0 fp=[1] true=[3] merged=[1, 3]
5.3 fp=[1] true=[3] merged=[1, 3]
5.6 fp=[1] true=[3] merged=[1, 3]
5.9 fp=[1] true=[3] merged=[1, 3]
6.3 fp=[1] true=[3] merged=[1, 3]
6.6 fp=[1] true=[3] merged=[1, 3]
6.9 fp=[1] true=[3] merged=[1, 3]
7.2 fp=[1] true=[3] merged=[1, 3]
7.5 fp=[1] true=[3] merged=[1, 3]
7.8 fp=[1] true=[3] merged=[1, 3]
8.1 fp=[1] true=[3] merged=[1, 3]
8.4 fp=[1] true=[3] merged=[1, 3]
8.8 fp=[1] true=[3] merged=[1, 3]
9.1 fp=[1] true=[3] merged=[1, 3]
9.4 fp=[1] true=[3] merged=[1, 3]
9.7 fp=[1] true=[3] merged=[1, 3]
10.0 fp=[1] true=[3] merged=[1, 3]
10.3 fp=[1] true=[3] merged=[1, 3]
10.6 fp=[1] true=[3] merged=[1, 3]
11.0 fp=[1] true=[3] merged=[1, 3]
11.3 fp=[1] true=[3] merged=[1, 3]
11.6 fp=[1] true=[3] merged=[1, 3]
11.9 fp=[1] true=[3] merged=[1, 3]
12.2 fp=[1] true=[3] merged=[1, 3]
12.5 fp=[1] true=[3] merged=[1, 3]
12.8 fp=[1] true=[3] merged=[1, 3]
13.2 fp=[1] true=[3] merged=[1, 3]
13.5 fp=[1] true=[3] merged=[1, 3]
13.8 fp=[1] true=[3] merged=[1, 3]
14.1 fp=[1] true=[3] merged=[1, 3]
14.4 fp=[1] true=[3] merged=[1, 3]
14.7 fp=[1] true=[3] merged=[1, 3]
15.0 fp=[1] true=[3] merged=[1, 3]
15.4 fp=[1] true=[3] merged=[1, 3]
15.7 fp=[1] true=[3] merged=[1, 3]
16.0 fp=[1] true=[3] merged=[1, 3]
16.3 fp=[1] true=[3] merged=[1, 3]
16.6 fp=[1] true=[3] merged=[1, 3]
16.9 fp=[1] true=[3] merged=[1, 3]
17.2 fp=[1] true=[3] merged=[1, 3]
17.5 fp=[1] true=[3] merged=[1, 3]
17.8 fp=[1] true=[3] merged=[1, 3]
18.2 fp=[1] true=[3] merged=[1, 3]
18.5 fp=[1] true=[3] merged=[1, 3]
18.8 fp=[1] true=[3] merged=[1, 3]
19.1 fp=[1] true=[3] merged=[1, 3]
19.4 fp=[1] true=[3] merged=[1, 3]
19.7 fp=[1] true=[3] merged=[1, 3]
20.0 fp=[1] true=[3] merged=[1, 3]
20.3 fp=[1] true=[3] merged=[1, 3]
20.6 fp=[1] true=[3] merged=[1, 3]
21.0 fp=[1] true=[3] merged=[1, 3]
21.3 fp=[1] true=[3] merged=[1, 3]
21.6 fp=[1] true=[3] merged=[1, 3]
21.9 fp=[1] true=[3] merged=[1, 3]
22.2 fp=[1] true=[3] merged=[1, 3]
22.5 fp=[1] true=[3] merged=[1, 3]
22.8 fp=[1] true=[3] merged=[1, 3]
23.1 fp=[1] true=[3] merged=[1, 3]
23.5 fp=[1] true=[3] merged=[1, 3]
23.8 fp=[1] true=[3] merged=[1, 3]
24.1 fp=[1] true=[3] merged=[1, 3]
24.4 fp=[1] true=[3] merged=[1, 3]
24.7 fp=[1] true=[3] merged=[1, 3]
25.0 fp=[1] true=[3] merged=[1, 3]
25.3 fp=[1] true=[3] merged=[1, 3]
25.7 fp=[1] true=[3] merged=[1, 3]
26.0 fp=[1] true=[3] merged=[1, 3]
26.3 fp=[1] true=[3] merged=[1, 3]
26.6 fp=[1] true=[3] merged=[1, 3]
26.9 fp=[1] true=[3] merged=[1, 3]
27.2 fp=[1] true=[3] merged=[1, 3]
27.5 fp=[1] true=[3] merged=[1, 3]
27.8 fp=[1] true=[3] merged=[1, 3]
28.1 fp=[1] true=[3] merged=[1, 3]
28.4 fp=[1] true=[3] merged=[1, 3]
28.8 fp=[1] true=[3] merged=[1, 3]
29.1 fp=[1] true=[3] merged=[1, 3]
29.4 fp=[1] true=[3] merged=[1, 3]
29.7 fp=[1] true=[3] merged=[1, 3]
30.0 fp=[1] true=[3] merged=[1, 3]
30.4 fp=[1] true=[3] merged=[1, 3]
30.7 fp=[1] true=[3] merged=[1, 3]
31.0 fp=[1] true=[3] merged=[1, 3]
31.3 fp=[1] true=[3] merged=[1, 3]
31.6 fp=[1] true=[3] merged=[1, 3]
31.9 fp=[1] true=[3] merged=[1, 3]
32.2 fp=[1] true=[3] merged=[1, 3]
32.5 fp=[1] true=[3] merged=[1, 3]
32.9 fp=[1] true=[3] merged=[1, 3]
33.2 fp=[1] true=[3] merged=[1, 3]
33.5 fp=[1] true=[3] merged=[1, 3]
33.8 fp=[1] true=[3] merged=[1, 3]
34.1 fp=[1] true=[3] merged=[1, 3]
34.4 fp=[1] true=[3] merged=[1, 3]
34.7 fp=[1] true=[3] merged=[1, 3]
35.0 fp=[1] true=[3] merged=[1, 3]
35.4 fp=[1] true=[3] merged=[1, 3]
35.7 fp=[1] true=[3] merged=[1, 3]
36.0 fp=[1] true=[3] merged=[1, 3]
36.3 fp=[1] true=[3] merged=[1, 3]
36.6 fp=[1] true=[3] merged=[1, 3]
36.9 fp=[1] true=[3] merged=[1, 3]
37.3 fp=[1] true=[3] merged=[1, 3]
37.6 fp=[1] true=[3] merged=[1, 3]
37.9 fp=[1] true=[3] merged=[1, 3]
38.2 fp=[1] true=[3] merged=[1, 3]
38.5 fp=[1] true=[3] merged=[1, 3]
38.8 fp=[1] true=[3] merged=[1, 3]
39.1 fp=[1] true=[3] merged=[1, 3]
39.4 fp=[1] true=[3] merged=[1, 3]
39.7 fp=[1] true=[3] merged=[1, 3]
40.1 fp=[1] true=[3] merged=[1, 3]
40.4 fp=[1] true=[3] merged=[1, 3]
40.7 fp=[1] true=[3] merged=[1, 3]
41.0 fp=[1] true=[3] merged=[1, 3]
41.3 fp=[7] true=[3] merged=[3, 7]
41.6 fp=[7] true=[3] merged=[3, 7]
41.9 fp=[7] true=[3] merged=[3, 7]
42.2 fp=[7] true=[3] merged=[3, 7]
42.5 fp=[7] true=[3] merged=[3, 7]
42.8 fp=[7] true=[3] merged=[3, 7]
43.2 fp=[7] true=[3] merged=[3, 7]
43.5 fp=[7] true=[3] merged=[3, 7]
43.8 fp=[7] true=[3] merged=[3, 7]
44.1 fp=[7] true=[3] merged=[3, 7]
44.5 fp=[7] true=[3] merged=[3, 7]
44.8 fp=[7] true=[3] merged=[3, 7]
45.1 fp=[7] true=[3] merged=[3, 7]
45.4 fp=[7] true=[3] merged=[3, 7]
45.7 fp=[7] true=[3] merged=[3, 7]
46.0 fp=[7] true=[3] merged=[3, 7]
46.3 fp=[7] true=[3] merged=[3, 7]
46.7 fp=[7] true=[3] merged=[3, 7]
47.0 fp=[7] true=[3] merged=[3, 7]
47.3 fp=[7] true=[3] merged=[3, 7]
47.6 fp=[7] true=[3] merged=[3, 7]
47.9 fp=[7] true=[3] merged=[3, 7]
48.2 fp=[7] true=[3] merged=[3, 7]
48.5 fp=[7] true=[3] merged=[3, 7]
48.8 fp=[7] true=[3] merged=[3, 7]
49.2 fp=[7] true=[3] merged=[3, 7]
49.5 fp=[7] true=[3] merged=[3, 7]
49.8 fp=[7] true=[3] merged=[3, 7]
50.1 fp=[7] true=[3] merged=[3, 7]
50.4 fp=[7] true=[3] merged=[3, 7]
50.7 fp=[7] true=[3] merged=[3, 7]
51.0 fp=[7] true=[3] merged=[3, 7]
51.4 fp=[7] true=[3] merged=[3, 7]
51.7 fp=[7] true=[3] merged=[3, 7]
52.0 fp=[7] true=[3] merged=[3, 7]
52.3 fp=[7] true=[3] merged=[3, 7]
52.6 fp=[7] true=[3] merged=[3, 7]
52.9 fp=[7] true=[3] merged=[3, 7]
53.2 fp=[7] true=[3] merged=[3, 7]
53.5 fp=[7] true=[3] merged=[3, 7]
53.9 fp=[7] true=[3] merged=[3, 7]
54.2 fp=[7] true=[3] merged=[3, 7]
54.5 fp=[7] true=[3] merged=[3, 7]
54.8 fp=[7] true=[3] merged=[3, 7]
55.1 fp=[4] true=[3] merged=[3, 4]
55.4 fp=[4] true=[3] merged=[3, 4]
55.7 fp=[4] true=[3] merged=[3, 4]
56.0 fp=[2] true=[3] merged=[2, 3]
56.3 fp=[2] true=[3] merged=[2, 3]
56.7 fp=[2] true=[3] merged=[2, 3]
57.0 fp=[2] true=[3] merged=[2, 3]
57.3 fp=[2] true=[3] merged=[2, 3]
57.6 fp=[2] true=[3] merged=[2, 3]
57.9 fp=[2] true=[3] merged=[2, 3]
58.2 fp=[2] true=[3] merged=[2, 3]
58.5 fp=[2] true=[3] merged=[2, 3]
58.8 fp=[2] true=[3] merged=[2, 3]
59.2 fp=[2] true=[3] merged=[2, 3]
59.5 fp=[2] true=[3] merged=[2, 3]
59.8 fp=[2] true=[3] merged=[2, 3]
60.1 fp=[2] true=[3] merged=[2, 3]
60.4 fp=[2] true=[3] merged=[2, 3]
60.7 fp=[2] true=[3] merged=[2, 3]
61.0 fp=[2] true=[3] merged=[2, 3]
61.3 fp=[2] true=[3] merged=[2, 3]
61.6 fp=[2] true=[3] merged=[2, 3]
61.9 fp=[2] true=[3] merged=[2, 3]
62.3 fp=[2] true=[3] merged=[2, 3]
62.6 fp=[2] true=[3] merged=[2, 3]
62.9 fp=[2] true=[3] merged=[2, 3]
63.2 fp=[2] true=[3] merged=[2, 3]
63.5 fp=[2] true=[3] merged=[2, 3]
63.8 fp=[2] true=[3] merged=[2, 3]
64.2 fp=[1] true=[3] merged=[1, 3]
64.5 fp=[1] true=[3] merged=[1, 3]
64.8 fp=[1] true=[3] merged=[1, 3]
65.1 fp=[1] true=[3] merged=[1, 3]
65.4 fp=[1] true=[3] merged=[1, 3]
65.7 fp=[1] true=[3] merged=[1, 3]
66.0 fp=[1] true=[3] merged=[1, 3]
66.3 fp=[1] true=[3] merged=[1, 3]
66.6 fp=[1] true=[3] merged=[1, 3]
67.0 fp=[1] true=[3] merged=[1, 3]
67.3 fp=[1] true=[3] merged=[1, 3]
67.6 fp=[1] true=[3] merged=[1, 3]
67.9 fp=[1] true=[3] merged=[1, 3]
68.2 fp=[1] true=[3] merged=[1, 3]
68.5 fp=[1] true=[3] merged=[1, 3]
68.8 fp=[1] true=[3] merged=[1, 3]
69.1 fp=[1] true=[3] merged=[1, 3]
69.4 fp=[1] true=[3] merged=[1, 3]
69.8 fp=[1] true=[3] merged=[1, 3]
70.1 fp=[1] true=[3] merged=[1, 3]
70.4 fp=[1] true=[3] merged=[1, 3]
70.7 fp=[1] true=[3] merged=[1, 3]
71.0 fp=[1] true=[3] merged=[1, 3]
71.3 fp=[1] true=[3] merged=[1, 3]
71.6 fp=[1] true=[3] merged=[1, 3]
72.0 fp=[1] true=[3] merged=[1, 3]
72.3 fp=[1] true=[3] merged=[1, 3]
72.6 fp=[1] true=[3] merged=[1, 3]
72.9 fp=[1] true=[3] merged=[1, 3]
73.2 fp=[1] true=[3] merged=[1, 3]
73.5 fp=[1] true=[3] merged=[1, 3]
73.8 fp=[1] true=[3] merged=[1, 3]
74.2 fp=[1] true=[3] merged=[1, 3]
74.5 fp=[1] true=[3] merged=[1, 3]
74.8 fp=[1] true=[3] merged=[1, 3]
75.1 fp=[1] true=[3] merged=[1, 3]
75.4 fp=[1] true=[3] merged=[1, 3]
75.7 fp=[1] true=[3] merged=[1, 3]
76.0 fp=[1] true=[3] merged=[1, 3]
76.3 fp=[1] true=[3] merged=[1, 3]
76.6 fp=[1] true=[3] merged=[1, 3]
77.0 fp=[1] true=[3] merged=[1, 3]
77.3 fp=[1] true=[3] merged=[1, 3]
77.6 fp=[1] true=[3] merged=[1, 3]
77.9 fp=[1] true=[3] merged=[1, 3]
78.2 fp=[1] true=[3] merged=[1, 3]
78.5 fp=[1] true=[3] merged=[1, 3]
78.8 fp=[1] true=[3] merged=[1, 3]
79.2 fp=[1] true=[3] merged=[1, 3]
79.5 fp=[1] true=[3] merged=[1, 3]
79.8 fp=[1] true=[3] merged=[1, 3]
80.1 fp=[1] true=[3] merged=[1, 3]
80.4 fp=[1] true=[3] merged=[1, 3]
80.7 fp=[1] true=[3] merged=[1, 3]
81.0 fp=[1] true=[3] merged=[1, 3]
81.3 fp=[1] true=[3] merged=[1, 3]
81.6 fp=[1] true=[3] merged=[1, 3]
82.0 fp=[1] true=[3] merged=[1, 3]
82.3 fp=[1] true=[3] merged=[1, 3]
82.6 fp=[1] true=[3] merged=[1, 3]
82.9 fp=[1] true=[3] merged=[1, 3]
83.2 fp=[1] true=[3] merged=[1, 3]
83.6 fp=[1] true=[3] merged=[1, 3]
83.9 fp=[1] true=[3] merged=[1, 3]
84.2 fp=[1] true=[3] merged=[1, 3]
84.5 fp=[1] true=[3] merged=[1, 3]
84.8 fp=[1] true=[3] merged=[1, 3]
85.2 fp=[1] true=[3] merged=[1, 3]
85.5 fp=[1] true=[3] merged=[1, 3]
85.8 fp=[1] true=[3] merged=[1, 3]
86.1 fp=[1] true=[3] merged=[1, 3]
86.4 fp=[1] true=[3] merged=[1, 3]
86.7 fp=[1] true=[3] merged=[1, 3]
87.0 fp=[1] true=[3] merged=[1, 3]
87.3 fp=[1] true=[3] merged=[1, 3]
87.6 fp=[1] true=[3] merged=[1, 3]
88.0 fp=[1] true=[3] merged=[1, 3]
88.3 fp=[1] true=[3] merged=[1, 3]
88.6 fp=[1] true=[3] merged=[1, 3]
88.9 fp=[1] true=[3] merged=[1, 3]
89.2 fp=[1] true=[3] merged=[1, 3]
89.5 fp=[1] true=[3] merged=[1, 3]
89.8 fp=[1] true=[3] merged=[1, 3]
90.2 fp=[1] true=[3] merged=[1, 3]
90.5 fp=[1] true=[3] merged=[1, 3]
90.8 fp=[1] true=[3] merged=[1, 3]
91.1 fp=[1] true=[3] merged=[1, 3]
91.4 fp=[1] true=[3] merged=[1, 3]
91.7 fp=[1] true=[3] merged=[1, 3]
92.0 fp=[1] true=[3] merged=[1, 3]
92.3 fp=[1] true=[3] merged=[1, 3]
92.7 fp=[1] true=[3] merged=[1, 3]
93.0 fp=[1] true=[3] merged=[1, 3]
93.3 fp=[1] true=[3] merged=[1, 3]
93.6 fp=[1] true=[3] merged=[1, 3]
93.9 fp=[1] true=[3] merged=[1, 3]
94.2 fp=[1] true=[3] merged=[1, 3]
94.5 fp=[1] true=[3] merged=[1, 3]
94.9 fp=[1] true=[3] merged=[1, 3]
95.2 fp=[1] true=[3] merged=[1, 3]
95.5 fp=[1] true=[3] merged=[1, 3]
95.8 fp=[1] true=[3] merged=[1, 3]
96.1 fp=[1] true=[3] merged=[1, 3]
96.4 fp=[1] true=[3] merged=[1, 3]
96.7 fp=[1] true=[3] merged=[1, 3]
97.0 fp=[1] true=[3] merged=[1, 3]
97.3 fp=[1] true=[3] merged=[1, 3]
97.7 fp=[1] true=[3] merged=[1, 3]
98.0 fp=[1] true=[3] merged=[1, 3]
98.3 fp=[5] true=[3] merged=[3, 5]
98.6 fp=[5] true=[3] merged=[3, 5]
98.9 fp=[5] true=[3] merged=[3, 5]
99.3 fp=[5] true=[3] merged=[3, 5]
99.6 fp=[5] true=[3] merged=[3, 5]
99.9 fp=[5] true=[3] merged=[3, 5]
100.2 fp=[5] true=[3] merged=[3, 5]
100.5 fp=[5] true=[3] merged=[3, 5]
100.8 fp=[5] true=[3] merged=[3, 5]
101.2 fp=[5] true=[3] merged=[3, 5]
101.5 fp=[5] true=[3] merged=[3, 5]
101.8 fp=[5] true=[3] merged=[3, 5]
102.1 fp=[4] true=[3] merged=[3, 4]
102.4 fp=[4] true=[3] merged=[3, 4]
102.7 fp=[4] true=[3] merged=[3, 4]
103.0 fp=[4] true=[3] merged=[3, 4]
103.3 fp=[4] true=[3] merged=[3, 4]
103.6 fp=[4] true=[3] merged=[3, 4]
104.0 fp=[4] true=[3] merged=[3, 4]
104.3 fp=[4] true=[3] merged=[3, 4]
104.6 fp=[4] true=[3] merged=[3, 4]
104.9 fp=[4] true=[3] merged=[3, 4]
105.2 fp=[4] true=[3] merged=[3, 4]
105.5 fp=[4] true=[3] merged=[3, 4]
105.8 fp=[4] true=[3] merged=[3, 4]
106.1 fp=[4] true=[3] merged=[3, 4]
106.4 fp=[4] true=[3] merged=[3, 4]
106.8 fp=[4] true=[3] merged=[3, 4]
107.1 fp=[4] true=[3] merged=[3, 4]
107.4 fp=[4] true=[3] merged=[3, 4]
107.7 fp=[4] true=[3] merged=[3, 4]
108.0 fp=[4] true=[3] merged=[3, 4]
108.3 fp=[4] true=[3] merged=[3, 4]
108.6 fp=[4] true=[3] merged=[3, 4]
108.9 fp=[4] true=[3] merged=[3, 4]
109.2 fp=[4] true=[3] merged=[3, 4]
109.5 fp=[4] true=[3] merged=[3, 4]
109.9 fp=[4] true=[3] merged=[3, 4]
110.2 fp=[4] true=[3] merged=[3, 4]
110.5 fp=[4] true=[3] merged=[3, 4]
110.8 fp=[4] true=[3] merged=[3, 4]
111.1 fp=[4] true=[3] merged=[3, 4]
111.4 fp=[4] true=[3] merged=[3, 4]
111.8 fp=[4] true=[3] merged=[3, 4]
112.1 fp=[4] true=[3] merged=[3, 4]
112.4 fp=[4] true=[3] merged=[3, 4]
112.7 fp=[4] true=[3] merged=[3, 4]
113.0 fp=[4] true=[3] merged=[3, 4]
113.3 fp=[4] true=[3] merged=[3, 4]
113.7 fp=[4] true=[3] merged=[3, 4]
114.0 fp=[4] true=[3] merged=[3, 4]
114.3 fp=[4] true=[3] merged=[3, 4]
114.6 fp=[4] true=[3] merged=[3, 4]
114.9 fp=[4] true=[3] merged=[3, 4]
115.2 fp=[4] true=[3] merged=[3, 4]
115.5 fp=[4] true=[3] merged=[3, 4]
115.8 fp=[4] true=[3] merged=[3, 4]
116.1 fp=[4] true=[3] merged=[3, 4]
116.4 fp=[4] true=[3] merged=[3, 4]
116.7 fp=[4] true=[3] merged=[3, 4]
117.1 fp=[4] true=[3] merged=[3, 4]
117.4 fp=[4] true=[3] merged=[3, 4]
117.7 fp=[4] true=[3] merged=[3, 4]
118.0 fp=[4] true=[3] merged=[3, 4]
118.3 fp=[4] true=[3] merged=[3, 4]
118.6 fp=[4] true=[3] merged=[3, 4]
118.9 fp=[4] true=[3] merged=[3, 4]
119.2 fp=[4] true=[3] merged=[3, 4]
119.6 fp=[4] true=[3] merged=[3, 4]
119.9 fp=[4] true=[3] merged=[3, 4]
120.2 fp=[4] true=[3] merged=[3, 4]
120.5 fp=[4] true=[3] merged=[3, 4]
120.8 fp=[4] true=[3] merged=[3, 4]
121.1 fp=[4] true=[3] merged=[3, 4]
121.4 fp=[4] true=[3] merged=[3, 4]
121.7 fp=[4] true=[3] merged=[3, 4]
122.1 fp=[5] true=[3] merged=[3, 5]
122.4 fp=[5] true=[3] merged=[3, 5]
122.7 fp=[5] true=[3] merged=[3, 5]
123.0 fp=[5] true=[3] merged=[3, 5]
123.3 fp=[5] true=[3] merged=[3, 5]
123.6 fp=[5] true=[3] merged=[3, 5]
123.9 fp=[5] true=[3] merged=[3, 5]
124.2 fp=[5] true=[3] merged=[3, 5]
124.6 fp=[5] true=[3] merged=[3, 5]
124.9 fp=[5] true=[3] merged=[3, 5]
125.2 fp=[5] true=[3] merged=[3, 5]
125.5 fp=[5] true=[3] merged=[3, 5]
125.8 fp=[5] true=[3] merged=[3, 5]
126.2 fp=[5] true=[3] merged=[3, 5]
126.5 fp=[5] true=[3] merged=[3, 5]
126.8 fp=[5] true=[3] merged=[3, 5]
127.1 fp=[5] true=[3] merged=[3, 5]
127.4 fp=[5] true=[3] merged=[3, 5]
127.7 fp=[5] true=[3] merged=[3, 5]
129.3 fp=[5] true=[3] merged=[3, 5]
129.6 fp=[5] true=[3] merged=[3, 5]
129.9 fp=[5] true=[3] merged=[3, 5]
130.2 fp=[5] true=[3] merged=[3, 5]
130.5 fp=[5] true=[3] merged=[3, 5]
130.8 fp=[5] true=[3] merged=[3, 5]
131.1 fp=[5] true=[3] merged=[3, 5]
131.4 fp=[5] true=[3] merged=[3, 5]
131.8 fp=[5] true=[3] merged=[3, 5]
132.1 fp=[5] true=[3] merged=[3, 5]
132.4 fp=[5] true=[3] merged=[3, 5]
132.7 fp=[5] true=[3] merged=[3, 5]
133.0 fp=[5] true=[3] merged=[3, 5]
133.4 fp=[5] true=[3] merged=[3, 5]
133.7 fp=[5] true=[3] merged=[3, 5]
134.0 fp=[5] true=[3] merged=[3, 5]
134.3 fp=[5] true=[3] merged=[3, 5]
134.6 fp=[5] true=[3] merged=[3, 5]
134.9 fp=[5] true=[3] merged=[3, 5]
135.3 fp=[5] true=[3] merged=[3, 5]
135.6 fp=[5] true=[3] merged=[3, 5]
135.9 fp=[5] true=[3] merged=[3, 5]
136.2 fp=[5] true=[3] merged=[3, 5]
136.5 fp=[5] true=[3] merged=[3, 5]
136.8 fp=[5] true=[3] merged=[3, 5]
137.1 fp=[5] true=[3] merged=[3, 5]
137.4 fp=[5] true=[3] merged=[3, 5]
137.8 fp=[5] true=[3] merged=[3, 5]
138.1 fp=[5] true=[3] merged=[3, 5]
138.4 fp=[5] true=[3] merged=[3, 5]
138.7 fp=[5] true=[3] merged=[3, 5]
139.0 fp=[5] true=[3] merged=[3, 5]
139.3 fp=[5] true=[3] merged=[3, 5]
139.6 fp=[5] true=[3] merged=[3, 5]
140.0 fp=[5] true=[3] merged=[3, 5]
140.3 fp=[5] true=[3] merged=[3, 5]
140.6 fp=[5] true=[3] merged=[3, 5]
140.9 fp=[5] true=[3] merged=[3, 5]
141.2 fp=[5] true=[3] merged=[3, 5]
141.5 fp=[5] true=[3] merged=[3, 5]
141.8 fp=[5] true=[3] merged=[3, 5]
142.1 fp=[5] true=[3] merged=[3, 5]
142.4 fp=[5] true=[3] merged=[3, 5]
142.7 fp=[5] true=[3] merged=[3, 5]
143.0 fp=[5] true=[3] merged=[3, 5]
143.4 fp=[5] true=[3] merged=[3, 5]
143.7 fp=[5] true=[3] merged=[3, 5]
144.0 fp=[5] true=[3] merged=[3, 5]
144.3 fp=[5] true=[3] merged=[3, 5]
144.6 fp=[5] true=[3] merged=[3, 5]
144.9 fp=[5] true=[3] merged=[3, 5]
145.2 fp=[5] true=[3] merged=[3, 5]
145.5 fp=[5] true=[3] merged=[3, 5]
145.9 fp=[5] true=[3] merged=[3, 5]
146.2 fp=[5] true=[3] merged=[3, 5]
146.5 fp=[5] true=[3] merged=[3, 5]
146.8 fp=[5] true=[3] merged=[3, 5]
147.1 fp=[5] true=[3] merged=[3, 5]
147.4 fp=[5] true=[3] merged=[3, 5]
147.7 fp=[5] true=[3] merged=[3, 5]
148.1 fp=[5] true=[3] merged=[3, 5]
148.4 fp=[5] true=[3] merged=[3, 5]
148.7 fp=[5] true=[3] merged=[3, 5]
149.0 fp=[6] true=[3] merged=[3, 6]
149.3 fp=[6] true=[3] merged=[3, 6]
149.7 fp=[6] true=[3] merged=[3, 6]
150.0 fp=[6] true=[3] merged=[3, 6]
150.3 fp=[6] true=[3] merged=[3, 6]
150.6 fp=[6] true=[3] merged=[3, 6]
150.9 fp=[6] true=[3] merged=[3, 6]
162.3 fp=[6] true=[3] merged=[3, 6]
162.6 fp=[6] true=[3] merged=[3, 6]
162.9 fp=[6] true=[3] merged=[3, 6]
163.2 fp=[6] true=[3] merged=[3, 6]
163.5 fp=[6] true=[3] merged=[3, 6]
163.8 fp=[6] true=[3] merged=[3, 6]
164.1 fp=[6] true=[3] merged=[3, 6]
164.5 fp=[6] true=[3] merged=[3, 6]
164.8 fp=[6] true=[3] merged=[3, 6]
165.1 fp=[6] true=[3] merged=[3, 6]
165.4 fp=[6] true=[3] merged=[3, 6]
165.7 fp=[6] true=[3] merged=[3, 6]
166.1 fp=[6] true=[3] merged=[3, 6]
166.4 fp=[6] true=[3] merged=[3, 6]
166.7 fp=[6] true=[3] merged=[3, 6]
167.0 fp=[6] true=[3] merged=[3, 6]
167.3 fp=[6] true=[3] merged=[3, 6]
167.6 fp=[6] true=[3] merged=[3, 6]
168.0 fp=[6] true=[3] merged=[3, 6]
168.3 fp=[6] true=[3] merged=[3, 6]
168.6 fp=[6] true=[3] merged=[3, 6]
168.9 fp=[6] true=[3] merged=[3, 6]
169.2 fp=[6] true=[3] merged=[3, 6]
169.5 fp=[6] true=[3] merged=[3, 6]
169.8 fp=[6] true=[3] merged=[3, 6]
170.1 fp=[6] true=[3] merged=[3, 6]
170.4 fp=[6] true=[3] merged=[3, 6]
170.7 fp=[6] true=[3] merged=[3, 6]
171.0 fp=[6] true=[3] merged=[3, 6]
171.3 fp=[6] true=[3] merged=[3, 6]
171.7 fp=[6] true=[3] merged=[3, 6]
172.0 fp=[6] true=[3] merged=[3, 6]
172.3 fp=[6] true=[3] merged=[3, 6]
172.6 fp=[6] true=[3] merged=[3, 6]
172.9 fp=[6] true=[3] merged=[3, 6]
173.2 fp=[6] true=[3] merged=[3, 6]
173.5 fp=[6] true=[3] merged=[3, 6]
173.9 fp=[6] true=[3] merged=[3, 6]
174.2 fp=[6] true=[3] merged=[3, 6]
174.5 fp=[6] true=[3] merged=[3, 6]
174.8 fp=[6] true=[3] merged=[3, 6]
175.1 fp=[6] true=[3] merged=[3, 6]
175.4 fp=[6] true=[3] merged=[3, 6]
175.7 fp=[6] true=[3] merged=[3, 6]
176.0 fp=[6] true=[3] merged=[3, 6]
176.3 fp=[6] true=[3] merged=[3, 6]
176.7 fp=[6] true=[3] merged=[3, 6]
177.0 fp=[6] true=[3] merged=[3, 6]
177.3 fp=[6] true=[3] merged=[3, 6]
177.6 fp=[6] true=[3] merged=[3, 6]
177.9 fp=[6] true=[3] merged=[3, 6]
178.2 fp=[6] true=[3] merged=[3, 6]
178.5 fp=[6] true=[3] merged=[3, 6]
178.8 fp=[6] true=[3] merged=[3, 6]
179.1 fp=[6] true=[3] merged=[3, 6]
179.5 fp=[6] true=[3] merged=[3, 6]
179.8 fp=[6] true=[3] merged=[3, 6]
180.1 fp=[6] true=[3] merged=[3, 6]
180.4 fp=[6] true=[3] merged=[3, 6]
180.7 fp=[6] true=[3] merged=[3, 6]
181.0 fp=[6] true=[3] merged=[3, 6]
181.3 fp=[6] true=[3] merged=[3, 6]
181.6 fp=[6] true=[3] merged=[3, 6]
181.9 fp=[6] true=[3] merged=[3, 6]
199.2 fp=[5] true=[3] merged=[3, 5]
199.5 fp=[5] true=[3] merged=[3, 5]
199.8 fp=[5] true=[3] merged=[3, 5]
200.2 fp=[5] true=[3] merged=[3, 5]
200.5 fp=[5] true=[3] merged=[3, 5]
200.8 fp=[5] true=[3] merged=[3, 5]
201.1 fp=[5] true=[3] merged=[3, 5]
201.4 fp=[5] true=[3] merged=[3, 5]
201.7 fp=[5] true=[3] merged=[3, 5]
202.0 fp=[5] true=[3] merged=[3, 5]
202.4 fp=[5] true=[3] merged=[3, 5]
202.7 fp=[5] true=[3] merged=[3, 5]
203.0 fp=[5] true=[3] merged=[3, 5]
203.3 fp=[5] true=[3] merged=[3, 5]
203.6 fp=[5] true=[3] merged=[3, 5]
203.9 fp=[5] true=[3] merged=[3, 5]
204.2 fp=[5] true=[3] merged=[3, 5]
204.5 fp=[5] true=[3] merged=[3, 5]
204.8 fp=[5] true=[3] merged=[3, 5]
205.2 fp=[5] true=[3] merged=[3, 5]
205.5 fp=[5] true=[3] merged=[3, 5]
205.8 fp=[5] true=[3] merged=[3, 5]
206.1 fp=[5] true=[3] merged=[3, 5]
206.4 fp=[5] true=[3] merged=[3, 5]
206.7 fp=[5] true=[3] merged=[3, 5]
207.0 fp=[5] true=[3] merged=[3, 5]
207.3 fp=[5] true=[3] merged=[3, 5]
207.6 fp=[5] true=[3] merged=[3, 5]
207.9 fp=[5] true=[3] merged=[3, 5]
208.3 fp=[1] true=[3] merged=[1, 3]
208.6 fp=[1] true=[3] merged=[1, 3]
208.9 fp=[1] true=[3] merged=[1, 3]
209.2 fp=[1] true=[3] merged=[1, 3]
209.5 fp=[1] true=[3] merged=[1, 3]
209.8 fp=[1] true=[3] merged=[1, 3]
210.2 fp=[1] true=[3] merged=[1, 3]
210.5 fp=[1] true=[3] merged=[1, 3]
210.8 fp=[1] true=[3] merged=[1, 3]
211.1 fp=[1] true=[3] merged=[1, 3]
211.4 fp=[1] true=[3] merged=[1, 3]
211.7 fp=[1] true=[3] merged=[1, 3]
212.0 fp=[1] true=[3] merged=[1, 3]
212.3 fp=[1] true=[3] merged=[1, 3]
212.7 fp=[1] true=[3] merged=[1, 3]
213.0 fp=[1] true=[3] merged=[1, 3]
213.3 fp=[1] true=[3] merged=[1, 3]
213.6 fp=[1] true=[3] merged=[1, 3]
213.9 fp=[1] true=[3] merged=[1, 3]
214.2 fp=[1] true=[3] merged=[1, 3]
214.5 fp=[1] true=[3] merged=[1, 3]
214.8 fp=[1] true=[3] merged=[1, 3]
215.2 fp=[1] true=[3] merged=[1, 3]
215.5 fp=[1] true=[3] merged=[1, 3]
215.8 fp=[1] true=[3] merged=[1, 3]
216.1 fp=[1] true=[3] merged=[1, 3]
216.4 fp=[1] true=[3] merged=[1, 3]
216.7 fp=[1] true=[3] merged=[1, 3]
217.0 fp=[1] true=[3] merged=[1, 3]
217.4 fp=[1] true=[3] merged=[1, 3]
217.7 fp=[1] true=[3] merged=[1, 3]
218.0 fp=[1] true=[3] merged=[1, 3]
218.3 fp=[1] true=[3] merged=[1, 3]
218.6 fp=[1] true=[3] merged=[1, 3]
218.9 fp=[1] true=[3] merged=[1, 3]
219.2 fp=[1] true=[3] merged=[1, 3]
219.5 fp=[1] true=[3] merged=[1, 3]
219.8 fp=[1] true=[3] merged=[1, 3]
220.2 fp=[1] true=[3] merged=[1, 3]
220.5 fp=[1] true=[3] merged=[1, 3]
220.8 fp=[1] true=[3] merged=[1, 3]
221.1 fp=[1] true=[3] merged=[1, 3]
221.4 fp=[1] true=[3] merged=[1, 3]
221.8 fp=[1] true=[3] merged=[1, 3]
222.1 fp=[1] true=[3] merged=[1, 3]
222.4 fp=[1] true=[3] merged=[1, 3]
222.7 fp=[1] true=[3] merged=[1, 3]
223.0 fp=[1] true=[3] merged=[1, 3]
223.3 fp=[1] true=[3] merged=[1, 3]
223.6 fp=[1] true=[3] merged=[1, 3]
223.9 fp=[1] true=[3] merged=[1, 3]
224.3 fp=[1] true=[3] merged=[1, 3]
224.6 fp=[1] true=[3] merged=[1, 3]
224.9 fp=[1] true=[3] merged=[1, 3]
225.2 fp=[1] true=[3] merged=[1, 3]
225.5 fp=[1] true=[3] merged=[1, 3]
225.8 fp=[1] true=[3] merged=[1, 3]
226.1 fp=[1] true=[3] merged=[1, 3]
226.5 fp=[1] true=[3] merged=[1, 3]
226.8 fp=[1] true=[3] merged=[1, 3]
227.1 fp=[1] true=[3] merged=[1, 3]
227.4 fp=[1] true=[3] merged=[1, 3]
227.7 fp=[1] true=[3] merged=[1, 3]
228.0 fp=[2] true=[3] merged=[2, 3]
228.4 fp=[2] true=[3] merged=[2, 3]
228.7 fp=[2] true=[3] merged=[2, 3]
229.0 fp=[2] true=[3] merged=[2, 3]
229.3 fp=[2] true=[3] merged=[2, 3]
229.6 fp=[2] true=[3] merged=[2, 3]
229.9 fp=[2] true=[3] merged=[2, 3]
230.2 fp=[2] true=[3] merged=[2, 3]
230.5 fp=[2] true=[3] merged=[2, 3]
230.8 fp=[2] true=[3] merged=[2, 3]
237.1 fp=[6] true=[3] merged=[3, 6]
237.4 fp=[6] true=[3] merged=[3, 6]
237.7 fp=[6] true=[3] merged=[3, 6]
238.1 fp=[6] true=[3] merged=[3, 6]
238.4 fp=[6] true=[3] merged=[3, 6]
238.7 fp=[6] true=[3] merged=[3, 6]
239.0 fp=[6] true=[3] merged=[3, 6]
239.3 fp=[6] true=[3] merged=[3, 6]
239.6 fp=[6] true=[3] merged=[3, 6]
239.9 fp=[6] true=[3] merged=[3, 6]
240.2 fp=[6] true=[3] merged=[3, 6]
240.5 fp=[6] true=[3] merged=[3, 6]
240.9 fp=[6] true=[3] merged=[3, 6]
241.2 fp=[6] true=[3] merged=[3, 6]
241.5 fp=[6] true=[3] merged=[3, 6]
241.8 fp=[6] true=[3] merged=[3, 6]
242.1 fp=[6] true=[3] merged=[3, 6]
242.4 fp=[6] true=[3] merged=[3, 6]
242.8 fp=[6] true=[3] merged=[3, 6]
243.1 fp=[6] true=[3] merged=[3, 6]
243.4 fp=[6] true=[3] merged=[3, 6]
243.7 fp=[6] true=[3] merged=[3, 6]
244.0 fp=[6] true=[3] merged=[3, 6]
244.3 fp=[6] true=[3] merged=[3, 6]
244.7 fp=[6] true=[3] merged=[3, 6]
245.0 fp=[6] true=[3] merged=[3, 6]
245.3 fp=[6] true=[3] merged=[3, 6]
245.6 fp=[6] true=[3] merged=[3, 6]
245.9 fp=[6] true=[3] merged=[3, 6]
246.2 fp=[6] true=[3] merged=[3, 6]
246.5 fp=[6] true=[3] merged=[3, 6]
246.9 fp=[6] true=[3] merged=[3, 6]
247.2 fp=[6] true=[3] merged=[3, 6]
247.5 fp=[6] true=[3] merged=[3, 6]
247.8 fp=[6] true=[3] merged=[3, 6]
248.1 fp=[6] true=[3] merged=[3, 6]
248.4 fp=[6] true=[3] merged=[3, 6]
248.7 fp=[6] true=[3] merged=[3, 6]
249.0 fp=[6] true=[3] merged=[3, 6]
249.4 fp=[6] true=[3] merged=[3, 6]
249.7 fp=[6] true=[3] merged=[3, 6]
250.0 fp=[6] true=[3] merged=[3, 6]
250.3 fp=[6] true=[3] merged=[3, 6]
250.6 fp=[6] true=[3] merged=[3, 6]
250.9 fp=[6] true=[3] merged=[3, 6]
251.2 fp=[6] true=[3] merged=[3, 6]
251.6 fp=[6] true=[3] merged=[3, 6]
251.9 fp=[6] true=[3] merged=[3, 6]
252.2 fp=[6] true=[3] merged=[3, 6]
252.5 fp=[6] true=[3] merged=[3, 6]
252.8 fp=[6] true=[3] merged=[3, 6]
253.1 fp=[6] true=[3] merged=[3, 6]
253.5 fp=[6] true=[3] merged=[3, 6]
253.8 fp=[6] true=[3] merged=[3, 6]
254.1 fp=[6] true=[3] merged=[3, 6]
254.4 fp=[6] true=[3] merged=[3, 6]
254.7 fp=[6] true=[3] merged=[3, 6]
255.0 fp=[6] true=[3] merged=[3, 6]
255.3 fp=[6] true=[3] merged=[3, 6]
255.7 fp=[6] true=[3] merged=[3, 6]
256.0 fp=[6] true=[3] merged=[3, 6]
256.3 fp=[6] true=[3] merged=[3, 6]
256.6 fp=[6] true=[3] merged=[3, 6]
256.9 fp=[6] true=[3] merged=[3, 6]
257.2 fp=[4] true=[3] merged=[3, 4]
257.5 fp=[4] true=[3] merged=[3, 4]
257.8 fp=[4] true=[3] merged=[3, 4]
258.2 fp=[4] true=[3] merged=[3, 4]
258.5 fp=[4] true=[3] merged=[3, 4]
258.8 fp=[4] true=[3] merged=[3, 4]
259.1 fp=[4] true=[3] merged=[3, 4]
259.4 fp=[4] true=[3] merged=[3, 4]
259.8 fp=[4] true=[3] merged=[3, 4]
260.1 fp=[4] true=[3] merged=[3, 4]
260.4 fp=[4] true=[3] merged=[3, 4]
260.7 fp=[4] true=[3] merged=[3, 4]
261.0 fp=[4] true=[3] merged=[3, 4]
261.3 fp=[4] true=[3] merged=[3, 4]
261.6 fp=[4] true=[3] merged=[3, 4]
262.0 fp=[4] true=[3] merged=[3, 4]
262.3 fp=[4] true=[3] merged=[3, 4]
262.6 fp=[4] true=[3] merged=[3, 4]
262.9 fp=[4] true=[3] merged=[3, 4]
263.2 fp=[4] true=[3] merged=[3, 4]
263.5 fp=[4] true=[3] merged=[3, 4]
263.8 fp=[4] true=[3] merged=[3, 4]
264.2 fp=[4] true=[3] merged=[3, 4]
264.5 fp=[4] true=[3] merged=[3, 4]
264.8 fp=[4] true=[3] merged=[3, 4]
265.1 fp=[4] true=[3] merged=[3, 4]
265.4 fp=[4] true=[3] merged=[3, 4]
265.7 fp=[4] true=[3] merged=[3, 4]
266.0 fp=[4] true=[3] merged=[3, 4]
266.3 fp=[4] true=[3] merged=[3, 4]
266.7 fp=[4] true=[3] merged=[3, 4]
267.0 fp=[4] true=[3] merged=[3, 4]
267.3 fp=[4] true=[3] merged=[3, 4]
267.6 fp=[4] true=[3] merged=[3, 4]
267.9 fp=[4] true=[3] merged=[3, 4]
268.2 fp=[4] true=[3] merged=[3, 4]
268.5 fp=[4] true=[3] merged=[3, 4]
268.9 fp=[4] true=[3] merged=[3, 4]
269.2 fp=[4] true=[3] merged=[3, 4]
269.5 fp=[4] true=[3] merged=[3, 4]
269.8 fp=[4] true=[3] merged=[3, 4]
270.1 fp=[1] true=[3] merged=[1, 3]
270.4 fp=[1] true=[3] merged=[1, 3]
270.7 fp=[1] true=[3] merged=[1, 3]
271.1 fp=[1] true=[3] merged=[1, 3]
271.4 fp=[1] true=[3] merged=[1, 3]
271.7 fp=[1] true=[3] merged=[1, 3]
272.0 fp=[1] true=[3] merged=[1, 3]
272.3 fp=[1] true=[3] merged=[1, 3]
272.6 fp=[1] true=[3] merged=[1, 3]
272.9 fp=[1] true=[3] merged=[1, 3]
273.3 fp=[1] true=[3] merged=[1, 3]
273.6 fp=[1] true=[3] merged=[1, 3]
273.9 fp=[1] true=[3] merged=[1, 3]
274.2 fp=[1] true=[3] merged=[1, 3]
274.5 fp=[1] true=[3] merged=[1, 3]
274.8 fp=[1] true=[3] merged=[1, 3]
275.1 fp=[1] true=[3] merged=[1, 3]
275.4 fp=[1] true=[3] merged=[1, 3]
275.7 fp=[1] true=[3] merged=[1, 3]
276.1 fp=[1] true=[3] merged=[1, 3]
276.4 fp=[1] true=[3] merged=[1, 3]
276.7 fp=[1] true=[3] merged=[1, 3]
277.0 fp=[1] true=[3] merged=[1, 3]
277.3 fp=[1] true=[3] merged=[1, 3]
277.6 fp=[1] true=[3] merged=[1, 3]
277.9 fp=[1] true=[3] merged=[1, 3]
278.3 fp=[1] true=[3] merged=[1, 3]
278.6 fp=[1] true=[3] merged=[1, 3]
278.9 fp=[1] true=[3] merged=[1, 3]
279.2 fp=[1] true=[3] merged=[1, 3]
279.6 fp=[1] true=[3] merged=[1, 3]
279.9 fp=[1] true=[3] merged=[1, 3]
280.2 fp=[1] true=[3] merged=[1, 3]
280.5 fp=[1] true=[3] merged=[1, 3]
280.8 fp=[1] true=[3] merged=[1, 3]
281.1 fp=[1] true=[3] merged=[1, 3]
281.4 fp=[1] true=[3] merged=[1, 3]
281.7 fp=[1] true=[3] merged=[1, 3]
282.0 fp=[1] true=[3] merged=[1, 3]
282.4 fp=[1] true=[3] merged=[1, 3]
282.7 fp=[1] true=[3] merged=[1, 3]
283.0 fp=[1] true=[3] merged=[1, 3]
283.3 fp=[1] true=[3] merged=[1, 3]
283.7 fp=[1] true=[3] merged=[1, 3]
284.0 fp=[1] true=[3] merged=[1, 3]
284.3 fp=[1] true=[3] merged=[1, 3]
284.6 fp=[1] true=[3] merged=[1, 3]
284.9 fp=[1] true=[3] merged=[1, 3]
285.2 fp=[1] true=[3] merged=[1, 3]
285.5 fp=[1] true=[3] merged=[1, 3]
285.8 fp=[1] true=[3] merged=[1, 3]
286.2 fp=[1] true=[3] merged=[1, 3]
286.5 fp=[1] true=[3] merged=[1, 3]
286.8 fp=[1] true=[3] merged=[1, 3]
287.1 fp=[1] true=[3] merged=[1, 3]
287.4 fp=[1] true=[3] merged=[1, 3]
287.7 fp=[1] true=[3] merged=[1, 3]
288.0 fp=[1] true=[3] merged=[1, 3]
288.3 fp=[1] true=[3] merged=[1, 3]
288.7 fp=[1] true=[3] merged=[1, 3]
289.0 fp=[1] true=[3] merged=[1, 3]
289.3 fp=[1] true=[3] merged=[1, 3]
289.6 fp=[1] true=[3] merged=[1, 3]
289.9 fp=[1] true=[3] merged=[1, 3]
290.2 fp=[7] true=[3] merged=[3, 7]
290.5 fp=[7] true=[3] merged=[3, 7]
290.9 fp=[7] true=[3] merged=[3, 7]
291.2 fp=[7] true=[3] merged=[3, 7]
291.5 fp=[7] true=[3] merged=[3, 7]
291.8 fp=[7] true=[3] merged=[3, 7]
292.1 fp=[7] true=[3] merged=[3, 7]
292.4 fp=[7] true=[3] merged=[3, 7]
292.7 fp=[7] true=[3] merged=[3, 7]
293.0 fp=[7] true=[3] merged=[3, 7]
293.4 fp=[7] true=[3] merged=[3, 7]
293.7 fp=[7] true=[3] merged=[3, 7]
294.0 fp=[7] true=[3] merged=[3, 7]
294.3 fp=[7] true=[3] merged=[3, 7]
294.6 fp=[7] true=[3] merged=[3, 7]
294.9 fp=[7] true=[3] merged=[3, 7]
295.2 fp=[7] true=[3] merged=[3, 7]
295.5 fp=[7] true=[3] merged=[3, 7]
295.8 fp=[7] true=[3] merged=[3, 7]
296.2 fp=[7] true=[3] merged=[3, 7]
296.5 fp=[7] true=[3] merged=[3, 7]
296.8 fp=[7] true=[3] merged=[3, 7]
297.1 fp=[7] true=[3] merged=[3, 7]
297.4 fp=[7] true=[3] merged=[3, 7]
297.7 fp=[7] true=[3] merged=[3, 7]
298.0 fp=[7] true=[3] merged=[3, 7]
298.4 fp=[7] true=[3] merged=[3, 7]
298.7 fp=[7] true=[3] merged=[3, 7]
299.0 fp=[7] true=[3] merged=[3, 7]
299.3 fp=[7] true=[3] merged=[3, 7]
299.6 fp=[7] true=[3] merged=[3, 7]
300.0 fp=[7] true=[3] merged=[3, 7]
