models built (383s)
  std(dRTT) statistic              rho=0.0  worst AUC=0.3629  (init=ar0.9, ac=0.12, feasible=100%)
  std(dRTT) statistic              rho=0.3  worst AUC=0.8175  (init=ar0.9, ac=0.30, feasible=100%)
  std(dRTT) statistic              rho=0.6  worst AUC=0.9998  (init=ar0.9, ac=0.60, feasible=100%)
  std(dRTT) statistic              rho=0.8  worst AUC=1.0000  (init=white, ac=0.80, feasible=100%)
  logistic / 40 summary stats      rho=0.0  worst AUC=0.4145  (init=ar0.6, ac=0.00, feasible=100%)
  logistic / 40 summary stats      rho=0.3  worst AUC=0.9405  (init=white, ac=0.30, feasible=100%)
  logistic / 40 summary stats      rho=0.6  worst AUC=1.0000  (init=white, ac=0.60, feasible=100%)
  logistic / 40 summary stats      rho=0.8  worst AUC=1.0000  (init=white, ac=0.80, feasible=100%)
  MLP 64-32 / raw window           rho=0.0  worst AUC=0.0063  (init=ar0.9, ac=0.00, feasible=100%)
  MLP 64-32 / raw window           rho=0.3  worst AUC=0.2150  (init=ar0.9, ac=0.30, feasible=100%)
  MLP 64-32 / raw window           rho=0.6  worst AUC=0.9637  (init=ar0.9, ac=0.60, feasible=100%)
  MLP 64-32 / raw window           rho=0.8  worst AUC=1.0000  (init=white, ac=0.80, feasible=100%)
  1D-CNN                           rho=0.0  worst AUC=0.2277  (init=ar0.9, ac=0.00, feasible=100%)
  1D-CNN                           rho=0.3  worst AUC=0.9656  (init=ar0.6, ac=0.30, feasible=100%)
  1D-CNN                           rho=0.6  worst AUC=1.0000  (init=white, ac=0.60, feasible=100%)
  1D-CNN                           rho=0.8  worst AUC=1.0000  (init=white, ac=0.80, feasible=100%)
  GRU                              rho=0.0  worst AUC=0.0019  (init=ar0.3, ac=0.02, feasible=100%)
  GRU                              rho=0.3  worst AUC=0.2319  (init=ar0.3, ac=0.30, feasible=100%)
  GRU                              rho=0.6  worst AUC=0.8066  (init=ar0.9, ac=0.60, feasible=100%)
  GRU                              rho=0.8  worst AUC=1.0000  (init=white, ac=0.80, feasible=100%)
  Transformer (ours, retrained)    rho=0.0  worst AUC=0.0027  (init=white, ac=0.06, feasible=100%)
  Transformer (ours, retrained)    rho=0.3  worst AUC=0.0393  (init=ar0.3, ac=0.33, feasible=100%)
  Transformer (ours, retrained)    rho=0.6  worst AUC=0.3324  (init=ar0.6, ac=0.60, feasible=100%)
  Transformer (ours, retrained)    rho=0.8  worst AUC=0.9433  (init=ar0.3, ac=0.80, feasible=100%)
  random forest / summary stats    rho=0.0  worst AUC=0.9965  (init=white, ac=0.00, feasible=100%)
  random forest / summary stats    rho=0.3  worst AUC=0.9999  (init=ar0.6, ac=0.30, feasible=100%)
  random forest / summary stats    rho=0.6  worst AUC=1.0000  (init=white, ac=0.60, feasible=100%)
  random forest / summary stats    rho=0.8  worst AUC=1.0000  (init=white, ac=0.80, feasible=100%)
  k-NN (k=15) / summary stats      rho=0.0  worst AUC=0.5000  (init=white, ac=0.00, feasible=100%)
  k-NN (k=15) / summary stats      rho=0.3  worst AUC=0.7475  (init=ar0.9, ac=0.30, feasible=100%)
  k-NN (k=15) / summary stats      rho=0.6  worst AUC=1.0000  (init=white, ac=0.60, feasible=100%)
  k-NN (k=15) / summary stats      rho=0.8  worst AUC=1.0000  (init=white, ac=0.80, feasible=100%)
done in 245 min
