models built (197s)
  std(dRTT) statistic              rho=0.0  worst AUC=0.0049  (init=white, realised ac=-0.01)
  std(dRTT) statistic              rho=0.3  worst AUC=0.0092  (init=white, realised ac=0.28)
  std(dRTT) statistic              rho=0.6  worst AUC=0.0116  (init=white, realised ac=0.56)
  std(dRTT) statistic              rho=0.8  worst AUC=0.0403  (init=white, realised ac=0.74)
  logistic / 40 summary stats      rho=0.0  worst AUC=0.0000  (init=white, realised ac=-0.79)
  logistic / 40 summary stats      rho=0.3  worst AUC=0.0000  (init=white, realised ac=-0.73)
  logistic / 40 summary stats      rho=0.6  worst AUC=0.0000  (init=white, realised ac=-0.67)
  logistic / 40 summary stats      rho=0.8  worst AUC=0.0000  (init=white, realised ac=-0.61)
  MLP 64-32 / raw window           rho=0.0  worst AUC=0.0000  (init=white, realised ac=-0.47)
  MLP 64-32 / raw window           rho=0.3  worst AUC=0.0000  (init=white, realised ac=-0.46)
  MLP 64-32 / raw window           rho=0.6  worst AUC=0.0000  (init=white, realised ac=-0.45)
  MLP 64-32 / raw window           rho=0.8  worst AUC=0.0000  (init=white, realised ac=-0.44)
  1D-CNN                           rho=0.0  worst AUC=0.0000  (init=white, realised ac=-0.87)
  1D-CNN                           rho=0.3  worst AUC=0.0000  (init=white, realised ac=-0.87)
  1D-CNN                           rho=0.6  worst AUC=0.0000  (init=white, realised ac=-0.86)
  1D-CNN                           rho=0.8  worst AUC=0.0000  (init=white, realised ac=-0.85)
  GRU                              rho=0.0  worst AUC=0.0000  (init=white, realised ac=-0.02)
  GRU                              rho=0.3  worst AUC=0.0000  (init=white, realised ac=0.26)
  GRU                              rho=0.6  worst AUC=0.0001  (init=white, realised ac=0.49)
  GRU                              rho=0.8  worst AUC=0.0141  (init=ar0.9, realised ac=0.61)
  Transformer (ours, retrained)    rho=0.0  worst AUC=0.4720  (init=white, realised ac=0.11)
  Transformer (ours, retrained)    rho=0.3  worst AUC=0.5214  (init=ar0.6, realised ac=0.45)
  Transformer (ours, retrained)    rho=0.6  worst AUC=0.5846  (init=ar0.6, realised ac=0.67)
  Transformer (ours, retrained)    rho=0.8  worst AUC=0.6666  (init=ar0.6, realised ac=0.82)
  random forest / summary stats    rho=0.0  worst AUC=0.4675  (init=ar0.6, realised ac=-0.78)
  random forest / summary stats    rho=0.3  worst AUC=0.4699  (init=ar0.3, realised ac=-0.73)
  random forest / summary stats    rho=0.6  worst AUC=0.4675  (init=ar0.3, realised ac=-0.67)
  random forest / summary stats    rho=0.8  worst AUC=0.4675  (init=ar0.3, realised ac=-0.61)
  k-NN (k=15) / summary stats      rho=0.0  worst AUC=0.5000  (init=white, realised ac=-0.79)
  k-NN (k=15) / summary stats      rho=0.3  worst AUC=0.5000  (init=white, realised ac=-0.73)
  k-NN (k=15) / summary stats      rho=0.6  worst AUC=0.5000  (init=white, realised ac=-0.67)
  k-NN (k=15) / summary stats      rho=0.8  worst AUC=0.5000  (init=white, realised ac=-0.61)
done in 143 min
