gap: healthy 7.1 / attack 45.0  (window 60)
  std(dRTT) statistic            -          AUC=0.7245
  logistic / 40 summary stats    -          AUC=0.8070
  random forest / summary stats  -          AUC=0.8483
  k-NN (k=15) / summary stats    -          AUC=0.7801
  MLP 64-32                      flat/3e-04 ep=27 AUC=0.9992 (0.1 min)
  MLP 64-32                      flat/1e-03 ep=19 AUC=0.9992 (0.1 min)
  1D-CNN                         mean/3e-04 ep=40 AUC=0.9965 (0.3 min)
  1D-CNN                         mean/1e-03 ep=26 AUC=0.9994 (1.3 min)
  1D-CNN                         max/3e-04  ep=23 AUC=0.9999 (1.9 min)
  1D-CNN                         max/1e-03  ep=11 AUC=0.9999 (0.8 min)
  1D-CNN                         attn/3e-04 ep=40 AUC=0.9995 (3.0 min)
  1D-CNN                         attn/1e-03 ep=29 AUC=0.9997 (2.4 min)
  GRU                            last/3e-04 ep=10 AUC=0.9998 (1.5 min)
  GRU                            last/1e-03 ep= 9 AUC=1.0000 (1.4 min)
  GRU                            mean/3e-04 ep=16 AUC=1.0000 (2.4 min)
  GRU                            mean/1e-03 ep=16 AUC=1.0000 (2.4 min)
  GRU                            attn/3e-04 ep=18 AUC=1.0000 (1.9 min)
  GRU                            attn/1e-03 ep= 9 AUC=0.9996 (0.6 min)
  Transformer (ours)             attn/3e-04 ep= 8 AUC=1.0000 (3.8 min)
  Transformer (ours)             attn/1e-03 ep= 7 AUC=1.0000 (3.4 min)
done
