data: train 20000 / val 2000 / test 4000 windows  (1.5s)
params: 141067
epoch  1  val AUC=0.9080  (33s)
epoch  2  val AUC=0.9028  (33s)
epoch  3  val AUC=0.9561  (34s)
epoch  4  val AUC=0.9769  (40s)
epoch  5  val AUC=0.9909  (41s)
epoch  6  val AUC=0.9670  (41s)
epoch  7  val AUC=0.9981  (41s)
epoch  8  val AUC=0.9981  (42s)
epoch  9  val AUC=0.9989  (38s)
epoch 10  val AUC=0.9955  (39s)
epoch 11  val AUC=0.9995  (38s)
epoch 12  val AUC=0.9994  (38s)
epoch 13  val AUC=0.9993  (38s)
epoch 14  val AUC=0.9984  (33s)
epoch 15  val AUC=0.9990  (32s)
epoch 16  val AUC=0.9983  (32s)
epoch 17  val AUC=0.9987  (31s)
epoch 18  val AUC=0.9987  (32s)
epoch 19  val AUC=0.9982  (31s)
early stop at epoch 19
FINAL test AUC=0.9996  (published on 800 windows: 0.903)
saved best_mm_r12.pt
