# start rate=10 seed=2 dur=420 n=7 target=3 events=48
25.1 fp=[7] true=[3] merged=[3, 7]
25.4 fp=[7] true=[3] merged=[3, 7]
25.7 fp=[7] true=[3] merged=[3, 7]
26.0 fp=[7] true=[3] merged=[3, 7]
26.3 fp=[7] true=[3] merged=[3, 7]
26.6 fp=[7] true=[3] merged=[3, 7]
26.9 fp=[7] true=[3] merged=[3, 7]
27.3 fp=[7] true=[3] merged=[3, 7]
27.6 fp=[7] true=[3] merged=[3, 7]
27.9 fp=[7] true=[3] merged=[3, 7]
28.2 fp=[7] true=[3] merged=[3, 7]
28.5 fp=[7] true=[3] merged=[3, 7]
28.8 fp=[7] true=[3] merged=[3, 7]
29.1 fp=[7] true=[3] merged=[3, 7]
29.4 fp=[7] true=[3] merged=[3, 7]
29.7 fp=[7] true=[3] merged=[3, 7]
30.1 fp=[7] true=[3] merged=[3, 7]
30.4 fp=[7] true=[3] merged=[3, 7]
30.7 fp=[7] true=[3] merged=[3, 7]
31.0 fp=[7] true=[3] merged=[3, 7]
31.4 fp=[7] true=[3] merged=[3, 7]
31.7 fp=[7] true=[3] merged=[3, 7]
32.0 fp=[7] true=[3] merged=[3, 7]
32.3 fp=[7] true=[3] merged=[3, 7]
32.6 fp=[7] true=[3] merged=[3, 7]
32.9 fp=[7] true=[3] merged=[3, 7]
33.2 fp=[7] true=[3] merged=[3, 7]
33.6 fp=[7] true=[3] merged=[3, 7]
33.9 fp=[7] true=[3] merged=[3, 7]
34.2 fp=[7] true=[3] merged=[3, 7]
34.5 fp=[7] true=[3] merged=[3, 7]
34.8 fp=[7] true=[3] merged=[3, 7]
35.1 fp=[2] true=[3] merged=[2, 3]
35.4 fp=[2] true=[3] merged=[2, 3]
35.8 fp=[2] true=[3] merged=[2, 3]
36.1 fp=[2] true=[3] merged=[2, 3]
36.4 fp=[2] true=[3] merged=[2, 3]
36.7 fp=[2] true=[3] merged=[2, 3]
37.0 fp=[2] true=[3] merged=[2, 3]
37.3 fp=[2] true=[3] merged=[2, 3]
37.6 fp=[2] true=[3] merged=[2, 3]
37.9 fp=[2] true=[3] merged=[2, 3]
38.3 fp=[1] true=[3] merged=[1, 3]
38.6 fp=[1] true=[3] merged=[1, 3]
38.9 fp=[1] true=[3] merged=[1, 3]
39.2 fp=[1] true=[3] merged=[1, 3]
39.5 fp=[1] true=[3] merged=[1, 3]
39.8 fp=[1] true=[3] merged=[1, 3]
40.1 fp=[1] true=[3] merged=[1, 3]
40.5 fp=[1] true=[3] merged=[1, 3]
40.8 fp=[1] true=[3] merged=[1, 3]
41.1 fp=[1] true=[3] merged=[1, 3]
41.4 fp=[1] true=[3] merged=[1, 3]
41.7 fp=[1] true=[3] merged=[1, 3]
42.0 fp=[1] true=[3] merged=[1, 3]
42.4 fp=[1] true=[3] merged=[1, 3]
42.7 fp=[1] true=[3] merged=[1, 3]
43.0 fp=[1] true=[3] merged=[1, 3]
43.3 fp=[1] true=[3] merged=[1, 3]
43.6 fp=[1] true=[3] merged=[1, 3]
43.9 fp=[1] true=[3] merged=[1, 3]
44.2 fp=[1] true=[3] merged=[1, 3]
44.5 fp=[1] true=[3] merged=[1, 3]
44.9 fp=[1] true=[3] merged=[1, 3]
45.2 fp=[1] true=[3] merged=[1, 3]
45.5 fp=[1] true=[3] merged=[1, 3]
45.8 fp=[1] true=[3] merged=[1, 3]
46.1 fp=[1] true=[3] merged=[1, 3]
46.4 fp=[1] true=[3] merged=[1, 3]
46.7 fp=[1] true=[3] merged=[1, 3]
47.1 fp=[1] true=[3] merged=[1, 3]
47.4 fp=[1] true=[3] merged=[1, 3]
47.7 fp=[1] true=[3] merged=[1, 3]
48.0 fp=[1] true=[3] merged=[1, 3]
48.3 fp=[1] true=[3] merged=[1, 3]
48.6 fp=[1] true=[3] merged=[1, 3]
48.9 fp=[1] true=[3] merged=[1, 3]
49.3 fp=[1] true=[3] merged=[1, 3]
49.6 fp=[1] true=[3] merged=[1, 3]
49.9 fp=[1] true=[3] merged=[1, 3]
50.2 fp=[1] true=[3] merged=[1, 3]
50.5 fp=[1] true=[3] merged=[1, 3]
50.8 fp=[1] true=[3] merged=[1, 3]
51.1 fp=[1] true=[3] merged=[1, 3]
51.5 fp=[1] true=[3] merged=[1, 3]
51.8 fp=[1] true=[3] merged=[1, 3]
52.1 fp=[1] true=[3] merged=[1, 3]
52.4 fp=[1] true=[3] merged=[1, 3]
52.7 fp=[1] true=[3] merged=[1, 3]
53.0 fp=[1] true=[3] merged=[1, 3]
53.4 fp=[1] true=[3] merged=[1, 3]
53.7 fp=[1] true=[3] merged=[1, 3]
54.0 fp=[1] true=[3] merged=[1, 3]
54.3 fp=[1] true=[3] merged=[1, 3]
54.6 fp=[1] true=[3] merged=[1, 3]
54.9 fp=[1] true=[3] merged=[1, 3]
55.2 fp=[1] true=[3] merged=[1, 3]
55.6 fp=[1] true=[3] merged=[1, 3]
55.9 fp=[1] true=[3] merged=[1, 3]
56.2 fp=[1] true=[3] merged=[1, 3]
56.5 fp=[1] true=[3] merged=[1, 3]
56.8 fp=[1] true=[3] merged=[1, 3]
57.1 fp=[1] true=[3] merged=[1, 3]
57.4 fp=[1] true=[3] merged=[1, 3]
57.7 fp=[1] true=[3] merged=[1, 3]
58.1 fp=[5] true=[3] merged=[3, 5]
58.4 fp=[5] true=[3] merged=[3, 5]
58.7 fp=[5] true=[3] merged=[3, 5]
59.0 fp=[5] true=[3] merged=[3, 5]
59.3 fp=[5] true=[3] merged=[3, 5]
59.6 fp=[5] true=[3] merged=[3, 5]
59.9 fp=[5] true=[3] merged=[3, 5]
60.2 fp=[5] true=[3] merged=[3, 5]
60.6 fp=[5] true=[3] merged=[3, 5]
60.9 fp=[5] true=[3] merged=[3, 5]
61.2 fp=[5] true=[3] merged=[3, 5]
61.5 fp=[5] true=[3] merged=[3, 5]
61.8 fp=[5] true=[3] merged=[3, 5]
62.1 fp=[5] true=[3] merged=[3, 5]
62.4 fp=[5] true=[3] merged=[3, 5]
62.8 fp=[5] true=[3] merged=[3, 5]
63.1 fp=[5] true=[3] merged=[3, 5]
63.4 fp=[5] true=[3] merged=[3, 5]
63.7 fp=[5] true=[3] merged=[3, 5]
64.0 fp=[5] true=[3] merged=[3, 5]
64.3 fp=[5] true=[3] merged=[3, 5]
64.6 fp=[5] true=[3] merged=[3, 5]
65.0 fp=[5] true=[3] merged=[3, 5]
65.3 fp=[5] true=[3] merged=[3, 5]
65.6 fp=[5] true=[3] merged=[3, 5]
65.9 fp=[5] true=[3] merged=[3, 5]
66.2 fp=[5] true=[3] merged=[3, 5]
66.5 fp=[5] true=[3] merged=[3, 5]
66.8 fp=[5] true=[3] merged=[3, 5]
67.1 fp=[5] true=[3] merged=[3, 5]
67.5 fp=[5] true=[3] merged=[3, 5]
67.8 fp=[5] true=[3] merged=[3, 5]
68.1 fp=[5] true=[3] merged=[3, 5]
68.4 fp=[5] true=[3] merged=[3, 5]
68.7 fp=[5] true=[3] merged=[3, 5]
69.0 fp=[5] true=[3] merged=[3, 5]
69.4 fp=[5] true=[3] merged=[3, 5]
69.7 fp=[5] true=[3] merged=[3, 5]
70.0 fp=[5] true=[3] merged=[3, 5]
70.3 fp=[5] true=[3] merged=[3, 5]
70.6 fp=[5] true=[3] merged=[3, 5]
71.0 fp=[5] true=[3] merged=[3, 5]
71.3 fp=[5] true=[3] merged=[3, 5]
71.6 fp=[5] true=[3] merged=[3, 5]
71.9 fp=[5] true=[3] merged=[3, 5]
72.2 fp=[5] true=[3] merged=[3, 5]
72.5 fp=[5] true=[3] merged=[3, 5]
72.8 fp=[5] true=[3] merged=[3, 5]
79.1 fp=[6] true=[3] merged=[3, 6]
79.4 fp=[6] true=[3] merged=[3, 6]
79.7 fp=[6] true=[3] merged=[3, 6]
80.0 fp=[6] true=[3] merged=[3, 6]
80.3 fp=[6] true=[3] merged=[3, 6]
80.6 fp=[6] true=[3] merged=[3, 6]
81.0 fp=[6] true=[3] merged=[3, 6]
81.3 fp=[6] true=[3] merged=[3, 6]
81.6 fp=[6] true=[3] merged=[3, 6]
81.9 fp=[6] true=[3] merged=[3, 6]
82.2 fp=[6] true=[3] merged=[3, 6]
82.5 fp=[6] true=[3] merged=[3, 6]
82.8 fp=[6] true=[3] merged=[3, 6]
83.1 fp=[6] true=[3] merged=[3, 6]
83.5 fp=[6] true=[3] merged=[3, 6]
83.8 fp=[6] true=[3] merged=[3, 6]
84.1 fp=[6] true=[3] merged=[3, 6]
84.4 fp=[6] true=[3] merged=[3, 6]
84.7 fp=[6] true=[3] merged=[3, 6]
85.0 fp=[6] true=[3] merged=[3, 6]
85.4 fp=[6] true=[3] merged=[3, 6]
85.7 fp=[6] true=[3] merged=[3, 6]
86.0 fp=[6] true=[3] merged=[3, 6]
86.3 fp=[6] true=[3] merged=[3, 6]
86.6 fp=[6] true=[3] merged=[3, 6]
86.9 fp=[6] true=[3] merged=[3, 6]
87.2 fp=[2] true=[3] merged=[2, 3]
87.5 fp=[2] true=[3] merged=[2, 3]
87.8 fp=[2] true=[3] merged=[2, 3]
88.2 fp=[2] true=[3] merged=[2, 3]
88.5 fp=[2] true=[3] merged=[2, 3]
88.8 fp=[2] true=[3] merged=[2, 3]
89.1 fp=[2] true=[3] merged=[2, 3]
89.4 fp=[2] true=[3] merged=[2, 3]
89.7 fp=[2] true=[3] merged=[2, 3]
90.0 fp=[2] true=[3] merged=[2, 3]
90.3 fp=[2] true=[3] merged=[2, 3]
90.7 fp=[2] true=[3] merged=[2, 3]
91.0 fp=[2] true=[3] merged=[2, 3]
91.3 fp=[2] true=[3] merged=[2, 3]
91.6 fp=[2] true=[3] merged=[2, 3]
91.9 fp=[2] true=[3] merged=[2, 3]
92.2 fp=[2] true=[3] merged=[2, 3]
92.5 fp=[2] true=[3] merged=[2, 3]
92.8 fp=[2] true=[3] merged=[2, 3]
93.2 fp=[2] true=[3] merged=[2, 3]
93.5 fp=[2] true=[3] merged=[2, 3]
93.8 fp=[2] true=[3] merged=[2, 3]
94.1 fp=[2] true=[3] merged=[2, 3]
94.4 fp=[2] true=[3] merged=[2, 3]
94.7 fp=[2] true=[3] merged=[2, 3]
95.0 fp=[2] true=[3] merged=[2, 3]
95.4 fp=[2] true=[3] merged=[2, 3]
95.7 fp=[2] true=[3] merged=[2, 3]
96.0 fp=[2] true=[3] merged=[2, 3]
96.3 fp=[2] true=[3] merged=[2, 3]
96.6 fp=[2] true=[3] merged=[2, 3]
96.9 fp=[2] true=[3] merged=[2, 3]
97.2 fp=[2] true=[3] merged=[2, 3]
97.5 fp=[2] true=[3] merged=[2, 3]
97.9 fp=[2] true=[3] merged=[2, 3]
98.2 fp=[2] true=[3] merged=[2, 3]
98.5 fp=[2] true=[3] merged=[2, 3]
98.8 fp=[2] true=[3] merged=[2, 3]
99.1 fp=[2] true=[3] merged=[2, 3]
99.5 fp=[2] true=[3] merged=[2, 3]
99.8 fp=[2] true=[3] merged=[2, 3]
100.1 fp=[2] true=[3] merged=[2, 3]
100.4 fp=[2] true=[3] merged=[2, 3]
100.7 fp=[2] true=[3] merged=[2, 3]
101.0 fp=[2] true=[3] merged=[2, 3]
101.3 fp=[2] true=[3] merged=[2, 3]
101.6 fp=[2] true=[3] merged=[2, 3]
101.9 fp=[2] true=[3] merged=[2, 3]
102.3 fp=[2] true=[3] merged=[2, 3]
102.6 fp=[2] true=[3] merged=[2, 3]
102.9 fp=[2] true=[3] merged=[2, 3]
103.2 fp=[2] true=[3] merged=[2, 3]
103.5 fp=[2] true=[3] merged=[2, 3]
103.8 fp=[2] true=[3] merged=[2, 3]
104.1 fp=[2] true=[3] merged=[2, 3]
104.5 fp=[2] true=[3] merged=[2, 3]
104.8 fp=[2] true=[3] merged=[2, 3]
105.1 fp=[2] true=[3] merged=[2, 3]
105.4 fp=[2] true=[3] merged=[2, 3]
105.7 fp=[2] true=[3] merged=[2, 3]
106.0 fp=[2] true=[3] merged=[2, 3]
106.3 fp=[2] true=[3] merged=[2, 3]
106.6 fp=[2] true=[3] merged=[2, 3]
106.9 fp=[2] true=[3] merged=[2, 3]
107.3 fp=[2] true=[3] merged=[2, 3]
107.6 fp=[2] true=[3] merged=[2, 3]
107.9 fp=[2] true=[3] merged=[2, 3]
108.2 fp=[2] true=[3] merged=[2, 3]
108.5 fp=[2] true=[3] merged=[2, 3]
108.8 fp=[2] true=[3] merged=[2, 3]
109.1 fp=[6] true=[3] merged=[3, 6]
109.4 fp=[6] true=[3] merged=[3, 6]
109.7 fp=[6] true=[3] merged=[3, 6]
110.1 fp=[6] true=[3] merged=[3, 6]
110.4 fp=[6] true=[3] merged=[3, 6]
110.7 fp=[6] true=[3] merged=[3, 6]
111.0 fp=[6] true=[3] merged=[3, 6]
111.3 fp=[6] true=[3] merged=[3, 6]
111.6 fp=[6] true=[3] merged=[3, 6]
111.9 fp=[6] true=[3] merged=[3, 6]
112.3 fp=[6] true=[3] merged=[3, 6]
112.6 fp=[6] true=[3] merged=[3, 6]
112.9 fp=[6] true=[3] merged=[3, 6]
113.2 fp=[6] true=[3] merged=[3, 6]
113.5 fp=[6] true=[3] merged=[3, 6]
113.8 fp=[6] true=[3] merged=[3, 6]
114.1 fp=[6] true=[3] merged=[3, 6]
114.5 fp=[6] true=[3] merged=[3, 6]
114.8 fp=[6] true=[3] merged=[3, 6]
115.1 fp=[6] true=[3] merged=[3, 6]
115.4 fp=[6] true=[3] merged=[3, 6]
115.7 fp=[6] true=[3] merged=[3, 6]
116.0 fp=[7] true=[3] merged=[3, 7]
116.3 fp=[7] true=[3] merged=[3, 7]
116.7 fp=[7] true=[3] merged=[3, 7]
117.0 fp=[7] true=[3] merged=[3, 7]
117.3 fp=[7] true=[3] merged=[3, 7]
117.6 fp=[7] true=[3] merged=[3, 7]
117.9 fp=[7] true=[3] merged=[3, 7]
121.3 fp=[6] true=[3] merged=[3, 6]
121.6 fp=[6] true=[3] merged=[3, 6]
121.9 fp=[6] true=[3] merged=[3, 6]
122.2 fp=[6] true=[3] merged=[3, 6]
122.6 fp=[6] true=[3] merged=[3, 6]
122.9 fp=[6] true=[3] merged=[3, 6]
123.2 fp=[2] true=[3] merged=[2, 3]
123.5 fp=[2] true=[3] merged=[2, 3]
123.8 fp=[2] true=[3] merged=[2, 3]
124.1 fp=[2] true=[3] merged=[2, 3]
124.4 fp=[2] true=[3] merged=[2, 3]
124.7 fp=[2] true=[3] merged=[2, 3]
125.0 fp=[2] true=[3] merged=[2, 3]
125.4 fp=[2] true=[3] merged=[2, 3]
125.7 fp=[2] true=[3] merged=[2, 3]
126.0 fp=[2] true=[3] merged=[2, 3]
126.3 fp=[2] true=[3] merged=[2, 3]
126.6 fp=[2] true=[3] merged=[2, 3]
126.9 fp=[2] true=[3] merged=[2, 3]
127.2 fp=[2] true=[3] merged=[2, 3]
127.6 fp=[2] true=[3] merged=[2, 3]
127.9 fp=[2] true=[3] merged=[2, 3]
128.2 fp=[2] true=[3] merged=[2, 3]
128.5 fp=[2] true=[3] merged=[2, 3]
128.8 fp=[2] true=[3] merged=[2, 3]
129.1 fp=[2] true=[3] merged=[2, 3]
129.4 fp=[2] true=[3] merged=[2, 3]
129.8 fp=[2] true=[3] merged=[2, 3]
130.1 fp=[2] true=[3] merged=[2, 3]
130.4 fp=[2] true=[3] merged=[2, 3]
130.7 fp=[2] true=[3] merged=[2, 3]
131.0 fp=[2] true=[3] merged=[2, 3]
131.3 fp=[2] true=[3] merged=[2, 3]
131.6 fp=[2] true=[3] merged=[2, 3]
131.9 fp=[2] true=[3] merged=[2, 3]
132.2 fp=[2] true=[3] merged=[2, 3]
132.6 fp=[2] true=[3] merged=[2, 3]
132.9 fp=[2] true=[3] merged=[2, 3]
133.2 fp=[2] true=[3] merged=[2, 3]
133.5 fp=[2] true=[3] merged=[2, 3]
133.8 fp=[2] true=[3] merged=[2, 3]
134.1 fp=[2] true=[3] merged=[2, 3]
134.4 fp=[2] true=[3] merged=[2, 3]
134.7 fp=[2] true=[3] merged=[2, 3]
135.0 fp=[2] true=[3] merged=[2, 3]
135.4 fp=[2] true=[3] merged=[2, 3]
135.7 fp=[2] true=[3] merged=[2, 3]
136.0 fp=[2] true=[3] merged=[2, 3]
136.3 fp=[2] true=[3] merged=[2, 3]
136.6 fp=[2] true=[3] merged=[2, 3]
136.9 fp=[2] true=[3] merged=[2, 3]
137.2 fp=[2] true=[3] merged=[2, 3]
137.5 fp=[2] true=[3] merged=[2, 3]
137.9 fp=[2] true=[3] merged=[2, 3]
138.2 fp=[2] true=[3] merged=[2, 3]
138.5 fp=[2] true=[3] merged=[2, 3]
138.8 fp=[2] true=[3] merged=[2, 3]
139.1 fp=[2] true=[3] merged=[2, 3]
139.4 fp=[2] true=[3] merged=[2, 3]
139.8 fp=[2] true=[3] merged=[2, 3]
140.1 fp=[2] true=[3] merged=[2, 3]
140.4 fp=[2] true=[3] merged=[2, 3]
140.7 fp=[2] true=[3] merged=[2, 3]
141.0 fp=[2] true=[3] merged=[2, 3]
141.4 fp=[2] true=[3] merged=[2, 3]
141.7 fp=[2] true=[3] merged=[2, 3]
142.0 fp=[2] true=[3] merged=[2, 3]
142.3 fp=[2] true=[3] merged=[2, 3]
142.6 fp=[2] true=[3] merged=[2, 3]
142.9 fp=[2] true=[3] merged=[2, 3]
156.0 fp=[5] true=[3] merged=[3, 5]
156.3 fp=[5] true=[3] merged=[3, 5]
156.6 fp=[5] true=[3] merged=[3, 5]
156.9 fp=[5] true=[3] merged=[3, 5]
157.3 fp=[5] true=[3] merged=[3, 5]
157.6 fp=[5] true=[3] merged=[3, 5]
157.9 fp=[5] true=[3] merged=[3, 5]
158.2 fp=[5] true=[3] merged=[3, 5]
158.5 fp=[5] true=[3] merged=[3, 5]
158.8 fp=[5] true=[3] merged=[3, 5]
159.1 fp=[5] true=[3] merged=[3, 5]
159.5 fp=[5] true=[3] merged=[3, 5]
159.8 fp=[5] true=[3] merged=[3, 5]
160.1 fp=[2] true=[3] merged=[2, 3]
160.4 fp=[2] true=[3] merged=[2, 3]
160.7 fp=[2] true=[3] merged=[2, 3]
161.0 fp=[2] true=[3] merged=[2, 3]
161.3 fp=[2] true=[3] merged=[2, 3]
161.6 fp=[2] true=[3] merged=[2, 3]
161.9 fp=[2] true=[3] merged=[2, 3]
162.3 fp=[2] true=[3] merged=[2, 3]
162.6 fp=[2] true=[3] merged=[2, 3]
162.9 fp=[2] true=[3] merged=[2, 3]
163.2 fp=[2] true=[3] merged=[2, 3]
163.5 fp=[2] true=[3] merged=[2, 3]
163.8 fp=[2] true=[3] merged=[2, 3]
164.1 fp=[2] true=[3] merged=[2, 3]
164.4 fp=[2] true=[3] merged=[2, 3]
164.8 fp=[2] true=[3] merged=[2, 3]
165.1 fp=[2] true=[3] merged=[2, 3]
165.4 fp=[2] true=[3] merged=[2, 3]
165.7 fp=[2] true=[3] merged=[2, 3]
166.0 fp=[2] true=[3] merged=[2, 3]
166.3 fp=[2] true=[3] merged=[2, 3]
166.6 fp=[2] true=[3] merged=[2, 3]
166.9 fp=[2] true=[3] merged=[2, 3]
167.3 fp=[2] true=[3] merged=[2, 3]
167.6 fp=[2] true=[3] merged=[2, 3]
167.9 fp=[2] true=[3] merged=[2, 3]
168.2 fp=[2] true=[3] merged=[2, 3]
168.5 fp=[2] true=[3] merged=[2, 3]
168.8 fp=[2] true=[3] merged=[2, 3]
169.2 fp=[2] true=[3] merged=[2, 3]
169.5 fp=[2] true=[3] merged=[2, 3]
169.8 fp=[2] true=[3] merged=[2, 3]
170.1 fp=[2] true=[3] merged=[2, 3]
170.4 fp=[2] true=[3] merged=[2, 3]
170.7 fp=[2] true=[3] merged=[2, 3]
171.1 fp=[2] true=[3] merged=[2, 3]
171.4 fp=[2] true=[3] merged=[2, 3]
171.7 fp=[2] true=[3] merged=[2, 3]
172.0 fp=[2] true=[3] merged=[2, 3]
172.3 fp=[2] true=[3] merged=[2, 3]
172.6 fp=[2] true=[3] merged=[2, 3]
172.9 fp=[2] true=[3] merged=[2, 3]
173.3 fp=[2] true=[3] merged=[2, 3]
173.6 fp=[2] true=[3] merged=[2, 3]
173.9 fp=[2] true=[3] merged=[2, 3]
174.2 fp=[2] true=[3] merged=[2, 3]
174.5 fp=[2] true=[3] merged=[2, 3]
174.8 fp=[2] true=[3] merged=[2, 3]
175.1 fp=[2] true=[3] merged=[2, 3]
175.4 fp=[2] true=[3] merged=[2, 3]
175.8 fp=[2] true=[3] merged=[2, 3]
176.1 fp=[2] true=[3] merged=[2, 3]
176.4 fp=[2] true=[3] merged=[2, 3]
176.7 fp=[2] true=[3] merged=[2, 3]
177.0 fp=[2] true=[3] merged=[2, 3]
177.3 fp=[2] true=[3] merged=[2, 3]
177.6 fp=[2] true=[3] merged=[2, 3]
177.9 fp=[2] true=[3] merged=[2, 3]
178.3 fp=[2] true=[3] merged=[2, 3]
178.6 fp=[2] true=[3] merged=[2, 3]
178.9 fp=[2] true=[3] merged=[2, 3]
179.2 fp=[2] true=[3] merged=[2, 3]
179.5 fp=[2] true=[3] merged=[2, 3]
179.9 fp=[2] true=[3] merged=[2, 3]
180.2 fp=[4] true=[3] merged=[3, 4]
180.5 fp=[4] true=[3] merged=[3, 4]
180.8 fp=[4] true=[3] merged=[3, 4]
181.1 fp=[4] true=[3] merged=[3, 4]
181.4 fp=[4] true=[3] merged=[3, 4]
181.7 fp=[4] true=[3] merged=[3, 4]
182.1 fp=[4] true=[3] merged=[3, 4]
182.4 fp=[4] true=[3] merged=[3, 4]
182.7 fp=[4] true=[3] merged=[3, 4]
183.0 fp=[4] true=[3] merged=[3, 4]
183.3 fp=[4] true=[3] merged=[3, 4]
183.6 fp=[4] true=[3] merged=[3, 4]
184.0 fp=[4] true=[3] merged=[3, 4]
184.3 fp=[4] true=[3] merged=[3, 4]
184.6 fp=[4] true=[3] merged=[3, 4]
184.9 fp=[4] true=[3] merged=[3, 4]
185.2 fp=[4] true=[3] merged=[3, 4]
185.5 fp=[4] true=[3] merged=[3, 4]
185.8 fp=[4] true=[3] merged=[3, 4]
186.1 fp=[4] true=[3] merged=[3, 4]
186.5 fp=[4] true=[3] merged=[3, 4]
186.8 fp=[4] true=[3] merged=[3, 4]
187.1 fp=[6] true=[3] merged=[3, 6]
187.4 fp=[6] true=[3] merged=[3, 6]
187.7 fp=[6] true=[3] merged=[3, 6]
188.0 fp=[6] true=[3] merged=[3, 6]
188.3 fp=[6] true=[3] merged=[3, 6]
188.6 fp=[6] true=[3] merged=[3, 6]
188.9 fp=[6] true=[3] merged=[3, 6]
189.3 fp=[6] true=[3] merged=[3, 6]
189.6 fp=[6] true=[3] merged=[3, 6]
189.9 fp=[6] true=[3] merged=[3, 6]
190.2 fp=[6] true=[3] merged=[3, 6]
190.5 fp=[6] true=[3] merged=[3, 6]
190.8 fp=[6] true=[3] merged=[3, 6]
191.1 fp=[6] true=[3] merged=[3, 6]
191.5 fp=[6] true=[3] merged=[3, 6]
191.8 fp=[6] true=[3] merged=[3, 6]
192.1 fp=[6] true=[3] merged=[3, 6]
192.4 fp=[6] true=[3] merged=[3, 6]
192.8 fp=[6] true=[3] merged=[3, 6]
193.1 fp=[6] true=[3] merged=[3, 6]
193.4 fp=[6] true=[3] merged=[3, 6]
193.7 fp=[6] true=[3] merged=[3, 6]
194.0 fp=[6] true=[3] merged=[3, 6]
194.3 fp=[6] true=[3] merged=[3, 6]
194.6 fp=[6] true=[3] merged=[3, 6]
195.0 fp=[6] true=[3] merged=[3, 6]
195.3 fp=[6] true=[3] merged=[3, 6]
195.6 fp=[6] true=[3] merged=[3, 6]
195.9 fp=[6] true=[3] merged=[3, 6]
198.1 fp=[1] true=[3] merged=[1, 3]
198.4 fp=[1] true=[3] merged=[1, 3]
198.7 fp=[1] true=[3] merged=[1, 3]
199.0 fp=[1] true=[3] merged=[1, 3]
199.3 fp=[1] true=[3] merged=[1, 3]
199.6 fp=[1] true=[3] merged=[1, 3]
200.0 fp=[1] true=[3] merged=[1, 3]
200.3 fp=[1] true=[3] merged=[1, 3]
200.6 fp=[1] true=[3] merged=[1, 3]
200.9 fp=[1] true=[3] merged=[1, 3]
201.2 fp=[1] true=[3] merged=[1, 3]
201.5 fp=[1] true=[3] merged=[1, 3]
201.8 fp=[1] true=[3] merged=[1, 3]
202.1 fp=[1] true=[3] merged=[1, 3]
202.5 fp=[1] true=[3] merged=[1, 3]
202.8 fp=[1] true=[3] merged=[1, 3]
203.1 fp=[1] true=[3] merged=[1, 3]
203.4 fp=[1] true=[3] merged=[1, 3]
203.7 fp=[1] true=[3] merged=[1, 3]
204.1 fp=[1] true=[3] merged=[1, 3]
204.4 fp=[1] true=[3] merged=[1, 3]
204.7 fp=[1] true=[3] merged=[1, 3]
205.0 fp=[1] true=[3] merged=[1, 3]
205.3 fp=[1] true=[3] merged=[1, 3]
205.6 fp=[1] true=[3] merged=[1, 3]
205.9 fp=[1] true=[3] merged=[1, 3]
206.2 fp=[1] true=[3] merged=[1, 3]
206.6 fp=[1] true=[3] merged=[1, 3]
206.9 fp=[1] true=[3] merged=[1, 3]
207.2 fp=[1] true=[3] merged=[1, 3]
207.5 fp=[1] true=[3] merged=[1, 3]
207.8 fp=[1] true=[3] merged=[1, 3]
208.1 fp=[1] true=[3] merged=[1, 3]
208.4 fp=[1] true=[3] merged=[1, 3]
208.8 fp=[1] true=[3] merged=[1, 3]
209.1 fp=[1] true=[3] merged=[1, 3]
209.4 fp=[1] true=[3] merged=[1, 3]
209.7 fp=[1] true=[3] merged=[1, 3]
210.0 fp=[1] true=[3] merged=[1, 3]
210.3 fp=[1] true=[3] merged=[1, 3]
210.6 fp=[1] true=[3] merged=[1, 3]
211.0 fp=[1] true=[3] merged=[1, 3]
211.3 fp=[1] true=[3] merged=[1, 3]
211.6 fp=[1] true=[3] merged=[1, 3]
211.9 fp=[1] true=[3] merged=[1, 3]
212.2 fp=[1] true=[3] merged=[1, 3]
212.5 fp=[1] true=[3] merged=[1, 3]
212.8 fp=[1] true=[3] merged=[1, 3]
213.1 fp=[1] true=[3] merged=[1, 3]
213.5 fp=[1] true=[3] merged=[1, 3]
213.8 fp=[1] true=[3] merged=[1, 3]
214.1 fp=[1] true=[3] merged=[1, 3]
214.4 fp=[1] true=[3] merged=[1, 3]
214.7 fp=[1] true=[3] merged=[1, 3]
215.0 fp=[1] true=[3] merged=[1, 3]
215.3 fp=[1] true=[3] merged=[1, 3]
215.6 fp=[1] true=[3] merged=[1, 3]
215.9 fp=[1] true=[3] merged=[1, 3]
216.3 fp=[1] true=[3] merged=[1, 3]
216.6 fp=[1] true=[3] merged=[1, 3]
216.9 fp=[1] true=[3] merged=[1, 3]
217.2 fp=[1] true=[3] merged=[1, 3]
217.5 fp=[1] true=[3] merged=[1, 3]
217.9 fp=[1] true=[3] merged=[1, 3]
218.2 fp=[5] true=[3] merged=[3, 5]
218.5 fp=[5] true=[3] merged=[3, 5]
218.8 fp=[5] true=[3] merged=[3, 5]
219.1 fp=[5] true=[3] merged=[3, 5]
219.4 fp=[5] true=[3] merged=[3, 5]
219.8 fp=[5] true=[3] merged=[3, 5]
220.1 fp=[5] true=[3] merged=[3, 5]
220.5 fp=[5] true=[3] merged=[3, 5]
220.8 fp=[5] true=[3] merged=[3, 5]
221.1 fp=[5] true=[3] merged=[3, 5]
221.4 fp=[5] true=[3] merged=[3, 5]
221.7 fp=[5] true=[3] merged=[3, 5]
222.0 fp=[5] true=[3] merged=[3, 5]
222.3 fp=[5] true=[3] merged=[3, 5]
222.6 fp=[5] true=[3] merged=[3, 5]
222.9 fp=[5] true=[3] merged=[3, 5]
223.3 fp=[5] true=[3] merged=[3, 5]
223.6 fp=[5] true=[3] merged=[3, 5]
223.9 fp=[5] true=[3] merged=[3, 5]
224.2 fp=[5] true=[3] merged=[3, 5]
224.5 fp=[5] true=[3] merged=[3, 5]
224.8 fp=[5] true=[3] merged=[3, 5]
225.1 fp=[5] true=[3] merged=[3, 5]
225.4 fp=[5] true=[3] merged=[3, 5]
225.8 fp=[5] true=[3] merged=[3, 5]
226.1 fp=[5] true=[3] merged=[3, 5]
226.4 fp=[5] true=[3] merged=[3, 5]
226.7 fp=[5] true=[3] merged=[3, 5]
227.0 fp=[5] true=[3] merged=[3, 5]
227.3 fp=[5] true=[3] merged=[3, 5]
227.6 fp=[5] true=[3] merged=[3, 5]
228.0 fp=[5] true=[3] merged=[3, 5]
228.3 fp=[5] true=[3] merged=[3, 5]
228.6 fp=[5] true=[3] merged=[3, 5]
228.9 fp=[5] true=[3] merged=[3, 5]
229.3 fp=[6] true=[3] merged=[3, 6]
229.6 fp=[6] true=[3] merged=[3, 6]
229.9 fp=[6] true=[3] merged=[3, 6]
230.2 fp=[6] true=[3] merged=[3, 6]
230.5 fp=[6] true=[3] merged=[3, 6]
230.8 fp=[6] true=[3] merged=[3, 6]
231.1 fp=[1] true=[3] merged=[1, 3]
231.4 fp=[1] true=[3] merged=[1, 3]
231.7 fp=[1] true=[3] merged=[1, 3]
232.1 fp=[1] true=[3] merged=[1, 3]
232.4 fp=[1] true=[3] merged=[1, 3]
232.7 fp=[1] true=[3] merged=[1, 3]
233.0 fp=[1] true=[3] merged=[1, 3]
233.3 fp=[1] true=[3] merged=[1, 3]
233.6 fp=[1] true=[3] merged=[1, 3]
234.0 fp=[1] true=[3] merged=[1, 3]
234.3 fp=[1] true=[3] merged=[1, 3]
234.6 fp=[1] true=[3] merged=[1, 3]
234.9 fp=[1] true=[3] merged=[1, 3]
235.2 fp=[1] true=[3] merged=[1, 3]
235.5 fp=[1] true=[3] merged=[1, 3]
235.8 fp=[1] true=[3] merged=[1, 3]
236.1 fp=[1] true=[3] merged=[1, 3]
236.4 fp=[1] true=[3] merged=[1, 3]
236.8 fp=[1] true=[3] merged=[1, 3]
237.1 fp=[1] true=[3] merged=[1, 3]
237.4 fp=[1] true=[3] merged=[1, 3]
237.8 fp=[1] true=[3] merged=[1, 3]
238.1 fp=[1] true=[3] merged=[1, 3]
238.4 fp=[1] true=[3] merged=[1, 3]
238.7 fp=[1] true=[3] merged=[1, 3]
239.0 fp=[1] true=[3] merged=[1, 3]
239.3 fp=[1] true=[3] merged=[1, 3]
239.7 fp=[1] true=[3] merged=[1, 3]
240.0 fp=[1] true=[3] merged=[1, 3]
240.3 fp=[1] true=[3] merged=[1, 3]
240.6 fp=[1] true=[3] merged=[1, 3]
240.9 fp=[1] true=[3] merged=[1, 3]
241.2 fp=[1] true=[3] merged=[1, 3]
241.5 fp=[1] true=[3] merged=[1, 3]
241.9 fp=[1] true=[3] merged=[1, 3]
242.2 fp=[1] true=[3] merged=[1, 3]
242.5 fp=[1] true=[3] merged=[1, 3]
242.8 fp=[1] true=[3] merged=[1, 3]
243.1 fp=[1] true=[3] merged=[1, 3]
243.4 fp=[1] true=[3] merged=[1, 3]
243.7 fp=[1] true=[3] merged=[1, 3]
244.0 fp=[1] true=[3] merged=[1, 3]
244.3 fp=[1] true=[3] merged=[1, 3]
244.6 fp=[1] true=[3] merged=[1, 3]
245.0 fp=[1] true=[3] merged=[1, 3]
245.3 fp=[1] true=[3] merged=[1, 3]
245.6 fp=[1] true=[3] merged=[1, 3]
245.9 fp=[1] true=[3] merged=[1, 3]
246.2 fp=[1] true=[3] merged=[1, 3]
246.5 fp=[1] true=[3] merged=[1, 3]
246.8 fp=[1] true=[3] merged=[1, 3]
247.2 fp=[1] true=[3] merged=[1, 3]
247.5 fp=[1] true=[3] merged=[1, 3]
247.8 fp=[1] true=[3] merged=[1, 3]
248.1 fp=[1] true=[3] merged=[1, 3]
248.4 fp=[1] true=[3] merged=[1, 3]
248.7 fp=[1] true=[3] merged=[1, 3]
249.0 fp=[1] true=[3] merged=[1, 3]
249.3 fp=[1] true=[3] merged=[1, 3]
249.7 fp=[1] true=[3] merged=[1, 3]
250.0 fp=[1] true=[3] merged=[1, 3]
250.3 fp=[1] true=[3] merged=[1, 3]
250.6 fp=[1] true=[3] merged=[1, 3]
250.9 fp=[1] true=[3] merged=[1, 3]
251.3 fp=[5] true=[3] merged=[3, 5]
251.6 fp=[5] true=[3] merged=[3, 5]
251.9 fp=[5] true=[3] merged=[3, 5]
252.2 fp=[5] true=[3] merged=[3, 5]
252.5 fp=[5] true=[3] merged=[3, 5]
252.8 fp=[5] true=[3] merged=[3, 5]
253.1 fp=[5] true=[3] merged=[3, 5]
253.4 fp=[5] true=[3] merged=[3, 5]
253.8 fp=[5] true=[3] merged=[3, 5]
254.1 fp=[5] true=[3] merged=[3, 5]
254.4 fp=[5] true=[3] merged=[3, 5]
254.7 fp=[5] true=[3] merged=[3, 5]
255.0 fp=[5] true=[3] merged=[3, 5]
255.3 fp=[5] true=[3] merged=[3, 5]
255.7 fp=[5] true=[3] merged=[3, 5]
256.0 fp=[5] true=[3] merged=[3, 5]
256.3 fp=[5] true=[3] merged=[3, 5]
256.6 fp=[5] true=[3] merged=[3, 5]
256.9 fp=[5] true=[3] merged=[3, 5]
257.2 fp=[5] true=[3] merged=[3, 5]
257.5 fp=[5] true=[3] merged=[3, 5]
257.9 fp=[5] true=[3] merged=[3, 5]
258.2 fp=[4] true=[3] merged=[3, 4]
258.5 fp=[4] true=[3] merged=[3, 4]
258.8 fp=[4] true=[3] merged=[3, 4]
259.2 fp=[4] true=[3] merged=[3, 4]
259.5 fp=[4] true=[3] merged=[3, 4]
259.8 fp=[4] true=[3] merged=[3, 4]
260.1 fp=[4] true=[3] merged=[3, 4]
260.4 fp=[4] true=[3] merged=[3, 4]
260.8 fp=[4] true=[3] merged=[3, 4]
261.1 fp=[4] true=[3] merged=[3, 4]
261.4 fp=[4] true=[3] merged=[3, 4]
261.7 fp=[4] true=[3] merged=[3, 4]
262.0 fp=[4] true=[3] merged=[3, 4]
262.3 fp=[4] true=[3] merged=[3, 4]
262.6 fp=[4] true=[3] merged=[3, 4]
262.9 fp=[4] true=[3] merged=[3, 4]
263.3 fp=[4] true=[3] merged=[3, 4]
263.6 fp=[4] true=[3] merged=[3, 4]
263.9 fp=[4] true=[3] merged=[3, 4]
264.2 fp=[4] true=[3] merged=[3, 4]
264.5 fp=[4] true=[3] merged=[3, 4]
264.8 fp=[4] true=[3] merged=[3, 4]
265.1 fp=[4] true=[3] merged=[3, 4]
265.4 fp=[4] true=[3] merged=[3, 4]
265.8 fp=[4] true=[3] merged=[3, 4]
266.1 fp=[4] true=[3] merged=[3, 4]
266.4 fp=[4] true=[3] merged=[3, 4]
266.7 fp=[4] true=[3] merged=[3, 4]
267.0 fp=[4] true=[3] merged=[3, 4]
267.3 fp=[4] true=[3] merged=[3, 4]
267.6 fp=[4] true=[3] merged=[3, 4]
268.0 fp=[4] true=[3] merged=[3, 4]
268.3 fp=[4] true=[3] merged=[3, 4]
268.6 fp=[4] true=[3] merged=[3, 4]
268.9 fp=[4] true=[3] merged=[3, 4]
269.2 fp=[4] true=[3] merged=[3, 4]
269.5 fp=[4] true=[3] merged=[3, 4]
269.8 fp=[4] true=[3] merged=[3, 4]
270.1 fp=[4] true=[3] merged=[3, 4]
270.4 fp=[4] true=[3] merged=[3, 4]
270.8 fp=[4] true=[3] merged=[3, 4]
271.1 fp=[4] true=[3] merged=[3, 4]
271.4 fp=[4] true=[3] merged=[3, 4]
271.7 fp=[4] true=[3] merged=[3, 4]
272.0 fp=[1] true=[3] merged=[1, 3]
272.3 fp=[1] true=[3] merged=[1, 3]
272.6 fp=[1] true=[3] merged=[1, 3]
272.9 fp=[1] true=[3] merged=[1, 3]
273.3 fp=[1] true=[3] merged=[1, 3]
273.6 fp=[1] true=[3] merged=[1, 3]
273.9 fp=[1] true=[3] merged=[1, 3]
274.2 fp=[1] true=[3] merged=[1, 3]
274.5 fp=[1] true=[3] merged=[1, 3]
274.8 fp=[1] true=[3] merged=[1, 3]
275.2 fp=[1] true=[3] merged=[1, 3]
275.5 fp=[1] true=[3] merged=[1, 3]
275.8 fp=[1] true=[3] merged=[1, 3]
276.1 fp=[1] true=[3] merged=[1, 3]
276.4 fp=[1] true=[3] merged=[1, 3]
276.7 fp=[1] true=[3] merged=[1, 3]
277.0 fp=[1] true=[3] merged=[1, 3]
277.3 fp=[1] true=[3] merged=[1, 3]
277.6 fp=[1] true=[3] merged=[1, 3]
278.0 fp=[1] true=[3] merged=[1, 3]
278.3 fp=[1] true=[3] merged=[1, 3]
278.6 fp=[1] true=[3] merged=[1, 3]
278.9 fp=[1] true=[3] merged=[1, 3]
279.2 fp=[1] true=[3] merged=[1, 3]
279.6 fp=[1] true=[3] merged=[1, 3]
279.9 fp=[1] true=[3] merged=[1, 3]
280.2 fp=[1] true=[3] merged=[1, 3]
280.5 fp=[1] true=[3] merged=[1, 3]
280.8 fp=[1] true=[3] merged=[1, 3]
281.1 fp=[1] true=[3] merged=[1, 3]
281.4 fp=[1] true=[3] merged=[1, 3]
281.8 fp=[1] true=[3] merged=[1, 3]
282.1 fp=[1] true=[3] merged=[1, 3]
282.4 fp=[1] true=[3] merged=[1, 3]
282.7 fp=[1] true=[3] merged=[1, 3]
283.0 fp=[1] true=[3] merged=[1, 3]
283.3 fp=[1] true=[3] merged=[1, 3]
283.7 fp=[1] true=[3] merged=[1, 3]
284.0 fp=[1] true=[3] merged=[1, 3]
284.3 fp=[1] true=[3] merged=[1, 3]
284.6 fp=[1] true=[3] merged=[1, 3]
284.9 fp=[1] true=[3] merged=[1, 3]
285.2 fp=[1] true=[3] merged=[1, 3]
285.5 fp=[1] true=[3] merged=[1, 3]
285.9 fp=[1] true=[3] merged=[1, 3]
286.2 fp=[1] true=[3] merged=[1, 3]
286.5 fp=[1] true=[3] merged=[1, 3]
286.8 fp=[1] true=[3] merged=[1, 3]
287.1 fp=[1] true=[3] merged=[1, 3]
287.4 fp=[1] true=[3] merged=[1, 3]
287.7 fp=[1] true=[3] merged=[1, 3]
288.0 fp=[1] true=[3] merged=[1, 3]
288.3 fp=[1] true=[3] merged=[1, 3]
288.7 fp=[1] true=[3] merged=[1, 3]
289.0 fp=[1] true=[3] merged=[1, 3]
289.3 fp=[1] true=[3] merged=[1, 3]
289.6 fp=[1] true=[3] merged=[1, 3]
289.9 fp=[1] true=[3] merged=[1, 3]
290.2 fp=[1] true=[3] merged=[1, 3]
290.5 fp=[1] true=[3] merged=[1, 3]
290.9 fp=[1] true=[3] merged=[1, 3]
291.2 fp=[1] true=[3] merged=[1, 3]
291.5 fp=[1] true=[3] merged=[1, 3]
291.8 fp=[1] true=[3] merged=[1, 3]
292.1 fp=[1] true=[3] merged=[1, 3]
292.4 fp=[1] true=[3] merged=[1, 3]
292.8 fp=[1] true=[3] merged=[1, 3]
293.1 fp=[1] true=[3] merged=[1, 3]
293.4 fp=[1] true=[3] merged=[1, 3]
293.7 fp=[1] true=[3] merged=[1, 3]
294.0 fp=[1] true=[3] merged=[1, 3]
294.3 fp=[1] true=[3] merged=[1, 3]
294.6 fp=[1] true=[3] merged=[1, 3]
294.9 fp=[1] true=[3] merged=[1, 3]
295.2 fp=[1] true=[3] merged=[1, 3]
295.6 fp=[1] true=[3] merged=[1, 3]
295.9 fp=[1] true=[3] merged=[1, 3]
296.2 fp=[1] true=[3] merged=[1, 3]
296.5 fp=[1] true=[3] merged=[1, 3]
296.8 fp=[1] true=[3] merged=[1, 3]
297.1 fp=[1] true=[3] merged=[1, 3]
297.4 fp=[1] true=[3] merged=[1, 3]
297.8 fp=[1] true=[3] merged=[1, 3]
298.1 fp=[1] true=[3] merged=[1, 3]
298.4 fp=[1] true=[3] merged=[1, 3]
298.7 fp=[1] true=[3] merged=[1, 3]
299.0 fp=[1] true=[3] merged=[1, 3]
299.3 fp=[1] true=[3] merged=[1, 3]
299.6 fp=[1] true=[3] merged=[1, 3]
299.9 fp=[1] true=[3] merged=[1, 3]
300.3 fp=[1] true=[3] merged=[1, 3]
300.6 fp=[1] true=[3] merged=[1, 3]
300.9 fp=[1] true=[3] merged=[1, 3]
301.2 fp=[1] true=[3] merged=[1, 3]
301.5 fp=[1] true=[3] merged=[1, 3]
301.8 fp=[1] true=[3] merged=[1, 3]
302.1 fp=[1] true=[3] merged=[1, 3]
302.4 fp=[1] true=[3] merged=[1, 3]
302.8 fp=[1] true=[3] merged=[1, 3]
303.1 fp=[1] true=[3] merged=[1, 3]
303.4 fp=[1] true=[3] merged=[1, 3]
303.7 fp=[1] true=[3] merged=[1, 3]
304.0 fp=[1] true=[3] merged=[1, 3]
304.3 fp=[1] true=[3] merged=[1, 3]
304.6 fp=[1] true=[3] merged=[1, 3]
304.9 fp=[1] true=[3] merged=[1, 3]
