# start rate=10 seed=3 dur=420 n=7 target=3 events=41
4.1 fp=[5] true=[3] merged=[3, 5]
4.4 fp=[5] true=[3] merged=[3, 5]
4.7 fp=[5] true=[3] merged=[3, 5]
5.0 fp=[5] true=[3] merged=[3, 5]
5.3 fp=[5] true=[3] merged=[3, 5]
5.6 fp=[5] true=[3] merged=[3, 5]
6.0 fp=[5] true=[3] merged=[3, 5]
6.3 fp=[5] true=[3] merged=[3, 5]
6.6 fp=[5] true=[3] merged=[3, 5]
6.9 fp=[5] true=[3] merged=[3, 5]
7.2 fp=[5] true=[3] merged=[3, 5]
7.6 fp=[5] true=[3] merged=[3, 5]
7.9 fp=[5] true=[3] merged=[3, 5]
8.2 fp=[5] true=[3] merged=[3, 5]
8.5 fp=[5] true=[3] merged=[3, 5]
8.8 fp=[5] true=[3] merged=[3, 5]
9.1 fp=[5] true=[3] merged=[3, 5]
9.4 fp=[5] true=[3] merged=[3, 5]
9.7 fp=[5] true=[3] merged=[3, 5]
10.1 fp=[5] true=[3] merged=[3, 5]
10.4 fp=[5] true=[3] merged=[3, 5]
10.7 fp=[5] true=[3] merged=[3, 5]
11.0 fp=[5] true=[3] merged=[3, 5]
11.3 fp=[5] true=[3] merged=[3, 5]
11.6 fp=[5] true=[3] merged=[3, 5]
11.9 fp=[5] true=[3] merged=[3, 5]
12.3 fp=[5] true=[3] merged=[3, 5]
12.6 fp=[5] true=[3] merged=[3, 5]
12.9 fp=[5] true=[3] merged=[3, 5]
13.2 fp=[5] true=[3] merged=[3, 5]
13.5 fp=[5] true=[3] merged=[3, 5]
13.8 fp=[5] true=[3] merged=[3, 5]
14.1 fp=[5] true=[3] merged=[3, 5]
14.5 fp=[5] true=[3] merged=[3, 5]
14.8 fp=[5] true=[3] merged=[3, 5]
15.1 fp=[4] true=[3] merged=[3, 4]
15.4 fp=[4] true=[3] merged=[3, 4]
15.7 fp=[4] true=[3] merged=[3, 4]
16.0 fp=[4] true=[3] merged=[3, 4]
16.3 fp=[4] true=[3] merged=[3, 4]
16.6 fp=[4] true=[3] merged=[3, 4]
17.0 fp=[4] true=[3] merged=[3, 4]
17.3 fp=[4] true=[3] merged=[3, 4]
17.6 fp=[4] true=[3] merged=[3, 4]
17.9 fp=[4] true=[3] merged=[3, 4]
18.2 fp=[4] true=[3] merged=[3, 4]
18.5 fp=[4] true=[3] merged=[3, 4]
18.8 fp=[4] true=[3] merged=[3, 4]
19.1 fp=[4] true=[3] merged=[3, 4]
19.5 fp=[4] true=[3] merged=[3, 4]
19.8 fp=[4] true=[3] merged=[3, 4]
20.1 fp=[4] true=[3] merged=[3, 4]
20.4 fp=[4] true=[3] merged=[3, 4]
20.7 fp=[4] true=[3] merged=[3, 4]
21.0 fp=[4] true=[3] merged=[3, 4]
21.3 fp=[4] true=[3] merged=[3, 4]
21.6 fp=[4] true=[3] merged=[3, 4]
21.9 fp=[4] true=[3] merged=[3, 4]
22.2 fp=[4] true=[3] merged=[3, 4]
22.6 fp=[4] true=[3] merged=[3, 4]
22.9 fp=[4] true=[3] merged=[3, 4]
23.2 fp=[4] true=[3] merged=[3, 4]
23.5 fp=[4] true=[3] merged=[3, 4]
23.8 fp=[4] true=[3] merged=[3, 4]
24.1 fp=[4] true=[3] merged=[3, 4]
24.4 fp=[4] true=[3] merged=[3, 4]
24.8 fp=[4] true=[3] merged=[3, 4]
25.1 fp=[4] true=[3] merged=[3, 4]
25.4 fp=[4] true=[3] merged=[3, 4]
25.7 fp=[4] true=[3] merged=[3, 4]
26.0 fp=[4] true=[3] merged=[3, 4]
26.3 fp=[4] true=[3] merged=[3, 4]
26.6 fp=[4] true=[3] merged=[3, 4]
26.9 fp=[4] true=[3] merged=[3, 4]
27.2 fp=[4] true=[3] merged=[3, 4]
27.6 fp=[4] true=[3] merged=[3, 4]
27.9 fp=[4] true=[3] merged=[3, 4]
28.2 fp=[4] true=[3] merged=[3, 4]
28.5 fp=[4] true=[3] merged=[3, 4]
28.8 fp=[4] true=[3] merged=[3, 4]
29.1 fp=[4] true=[3] merged=[3, 4]
29.4 fp=[4] true=[3] merged=[3, 4]
29.7 fp=[4] true=[3] merged=[3, 4]
30.1 fp=[4] true=[3] merged=[3, 4]
30.4 fp=[4] true=[3] merged=[3, 4]
30.7 fp=[4] true=[3] merged=[3, 4]
31.0 fp=[4] true=[3] merged=[3, 4]
31.3 fp=[4] true=[3] merged=[3, 4]
31.6 fp=[4] true=[3] merged=[3, 4]
31.9 fp=[4] true=[3] merged=[3, 4]
32.2 fp=[4] true=[3] merged=[3, 4]
32.6 fp=[4] true=[3] merged=[3, 4]
32.9 fp=[4] true=[3] merged=[3, 4]
33.2 fp=[4] true=[3] merged=[3, 4]
33.5 fp=[4] true=[3] merged=[3, 4]
33.8 fp=[4] true=[3] merged=[3, 4]
34.1 fp=[4] true=[3] merged=[3, 4]
34.4 fp=[4] true=[3] merged=[3, 4]
34.7 fp=[4] true=[3] merged=[3, 4]
35.1 fp=[6] true=[3] merged=[3, 6]
35.4 fp=[6] true=[3] merged=[3, 6]
35.7 fp=[6] true=[3] merged=[3, 6]
36.0 fp=[6] true=[3] merged=[3, 6]
36.3 fp=[5] true=[3] merged=[3, 5]
36.6 fp=[5] true=[3] merged=[3, 5]
36.9 fp=[5] true=[3] merged=[3, 5]
37.3 fp=[5] true=[3] merged=[3, 5]
37.6 fp=[5] true=[3] merged=[3, 5]
37.9 fp=[5] true=[3] merged=[3, 5]
38.2 fp=[5] true=[3] merged=[3, 5]
38.5 fp=[5] true=[3] merged=[3, 5]
38.9 fp=[5] true=[3] merged=[3, 5]
39.2 fp=[5] true=[3] merged=[3, 5]
39.5 fp=[5] true=[3] merged=[3, 5]
39.8 fp=[5] true=[3] merged=[3, 5]
40.1 fp=[5] true=[3] merged=[3, 5]
40.4 fp=[5] true=[3] merged=[3, 5]
40.7 fp=[5] true=[3] merged=[3, 5]
41.1 fp=[5] true=[3] merged=[3, 5]
41.4 fp=[5] true=[3] merged=[3, 5]
41.7 fp=[5] true=[3] merged=[3, 5]
42.0 fp=[5] true=[3] merged=[3, 5]
42.3 fp=[5] true=[3] merged=[3, 5]
42.6 fp=[5] true=[3] merged=[3, 5]
43.0 fp=[5] true=[3] merged=[3, 5]
43.3 fp=[1] true=[3] merged=[1, 3]
43.6 fp=[1] true=[3] merged=[1, 3]
43.9 fp=[1] true=[3] merged=[1, 3]
44.2 fp=[1] true=[3] merged=[1, 3]
44.5 fp=[1] true=[3] merged=[1, 3]
44.8 fp=[1] true=[3] merged=[1, 3]
45.1 fp=[1] true=[3] merged=[1, 3]
45.5 fp=[1] true=[3] merged=[1, 3]
45.8 fp=[1] true=[3] merged=[1, 3]
46.1 fp=[1] true=[3] merged=[1, 3]
46.4 fp=[1] true=[3] merged=[1, 3]
46.7 fp=[1] true=[3] merged=[1, 3]
47.0 fp=[1] true=[3] merged=[1, 3]
47.4 fp=[1] true=[3] merged=[1, 3]
47.7 fp=[1] true=[3] merged=[1, 3]
48.0 fp=[1] true=[3] merged=[1, 3]
48.3 fp=[1] true=[3] merged=[1, 3]
48.6 fp=[1] true=[3] merged=[1, 3]
48.9 fp=[1] true=[3] merged=[1, 3]
49.3 fp=[1] true=[3] merged=[1, 3]
49.6 fp=[1] true=[3] merged=[1, 3]
49.9 fp=[1] true=[3] merged=[1, 3]
50.2 fp=[1] true=[3] merged=[1, 3]
50.5 fp=[1] true=[3] merged=[1, 3]
50.8 fp=[1] true=[3] merged=[1, 3]
51.2 fp=[1] true=[3] merged=[1, 3]
51.5 fp=[1] true=[3] merged=[1, 3]
51.8 fp=[1] true=[3] merged=[1, 3]
52.1 fp=[1] true=[3] merged=[1, 3]
52.4 fp=[1] true=[3] merged=[1, 3]
52.7 fp=[1] true=[3] merged=[1, 3]
53.0 fp=[1] true=[3] merged=[1, 3]
53.3 fp=[1] true=[3] merged=[1, 3]
53.7 fp=[1] true=[3] merged=[1, 3]
54.0 fp=[1] true=[3] merged=[1, 3]
54.3 fp=[1] true=[3] merged=[1, 3]
54.6 fp=[1] true=[3] merged=[1, 3]
54.9 fp=[1] true=[3] merged=[1, 3]
55.3 fp=[1] true=[3] merged=[1, 3]
55.6 fp=[1] true=[3] merged=[1, 3]
55.9 fp=[1] true=[3] merged=[1, 3]
56.2 fp=[1] true=[3] merged=[1, 3]
56.5 fp=[1] true=[3] merged=[1, 3]
56.8 fp=[1] true=[3] merged=[1, 3]
57.1 fp=[1] true=[3] merged=[1, 3]
57.5 fp=[1] true=[3] merged=[1, 3]
57.8 fp=[1] true=[3] merged=[1, 3]
58.1 fp=[1] true=[3] merged=[1, 3]
58.4 fp=[1] true=[3] merged=[1, 3]
58.7 fp=[1] true=[3] merged=[1, 3]
59.0 fp=[1] true=[3] merged=[1, 3]
59.3 fp=[1] true=[3] merged=[1, 3]
59.6 fp=[1] true=[3] merged=[1, 3]
59.9 fp=[1] true=[3] merged=[1, 3]
60.2 fp=[1] true=[3] merged=[1, 3]
60.6 fp=[1] true=[3] merged=[1, 3]
60.9 fp=[1] true=[3] merged=[1, 3]
61.2 fp=[1] true=[3] merged=[1, 3]
61.5 fp=[1] true=[3] merged=[1, 3]
61.8 fp=[1] true=[3] merged=[1, 3]
62.1 fp=[1] true=[3] merged=[1, 3]
62.5 fp=[1] true=[3] merged=[1, 3]
62.8 fp=[1] true=[3] merged=[1, 3]
63.1 fp=[7] true=[3] merged=[3, 7]
63.4 fp=[7] true=[3] merged=[3, 7]
63.7 fp=[7] true=[3] merged=[3, 7]
65.3 fp=[7] true=[3] merged=[3, 7]
65.6 fp=[7] true=[3] merged=[3, 7]
65.9 fp=[7] true=[3] merged=[3, 7]
66.2 fp=[7] true=[3] merged=[3, 7]
66.5 fp=[7] true=[3] merged=[3, 7]
66.9 fp=[7] true=[3] merged=[3, 7]
67.2 fp=[7] true=[3] merged=[3, 7]
67.5 fp=[7] true=[3] merged=[3, 7]
67.8 fp=[7] true=[3] merged=[3, 7]
68.2 fp=[7] true=[3] merged=[3, 7]
68.5 fp=[7] true=[3] merged=[3, 7]
68.8 fp=[7] true=[3] merged=[3, 7]
69.1 fp=[7] true=[3] merged=[3, 7]
69.4 fp=[7] true=[3] merged=[3, 7]
69.7 fp=[7] true=[3] merged=[3, 7]
70.0 fp=[7] true=[3] merged=[3, 7]
70.4 fp=[7] true=[3] merged=[3, 7]
70.7 fp=[7] true=[3] merged=[3, 7]
71.0 fp=[7] true=[3] merged=[3, 7]
71.3 fp=[7] true=[3] merged=[3, 7]
71.6 fp=[7] true=[3] merged=[3, 7]
71.9 fp=[7] true=[3] merged=[3, 7]
72.2 fp=[7] true=[3] merged=[3, 7]
72.5 fp=[7] true=[3] merged=[3, 7]
72.9 fp=[7] true=[3] merged=[3, 7]
73.2 fp=[7] true=[3] merged=[3, 7]
73.5 fp=[7] true=[3] merged=[3, 7]
73.8 fp=[7] true=[3] merged=[3, 7]
74.1 fp=[7] true=[3] merged=[3, 7]
74.4 fp=[7] true=[3] merged=[3, 7]
74.7 fp=[7] true=[3] merged=[3, 7]
75.1 fp=[1] true=[3] merged=[1, 3]
75.4 fp=[1] true=[3] merged=[1, 3]
75.7 fp=[1] true=[3] merged=[1, 3]
76.0 fp=[1] true=[3] merged=[1, 3]
76.3 fp=[1] true=[3] merged=[1, 3]
76.6 fp=[1] true=[3] merged=[1, 3]
76.9 fp=[1] true=[3] merged=[1, 3]
77.2 fp=[1] true=[3] merged=[1, 3]
77.5 fp=[1] true=[3] merged=[1, 3]
77.9 fp=[1] true=[3] merged=[1, 3]
78.2 fp=[1] true=[3] merged=[1, 3]
78.5 fp=[1] true=[3] merged=[1, 3]
78.8 fp=[1] true=[3] merged=[1, 3]
79.1 fp=[1] true=[3] merged=[1, 3]
79.4 fp=[1] true=[3] merged=[1, 3]
79.7 fp=[1] true=[3] merged=[1, 3]
80.1 fp=[1] true=[3] merged=[1, 3]
80.4 fp=[1] true=[3] merged=[1, 3]
80.7 fp=[1] true=[3] merged=[1, 3]
81.0 fp=[1] true=[3] merged=[1, 3]
81.3 fp=[1] true=[3] merged=[1, 3]
81.6 fp=[1] true=[3] merged=[1, 3]
81.9 fp=[1] true=[3] merged=[1, 3]
82.2 fp=[1] true=[3] merged=[1, 3]
82.6 fp=[1] true=[3] merged=[1, 3]
82.9 fp=[1] true=[3] merged=[1, 3]
83.2 fp=[1] true=[3] merged=[1, 3]
83.5 fp=[1] true=[3] merged=[1, 3]
83.8 fp=[1] true=[3] merged=[1, 3]
84.1 fp=[1] true=[3] merged=[1, 3]
84.4 fp=[1] true=[3] merged=[1, 3]
84.7 fp=[1] true=[3] merged=[1, 3]
85.1 fp=[1] true=[3] merged=[1, 3]
85.4 fp=[1] true=[3] merged=[1, 3]
85.7 fp=[1] true=[3] merged=[1, 3]
86.0 fp=[1] true=[3] merged=[1, 3]
86.3 fp=[1] true=[3] merged=[1, 3]
86.6 fp=[1] true=[3] merged=[1, 3]
86.9 fp=[1] true=[3] merged=[1, 3]
87.3 fp=[1] true=[3] merged=[1, 3]
87.6 fp=[1] true=[3] merged=[1, 3]
87.9 fp=[1] true=[3] merged=[1, 3]
88.2 fp=[1] true=[3] merged=[1, 3]
88.5 fp=[1] true=[3] merged=[1, 3]
88.8 fp=[1] true=[3] merged=[1, 3]
89.1 fp=[1] true=[3] merged=[1, 3]
89.5 fp=[1] true=[3] merged=[1, 3]
89.8 fp=[1] true=[3] merged=[1, 3]
90.1 fp=[1] true=[3] merged=[1, 3]
90.4 fp=[1] true=[3] merged=[1, 3]
90.7 fp=[1] true=[3] merged=[1, 3]
91.0 fp=[1] true=[3] merged=[1, 3]
91.4 fp=[1] true=[3] merged=[1, 3]
91.7 fp=[1] true=[3] merged=[1, 3]
92.0 fp=[1] true=[3] merged=[1, 3]
92.3 fp=[1] true=[3] merged=[1, 3]
92.6 fp=[1] true=[3] merged=[1, 3]
92.9 fp=[1] true=[3] merged=[1, 3]
93.2 fp=[1] true=[3] merged=[1, 3]
93.6 fp=[1] true=[3] merged=[1, 3]
93.9 fp=[1] true=[3] merged=[1, 3]
94.2 fp=[1] true=[3] merged=[1, 3]
94.5 fp=[1] true=[3] merged=[1, 3]
94.8 fp=[1] true=[3] merged=[1, 3]
95.1 fp=[5] true=[3] merged=[3, 5]
95.4 fp=[5] true=[3] merged=[3, 5]
95.7 fp=[5] true=[3] merged=[3, 5]
96.0 fp=[5] true=[3] merged=[3, 5]
96.4 fp=[5] true=[3] merged=[3, 5]
96.7 fp=[5] true=[3] merged=[3, 5]
97.0 fp=[5] true=[3] merged=[3, 5]
97.3 fp=[5] true=[3] merged=[3, 5]
97.6 fp=[5] true=[3] merged=[3, 5]
97.9 fp=[5] true=[3] merged=[3, 5]
98.3 fp=[5] true=[3] merged=[3, 5]
98.6 fp=[5] true=[3] merged=[3, 5]
98.9 fp=[5] true=[3] merged=[3, 5]
99.2 fp=[5] true=[3] merged=[3, 5]
99.5 fp=[5] true=[3] merged=[3, 5]
99.8 fp=[5] true=[3] merged=[3, 5]
100.1 fp=[5] true=[3] merged=[3, 5]
100.4 fp=[5] true=[3] merged=[3, 5]
100.8 fp=[5] true=[3] merged=[3, 5]
101.1 fp=[2] true=[3] merged=[2, 3]
101.4 fp=[2] true=[3] merged=[2, 3]
101.7 fp=[2] true=[3] merged=[2, 3]
102.0 fp=[2] true=[3] merged=[2, 3]
102.3 fp=[2] true=[3] merged=[2, 3]
102.7 fp=[2] true=[3] merged=[2, 3]
103.0 fp=[2] true=[3] merged=[2, 3]
103.3 fp=[2] true=[3] merged=[2, 3]
103.6 fp=[2] true=[3] merged=[2, 3]
103.9 fp=[2] true=[3] merged=[2, 3]
104.2 fp=[2] true=[3] merged=[2, 3]
104.5 fp=[2] true=[3] merged=[2, 3]
104.8 fp=[2] true=[3] merged=[2, 3]
105.2 fp=[2] true=[3] merged=[2, 3]
105.5 fp=[2] true=[3] merged=[2, 3]
105.8 fp=[2] true=[3] merged=[2, 3]
106.1 fp=[2] true=[3] merged=[2, 3]
106.4 fp=[2] true=[3] merged=[2, 3]
106.7 fp=[2] true=[3] merged=[2, 3]
107.0 fp=[2] true=[3] merged=[2, 3]
107.3 fp=[2] true=[3] merged=[2, 3]
107.7 fp=[2] true=[3] merged=[2, 3]
108.0 fp=[2] true=[3] merged=[2, 3]
108.3 fp=[2] true=[3] merged=[2, 3]
108.6 fp=[2] true=[3] merged=[2, 3]
108.9 fp=[2] true=[3] merged=[2, 3]
109.3 fp=[2] true=[3] merged=[2, 3]
109.6 fp=[2] true=[3] merged=[2, 3]
109.9 fp=[2] true=[3] merged=[2, 3]
110.2 fp=[2] true=[3] merged=[2, 3]
110.5 fp=[2] true=[3] merged=[2, 3]
110.8 fp=[2] true=[3] merged=[2, 3]
111.1 fp=[2] true=[3] merged=[2, 3]
111.4 fp=[2] true=[3] merged=[2, 3]
111.7 fp=[2] true=[3] merged=[2, 3]
112.1 fp=[2] true=[3] merged=[2, 3]
112.4 fp=[2] true=[3] merged=[2, 3]
112.7 fp=[2] true=[3] merged=[2, 3]
113.0 fp=[2] true=[3] merged=[2, 3]
113.3 fp=[2] true=[3] merged=[2, 3]
113.6 fp=[2] true=[3] merged=[2, 3]
113.9 fp=[2] true=[3] merged=[2, 3]
114.3 fp=[2] true=[3] merged=[2, 3]
114.6 fp=[2] true=[3] merged=[2, 3]
114.9 fp=[2] true=[3] merged=[2, 3]
115.2 fp=[2] true=[3] merged=[2, 3]
115.5 fp=[2] true=[3] merged=[2, 3]
115.8 fp=[2] true=[3] merged=[2, 3]
116.2 fp=[2] true=[3] merged=[2, 3]
116.5 fp=[2] true=[3] merged=[2, 3]
116.8 fp=[2] true=[3] merged=[2, 3]
117.1 fp=[2] true=[3] merged=[2, 3]
117.4 fp=[2] true=[3] merged=[2, 3]
117.8 fp=[2] true=[3] merged=[2, 3]
118.1 fp=[2] true=[3] merged=[2, 3]
118.4 fp=[2] true=[3] merged=[2, 3]
118.7 fp=[2] true=[3] merged=[2, 3]
119.0 fp=[2] true=[3] merged=[2, 3]
119.3 fp=[2] true=[3] merged=[2, 3]
119.7 fp=[2] true=[3] merged=[2, 3]
120.0 fp=[2] true=[3] merged=[2, 3]
120.3 fp=[2] true=[3] merged=[2, 3]
120.6 fp=[2] true=[3] merged=[2, 3]
120.9 fp=[2] true=[3] merged=[2, 3]
121.2 fp=[2] true=[3] merged=[2, 3]
121.5 fp=[2] true=[3] merged=[2, 3]
121.9 fp=[2] true=[3] merged=[2, 3]
122.2 fp=[2] true=[3] merged=[2, 3]
122.5 fp=[2] true=[3] merged=[2, 3]
122.8 fp=[2] true=[3] merged=[2, 3]
123.1 fp=[2] true=[3] merged=[2, 3]
123.4 fp=[2] true=[3] merged=[2, 3]
123.7 fp=[2] true=[3] merged=[2, 3]
124.0 fp=[2] true=[3] merged=[2, 3]
124.4 fp=[2] true=[3] merged=[2, 3]
124.7 fp=[2] true=[3] merged=[2, 3]
125.0 fp=[2] true=[3] merged=[2, 3]
125.3 fp=[2] true=[3] merged=[2, 3]
125.6 fp=[2] true=[3] merged=[2, 3]
125.9 fp=[2] true=[3] merged=[2, 3]
126.2 fp=[2] true=[3] merged=[2, 3]
126.5 fp=[2] true=[3] merged=[2, 3]
126.9 fp=[2] true=[3] merged=[2, 3]
127.2 fp=[5] true=[3] merged=[3, 5]
127.5 fp=[5] true=[3] merged=[3, 5]
127.8 fp=[5] true=[3] merged=[3, 5]
128.1 fp=[5] true=[3] merged=[3, 5]
128.4 fp=[5] true=[3] merged=[3, 5]
128.7 fp=[5] true=[3] merged=[3, 5]
129.0 fp=[5] true=[3] merged=[3, 5]
129.3 fp=[5] true=[3] merged=[3, 5]
129.7 fp=[5] true=[3] merged=[3, 5]
130.0 fp=[5] true=[3] merged=[3, 5]
130.3 fp=[5] true=[3] merged=[3, 5]
130.6 fp=[5] true=[3] merged=[3, 5]
130.9 fp=[5] true=[3] merged=[3, 5]
131.2 fp=[5] true=[3] merged=[3, 5]
131.5 fp=[5] true=[3] merged=[3, 5]
131.8 fp=[5] true=[3] merged=[3, 5]
132.2 fp=[6] true=[3] merged=[3, 6]
132.5 fp=[6] true=[3] merged=[3, 6]
132.8 fp=[6] true=[3] merged=[3, 6]
133.1 fp=[6] true=[3] merged=[3, 6]
133.4 fp=[6] true=[3] merged=[3, 6]
133.7 fp=[6] true=[3] merged=[3, 6]
134.0 fp=[6] true=[3] merged=[3, 6]
134.3 fp=[6] true=[3] merged=[3, 6]
134.6 fp=[6] true=[3] merged=[3, 6]
134.9 fp=[6] true=[3] merged=[3, 6]
135.2 fp=[6] true=[3] merged=[3, 6]
135.6 fp=[6] true=[3] merged=[3, 6]
135.9 fp=[6] true=[3] merged=[3, 6]
136.2 fp=[6] true=[3] merged=[3, 6]
136.5 fp=[6] true=[3] merged=[3, 6]
136.8 fp=[6] true=[3] merged=[3, 6]
146.2 fp=[7] true=[3] merged=[3, 7]
146.5 fp=[7] true=[3] merged=[3, 7]
146.9 fp=[7] true=[3] merged=[3, 7]
147.2 fp=[7] true=[3] merged=[3, 7]
147.5 fp=[7] true=[3] merged=[3, 7]
147.8 fp=[7] true=[3] merged=[3, 7]
148.1 fp=[7] true=[3] merged=[3, 7]
148.4 fp=[7] true=[3] merged=[3, 7]
148.7 fp=[7] true=[3] merged=[3, 7]
149.0 fp=[7] true=[3] merged=[3, 7]
149.4 fp=[7] true=[3] merged=[3, 7]
149.7 fp=[7] true=[3] merged=[3, 7]
150.0 fp=[7] true=[3] merged=[3, 7]
150.3 fp=[7] true=[3] merged=[3, 7]
150.6 fp=[7] true=[3] merged=[3, 7]
150.9 fp=[7] true=[3] merged=[3, 7]
151.3 fp=[7] true=[3] merged=[3, 7]
151.6 fp=[7] true=[3] merged=[3, 7]
151.9 fp=[7] true=[3] merged=[3, 7]
152.2 fp=[7] true=[3] merged=[3, 7]
152.5 fp=[7] true=[3] merged=[3, 7]
152.8 fp=[7] true=[3] merged=[3, 7]
153.1 fp=[7] true=[3] merged=[3, 7]
153.5 fp=[7] true=[3] merged=[3, 7]
153.8 fp=[7] true=[3] merged=[3, 7]
154.1 fp=[7] true=[3] merged=[3, 7]
154.4 fp=[7] true=[3] merged=[3, 7]
154.7 fp=[7] true=[3] merged=[3, 7]
155.0 fp=[7] true=[3] merged=[3, 7]
155.3 fp=[7] true=[3] merged=[3, 7]
155.7 fp=[7] true=[3] merged=[3, 7]
156.0 fp=[7] true=[3] merged=[3, 7]
156.3 fp=[7] true=[3] merged=[3, 7]
156.6 fp=[7] true=[3] merged=[3, 7]
156.9 fp=[7] true=[3] merged=[3, 7]
157.3 fp=[7] true=[3] merged=[3, 7]
157.6 fp=[7] true=[3] merged=[3, 7]
157.9 fp=[7] true=[3] merged=[3, 7]
158.2 fp=[7] true=[3] merged=[3, 7]
158.5 fp=[7] true=[3] merged=[3, 7]
158.8 fp=[7] true=[3] merged=[3, 7]
159.1 fp=[7] true=[3] merged=[3, 7]
159.4 fp=[7] true=[3] merged=[3, 7]
159.8 fp=[7] true=[3] merged=[3, 7]
160.1 fp=[7] true=[3] merged=[3, 7]
160.4 fp=[7] true=[3] merged=[3, 7]
160.7 fp=[7] true=[3] merged=[3, 7]
161.0 fp=[7] true=[3] merged=[3, 7]
161.3 fp=[7] true=[3] merged=[3, 7]
161.7 fp=[7] true=[3] merged=[3, 7]
162.0 fp=[7] true=[3] merged=[3, 7]
162.3 fp=[7] true=[3] merged=[3, 7]
162.6 fp=[7] true=[3] merged=[3, 7]
162.9 fp=[7] true=[3] merged=[3, 7]
163.2 fp=[7] true=[3] merged=[3, 7]
163.5 fp=[7] true=[3] merged=[3, 7]
163.8 fp=[7] true=[3] merged=[3, 7]
164.2 fp=[7] true=[3] merged=[3, 7]
164.5 fp=[7] true=[3] merged=[3, 7]
164.8 fp=[7] true=[3] merged=[3, 7]
165.1 fp=[7] true=[3] merged=[3, 7]
165.4 fp=[7] true=[3] merged=[3, 7]
165.7 fp=[7] true=[3] merged=[3, 7]
174.2 fp=[5] true=[3] merged=[3, 5]
174.5 fp=[5] true=[3] merged=[3, 5]
174.8 fp=[5] true=[3] merged=[3, 5]
175.1 fp=[5] true=[3] merged=[3, 5]
175.5 fp=[5] true=[3] merged=[3, 5]
175.8 fp=[5] true=[3] merged=[3, 5]
176.1 fp=[5] true=[3] merged=[3, 5]
176.4 fp=[5] true=[3] merged=[3, 5]
176.7 fp=[5] true=[3] merged=[3, 5]
177.0 fp=[5] true=[3] merged=[3, 5]
177.3 fp=[5] true=[3] merged=[3, 5]
177.7 fp=[5] true=[3] merged=[3, 5]
178.0 fp=[5] true=[3] merged=[3, 5]
178.3 fp=[5] true=[3] merged=[3, 5]
178.6 fp=[5] true=[3] merged=[3, 5]
178.9 fp=[5] true=[3] merged=[3, 5]
179.3 fp=[5] true=[3] merged=[3, 5]
179.6 fp=[5] true=[3] merged=[3, 5]
179.9 fp=[5] true=[3] merged=[3, 5]
180.2 fp=[5] true=[3] merged=[3, 5]
180.5 fp=[5] true=[3] merged=[3, 5]
180.9 fp=[5] true=[3] merged=[3, 5]
181.2 fp=[5] true=[3] merged=[3, 5]
181.5 fp=[5] true=[3] merged=[3, 5]
181.8 fp=[5] true=[3] merged=[3, 5]
182.1 fp=[5] true=[3] merged=[3, 5]
182.4 fp=[5] true=[3] merged=[3, 5]
182.7 fp=[5] true=[3] merged=[3, 5]
183.0 fp=[5] true=[3] merged=[3, 5]
183.3 fp=[5] true=[3] merged=[3, 5]
183.7 fp=[5] true=[3] merged=[3, 5]
184.0 fp=[5] true=[3] merged=[3, 5]
184.3 fp=[5] true=[3] merged=[3, 5]
184.6 fp=[5] true=[3] merged=[3, 5]
184.9 fp=[5] true=[3] merged=[3, 5]
185.2 fp=[5] true=[3] merged=[3, 5]
185.5 fp=[5] true=[3] merged=[3, 5]
185.8 fp=[5] true=[3] merged=[3, 5]
186.1 fp=[5] true=[3] merged=[3, 5]
186.5 fp=[5] true=[3] merged=[3, 5]
186.8 fp=[5] true=[3] merged=[3, 5]
187.1 fp=[5] true=[3] merged=[3, 5]
187.4 fp=[5] true=[3] merged=[3, 5]
187.7 fp=[5] true=[3] merged=[3, 5]
188.0 fp=[5] true=[3] merged=[3, 5]
188.3 fp=[5] true=[3] merged=[3, 5]
188.6 fp=[5] true=[3] merged=[3, 5]
189.0 fp=[5] true=[3] merged=[3, 5]
189.3 fp=[5] true=[3] merged=[3, 5]
189.6 fp=[5] true=[3] merged=[3, 5]
189.9 fp=[5] true=[3] merged=[3, 5]
190.2 fp=[5] true=[3] merged=[3, 5]
190.5 fp=[5] true=[3] merged=[3, 5]
190.8 fp=[5] true=[3] merged=[3, 5]
191.1 fp=[5] true=[3] merged=[3, 5]
191.5 fp=[5] true=[3] merged=[3, 5]
191.8 fp=[5] true=[3] merged=[3, 5]
192.1 fp=[5] true=[3] merged=[3, 5]
192.4 fp=[5] true=[3] merged=[3, 5]
192.7 fp=[5] true=[3] merged=[3, 5]
193.0 fp=[5] true=[3] merged=[3, 5]
193.3 fp=[5] true=[3] merged=[3, 5]
193.6 fp=[5] true=[3] merged=[3, 5]
193.9 fp=[5] true=[3] merged=[3, 5]
212.2 fp=[7] true=[3] merged=[3, 7]
212.5 fp=[7] true=[3] merged=[3, 7]
212.8 fp=[7] true=[3] merged=[3, 7]
213.1 fp=[7] true=[3] merged=[3, 7]
213.5 fp=[7] true=[3] merged=[3, 7]
213.8 fp=[7] true=[3] merged=[3, 7]
214.1 fp=[7] true=[3] merged=[3, 7]
214.4 fp=[7] true=[3] merged=[3, 7]
214.7 fp=[7] true=[3] merged=[3, 7]
215.0 fp=[7] true=[3] merged=[3, 7]
215.3 fp=[7] true=[3] merged=[3, 7]
215.6 fp=[7] true=[3] merged=[3, 7]
215.9 fp=[7] true=[3] merged=[3, 7]
216.3 fp=[7] true=[3] merged=[3, 7]
216.6 fp=[7] true=[3] merged=[3, 7]
216.9 fp=[7] true=[3] merged=[3, 7]
217.2 fp=[7] true=[3] merged=[3, 7]
217.5 fp=[7] true=[3] merged=[3, 7]
217.8 fp=[7] true=[3] merged=[3, 7]
218.1 fp=[7] true=[3] merged=[3, 7]
218.5 fp=[7] true=[3] merged=[3, 7]
218.8 fp=[7] true=[3] merged=[3, 7]
219.1 fp=[7] true=[3] merged=[3, 7]
219.4 fp=[7] true=[3] merged=[3, 7]
219.7 fp=[7] true=[3] merged=[3, 7]
220.0 fp=[7] true=[3] merged=[3, 7]
220.3 fp=[7] true=[3] merged=[3, 7]
220.6 fp=[7] true=[3] merged=[3, 7]
221.0 fp=[7] true=[3] merged=[3, 7]
221.3 fp=[7] true=[3] merged=[3, 7]
221.6 fp=[7] true=[3] merged=[3, 7]
221.9 fp=[7] true=[3] merged=[3, 7]
222.2 fp=[7] true=[3] merged=[3, 7]
222.5 fp=[7] true=[3] merged=[3, 7]
222.8 fp=[7] true=[3] merged=[3, 7]
223.2 fp=[7] true=[3] merged=[3, 7]
223.5 fp=[7] true=[3] merged=[3, 7]
223.8 fp=[7] true=[3] merged=[3, 7]
224.1 fp=[7] true=[3] merged=[3, 7]
224.4 fp=[7] true=[3] merged=[3, 7]
224.7 fp=[7] true=[3] merged=[3, 7]
225.0 fp=[7] true=[3] merged=[3, 7]
225.3 fp=[7] true=[3] merged=[3, 7]
225.7 fp=[7] true=[3] merged=[3, 7]
226.0 fp=[7] true=[3] merged=[3, 7]
226.3 fp=[4] true=[3] merged=[3, 4]
226.6 fp=[4] true=[3] merged=[3, 4]
226.9 fp=[4] true=[3] merged=[3, 4]
227.3 fp=[4] true=[3] merged=[3, 4]
227.6 fp=[4] true=[3] merged=[3, 4]
227.9 fp=[4] true=[3] merged=[3, 4]
228.2 fp=[4] true=[3] merged=[3, 4]
228.5 fp=[4] true=[3] merged=[3, 4]
228.8 fp=[4] true=[3] merged=[3, 4]
229.1 fp=[4] true=[3] merged=[3, 4]
229.4 fp=[4] true=[3] merged=[3, 4]
229.8 fp=[4] true=[3] merged=[3, 4]
230.1 fp=[4] true=[3] merged=[3, 4]
230.4 fp=[4] true=[3] merged=[3, 4]
230.7 fp=[4] true=[3] merged=[3, 4]
231.0 fp=[4] true=[3] merged=[3, 4]
231.3 fp=[4] true=[3] merged=[3, 4]
231.6 fp=[4] true=[3] merged=[3, 4]
232.0 fp=[4] true=[3] merged=[3, 4]
232.3 fp=[1] true=[3] merged=[1, 3]
232.6 fp=[1] true=[3] merged=[1, 3]
232.9 fp=[1] true=[3] merged=[1, 3]
233.2 fp=[1] true=[3] merged=[1, 3]
233.5 fp=[1] true=[3] merged=[1, 3]
233.8 fp=[1] true=[3] merged=[1, 3]
234.1 fp=[1] true=[3] merged=[1, 3]
234.4 fp=[1] true=[3] merged=[1, 3]
234.7 fp=[1] true=[3] merged=[1, 3]
235.1 fp=[1] true=[3] merged=[1, 3]
235.4 fp=[1] true=[3] merged=[1, 3]
235.7 fp=[1] true=[3] merged=[1, 3]
236.0 fp=[1] true=[3] merged=[1, 3]
236.3 fp=[1] true=[3] merged=[1, 3]
236.6 fp=[1] true=[3] merged=[1, 3]
236.9 fp=[1] true=[3] merged=[1, 3]
237.2 fp=[1] true=[3] merged=[1, 3]
237.6 fp=[1] true=[3] merged=[1, 3]
237.9 fp=[1] true=[3] merged=[1, 3]
238.2 fp=[1] true=[3] merged=[1, 3]
238.5 fp=[1] true=[3] merged=[1, 3]
238.8 fp=[1] true=[3] merged=[1, 3]
239.1 fp=[1] true=[3] merged=[1, 3]
239.4 fp=[1] true=[3] merged=[1, 3]
239.8 fp=[1] true=[3] merged=[1, 3]
240.1 fp=[1] true=[3] merged=[1, 3]
240.4 fp=[1] true=[3] merged=[1, 3]
240.7 fp=[1] true=[3] merged=[1, 3]
241.0 fp=[1] true=[3] merged=[1, 3]
241.3 fp=[1] true=[3] merged=[1, 3]
241.6 fp=[1] true=[3] merged=[1, 3]
241.9 fp=[1] true=[3] merged=[1, 3]
242.2 fp=[1] true=[3] merged=[1, 3]
242.5 fp=[1] true=[3] merged=[1, 3]
242.9 fp=[1] true=[3] merged=[1, 3]
243.2 fp=[1] true=[3] merged=[1, 3]
243.5 fp=[1] true=[3] merged=[1, 3]
243.8 fp=[1] true=[3] merged=[1, 3]
244.1 fp=[1] true=[3] merged=[1, 3]
244.4 fp=[1] true=[3] merged=[1, 3]
244.7 fp=[1] true=[3] merged=[1, 3]
245.1 fp=[1] true=[3] merged=[1, 3]
245.4 fp=[1] true=[3] merged=[1, 3]
245.7 fp=[1] true=[3] merged=[1, 3]
246.0 fp=[1] true=[3] merged=[1, 3]
246.3 fp=[1] true=[3] merged=[1, 3]
246.6 fp=[1] true=[3] merged=[1, 3]
246.9 fp=[1] true=[3] merged=[1, 3]
247.2 fp=[1] true=[3] merged=[1, 3]
247.6 fp=[1] true=[3] merged=[1, 3]
247.9 fp=[1] true=[3] merged=[1, 3]
248.2 fp=[1] true=[3] merged=[1, 3]
248.5 fp=[1] true=[3] merged=[1, 3]
248.8 fp=[1] true=[3] merged=[1, 3]
249.2 fp=[1] true=[3] merged=[1, 3]
249.5 fp=[1] true=[3] merged=[1, 3]
249.8 fp=[1] true=[3] merged=[1, 3]
250.1 fp=[1] true=[3] merged=[1, 3]
250.4 fp=[1] true=[3] merged=[1, 3]
250.7 fp=[1] true=[3] merged=[1, 3]
251.0 fp=[1] true=[3] merged=[1, 3]
251.3 fp=[1] true=[3] merged=[1, 3]
251.6 fp=[1] true=[3] merged=[1, 3]
251.9 fp=[1] true=[3] merged=[1, 3]
252.3 fp=[4] true=[3] merged=[3, 4]
252.6 fp=[4] true=[3] merged=[3, 4]
252.9 fp=[4] true=[3] merged=[3, 4]
253.2 fp=[4] true=[3] merged=[3, 4]
253.5 fp=[4] true=[3] merged=[3, 4]
253.8 fp=[4] true=[3] merged=[3, 4]
254.2 fp=[4] true=[3] merged=[3, 4]
254.5 fp=[4] true=[3] merged=[3, 4]
254.8 fp=[4] true=[3] merged=[3, 4]
255.1 fp=[4] true=[3] merged=[3, 4]
255.4 fp=[4] true=[3] merged=[3, 4]
255.7 fp=[4] true=[3] merged=[3, 4]
256.0 fp=[4] true=[3] merged=[3, 4]
256.3 fp=[4] true=[3] merged=[3, 4]
256.7 fp=[4] true=[3] merged=[3, 4]
257.0 fp=[4] true=[3] merged=[3, 4]
257.3 fp=[4] true=[3] merged=[3, 4]
257.6 fp=[4] true=[3] merged=[3, 4]
257.9 fp=[4] true=[3] merged=[3, 4]
258.2 fp=[4] true=[3] merged=[3, 4]
258.5 fp=[4] true=[3] merged=[3, 4]
258.9 fp=[4] true=[3] merged=[3, 4]
259.2 fp=[4] true=[3] merged=[3, 4]
259.5 fp=[4] true=[3] merged=[3, 4]
259.8 fp=[4] true=[3] merged=[3, 4]
260.1 fp=[4] true=[3] merged=[3, 4]
260.5 fp=[4] true=[3] merged=[3, 4]
260.8 fp=[4] true=[3] merged=[3, 4]
261.1 fp=[4] true=[3] merged=[3, 4]
261.4 fp=[4] true=[3] merged=[3, 4]
261.7 fp=[4] true=[3] merged=[3, 4]
262.0 fp=[4] true=[3] merged=[3, 4]
262.3 fp=[4] true=[3] merged=[3, 4]
262.7 fp=[4] true=[3] merged=[3, 4]
263.0 fp=[4] true=[3] merged=[3, 4]
263.3 fp=[4] true=[3] merged=[3, 4]
263.6 fp=[4] true=[3] merged=[3, 4]
263.9 fp=[4] true=[3] merged=[3, 4]
264.2 fp=[4] true=[3] merged=[3, 4]
264.5 fp=[4] true=[3] merged=[3, 4]
264.8 fp=[4] true=[3] merged=[3, 4]
265.2 fp=[4] true=[3] merged=[3, 4]
265.5 fp=[4] true=[3] merged=[3, 4]
265.8 fp=[4] true=[3] merged=[3, 4]
266.1 fp=[4] true=[3] merged=[3, 4]
266.4 fp=[4] true=[3] merged=[3, 4]
266.7 fp=[4] true=[3] merged=[3, 4]
267.0 fp=[4] true=[3] merged=[3, 4]
267.4 fp=[4] true=[3] merged=[3, 4]
267.7 fp=[4] true=[3] merged=[3, 4]
268.0 fp=[4] true=[3] merged=[3, 4]
268.3 fp=[5] true=[3] merged=[3, 5]
268.6 fp=[5] true=[3] merged=[3, 5]
268.9 fp=[5] true=[3] merged=[3, 5]
269.3 fp=[5] true=[3] merged=[3, 5]
269.6 fp=[5] true=[3] merged=[3, 5]
269.9 fp=[5] true=[3] merged=[3, 5]
270.2 fp=[5] true=[3] merged=[3, 5]
270.5 fp=[5] true=[3] merged=[3, 5]
270.8 fp=[5] true=[3] merged=[3, 5]
271.1 fp=[5] true=[3] merged=[3, 5]
271.5 fp=[5] true=[3] merged=[3, 5]
271.8 fp=[5] true=[3] merged=[3, 5]
272.1 fp=[5] true=[3] merged=[3, 5]
272.4 fp=[5] true=[3] merged=[3, 5]
272.7 fp=[5] true=[3] merged=[3, 5]
273.0 fp=[5] true=[3] merged=[3, 5]
273.3 fp=[5] true=[3] merged=[3, 5]
273.6 fp=[5] true=[3] merged=[3, 5]
273.9 fp=[5] true=[3] merged=[3, 5]
274.3 fp=[5] true=[3] merged=[3, 5]
274.6 fp=[5] true=[3] merged=[3, 5]
274.9 fp=[5] true=[3] merged=[3, 5]
275.2 fp=[5] true=[3] merged=[3, 5]
275.5 fp=[5] true=[3] merged=[3, 5]
275.8 fp=[5] true=[3] merged=[3, 5]
276.1 fp=[5] true=[3] merged=[3, 5]
276.4 fp=[5] true=[3] merged=[3, 5]
276.7 fp=[5] true=[3] merged=[3, 5]
277.1 fp=[5] true=[3] merged=[3, 5]
277.4 fp=[5] true=[3] merged=[3, 5]
277.7 fp=[5] true=[3] merged=[3, 5]
278.1 fp=[6] true=[3] merged=[3, 6]
278.4 fp=[6] true=[3] merged=[3, 6]
278.7 fp=[6] true=[3] merged=[3, 6]
279.0 fp=[6] true=[3] merged=[3, 6]
279.3 fp=[6] true=[3] merged=[3, 6]
279.7 fp=[6] true=[3] merged=[3, 6]
280.0 fp=[6] true=[3] merged=[3, 6]
280.3 fp=[6] true=[3] merged=[3, 6]
280.6 fp=[6] true=[3] merged=[3, 6]
280.9 fp=[6] true=[3] merged=[3, 6]
281.2 fp=[6] true=[3] merged=[3, 6]
281.5 fp=[6] true=[3] merged=[3, 6]
281.8 fp=[6] true=[3] merged=[3, 6]
282.1 fp=[6] true=[3] merged=[3, 6]
282.5 fp=[6] true=[3] merged=[3, 6]
282.8 fp=[6] true=[3] merged=[3, 6]
283.1 fp=[6] true=[3] merged=[3, 6]
283.4 fp=[6] true=[3] merged=[3, 6]
283.7 fp=[6] true=[3] merged=[3, 6]
284.0 fp=[6] true=[3] merged=[3, 6]
284.3 fp=[6] true=[3] merged=[3, 6]
284.7 fp=[6] true=[3] merged=[3, 6]
285.0 fp=[6] true=[3] merged=[3, 6]
285.3 fp=[6] true=[3] merged=[3, 6]
285.6 fp=[6] true=[3] merged=[3, 6]
285.9 fp=[6] true=[3] merged=[3, 6]
286.2 fp=[6] true=[3] merged=[3, 6]
286.5 fp=[6] true=[3] merged=[3, 6]
286.8 fp=[6] true=[3] merged=[3, 6]
287.2 fp=[6] true=[3] merged=[3, 6]
287.5 fp=[6] true=[3] merged=[3, 6]
287.8 fp=[6] true=[3] merged=[3, 6]
288.1 fp=[6] true=[3] merged=[3, 6]
288.4 fp=[6] true=[3] merged=[3, 6]
288.7 fp=[6] true=[3] merged=[3, 6]
289.0 fp=[6] true=[3] merged=[3, 6]
289.4 fp=[6] true=[3] merged=[3, 6]
289.7 fp=[6] true=[3] merged=[3, 6]
290.0 fp=[6] true=[3] merged=[3, 6]
290.3 fp=[6] true=[3] merged=[3, 6]
290.6 fp=[6] true=[3] merged=[3, 6]
290.9 fp=[6] true=[3] merged=[3, 6]
291.2 fp=[6] true=[3] merged=[3, 6]
291.5 fp=[6] true=[3] merged=[3, 6]
291.9 fp=[6] true=[3] merged=[3, 6]
292.2 fp=[6] true=[3] merged=[3, 6]
292.5 fp=[6] true=[3] merged=[3, 6]
292.8 fp=[6] true=[3] merged=[3, 6]
297.2 fp=[4] true=[3] merged=[3, 4]
297.5 fp=[4] true=[3] merged=[3, 4]
297.9 fp=[4] true=[3] merged=[3, 4]
298.2 fp=[4] true=[3] merged=[3, 4]
298.5 fp=[4] true=[3] merged=[3, 4]
298.8 fp=[4] true=[3] merged=[3, 4]
299.1 fp=[1] true=[3] merged=[1, 3]
299.4 fp=[1] true=[3] merged=[1, 3]
299.7 fp=[1] true=[3] merged=[1, 3]
300.0 fp=[1] true=[3] merged=[1, 3]
300.4 fp=[1] true=[3] merged=[1, 3]
300.7 fp=[1] true=[3] merged=[1, 3]
301.0 fp=[1] true=[3] merged=[1, 3]
301.3 fp=[1] true=[3] merged=[1, 3]
301.6 fp=[1] true=[3] merged=[1, 3]
301.9 fp=[1] true=[3] merged=[1, 3]
302.2 fp=[1] true=[3] merged=[1, 3]
302.6 fp=[1] true=[3] merged=[1, 3]
302.9 fp=[1] true=[3] merged=[1, 3]
303.2 fp=[1] true=[3] merged=[1, 3]
303.5 fp=[1] true=[3] merged=[1, 3]
303.8 fp=[1] true=[3] merged=[1, 3]
304.2 fp=[1] true=[3] merged=[1, 3]
304.5 fp=[1] true=[3] merged=[1, 3]
304.8 fp=[1] true=[3] merged=[1, 3]
305.1 fp=[1] true=[3] merged=[1, 3]
305.4 fp=[1] true=[3] merged=[1, 3]
305.7 fp=[1] true=[3] merged=[1, 3]
306.1 fp=[1] true=[3] merged=[1, 3]
306.4 fp=[1] true=[3] merged=[1, 3]
306.7 fp=[1] true=[3] merged=[1, 3]
307.0 fp=[1] true=[3] merged=[1, 3]
307.3 fp=[1] true=[3] merged=[1, 3]
307.6 fp=[1] true=[3] merged=[1, 3]
308.0 fp=[1] true=[3] merged=[1, 3]
308.3 fp=[1] true=[3] merged=[1, 3]
308.6 fp=[1] true=[3] merged=[1, 3]
308.9 fp=[1] true=[3] merged=[1, 3]
309.2 fp=[1] true=[3] merged=[1, 3]
309.5 fp=[1] true=[3] merged=[1, 3]
309.8 fp=[1] true=[3] merged=[1, 3]
310.2 fp=[1] true=[3] merged=[1, 3]
310.5 fp=[1] true=[3] merged=[1, 3]
310.8 fp=[1] true=[3] merged=[1, 3]
311.1 fp=[1] true=[3] merged=[1, 3]
311.4 fp=[1] true=[3] merged=[1, 3]
311.7 fp=[1] true=[3] merged=[1, 3]
312.0 fp=[1] true=[3] merged=[1, 3]
312.3 fp=[1] true=[3] merged=[1, 3]
312.6 fp=[1] true=[3] merged=[1, 3]
313.0 fp=[1] true=[3] merged=[1, 3]
313.3 fp=[1] true=[3] merged=[1, 3]
313.6 fp=[1] true=[3] merged=[1, 3]
313.9 fp=[1] true=[3] merged=[1, 3]
314.2 fp=[1] true=[3] merged=[1, 3]
314.5 fp=[1] true=[3] merged=[1, 3]
314.8 fp=[1] true=[3] merged=[1, 3]
315.1 fp=[1] true=[3] merged=[1, 3]
315.5 fp=[1] true=[3] merged=[1, 3]
315.8 fp=[1] true=[3] merged=[1, 3]
316.1 fp=[1] true=[3] merged=[1, 3]
316.4 fp=[1] true=[3] merged=[1, 3]
316.7 fp=[1] true=[3] merged=[1, 3]
317.0 fp=[1] true=[3] merged=[1, 3]
317.3 fp=[1] true=[3] merged=[1, 3]
317.7 fp=[1] true=[3] merged=[1, 3]
318.0 fp=[1] true=[3] merged=[1, 3]
318.3 fp=[1] true=[3] merged=[1, 3]
318.6 fp=[1] true=[3] merged=[1, 3]
318.9 fp=[1] true=[3] merged=[1, 3]
319.2 fp=[4] true=[3] merged=[3, 4]
319.5 fp=[4] true=[3] merged=[3, 4]
319.9 fp=[4] true=[3] merged=[3, 4]
320.2 fp=[4] true=[3] merged=[3, 4]
320.5 fp=[4] true=[3] merged=[3, 4]
320.8 fp=[4] true=[3] merged=[3, 4]
321.1 fp=[4] true=[3] merged=[3, 4]
321.4 fp=[4] true=[3] merged=[3, 4]
321.7 fp=[4] true=[3] merged=[3, 4]
322.0 fp=[4] true=[3] merged=[3, 4]
322.4 fp=[4] true=[3] merged=[3, 4]
322.7 fp=[4] true=[3] merged=[3, 4]
323.0 fp=[4] true=[3] merged=[3, 4]
323.3 fp=[4] true=[3] merged=[3, 4]
323.6 fp=[4] true=[3] merged=[3, 4]
323.9 fp=[4] true=[3] merged=[3, 4]
324.2 fp=[4] true=[3] merged=[3, 4]
324.5 fp=[4] true=[3] merged=[3, 4]
324.9 fp=[4] true=[3] merged=[3, 4]
325.2 fp=[4] true=[3] merged=[3, 4]
325.5 fp=[4] true=[3] merged=[3, 4]
325.8 fp=[4] true=[3] merged=[3, 4]
326.1 fp=[4] true=[3] merged=[3, 4]
326.4 fp=[4] true=[3] merged=[3, 4]
326.7 fp=[4] true=[3] merged=[3, 4]
332.1 fp=[6] true=[3] merged=[3, 6]
332.4 fp=[6] true=[3] merged=[3, 6]
332.7 fp=[6] true=[3] merged=[3, 6]
333.0 fp=[6] true=[3] merged=[3, 6]
333.3 fp=[6] true=[3] merged=[3, 6]
333.6 fp=[6] true=[3] merged=[3, 6]
333.9 fp=[6] true=[3] merged=[3, 6]
334.3 fp=[6] true=[3] merged=[3, 6]
334.6 fp=[6] true=[3] merged=[3, 6]
334.9 fp=[6] true=[3] merged=[3, 6]
335.2 fp=[6] true=[3] merged=[3, 6]
335.5 fp=[6] true=[3] merged=[3, 6]
335.8 fp=[6] true=[3] merged=[3, 6]
336.1 fp=[6] true=[3] merged=[3, 6]
336.5 fp=[6] true=[3] merged=[3, 6]
336.8 fp=[6] true=[3] merged=[3, 6]
337.2 fp=[6] true=[3] merged=[3, 6]
337.5 fp=[6] true=[3] merged=[3, 6]
337.8 fp=[6] true=[3] merged=[3, 6]
338.1 fp=[6] true=[3] merged=[3, 6]
338.4 fp=[6] true=[3] merged=[3, 6]
338.7 fp=[6] true=[3] merged=[3, 6]
339.0 fp=[6] true=[3] merged=[3, 6]
339.3 fp=[6] true=[3] merged=[3, 6]
339.7 fp=[6] true=[3] merged=[3, 6]
340.0 fp=[6] true=[3] merged=[3, 6]
340.3 fp=[6] true=[3] merged=[3, 6]
340.6 fp=[6] true=[3] merged=[3, 6]
340.9 fp=[6] true=[3] merged=[3, 6]
341.2 fp=[6] true=[3] merged=[3, 6]
341.5 fp=[6] true=[3] merged=[3, 6]
341.9 fp=[6] true=[3] merged=[3, 6]
342.2 fp=[6] true=[3] merged=[3, 6]
342.5 fp=[6] true=[3] merged=[3, 6]
342.8 fp=[6] true=[3] merged=[3, 6]
343.1 fp=[6] true=[3] merged=[3, 6]
343.4 fp=[6] true=[3] merged=[3, 6]
343.7 fp=[6] true=[3] merged=[3, 6]
344.1 fp=[6] true=[3] merged=[3, 6]
344.4 fp=[6] true=[3] merged=[3, 6]
344.7 fp=[6] true=[3] merged=[3, 6]
345.0 fp=[6] true=[3] merged=[3, 6]
345.3 fp=[6] true=[3] merged=[3, 6]
345.6 fp=[6] true=[3] merged=[3, 6]
345.9 fp=[6] true=[3] merged=[3, 6]
346.3 fp=[2] true=[3] merged=[2, 3]
346.6 fp=[2] true=[3] merged=[2, 3]
346.9 fp=[2] true=[3] merged=[2, 3]
347.3 fp=[2] true=[3] merged=[2, 3]
347.6 fp=[2] true=[3] merged=[2, 3]
347.9 fp=[2] true=[3] merged=[2, 3]
348.2 fp=[2] true=[3] merged=[2, 3]
348.5 fp=[2] true=[3] merged=[2, 3]
348.8 fp=[2] true=[3] merged=[2, 3]
349.1 fp=[2] true=[3] merged=[2, 3]
349.5 fp=[2] true=[3] merged=[2, 3]
349.8 fp=[2] true=[3] merged=[2, 3]
350.1 fp=[2] true=[3] merged=[2, 3]
350.4 fp=[2] true=[3] merged=[2, 3]
350.7 fp=[2] true=[3] merged=[2, 3]
351.0 fp=[2] true=[3] merged=[2, 3]
351.3 fp=[2] true=[3] merged=[2, 3]
351.6 fp=[2] true=[3] merged=[2, 3]
352.0 fp=[2] true=[3] merged=[2, 3]
352.3 fp=[2] true=[3] merged=[2, 3]
352.6 fp=[2] true=[3] merged=[2, 3]
352.9 fp=[2] true=[3] merged=[2, 3]
353.2 fp=[2] true=[3] merged=[2, 3]
353.5 fp=[2] true=[3] merged=[2, 3]
353.9 fp=[2] true=[3] merged=[2, 3]
354.2 fp=[2] true=[3] merged=[2, 3]
354.5 fp=[2] true=[3] merged=[2, 3]
354.8 fp=[2] true=[3] merged=[2, 3]
355.1 fp=[2] true=[3] merged=[2, 3]
355.4 fp=[2] true=[3] merged=[2, 3]
355.7 fp=[2] true=[3] merged=[2, 3]
356.1 fp=[2] true=[3] merged=[2, 3]
356.4 fp=[2] true=[3] merged=[2, 3]
356.7 fp=[2] true=[3] merged=[2, 3]
357.0 fp=[2] true=[3] merged=[2, 3]
357.3 fp=[2] true=[3] merged=[2, 3]
357.7 fp=[2] true=[3] merged=[2, 3]
358.0 fp=[2] true=[3] merged=[2, 3]
358.3 fp=[2] true=[3] merged=[2, 3]
358.6 fp=[2] true=[3] merged=[2, 3]
358.9 fp=[2] true=[3] merged=[2, 3]
359.2 fp=[2] true=[3] merged=[2, 3]
359.5 fp=[2] true=[3] merged=[2, 3]
359.8 fp=[2] true=[3] merged=[2, 3]
360.2 fp=[2] true=[3] merged=[2, 3]
360.5 fp=[2] true=[3] merged=[2, 3]
360.8 fp=[2] true=[3] merged=[2, 3]
361.1 fp=[2] true=[3] merged=[2, 3]
361.4 fp=[2] true=[3] merged=[2, 3]
361.7 fp=[2] true=[3] merged=[2, 3]
362.0 fp=[2] true=[3] merged=[2, 3]
362.3 fp=[2] true=[3] merged=[2, 3]
362.6 fp=[2] true=[3] merged=[2, 3]
363.0 fp=[2] true=[3] merged=[2, 3]
363.3 fp=[2] true=[3] merged=[2, 3]
363.6 fp=[2] true=[3] merged=[2, 3]
363.9 fp=[2] true=[3] merged=[2, 3]
364.2 fp=[2] true=[3] merged=[2, 3]
364.5 fp=[2] true=[3] merged=[2, 3]
364.8 fp=[2] true=[3] merged=[2, 3]
365.1 fp=[2] true=[3] merged=[2, 3]
365.4 fp=[2] true=[3] merged=[2, 3]
365.8 fp=[2] true=[3] merged=[2, 3]
366.1 fp=[2] true=[3] merged=[2, 3]
366.4 fp=[2] true=[3] merged=[2, 3]
366.7 fp=[2] true=[3] merged=[2, 3]
367.0 fp=[2] true=[3] merged=[2, 3]
367.3 fp=[2] true=[3] merged=[2, 3]
367.6 fp=[2] true=[3] merged=[2, 3]
367.9 fp=[2] true=[3] merged=[2, 3]
368.3 fp=[2] true=[3] merged=[2, 3]
368.6 fp=[2] true=[3] merged=[2, 3]
368.9 fp=[2] true=[3] merged=[2, 3]
369.2 fp=[2] true=[3] merged=[2, 3]
369.5 fp=[2] true=[3] merged=[2, 3]
369.8 fp=[2] true=[3] merged=[2, 3]
370.1 fp=[2] true=[3] merged=[2, 3]
370.4 fp=[2] true=[3] merged=[2, 3]
370.8 fp=[2] true=[3] merged=[2, 3]
371.1 fp=[2] true=[3] merged=[2, 3]
371.4 fp=[2] true=[3] merged=[2, 3]
371.7 fp=[2] true=[3] merged=[2, 3]
372.0 fp=[2] true=[3] merged=[2, 3]
372.3 fp=[2] true=[3] merged=[2, 3]
372.6 fp=[2] true=[3] merged=[2, 3]
372.9 fp=[2] true=[3] merged=[2, 3]
373.2 fp=[2] true=[3] merged=[2, 3]
373.6 fp=[2] true=[3] merged=[2, 3]
373.9 fp=[2] true=[3] merged=[2, 3]
374.2 fp=[2] true=[3] merged=[2, 3]
374.5 fp=[2] true=[3] merged=[2, 3]
374.8 fp=[2] true=[3] merged=[2, 3]
375.1 fp=[2] true=[3] merged=[2, 3]
375.5 fp=[2] true=[3] merged=[2, 3]
375.8 fp=[2] true=[3] merged=[2, 3]
376.1 fp=[2] true=[3] merged=[2, 3]
376.4 fp=[2] true=[3] merged=[2, 3]
376.7 fp=[2] true=[3] merged=[2, 3]
377.0 fp=[6] true=[3] merged=[3, 6]
377.3 fp=[6] true=[3] merged=[3, 6]
377.6 fp=[6] true=[3] merged=[3, 6]
378.0 fp=[6] true=[3] merged=[3, 6]
378.3 fp=[5] true=[3] merged=[3, 5]
378.6 fp=[5] true=[3] merged=[3, 5]
378.9 fp=[5] true=[3] merged=[3, 5]
379.2 fp=[5] true=[3] merged=[3, 5]
379.5 fp=[5] true=[3] merged=[3, 5]
379.9 fp=[5] true=[3] merged=[3, 5]
380.2 fp=[5] true=[3] merged=[3, 5]
380.5 fp=[5] true=[3] merged=[3, 5]
380.8 fp=[5] true=[3] merged=[3, 5]
381.1 fp=[5] true=[3] merged=[3, 5]
381.4 fp=[5] true=[3] merged=[3, 5]
381.7 fp=[5] true=[3] merged=[3, 5]
382.1 fp=[5] true=[3] merged=[3, 5]
382.4 fp=[5] true=[3] merged=[3, 5]
382.7 fp=[5] true=[3] merged=[3, 5]
383.0 fp=[5] true=[3] merged=[3, 5]
383.3 fp=[5] true=[3] merged=[3, 5]
383.6 fp=[5] true=[3] merged=[3, 5]
383.9 fp=[5] true=[3] merged=[3, 5]
384.2 fp=[5] true=[3] merged=[3, 5]
384.6 fp=[5] true=[3] merged=[3, 5]
384.9 fp=[5] true=[3] merged=[3, 5]
385.2 fp=[5] true=[3] merged=[3, 5]
385.5 fp=[5] true=[3] merged=[3, 5]
385.8 fp=[5] true=[3] merged=[3, 5]
386.2 fp=[4] true=[3] merged=[3, 4]
386.5 fp=[4] true=[3] merged=[3, 4]
386.8 fp=[4] true=[3] merged=[3, 4]
387.1 fp=[4] true=[3] merged=[3, 4]
