# start rate=10 seed=4 dur=420 n=7 target=3 events=34
7.2 fp=[2] true=[3] merged=[2, 3]
7.5 fp=[2] true=[3] merged=[2, 3]
7.8 fp=[2] true=[3] merged=[2, 3]
8.1 fp=[2] true=[3] merged=[2, 3]
8.4 fp=[2] true=[3] merged=[2, 3]
8.7 fp=[2] true=[3] merged=[2, 3]
9.0 fp=[2] true=[3] merged=[2, 3]
9.3 fp=[2] true=[3] merged=[2, 3]
9.7 fp=[2] true=[3] merged=[2, 3]
10.0 fp=[2] true=[3] merged=[2, 3]
10.3 fp=[2] true=[3] merged=[2, 3]
10.6 fp=[2] true=[3] merged=[2, 3]
10.9 fp=[2] true=[3] merged=[2, 3]
11.2 fp=[2] true=[3] merged=[2, 3]
11.5 fp=[2] true=[3] merged=[2, 3]
11.8 fp=[2] true=[3] merged=[2, 3]
12.1 fp=[2] true=[3] merged=[2, 3]
12.4 fp=[2] true=[3] merged=[2, 3]
12.8 fp=[2] true=[3] merged=[2, 3]
13.1 fp=[2] true=[3] merged=[2, 3]
13.4 fp=[2] true=[3] merged=[2, 3]
13.7 fp=[2] true=[3] merged=[2, 3]
14.0 fp=[2] true=[3] merged=[2, 3]
14.3 fp=[2] true=[3] merged=[2, 3]
14.6 fp=[2] true=[3] merged=[2, 3]
15.0 fp=[2] true=[3] merged=[2, 3]
15.3 fp=[2] true=[3] merged=[2, 3]
15.6 fp=[2] true=[3] merged=[2, 3]
15.9 fp=[2] true=[3] merged=[2, 3]
16.2 fp=[2] true=[3] merged=[2, 3]
16.5 fp=[2] true=[3] merged=[2, 3]
16.8 fp=[2] true=[3] merged=[2, 3]
17.1 fp=[2] true=[3] merged=[2, 3]
17.4 fp=[2] true=[3] merged=[2, 3]
17.8 fp=[2] true=[3] merged=[2, 3]
18.1 fp=[2] true=[3] merged=[2, 3]
18.4 fp=[2] true=[3] merged=[2, 3]
18.7 fp=[2] true=[3] merged=[2, 3]
19.0 fp=[2] true=[3] merged=[2, 3]
19.3 fp=[2] true=[3] merged=[2, 3]
19.7 fp=[2] true=[3] merged=[2, 3]
20.0 fp=[2] true=[3] merged=[2, 3]
20.3 fp=[2] true=[3] merged=[2, 3]
20.6 fp=[2] true=[3] merged=[2, 3]
20.9 fp=[2] true=[3] merged=[2, 3]
21.2 fp=[2] true=[3] merged=[2, 3]
21.5 fp=[2] true=[3] merged=[2, 3]
21.8 fp=[2] true=[3] merged=[2, 3]
22.1 fp=[2] true=[3] merged=[2, 3]
22.4 fp=[2] true=[3] merged=[2, 3]
22.8 fp=[2] true=[3] merged=[2, 3]
23.1 fp=[2] true=[3] merged=[2, 3]
23.4 fp=[2] true=[3] merged=[2, 3]
23.7 fp=[2] true=[3] merged=[2, 3]
24.0 fp=[2] true=[3] merged=[2, 3]
24.3 fp=[2] true=[3] merged=[2, 3]
24.6 fp=[2] true=[3] merged=[2, 3]
24.9 fp=[2] true=[3] merged=[2, 3]
25.3 fp=[2] true=[3] merged=[2, 3]
25.6 fp=[2] true=[3] merged=[2, 3]
25.9 fp=[2] true=[3] merged=[2, 3]
26.2 fp=[2] true=[3] merged=[2, 3]
26.5 fp=[2] true=[3] merged=[2, 3]
26.8 fp=[2] true=[3] merged=[2, 3]
27.1 fp=[2] true=[3] merged=[2, 3]
27.4 fp=[2] true=[3] merged=[2, 3]
27.7 fp=[2] true=[3] merged=[2, 3]
28.1 fp=[2] true=[3] merged=[2, 3]
28.4 fp=[2] true=[3] merged=[2, 3]
28.7 fp=[2] true=[3] merged=[2, 3]
29.0 fp=[2] true=[3] merged=[2, 3]
29.3 fp=[2] true=[3] merged=[2, 3]
29.6 fp=[2] true=[3] merged=[2, 3]
29.9 fp=[2] true=[3] merged=[2, 3]
30.2 fp=[2] true=[3] merged=[2, 3]
30.6 fp=[2] true=[3] merged=[2, 3]
30.9 fp=[2] true=[3] merged=[2, 3]
31.2 fp=[2] true=[3] merged=[2, 3]
31.5 fp=[2] true=[3] merged=[2, 3]
31.8 fp=[2] true=[3] merged=[2, 3]
32.1 fp=[2] true=[3] merged=[2, 3]
32.4 fp=[2] true=[3] merged=[2, 3]
32.7 fp=[2] true=[3] merged=[2, 3]
33.0 fp=[2] true=[3] merged=[2, 3]
33.4 fp=[2] true=[3] merged=[2, 3]
33.7 fp=[2] true=[3] merged=[2, 3]
34.0 fp=[2] true=[3] merged=[2, 3]
34.3 fp=[4] true=[3] merged=[3, 4]
34.6 fp=[4] true=[3] merged=[3, 4]
34.9 fp=[4] true=[3] merged=[3, 4]
35.2 fp=[4] true=[3] merged=[3, 4]
35.5 fp=[4] true=[3] merged=[3, 4]
35.8 fp=[4] true=[3] merged=[3, 4]
36.2 fp=[5] true=[3] merged=[3, 5]
36.5 fp=[5] true=[3] merged=[3, 5]
36.8 fp=[5] true=[3] merged=[3, 5]
37.1 fp=[5] true=[3] merged=[3, 5]
37.4 fp=[5] true=[3] merged=[3, 5]
37.7 fp=[5] true=[3] merged=[3, 5]
38.0 fp=[7] true=[3] merged=[3, 7]
38.3 fp=[7] true=[3] merged=[3, 7]
38.7 fp=[7] true=[3] merged=[3, 7]
39.0 fp=[7] true=[3] merged=[3, 7]
39.4 fp=[7] true=[3] merged=[3, 7]
39.7 fp=[7] true=[3] merged=[3, 7]
40.0 fp=[7] true=[3] merged=[3, 7]
40.3 fp=[7] true=[3] merged=[3, 7]
40.6 fp=[7] true=[3] merged=[3, 7]
40.9 fp=[7] true=[3] merged=[3, 7]
41.2 fp=[7] true=[3] merged=[3, 7]
41.5 fp=[7] true=[3] merged=[3, 7]
41.9 fp=[7] true=[3] merged=[3, 7]
42.2 fp=[7] true=[3] merged=[3, 7]
42.5 fp=[7] true=[3] merged=[3, 7]
42.8 fp=[7] true=[3] merged=[3, 7]
43.1 fp=[6] true=[3] merged=[3, 6]
43.4 fp=[6] true=[3] merged=[3, 6]
43.8 fp=[6] true=[3] merged=[3, 6]
44.1 fp=[6] true=[3] merged=[3, 6]
44.4 fp=[6] true=[3] merged=[3, 6]
44.7 fp=[6] true=[3] merged=[3, 6]
45.0 fp=[6] true=[3] merged=[3, 6]
45.3 fp=[6] true=[3] merged=[3, 6]
45.6 fp=[6] true=[3] merged=[3, 6]
45.9 fp=[6] true=[3] merged=[3, 6]
46.2 fp=[6] true=[3] merged=[3, 6]
46.6 fp=[6] true=[3] merged=[3, 6]
46.9 fp=[6] true=[3] merged=[3, 6]
47.2 fp=[6] true=[3] merged=[3, 6]
47.5 fp=[6] true=[3] merged=[3, 6]
47.8 fp=[6] true=[3] merged=[3, 6]
48.1 fp=[6] true=[3] merged=[3, 6]
48.4 fp=[6] true=[3] merged=[3, 6]
48.7 fp=[6] true=[3] merged=[3, 6]
49.0 fp=[6] true=[3] merged=[3, 6]
49.4 fp=[6] true=[3] merged=[3, 6]
49.7 fp=[6] true=[3] merged=[3, 6]
50.0 fp=[6] true=[3] merged=[3, 6]
50.3 fp=[6] true=[3] merged=[3, 6]
50.6 fp=[6] true=[3] merged=[3, 6]
50.9 fp=[6] true=[3] merged=[3, 6]
51.2 fp=[6] true=[3] merged=[3, 6]
51.5 fp=[6] true=[3] merged=[3, 6]
51.8 fp=[6] true=[3] merged=[3, 6]
52.2 fp=[6] true=[3] merged=[3, 6]
52.5 fp=[6] true=[3] merged=[3, 6]
52.8 fp=[6] true=[3] merged=[3, 6]
53.1 fp=[6] true=[3] merged=[3, 6]
53.4 fp=[6] true=[3] merged=[3, 6]
53.7 fp=[6] true=[3] merged=[3, 6]
54.0 fp=[6] true=[3] merged=[3, 6]
54.3 fp=[6] true=[3] merged=[3, 6]
54.6 fp=[6] true=[3] merged=[3, 6]
55.0 fp=[6] true=[3] merged=[3, 6]
55.3 fp=[6] true=[3] merged=[3, 6]
55.6 fp=[6] true=[3] merged=[3, 6]
55.9 fp=[6] true=[3] merged=[3, 6]
56.2 fp=[6] true=[3] merged=[3, 6]
56.5 fp=[6] true=[3] merged=[3, 6]
56.8 fp=[6] true=[3] merged=[3, 6]
57.1 fp=[6] true=[3] merged=[3, 6]
57.4 fp=[6] true=[3] merged=[3, 6]
57.7 fp=[6] true=[3] merged=[3, 6]
58.1 fp=[1] true=[3] merged=[1, 3]
58.4 fp=[1] true=[3] merged=[1, 3]
58.7 fp=[1] true=[3] merged=[1, 3]
59.0 fp=[1] true=[3] merged=[1, 3]
59.3 fp=[1] true=[3] merged=[1, 3]
59.6 fp=[1] true=[3] merged=[1, 3]
59.9 fp=[1] true=[3] merged=[1, 3]
60.3 fp=[1] true=[3] merged=[1, 3]
60.6 fp=[1] true=[3] merged=[1, 3]
60.9 fp=[1] true=[3] merged=[1, 3]
61.2 fp=[1] true=[3] merged=[1, 3]
61.5 fp=[1] true=[3] merged=[1, 3]
61.8 fp=[1] true=[3] merged=[1, 3]
62.1 fp=[1] true=[3] merged=[1, 3]
62.4 fp=[1] true=[3] merged=[1, 3]
62.7 fp=[1] true=[3] merged=[1, 3]
63.1 fp=[1] true=[3] merged=[1, 3]
63.4 fp=[1] true=[3] merged=[1, 3]
63.7 fp=[1] true=[3] merged=[1, 3]
64.0 fp=[1] true=[3] merged=[1, 3]
64.3 fp=[1] true=[3] merged=[1, 3]
64.6 fp=[1] true=[3] merged=[1, 3]
64.9 fp=[1] true=[3] merged=[1, 3]
65.2 fp=[1] true=[3] merged=[1, 3]
65.6 fp=[1] true=[3] merged=[1, 3]
65.9 fp=[1] true=[3] merged=[1, 3]
66.2 fp=[1] true=[3] merged=[1, 3]
66.5 fp=[1] true=[3] merged=[1, 3]
66.8 fp=[1] true=[3] merged=[1, 3]
67.1 fp=[1] true=[3] merged=[1, 3]
67.4 fp=[1] true=[3] merged=[1, 3]
67.7 fp=[1] true=[3] merged=[1, 3]
68.1 fp=[1] true=[3] merged=[1, 3]
68.4 fp=[1] true=[3] merged=[1, 3]
68.7 fp=[1] true=[3] merged=[1, 3]
69.0 fp=[1] true=[3] merged=[1, 3]
69.3 fp=[1] true=[3] merged=[1, 3]
69.6 fp=[1] true=[3] merged=[1, 3]
69.9 fp=[1] true=[3] merged=[1, 3]
70.3 fp=[1] true=[3] merged=[1, 3]
70.6 fp=[1] true=[3] merged=[1, 3]
70.9 fp=[1] true=[3] merged=[1, 3]
71.2 fp=[1] true=[3] merged=[1, 3]
71.5 fp=[1] true=[3] merged=[1, 3]
71.8 fp=[1] true=[3] merged=[1, 3]
72.1 fp=[1] true=[3] merged=[1, 3]
72.4 fp=[1] true=[3] merged=[1, 3]
72.7 fp=[1] true=[3] merged=[1, 3]
73.0 fp=[1] true=[3] merged=[1, 3]
73.3 fp=[1] true=[3] merged=[1, 3]
73.7 fp=[1] true=[3] merged=[1, 3]
74.0 fp=[1] true=[3] merged=[1, 3]
74.3 fp=[1] true=[3] merged=[1, 3]
74.6 fp=[1] true=[3] merged=[1, 3]
74.9 fp=[1] true=[3] merged=[1, 3]
75.2 fp=[1] true=[3] merged=[1, 3]
75.6 fp=[1] true=[3] merged=[1, 3]
75.9 fp=[1] true=[3] merged=[1, 3]
76.2 fp=[1] true=[3] merged=[1, 3]
76.5 fp=[1] true=[3] merged=[1, 3]
76.8 fp=[1] true=[3] merged=[1, 3]
77.1 fp=[1] true=[3] merged=[1, 3]
77.4 fp=[1] true=[3] merged=[1, 3]
77.7 fp=[1] true=[3] merged=[1, 3]
79.0 fp=[1] true=[3] merged=[1, 3]
79.3 fp=[1] true=[3] merged=[1, 3]
79.6 fp=[1] true=[3] merged=[1, 3]
79.9 fp=[1] true=[3] merged=[1, 3]
80.2 fp=[1] true=[3] merged=[1, 3]
80.6 fp=[1] true=[3] merged=[1, 3]
80.9 fp=[1] true=[3] merged=[1, 3]
81.2 fp=[1] true=[3] merged=[1, 3]
81.5 fp=[1] true=[3] merged=[1, 3]
81.8 fp=[1] true=[3] merged=[1, 3]
82.1 fp=[1] true=[3] merged=[1, 3]
82.4 fp=[1] true=[3] merged=[1, 3]
82.7 fp=[1] true=[3] merged=[1, 3]
83.0 fp=[1] true=[3] merged=[1, 3]
83.4 fp=[1] true=[3] merged=[1, 3]
83.7 fp=[1] true=[3] merged=[1, 3]
84.0 fp=[1] true=[3] merged=[1, 3]
84.3 fp=[1] true=[3] merged=[1, 3]
84.6 fp=[1] true=[3] merged=[1, 3]
84.9 fp=[1] true=[3] merged=[1, 3]
85.2 fp=[1] true=[3] merged=[1, 3]
85.5 fp=[1] true=[3] merged=[1, 3]
85.8 fp=[1] true=[3] merged=[1, 3]
86.1 fp=[1] true=[3] merged=[1, 3]
86.5 fp=[1] true=[3] merged=[1, 3]
86.8 fp=[1] true=[3] merged=[1, 3]
87.1 fp=[1] true=[3] merged=[1, 3]
87.4 fp=[1] true=[3] merged=[1, 3]
87.7 fp=[1] true=[3] merged=[1, 3]
88.1 fp=[1] true=[3] merged=[1, 3]
88.4 fp=[1] true=[3] merged=[1, 3]
88.7 fp=[1] true=[3] merged=[1, 3]
89.0 fp=[1] true=[3] merged=[1, 3]
89.3 fp=[1] true=[3] merged=[1, 3]
89.6 fp=[1] true=[3] merged=[1, 3]
90.0 fp=[1] true=[3] merged=[1, 3]
90.3 fp=[1] true=[3] merged=[1, 3]
90.6 fp=[1] true=[3] merged=[1, 3]
90.9 fp=[1] true=[3] merged=[1, 3]
91.2 fp=[1] true=[3] merged=[1, 3]
91.5 fp=[1] true=[3] merged=[1, 3]
91.8 fp=[1] true=[3] merged=[1, 3]
92.2 fp=[1] true=[3] merged=[1, 3]
92.5 fp=[1] true=[3] merged=[1, 3]
92.8 fp=[1] true=[3] merged=[1, 3]
93.1 fp=[1] true=[3] merged=[1, 3]
93.4 fp=[1] true=[3] merged=[1, 3]
93.7 fp=[1] true=[3] merged=[1, 3]
94.1 fp=[1] true=[3] merged=[1, 3]
94.4 fp=[1] true=[3] merged=[1, 3]
94.7 fp=[1] true=[3] merged=[1, 3]
95.0 fp=[1] true=[3] merged=[1, 3]
95.3 fp=[1] true=[3] merged=[1, 3]
95.6 fp=[1] true=[3] merged=[1, 3]
95.9 fp=[1] true=[3] merged=[1, 3]
96.2 fp=[1] true=[3] merged=[1, 3]
96.6 fp=[1] true=[3] merged=[1, 3]
96.9 fp=[1] true=[3] merged=[1, 3]
97.2 fp=[1] true=[3] merged=[1, 3]
97.5 fp=[1] true=[3] merged=[1, 3]
97.8 fp=[1] true=[3] merged=[1, 3]
98.1 fp=[1] true=[3] merged=[1, 3]
98.4 fp=[1] true=[3] merged=[1, 3]
98.7 fp=[1] true=[3] merged=[1, 3]
99.1 fp=[6] true=[3] merged=[3, 6]
99.4 fp=[6] true=[3] merged=[3, 6]
99.7 fp=[6] true=[3] merged=[3, 6]
100.0 fp=[6] true=[3] merged=[3, 6]
100.3 fp=[6] true=[3] merged=[3, 6]
100.7 fp=[6] true=[3] merged=[3, 6]
101.0 fp=[6] true=[3] merged=[3, 6]
101.3 fp=[6] true=[3] merged=[3, 6]
101.6 fp=[6] true=[3] merged=[3, 6]
101.9 fp=[6] true=[3] merged=[3, 6]
102.2 fp=[6] true=[3] merged=[3, 6]
102.5 fp=[6] true=[3] merged=[3, 6]
102.8 fp=[6] true=[3] merged=[3, 6]
103.2 fp=[7] true=[3] merged=[3, 7]
103.5 fp=[7] true=[3] merged=[3, 7]
103.8 fp=[7] true=[3] merged=[3, 7]
104.1 fp=[7] true=[3] merged=[3, 7]
104.4 fp=[7] true=[3] merged=[3, 7]
104.7 fp=[7] true=[3] merged=[3, 7]
105.0 fp=[7] true=[3] merged=[3, 7]
105.3 fp=[7] true=[3] merged=[3, 7]
105.7 fp=[7] true=[3] merged=[3, 7]
106.0 fp=[7] true=[3] merged=[3, 7]
106.3 fp=[7] true=[3] merged=[3, 7]
106.6 fp=[7] true=[3] merged=[3, 7]
106.9 fp=[7] true=[3] merged=[3, 7]
107.2 fp=[7] true=[3] merged=[3, 7]
107.5 fp=[7] true=[3] merged=[3, 7]
107.9 fp=[7] true=[3] merged=[3, 7]
108.2 fp=[7] true=[3] merged=[3, 7]
108.5 fp=[7] true=[3] merged=[3, 7]
108.8 fp=[7] true=[3] merged=[3, 7]
109.1 fp=[7] true=[3] merged=[3, 7]
109.5 fp=[7] true=[3] merged=[3, 7]
109.8 fp=[7] true=[3] merged=[3, 7]
110.1 fp=[7] true=[3] merged=[3, 7]
110.4 fp=[7] true=[3] merged=[3, 7]
110.7 fp=[7] true=[3] merged=[3, 7]
111.0 fp=[7] true=[3] merged=[3, 7]
111.3 fp=[7] true=[3] merged=[3, 7]
111.6 fp=[7] true=[3] merged=[3, 7]
111.9 fp=[7] true=[3] merged=[3, 7]
112.3 fp=[7] true=[3] merged=[3, 7]
112.6 fp=[7] true=[3] merged=[3, 7]
112.9 fp=[7] true=[3] merged=[3, 7]
113.2 fp=[7] true=[3] merged=[3, 7]
113.5 fp=[7] true=[3] merged=[3, 7]
113.8 fp=[7] true=[3] merged=[3, 7]
114.1 fp=[7] true=[3] merged=[3, 7]
114.5 fp=[7] true=[3] merged=[3, 7]
114.8 fp=[7] true=[3] merged=[3, 7]
115.1 fp=[7] true=[3] merged=[3, 7]
115.4 fp=[7] true=[3] merged=[3, 7]
115.7 fp=[7] true=[3] merged=[3, 7]
116.0 fp=[7] true=[3] merged=[3, 7]
116.3 fp=[7] true=[3] merged=[3, 7]
116.6 fp=[7] true=[3] merged=[3, 7]
116.9 fp=[7] true=[3] merged=[3, 7]
117.3 fp=[7] true=[3] merged=[3, 7]
117.6 fp=[7] true=[3] merged=[3, 7]
117.9 fp=[7] true=[3] merged=[3, 7]
118.2 fp=[7] true=[3] merged=[3, 7]
118.5 fp=[7] true=[3] merged=[3, 7]
118.8 fp=[7] true=[3] merged=[3, 7]
119.2 fp=[7] true=[3] merged=[3, 7]
119.5 fp=[7] true=[3] merged=[3, 7]
119.8 fp=[7] true=[3] merged=[3, 7]
120.1 fp=[7] true=[3] merged=[3, 7]
120.4 fp=[7] true=[3] merged=[3, 7]
120.7 fp=[7] true=[3] merged=[3, 7]
121.0 fp=[7] true=[3] merged=[3, 7]
121.3 fp=[7] true=[3] merged=[3, 7]
121.7 fp=[7] true=[3] merged=[3, 7]
122.0 fp=[7] true=[3] merged=[3, 7]
122.3 fp=[7] true=[3] merged=[3, 7]
122.6 fp=[7] true=[3] merged=[3, 7]
122.9 fp=[7] true=[3] merged=[3, 7]
123.2 fp=[7] true=[3] merged=[3, 7]
123.5 fp=[7] true=[3] merged=[3, 7]
123.9 fp=[7] true=[3] merged=[3, 7]
124.2 fp=[7] true=[3] merged=[3, 7]
124.5 fp=[7] true=[3] merged=[3, 7]
124.8 fp=[7] true=[3] merged=[3, 7]
125.1 fp=[7] true=[3] merged=[3, 7]
125.4 fp=[7] true=[3] merged=[3, 7]
125.7 fp=[7] true=[3] merged=[3, 7]
126.0 fp=[7] true=[3] merged=[3, 7]
126.3 fp=[7] true=[3] merged=[3, 7]
126.6 fp=[7] true=[3] merged=[3, 7]
126.9 fp=[7] true=[3] merged=[3, 7]
127.3 fp=[7] true=[3] merged=[3, 7]
127.6 fp=[7] true=[3] merged=[3, 7]
127.9 fp=[7] true=[3] merged=[3, 7]
128.2 fp=[7] true=[3] merged=[3, 7]
128.5 fp=[7] true=[3] merged=[3, 7]
128.8 fp=[7] true=[3] merged=[3, 7]
129.1 fp=[7] true=[3] merged=[3, 7]
129.4 fp=[7] true=[3] merged=[3, 7]
129.8 fp=[7] true=[3] merged=[3, 7]
130.1 fp=[7] true=[3] merged=[3, 7]
130.4 fp=[7] true=[3] merged=[3, 7]
130.7 fp=[7] true=[3] merged=[3, 7]
131.0 fp=[7] true=[3] merged=[3, 7]
131.3 fp=[7] true=[3] merged=[3, 7]
131.7 fp=[7] true=[3] merged=[3, 7]
132.0 fp=[7] true=[3] merged=[3, 7]
132.3 fp=[7] true=[3] merged=[3, 7]
132.6 fp=[7] true=[3] merged=[3, 7]
132.9 fp=[7] true=[3] merged=[3, 7]
133.2 fp=[7] true=[3] merged=[3, 7]
133.5 fp=[7] true=[3] merged=[3, 7]
133.8 fp=[7] true=[3] merged=[3, 7]
156.1 fp=[6] true=[3] merged=[3, 6]
156.4 fp=[6] true=[3] merged=[3, 6]
156.7 fp=[6] true=[3] merged=[3, 6]
157.0 fp=[6] true=[3] merged=[3, 6]
157.3 fp=[6] true=[3] merged=[3, 6]
157.7 fp=[6] true=[3] merged=[3, 6]
158.0 fp=[6] true=[3] merged=[3, 6]
158.3 fp=[6] true=[3] merged=[3, 6]
158.6 fp=[6] true=[3] merged=[3, 6]
158.9 fp=[6] true=[3] merged=[3, 6]
159.2 fp=[6] true=[3] merged=[3, 6]
159.5 fp=[6] true=[3] merged=[3, 6]
159.8 fp=[6] true=[3] merged=[3, 6]
160.2 fp=[6] true=[3] merged=[3, 6]
160.5 fp=[6] true=[3] merged=[3, 6]
160.8 fp=[6] true=[3] merged=[3, 6]
161.1 fp=[6] true=[3] merged=[3, 6]
161.4 fp=[6] true=[3] merged=[3, 6]
161.7 fp=[6] true=[3] merged=[3, 6]
162.0 fp=[6] true=[3] merged=[3, 6]
162.3 fp=[6] true=[3] merged=[3, 6]
162.7 fp=[6] true=[3] merged=[3, 6]
163.0 fp=[6] true=[3] merged=[3, 6]
163.3 fp=[6] true=[3] merged=[3, 6]
163.6 fp=[6] true=[3] merged=[3, 6]
163.9 fp=[6] true=[3] merged=[3, 6]
164.2 fp=[6] true=[3] merged=[3, 6]
164.5 fp=[6] true=[3] merged=[3, 6]
164.8 fp=[6] true=[3] merged=[3, 6]
165.1 fp=[6] true=[3] merged=[3, 6]
165.4 fp=[6] true=[3] merged=[3, 6]
165.8 fp=[6] true=[3] merged=[3, 6]
166.1 fp=[6] true=[3] merged=[3, 6]
166.4 fp=[6] true=[3] merged=[3, 6]
166.7 fp=[6] true=[3] merged=[3, 6]
167.0 fp=[6] true=[3] merged=[3, 6]
167.3 fp=[6] true=[3] merged=[3, 6]
167.6 fp=[6] true=[3] merged=[3, 6]
167.9 fp=[6] true=[3] merged=[3, 6]
168.3 fp=[6] true=[3] merged=[3, 6]
168.6 fp=[6] true=[3] merged=[3, 6]
168.9 fp=[6] true=[3] merged=[3, 6]
169.2 fp=[6] true=[3] merged=[3, 6]
169.5 fp=[6] true=[3] merged=[3, 6]
169.8 fp=[6] true=[3] merged=[3, 6]
170.1 fp=[6] true=[3] merged=[3, 6]
170.4 fp=[6] true=[3] merged=[3, 6]
170.7 fp=[6] true=[3] merged=[3, 6]
171.1 fp=[6] true=[3] merged=[3, 6]
171.4 fp=[6] true=[3] merged=[3, 6]
171.7 fp=[6] true=[3] merged=[3, 6]
172.0 fp=[6] true=[3] merged=[3, 6]
172.3 fp=[6] true=[3] merged=[3, 6]
172.6 fp=[6] true=[3] merged=[3, 6]
172.9 fp=[6] true=[3] merged=[3, 6]
173.2 fp=[5] true=[3] merged=[3, 5]
173.6 fp=[5] true=[3] merged=[3, 5]
173.9 fp=[5] true=[3] merged=[3, 5]
174.2 fp=[5] true=[3] merged=[3, 5]
174.5 fp=[5] true=[3] merged=[3, 5]
174.8 fp=[5] true=[3] merged=[3, 5]
175.1 fp=[5] true=[3] merged=[3, 5]
175.4 fp=[5] true=[3] merged=[3, 5]
175.8 fp=[5] true=[3] merged=[3, 5]
176.1 fp=[1] true=[3] merged=[1, 3]
176.4 fp=[1] true=[3] merged=[1, 3]
176.7 fp=[1] true=[3] merged=[1, 3]
177.0 fp=[1] true=[3] merged=[1, 3]
177.3 fp=[1] true=[3] merged=[1, 3]
177.6 fp=[1] true=[3] merged=[1, 3]
177.9 fp=[1] true=[3] merged=[1, 3]
178.3 fp=[1] true=[3] merged=[1, 3]
178.6 fp=[1] true=[3] merged=[1, 3]
178.9 fp=[1] true=[3] merged=[1, 3]
179.2 fp=[1] true=[3] merged=[1, 3]
179.5 fp=[1] true=[3] merged=[1, 3]
179.8 fp=[1] true=[3] merged=[1, 3]
180.1 fp=[1] true=[3] merged=[1, 3]
180.4 fp=[1] true=[3] merged=[1, 3]
180.8 fp=[1] true=[3] merged=[1, 3]
181.1 fp=[1] true=[3] merged=[1, 3]
181.4 fp=[1] true=[3] merged=[1, 3]
181.7 fp=[1] true=[3] merged=[1, 3]
182.0 fp=[1] true=[3] merged=[1, 3]
182.3 fp=[1] true=[3] merged=[1, 3]
182.6 fp=[1] true=[3] merged=[1, 3]
182.9 fp=[1] true=[3] merged=[1, 3]
183.2 fp=[1] true=[3] merged=[1, 3]
183.6 fp=[1] true=[3] merged=[1, 3]
183.9 fp=[1] true=[3] merged=[1, 3]
184.2 fp=[1] true=[3] merged=[1, 3]
184.5 fp=[1] true=[3] merged=[1, 3]
184.8 fp=[1] true=[3] merged=[1, 3]
185.1 fp=[1] true=[3] merged=[1, 3]
185.4 fp=[1] true=[3] merged=[1, 3]
185.8 fp=[1] true=[3] merged=[1, 3]
186.1 fp=[1] true=[3] merged=[1, 3]
186.4 fp=[1] true=[3] merged=[1, 3]
186.7 fp=[1] true=[3] merged=[1, 3]
187.0 fp=[1] true=[3] merged=[1, 3]
187.3 fp=[1] true=[3] merged=[1, 3]
187.7 fp=[1] true=[3] merged=[1, 3]
188.0 fp=[1] true=[3] merged=[1, 3]
188.3 fp=[1] true=[3] merged=[1, 3]
188.6 fp=[1] true=[3] merged=[1, 3]
188.9 fp=[1] true=[3] merged=[1, 3]
189.3 fp=[1] true=[3] merged=[1, 3]
189.6 fp=[1] true=[3] merged=[1, 3]
189.9 fp=[1] true=[3] merged=[1, 3]
190.2 fp=[1] true=[3] merged=[1, 3]
190.5 fp=[1] true=[3] merged=[1, 3]
190.8 fp=[1] true=[3] merged=[1, 3]
191.1 fp=[1] true=[3] merged=[1, 3]
191.4 fp=[1] true=[3] merged=[1, 3]
191.7 fp=[1] true=[3] merged=[1, 3]
192.1 fp=[1] true=[3] merged=[1, 3]
192.4 fp=[1] true=[3] merged=[1, 3]
192.7 fp=[1] true=[3] merged=[1, 3]
193.0 fp=[1] true=[3] merged=[1, 3]
193.3 fp=[1] true=[3] merged=[1, 3]
193.6 fp=[1] true=[3] merged=[1, 3]
193.9 fp=[1] true=[3] merged=[1, 3]
194.3 fp=[1] true=[3] merged=[1, 3]
194.6 fp=[1] true=[3] merged=[1, 3]
194.9 fp=[1] true=[3] merged=[1, 3]
195.2 fp=[1] true=[3] merged=[1, 3]
195.5 fp=[1] true=[3] merged=[1, 3]
195.8 fp=[1] true=[3] merged=[1, 3]
196.1 fp=[4] true=[3] merged=[3, 4]
196.5 fp=[4] true=[3] merged=[3, 4]
196.8 fp=[4] true=[3] merged=[3, 4]
197.1 fp=[4] true=[3] merged=[3, 4]
197.4 fp=[4] true=[3] merged=[3, 4]
197.7 fp=[4] true=[3] merged=[3, 4]
198.0 fp=[4] true=[3] merged=[3, 4]
198.4 fp=[4] true=[3] merged=[3, 4]
198.7 fp=[4] true=[3] merged=[3, 4]
199.0 fp=[4] true=[3] merged=[3, 4]
199.3 fp=[4] true=[3] merged=[3, 4]
199.7 fp=[4] true=[3] merged=[3, 4]
200.0 fp=[4] true=[3] merged=[3, 4]
200.3 fp=[4] true=[3] merged=[3, 4]
200.6 fp=[4] true=[3] merged=[3, 4]
200.9 fp=[4] true=[3] merged=[3, 4]
201.2 fp=[4] true=[3] merged=[3, 4]
201.5 fp=[4] true=[3] merged=[3, 4]
201.8 fp=[4] true=[3] merged=[3, 4]
202.2 fp=[4] true=[3] merged=[3, 4]
202.5 fp=[4] true=[3] merged=[3, 4]
202.8 fp=[4] true=[3] merged=[3, 4]
203.1 fp=[4] true=[3] merged=[3, 4]
203.4 fp=[4] true=[3] merged=[3, 4]
203.7 fp=[4] true=[3] merged=[3, 4]
204.0 fp=[4] true=[3] merged=[3, 4]
204.3 fp=[4] true=[3] merged=[3, 4]
204.7 fp=[4] true=[3] merged=[3, 4]
205.0 fp=[4] true=[3] merged=[3, 4]
205.3 fp=[2] true=[3] merged=[2, 3]
205.6 fp=[2] true=[3] merged=[2, 3]
205.9 fp=[2] true=[3] merged=[2, 3]
206.2 fp=[2] true=[3] merged=[2, 3]
206.5 fp=[2] true=[3] merged=[2, 3]
206.8 fp=[2] true=[3] merged=[2, 3]
207.1 fp=[2] true=[3] merged=[2, 3]
207.5 fp=[2] true=[3] merged=[2, 3]
207.8 fp=[2] true=[3] merged=[2, 3]
208.1 fp=[2] true=[3] merged=[2, 3]
208.4 fp=[2] true=[3] merged=[2, 3]
208.7 fp=[2] true=[3] merged=[2, 3]
209.0 fp=[2] true=[3] merged=[2, 3]
209.3 fp=[2] true=[3] merged=[2, 3]
209.6 fp=[2] true=[3] merged=[2, 3]
209.9 fp=[2] true=[3] merged=[2, 3]
210.3 fp=[2] true=[3] merged=[2, 3]
210.6 fp=[2] true=[3] merged=[2, 3]
210.9 fp=[2] true=[3] merged=[2, 3]
211.2 fp=[2] true=[3] merged=[2, 3]
211.5 fp=[2] true=[3] merged=[2, 3]
211.8 fp=[2] true=[3] merged=[2, 3]
212.2 fp=[2] true=[3] merged=[2, 3]
212.5 fp=[2] true=[3] merged=[2, 3]
212.8 fp=[2] true=[3] merged=[2, 3]
213.1 fp=[2] true=[3] merged=[2, 3]
213.4 fp=[2] true=[3] merged=[2, 3]
213.7 fp=[2] true=[3] merged=[2, 3]
214.0 fp=[2] true=[3] merged=[2, 3]
214.3 fp=[2] true=[3] merged=[2, 3]
214.7 fp=[2] true=[3] merged=[2, 3]
215.0 fp=[2] true=[3] merged=[2, 3]
215.3 fp=[2] true=[3] merged=[2, 3]
215.6 fp=[2] true=[3] merged=[2, 3]
215.9 fp=[2] true=[3] merged=[2, 3]
216.2 fp=[2] true=[3] merged=[2, 3]
216.6 fp=[2] true=[3] merged=[2, 3]
216.9 fp=[2] true=[3] merged=[2, 3]
217.2 fp=[2] true=[3] merged=[2, 3]
217.5 fp=[2] true=[3] merged=[2, 3]
217.8 fp=[2] true=[3] merged=[2, 3]
218.1 fp=[2] true=[3] merged=[2, 3]
218.4 fp=[2] true=[3] merged=[2, 3]
218.8 fp=[2] true=[3] merged=[2, 3]
219.1 fp=[2] true=[3] merged=[2, 3]
219.4 fp=[2] true=[3] merged=[2, 3]
219.7 fp=[2] true=[3] merged=[2, 3]
220.0 fp=[2] true=[3] merged=[2, 3]
220.3 fp=[2] true=[3] merged=[2, 3]
220.6 fp=[2] true=[3] merged=[2, 3]
220.9 fp=[2] true=[3] merged=[2, 3]
221.3 fp=[2] true=[3] merged=[2, 3]
221.6 fp=[2] true=[3] merged=[2, 3]
221.9 fp=[2] true=[3] merged=[2, 3]
222.2 fp=[2] true=[3] merged=[2, 3]
222.5 fp=[2] true=[3] merged=[2, 3]
222.8 fp=[2] true=[3] merged=[2, 3]
223.1 fp=[2] true=[3] merged=[2, 3]
223.4 fp=[2] true=[3] merged=[2, 3]
223.7 fp=[2] true=[3] merged=[2, 3]
224.1 fp=[2] true=[3] merged=[2, 3]
224.4 fp=[2] true=[3] merged=[2, 3]
224.7 fp=[2] true=[3] merged=[2, 3]
225.0 fp=[5] true=[3] merged=[3, 5]
225.3 fp=[5] true=[3] merged=[3, 5]
225.6 fp=[5] true=[3] merged=[3, 5]
225.9 fp=[5] true=[3] merged=[3, 5]
238.2 fp=[6] true=[3] merged=[3, 6]
238.6 fp=[6] true=[3] merged=[3, 6]
238.9 fp=[6] true=[3] merged=[3, 6]
239.2 fp=[6] true=[3] merged=[3, 6]
239.5 fp=[6] true=[3] merged=[3, 6]
239.8 fp=[6] true=[3] merged=[3, 6]
240.1 fp=[6] true=[3] merged=[3, 6]
240.4 fp=[6] true=[3] merged=[3, 6]
240.8 fp=[6] true=[3] merged=[3, 6]
241.1 fp=[6] true=[3] merged=[3, 6]
241.4 fp=[6] true=[3] merged=[3, 6]
241.7 fp=[6] true=[3] merged=[3, 6]
242.0 fp=[6] true=[3] merged=[3, 6]
242.3 fp=[6] true=[3] merged=[3, 6]
242.6 fp=[6] true=[3] merged=[3, 6]
243.0 fp=[6] true=[3] merged=[3, 6]
243.3 fp=[6] true=[3] merged=[3, 6]
243.6 fp=[6] true=[3] merged=[3, 6]
243.9 fp=[6] true=[3] merged=[3, 6]
244.2 fp=[6] true=[3] merged=[3, 6]
244.5 fp=[6] true=[3] merged=[3, 6]
244.8 fp=[6] true=[3] merged=[3, 6]
245.2 fp=[6] true=[3] merged=[3, 6]
245.5 fp=[6] true=[3] merged=[3, 6]
245.8 fp=[6] true=[3] merged=[3, 6]
246.1 fp=[6] true=[3] merged=[3, 6]
246.4 fp=[6] true=[3] merged=[3, 6]
246.7 fp=[6] true=[3] merged=[3, 6]
247.0 fp=[6] true=[3] merged=[3, 6]
247.3 fp=[6] true=[3] merged=[3, 6]
247.7 fp=[6] true=[3] merged=[3, 6]
248.0 fp=[6] true=[3] merged=[3, 6]
248.3 fp=[6] true=[3] merged=[3, 6]
248.6 fp=[6] true=[3] merged=[3, 6]
248.9 fp=[6] true=[3] merged=[3, 6]
249.2 fp=[6] true=[3] merged=[3, 6]
249.5 fp=[6] true=[3] merged=[3, 6]
249.8 fp=[6] true=[3] merged=[3, 6]
250.2 fp=[6] true=[3] merged=[3, 6]
250.5 fp=[6] true=[3] merged=[3, 6]
250.8 fp=[6] true=[3] merged=[3, 6]
251.1 fp=[6] true=[3] merged=[3, 6]
251.4 fp=[6] true=[3] merged=[3, 6]
251.7 fp=[6] true=[3] merged=[3, 6]
252.0 fp=[6] true=[3] merged=[3, 6]
252.3 fp=[6] true=[3] merged=[3, 6]
252.6 fp=[6] true=[3] merged=[3, 6]
253.0 fp=[6] true=[3] merged=[3, 6]
253.3 fp=[6] true=[3] merged=[3, 6]
253.6 fp=[6] true=[3] merged=[3, 6]
253.9 fp=[6] true=[3] merged=[3, 6]
254.2 fp=[6] true=[3] merged=[3, 6]
254.5 fp=[6] true=[3] merged=[3, 6]
254.8 fp=[6] true=[3] merged=[3, 6]
255.1 fp=[6] true=[3] merged=[3, 6]
255.4 fp=[6] true=[3] merged=[3, 6]
255.8 fp=[6] true=[3] merged=[3, 6]
256.1 fp=[6] true=[3] merged=[3, 6]
256.4 fp=[6] true=[3] merged=[3, 6]
256.7 fp=[6] true=[3] merged=[3, 6]
257.0 fp=[6] true=[3] merged=[3, 6]
257.3 fp=[6] true=[3] merged=[3, 6]
257.6 fp=[6] true=[3] merged=[3, 6]
257.9 fp=[6] true=[3] merged=[3, 6]
284.2 fp=[1] true=[3] merged=[1, 3]
284.5 fp=[1] true=[3] merged=[1, 3]
284.8 fp=[1] true=[3] merged=[1, 3]
285.2 fp=[1] true=[3] merged=[1, 3]
285.5 fp=[1] true=[3] merged=[1, 3]
285.8 fp=[1] true=[3] merged=[1, 3]
286.1 fp=[1] true=[3] merged=[1, 3]
286.4 fp=[1] true=[3] merged=[1, 3]
286.7 fp=[1] true=[3] merged=[1, 3]
287.0 fp=[1] true=[3] merged=[1, 3]
287.4 fp=[1] true=[3] merged=[1, 3]
287.7 fp=[1] true=[3] merged=[1, 3]
288.0 fp=[1] true=[3] merged=[1, 3]
288.3 fp=[1] true=[3] merged=[1, 3]
288.6 fp=[1] true=[3] merged=[1, 3]
288.9 fp=[1] true=[3] merged=[1, 3]
289.2 fp=[1] true=[3] merged=[1, 3]
289.6 fp=[1] true=[3] merged=[1, 3]
289.9 fp=[1] true=[3] merged=[1, 3]
290.2 fp=[1] true=[3] merged=[1, 3]
290.5 fp=[1] true=[3] merged=[1, 3]
290.8 fp=[1] true=[3] merged=[1, 3]
291.2 fp=[1] true=[3] merged=[1, 3]
291.5 fp=[1] true=[3] merged=[1, 3]
291.8 fp=[1] true=[3] merged=[1, 3]
292.1 fp=[1] true=[3] merged=[1, 3]
292.4 fp=[1] true=[3] merged=[1, 3]
292.7 fp=[1] true=[3] merged=[1, 3]
293.0 fp=[1] true=[3] merged=[1, 3]
293.3 fp=[1] true=[3] merged=[1, 3]
293.7 fp=[1] true=[3] merged=[1, 3]
294.0 fp=[1] true=[3] merged=[1, 3]
294.3 fp=[1] true=[3] merged=[1, 3]
294.6 fp=[1] true=[3] merged=[1, 3]
294.9 fp=[1] true=[3] merged=[1, 3]
295.2 fp=[1] true=[3] merged=[1, 3]
295.5 fp=[1] true=[3] merged=[1, 3]
295.8 fp=[1] true=[3] merged=[1, 3]
296.1 fp=[1] true=[3] merged=[1, 3]
296.5 fp=[1] true=[3] merged=[1, 3]
296.8 fp=[1] true=[3] merged=[1, 3]
297.1 fp=[1] true=[3] merged=[1, 3]
297.4 fp=[1] true=[3] merged=[1, 3]
297.7 fp=[1] true=[3] merged=[1, 3]
298.0 fp=[1] true=[3] merged=[1, 3]
298.4 fp=[1] true=[3] merged=[1, 3]
298.7 fp=[1] true=[3] merged=[1, 3]
299.0 fp=[1] true=[3] merged=[1, 3]
299.3 fp=[1] true=[3] merged=[1, 3]
299.6 fp=[1] true=[3] merged=[1, 3]
299.9 fp=[1] true=[3] merged=[1, 3]
300.2 fp=[1] true=[3] merged=[1, 3]
300.6 fp=[1] true=[3] merged=[1, 3]
300.9 fp=[1] true=[3] merged=[1, 3]
301.2 fp=[1] true=[3] merged=[1, 3]
301.5 fp=[1] true=[3] merged=[1, 3]
301.8 fp=[1] true=[3] merged=[1, 3]
302.1 fp=[1] true=[3] merged=[1, 3]
302.4 fp=[1] true=[3] merged=[1, 3]
302.8 fp=[1] true=[3] merged=[1, 3]
303.1 fp=[1] true=[3] merged=[1, 3]
303.4 fp=[1] true=[3] merged=[1, 3]
303.7 fp=[1] true=[3] merged=[1, 3]
304.0 fp=[1] true=[3] merged=[1, 3]
304.3 fp=[1] true=[3] merged=[1, 3]
304.7 fp=[1] true=[3] merged=[1, 3]
305.0 fp=[1] true=[3] merged=[1, 3]
305.3 fp=[1] true=[3] merged=[1, 3]
305.6 fp=[1] true=[3] merged=[1, 3]
305.9 fp=[1] true=[3] merged=[1, 3]
306.2 fp=[1] true=[3] merged=[1, 3]
306.5 fp=[1] true=[3] merged=[1, 3]
306.8 fp=[1] true=[3] merged=[1, 3]
307.2 fp=[1] true=[3] merged=[1, 3]
307.5 fp=[1] true=[3] merged=[1, 3]
307.8 fp=[1] true=[3] merged=[1, 3]
308.1 fp=[1] true=[3] merged=[1, 3]
308.4 fp=[1] true=[3] merged=[1, 3]
308.7 fp=[1] true=[3] merged=[1, 3]
309.0 fp=[1] true=[3] merged=[1, 3]
309.4 fp=[1] true=[3] merged=[1, 3]
309.7 fp=[1] true=[3] merged=[1, 3]
310.0 fp=[1] true=[3] merged=[1, 3]
310.3 fp=[1] true=[3] merged=[1, 3]
310.6 fp=[1] true=[3] merged=[1, 3]
310.9 fp=[1] true=[3] merged=[1, 3]
311.2 fp=[1] true=[3] merged=[1, 3]
311.6 fp=[1] true=[3] merged=[1, 3]
311.9 fp=[1] true=[3] merged=[1, 3]
312.2 fp=[1] true=[3] merged=[1, 3]
312.5 fp=[1] true=[3] merged=[1, 3]
312.8 fp=[1] true=[3] merged=[1, 3]
313.1 fp=[1] true=[3] merged=[1, 3]
313.4 fp=[1] true=[3] merged=[1, 3]
313.7 fp=[1] true=[3] merged=[1, 3]
314.0 fp=[1] true=[3] merged=[1, 3]
314.3 fp=[1] true=[3] merged=[1, 3]
314.7 fp=[1] true=[3] merged=[1, 3]
315.0 fp=[1] true=[3] merged=[1, 3]
315.3 fp=[1] true=[3] merged=[1, 3]
315.6 fp=[1] true=[3] merged=[1, 3]
315.9 fp=[1] true=[3] merged=[1, 3]
316.2 fp=[1] true=[3] merged=[1, 3]
316.5 fp=[1] true=[3] merged=[1, 3]
316.8 fp=[1] true=[3] merged=[1, 3]
317.1 fp=[1] true=[3] merged=[1, 3]
317.5 fp=[1] true=[3] merged=[1, 3]
317.8 fp=[1] true=[3] merged=[1, 3]
318.1 fp=[1] true=[3] merged=[1, 3]
318.4 fp=[1] true=[3] merged=[1, 3]
318.7 fp=[1] true=[3] merged=[1, 3]
319.0 fp=[1] true=[3] merged=[1, 3]
319.3 fp=[1] true=[3] merged=[1, 3]
319.7 fp=[1] true=[3] merged=[1, 3]
320.0 fp=[1] true=[3] merged=[1, 3]
320.3 fp=[1] true=[3] merged=[1, 3]
320.6 fp=[1] true=[3] merged=[1, 3]
320.9 fp=[1] true=[3] merged=[1, 3]
321.2 fp=[1] true=[3] merged=[1, 3]
321.5 fp=[1] true=[3] merged=[1, 3]
321.8 fp=[1] true=[3] merged=[1, 3]
322.2 fp=[2] true=[3] merged=[2, 3]
322.5 fp=[2] true=[3] merged=[2, 3]
322.8 fp=[2] true=[3] merged=[2, 3]
323.1 fp=[2] true=[3] merged=[2, 3]
323.4 fp=[2] true=[3] merged=[2, 3]
323.7 fp=[2] true=[3] merged=[2, 3]
324.0 fp=[2] true=[3] merged=[2, 3]
324.3 fp=[2] true=[3] merged=[2, 3]
324.7 fp=[2] true=[3] merged=[2, 3]
325.0 fp=[2] true=[3] merged=[2, 3]
325.3 fp=[2] true=[3] merged=[2, 3]
325.6 fp=[2] true=[3] merged=[2, 3]
325.9 fp=[2] true=[3] merged=[2, 3]
326.2 fp=[2] true=[3] merged=[2, 3]
326.5 fp=[2] true=[3] merged=[2, 3]
326.9 fp=[2] true=[3] merged=[2, 3]
327.2 fp=[2] true=[3] merged=[2, 3]
327.5 fp=[2] true=[3] merged=[2, 3]
327.8 fp=[2] true=[3] merged=[2, 3]
328.1 fp=[2] true=[3] merged=[2, 3]
328.4 fp=[2] true=[3] merged=[2, 3]
328.8 fp=[2] true=[3] merged=[2, 3]
329.1 fp=[2] true=[3] merged=[2, 3]
329.4 fp=[2] true=[3] merged=[2, 3]
329.7 fp=[2] true=[3] merged=[2, 3]
330.0 fp=[2] true=[3] merged=[2, 3]
330.3 fp=[2] true=[3] merged=[2, 3]
330.6 fp=[2] true=[3] merged=[2, 3]
331.0 fp=[2] true=[3] merged=[2, 3]
331.3 fp=[2] true=[3] merged=[2, 3]
331.6 fp=[2] true=[3] merged=[2, 3]
331.9 fp=[2] true=[3] merged=[2, 3]
332.2 fp=[2] true=[3] merged=[2, 3]
332.5 fp=[2] true=[3] merged=[2, 3]
332.8 fp=[2] true=[3] merged=[2, 3]
333.1 fp=[2] true=[3] merged=[2, 3]
333.4 fp=[2] true=[3] merged=[2, 3]
333.7 fp=[2] true=[3] merged=[2, 3]
334.1 fp=[2] true=[3] merged=[2, 3]
334.4 fp=[2] true=[3] merged=[2, 3]
334.7 fp=[2] true=[3] merged=[2, 3]
335.0 fp=[2] true=[3] merged=[2, 3]
335.3 fp=[2] true=[3] merged=[2, 3]
335.6 fp=[2] true=[3] merged=[2, 3]
336.0 fp=[2] true=[3] merged=[2, 3]
336.3 fp=[2] true=[3] merged=[2, 3]
336.6 fp=[2] true=[3] merged=[2, 3]
336.9 fp=[2] true=[3] merged=[2, 3]
337.2 fp=[2] true=[3] merged=[2, 3]
337.5 fp=[2] true=[3] merged=[2, 3]
337.9 fp=[2] true=[3] merged=[2, 3]
338.2 fp=[2] true=[3] merged=[2, 3]
338.5 fp=[2] true=[3] merged=[2, 3]
338.8 fp=[2] true=[3] merged=[2, 3]
339.1 fp=[2] true=[3] merged=[2, 3]
339.4 fp=[2] true=[3] merged=[2, 3]
339.7 fp=[2] true=[3] merged=[2, 3]
340.0 fp=[2] true=[3] merged=[2, 3]
340.3 fp=[2] true=[3] merged=[2, 3]
340.7 fp=[2] true=[3] merged=[2, 3]
341.0 fp=[2] true=[3] merged=[2, 3]
341.3 fp=[2] true=[3] merged=[2, 3]
341.6 fp=[2] true=[3] merged=[2, 3]
341.9 fp=[2] true=[3] merged=[2, 3]
342.2 fp=[2] true=[3] merged=[2, 3]
342.5 fp=[2] true=[3] merged=[2, 3]
342.8 fp=[2] true=[3] merged=[2, 3]
343.1 fp=[2] true=[3] merged=[2, 3]
343.4 fp=[2] true=[3] merged=[2, 3]
343.7 fp=[2] true=[3] merged=[2, 3]
344.1 fp=[2] true=[3] merged=[2, 3]
344.4 fp=[2] true=[3] merged=[2, 3]
344.7 fp=[2] true=[3] merged=[2, 3]
345.0 fp=[2] true=[3] merged=[2, 3]
345.3 fp=[2] true=[3] merged=[2, 3]
345.6 fp=[2] true=[3] merged=[2, 3]
346.0 fp=[2] true=[3] merged=[2, 3]
346.3 fp=[2] true=[3] merged=[2, 3]
346.6 fp=[2] true=[3] merged=[2, 3]
346.9 fp=[2] true=[3] merged=[2, 3]
347.2 fp=[2] true=[3] merged=[2, 3]
347.5 fp=[2] true=[3] merged=[2, 3]
347.8 fp=[2] true=[3] merged=[2, 3]
355.3 fp=[5] true=[3] merged=[3, 5]
355.6 fp=[5] true=[3] merged=[3, 5]
355.9 fp=[5] true=[3] merged=[3, 5]
356.2 fp=[5] true=[3] merged=[3, 5]
356.5 fp=[5] true=[3] merged=[3, 5]
356.8 fp=[5] true=[3] merged=[3, 5]
357.2 fp=[5] true=[3] merged=[3, 5]
357.5 fp=[5] true=[3] merged=[3, 5]
357.8 fp=[5] true=[3] merged=[3, 5]
358.1 fp=[5] true=[3] merged=[3, 5]
358.4 fp=[5] true=[3] merged=[3, 5]
358.7 fp=[5] true=[3] merged=[3, 5]
359.0 fp=[5] true=[3] merged=[3, 5]
359.4 fp=[5] true=[3] merged=[3, 5]
359.7 fp=[5] true=[3] merged=[3, 5]
360.0 fp=[5] true=[3] merged=[3, 5]
360.3 fp=[5] true=[3] merged=[3, 5]
360.6 fp=[5] true=[3] merged=[3, 5]
360.9 fp=[5] true=[3] merged=[3, 5]
361.2 fp=[5] true=[3] merged=[3, 5]
361.6 fp=[5] true=[3] merged=[3, 5]
361.9 fp=[5] true=[3] merged=[3, 5]
362.2 fp=[5] true=[3] merged=[3, 5]
362.5 fp=[5] true=[3] merged=[3, 5]
362.8 fp=[5] true=[3] merged=[3, 5]
363.1 fp=[5] true=[3] merged=[3, 5]
363.4 fp=[5] true=[3] merged=[3, 5]
363.7 fp=[5] true=[3] merged=[3, 5]
364.0 fp=[5] true=[3] merged=[3, 5]
364.4 fp=[5] true=[3] merged=[3, 5]
364.7 fp=[5] true=[3] merged=[3, 5]
365.0 fp=[5] true=[3] merged=[3, 5]
365.3 fp=[5] true=[3] merged=[3, 5]
365.6 fp=[5] true=[3] merged=[3, 5]
365.9 fp=[5] true=[3] merged=[3, 5]
366.3 fp=[5] true=[3] merged=[3, 5]
366.6 fp=[5] true=[3] merged=[3, 5]
366.9 fp=[5] true=[3] merged=[3, 5]
367.2 fp=[5] true=[3] merged=[3, 5]
367.5 fp=[5] true=[3] merged=[3, 5]
367.8 fp=[5] true=[3] merged=[3, 5]
368.1 fp=[5] true=[3] merged=[3, 5]
368.4 fp=[5] true=[3] merged=[3, 5]
368.7 fp=[5] true=[3] merged=[3, 5]
369.1 fp=[5] true=[3] merged=[3, 5]
369.4 fp=[5] true=[3] merged=[3, 5]
369.7 fp=[5] true=[3] merged=[3, 5]
370.0 fp=[5] true=[3] merged=[3, 5]
370.3 fp=[5] true=[3] merged=[3, 5]
370.6 fp=[5] true=[3] merged=[3, 5]
371.0 fp=[5] true=[3] merged=[3, 5]
371.3 fp=[5] true=[3] merged=[3, 5]
371.6 fp=[5] true=[3] merged=[3, 5]
371.9 fp=[5] true=[3] merged=[3, 5]
372.2 fp=[5] true=[3] merged=[3, 5]
372.5 fp=[5] true=[3] merged=[3, 5]
372.8 fp=[5] true=[3] merged=[3, 5]
373.2 fp=[5] true=[3] merged=[3, 5]
373.5 fp=[5] true=[3] merged=[3, 5]
373.8 fp=[5] true=[3] merged=[3, 5]
374.1 fp=[5] true=[3] merged=[3, 5]
374.4 fp=[5] true=[3] merged=[3, 5]
374.7 fp=[5] true=[3] merged=[3, 5]
