# start rate=20 seed=2 dur=420 n=7 target=3 events=77
2.2 fp=[1] true=[3] merged=[1, 3]
2.5 fp=[1] true=[3] merged=[1, 3]
2.8 fp=[1] true=[3] merged=[1, 3]
3.2 fp=[1] true=[3] merged=[1, 3]
3.5 fp=[1] true=[3] merged=[1, 3]
3.8 fp=[1] true=[3] merged=[1, 3]
4.1 fp=[1] true=[3] merged=[1, 3]
4.4 fp=[1] true=[3] merged=[1, 3]
4.8 fp=[1] true=[3] merged=[1, 3]
5.1 fp=[1] true=[3] merged=[1, 3]
5.4 fp=[1] true=[3] merged=[1, 3]
5.7 fp=[1] true=[3] merged=[1, 3]
6.0 fp=[1] true=[3] merged=[1, 3]
6.3 fp=[1] true=[3] merged=[1, 3]
6.6 fp=[1] true=[3] merged=[1, 3]
6.9 fp=[1] true=[3] merged=[1, 3]
7.2 fp=[1] true=[3] merged=[1, 3]
7.5 fp=[1] true=[3] merged=[1, 3]
7.8 fp=[1] true=[3] merged=[1, 3]
8.2 fp=[1] true=[3] merged=[1, 3]
8.5 fp=[1] true=[3] merged=[1, 3]
8.8 fp=[1] true=[3] merged=[1, 3]
9.1 fp=[1] true=[3] merged=[1, 3]
9.4 fp=[1] true=[3] merged=[1, 3]
9.7 fp=[1] true=[3] merged=[1, 3]
10.0 fp=[1] true=[3] merged=[1, 3]
10.3 fp=[1] true=[3] merged=[1, 3]
10.7 fp=[1] true=[3] merged=[1, 3]
11.0 fp=[1] true=[3] merged=[1, 3]
11.3 fp=[1] true=[3] merged=[1, 3]
11.6 fp=[1] true=[3] merged=[1, 3]
11.9 fp=[1] true=[3] merged=[1, 3]
12.2 fp=[1] true=[3] merged=[1, 3]
12.5 fp=[1] true=[3] merged=[1, 3]
12.8 fp=[1] true=[3] merged=[1, 3]
13.2 fp=[1] true=[3] merged=[1, 3]
13.5 fp=[1] true=[3] merged=[1, 3]
13.8 fp=[1] true=[3] merged=[1, 3]
14.1 fp=[1] true=[3] merged=[1, 3]
14.4 fp=[1] true=[3] merged=[1, 3]
14.7 fp=[1] true=[3] merged=[1, 3]
15.0 fp=[1] true=[3] merged=[1, 3]
15.4 fp=[1] true=[3] merged=[1, 3]
15.7 fp=[1] true=[3] merged=[1, 3]
16.0 fp=[1] true=[3] merged=[1, 3]
16.3 fp=[1] true=[3] merged=[1, 3]
16.6 fp=[1] true=[3] merged=[1, 3]
16.9 fp=[1] true=[3] merged=[1, 3]
17.2 fp=[1] true=[3] merged=[1, 3]
17.5 fp=[1] true=[3] merged=[1, 3]
17.8 fp=[1] true=[3] merged=[1, 3]
18.2 fp=[1] true=[3] merged=[1, 3]
18.5 fp=[1] true=[3] merged=[1, 3]
18.8 fp=[1] true=[3] merged=[1, 3]
19.1 fp=[1] true=[3] merged=[1, 3]
19.4 fp=[1] true=[3] merged=[1, 3]
19.7 fp=[1] true=[3] merged=[1, 3]
20.0 fp=[1] true=[3] merged=[1, 3]
20.3 fp=[1] true=[3] merged=[1, 3]
20.7 fp=[1] true=[3] merged=[1, 3]
21.0 fp=[1] true=[3] merged=[1, 3]
21.3 fp=[1] true=[3] merged=[1, 3]
21.6 fp=[1] true=[3] merged=[1, 3]
21.9 fp=[1] true=[3] merged=[1, 3]
25.0 fp=[5] true=[3] merged=[3, 5]
25.3 fp=[5] true=[3] merged=[3, 5]
25.6 fp=[5] true=[3] merged=[3, 5]
26.0 fp=[5] true=[3] merged=[3, 5]
26.3 fp=[5] true=[3] merged=[3, 5]
26.6 fp=[5] true=[3] merged=[3, 5]
26.9 fp=[5] true=[3] merged=[3, 5]
27.2 fp=[5] true=[3] merged=[3, 5]
27.5 fp=[5] true=[3] merged=[3, 5]
27.8 fp=[5] true=[3] merged=[3, 5]
28.1 fp=[5] true=[3] merged=[3, 5]
28.5 fp=[5] true=[3] merged=[3, 5]
28.8 fp=[5] true=[3] merged=[3, 5]
29.1 fp=[5] true=[3] merged=[3, 5]
29.4 fp=[5] true=[3] merged=[3, 5]
29.7 fp=[5] true=[3] merged=[3, 5]
30.0 fp=[4] true=[3] merged=[3, 4]
30.3 fp=[4] true=[3] merged=[3, 4]
30.6 fp=[4] true=[3] merged=[3, 4]
31.0 fp=[4] true=[3] merged=[3, 4]
31.3 fp=[4] true=[3] merged=[3, 4]
31.6 fp=[4] true=[3] merged=[3, 4]
31.9 fp=[4] true=[3] merged=[3, 4]
32.2 fp=[4] true=[3] merged=[3, 4]
32.5 fp=[4] true=[3] merged=[3, 4]
32.8 fp=[4] true=[3] merged=[3, 4]
33.1 fp=[4] true=[3] merged=[3, 4]
33.5 fp=[4] true=[3] merged=[3, 4]
33.8 fp=[4] true=[3] merged=[3, 4]
34.1 fp=[4] true=[3] merged=[3, 4]
34.4 fp=[4] true=[3] merged=[3, 4]
34.7 fp=[4] true=[3] merged=[3, 4]
35.0 fp=[4] true=[3] merged=[3, 4]
35.3 fp=[4] true=[3] merged=[3, 4]
35.6 fp=[4] true=[3] merged=[3, 4]
35.9 fp=[4] true=[3] merged=[3, 4]
36.3 fp=[4] true=[3] merged=[3, 4]
36.6 fp=[4] true=[3] merged=[3, 4]
36.9 fp=[4] true=[3] merged=[3, 4]
37.2 fp=[4] true=[3] merged=[3, 4]
37.5 fp=[4] true=[3] merged=[3, 4]
37.8 fp=[4] true=[3] merged=[3, 4]
38.1 fp=[4] true=[3] merged=[3, 4]
38.4 fp=[4] true=[3] merged=[3, 4]
38.8 fp=[4] true=[3] merged=[3, 4]
39.1 fp=[1] true=[3] merged=[1, 3]
39.4 fp=[1] true=[3] merged=[1, 3]
39.7 fp=[1] true=[3] merged=[1, 3]
40.0 fp=[1] true=[3] merged=[1, 3]
40.3 fp=[1] true=[3] merged=[1, 3]
40.6 fp=[1] true=[3] merged=[1, 3]
40.9 fp=[1] true=[3] merged=[1, 3]
41.2 fp=[1] true=[3] merged=[1, 3]
41.5 fp=[1] true=[3] merged=[1, 3]
41.9 fp=[1] true=[3] merged=[1, 3]
42.2 fp=[1] true=[3] merged=[1, 3]
42.5 fp=[1] true=[3] merged=[1, 3]
42.8 fp=[1] true=[3] merged=[1, 3]
43.1 fp=[1] true=[3] merged=[1, 3]
43.5 fp=[1] true=[3] merged=[1, 3]
43.8 fp=[1] true=[3] merged=[1, 3]
44.1 fp=[1] true=[3] merged=[1, 3]
44.5 fp=[1] true=[3] merged=[1, 3]
44.8 fp=[1] true=[3] merged=[1, 3]
45.1 fp=[1] true=[3] merged=[1, 3]
45.4 fp=[1] true=[3] merged=[1, 3]
45.7 fp=[1] true=[3] merged=[1, 3]
46.1 fp=[1] true=[3] merged=[1, 3]
46.4 fp=[1] true=[3] merged=[1, 3]
46.7 fp=[1] true=[3] merged=[1, 3]
47.0 fp=[1] true=[3] merged=[1, 3]
47.3 fp=[1] true=[3] merged=[1, 3]
47.6 fp=[1] true=[3] merged=[1, 3]
47.9 fp=[1] true=[3] merged=[1, 3]
48.2 fp=[1] true=[3] merged=[1, 3]
48.5 fp=[1] true=[3] merged=[1, 3]
48.8 fp=[1] true=[3] merged=[1, 3]
49.2 fp=[1] true=[3] merged=[1, 3]
49.5 fp=[1] true=[3] merged=[1, 3]
49.8 fp=[1] true=[3] merged=[1, 3]
50.1 fp=[1] true=[3] merged=[1, 3]
50.4 fp=[1] true=[3] merged=[1, 3]
50.7 fp=[1] true=[3] merged=[1, 3]
51.0 fp=[1] true=[3] merged=[1, 3]
51.3 fp=[1] true=[3] merged=[1, 3]
51.6 fp=[1] true=[3] merged=[1, 3]
52.0 fp=[1] true=[3] merged=[1, 3]
52.3 fp=[1] true=[3] merged=[1, 3]
52.6 fp=[1] true=[3] merged=[1, 3]
52.9 fp=[1] true=[3] merged=[1, 3]
53.2 fp=[1] true=[3] merged=[1, 3]
53.6 fp=[1] true=[3] merged=[1, 3]
53.9 fp=[1] true=[3] merged=[1, 3]
54.2 fp=[1] true=[3] merged=[1, 3]
54.5 fp=[1] true=[3] merged=[1, 3]
54.8 fp=[1] true=[3] merged=[1, 3]
55.1 fp=[1] true=[3] merged=[1, 3]
55.4 fp=[1] true=[3] merged=[1, 3]
55.8 fp=[1] true=[3] merged=[1, 3]
56.1 fp=[1] true=[3] merged=[1, 3]
56.4 fp=[1] true=[3] merged=[1, 3]
56.7 fp=[1] true=[3] merged=[1, 3]
57.0 fp=[1] true=[3] merged=[1, 3]
57.3 fp=[1] true=[3] merged=[1, 3]
57.6 fp=[1] true=[3] merged=[1, 3]
57.9 fp=[1] true=[3] merged=[1, 3]
58.3 fp=[1] true=[3] merged=[1, 3]
58.6 fp=[1] true=[3] merged=[1, 3]
58.9 fp=[1] true=[3] merged=[1, 3]
59.2 fp=[1] true=[3] merged=[1, 3]
59.5 fp=[1] true=[3] merged=[1, 3]
59.8 fp=[1] true=[3] merged=[1, 3]
60.1 fp=[1] true=[3] merged=[1, 3]
60.4 fp=[1] true=[3] merged=[1, 3]
60.7 fp=[1] true=[3] merged=[1, 3]
61.1 fp=[1] true=[3] merged=[1, 3]
61.4 fp=[1] true=[3] merged=[1, 3]
61.7 fp=[1] true=[3] merged=[1, 3]
62.0 fp=[1] true=[3] merged=[1, 3]
62.3 fp=[1] true=[3] merged=[1, 3]
62.6 fp=[1] true=[3] merged=[1, 3]
62.9 fp=[1] true=[3] merged=[1, 3]
63.2 fp=[1] true=[3] merged=[1, 3]
63.6 fp=[1] true=[3] merged=[1, 3]
63.9 fp=[1] true=[3] merged=[1, 3]
64.2 fp=[1] true=[3] merged=[1, 3]
64.6 fp=[1] true=[3] merged=[1, 3]
64.9 fp=[1] true=[3] merged=[1, 3]
65.2 fp=[1] true=[3] merged=[1, 3]
65.5 fp=[1] true=[3] merged=[1, 3]
65.8 fp=[1] true=[3] merged=[1, 3]
66.1 fp=[1] true=[3] merged=[1, 3]
66.4 fp=[1] true=[3] merged=[1, 3]
66.7 fp=[1] true=[3] merged=[1, 3]
67.0 fp=[1] true=[3] merged=[1, 3]
67.3 fp=[1] true=[3] merged=[1, 3]
67.7 fp=[1] true=[3] merged=[1, 3]
68.0 fp=[1] true=[3] merged=[1, 3]
68.3 fp=[1] true=[3] merged=[1, 3]
68.6 fp=[1] true=[3] merged=[1, 3]
68.9 fp=[1] true=[3] merged=[1, 3]
69.2 fp=[1] true=[3] merged=[1, 3]
69.6 fp=[1] true=[3] merged=[1, 3]
69.9 fp=[1] true=[3] merged=[1, 3]
70.2 fp=[1] true=[3] merged=[1, 3]
70.5 fp=[1] true=[3] merged=[1, 3]
70.8 fp=[1] true=[3] merged=[1, 3]
71.1 fp=[1] true=[3] merged=[1, 3]
71.4 fp=[1] true=[3] merged=[1, 3]
71.7 fp=[1] true=[3] merged=[1, 3]
72.1 fp=[1] true=[3] merged=[1, 3]
72.5 fp=[1] true=[3] merged=[1, 3]
72.8 fp=[1] true=[3] merged=[1, 3]
73.1 fp=[1] true=[3] merged=[1, 3]
73.4 fp=[1] true=[3] merged=[1, 3]
73.7 fp=[1] true=[3] merged=[1, 3]
74.0 fp=[1] true=[3] merged=[1, 3]
74.3 fp=[1] true=[3] merged=[1, 3]
74.7 fp=[1] true=[3] merged=[1, 3]
75.0 fp=[1] true=[3] merged=[1, 3]
75.3 fp=[1] true=[3] merged=[1, 3]
75.7 fp=[1] true=[3] merged=[1, 3]
76.0 fp=[1] true=[3] merged=[1, 3]
76.3 fp=[1] true=[3] merged=[1, 3]
76.6 fp=[1] true=[3] merged=[1, 3]
76.9 fp=[1] true=[3] merged=[1, 3]
77.2 fp=[1] true=[3] merged=[1, 3]
77.5 fp=[1] true=[3] merged=[1, 3]
77.8 fp=[1] true=[3] merged=[1, 3]
78.1 fp=[1] true=[3] merged=[1, 3]
78.5 fp=[1] true=[3] merged=[1, 3]
78.8 fp=[1] true=[3] merged=[1, 3]
79.1 fp=[1] true=[3] merged=[1, 3]
79.4 fp=[1] true=[3] merged=[1, 3]
79.7 fp=[1] true=[3] merged=[1, 3]
80.0 fp=[1] true=[3] merged=[1, 3]
80.3 fp=[1] true=[3] merged=[1, 3]
80.6 fp=[1] true=[3] merged=[1, 3]
81.0 fp=[1] true=[3] merged=[1, 3]
81.3 fp=[1] true=[3] merged=[1, 3]
81.6 fp=[1] true=[3] merged=[1, 3]
81.9 fp=[1] true=[3] merged=[1, 3]
82.2 fp=[1] true=[3] merged=[1, 3]
82.5 fp=[1] true=[3] merged=[1, 3]
82.8 fp=[1] true=[3] merged=[1, 3]
83.1 fp=[1] true=[3] merged=[1, 3]
83.4 fp=[1] true=[3] merged=[1, 3]
83.8 fp=[1] true=[3] merged=[1, 3]
84.1 fp=[1] true=[3] merged=[1, 3]
84.4 fp=[1] true=[3] merged=[1, 3]
84.7 fp=[1] true=[3] merged=[1, 3]
85.0 fp=[1] true=[3] merged=[1, 3]
85.3 fp=[1] true=[3] merged=[1, 3]
85.7 fp=[1] true=[3] merged=[1, 3]
86.0 fp=[1] true=[3] merged=[1, 3]
86.3 fp=[1] true=[3] merged=[1, 3]
86.6 fp=[1] true=[3] merged=[1, 3]
86.9 fp=[1] true=[3] merged=[1, 3]
87.2 fp=[1] true=[3] merged=[1, 3]
87.5 fp=[1] true=[3] merged=[1, 3]
87.8 fp=[1] true=[3] merged=[1, 3]
88.1 fp=[1] true=[3] merged=[1, 3]
88.4 fp=[1] true=[3] merged=[1, 3]
88.8 fp=[1] true=[3] merged=[1, 3]
89.1 fp=[1] true=[3] merged=[1, 3]
89.4 fp=[1] true=[3] merged=[1, 3]
89.7 fp=[1] true=[3] merged=[1, 3]
90.0 fp=[1] true=[3] merged=[1, 3]
90.3 fp=[1] true=[3] merged=[1, 3]
90.6 fp=[1] true=[3] merged=[1, 3]
90.9 fp=[1] true=[3] merged=[1, 3]
91.3 fp=[1] true=[3] merged=[1, 3]
91.6 fp=[1] true=[3] merged=[1, 3]
91.9 fp=[1] true=[3] merged=[1, 3]
92.2 fp=[1] true=[3] merged=[1, 3]
92.5 fp=[1] true=[3] merged=[1, 3]
92.8 fp=[1] true=[3] merged=[1, 3]
93.1 fp=[1] true=[3] merged=[1, 3]
93.4 fp=[1] true=[3] merged=[1, 3]
93.8 fp=[1] true=[3] merged=[1, 3]
94.1 fp=[1] true=[3] merged=[1, 3]
94.4 fp=[1] true=[3] merged=[1, 3]
94.7 fp=[1] true=[3] merged=[1, 3]
95.0 fp=[1] true=[3] merged=[1, 3]
95.3 fp=[1] true=[3] merged=[1, 3]
95.6 fp=[1] true=[3] merged=[1, 3]
95.9 fp=[1] true=[3] merged=[1, 3]
96.3 fp=[1] true=[3] merged=[1, 3]
96.6 fp=[1] true=[3] merged=[1, 3]
96.9 fp=[1] true=[3] merged=[1, 3]
97.2 fp=[1] true=[3] merged=[1, 3]
97.5 fp=[1] true=[3] merged=[1, 3]
97.8 fp=[1] true=[3] merged=[1, 3]
98.1 fp=[1] true=[3] merged=[1, 3]
98.5 fp=[1] true=[3] merged=[1, 3]
98.8 fp=[1] true=[3] merged=[1, 3]
99.1 fp=[1] true=[3] merged=[1, 3]
99.4 fp=[1] true=[3] merged=[1, 3]
99.7 fp=[1] true=[3] merged=[1, 3]
100.0 fp=[1] true=[3] merged=[1, 3]
100.3 fp=[1] true=[3] merged=[1, 3]
100.6 fp=[1] true=[3] merged=[1, 3]
100.9 fp=[1] true=[3] merged=[1, 3]
101.3 fp=[1] true=[3] merged=[1, 3]
101.6 fp=[1] true=[3] merged=[1, 3]
101.9 fp=[1] true=[3] merged=[1, 3]
102.2 fp=[5] true=[3] merged=[3, 5]
102.5 fp=[5] true=[3] merged=[3, 5]
102.9 fp=[5] true=[3] merged=[3, 5]
103.2 fp=[5] true=[3] merged=[3, 5]
103.5 fp=[5] true=[3] merged=[3, 5]
103.8 fp=[5] true=[3] merged=[3, 5]
104.2 fp=[5] true=[3] merged=[3, 5]
104.5 fp=[5] true=[3] merged=[3, 5]
104.8 fp=[5] true=[3] merged=[3, 5]
105.1 fp=[5] true=[3] merged=[3, 5]
105.4 fp=[5] true=[3] merged=[3, 5]
105.7 fp=[5] true=[3] merged=[3, 5]
106.1 fp=[5] true=[3] merged=[3, 5]
106.4 fp=[5] true=[3] merged=[3, 5]
106.7 fp=[5] true=[3] merged=[3, 5]
107.0 fp=[5] true=[3] merged=[3, 5]
107.3 fp=[5] true=[3] merged=[3, 5]
107.6 fp=[5] true=[3] merged=[3, 5]
107.9 fp=[5] true=[3] merged=[3, 5]
108.3 fp=[5] true=[3] merged=[3, 5]
108.6 fp=[5] true=[3] merged=[3, 5]
108.9 fp=[5] true=[3] merged=[3, 5]
109.2 fp=[5] true=[3] merged=[3, 5]
109.5 fp=[5] true=[3] merged=[3, 5]
109.8 fp=[5] true=[3] merged=[3, 5]
110.1 fp=[5] true=[3] merged=[3, 5]
110.4 fp=[5] true=[3] merged=[3, 5]
110.8 fp=[5] true=[3] merged=[3, 5]
111.1 fp=[5] true=[3] merged=[3, 5]
111.4 fp=[5] true=[3] merged=[3, 5]
111.7 fp=[5] true=[3] merged=[3, 5]
112.0 fp=[5] true=[3] merged=[3, 5]
112.3 fp=[5] true=[3] merged=[3, 5]
112.7 fp=[5] true=[3] merged=[3, 5]
113.0 fp=[5] true=[3] merged=[3, 5]
113.3 fp=[5] true=[3] merged=[3, 5]
113.6 fp=[5] true=[3] merged=[3, 5]
113.9 fp=[5] true=[3] merged=[3, 5]
114.2 fp=[5] true=[3] merged=[3, 5]
114.5 fp=[5] true=[3] merged=[3, 5]
114.9 fp=[5] true=[3] merged=[3, 5]
115.2 fp=[4] true=[3] merged=[3, 4]
115.5 fp=[4] true=[3] merged=[3, 4]
115.8 fp=[4] true=[3] merged=[3, 4]
116.1 fp=[4] true=[3] merged=[3, 4]
116.4 fp=[4] true=[3] merged=[3, 4]
116.7 fp=[4] true=[3] merged=[3, 4]
117.0 fp=[4] true=[3] merged=[3, 4]
117.3 fp=[4] true=[3] merged=[3, 4]
117.7 fp=[4] true=[3] merged=[3, 4]
118.0 fp=[4] true=[3] merged=[3, 4]
118.3 fp=[4] true=[3] merged=[3, 4]
118.6 fp=[4] true=[3] merged=[3, 4]
118.9 fp=[4] true=[3] merged=[3, 4]
119.2 fp=[4] true=[3] merged=[3, 4]
119.5 fp=[4] true=[3] merged=[3, 4]
119.8 fp=[4] true=[3] merged=[3, 4]
120.1 fp=[4] true=[3] merged=[3, 4]
120.4 fp=[4] true=[3] merged=[3, 4]
120.8 fp=[4] true=[3] merged=[3, 4]
121.1 fp=[4] true=[3] merged=[3, 4]
121.4 fp=[4] true=[3] merged=[3, 4]
121.7 fp=[4] true=[3] merged=[3, 4]
122.0 fp=[4] true=[3] merged=[3, 4]
122.3 fp=[4] true=[3] merged=[3, 4]
122.7 fp=[4] true=[3] merged=[3, 4]
123.0 fp=[4] true=[3] merged=[3, 4]
123.3 fp=[4] true=[3] merged=[3, 4]
123.6 fp=[4] true=[3] merged=[3, 4]
123.9 fp=[4] true=[3] merged=[3, 4]
124.3 fp=[4] true=[3] merged=[3, 4]
124.6 fp=[4] true=[3] merged=[3, 4]
124.9 fp=[4] true=[3] merged=[3, 4]
125.2 fp=[4] true=[3] merged=[3, 4]
125.5 fp=[4] true=[3] merged=[3, 4]
125.9 fp=[4] true=[3] merged=[3, 4]
126.2 fp=[4] true=[3] merged=[3, 4]
126.5 fp=[4] true=[3] merged=[3, 4]
126.8 fp=[4] true=[3] merged=[3, 4]
127.1 fp=[4] true=[3] merged=[3, 4]
127.4 fp=[4] true=[3] merged=[3, 4]
127.7 fp=[4] true=[3] merged=[3, 4]
128.1 fp=[4] true=[3] merged=[3, 4]
128.4 fp=[4] true=[3] merged=[3, 4]
128.7 fp=[4] true=[3] merged=[3, 4]
129.0 fp=[4] true=[3] merged=[3, 4]
129.3 fp=[4] true=[3] merged=[3, 4]
129.6 fp=[4] true=[3] merged=[3, 4]
129.9 fp=[4] true=[3] merged=[3, 4]
130.3 fp=[4] true=[3] merged=[3, 4]
130.6 fp=[4] true=[3] merged=[3, 4]
130.9 fp=[4] true=[3] merged=[3, 4]
131.2 fp=[4] true=[3] merged=[3, 4]
131.5 fp=[4] true=[3] merged=[3, 4]
131.8 fp=[4] true=[3] merged=[3, 4]
132.1 fp=[4] true=[3] merged=[3, 4]
132.5 fp=[4] true=[3] merged=[3, 4]
132.8 fp=[4] true=[3] merged=[3, 4]
133.1 fp=[4] true=[3] merged=[3, 4]
133.4 fp=[4] true=[3] merged=[3, 4]
133.7 fp=[4] true=[3] merged=[3, 4]
134.0 fp=[4] true=[3] merged=[3, 4]
134.3 fp=[4] true=[3] merged=[3, 4]
134.6 fp=[4] true=[3] merged=[3, 4]
134.9 fp=[4] true=[3] merged=[3, 4]
135.3 fp=[5] true=[3] merged=[3, 5]
135.6 fp=[5] true=[3] merged=[3, 5]
135.9 fp=[5] true=[3] merged=[3, 5]
136.2 fp=[5] true=[3] merged=[3, 5]
136.5 fp=[5] true=[3] merged=[3, 5]
136.8 fp=[5] true=[3] merged=[3, 5]
137.2 fp=[5] true=[3] merged=[3, 5]
137.5 fp=[5] true=[3] merged=[3, 5]
137.8 fp=[5] true=[3] merged=[3, 5]
138.1 fp=[5] true=[3] merged=[3, 5]
138.4 fp=[5] true=[3] merged=[3, 5]
138.7 fp=[5] true=[3] merged=[3, 5]
139.0 fp=[5] true=[3] merged=[3, 5]
139.3 fp=[5] true=[3] merged=[3, 5]
139.6 fp=[5] true=[3] merged=[3, 5]
140.0 fp=[5] true=[3] merged=[3, 5]
140.3 fp=[5] true=[3] merged=[3, 5]
140.6 fp=[5] true=[3] merged=[3, 5]
140.9 fp=[5] true=[3] merged=[3, 5]
141.2 fp=[5] true=[3] merged=[3, 5]
141.5 fp=[5] true=[3] merged=[3, 5]
141.8 fp=[5] true=[3] merged=[3, 5]
142.1 fp=[5] true=[3] merged=[3, 5]
142.4 fp=[5] true=[3] merged=[3, 5]
142.8 fp=[5] true=[3] merged=[3, 5]
143.1 fp=[4] true=[3] merged=[3, 4]
143.4 fp=[4] true=[3] merged=[3, 4]
143.7 fp=[4] true=[3] merged=[3, 4]
144.0 fp=[4] true=[3] merged=[3, 4]
144.3 fp=[4] true=[3] merged=[3, 4]
144.6 fp=[4] true=[3] merged=[3, 4]
145.0 fp=[4] true=[3] merged=[3, 4]
145.3 fp=[4] true=[3] merged=[3, 4]
145.6 fp=[4] true=[3] merged=[3, 4]
145.9 fp=[4] true=[3] merged=[3, 4]
146.2 fp=[4] true=[3] merged=[3, 4]
146.5 fp=[4] true=[3] merged=[3, 4]
146.8 fp=[4] true=[3] merged=[3, 4]
147.2 fp=[4] true=[3] merged=[3, 4]
147.5 fp=[4] true=[3] merged=[3, 4]
147.8 fp=[4] true=[3] merged=[3, 4]
148.1 fp=[2] true=[3] merged=[2, 3]
148.4 fp=[2] true=[3] merged=[2, 3]
148.7 fp=[2] true=[3] merged=[2, 3]
149.0 fp=[2] true=[3] merged=[2, 3]
149.3 fp=[2] true=[3] merged=[2, 3]
149.6 fp=[2] true=[3] merged=[2, 3]
150.0 fp=[2] true=[3] merged=[2, 3]
150.3 fp=[2] true=[3] merged=[2, 3]
150.6 fp=[2] true=[3] merged=[2, 3]
150.9 fp=[2] true=[3] merged=[2, 3]
151.2 fp=[2] true=[3] merged=[2, 3]
151.5 fp=[2] true=[3] merged=[2, 3]
151.8 fp=[2] true=[3] merged=[2, 3]
152.1 fp=[2] true=[3] merged=[2, 3]
152.5 fp=[2] true=[3] merged=[2, 3]
152.8 fp=[2] true=[3] merged=[2, 3]
153.1 fp=[2] true=[3] merged=[2, 3]
153.4 fp=[2] true=[3] merged=[2, 3]
153.7 fp=[2] true=[3] merged=[2, 3]
154.0 fp=[2] true=[3] merged=[2, 3]
154.3 fp=[2] true=[3] merged=[2, 3]
154.7 fp=[2] true=[3] merged=[2, 3]
155.0 fp=[2] true=[3] merged=[2, 3]
155.3 fp=[2] true=[3] merged=[2, 3]
155.6 fp=[2] true=[3] merged=[2, 3]
155.9 fp=[2] true=[3] merged=[2, 3]
156.2 fp=[2] true=[3] merged=[2, 3]
156.5 fp=[2] true=[3] merged=[2, 3]
156.9 fp=[2] true=[3] merged=[2, 3]
157.2 fp=[2] true=[3] merged=[2, 3]
157.5 fp=[2] true=[3] merged=[2, 3]
157.8 fp=[2] true=[3] merged=[2, 3]
158.1 fp=[2] true=[3] merged=[2, 3]
158.4 fp=[2] true=[3] merged=[2, 3]
158.7 fp=[2] true=[3] merged=[2, 3]
159.0 fp=[2] true=[3] merged=[2, 3]
159.4 fp=[2] true=[3] merged=[2, 3]
159.7 fp=[2] true=[3] merged=[2, 3]
160.0 fp=[2] true=[3] merged=[2, 3]
160.3 fp=[2] true=[3] merged=[2, 3]
160.6 fp=[2] true=[3] merged=[2, 3]
160.9 fp=[2] true=[3] merged=[2, 3]
161.2 fp=[2] true=[3] merged=[2, 3]
161.5 fp=[2] true=[3] merged=[2, 3]
161.8 fp=[2] true=[3] merged=[2, 3]
162.1 fp=[2] true=[3] merged=[2, 3]
162.5 fp=[2] true=[3] merged=[2, 3]
162.8 fp=[2] true=[3] merged=[2, 3]
163.1 fp=[2] true=[3] merged=[2, 3]
163.4 fp=[2] true=[3] merged=[2, 3]
163.7 fp=[2] true=[3] merged=[2, 3]
164.0 fp=[2] true=[3] merged=[2, 3]
164.3 fp=[2] true=[3] merged=[2, 3]
164.6 fp=[2] true=[3] merged=[2, 3]
164.9 fp=[2] true=[3] merged=[2, 3]
165.3 fp=[2] true=[3] merged=[2, 3]
165.6 fp=[2] true=[3] merged=[2, 3]
165.9 fp=[2] true=[3] merged=[2, 3]
166.2 fp=[2] true=[3] merged=[2, 3]
166.5 fp=[2] true=[3] merged=[2, 3]
166.8 fp=[2] true=[3] merged=[2, 3]
167.1 fp=[2] true=[3] merged=[2, 3]
167.4 fp=[2] true=[3] merged=[2, 3]
167.7 fp=[2] true=[3] merged=[2, 3]
168.1 fp=[4] true=[3] merged=[3, 4]
168.4 fp=[4] true=[3] merged=[3, 4]
168.7 fp=[4] true=[3] merged=[3, 4]
169.0 fp=[2] true=[3] merged=[2, 3]
169.4 fp=[2] true=[3] merged=[2, 3]
169.7 fp=[2] true=[3] merged=[2, 3]
170.0 fp=[2] true=[3] merged=[2, 3]
170.3 fp=[2] true=[3] merged=[2, 3]
170.6 fp=[2] true=[3] merged=[2, 3]
170.9 fp=[2] true=[3] merged=[2, 3]
171.2 fp=[2] true=[3] merged=[2, 3]
171.5 fp=[2] true=[3] merged=[2, 3]
171.8 fp=[2] true=[3] merged=[2, 3]
172.2 fp=[2] true=[3] merged=[2, 3]
172.5 fp=[2] true=[3] merged=[2, 3]
172.8 fp=[2] true=[3] merged=[2, 3]
173.1 fp=[2] true=[3] merged=[2, 3]
173.4 fp=[2] true=[3] merged=[2, 3]
173.7 fp=[2] true=[3] merged=[2, 3]
174.0 fp=[2] true=[3] merged=[2, 3]
174.3 fp=[2] true=[3] merged=[2, 3]
174.7 fp=[2] true=[3] merged=[2, 3]
175.0 fp=[2] true=[3] merged=[2, 3]
175.3 fp=[2] true=[3] merged=[2, 3]
175.6 fp=[2] true=[3] merged=[2, 3]
175.9 fp=[2] true=[3] merged=[2, 3]
176.2 fp=[2] true=[3] merged=[2, 3]
176.5 fp=[2] true=[3] merged=[2, 3]
176.9 fp=[2] true=[3] merged=[2, 3]
177.2 fp=[2] true=[3] merged=[2, 3]
177.5 fp=[2] true=[3] merged=[2, 3]
177.8 fp=[2] true=[3] merged=[2, 3]
178.1 fp=[2] true=[3] merged=[2, 3]
178.4 fp=[2] true=[3] merged=[2, 3]
178.7 fp=[2] true=[3] merged=[2, 3]
179.0 fp=[2] true=[3] merged=[2, 3]
179.3 fp=[2] true=[3] merged=[2, 3]
179.6 fp=[2] true=[3] merged=[2, 3]
180.0 fp=[2] true=[3] merged=[2, 3]
180.3 fp=[2] true=[3] merged=[2, 3]
180.6 fp=[2] true=[3] merged=[2, 3]
181.0 fp=[2] true=[3] merged=[2, 3]
181.3 fp=[2] true=[3] merged=[2, 3]
181.6 fp=[2] true=[3] merged=[2, 3]
181.9 fp=[2] true=[3] merged=[2, 3]
182.2 fp=[2] true=[3] merged=[2, 3]
182.5 fp=[2] true=[3] merged=[2, 3]
182.8 fp=[2] true=[3] merged=[2, 3]
183.1 fp=[2] true=[3] merged=[2, 3]
183.4 fp=[2] true=[3] merged=[2, 3]
183.7 fp=[2] true=[3] merged=[2, 3]
184.1 fp=[2] true=[3] merged=[2, 3]
184.4 fp=[2] true=[3] merged=[2, 3]
184.7 fp=[2] true=[3] merged=[2, 3]
185.0 fp=[2] true=[3] merged=[2, 3]
185.3 fp=[2] true=[3] merged=[2, 3]
185.6 fp=[2] true=[3] merged=[2, 3]
185.9 fp=[2] true=[3] merged=[2, 3]
186.2 fp=[2] true=[3] merged=[2, 3]
186.6 fp=[2] true=[3] merged=[2, 3]
186.9 fp=[2] true=[3] merged=[2, 3]
187.2 fp=[2] true=[3] merged=[2, 3]
187.5 fp=[2] true=[3] merged=[2, 3]
187.8 fp=[2] true=[3] merged=[2, 3]
188.1 fp=[2] true=[3] merged=[2, 3]
188.4 fp=[2] true=[3] merged=[2, 3]
188.7 fp=[2] true=[3] merged=[2, 3]
189.1 fp=[2] true=[3] merged=[2, 3]
189.4 fp=[2] true=[3] merged=[2, 3]
189.7 fp=[2] true=[3] merged=[2, 3]
190.0 fp=[2] true=[3] merged=[2, 3]
190.3 fp=[2] true=[3] merged=[2, 3]
190.6 fp=[2] true=[3] merged=[2, 3]
190.9 fp=[2] true=[3] merged=[2, 3]
191.3 fp=[2] true=[3] merged=[2, 3]
191.6 fp=[2] true=[3] merged=[2, 3]
191.9 fp=[2] true=[3] merged=[2, 3]
192.2 fp=[2] true=[3] merged=[2, 3]
192.5 fp=[2] true=[3] merged=[2, 3]
192.8 fp=[2] true=[3] merged=[2, 3]
193.1 fp=[1] true=[3] merged=[1, 3]
193.4 fp=[1] true=[3] merged=[1, 3]
193.8 fp=[1] true=[3] merged=[1, 3]
194.1 fp=[1] true=[3] merged=[1, 3]
194.4 fp=[1] true=[3] merged=[1, 3]
194.7 fp=[1] true=[3] merged=[1, 3]
195.0 fp=[1] true=[3] merged=[1, 3]
195.3 fp=[1] true=[3] merged=[1, 3]
195.6 fp=[1] true=[3] merged=[1, 3]
196.0 fp=[1] true=[3] merged=[1, 3]
196.3 fp=[1] true=[3] merged=[1, 3]
196.6 fp=[1] true=[3] merged=[1, 3]
196.9 fp=[1] true=[3] merged=[1, 3]
197.2 fp=[1] true=[3] merged=[1, 3]
197.5 fp=[1] true=[3] merged=[1, 3]
197.8 fp=[1] true=[3] merged=[1, 3]
198.1 fp=[1] true=[3] merged=[1, 3]
198.5 fp=[1] true=[3] merged=[1, 3]
198.8 fp=[1] true=[3] merged=[1, 3]
199.1 fp=[1] true=[3] merged=[1, 3]
199.4 fp=[1] true=[3] merged=[1, 3]
199.7 fp=[1] true=[3] merged=[1, 3]
200.0 fp=[1] true=[3] merged=[1, 3]
200.3 fp=[1] true=[3] merged=[1, 3]
200.6 fp=[1] true=[3] merged=[1, 3]
201.0 fp=[1] true=[3] merged=[1, 3]
201.3 fp=[1] true=[3] merged=[1, 3]
201.6 fp=[1] true=[3] merged=[1, 3]
201.9 fp=[1] true=[3] merged=[1, 3]
202.2 fp=[1] true=[3] merged=[1, 3]
202.5 fp=[1] true=[3] merged=[1, 3]
202.8 fp=[1] true=[3] merged=[1, 3]
203.2 fp=[1] true=[3] merged=[1, 3]
203.5 fp=[1] true=[3] merged=[1, 3]
203.8 fp=[1] true=[3] merged=[1, 3]
204.1 fp=[1] true=[3] merged=[1, 3]
204.4 fp=[1] true=[3] merged=[1, 3]
204.7 fp=[1] true=[3] merged=[1, 3]
205.0 fp=[1] true=[3] merged=[1, 3]
205.3 fp=[1] true=[3] merged=[1, 3]
205.7 fp=[1] true=[3] merged=[1, 3]
206.0 fp=[1] true=[3] merged=[1, 3]
206.3 fp=[1] true=[3] merged=[1, 3]
206.6 fp=[1] true=[3] merged=[1, 3]
206.9 fp=[1] true=[3] merged=[1, 3]
207.2 fp=[1] true=[3] merged=[1, 3]
207.5 fp=[1] true=[3] merged=[1, 3]
207.8 fp=[1] true=[3] merged=[1, 3]
208.2 fp=[1] true=[3] merged=[1, 3]
208.5 fp=[1] true=[3] merged=[1, 3]
208.8 fp=[1] true=[3] merged=[1, 3]
209.1 fp=[1] true=[3] merged=[1, 3]
209.4 fp=[1] true=[3] merged=[1, 3]
209.7 fp=[1] true=[3] merged=[1, 3]
210.0 fp=[1] true=[3] merged=[1, 3]
210.3 fp=[1] true=[3] merged=[1, 3]
210.7 fp=[1] true=[3] merged=[1, 3]
211.0 fp=[1] true=[3] merged=[1, 3]
211.3 fp=[1] true=[3] merged=[1, 3]
211.6 fp=[1] true=[3] merged=[1, 3]
211.9 fp=[1] true=[3] merged=[1, 3]
212.2 fp=[1] true=[3] merged=[1, 3]
212.5 fp=[1] true=[3] merged=[1, 3]
212.8 fp=[1] true=[3] merged=[1, 3]
213.2 fp=[1] true=[3] merged=[1, 3]
213.5 fp=[1] true=[3] merged=[1, 3]
213.8 fp=[1] true=[3] merged=[1, 3]
214.1 fp=[1] true=[3] merged=[1, 3]
214.4 fp=[1] true=[3] merged=[1, 3]
214.7 fp=[1] true=[3] merged=[1, 3]
215.1 fp=[2] true=[3] merged=[2, 3]
215.4 fp=[2] true=[3] merged=[2, 3]
215.7 fp=[2] true=[3] merged=[2, 3]
216.0 fp=[4] true=[3] merged=[3, 4]
216.3 fp=[4] true=[3] merged=[3, 4]
216.6 fp=[4] true=[3] merged=[3, 4]
217.0 fp=[4] true=[3] merged=[3, 4]
217.3 fp=[4] true=[3] merged=[3, 4]
217.6 fp=[4] true=[3] merged=[3, 4]
217.9 fp=[4] true=[3] merged=[3, 4]
218.2 fp=[4] true=[3] merged=[3, 4]
218.5 fp=[4] true=[3] merged=[3, 4]
218.8 fp=[4] true=[3] merged=[3, 4]
219.2 fp=[4] true=[3] merged=[3, 4]
219.5 fp=[4] true=[3] merged=[3, 4]
219.8 fp=[4] true=[3] merged=[3, 4]
220.1 fp=[4] true=[3] merged=[3, 4]
220.4 fp=[4] true=[3] merged=[3, 4]
220.7 fp=[4] true=[3] merged=[3, 4]
221.0 fp=[4] true=[3] merged=[3, 4]
221.3 fp=[4] true=[3] merged=[3, 4]
221.6 fp=[4] true=[3] merged=[3, 4]
221.9 fp=[4] true=[3] merged=[3, 4]
222.3 fp=[4] true=[3] merged=[3, 4]
222.6 fp=[4] true=[3] merged=[3, 4]
222.9 fp=[4] true=[3] merged=[3, 4]
223.2 fp=[4] true=[3] merged=[3, 4]
223.5 fp=[4] true=[3] merged=[3, 4]
223.8 fp=[4] true=[3] merged=[3, 4]
224.1 fp=[4] true=[3] merged=[3, 4]
224.4 fp=[4] true=[3] merged=[3, 4]
224.8 fp=[4] true=[3] merged=[3, 4]
225.1 fp=[4] true=[3] merged=[3, 4]
225.4 fp=[4] true=[3] merged=[3, 4]
225.7 fp=[4] true=[3] merged=[3, 4]
226.0 fp=[4] true=[3] merged=[3, 4]
226.3 fp=[4] true=[3] merged=[3, 4]
226.6 fp=[4] true=[3] merged=[3, 4]
226.9 fp=[4] true=[3] merged=[3, 4]
227.2 fp=[1] true=[3] merged=[1, 3]
227.6 fp=[1] true=[3] merged=[1, 3]
227.9 fp=[1] true=[3] merged=[1, 3]
228.2 fp=[1] true=[3] merged=[1, 3]
228.5 fp=[1] true=[3] merged=[1, 3]
228.8 fp=[1] true=[3] merged=[1, 3]
229.1 fp=[1] true=[3] merged=[1, 3]
229.4 fp=[1] true=[3] merged=[1, 3]
229.7 fp=[1] true=[3] merged=[1, 3]
230.0 fp=[1] true=[3] merged=[1, 3]
230.4 fp=[1] true=[3] merged=[1, 3]
230.7 fp=[1] true=[3] merged=[1, 3]
231.0 fp=[1] true=[3] merged=[1, 3]
231.3 fp=[1] true=[3] merged=[1, 3]
231.6 fp=[1] true=[3] merged=[1, 3]
231.9 fp=[1] true=[3] merged=[1, 3]
232.2 fp=[1] true=[3] merged=[1, 3]
232.6 fp=[1] true=[3] merged=[1, 3]
232.9 fp=[1] true=[3] merged=[1, 3]
233.2 fp=[1] true=[3] merged=[1, 3]
233.5 fp=[1] true=[3] merged=[1, 3]
233.8 fp=[1] true=[3] merged=[1, 3]
234.2 fp=[1] true=[3] merged=[1, 3]
234.5 fp=[1] true=[3] merged=[1, 3]
234.8 fp=[1] true=[3] merged=[1, 3]
235.1 fp=[1] true=[3] merged=[1, 3]
235.4 fp=[1] true=[3] merged=[1, 3]
235.7 fp=[1] true=[3] merged=[1, 3]
236.0 fp=[1] true=[3] merged=[1, 3]
236.3 fp=[1] true=[3] merged=[1, 3]
236.6 fp=[1] true=[3] merged=[1, 3]
237.0 fp=[1] true=[3] merged=[1, 3]
237.3 fp=[1] true=[3] merged=[1, 3]
237.6 fp=[1] true=[3] merged=[1, 3]
237.9 fp=[1] true=[3] merged=[1, 3]
238.2 fp=[1] true=[3] merged=[1, 3]
238.5 fp=[1] true=[3] merged=[1, 3]
238.8 fp=[1] true=[3] merged=[1, 3]
239.1 fp=[1] true=[3] merged=[1, 3]
239.5 fp=[1] true=[3] merged=[1, 3]
239.8 fp=[1] true=[3] merged=[1, 3]
240.1 fp=[1] true=[3] merged=[1, 3]
240.4 fp=[1] true=[3] merged=[1, 3]
240.7 fp=[1] true=[3] merged=[1, 3]
241.1 fp=[1] true=[3] merged=[1, 3]
241.4 fp=[1] true=[3] merged=[1, 3]
241.7 fp=[1] true=[3] merged=[1, 3]
242.0 fp=[1] true=[3] merged=[1, 3]
242.3 fp=[1] true=[3] merged=[1, 3]
242.6 fp=[1] true=[3] merged=[1, 3]
242.9 fp=[1] true=[3] merged=[1, 3]
243.2 fp=[1] true=[3] merged=[1, 3]
243.6 fp=[1] true=[3] merged=[1, 3]
243.9 fp=[1] true=[3] merged=[1, 3]
244.2 fp=[1] true=[3] merged=[1, 3]
244.5 fp=[1] true=[3] merged=[1, 3]
244.8 fp=[1] true=[3] merged=[1, 3]
245.1 fp=[1] true=[3] merged=[1, 3]
245.4 fp=[1] true=[3] merged=[1, 3]
245.7 fp=[1] true=[3] merged=[1, 3]
246.1 fp=[1] true=[3] merged=[1, 3]
246.4 fp=[1] true=[3] merged=[1, 3]
246.7 fp=[1] true=[3] merged=[1, 3]
247.0 fp=[1] true=[3] merged=[1, 3]
247.3 fp=[1] true=[3] merged=[1, 3]
247.6 fp=[1] true=[3] merged=[1, 3]
247.9 fp=[1] true=[3] merged=[1, 3]
248.3 fp=[1] true=[3] merged=[1, 3]
248.6 fp=[1] true=[3] merged=[1, 3]
248.9 fp=[1] true=[3] merged=[1, 3]
249.2 fp=[1] true=[3] merged=[1, 3]
249.5 fp=[1] true=[3] merged=[1, 3]
249.8 fp=[1] true=[3] merged=[1, 3]
250.1 fp=[1] true=[3] merged=[1, 3]
250.4 fp=[1] true=[3] merged=[1, 3]
250.7 fp=[1] true=[3] merged=[1, 3]
251.0 fp=[1] true=[3] merged=[1, 3]
251.4 fp=[1] true=[3] merged=[1, 3]
251.7 fp=[1] true=[3] merged=[1, 3]
252.0 fp=[1] true=[3] merged=[1, 3]
252.3 fp=[1] true=[3] merged=[1, 3]
252.6 fp=[1] true=[3] merged=[1, 3]
252.9 fp=[1] true=[3] merged=[1, 3]
253.3 fp=[1] true=[3] merged=[1, 3]
253.6 fp=[1] true=[3] merged=[1, 3]
253.9 fp=[1] true=[3] merged=[1, 3]
254.2 fp=[1] true=[3] merged=[1, 3]
254.5 fp=[1] true=[3] merged=[1, 3]
254.8 fp=[1] true=[3] merged=[1, 3]
255.1 fp=[1] true=[3] merged=[1, 3]
255.4 fp=[1] true=[3] merged=[1, 3]
255.7 fp=[1] true=[3] merged=[1, 3]
256.1 fp=[1] true=[3] merged=[1, 3]
256.4 fp=[1] true=[3] merged=[1, 3]
256.7 fp=[1] true=[3] merged=[1, 3]
257.0 fp=[1] true=[3] merged=[1, 3]
257.3 fp=[1] true=[3] merged=[1, 3]
257.6 fp=[1] true=[3] merged=[1, 3]
257.9 fp=[1] true=[3] merged=[1, 3]
258.3 fp=[1] true=[3] merged=[1, 3]
258.6 fp=[1] true=[3] merged=[1, 3]
258.9 fp=[1] true=[3] merged=[1, 3]
259.2 fp=[1] true=[3] merged=[1, 3]
259.5 fp=[1] true=[3] merged=[1, 3]
259.8 fp=[1] true=[3] merged=[1, 3]
260.1 fp=[1] true=[3] merged=[1, 3]
260.5 fp=[1] true=[3] merged=[1, 3]
260.8 fp=[1] true=[3] merged=[1, 3]
261.1 fp=[1] true=[3] merged=[1, 3]
261.4 fp=[1] true=[3] merged=[1, 3]
261.7 fp=[1] true=[3] merged=[1, 3]
262.0 fp=[1] true=[3] merged=[1, 3]
262.3 fp=[1] true=[3] merged=[1, 3]
262.6 fp=[1] true=[3] merged=[1, 3]
262.9 fp=[1] true=[3] merged=[1, 3]
263.3 fp=[1] true=[3] merged=[1, 3]
263.6 fp=[1] true=[3] merged=[1, 3]
263.9 fp=[1] true=[3] merged=[1, 3]
264.3 fp=[1] true=[3] merged=[1, 3]
264.6 fp=[1] true=[3] merged=[1, 3]
264.9 fp=[1] true=[3] merged=[1, 3]
265.2 fp=[1] true=[3] merged=[1, 3]
265.5 fp=[1] true=[3] merged=[1, 3]
265.8 fp=[1] true=[3] merged=[1, 3]
266.2 fp=[1] true=[3] merged=[1, 3]
266.5 fp=[1] true=[3] merged=[1, 3]
266.8 fp=[1] true=[3] merged=[1, 3]
267.1 fp=[1] true=[3] merged=[1, 3]
267.4 fp=[1] true=[3] merged=[1, 3]
267.8 fp=[1] true=[3] merged=[1, 3]
268.1 fp=[1] true=[3] merged=[1, 3]
268.4 fp=[1] true=[3] merged=[1, 3]
268.7 fp=[1] true=[3] merged=[1, 3]
269.0 fp=[1] true=[3] merged=[1, 3]
269.3 fp=[1] true=[3] merged=[1, 3]
269.6 fp=[1] true=[3] merged=[1, 3]
270.0 fp=[1] true=[3] merged=[1, 3]
270.3 fp=[1] true=[3] merged=[1, 3]
270.6 fp=[1] true=[3] merged=[1, 3]
270.9 fp=[1] true=[3] merged=[1, 3]
271.2 fp=[1] true=[3] merged=[1, 3]
271.5 fp=[1] true=[3] merged=[1, 3]
271.8 fp=[1] true=[3] merged=[1, 3]
272.2 fp=[1] true=[3] merged=[1, 3]
272.5 fp=[1] true=[3] merged=[1, 3]
272.8 fp=[1] true=[3] merged=[1, 3]
273.2 fp=[1] true=[3] merged=[1, 3]
273.5 fp=[1] true=[3] merged=[1, 3]
273.8 fp=[1] true=[3] merged=[1, 3]
274.1 fp=[1] true=[3] merged=[1, 3]
274.4 fp=[1] true=[3] merged=[1, 3]
274.7 fp=[1] true=[3] merged=[1, 3]
275.1 fp=[1] true=[3] merged=[1, 3]
275.4 fp=[1] true=[3] merged=[1, 3]
275.7 fp=[1] true=[3] merged=[1, 3]
276.0 fp=[1] true=[3] merged=[1, 3]
276.3 fp=[1] true=[3] merged=[1, 3]
276.7 fp=[1] true=[3] merged=[1, 3]
277.0 fp=[1] true=[3] merged=[1, 3]
277.3 fp=[1] true=[3] merged=[1, 3]
277.6 fp=[1] true=[3] merged=[1, 3]
277.9 fp=[1] true=[3] merged=[1, 3]
278.2 fp=[1] true=[3] merged=[1, 3]
278.5 fp=[1] true=[3] merged=[1, 3]
278.9 fp=[1] true=[3] merged=[1, 3]
279.2 fp=[1] true=[3] merged=[1, 3]
279.5 fp=[1] true=[3] merged=[1, 3]
279.8 fp=[1] true=[3] merged=[1, 3]
280.1 fp=[1] true=[3] merged=[1, 3]
280.4 fp=[1] true=[3] merged=[1, 3]
280.7 fp=[1] true=[3] merged=[1, 3]
281.0 fp=[1] true=[3] merged=[1, 3]
281.3 fp=[1] true=[3] merged=[1, 3]
281.6 fp=[1] true=[3] merged=[1, 3]
282.0 fp=[1] true=[3] merged=[1, 3]
282.3 fp=[1] true=[3] merged=[1, 3]
282.6 fp=[1] true=[3] merged=[1, 3]
282.9 fp=[1] true=[3] merged=[1, 3]
283.2 fp=[1] true=[3] merged=[1, 3]
283.5 fp=[1] true=[3] merged=[1, 3]
283.8 fp=[1] true=[3] merged=[1, 3]
284.1 fp=[1] true=[3] merged=[1, 3]
284.4 fp=[1] true=[3] merged=[1, 3]
284.7 fp=[1] true=[3] merged=[1, 3]
285.1 fp=[1] true=[3] merged=[1, 3]
285.4 fp=[1] true=[3] merged=[1, 3]
285.7 fp=[1] true=[3] merged=[1, 3]
286.0 fp=[1] true=[3] merged=[1, 3]
286.3 fp=[1] true=[3] merged=[1, 3]
286.6 fp=[1] true=[3] merged=[1, 3]
286.9 fp=[1] true=[3] merged=[1, 3]
287.2 fp=[1] true=[3] merged=[1, 3]
287.5 fp=[1] true=[3] merged=[1, 3]
287.9 fp=[1] true=[3] merged=[1, 3]
288.2 fp=[1] true=[3] merged=[1, 3]
288.5 fp=[1] true=[3] merged=[1, 3]
288.8 fp=[1] true=[3] merged=[1, 3]
289.1 fp=[1] true=[3] merged=[1, 3]
289.4 fp=[1] true=[3] merged=[1, 3]
289.7 fp=[1] true=[3] merged=[1, 3]
290.0 fp=[1] true=[3] merged=[1, 3]
290.3 fp=[1] true=[3] merged=[1, 3]
290.6 fp=[1] true=[3] merged=[1, 3]
291.0 fp=[1] true=[3] merged=[1, 3]
291.3 fp=[1] true=[3] merged=[1, 3]
291.6 fp=[1] true=[3] merged=[1, 3]
291.9 fp=[1] true=[3] merged=[1, 3]
292.2 fp=[1] true=[3] merged=[1, 3]
292.5 fp=[1] true=[3] merged=[1, 3]
292.8 fp=[1] true=[3] merged=[1, 3]
293.1 fp=[1] true=[3] merged=[1, 3]
293.4 fp=[1] true=[3] merged=[1, 3]
293.8 fp=[1] true=[3] merged=[1, 3]
294.1 fp=[1] true=[3] merged=[1, 3]
294.4 fp=[1] true=[3] merged=[1, 3]
294.7 fp=[1] true=[3] merged=[1, 3]
295.0 fp=[1] true=[3] merged=[1, 3]
295.3 fp=[1] true=[3] merged=[1, 3]
295.6 fp=[1] true=[3] merged=[1, 3]
295.9 fp=[1] true=[3] merged=[1, 3]
296.3 fp=[1] true=[3] merged=[1, 3]
296.6 fp=[1] true=[3] merged=[1, 3]
296.9 fp=[1] true=[3] merged=[1, 3]
297.2 fp=[1] true=[3] merged=[1, 3]
297.5 fp=[1] true=[3] merged=[1, 3]
297.8 fp=[1] true=[3] merged=[1, 3]
298.1 fp=[1] true=[3] merged=[1, 3]
298.4 fp=[1] true=[3] merged=[1, 3]
298.7 fp=[1] true=[3] merged=[1, 3]
299.1 fp=[1] true=[3] merged=[1, 3]
299.4 fp=[1] true=[3] merged=[1, 3]
299.7 fp=[1] true=[3] merged=[1, 3]
300.0 fp=[1] true=[3] merged=[1, 3]
300.3 fp=[1] true=[3] merged=[1, 3]
300.6 fp=[1] true=[3] merged=[1, 3]
300.9 fp=[1] true=[3] merged=[1, 3]
301.3 fp=[1] true=[3] merged=[1, 3]
301.6 fp=[1] true=[3] merged=[1, 3]
301.9 fp=[1] true=[3] merged=[1, 3]
302.2 fp=[1] true=[3] merged=[1, 3]
302.5 fp=[1] true=[3] merged=[1, 3]
302.8 fp=[1] true=[3] merged=[1, 3]
303.1 fp=[1] true=[3] merged=[1, 3]
303.4 fp=[1] true=[3] merged=[1, 3]
303.7 fp=[1] true=[3] merged=[1, 3]
304.1 fp=[1] true=[3] merged=[1, 3]
304.4 fp=[1] true=[3] merged=[1, 3]
304.7 fp=[1] true=[3] merged=[1, 3]
305.0 fp=[1] true=[3] merged=[1, 3]
305.3 fp=[1] true=[3] merged=[1, 3]
305.6 fp=[1] true=[3] merged=[1, 3]
305.9 fp=[1] true=[3] merged=[1, 3]
306.2 fp=[1] true=[3] merged=[1, 3]
306.6 fp=[1] true=[3] merged=[1, 3]
306.9 fp=[1] true=[3] merged=[1, 3]
307.2 fp=[1] true=[3] merged=[1, 3]
307.5 fp=[1] true=[3] merged=[1, 3]
307.8 fp=[1] true=[3] merged=[1, 3]
308.2 fp=[1] true=[3] merged=[1, 3]
308.5 fp=[1] true=[3] merged=[1, 3]
308.8 fp=[1] true=[3] merged=[1, 3]
309.1 fp=[6] true=[3] merged=[3, 6]
309.4 fp=[6] true=[3] merged=[3, 6]
309.7 fp=[6] true=[3] merged=[3, 6]
310.0 fp=[6] true=[3] merged=[3, 6]
310.4 fp=[6] true=[3] merged=[3, 6]
310.7 fp=[6] true=[3] merged=[3, 6]
311.0 fp=[6] true=[3] merged=[3, 6]
311.3 fp=[5] true=[3] merged=[3, 5]
311.6 fp=[5] true=[3] merged=[3, 5]
311.9 fp=[5] true=[3] merged=[3, 5]
312.2 fp=[5] true=[3] merged=[3, 5]
312.5 fp=[5] true=[3] merged=[3, 5]
312.9 fp=[5] true=[3] merged=[3, 5]
313.2 fp=[5] true=[3] merged=[3, 5]
313.5 fp=[5] true=[3] merged=[3, 5]
313.8 fp=[5] true=[3] merged=[3, 5]
314.1 fp=[4] true=[3] merged=[3, 4]
314.4 fp=[4] true=[3] merged=[3, 4]
314.7 fp=[4] true=[3] merged=[3, 4]
315.0 fp=[4] true=[3] merged=[3, 4]
315.4 fp=[4] true=[3] merged=[3, 4]
315.7 fp=[4] true=[3] merged=[3, 4]
316.0 fp=[4] true=[3] merged=[3, 4]
316.3 fp=[4] true=[3] merged=[3, 4]
316.6 fp=[4] true=[3] merged=[3, 4]
316.9 fp=[4] true=[3] merged=[3, 4]
317.2 fp=[4] true=[3] merged=[3, 4]
317.5 fp=[4] true=[3] merged=[3, 4]
317.8 fp=[4] true=[3] merged=[3, 4]
318.2 fp=[4] true=[3] merged=[3, 4]
318.5 fp=[4] true=[3] merged=[3, 4]
318.8 fp=[4] true=[3] merged=[3, 4]
319.1 fp=[4] true=[3] merged=[3, 4]
319.4 fp=[4] true=[3] merged=[3, 4]
319.7 fp=[4] true=[3] merged=[3, 4]
320.0 fp=[4] true=[3] merged=[3, 4]
320.3 fp=[4] true=[3] merged=[3, 4]
320.6 fp=[4] true=[3] merged=[3, 4]
321.0 fp=[4] true=[3] merged=[3, 4]
321.3 fp=[4] true=[3] merged=[3, 4]
321.6 fp=[4] true=[3] merged=[3, 4]
321.9 fp=[4] true=[3] merged=[3, 4]
322.2 fp=[4] true=[3] merged=[3, 4]
322.5 fp=[4] true=[3] merged=[3, 4]
322.8 fp=[4] true=[3] merged=[3, 4]
323.1 fp=[4] true=[3] merged=[3, 4]
323.5 fp=[4] true=[3] merged=[3, 4]
323.8 fp=[4] true=[3] merged=[3, 4]
324.1 fp=[4] true=[3] merged=[3, 4]
324.4 fp=[4] true=[3] merged=[3, 4]
324.7 fp=[4] true=[3] merged=[3, 4]
325.0 fp=[4] true=[3] merged=[3, 4]
325.3 fp=[4] true=[3] merged=[3, 4]
325.6 fp=[4] true=[3] merged=[3, 4]
326.0 fp=[4] true=[3] merged=[3, 4]
326.3 fp=[4] true=[3] merged=[3, 4]
326.6 fp=[4] true=[3] merged=[3, 4]
326.9 fp=[4] true=[3] merged=[3, 4]
327.2 fp=[4] true=[3] merged=[3, 4]
327.5 fp=[4] true=[3] merged=[3, 4]
327.8 fp=[4] true=[3] merged=[3, 4]
328.1 fp=[4] true=[3] merged=[3, 4]
328.5 fp=[4] true=[3] merged=[3, 4]
328.8 fp=[4] true=[3] merged=[3, 4]
329.1 fp=[4] true=[3] merged=[3, 4]
329.4 fp=[4] true=[3] merged=[3, 4]
329.7 fp=[4] true=[3] merged=[3, 4]
330.0 fp=[4] true=[3] merged=[3, 4]
330.3 fp=[4] true=[3] merged=[3, 4]
330.6 fp=[4] true=[3] merged=[3, 4]
331.0 fp=[4] true=[3] merged=[3, 4]
331.3 fp=[1] true=[3] merged=[1, 3]
331.6 fp=[1] true=[3] merged=[1, 3]
331.9 fp=[1] true=[3] merged=[1, 3]
332.2 fp=[1] true=[3] merged=[1, 3]
332.5 fp=[1] true=[3] merged=[1, 3]
332.8 fp=[1] true=[3] merged=[1, 3]
333.1 fp=[1] true=[3] merged=[1, 3]
333.4 fp=[1] true=[3] merged=[1, 3]
333.8 fp=[1] true=[3] merged=[1, 3]
334.1 fp=[1] true=[3] merged=[1, 3]
334.4 fp=[1] true=[3] merged=[1, 3]
334.7 fp=[1] true=[3] merged=[1, 3]
335.0 fp=[1] true=[3] merged=[1, 3]
335.3 fp=[1] true=[3] merged=[1, 3]
335.7 fp=[1] true=[3] merged=[1, 3]
336.0 fp=[1] true=[3] merged=[1, 3]
336.3 fp=[1] true=[3] merged=[1, 3]
336.6 fp=[1] true=[3] merged=[1, 3]
336.9 fp=[1] true=[3] merged=[1, 3]
337.2 fp=[1] true=[3] merged=[1, 3]
337.5 fp=[1] true=[3] merged=[1, 3]
337.8 fp=[1] true=[3] merged=[1, 3]
338.2 fp=[1] true=[3] merged=[1, 3]
338.5 fp=[1] true=[3] merged=[1, 3]
338.8 fp=[1] true=[3] merged=[1, 3]
339.1 fp=[1] true=[3] merged=[1, 3]
339.4 fp=[1] true=[3] merged=[1, 3]
339.7 fp=[1] true=[3] merged=[1, 3]
340.0 fp=[1] true=[3] merged=[1, 3]
340.3 fp=[1] true=[3] merged=[1, 3]
340.7 fp=[1] true=[3] merged=[1, 3]
341.0 fp=[1] true=[3] merged=[1, 3]
341.3 fp=[1] true=[3] merged=[1, 3]
341.6 fp=[1] true=[3] merged=[1, 3]
341.9 fp=[1] true=[3] merged=[1, 3]
342.2 fp=[1] true=[3] merged=[1, 3]
342.5 fp=[1] true=[3] merged=[1, 3]
342.9 fp=[1] true=[3] merged=[1, 3]
343.2 fp=[1] true=[3] merged=[1, 3]
343.5 fp=[1] true=[3] merged=[1, 3]
343.8 fp=[1] true=[3] merged=[1, 3]
344.1 fp=[1] true=[3] merged=[1, 3]
344.4 fp=[1] true=[3] merged=[1, 3]
344.7 fp=[1] true=[3] merged=[1, 3]
345.0 fp=[1] true=[3] merged=[1, 3]
345.3 fp=[1] true=[3] merged=[1, 3]
345.6 fp=[1] true=[3] merged=[1, 3]
346.0 fp=[1] true=[3] merged=[1, 3]
346.3 fp=[1] true=[3] merged=[1, 3]
346.6 fp=[1] true=[3] merged=[1, 3]
346.9 fp=[1] true=[3] merged=[1, 3]
347.2 fp=[1] true=[3] merged=[1, 3]
347.5 fp=[1] true=[3] merged=[1, 3]
347.8 fp=[1] true=[3] merged=[1, 3]
348.2 fp=[1] true=[3] merged=[1, 3]
348.5 fp=[1] true=[3] merged=[1, 3]
348.8 fp=[1] true=[3] merged=[1, 3]
349.1 fp=[1] true=[3] merged=[1, 3]
349.4 fp=[1] true=[3] merged=[1, 3]
349.7 fp=[1] true=[3] merged=[1, 3]
350.0 fp=[1] true=[3] merged=[1, 3]
350.3 fp=[1] true=[3] merged=[1, 3]
350.6 fp=[1] true=[3] merged=[1, 3]
351.0 fp=[1] true=[3] merged=[1, 3]
351.3 fp=[1] true=[3] merged=[1, 3]
351.6 fp=[1] true=[3] merged=[1, 3]
351.9 fp=[1] true=[3] merged=[1, 3]
352.2 fp=[1] true=[3] merged=[1, 3]
352.6 fp=[1] true=[3] merged=[1, 3]
352.9 fp=[1] true=[3] merged=[1, 3]
353.2 fp=[1] true=[3] merged=[1, 3]
353.5 fp=[1] true=[3] merged=[1, 3]
353.8 fp=[1] true=[3] merged=[1, 3]
354.1 fp=[1] true=[3] merged=[1, 3]
354.4 fp=[1] true=[3] merged=[1, 3]
354.8 fp=[1] true=[3] merged=[1, 3]
355.1 fp=[1] true=[3] merged=[1, 3]
355.4 fp=[1] true=[3] merged=[1, 3]
355.7 fp=[1] true=[3] merged=[1, 3]
356.0 fp=[1] true=[3] merged=[1, 3]
356.3 fp=[1] true=[3] merged=[1, 3]
356.6 fp=[1] true=[3] merged=[1, 3]
356.9 fp=[1] true=[3] merged=[1, 3]
357.2 fp=[1] true=[3] merged=[1, 3]
357.5 fp=[1] true=[3] merged=[1, 3]
357.9 fp=[1] true=[3] merged=[1, 3]
358.2 fp=[1] true=[3] merged=[1, 3]
358.5 fp=[1] true=[3] merged=[1, 3]
358.8 fp=[1] true=[3] merged=[1, 3]
359.1 fp=[1] true=[3] merged=[1, 3]
359.4 fp=[1] true=[3] merged=[1, 3]
359.7 fp=[1] true=[3] merged=[1, 3]
360.0 fp=[1] true=[3] merged=[1, 3]
360.4 fp=[1] true=[3] merged=[1, 3]
360.7 fp=[1] true=[3] merged=[1, 3]
361.0 fp=[1] true=[3] merged=[1, 3]
361.3 fp=[1] true=[3] merged=[1, 3]
361.6 fp=[1] true=[3] merged=[1, 3]
361.9 fp=[1] true=[3] merged=[1, 3]
362.2 fp=[1] true=[3] merged=[1, 3]
362.5 fp=[1] true=[3] merged=[1, 3]
362.8 fp=[1] true=[3] merged=[1, 3]
363.2 fp=[1] true=[3] merged=[1, 3]
363.5 fp=[1] true=[3] merged=[1, 3]
363.8 fp=[1] true=[3] merged=[1, 3]
364.1 fp=[2] true=[3] merged=[2, 3]
364.4 fp=[2] true=[3] merged=[2, 3]
364.7 fp=[2] true=[3] merged=[2, 3]
365.0 fp=[2] true=[3] merged=[2, 3]
365.3 fp=[2] true=[3] merged=[2, 3]
365.7 fp=[2] true=[3] merged=[2, 3]
366.0 fp=[2] true=[3] merged=[2, 3]
366.3 fp=[2] true=[3] merged=[2, 3]
366.6 fp=[2] true=[3] merged=[2, 3]
366.9 fp=[2] true=[3] merged=[2, 3]
367.2 fp=[2] true=[3] merged=[2, 3]
367.5 fp=[2] true=[3] merged=[2, 3]
367.8 fp=[2] true=[3] merged=[2, 3]
368.1 fp=[2] true=[3] merged=[2, 3]
368.4 fp=[2] true=[3] merged=[2, 3]
368.8 fp=[2] true=[3] merged=[2, 3]
369.1 fp=[2] true=[3] merged=[2, 3]
369.4 fp=[2] true=[3] merged=[2, 3]
369.7 fp=[2] true=[3] merged=[2, 3]
370.0 fp=[2] true=[3] merged=[2, 3]
370.3 fp=[2] true=[3] merged=[2, 3]
370.6 fp=[2] true=[3] merged=[2, 3]
370.9 fp=[2] true=[3] merged=[2, 3]
371.3 fp=[2] true=[3] merged=[2, 3]
371.6 fp=[2] true=[3] merged=[2, 3]
371.9 fp=[2] true=[3] merged=[2, 3]
372.2 fp=[2] true=[3] merged=[2, 3]
372.5 fp=[2] true=[3] merged=[2, 3]
372.8 fp=[2] true=[3] merged=[2, 3]
373.1 fp=[2] true=[3] merged=[2, 3]
373.4 fp=[2] true=[3] merged=[2, 3]
373.8 fp=[2] true=[3] merged=[2, 3]
374.1 fp=[2] true=[3] merged=[2, 3]
374.4 fp=[2] true=[3] merged=[2, 3]
374.7 fp=[2] true=[3] merged=[2, 3]
375.0 fp=[2] true=[3] merged=[2, 3]
375.3 fp=[2] true=[3] merged=[2, 3]
375.6 fp=[2] true=[3] merged=[2, 3]
376.0 fp=[2] true=[3] merged=[2, 3]
376.3 fp=[2] true=[3] merged=[2, 3]
376.6 fp=[2] true=[3] merged=[2, 3]
376.9 fp=[2] true=[3] merged=[2, 3]
377.2 fp=[2] true=[3] merged=[2, 3]
377.5 fp=[2] true=[3] merged=[2, 3]
377.8 fp=[2] true=[3] merged=[2, 3]
378.1 fp=[1] true=[3] merged=[1, 3]
378.4 fp=[1] true=[3] merged=[1, 3]
378.8 fp=[1] true=[3] merged=[1, 3]
379.1 fp=[1] true=[3] merged=[1, 3]
379.4 fp=[1] true=[3] merged=[1, 3]
379.7 fp=[1] true=[3] merged=[1, 3]
380.0 fp=[1] true=[3] merged=[1, 3]
380.3 fp=[1] true=[3] merged=[1, 3]
380.6 fp=[1] true=[3] merged=[1, 3]
380.9 fp=[1] true=[3] merged=[1, 3]
381.2 fp=[1] true=[3] merged=[1, 3]
381.6 fp=[1] true=[3] merged=[1, 3]
381.9 fp=[1] true=[3] merged=[1, 3]
382.2 fp=[1] true=[3] merged=[1, 3]
382.5 fp=[1] true=[3] merged=[1, 3]
382.8 fp=[1] true=[3] merged=[1, 3]
383.1 fp=[1] true=[3] merged=[1, 3]
383.4 fp=[1] true=[3] merged=[1, 3]
383.7 fp=[1] true=[3] merged=[1, 3]
384.0 fp=[1] true=[3] merged=[1, 3]
384.4 fp=[1] true=[3] merged=[1, 3]
384.7 fp=[1] true=[3] merged=[1, 3]
385.0 fp=[1] true=[3] merged=[1, 3]
385.3 fp=[1] true=[3] merged=[1, 3]
385.6 fp=[1] true=[3] merged=[1, 3]
385.9 fp=[1] true=[3] merged=[1, 3]
386.3 fp=[1] true=[3] merged=[1, 3]
386.6 fp=[1] true=[3] merged=[1, 3]
386.9 fp=[1] true=[3] merged=[1, 3]
387.2 fp=[1] true=[3] merged=[1, 3]
