# start rate=10 seed=6 dur=420 n=7 target=3 events=41
6.3 fp=[2] true=[3] merged=[2, 3]
6.6 fp=[2] true=[3] merged=[2, 3]
6.9 fp=[2] true=[3] merged=[2, 3]
7.2 fp=[2] true=[3] merged=[2, 3]
7.6 fp=[2] true=[3] merged=[2, 3]
7.9 fp=[2] true=[3] merged=[2, 3]
8.2 fp=[2] true=[3] merged=[2, 3]
8.5 fp=[2] true=[3] merged=[2, 3]
8.9 fp=[2] true=[3] merged=[2, 3]
9.2 fp=[2] true=[3] merged=[2, 3]
9.5 fp=[2] true=[3] merged=[2, 3]
9.8 fp=[2] true=[3] merged=[2, 3]
10.1 fp=[2] true=[3] merged=[2, 3]
10.4 fp=[2] true=[3] merged=[2, 3]
10.7 fp=[2] true=[3] merged=[2, 3]
11.0 fp=[2] true=[3] merged=[2, 3]
11.4 fp=[2] true=[3] merged=[2, 3]
11.7 fp=[2] true=[3] merged=[2, 3]
12.0 fp=[2] true=[3] merged=[2, 3]
12.3 fp=[2] true=[3] merged=[2, 3]
12.6 fp=[2] true=[3] merged=[2, 3]
12.9 fp=[2] true=[3] merged=[2, 3]
13.2 fp=[2] true=[3] merged=[2, 3]
13.5 fp=[2] true=[3] merged=[2, 3]
13.9 fp=[2] true=[3] merged=[2, 3]
14.2 fp=[2] true=[3] merged=[2, 3]
14.5 fp=[2] true=[3] merged=[2, 3]
14.8 fp=[2] true=[3] merged=[2, 3]
15.1 fp=[2] true=[3] merged=[2, 3]
15.5 fp=[2] true=[3] merged=[2, 3]
15.8 fp=[2] true=[3] merged=[2, 3]
16.1 fp=[2] true=[3] merged=[2, 3]
16.4 fp=[2] true=[3] merged=[2, 3]
16.7 fp=[2] true=[3] merged=[2, 3]
17.0 fp=[2] true=[3] merged=[2, 3]
17.3 fp=[2] true=[3] merged=[2, 3]
17.6 fp=[2] true=[3] merged=[2, 3]
17.9 fp=[2] true=[3] merged=[2, 3]
18.3 fp=[2] true=[3] merged=[2, 3]
18.6 fp=[2] true=[3] merged=[2, 3]
18.9 fp=[2] true=[3] merged=[2, 3]
19.2 fp=[2] true=[3] merged=[2, 3]
19.5 fp=[2] true=[3] merged=[2, 3]
19.8 fp=[2] true=[3] merged=[2, 3]
20.2 fp=[2] true=[3] merged=[2, 3]
20.5 fp=[2] true=[3] merged=[2, 3]
20.8 fp=[2] true=[3] merged=[2, 3]
21.1 fp=[2] true=[3] merged=[2, 3]
21.4 fp=[2] true=[3] merged=[2, 3]
21.7 fp=[2] true=[3] merged=[2, 3]
22.0 fp=[2] true=[3] merged=[2, 3]
22.3 fp=[2] true=[3] merged=[2, 3]
22.6 fp=[2] true=[3] merged=[2, 3]
22.9 fp=[2] true=[3] merged=[2, 3]
23.3 fp=[2] true=[3] merged=[2, 3]
23.6 fp=[2] true=[3] merged=[2, 3]
23.9 fp=[2] true=[3] merged=[2, 3]
24.2 fp=[2] true=[3] merged=[2, 3]
24.5 fp=[2] true=[3] merged=[2, 3]
24.8 fp=[2] true=[3] merged=[2, 3]
25.1 fp=[2] true=[3] merged=[2, 3]
25.4 fp=[2] true=[3] merged=[2, 3]
25.7 fp=[2] true=[3] merged=[2, 3]
26.0 fp=[2] true=[3] merged=[2, 3]
26.4 fp=[2] true=[3] merged=[2, 3]
26.7 fp=[2] true=[3] merged=[2, 3]
27.0 fp=[2] true=[3] merged=[2, 3]
27.3 fp=[2] true=[3] merged=[2, 3]
27.6 fp=[2] true=[3] merged=[2, 3]
27.9 fp=[2] true=[3] merged=[2, 3]
28.2 fp=[2] true=[3] merged=[2, 3]
28.6 fp=[2] true=[3] merged=[2, 3]
28.9 fp=[2] true=[3] merged=[2, 3]
29.2 fp=[2] true=[3] merged=[2, 3]
29.5 fp=[2] true=[3] merged=[2, 3]
29.8 fp=[2] true=[3] merged=[2, 3]
30.1 fp=[2] true=[3] merged=[2, 3]
30.4 fp=[2] true=[3] merged=[2, 3]
30.7 fp=[2] true=[3] merged=[2, 3]
31.0 fp=[2] true=[3] merged=[2, 3]
31.4 fp=[2] true=[3] merged=[2, 3]
31.7 fp=[2] true=[3] merged=[2, 3]
32.0 fp=[2] true=[3] merged=[2, 3]
50.1 fp=[7] true=[3] merged=[3, 7]
50.4 fp=[7] true=[3] merged=[3, 7]
50.7 fp=[7] true=[3] merged=[3, 7]
51.0 fp=[7] true=[3] merged=[3, 7]
51.4 fp=[7] true=[3] merged=[3, 7]
51.7 fp=[7] true=[3] merged=[3, 7]
52.0 fp=[7] true=[3] merged=[3, 7]
52.3 fp=[7] true=[3] merged=[3, 7]
52.6 fp=[7] true=[3] merged=[3, 7]
52.9 fp=[7] true=[3] merged=[3, 7]
53.2 fp=[7] true=[3] merged=[3, 7]
53.5 fp=[7] true=[3] merged=[3, 7]
53.9 fp=[7] true=[3] merged=[3, 7]
54.2 fp=[7] true=[3] merged=[3, 7]
54.5 fp=[7] true=[3] merged=[3, 7]
54.8 fp=[7] true=[3] merged=[3, 7]
55.1 fp=[7] true=[3] merged=[3, 7]
55.4 fp=[7] true=[3] merged=[3, 7]
55.7 fp=[7] true=[3] merged=[3, 7]
56.0 fp=[7] true=[3] merged=[3, 7]
56.3 fp=[7] true=[3] merged=[3, 7]
56.6 fp=[7] true=[3] merged=[3, 7]
57.0 fp=[7] true=[3] merged=[3, 7]
57.3 fp=[7] true=[3] merged=[3, 7]
57.6 fp=[7] true=[3] merged=[3, 7]
57.9 fp=[7] true=[3] merged=[3, 7]
58.2 fp=[7] true=[3] merged=[3, 7]
58.5 fp=[7] true=[3] merged=[3, 7]
58.8 fp=[7] true=[3] merged=[3, 7]
59.1 fp=[7] true=[3] merged=[3, 7]
59.4 fp=[7] true=[3] merged=[3, 7]
59.7 fp=[7] true=[3] merged=[3, 7]
60.1 fp=[7] true=[3] merged=[3, 7]
60.4 fp=[7] true=[3] merged=[3, 7]
60.7 fp=[7] true=[3] merged=[3, 7]
61.0 fp=[7] true=[3] merged=[3, 7]
61.3 fp=[7] true=[3] merged=[3, 7]
61.6 fp=[7] true=[3] merged=[3, 7]
61.9 fp=[7] true=[3] merged=[3, 7]
62.2 fp=[7] true=[3] merged=[3, 7]
62.5 fp=[7] true=[3] merged=[3, 7]
62.8 fp=[7] true=[3] merged=[3, 7]
63.2 fp=[7] true=[3] merged=[3, 7]
63.5 fp=[7] true=[3] merged=[3, 7]
63.8 fp=[7] true=[3] merged=[3, 7]
64.1 fp=[7] true=[3] merged=[3, 7]
64.4 fp=[7] true=[3] merged=[3, 7]
64.7 fp=[7] true=[3] merged=[3, 7]
65.0 fp=[7] true=[3] merged=[3, 7]
65.3 fp=[7] true=[3] merged=[3, 7]
65.6 fp=[7] true=[3] merged=[3, 7]
66.0 fp=[7] true=[3] merged=[3, 7]
66.3 fp=[7] true=[3] merged=[3, 7]
66.6 fp=[7] true=[3] merged=[3, 7]
66.9 fp=[7] true=[3] merged=[3, 7]
67.2 fp=[7] true=[3] merged=[3, 7]
67.5 fp=[7] true=[3] merged=[3, 7]
67.8 fp=[7] true=[3] merged=[3, 7]
68.2 fp=[7] true=[3] merged=[3, 7]
68.5 fp=[7] true=[3] merged=[3, 7]
68.8 fp=[7] true=[3] merged=[3, 7]
69.1 fp=[7] true=[3] merged=[3, 7]
69.4 fp=[7] true=[3] merged=[3, 7]
69.7 fp=[7] true=[3] merged=[3, 7]
70.0 fp=[7] true=[3] merged=[3, 7]
70.3 fp=[7] true=[3] merged=[3, 7]
70.7 fp=[7] true=[3] merged=[3, 7]
71.0 fp=[7] true=[3] merged=[3, 7]
71.3 fp=[7] true=[3] merged=[3, 7]
71.6 fp=[7] true=[3] merged=[3, 7]
71.9 fp=[7] true=[3] merged=[3, 7]
72.2 fp=[7] true=[3] merged=[3, 7]
72.5 fp=[7] true=[3] merged=[3, 7]
72.8 fp=[7] true=[3] merged=[3, 7]
73.1 fp=[7] true=[3] merged=[3, 7]
73.4 fp=[7] true=[3] merged=[3, 7]
73.8 fp=[7] true=[3] merged=[3, 7]
74.1 fp=[7] true=[3] merged=[3, 7]
74.4 fp=[7] true=[3] merged=[3, 7]
74.7 fp=[7] true=[3] merged=[3, 7]
75.0 fp=[7] true=[3] merged=[3, 7]
75.3 fp=[7] true=[3] merged=[3, 7]
75.7 fp=[7] true=[3] merged=[3, 7]
76.0 fp=[7] true=[3] merged=[3, 7]
76.3 fp=[7] true=[3] merged=[3, 7]
76.6 fp=[7] true=[3] merged=[3, 7]
76.9 fp=[7] true=[3] merged=[3, 7]
77.2 fp=[7] true=[3] merged=[3, 7]
77.5 fp=[7] true=[3] merged=[3, 7]
77.8 fp=[7] true=[3] merged=[3, 7]
78.2 fp=[7] true=[3] merged=[3, 7]
78.5 fp=[7] true=[3] merged=[3, 7]
78.8 fp=[7] true=[3] merged=[3, 7]
79.1 fp=[7] true=[3] merged=[3, 7]
79.4 fp=[7] true=[3] merged=[3, 7]
79.7 fp=[7] true=[3] merged=[3, 7]
80.0 fp=[7] true=[3] merged=[3, 7]
80.3 fp=[7] true=[3] merged=[3, 7]
80.6 fp=[7] true=[3] merged=[3, 7]
80.9 fp=[7] true=[3] merged=[3, 7]
81.3 fp=[7] true=[3] merged=[3, 7]
81.6 fp=[7] true=[3] merged=[3, 7]
81.9 fp=[7] true=[3] merged=[3, 7]
82.2 fp=[7] true=[3] merged=[3, 7]
82.5 fp=[7] true=[3] merged=[3, 7]
82.8 fp=[7] true=[3] merged=[3, 7]
103.1 fp=[4] true=[3] merged=[3, 4]
103.4 fp=[4] true=[3] merged=[3, 4]
103.8 fp=[4] true=[3] merged=[3, 4]
104.1 fp=[4] true=[3] merged=[3, 4]
104.4 fp=[4] true=[3] merged=[3, 4]
104.7 fp=[4] true=[3] merged=[3, 4]
105.0 fp=[4] true=[3] merged=[3, 4]
105.3 fp=[4] true=[3] merged=[3, 4]
105.6 fp=[4] true=[3] merged=[3, 4]
105.9 fp=[4] true=[3] merged=[3, 4]
106.3 fp=[4] true=[3] merged=[3, 4]
106.6 fp=[4] true=[3] merged=[3, 4]
106.9 fp=[4] true=[3] merged=[3, 4]
107.2 fp=[4] true=[3] merged=[3, 4]
107.5 fp=[4] true=[3] merged=[3, 4]
107.8 fp=[4] true=[3] merged=[3, 4]
108.1 fp=[4] true=[3] merged=[3, 4]
108.4 fp=[4] true=[3] merged=[3, 4]
108.8 fp=[4] true=[3] merged=[3, 4]
109.1 fp=[4] true=[3] merged=[3, 4]
109.4 fp=[4] true=[3] merged=[3, 4]
109.7 fp=[4] true=[3] merged=[3, 4]
110.0 fp=[4] true=[3] merged=[3, 4]
110.3 fp=[4] true=[3] merged=[3, 4]
110.6 fp=[4] true=[3] merged=[3, 4]
110.9 fp=[4] true=[3] merged=[3, 4]
111.2 fp=[1] true=[3] merged=[1, 3]
111.5 fp=[1] true=[3] merged=[1, 3]
111.9 fp=[1] true=[3] merged=[1, 3]
112.2 fp=[1] true=[3] merged=[1, 3]
112.5 fp=[1] true=[3] merged=[1, 3]
112.8 fp=[1] true=[3] merged=[1, 3]
113.1 fp=[1] true=[3] merged=[1, 3]
113.4 fp=[1] true=[3] merged=[1, 3]
113.8 fp=[1] true=[3] merged=[1, 3]
114.1 fp=[1] true=[3] merged=[1, 3]
114.4 fp=[1] true=[3] merged=[1, 3]
114.7 fp=[1] true=[3] merged=[1, 3]
115.0 fp=[1] true=[3] merged=[1, 3]
115.3 fp=[1] true=[3] merged=[1, 3]
115.6 fp=[1] true=[3] merged=[1, 3]
116.0 fp=[1] true=[3] merged=[1, 3]
116.3 fp=[1] true=[3] merged=[1, 3]
116.6 fp=[1] true=[3] merged=[1, 3]
116.9 fp=[1] true=[3] merged=[1, 3]
117.2 fp=[1] true=[3] merged=[1, 3]
117.5 fp=[1] true=[3] merged=[1, 3]
117.8 fp=[1] true=[3] merged=[1, 3]
118.1 fp=[1] true=[3] merged=[1, 3]
118.4 fp=[1] true=[3] merged=[1, 3]
118.8 fp=[1] true=[3] merged=[1, 3]
119.1 fp=[1] true=[3] merged=[1, 3]
119.4 fp=[1] true=[3] merged=[1, 3]
119.7 fp=[1] true=[3] merged=[1, 3]
120.0 fp=[1] true=[3] merged=[1, 3]
120.3 fp=[1] true=[3] merged=[1, 3]
120.6 fp=[1] true=[3] merged=[1, 3]
120.9 fp=[1] true=[3] merged=[1, 3]
121.2 fp=[1] true=[3] merged=[1, 3]
121.6 fp=[1] true=[3] merged=[1, 3]
121.9 fp=[1] true=[3] merged=[1, 3]
122.2 fp=[1] true=[3] merged=[1, 3]
122.5 fp=[1] true=[3] merged=[1, 3]
122.8 fp=[1] true=[3] merged=[1, 3]
123.1 fp=[1] true=[3] merged=[1, 3]
123.4 fp=[1] true=[3] merged=[1, 3]
123.8 fp=[1] true=[3] merged=[1, 3]
124.1 fp=[1] true=[3] merged=[1, 3]
124.4 fp=[1] true=[3] merged=[1, 3]
124.7 fp=[1] true=[3] merged=[1, 3]
125.0 fp=[1] true=[3] merged=[1, 3]
125.4 fp=[1] true=[3] merged=[1, 3]
125.7 fp=[1] true=[3] merged=[1, 3]
126.0 fp=[1] true=[3] merged=[1, 3]
126.3 fp=[1] true=[3] merged=[1, 3]
126.6 fp=[1] true=[3] merged=[1, 3]
126.9 fp=[1] true=[3] merged=[1, 3]
127.2 fp=[1] true=[3] merged=[1, 3]
127.6 fp=[1] true=[3] merged=[1, 3]
127.9 fp=[1] true=[3] merged=[1, 3]
128.2 fp=[1] true=[3] merged=[1, 3]
128.5 fp=[1] true=[3] merged=[1, 3]
128.8 fp=[1] true=[3] merged=[1, 3]
129.1 fp=[1] true=[3] merged=[1, 3]
129.4 fp=[1] true=[3] merged=[1, 3]
129.7 fp=[1] true=[3] merged=[1, 3]
130.0 fp=[1] true=[3] merged=[1, 3]
130.3 fp=[1] true=[3] merged=[1, 3]
130.6 fp=[1] true=[3] merged=[1, 3]
131.0 fp=[1] true=[3] merged=[1, 3]
131.3 fp=[2] true=[3] merged=[2, 3]
131.6 fp=[2] true=[3] merged=[2, 3]
131.9 fp=[2] true=[3] merged=[2, 3]
132.2 fp=[2] true=[3] merged=[2, 3]
132.5 fp=[2] true=[3] merged=[2, 3]
132.8 fp=[2] true=[3] merged=[2, 3]
133.1 fp=[2] true=[3] merged=[2, 3]
133.5 fp=[2] true=[3] merged=[2, 3]
133.8 fp=[2] true=[3] merged=[2, 3]
134.1 fp=[2] true=[3] merged=[2, 3]
134.4 fp=[2] true=[3] merged=[2, 3]
134.7 fp=[2] true=[3] merged=[2, 3]
135.0 fp=[2] true=[3] merged=[2, 3]
135.3 fp=[2] true=[3] merged=[2, 3]
135.7 fp=[2] true=[3] merged=[2, 3]
136.0 fp=[2] true=[3] merged=[2, 3]
136.3 fp=[7] true=[3] merged=[3, 7]
136.6 fp=[7] true=[3] merged=[3, 7]
136.9 fp=[7] true=[3] merged=[3, 7]
137.2 fp=[7] true=[3] merged=[3, 7]
137.5 fp=[7] true=[3] merged=[3, 7]
137.9 fp=[7] true=[3] merged=[3, 7]
138.2 fp=[7] true=[3] merged=[3, 7]
138.5 fp=[7] true=[3] merged=[3, 7]
138.8 fp=[7] true=[3] merged=[3, 7]
139.1 fp=[7] true=[3] merged=[3, 7]
139.4 fp=[7] true=[3] merged=[3, 7]
139.7 fp=[7] true=[3] merged=[3, 7]
140.1 fp=[7] true=[3] merged=[3, 7]
140.4 fp=[7] true=[3] merged=[3, 7]
140.7 fp=[7] true=[3] merged=[3, 7]
141.0 fp=[7] true=[3] merged=[3, 7]
141.3 fp=[7] true=[3] merged=[3, 7]
141.6 fp=[7] true=[3] merged=[3, 7]
141.9 fp=[7] true=[3] merged=[3, 7]
142.2 fp=[7] true=[3] merged=[3, 7]
142.5 fp=[7] true=[3] merged=[3, 7]
142.8 fp=[7] true=[3] merged=[3, 7]
143.1 fp=[7] true=[3] merged=[3, 7]
143.5 fp=[7] true=[3] merged=[3, 7]
143.8 fp=[7] true=[3] merged=[3, 7]
144.1 fp=[7] true=[3] merged=[3, 7]
144.4 fp=[7] true=[3] merged=[3, 7]
144.7 fp=[7] true=[3] merged=[3, 7]
145.1 fp=[7] true=[3] merged=[3, 7]
145.4 fp=[7] true=[3] merged=[3, 7]
145.7 fp=[7] true=[3] merged=[3, 7]
146.0 fp=[7] true=[3] merged=[3, 7]
146.3 fp=[7] true=[3] merged=[3, 7]
146.6 fp=[7] true=[3] merged=[3, 7]
146.9 fp=[7] true=[3] merged=[3, 7]
147.2 fp=[7] true=[3] merged=[3, 7]
147.5 fp=[7] true=[3] merged=[3, 7]
147.9 fp=[7] true=[3] merged=[3, 7]
148.2 fp=[7] true=[3] merged=[3, 7]
148.5 fp=[7] true=[3] merged=[3, 7]
148.8 fp=[7] true=[3] merged=[3, 7]
149.1 fp=[7] true=[3] merged=[3, 7]
149.4 fp=[7] true=[3] merged=[3, 7]
149.7 fp=[7] true=[3] merged=[3, 7]
154.1 fp=[2] true=[3] merged=[2, 3]
154.4 fp=[2] true=[3] merged=[2, 3]
154.7 fp=[2] true=[3] merged=[2, 3]
155.0 fp=[2] true=[3] merged=[2, 3]
155.3 fp=[2] true=[3] merged=[2, 3]
155.6 fp=[2] true=[3] merged=[2, 3]
155.9 fp=[2] true=[3] merged=[2, 3]
156.3 fp=[2] true=[3] merged=[2, 3]
156.6 fp=[2] true=[3] merged=[2, 3]
156.9 fp=[2] true=[3] merged=[2, 3]
157.2 fp=[2] true=[3] merged=[2, 3]
157.5 fp=[2] true=[3] merged=[2, 3]
157.8 fp=[2] true=[3] merged=[2, 3]
158.2 fp=[2] true=[3] merged=[2, 3]
158.5 fp=[2] true=[3] merged=[2, 3]
158.8 fp=[2] true=[3] merged=[2, 3]
159.1 fp=[2] true=[3] merged=[2, 3]
159.4 fp=[2] true=[3] merged=[2, 3]
159.7 fp=[2] true=[3] merged=[2, 3]
160.0 fp=[2] true=[3] merged=[2, 3]
160.3 fp=[2] true=[3] merged=[2, 3]
160.6 fp=[2] true=[3] merged=[2, 3]
160.9 fp=[2] true=[3] merged=[2, 3]
161.2 fp=[2] true=[3] merged=[2, 3]
161.6 fp=[2] true=[3] merged=[2, 3]
161.9 fp=[2] true=[3] merged=[2, 3]
162.2 fp=[2] true=[3] merged=[2, 3]
162.5 fp=[2] true=[3] merged=[2, 3]
162.8 fp=[2] true=[3] merged=[2, 3]
163.1 fp=[2] true=[3] merged=[2, 3]
163.4 fp=[2] true=[3] merged=[2, 3]
163.7 fp=[2] true=[3] merged=[2, 3]
164.0 fp=[2] true=[3] merged=[2, 3]
164.4 fp=[2] true=[3] merged=[2, 3]
164.7 fp=[2] true=[3] merged=[2, 3]
165.0 fp=[2] true=[3] merged=[2, 3]
165.3 fp=[2] true=[3] merged=[2, 3]
165.6 fp=[2] true=[3] merged=[2, 3]
165.9 fp=[2] true=[3] merged=[2, 3]
166.2 fp=[2] true=[3] merged=[2, 3]
166.5 fp=[2] true=[3] merged=[2, 3]
166.9 fp=[2] true=[3] merged=[2, 3]
167.2 fp=[2] true=[3] merged=[2, 3]
167.5 fp=[2] true=[3] merged=[2, 3]
167.8 fp=[2] true=[3] merged=[2, 3]
168.1 fp=[2] true=[3] merged=[2, 3]
168.5 fp=[2] true=[3] merged=[2, 3]
168.8 fp=[2] true=[3] merged=[2, 3]
169.1 fp=[2] true=[3] merged=[2, 3]
169.4 fp=[2] true=[3] merged=[2, 3]
169.7 fp=[2] true=[3] merged=[2, 3]
170.0 fp=[2] true=[3] merged=[2, 3]
170.3 fp=[2] true=[3] merged=[2, 3]
170.7 fp=[2] true=[3] merged=[2, 3]
171.0 fp=[2] true=[3] merged=[2, 3]
171.3 fp=[2] true=[3] merged=[2, 3]
171.6 fp=[2] true=[3] merged=[2, 3]
171.9 fp=[2] true=[3] merged=[2, 3]
172.2 fp=[2] true=[3] merged=[2, 3]
172.5 fp=[2] true=[3] merged=[2, 3]
172.9 fp=[2] true=[3] merged=[2, 3]
173.2 fp=[2] true=[3] merged=[2, 3]
173.5 fp=[2] true=[3] merged=[2, 3]
173.8 fp=[2] true=[3] merged=[2, 3]
174.1 fp=[6] true=[3] merged=[3, 6]
174.5 fp=[6] true=[3] merged=[3, 6]
174.8 fp=[6] true=[3] merged=[3, 6]
175.1 fp=[6] true=[3] merged=[3, 6]
175.4 fp=[6] true=[3] merged=[3, 6]
175.7 fp=[6] true=[3] merged=[3, 6]
176.0 fp=[2] true=[3] merged=[2, 3]
176.3 fp=[2] true=[3] merged=[2, 3]
176.6 fp=[2] true=[3] merged=[2, 3]
177.0 fp=[2] true=[3] merged=[2, 3]
177.3 fp=[2] true=[3] merged=[2, 3]
177.6 fp=[2] true=[3] merged=[2, 3]
177.9 fp=[2] true=[3] merged=[2, 3]
178.2 fp=[2] true=[3] merged=[2, 3]
178.5 fp=[2] true=[3] merged=[2, 3]
178.8 fp=[2] true=[3] merged=[2, 3]
179.1 fp=[2] true=[3] merged=[2, 3]
179.5 fp=[2] true=[3] merged=[2, 3]
179.8 fp=[2] true=[3] merged=[2, 3]
180.1 fp=[2] true=[3] merged=[2, 3]
180.4 fp=[2] true=[3] merged=[2, 3]
180.7 fp=[2] true=[3] merged=[2, 3]
181.0 fp=[2] true=[3] merged=[2, 3]
181.3 fp=[2] true=[3] merged=[2, 3]
181.7 fp=[2] true=[3] merged=[2, 3]
182.0 fp=[2] true=[3] merged=[2, 3]
182.3 fp=[2] true=[3] merged=[2, 3]
182.6 fp=[2] true=[3] merged=[2, 3]
182.9 fp=[2] true=[3] merged=[2, 3]
183.2 fp=[2] true=[3] merged=[2, 3]
183.5 fp=[2] true=[3] merged=[2, 3]
183.9 fp=[2] true=[3] merged=[2, 3]
184.2 fp=[2] true=[3] merged=[2, 3]
184.5 fp=[2] true=[3] merged=[2, 3]
184.8 fp=[2] true=[3] merged=[2, 3]
185.1 fp=[2] true=[3] merged=[2, 3]
185.4 fp=[2] true=[3] merged=[2, 3]
185.7 fp=[2] true=[3] merged=[2, 3]
186.0 fp=[2] true=[3] merged=[2, 3]
186.3 fp=[2] true=[3] merged=[2, 3]
186.7 fp=[2] true=[3] merged=[2, 3]
187.0 fp=[2] true=[3] merged=[2, 3]
187.3 fp=[2] true=[3] merged=[2, 3]
187.6 fp=[2] true=[3] merged=[2, 3]
187.9 fp=[2] true=[3] merged=[2, 3]
188.2 fp=[2] true=[3] merged=[2, 3]
188.5 fp=[2] true=[3] merged=[2, 3]
188.8 fp=[2] true=[3] merged=[2, 3]
189.1 fp=[2] true=[3] merged=[2, 3]
189.4 fp=[2] true=[3] merged=[2, 3]
189.8 fp=[2] true=[3] merged=[2, 3]
190.1 fp=[2] true=[3] merged=[2, 3]
190.4 fp=[2] true=[3] merged=[2, 3]
190.7 fp=[2] true=[3] merged=[2, 3]
191.0 fp=[2] true=[3] merged=[2, 3]
191.3 fp=[2] true=[3] merged=[2, 3]
191.6 fp=[2] true=[3] merged=[2, 3]
191.9 fp=[2] true=[3] merged=[2, 3]
192.3 fp=[2] true=[3] merged=[2, 3]
192.6 fp=[2] true=[3] merged=[2, 3]
192.9 fp=[2] true=[3] merged=[2, 3]
193.2 fp=[2] true=[3] merged=[2, 3]
193.5 fp=[2] true=[3] merged=[2, 3]
193.8 fp=[2] true=[3] merged=[2, 3]
194.1 fp=[2] true=[3] merged=[2, 3]
194.4 fp=[2] true=[3] merged=[2, 3]
194.8 fp=[2] true=[3] merged=[2, 3]
195.1 fp=[2] true=[3] merged=[2, 3]
195.4 fp=[2] true=[3] merged=[2, 3]
195.7 fp=[2] true=[3] merged=[2, 3]
196.0 fp=[2] true=[3] merged=[2, 3]
196.3 fp=[2] true=[3] merged=[2, 3]
196.6 fp=[2] true=[3] merged=[2, 3]
196.9 fp=[2] true=[3] merged=[2, 3]
197.3 fp=[2] true=[3] merged=[2, 3]
197.6 fp=[2] true=[3] merged=[2, 3]
197.9 fp=[2] true=[3] merged=[2, 3]
198.2 fp=[2] true=[3] merged=[2, 3]
198.5 fp=[2] true=[3] merged=[2, 3]
198.8 fp=[2] true=[3] merged=[2, 3]
199.1 fp=[2] true=[3] merged=[2, 3]
199.5 fp=[2] true=[3] merged=[2, 3]
199.8 fp=[2] true=[3] merged=[2, 3]
200.1 fp=[2] true=[3] merged=[2, 3]
200.4 fp=[2] true=[3] merged=[2, 3]
200.7 fp=[2] true=[3] merged=[2, 3]
201.0 fp=[2] true=[3] merged=[2, 3]
201.3 fp=[2] true=[3] merged=[2, 3]
201.6 fp=[2] true=[3] merged=[2, 3]
201.9 fp=[2] true=[3] merged=[2, 3]
202.3 fp=[2] true=[3] merged=[2, 3]
202.6 fp=[2] true=[3] merged=[2, 3]
202.9 fp=[2] true=[3] merged=[2, 3]
203.2 fp=[2] true=[3] merged=[2, 3]
203.5 fp=[2] true=[3] merged=[2, 3]
203.8 fp=[2] true=[3] merged=[2, 3]
204.2 fp=[2] true=[3] merged=[2, 3]
204.5 fp=[2] true=[3] merged=[2, 3]
204.8 fp=[2] true=[3] merged=[2, 3]
205.1 fp=[4] true=[3] merged=[3, 4]
205.4 fp=[4] true=[3] merged=[3, 4]
205.7 fp=[4] true=[3] merged=[3, 4]
206.0 fp=[4] true=[3] merged=[3, 4]
206.3 fp=[4] true=[3] merged=[3, 4]
206.6 fp=[4] true=[3] merged=[3, 4]
207.0 fp=[4] true=[3] merged=[3, 4]
207.3 fp=[4] true=[3] merged=[3, 4]
207.6 fp=[4] true=[3] merged=[3, 4]
207.9 fp=[4] true=[3] merged=[3, 4]
208.2 fp=[4] true=[3] merged=[3, 4]
208.5 fp=[4] true=[3] merged=[3, 4]
208.8 fp=[4] true=[3] merged=[3, 4]
209.1 fp=[4] true=[3] merged=[3, 4]
209.4 fp=[4] true=[3] merged=[3, 4]
209.7 fp=[4] true=[3] merged=[3, 4]
210.1 fp=[4] true=[3] merged=[3, 4]
210.4 fp=[4] true=[3] merged=[3, 4]
210.7 fp=[4] true=[3] merged=[3, 4]
211.0 fp=[4] true=[3] merged=[3, 4]
211.3 fp=[4] true=[3] merged=[3, 4]
211.6 fp=[4] true=[3] merged=[3, 4]
211.9 fp=[4] true=[3] merged=[3, 4]
212.3 fp=[4] true=[3] merged=[3, 4]
212.6 fp=[4] true=[3] merged=[3, 4]
212.9 fp=[4] true=[3] merged=[3, 4]
213.2 fp=[4] true=[3] merged=[3, 4]
213.5 fp=[4] true=[3] merged=[3, 4]
213.8 fp=[4] true=[3] merged=[3, 4]
214.1 fp=[4] true=[3] merged=[3, 4]
214.4 fp=[4] true=[3] merged=[3, 4]
214.8 fp=[4] true=[3] merged=[3, 4]
215.1 fp=[4] true=[3] merged=[3, 4]
215.4 fp=[4] true=[3] merged=[3, 4]
215.7 fp=[4] true=[3] merged=[3, 4]
216.0 fp=[4] true=[3] merged=[3, 4]
216.3 fp=[4] true=[3] merged=[3, 4]
216.6 fp=[4] true=[3] merged=[3, 4]
216.9 fp=[4] true=[3] merged=[3, 4]
217.2 fp=[1] true=[3] merged=[1, 3]
217.5 fp=[1] true=[3] merged=[1, 3]
217.9 fp=[1] true=[3] merged=[1, 3]
218.2 fp=[1] true=[3] merged=[1, 3]
218.5 fp=[1] true=[3] merged=[1, 3]
218.8 fp=[1] true=[3] merged=[1, 3]
219.1 fp=[1] true=[3] merged=[1, 3]
219.4 fp=[1] true=[3] merged=[1, 3]
219.7 fp=[1] true=[3] merged=[1, 3]
220.1 fp=[1] true=[3] merged=[1, 3]
220.4 fp=[1] true=[3] merged=[1, 3]
220.7 fp=[1] true=[3] merged=[1, 3]
221.0 fp=[1] true=[3] merged=[1, 3]
221.3 fp=[1] true=[3] merged=[1, 3]
221.6 fp=[1] true=[3] merged=[1, 3]
221.9 fp=[1] true=[3] merged=[1, 3]
222.3 fp=[1] true=[3] merged=[1, 3]
222.6 fp=[1] true=[3] merged=[1, 3]
222.9 fp=[1] true=[3] merged=[1, 3]
223.2 fp=[1] true=[3] merged=[1, 3]
223.5 fp=[1] true=[3] merged=[1, 3]
223.8 fp=[1] true=[3] merged=[1, 3]
224.1 fp=[1] true=[3] merged=[1, 3]
224.4 fp=[1] true=[3] merged=[1, 3]
224.8 fp=[1] true=[3] merged=[1, 3]
225.1 fp=[1] true=[3] merged=[1, 3]
225.4 fp=[1] true=[3] merged=[1, 3]
225.7 fp=[1] true=[3] merged=[1, 3]
226.0 fp=[1] true=[3] merged=[1, 3]
226.3 fp=[1] true=[3] merged=[1, 3]
226.6 fp=[1] true=[3] merged=[1, 3]
227.0 fp=[1] true=[3] merged=[1, 3]
227.3 fp=[1] true=[3] merged=[1, 3]
227.6 fp=[1] true=[3] merged=[1, 3]
227.9 fp=[1] true=[3] merged=[1, 3]
228.2 fp=[1] true=[3] merged=[1, 3]
228.5 fp=[1] true=[3] merged=[1, 3]
228.8 fp=[1] true=[3] merged=[1, 3]
229.1 fp=[1] true=[3] merged=[1, 3]
229.5 fp=[1] true=[3] merged=[1, 3]
229.8 fp=[1] true=[3] merged=[1, 3]
230.1 fp=[1] true=[3] merged=[1, 3]
230.4 fp=[1] true=[3] merged=[1, 3]
230.7 fp=[1] true=[3] merged=[1, 3]
231.0 fp=[1] true=[3] merged=[1, 3]
231.3 fp=[1] true=[3] merged=[1, 3]
231.6 fp=[1] true=[3] merged=[1, 3]
231.9 fp=[1] true=[3] merged=[1, 3]
232.2 fp=[1] true=[3] merged=[1, 3]
232.6 fp=[1] true=[3] merged=[1, 3]
232.9 fp=[1] true=[3] merged=[1, 3]
233.2 fp=[1] true=[3] merged=[1, 3]
233.5 fp=[1] true=[3] merged=[1, 3]
233.8 fp=[1] true=[3] merged=[1, 3]
234.1 fp=[1] true=[3] merged=[1, 3]
234.4 fp=[1] true=[3] merged=[1, 3]
234.7 fp=[1] true=[3] merged=[1, 3]
235.1 fp=[1] true=[3] merged=[1, 3]
235.4 fp=[1] true=[3] merged=[1, 3]
235.7 fp=[1] true=[3] merged=[1, 3]
236.0 fp=[1] true=[3] merged=[1, 3]
236.3 fp=[1] true=[3] merged=[1, 3]
236.6 fp=[1] true=[3] merged=[1, 3]
236.9 fp=[1] true=[3] merged=[1, 3]
237.2 fp=[1] true=[3] merged=[1, 3]
237.5 fp=[1] true=[3] merged=[1, 3]
237.8 fp=[1] true=[3] merged=[1, 3]
238.2 fp=[1] true=[3] merged=[1, 3]
238.5 fp=[1] true=[3] merged=[1, 3]
238.8 fp=[1] true=[3] merged=[1, 3]
239.1 fp=[1] true=[3] merged=[1, 3]
239.4 fp=[1] true=[3] merged=[1, 3]
239.7 fp=[1] true=[3] merged=[1, 3]
240.0 fp=[1] true=[3] merged=[1, 3]
240.3 fp=[1] true=[3] merged=[1, 3]
240.6 fp=[1] true=[3] merged=[1, 3]
240.9 fp=[1] true=[3] merged=[1, 3]
241.3 fp=[1] true=[3] merged=[1, 3]
241.6 fp=[1] true=[3] merged=[1, 3]
241.9 fp=[1] true=[3] merged=[1, 3]
242.2 fp=[2] true=[3] merged=[2, 3]
242.5 fp=[2] true=[3] merged=[2, 3]
242.8 fp=[2] true=[3] merged=[2, 3]
243.1 fp=[2] true=[3] merged=[2, 3]
243.4 fp=[2] true=[3] merged=[2, 3]
243.8 fp=[2] true=[3] merged=[2, 3]
244.1 fp=[2] true=[3] merged=[2, 3]
244.4 fp=[2] true=[3] merged=[2, 3]
244.7 fp=[2] true=[3] merged=[2, 3]
245.0 fp=[2] true=[3] merged=[2, 3]
245.3 fp=[2] true=[3] merged=[2, 3]
245.6 fp=[2] true=[3] merged=[2, 3]
246.0 fp=[2] true=[3] merged=[2, 3]
246.3 fp=[2] true=[3] merged=[2, 3]
246.6 fp=[2] true=[3] merged=[2, 3]
246.9 fp=[2] true=[3] merged=[2, 3]
247.2 fp=[2] true=[3] merged=[2, 3]
247.5 fp=[2] true=[3] merged=[2, 3]
247.8 fp=[2] true=[3] merged=[2, 3]
248.2 fp=[2] true=[3] merged=[2, 3]
248.5 fp=[2] true=[3] merged=[2, 3]
248.8 fp=[2] true=[3] merged=[2, 3]
249.1 fp=[2] true=[3] merged=[2, 3]
249.4 fp=[2] true=[3] merged=[2, 3]
249.7 fp=[2] true=[3] merged=[2, 3]
250.0 fp=[2] true=[3] merged=[2, 3]
250.3 fp=[2] true=[3] merged=[2, 3]
250.6 fp=[2] true=[3] merged=[2, 3]
250.9 fp=[2] true=[3] merged=[2, 3]
251.3 fp=[2] true=[3] merged=[2, 3]
251.6 fp=[2] true=[3] merged=[2, 3]
251.9 fp=[2] true=[3] merged=[2, 3]
252.2 fp=[2] true=[3] merged=[2, 3]
252.5 fp=[2] true=[3] merged=[2, 3]
252.8 fp=[2] true=[3] merged=[2, 3]
253.1 fp=[2] true=[3] merged=[2, 3]
253.5 fp=[2] true=[3] merged=[2, 3]
253.8 fp=[2] true=[3] merged=[2, 3]
254.1 fp=[2] true=[3] merged=[2, 3]
254.4 fp=[2] true=[3] merged=[2, 3]
254.7 fp=[2] true=[3] merged=[2, 3]
255.0 fp=[2] true=[3] merged=[2, 3]
255.3 fp=[2] true=[3] merged=[2, 3]
255.6 fp=[2] true=[3] merged=[2, 3]
256.0 fp=[2] true=[3] merged=[2, 3]
256.3 fp=[2] true=[3] merged=[2, 3]
256.6 fp=[2] true=[3] merged=[2, 3]
256.9 fp=[2] true=[3] merged=[2, 3]
257.2 fp=[2] true=[3] merged=[2, 3]
257.5 fp=[2] true=[3] merged=[2, 3]
257.8 fp=[2] true=[3] merged=[2, 3]
258.1 fp=[2] true=[3] merged=[2, 3]
258.5 fp=[2] true=[3] merged=[2, 3]
258.8 fp=[2] true=[3] merged=[2, 3]
259.1 fp=[2] true=[3] merged=[2, 3]
259.4 fp=[2] true=[3] merged=[2, 3]
259.7 fp=[2] true=[3] merged=[2, 3]
260.0 fp=[7] true=[3] merged=[3, 7]
260.3 fp=[7] true=[3] merged=[3, 7]
260.6 fp=[7] true=[3] merged=[3, 7]
260.9 fp=[7] true=[3] merged=[3, 7]
261.2 fp=[7] true=[3] merged=[3, 7]
261.6 fp=[7] true=[3] merged=[3, 7]
261.9 fp=[7] true=[3] merged=[3, 7]
262.2 fp=[7] true=[3] merged=[3, 7]
262.5 fp=[7] true=[3] merged=[3, 7]
262.9 fp=[7] true=[3] merged=[3, 7]
263.2 fp=[7] true=[3] merged=[3, 7]
263.5 fp=[7] true=[3] merged=[3, 7]
263.8 fp=[7] true=[3] merged=[3, 7]
264.1 fp=[7] true=[3] merged=[3, 7]
264.4 fp=[7] true=[3] merged=[3, 7]
264.7 fp=[7] true=[3] merged=[3, 7]
265.0 fp=[6] true=[3] merged=[3, 6]
265.3 fp=[6] true=[3] merged=[3, 6]
265.6 fp=[6] true=[3] merged=[3, 6]
266.0 fp=[6] true=[3] merged=[3, 6]
266.3 fp=[6] true=[3] merged=[3, 6]
266.6 fp=[6] true=[3] merged=[3, 6]
266.9 fp=[6] true=[3] merged=[3, 6]
267.2 fp=[6] true=[3] merged=[3, 6]
267.5 fp=[6] true=[3] merged=[3, 6]
267.9 fp=[6] true=[3] merged=[3, 6]
268.2 fp=[6] true=[3] merged=[3, 6]
268.5 fp=[6] true=[3] merged=[3, 6]
268.8 fp=[6] true=[3] merged=[3, 6]
269.1 fp=[5] true=[3] merged=[3, 5]
269.4 fp=[5] true=[3] merged=[3, 5]
269.7 fp=[5] true=[3] merged=[3, 5]
270.1 fp=[5] true=[3] merged=[3, 5]
270.4 fp=[5] true=[3] merged=[3, 5]
270.7 fp=[5] true=[3] merged=[3, 5]
271.0 fp=[5] true=[3] merged=[3, 5]
271.3 fp=[2] true=[3] merged=[2, 3]
271.6 fp=[2] true=[3] merged=[2, 3]
271.9 fp=[2] true=[3] merged=[2, 3]
272.3 fp=[2] true=[3] merged=[2, 3]
272.6 fp=[2] true=[3] merged=[2, 3]
272.9 fp=[2] true=[3] merged=[2, 3]
273.2 fp=[2] true=[3] merged=[2, 3]
273.5 fp=[2] true=[3] merged=[2, 3]
273.8 fp=[2] true=[3] merged=[2, 3]
274.1 fp=[2] true=[3] merged=[2, 3]
274.4 fp=[2] true=[3] merged=[2, 3]
274.8 fp=[2] true=[3] merged=[2, 3]
275.1 fp=[2] true=[3] merged=[2, 3]
275.4 fp=[2] true=[3] merged=[2, 3]
275.7 fp=[2] true=[3] merged=[2, 3]
276.0 fp=[2] true=[3] merged=[2, 3]
276.3 fp=[2] true=[3] merged=[2, 3]
276.6 fp=[2] true=[3] merged=[2, 3]
276.9 fp=[2] true=[3] merged=[2, 3]
277.2 fp=[2] true=[3] merged=[2, 3]
277.6 fp=[2] true=[3] merged=[2, 3]
277.9 fp=[2] true=[3] merged=[2, 3]
278.2 fp=[2] true=[3] merged=[2, 3]
278.5 fp=[2] true=[3] merged=[2, 3]
278.8 fp=[2] true=[3] merged=[2, 3]
279.1 fp=[2] true=[3] merged=[2, 3]
279.4 fp=[2] true=[3] merged=[2, 3]
279.7 fp=[2] true=[3] merged=[2, 3]
280.1 fp=[2] true=[3] merged=[2, 3]
280.4 fp=[2] true=[3] merged=[2, 3]
280.7 fp=[2] true=[3] merged=[2, 3]
281.0 fp=[2] true=[3] merged=[2, 3]
281.3 fp=[2] true=[3] merged=[2, 3]
281.6 fp=[2] true=[3] merged=[2, 3]
281.9 fp=[2] true=[3] merged=[2, 3]
282.2 fp=[2] true=[3] merged=[2, 3]
282.5 fp=[2] true=[3] merged=[2, 3]
282.9 fp=[2] true=[3] merged=[2, 3]
283.2 fp=[2] true=[3] merged=[2, 3]
283.5 fp=[2] true=[3] merged=[2, 3]
283.8 fp=[2] true=[3] merged=[2, 3]
284.1 fp=[2] true=[3] merged=[2, 3]
284.4 fp=[2] true=[3] merged=[2, 3]
284.7 fp=[2] true=[3] merged=[2, 3]
285.1 fp=[2] true=[3] merged=[2, 3]
285.4 fp=[2] true=[3] merged=[2, 3]
285.7 fp=[2] true=[3] merged=[2, 3]
286.0 fp=[2] true=[3] merged=[2, 3]
286.3 fp=[2] true=[3] merged=[2, 3]
286.6 fp=[2] true=[3] merged=[2, 3]
286.9 fp=[2] true=[3] merged=[2, 3]
287.3 fp=[2] true=[3] merged=[2, 3]
287.6 fp=[2] true=[3] merged=[2, 3]
287.9 fp=[2] true=[3] merged=[2, 3]
288.2 fp=[2] true=[3] merged=[2, 3]
288.5 fp=[2] true=[3] merged=[2, 3]
288.8 fp=[2] true=[3] merged=[2, 3]
289.1 fp=[2] true=[3] merged=[2, 3]
289.4 fp=[2] true=[3] merged=[2, 3]
289.7 fp=[2] true=[3] merged=[2, 3]
290.1 fp=[2] true=[3] merged=[2, 3]
290.4 fp=[2] true=[3] merged=[2, 3]
290.7 fp=[2] true=[3] merged=[2, 3]
291.0 fp=[2] true=[3] merged=[2, 3]
291.3 fp=[2] true=[3] merged=[2, 3]
291.6 fp=[2] true=[3] merged=[2, 3]
291.9 fp=[2] true=[3] merged=[2, 3]
292.3 fp=[2] true=[3] merged=[2, 3]
292.6 fp=[2] true=[3] merged=[2, 3]
292.9 fp=[2] true=[3] merged=[2, 3]
293.2 fp=[2] true=[3] merged=[2, 3]
293.5 fp=[2] true=[3] merged=[2, 3]
293.8 fp=[2] true=[3] merged=[2, 3]
294.1 fp=[2] true=[3] merged=[2, 3]
294.5 fp=[2] true=[3] merged=[2, 3]
294.8 fp=[2] true=[3] merged=[2, 3]
295.1 fp=[2] true=[3] merged=[2, 3]
295.4 fp=[2] true=[3] merged=[2, 3]
295.7 fp=[2] true=[3] merged=[2, 3]
296.0 fp=[2] true=[3] merged=[2, 3]
296.3 fp=[2] true=[3] merged=[2, 3]
296.6 fp=[2] true=[3] merged=[2, 3]
297.0 fp=[2] true=[3] merged=[2, 3]
297.3 fp=[7] true=[3] merged=[3, 7]
297.6 fp=[7] true=[3] merged=[3, 7]
297.9 fp=[7] true=[3] merged=[3, 7]
298.2 fp=[7] true=[3] merged=[3, 7]
298.5 fp=[7] true=[3] merged=[3, 7]
298.8 fp=[7] true=[3] merged=[3, 7]
299.2 fp=[7] true=[3] merged=[3, 7]
299.5 fp=[7] true=[3] merged=[3, 7]
299.8 fp=[7] true=[3] merged=[3, 7]
300.1 fp=[7] true=[3] merged=[3, 7]
300.4 fp=[7] true=[3] merged=[3, 7]
300.7 fp=[7] true=[3] merged=[3, 7]
301.0 fp=[7] true=[3] merged=[3, 7]
301.4 fp=[7] true=[3] merged=[3, 7]
301.7 fp=[7] true=[3] merged=[3, 7]
302.0 fp=[7] true=[3] merged=[3, 7]
302.3 fp=[7] true=[3] merged=[3, 7]
302.6 fp=[7] true=[3] merged=[3, 7]
302.9 fp=[7] true=[3] merged=[3, 7]
303.2 fp=[7] true=[3] merged=[3, 7]
303.5 fp=[7] true=[3] merged=[3, 7]
303.8 fp=[7] true=[3] merged=[3, 7]
304.2 fp=[7] true=[3] merged=[3, 7]
304.5 fp=[7] true=[3] merged=[3, 7]
304.8 fp=[7] true=[3] merged=[3, 7]
305.1 fp=[7] true=[3] merged=[3, 7]
305.4 fp=[7] true=[3] merged=[3, 7]
305.7 fp=[7] true=[3] merged=[3, 7]
306.0 fp=[7] true=[3] merged=[3, 7]
306.4 fp=[7] true=[3] merged=[3, 7]
306.7 fp=[7] true=[3] merged=[3, 7]
307.0 fp=[7] true=[3] merged=[3, 7]
307.3 fp=[7] true=[3] merged=[3, 7]
307.6 fp=[7] true=[3] merged=[3, 7]
307.9 fp=[7] true=[3] merged=[3, 7]
308.3 fp=[7] true=[3] merged=[3, 7]
308.6 fp=[7] true=[3] merged=[3, 7]
308.9 fp=[7] true=[3] merged=[3, 7]
309.2 fp=[7] true=[3] merged=[3, 7]
309.5 fp=[7] true=[3] merged=[3, 7]
309.8 fp=[7] true=[3] merged=[3, 7]
310.1 fp=[7] true=[3] merged=[3, 7]
310.4 fp=[7] true=[3] merged=[3, 7]
310.7 fp=[7] true=[3] merged=[3, 7]
311.0 fp=[7] true=[3] merged=[3, 7]
311.4 fp=[7] true=[3] merged=[3, 7]
311.7 fp=[7] true=[3] merged=[3, 7]
312.0 fp=[7] true=[3] merged=[3, 7]
312.3 fp=[7] true=[3] merged=[3, 7]
312.6 fp=[7] true=[3] merged=[3, 7]
312.9 fp=[7] true=[3] merged=[3, 7]
313.2 fp=[7] true=[3] merged=[3, 7]
313.6 fp=[7] true=[3] merged=[3, 7]
313.9 fp=[7] true=[3] merged=[3, 7]
314.2 fp=[7] true=[3] merged=[3, 7]
314.5 fp=[7] true=[3] merged=[3, 7]
314.8 fp=[7] true=[3] merged=[3, 7]
315.1 fp=[7] true=[3] merged=[3, 7]
315.4 fp=[7] true=[3] merged=[3, 7]
315.8 fp=[7] true=[3] merged=[3, 7]
316.1 fp=[7] true=[3] merged=[3, 7]
316.4 fp=[7] true=[3] merged=[3, 7]
316.7 fp=[7] true=[3] merged=[3, 7]
320.1 fp=[5] true=[3] merged=[3, 5]
320.4 fp=[5] true=[3] merged=[3, 5]
320.7 fp=[5] true=[3] merged=[3, 5]
321.1 fp=[5] true=[3] merged=[3, 5]
321.4 fp=[5] true=[3] merged=[3, 5]
321.7 fp=[5] true=[3] merged=[3, 5]
322.0 fp=[5] true=[3] merged=[3, 5]
322.3 fp=[1] true=[3] merged=[1, 3]
322.6 fp=[1] true=[3] merged=[1, 3]
322.9 fp=[1] true=[3] merged=[1, 3]
323.2 fp=[1] true=[3] merged=[1, 3]
323.6 fp=[1] true=[3] merged=[1, 3]
323.9 fp=[1] true=[3] merged=[1, 3]
324.2 fp=[1] true=[3] merged=[1, 3]
324.5 fp=[1] true=[3] merged=[1, 3]
324.8 fp=[1] true=[3] merged=[1, 3]
325.1 fp=[1] true=[3] merged=[1, 3]
325.4 fp=[1] true=[3] merged=[1, 3]
325.7 fp=[1] true=[3] merged=[1, 3]
326.0 fp=[1] true=[3] merged=[1, 3]
326.4 fp=[1] true=[3] merged=[1, 3]
326.7 fp=[1] true=[3] merged=[1, 3]
327.0 fp=[1] true=[3] merged=[1, 3]
327.3 fp=[1] true=[3] merged=[1, 3]
327.6 fp=[1] true=[3] merged=[1, 3]
327.9 fp=[1] true=[3] merged=[1, 3]
328.2 fp=[1] true=[3] merged=[1, 3]
328.5 fp=[1] true=[3] merged=[1, 3]
328.8 fp=[1] true=[3] merged=[1, 3]
329.2 fp=[1] true=[3] merged=[1, 3]
329.5 fp=[1] true=[3] merged=[1, 3]
329.8 fp=[1] true=[3] merged=[1, 3]
330.1 fp=[1] true=[3] merged=[1, 3]
330.4 fp=[1] true=[3] merged=[1, 3]
330.7 fp=[1] true=[3] merged=[1, 3]
331.0 fp=[1] true=[3] merged=[1, 3]
331.3 fp=[1] true=[3] merged=[1, 3]
331.7 fp=[1] true=[3] merged=[1, 3]
332.0 fp=[1] true=[3] merged=[1, 3]
332.3 fp=[1] true=[3] merged=[1, 3]
332.6 fp=[1] true=[3] merged=[1, 3]
332.9 fp=[1] true=[3] merged=[1, 3]
333.2 fp=[1] true=[3] merged=[1, 3]
333.5 fp=[1] true=[3] merged=[1, 3]
333.8 fp=[1] true=[3] merged=[1, 3]
334.1 fp=[1] true=[3] merged=[1, 3]
334.4 fp=[1] true=[3] merged=[1, 3]
334.7 fp=[1] true=[3] merged=[1, 3]
335.1 fp=[1] true=[3] merged=[1, 3]
335.4 fp=[1] true=[3] merged=[1, 3]
335.7 fp=[1] true=[3] merged=[1, 3]
336.0 fp=[1] true=[3] merged=[1, 3]
336.3 fp=[1] true=[3] merged=[1, 3]
336.6 fp=[1] true=[3] merged=[1, 3]
336.9 fp=[1] true=[3] merged=[1, 3]
337.2 fp=[1] true=[3] merged=[1, 3]
337.6 fp=[1] true=[3] merged=[1, 3]
337.9 fp=[1] true=[3] merged=[1, 3]
338.2 fp=[1] true=[3] merged=[1, 3]
338.5 fp=[1] true=[3] merged=[1, 3]
338.8 fp=[1] true=[3] merged=[1, 3]
339.1 fp=[1] true=[3] merged=[1, 3]
339.4 fp=[1] true=[3] merged=[1, 3]
339.7 fp=[1] true=[3] merged=[1, 3]
340.0 fp=[1] true=[3] merged=[1, 3]
340.4 fp=[1] true=[3] merged=[1, 3]
340.7 fp=[1] true=[3] merged=[1, 3]
341.0 fp=[1] true=[3] merged=[1, 3]
341.3 fp=[1] true=[3] merged=[1, 3]
341.6 fp=[1] true=[3] merged=[1, 3]
341.9 fp=[1] true=[3] merged=[1, 3]
342.2 fp=[2] true=[3] merged=[2, 3]
342.6 fp=[2] true=[3] merged=[2, 3]
342.9 fp=[2] true=[3] merged=[2, 3]
343.2 fp=[2] true=[3] merged=[2, 3]
343.5 fp=[2] true=[3] merged=[2, 3]
343.8 fp=[2] true=[3] merged=[2, 3]
344.1 fp=[2] true=[3] merged=[2, 3]
344.4 fp=[2] true=[3] merged=[2, 3]
344.7 fp=[2] true=[3] merged=[2, 3]
345.1 fp=[2] true=[3] merged=[2, 3]
345.4 fp=[2] true=[3] merged=[2, 3]
345.7 fp=[2] true=[3] merged=[2, 3]
346.0 fp=[2] true=[3] merged=[2, 3]
346.3 fp=[2] true=[3] merged=[2, 3]
346.6 fp=[2] true=[3] merged=[2, 3]
346.9 fp=[2] true=[3] merged=[2, 3]
347.2 fp=[2] true=[3] merged=[2, 3]
347.6 fp=[2] true=[3] merged=[2, 3]
347.9 fp=[2] true=[3] merged=[2, 3]
348.2 fp=[2] true=[3] merged=[2, 3]
348.5 fp=[2] true=[3] merged=[2, 3]
348.8 fp=[2] true=[3] merged=[2, 3]
349.1 fp=[2] true=[3] merged=[2, 3]
349.4 fp=[2] true=[3] merged=[2, 3]
349.7 fp=[2] true=[3] merged=[2, 3]
350.1 fp=[1] true=[3] merged=[1, 3]
350.4 fp=[1] true=[3] merged=[1, 3]
350.7 fp=[1] true=[3] merged=[1, 3]
351.0 fp=[1] true=[3] merged=[1, 3]
351.3 fp=[1] true=[3] merged=[1, 3]
351.6 fp=[1] true=[3] merged=[1, 3]
351.9 fp=[1] true=[3] merged=[1, 3]
352.2 fp=[1] true=[3] merged=[1, 3]
352.6 fp=[1] true=[3] merged=[1, 3]
352.9 fp=[1] true=[3] merged=[1, 3]
353.2 fp=[1] true=[3] merged=[1, 3]
353.5 fp=[1] true=[3] merged=[1, 3]
353.8 fp=[1] true=[3] merged=[1, 3]
354.1 fp=[1] true=[3] merged=[1, 3]
354.4 fp=[1] true=[3] merged=[1, 3]
354.8 fp=[1] true=[3] merged=[1, 3]
355.1 fp=[1] true=[3] merged=[1, 3]
355.4 fp=[1] true=[3] merged=[1, 3]
355.7 fp=[1] true=[3] merged=[1, 3]
356.0 fp=[1] true=[3] merged=[1, 3]
356.3 fp=[1] true=[3] merged=[1, 3]
356.7 fp=[1] true=[3] merged=[1, 3]
357.0 fp=[1] true=[3] merged=[1, 3]
357.3 fp=[1] true=[3] merged=[1, 3]
357.6 fp=[1] true=[3] merged=[1, 3]
357.9 fp=[1] true=[3] merged=[1, 3]
358.2 fp=[1] true=[3] merged=[1, 3]
358.5 fp=[1] true=[3] merged=[1, 3]
358.8 fp=[1] true=[3] merged=[1, 3]
359.1 fp=[1] true=[3] merged=[1, 3]
359.4 fp=[1] true=[3] merged=[1, 3]
359.8 fp=[1] true=[3] merged=[1, 3]
360.1 fp=[1] true=[3] merged=[1, 3]
360.4 fp=[1] true=[3] merged=[1, 3]
360.7 fp=[1] true=[3] merged=[1, 3]
361.0 fp=[1] true=[3] merged=[1, 3]
361.4 fp=[1] true=[3] merged=[1, 3]
361.7 fp=[1] true=[3] merged=[1, 3]
362.0 fp=[1] true=[3] merged=[1, 3]
362.3 fp=[1] true=[3] merged=[1, 3]
362.6 fp=[1] true=[3] merged=[1, 3]
362.9 fp=[1] true=[3] merged=[1, 3]
363.2 fp=[1] true=[3] merged=[1, 3]
363.5 fp=[1] true=[3] merged=[1, 3]
363.9 fp=[1] true=[3] merged=[1, 3]
364.2 fp=[1] true=[3] merged=[1, 3]
364.5 fp=[1] true=[3] merged=[1, 3]
364.8 fp=[1] true=[3] merged=[1, 3]
365.1 fp=[1] true=[3] merged=[1, 3]
365.5 fp=[1] true=[3] merged=[1, 3]
365.8 fp=[1] true=[3] merged=[1, 3]
366.1 fp=[1] true=[3] merged=[1, 3]
366.4 fp=[1] true=[3] merged=[1, 3]
366.7 fp=[1] true=[3] merged=[1, 3]
367.0 fp=[1] true=[3] merged=[1, 3]
367.3 fp=[1] true=[3] merged=[1, 3]
367.6 fp=[1] true=[3] merged=[1, 3]
368.0 fp=[1] true=[3] merged=[1, 3]
368.3 fp=[1] true=[3] merged=[1, 3]
368.6 fp=[1] true=[3] merged=[1, 3]
368.9 fp=[1] true=[3] merged=[1, 3]
369.2 fp=[1] true=[3] merged=[1, 3]
369.5 fp=[1] true=[3] merged=[1, 3]
369.8 fp=[1] true=[3] merged=[1, 3]
370.1 fp=[1] true=[3] merged=[1, 3]
370.4 fp=[1] true=[3] merged=[1, 3]
370.8 fp=[1] true=[3] merged=[1, 3]
371.1 fp=[1] true=[3] merged=[1, 3]
371.4 fp=[1] true=[3] merged=[1, 3]
371.7 fp=[1] true=[3] merged=[1, 3]
372.0 fp=[1] true=[3] merged=[1, 3]
372.3 fp=[1] true=[3] merged=[1, 3]
372.6 fp=[1] true=[3] merged=[1, 3]
372.9 fp=[1] true=[3] merged=[1, 3]
373.3 fp=[5] true=[3] merged=[3, 5]
373.6 fp=[5] true=[3] merged=[3, 5]
373.9 fp=[5] true=[3] merged=[3, 5]
374.2 fp=[5] true=[3] merged=[3, 5]
374.5 fp=[5] true=[3] merged=[3, 5]
374.8 fp=[5] true=[3] merged=[3, 5]
375.1 fp=[5] true=[3] merged=[3, 5]
375.5 fp=[5] true=[3] merged=[3, 5]
375.8 fp=[5] true=[3] merged=[3, 5]
376.1 fp=[5] true=[3] merged=[3, 5]
376.4 fp=[5] true=[3] merged=[3, 5]
376.7 fp=[5] true=[3] merged=[3, 5]
377.0 fp=[2] true=[3] merged=[2, 3]
377.3 fp=[2] true=[3] merged=[2, 3]
377.6 fp=[2] true=[3] merged=[2, 3]
377.9 fp=[2] true=[3] merged=[2, 3]
378.3 fp=[2] true=[3] merged=[2, 3]
378.6 fp=[2] true=[3] merged=[2, 3]
378.9 fp=[2] true=[3] merged=[2, 3]
379.2 fp=[2] true=[3] merged=[2, 3]
379.5 fp=[2] true=[3] merged=[2, 3]
379.8 fp=[2] true=[3] merged=[2, 3]
380.1 fp=[2] true=[3] merged=[2, 3]
380.4 fp=[2] true=[3] merged=[2, 3]
380.8 fp=[2] true=[3] merged=[2, 3]
381.1 fp=[2] true=[3] merged=[2, 3]
381.4 fp=[2] true=[3] merged=[2, 3]
381.7 fp=[2] true=[3] merged=[2, 3]
382.0 fp=[2] true=[3] merged=[2, 3]
382.3 fp=[1] true=[3] merged=[1, 3]
382.6 fp=[1] true=[3] merged=[1, 3]
382.9 fp=[1] true=[3] merged=[1, 3]
383.2 fp=[1] true=[3] merged=[1, 3]
383.5 fp=[1] true=[3] merged=[1, 3]
383.9 fp=[1] true=[3] merged=[1, 3]
384.2 fp=[1] true=[3] merged=[1, 3]
384.5 fp=[1] true=[3] merged=[1, 3]
384.8 fp=[1] true=[3] merged=[1, 3]
385.1 fp=[1] true=[3] merged=[1, 3]
385.4 fp=[1] true=[3] merged=[1, 3]
