# start rate=20 seed=1 dur=420 n=7 target=3 events=76
3.2 fp=[5] true=[3] merged=[3, 5]
3.5 fp=[5] true=[3] merged=[3, 5]
3.8 fp=[5] true=[3] merged=[3, 5]
4.1 fp=[5] true=[3] merged=[3, 5]
4.4 fp=[5] true=[3] merged=[3, 5]
4.7 fp=[5] true=[3] merged=[3, 5]
5.0 fp=[5] true=[3] merged=[3, 5]
5.4 fp=[5] true=[3] merged=[3, 5]
5.7 fp=[5] true=[3] merged=[3, 5]
6.0 fp=[5] true=[3] merged=[3, 5]
6.3 fp=[5] true=[3] merged=[3, 5]
6.6 fp=[5] true=[3] merged=[3, 5]
6.9 fp=[5] true=[3] merged=[3, 5]
7.2 fp=[5] true=[3] merged=[3, 5]
7.5 fp=[5] true=[3] merged=[3, 5]
7.9 fp=[5] true=[3] merged=[3, 5]
8.2 fp=[5] true=[3] merged=[3, 5]
8.5 fp=[5] true=[3] merged=[3, 5]
8.8 fp=[5] true=[3] merged=[3, 5]
9.1 fp=[5] true=[3] merged=[3, 5]
9.4 fp=[5] true=[3] merged=[3, 5]
9.7 fp=[5] true=[3] merged=[3, 5]
10.0 fp=[5] true=[3] merged=[3, 5]
10.3 fp=[5] true=[3] merged=[3, 5]
10.7 fp=[5] true=[3] merged=[3, 5]
11.0 fp=[5] true=[3] merged=[3, 5]
11.3 fp=[2] true=[3] merged=[2, 3]
11.6 fp=[2] true=[3] merged=[2, 3]
11.9 fp=[2] true=[3] merged=[2, 3]
12.2 fp=[2] true=[3] merged=[2, 3]
12.5 fp=[2] true=[3] merged=[2, 3]
12.8 fp=[2] true=[3] merged=[2, 3]
13.1 fp=[2] true=[3] merged=[2, 3]
13.5 fp=[2] true=[3] merged=[2, 3]
13.8 fp=[2] true=[3] merged=[2, 3]
14.1 fp=[2] true=[3] merged=[2, 3]
14.4 fp=[2] true=[3] merged=[2, 3]
14.7 fp=[2] true=[3] merged=[2, 3]
15.0 fp=[2] true=[3] merged=[2, 3]
15.3 fp=[2] true=[3] merged=[2, 3]
15.6 fp=[2] true=[3] merged=[2, 3]
15.9 fp=[2] true=[3] merged=[2, 3]
16.3 fp=[2] true=[3] merged=[2, 3]
16.6 fp=[2] true=[3] merged=[2, 3]
16.9 fp=[2] true=[3] merged=[2, 3]
17.2 fp=[2] true=[3] merged=[2, 3]
17.5 fp=[2] true=[3] merged=[2, 3]
17.8 fp=[2] true=[3] merged=[2, 3]
18.1 fp=[2] true=[3] merged=[2, 3]
18.4 fp=[2] true=[3] merged=[2, 3]
18.7 fp=[2] true=[3] merged=[2, 3]
19.0 fp=[2] true=[3] merged=[2, 3]
19.4 fp=[2] true=[3] merged=[2, 3]
19.7 fp=[2] true=[3] merged=[2, 3]
20.0 fp=[2] true=[3] merged=[2, 3]
20.4 fp=[2] true=[3] merged=[2, 3]
20.7 fp=[2] true=[3] merged=[2, 3]
21.0 fp=[2] true=[3] merged=[2, 3]
21.3 fp=[2] true=[3] merged=[2, 3]
21.6 fp=[2] true=[3] merged=[2, 3]
21.9 fp=[2] true=[3] merged=[2, 3]
22.2 fp=[2] true=[3] merged=[2, 3]
22.5 fp=[2] true=[3] merged=[2, 3]
22.8 fp=[2] true=[3] merged=[2, 3]
23.1 fp=[2] true=[3] merged=[2, 3]
23.5 fp=[2] true=[3] merged=[2, 3]
23.8 fp=[2] true=[3] merged=[2, 3]
24.1 fp=[2] true=[3] merged=[2, 3]
24.4 fp=[2] true=[3] merged=[2, 3]
24.7 fp=[2] true=[3] merged=[2, 3]
25.0 fp=[2] true=[3] merged=[2, 3]
25.4 fp=[2] true=[3] merged=[2, 3]
25.7 fp=[2] true=[3] merged=[2, 3]
26.0 fp=[2] true=[3] merged=[2, 3]
26.3 fp=[2] true=[3] merged=[2, 3]
26.6 fp=[2] true=[3] merged=[2, 3]
26.9 fp=[2] true=[3] merged=[2, 3]
27.2 fp=[2] true=[3] merged=[2, 3]
27.5 fp=[2] true=[3] merged=[2, 3]
27.9 fp=[2] true=[3] merged=[2, 3]
28.2 fp=[2] true=[3] merged=[2, 3]
28.5 fp=[2] true=[3] merged=[2, 3]
28.8 fp=[2] true=[3] merged=[2, 3]
29.1 fp=[2] true=[3] merged=[2, 3]
29.4 fp=[2] true=[3] merged=[2, 3]
29.7 fp=[2] true=[3] merged=[2, 3]
30.1 fp=[1] true=[3] merged=[1, 3]
30.4 fp=[1] true=[3] merged=[1, 3]
30.7 fp=[1] true=[3] merged=[1, 3]
31.0 fp=[1] true=[3] merged=[1, 3]
31.3 fp=[1] true=[3] merged=[1, 3]
31.6 fp=[1] true=[3] merged=[1, 3]
31.9 fp=[1] true=[3] merged=[1, 3]
32.2 fp=[1] true=[3] merged=[1, 3]
32.6 fp=[1] true=[3] merged=[1, 3]
32.9 fp=[1] true=[3] merged=[1, 3]
33.2 fp=[1] true=[3] merged=[1, 3]
33.5 fp=[1] true=[3] merged=[1, 3]
33.8 fp=[1] true=[3] merged=[1, 3]
34.1 fp=[1] true=[3] merged=[1, 3]
34.4 fp=[1] true=[3] merged=[1, 3]
34.7 fp=[1] true=[3] merged=[1, 3]
35.0 fp=[1] true=[3] merged=[1, 3]
35.3 fp=[1] true=[3] merged=[1, 3]
35.7 fp=[1] true=[3] merged=[1, 3]
36.0 fp=[1] true=[3] merged=[1, 3]
36.3 fp=[1] true=[3] merged=[1, 3]
36.6 fp=[1] true=[3] merged=[1, 3]
36.9 fp=[1] true=[3] merged=[1, 3]
37.2 fp=[1] true=[3] merged=[1, 3]
37.5 fp=[1] true=[3] merged=[1, 3]
37.8 fp=[1] true=[3] merged=[1, 3]
38.1 fp=[1] true=[3] merged=[1, 3]
38.4 fp=[1] true=[3] merged=[1, 3]
38.8 fp=[1] true=[3] merged=[1, 3]
39.1 fp=[1] true=[3] merged=[1, 3]
39.4 fp=[1] true=[3] merged=[1, 3]
39.7 fp=[1] true=[3] merged=[1, 3]
40.0 fp=[1] true=[3] merged=[1, 3]
40.3 fp=[1] true=[3] merged=[1, 3]
40.6 fp=[1] true=[3] merged=[1, 3]
40.9 fp=[1] true=[3] merged=[1, 3]
41.3 fp=[1] true=[3] merged=[1, 3]
41.6 fp=[1] true=[3] merged=[1, 3]
41.9 fp=[1] true=[3] merged=[1, 3]
42.2 fp=[1] true=[3] merged=[1, 3]
42.5 fp=[1] true=[3] merged=[1, 3]
42.8 fp=[1] true=[3] merged=[1, 3]
43.1 fp=[1] true=[3] merged=[1, 3]
43.4 fp=[1] true=[3] merged=[1, 3]
43.8 fp=[1] true=[3] merged=[1, 3]
44.1 fp=[1] true=[3] merged=[1, 3]
44.4 fp=[1] true=[3] merged=[1, 3]
44.7 fp=[1] true=[3] merged=[1, 3]
45.0 fp=[1] true=[3] merged=[1, 3]
45.3 fp=[1] true=[3] merged=[1, 3]
45.7 fp=[1] true=[3] merged=[1, 3]
46.0 fp=[1] true=[3] merged=[1, 3]
46.3 fp=[1] true=[3] merged=[1, 3]
46.6 fp=[1] true=[3] merged=[1, 3]
46.9 fp=[1] true=[3] merged=[1, 3]
47.2 fp=[1] true=[3] merged=[1, 3]
47.5 fp=[1] true=[3] merged=[1, 3]
47.8 fp=[1] true=[3] merged=[1, 3]
48.2 fp=[1] true=[3] merged=[1, 3]
48.5 fp=[1] true=[3] merged=[1, 3]
48.8 fp=[1] true=[3] merged=[1, 3]
49.1 fp=[1] true=[3] merged=[1, 3]
49.4 fp=[1] true=[3] merged=[1, 3]
49.7 fp=[1] true=[3] merged=[1, 3]
50.0 fp=[4] true=[3] merged=[3, 4]
50.4 fp=[4] true=[3] merged=[3, 4]
50.7 fp=[4] true=[3] merged=[3, 4]
51.0 fp=[4] true=[3] merged=[3, 4]
51.3 fp=[4] true=[3] merged=[3, 4]
51.6 fp=[4] true=[3] merged=[3, 4]
51.9 fp=[4] true=[3] merged=[3, 4]
52.2 fp=[4] true=[3] merged=[3, 4]
52.5 fp=[4] true=[3] merged=[3, 4]
52.9 fp=[4] true=[3] merged=[3, 4]
53.2 fp=[4] true=[3] merged=[3, 4]
53.5 fp=[4] true=[3] merged=[3, 4]
53.8 fp=[4] true=[3] merged=[3, 4]
54.1 fp=[4] true=[3] merged=[3, 4]
54.4 fp=[4] true=[3] merged=[3, 4]
54.7 fp=[4] true=[3] merged=[3, 4]
55.0 fp=[4] true=[3] merged=[3, 4]
55.3 fp=[4] true=[3] merged=[3, 4]
55.7 fp=[4] true=[3] merged=[3, 4]
56.0 fp=[4] true=[3] merged=[3, 4]
56.3 fp=[4] true=[3] merged=[3, 4]
56.6 fp=[4] true=[3] merged=[3, 4]
56.9 fp=[4] true=[3] merged=[3, 4]
57.2 fp=[4] true=[3] merged=[3, 4]
57.5 fp=[4] true=[3] merged=[3, 4]
57.8 fp=[4] true=[3] merged=[3, 4]
58.2 fp=[4] true=[3] merged=[3, 4]
58.5 fp=[4] true=[3] merged=[3, 4]
58.8 fp=[4] true=[3] merged=[3, 4]
59.1 fp=[4] true=[3] merged=[3, 4]
59.4 fp=[4] true=[3] merged=[3, 4]
59.7 fp=[4] true=[3] merged=[3, 4]
60.1 fp=[4] true=[3] merged=[3, 4]
60.4 fp=[4] true=[3] merged=[3, 4]
60.7 fp=[4] true=[3] merged=[3, 4]
61.0 fp=[4] true=[3] merged=[3, 4]
61.3 fp=[4] true=[3] merged=[3, 4]
61.6 fp=[4] true=[3] merged=[3, 4]
62.0 fp=[4] true=[3] merged=[3, 4]
62.3 fp=[4] true=[3] merged=[3, 4]
62.6 fp=[4] true=[3] merged=[3, 4]
62.9 fp=[4] true=[3] merged=[3, 4]
63.2 fp=[4] true=[3] merged=[3, 4]
63.5 fp=[4] true=[3] merged=[3, 4]
63.8 fp=[4] true=[3] merged=[3, 4]
64.1 fp=[4] true=[3] merged=[3, 4]
64.5 fp=[4] true=[3] merged=[3, 4]
64.8 fp=[4] true=[3] merged=[3, 4]
65.1 fp=[4] true=[3] merged=[3, 4]
65.4 fp=[4] true=[3] merged=[3, 4]
65.7 fp=[4] true=[3] merged=[3, 4]
66.0 fp=[4] true=[3] merged=[3, 4]
66.3 fp=[4] true=[3] merged=[3, 4]
66.6 fp=[4] true=[3] merged=[3, 4]
67.0 fp=[4] true=[3] merged=[3, 4]
67.3 fp=[4] true=[3] merged=[3, 4]
67.6 fp=[4] true=[3] merged=[3, 4]
67.9 fp=[4] true=[3] merged=[3, 4]
68.2 fp=[4] true=[3] merged=[3, 4]
68.5 fp=[4] true=[3] merged=[3, 4]
68.8 fp=[4] true=[3] merged=[3, 4]
69.2 fp=[4] true=[3] merged=[3, 4]
69.5 fp=[4] true=[3] merged=[3, 4]
69.8 fp=[4] true=[3] merged=[3, 4]
70.1 fp=[4] true=[3] merged=[3, 4]
70.4 fp=[4] true=[3] merged=[3, 4]
70.7 fp=[4] true=[3] merged=[3, 4]
71.0 fp=[4] true=[3] merged=[3, 4]
71.3 fp=[4] true=[3] merged=[3, 4]
71.7 fp=[4] true=[3] merged=[3, 4]
72.0 fp=[4] true=[3] merged=[3, 4]
72.3 fp=[4] true=[3] merged=[3, 4]
72.6 fp=[4] true=[3] merged=[3, 4]
72.9 fp=[4] true=[3] merged=[3, 4]
73.2 fp=[4] true=[3] merged=[3, 4]
73.5 fp=[4] true=[3] merged=[3, 4]
73.8 fp=[4] true=[3] merged=[3, 4]
74.1 fp=[4] true=[3] merged=[3, 4]
74.5 fp=[4] true=[3] merged=[3, 4]
74.8 fp=[4] true=[3] merged=[3, 4]
75.1 fp=[4] true=[3] merged=[3, 4]
75.4 fp=[4] true=[3] merged=[3, 4]
75.7 fp=[4] true=[3] merged=[3, 4]
76.0 fp=[4] true=[3] merged=[3, 4]
76.3 fp=[4] true=[3] merged=[3, 4]
76.6 fp=[4] true=[3] merged=[3, 4]
76.9 fp=[4] true=[3] merged=[3, 4]
77.3 fp=[4] true=[3] merged=[3, 4]
77.6 fp=[4] true=[3] merged=[3, 4]
77.9 fp=[4] true=[3] merged=[3, 4]
78.2 fp=[4] true=[3] merged=[3, 4]
78.5 fp=[4] true=[3] merged=[3, 4]
78.9 fp=[4] true=[3] merged=[3, 4]
79.2 fp=[4] true=[3] merged=[3, 4]
79.5 fp=[4] true=[3] merged=[3, 4]
79.8 fp=[4] true=[3] merged=[3, 4]
80.1 fp=[4] true=[3] merged=[3, 4]
80.5 fp=[4] true=[3] merged=[3, 4]
80.8 fp=[4] true=[3] merged=[3, 4]
81.1 fp=[2] true=[3] merged=[2, 3]
81.4 fp=[2] true=[3] merged=[2, 3]
81.7 fp=[2] true=[3] merged=[2, 3]
82.0 fp=[2] true=[3] merged=[2, 3]
82.3 fp=[2] true=[3] merged=[2, 3]
82.6 fp=[2] true=[3] merged=[2, 3]
83.0 fp=[2] true=[3] merged=[2, 3]
83.3 fp=[2] true=[3] merged=[2, 3]
83.6 fp=[2] true=[3] merged=[2, 3]
83.9 fp=[2] true=[3] merged=[2, 3]
84.2 fp=[2] true=[3] merged=[2, 3]
84.5 fp=[2] true=[3] merged=[2, 3]
84.8 fp=[2] true=[3] merged=[2, 3]
85.1 fp=[2] true=[3] merged=[2, 3]
85.4 fp=[2] true=[3] merged=[2, 3]
85.7 fp=[2] true=[3] merged=[2, 3]
86.1 fp=[2] true=[3] merged=[2, 3]
86.4 fp=[2] true=[3] merged=[2, 3]
86.7 fp=[2] true=[3] merged=[2, 3]
87.0 fp=[2] true=[3] merged=[2, 3]
87.3 fp=[2] true=[3] merged=[2, 3]
87.6 fp=[2] true=[3] merged=[2, 3]
88.0 fp=[2] true=[3] merged=[2, 3]
88.3 fp=[2] true=[3] merged=[2, 3]
88.6 fp=[2] true=[3] merged=[2, 3]
88.9 fp=[2] true=[3] merged=[2, 3]
89.2 fp=[2] true=[3] merged=[2, 3]
89.5 fp=[2] true=[3] merged=[2, 3]
89.8 fp=[2] true=[3] merged=[2, 3]
90.1 fp=[2] true=[3] merged=[2, 3]
90.4 fp=[2] true=[3] merged=[2, 3]
90.8 fp=[2] true=[3] merged=[2, 3]
91.1 fp=[2] true=[3] merged=[2, 3]
91.4 fp=[2] true=[3] merged=[2, 3]
91.7 fp=[2] true=[3] merged=[2, 3]
92.0 fp=[2] true=[3] merged=[2, 3]
92.3 fp=[2] true=[3] merged=[2, 3]
92.6 fp=[2] true=[3] merged=[2, 3]
93.0 fp=[2] true=[3] merged=[2, 3]
93.3 fp=[1] true=[3] merged=[1, 3]
93.6 fp=[1] true=[3] merged=[1, 3]
93.9 fp=[1] true=[3] merged=[1, 3]
94.2 fp=[1] true=[3] merged=[1, 3]
94.5 fp=[1] true=[3] merged=[1, 3]
94.8 fp=[1] true=[3] merged=[1, 3]
95.1 fp=[1] true=[3] merged=[1, 3]
95.5 fp=[1] true=[3] merged=[1, 3]
95.8 fp=[1] true=[3] merged=[1, 3]
96.1 fp=[1] true=[3] merged=[1, 3]
96.4 fp=[1] true=[3] merged=[1, 3]
96.7 fp=[1] true=[3] merged=[1, 3]
97.0 fp=[1] true=[3] merged=[1, 3]
97.3 fp=[1] true=[3] merged=[1, 3]
97.6 fp=[1] true=[3] merged=[1, 3]
98.0 fp=[1] true=[3] merged=[1, 3]
98.3 fp=[1] true=[3] merged=[1, 3]
98.6 fp=[1] true=[3] merged=[1, 3]
98.9 fp=[1] true=[3] merged=[1, 3]
99.2 fp=[1] true=[3] merged=[1, 3]
99.5 fp=[1] true=[3] merged=[1, 3]
99.8 fp=[1] true=[3] merged=[1, 3]
100.1 fp=[1] true=[3] merged=[1, 3]
100.5 fp=[1] true=[3] merged=[1, 3]
100.8 fp=[1] true=[3] merged=[1, 3]
101.1 fp=[1] true=[3] merged=[1, 3]
101.4 fp=[1] true=[3] merged=[1, 3]
101.7 fp=[1] true=[3] merged=[1, 3]
102.0 fp=[1] true=[3] merged=[1, 3]
102.3 fp=[1] true=[3] merged=[1, 3]
102.7 fp=[1] true=[3] merged=[1, 3]
103.0 fp=[1] true=[3] merged=[1, 3]
103.3 fp=[1] true=[3] merged=[1, 3]
103.6 fp=[1] true=[3] merged=[1, 3]
103.9 fp=[1] true=[3] merged=[1, 3]
104.2 fp=[1] true=[3] merged=[1, 3]
104.5 fp=[1] true=[3] merged=[1, 3]
104.8 fp=[1] true=[3] merged=[1, 3]
105.1 fp=[1] true=[3] merged=[1, 3]
105.5 fp=[1] true=[3] merged=[1, 3]
105.8 fp=[1] true=[3] merged=[1, 3]
106.1 fp=[1] true=[3] merged=[1, 3]
106.4 fp=[1] true=[3] merged=[1, 3]
106.7 fp=[1] true=[3] merged=[1, 3]
107.0 fp=[1] true=[3] merged=[1, 3]
107.3 fp=[1] true=[3] merged=[1, 3]
107.7 fp=[1] true=[3] merged=[1, 3]
108.0 fp=[1] true=[3] merged=[1, 3]
108.3 fp=[1] true=[3] merged=[1, 3]
108.6 fp=[1] true=[3] merged=[1, 3]
108.9 fp=[1] true=[3] merged=[1, 3]
109.2 fp=[1] true=[3] merged=[1, 3]
109.5 fp=[1] true=[3] merged=[1, 3]
109.9 fp=[1] true=[3] merged=[1, 3]
110.2 fp=[1] true=[3] merged=[1, 3]
110.5 fp=[1] true=[3] merged=[1, 3]
110.8 fp=[1] true=[3] merged=[1, 3]
111.1 fp=[1] true=[3] merged=[1, 3]
111.4 fp=[1] true=[3] merged=[1, 3]
111.7 fp=[1] true=[3] merged=[1, 3]
112.0 fp=[1] true=[3] merged=[1, 3]
112.3 fp=[1] true=[3] merged=[1, 3]
112.7 fp=[1] true=[3] merged=[1, 3]
113.0 fp=[1] true=[3] merged=[1, 3]
113.3 fp=[7] true=[3] merged=[3, 7]
113.6 fp=[7] true=[3] merged=[3, 7]
113.9 fp=[7] true=[3] merged=[3, 7]
114.2 fp=[7] true=[3] merged=[3, 7]
114.5 fp=[7] true=[3] merged=[3, 7]
114.8 fp=[7] true=[3] merged=[3, 7]
115.2 fp=[7] true=[3] merged=[3, 7]
115.5 fp=[7] true=[3] merged=[3, 7]
115.8 fp=[7] true=[3] merged=[3, 7]
116.1 fp=[7] true=[3] merged=[3, 7]
116.4 fp=[7] true=[3] merged=[3, 7]
116.7 fp=[7] true=[3] merged=[3, 7]
117.0 fp=[7] true=[3] merged=[3, 7]
117.4 fp=[7] true=[3] merged=[3, 7]
117.7 fp=[7] true=[3] merged=[3, 7]
118.0 fp=[7] true=[3] merged=[3, 7]
118.3 fp=[7] true=[3] merged=[3, 7]
118.6 fp=[7] true=[3] merged=[3, 7]
118.9 fp=[7] true=[3] merged=[3, 7]
119.2 fp=[7] true=[3] merged=[3, 7]
119.5 fp=[7] true=[3] merged=[3, 7]
119.8 fp=[7] true=[3] merged=[3, 7]
120.1 fp=[4] true=[3] merged=[3, 4]
120.5 fp=[4] true=[3] merged=[3, 4]
120.8 fp=[4] true=[3] merged=[3, 4]
121.1 fp=[4] true=[3] merged=[3, 4]
121.4 fp=[4] true=[3] merged=[3, 4]
121.7 fp=[4] true=[3] merged=[3, 4]
122.0 fp=[2] true=[3] merged=[2, 3]
122.4 fp=[2] true=[3] merged=[2, 3]
122.7 fp=[2] true=[3] merged=[2, 3]
123.0 fp=[2] true=[3] merged=[2, 3]
123.3 fp=[2] true=[3] merged=[2, 3]
123.6 fp=[2] true=[3] merged=[2, 3]
123.9 fp=[2] true=[3] merged=[2, 3]
124.2 fp=[2] true=[3] merged=[2, 3]
124.6 fp=[2] true=[3] merged=[2, 3]
124.9 fp=[2] true=[3] merged=[2, 3]
125.2 fp=[2] true=[3] merged=[2, 3]
125.5 fp=[2] true=[3] merged=[2, 3]
125.8 fp=[2] true=[3] merged=[2, 3]
126.2 fp=[2] true=[3] merged=[2, 3]
126.5 fp=[2] true=[3] merged=[2, 3]
126.8 fp=[2] true=[3] merged=[2, 3]
127.1 fp=[2] true=[3] merged=[2, 3]
127.4 fp=[2] true=[3] merged=[2, 3]
127.7 fp=[2] true=[3] merged=[2, 3]
128.0 fp=[2] true=[3] merged=[2, 3]
128.3 fp=[2] true=[3] merged=[2, 3]
128.7 fp=[2] true=[3] merged=[2, 3]
129.0 fp=[2] true=[3] merged=[2, 3]
129.3 fp=[2] true=[3] merged=[2, 3]
129.6 fp=[2] true=[3] merged=[2, 3]
129.9 fp=[2] true=[3] merged=[2, 3]
130.2 fp=[2] true=[3] merged=[2, 3]
130.6 fp=[2] true=[3] merged=[2, 3]
130.9 fp=[2] true=[3] merged=[2, 3]
131.2 fp=[2] true=[3] merged=[2, 3]
131.5 fp=[2] true=[3] merged=[2, 3]
131.8 fp=[2] true=[3] merged=[2, 3]
132.1 fp=[2] true=[3] merged=[2, 3]
132.5 fp=[2] true=[3] merged=[2, 3]
132.8 fp=[2] true=[3] merged=[2, 3]
133.1 fp=[2] true=[3] merged=[2, 3]
133.4 fp=[2] true=[3] merged=[2, 3]
133.7 fp=[2] true=[3] merged=[2, 3]
134.0 fp=[2] true=[3] merged=[2, 3]
134.3 fp=[2] true=[3] merged=[2, 3]
134.6 fp=[2] true=[3] merged=[2, 3]
134.9 fp=[2] true=[3] merged=[2, 3]
135.3 fp=[2] true=[3] merged=[2, 3]
135.6 fp=[2] true=[3] merged=[2, 3]
135.9 fp=[2] true=[3] merged=[2, 3]
136.2 fp=[2] true=[3] merged=[2, 3]
136.5 fp=[2] true=[3] merged=[2, 3]
136.8 fp=[2] true=[3] merged=[2, 3]
137.1 fp=[2] true=[3] merged=[2, 3]
137.4 fp=[2] true=[3] merged=[2, 3]
137.7 fp=[2] true=[3] merged=[2, 3]
138.1 fp=[2] true=[3] merged=[2, 3]
138.4 fp=[2] true=[3] merged=[2, 3]
138.7 fp=[2] true=[3] merged=[2, 3]
139.0 fp=[2] true=[3] merged=[2, 3]
139.3 fp=[2] true=[3] merged=[2, 3]
139.6 fp=[2] true=[3] merged=[2, 3]
139.9 fp=[2] true=[3] merged=[2, 3]
140.3 fp=[2] true=[3] merged=[2, 3]
140.6 fp=[2] true=[3] merged=[2, 3]
140.9 fp=[2] true=[3] merged=[2, 3]
141.2 fp=[2] true=[3] merged=[2, 3]
141.5 fp=[2] true=[3] merged=[2, 3]
141.8 fp=[2] true=[3] merged=[2, 3]
142.1 fp=[4] true=[3] merged=[3, 4]
142.5 fp=[4] true=[3] merged=[3, 4]
142.8 fp=[4] true=[3] merged=[3, 4]
143.1 fp=[4] true=[3] merged=[3, 4]
143.4 fp=[4] true=[3] merged=[3, 4]
143.7 fp=[4] true=[3] merged=[3, 4]
144.0 fp=[4] true=[3] merged=[3, 4]
144.3 fp=[4] true=[3] merged=[3, 4]
144.6 fp=[4] true=[3] merged=[3, 4]
145.0 fp=[4] true=[3] merged=[3, 4]
145.3 fp=[4] true=[3] merged=[3, 4]
145.6 fp=[4] true=[3] merged=[3, 4]
145.9 fp=[4] true=[3] merged=[3, 4]
146.2 fp=[4] true=[3] merged=[3, 4]
146.5 fp=[4] true=[3] merged=[3, 4]
146.9 fp=[4] true=[3] merged=[3, 4]
147.2 fp=[4] true=[3] merged=[3, 4]
147.5 fp=[4] true=[3] merged=[3, 4]
147.8 fp=[4] true=[3] merged=[3, 4]
148.1 fp=[4] true=[3] merged=[3, 4]
148.4 fp=[4] true=[3] merged=[3, 4]
148.8 fp=[4] true=[3] merged=[3, 4]
149.1 fp=[4] true=[3] merged=[3, 4]
149.4 fp=[4] true=[3] merged=[3, 4]
149.7 fp=[4] true=[3] merged=[3, 4]
150.0 fp=[4] true=[3] merged=[3, 4]
150.3 fp=[4] true=[3] merged=[3, 4]
150.6 fp=[4] true=[3] merged=[3, 4]
150.9 fp=[4] true=[3] merged=[3, 4]
151.3 fp=[4] true=[3] merged=[3, 4]
151.6 fp=[4] true=[3] merged=[3, 4]
151.9 fp=[4] true=[3] merged=[3, 4]
152.2 fp=[4] true=[3] merged=[3, 4]
152.5 fp=[4] true=[3] merged=[3, 4]
152.8 fp=[4] true=[3] merged=[3, 4]
153.1 fp=[4] true=[3] merged=[3, 4]
153.4 fp=[4] true=[3] merged=[3, 4]
153.8 fp=[4] true=[3] merged=[3, 4]
154.1 fp=[4] true=[3] merged=[3, 4]
154.4 fp=[4] true=[3] merged=[3, 4]
154.7 fp=[4] true=[3] merged=[3, 4]
155.0 fp=[4] true=[3] merged=[3, 4]
155.3 fp=[4] true=[3] merged=[3, 4]
155.6 fp=[4] true=[3] merged=[3, 4]
155.9 fp=[4] true=[3] merged=[3, 4]
156.3 fp=[4] true=[3] merged=[3, 4]
156.6 fp=[4] true=[3] merged=[3, 4]
156.9 fp=[4] true=[3] merged=[3, 4]
157.2 fp=[4] true=[3] merged=[3, 4]
157.5 fp=[4] true=[3] merged=[3, 4]
157.8 fp=[4] true=[3] merged=[3, 4]
158.1 fp=[4] true=[3] merged=[3, 4]
158.4 fp=[4] true=[3] merged=[3, 4]
158.8 fp=[4] true=[3] merged=[3, 4]
159.1 fp=[4] true=[3] merged=[3, 4]
159.4 fp=[4] true=[3] merged=[3, 4]
159.7 fp=[4] true=[3] merged=[3, 4]
160.0 fp=[4] true=[3] merged=[3, 4]
160.3 fp=[4] true=[3] merged=[3, 4]
160.6 fp=[4] true=[3] merged=[3, 4]
160.9 fp=[4] true=[3] merged=[3, 4]
161.3 fp=[5] true=[3] merged=[3, 5]
161.6 fp=[5] true=[3] merged=[3, 5]
161.9 fp=[5] true=[3] merged=[3, 5]
162.2 fp=[2] true=[3] merged=[2, 3]
162.5 fp=[2] true=[3] merged=[2, 3]
162.8 fp=[2] true=[3] merged=[2, 3]
163.1 fp=[2] true=[3] merged=[2, 3]
163.4 fp=[2] true=[3] merged=[2, 3]
163.8 fp=[2] true=[3] merged=[2, 3]
164.1 fp=[2] true=[3] merged=[2, 3]
164.4 fp=[2] true=[3] merged=[2, 3]
164.7 fp=[2] true=[3] merged=[2, 3]
165.0 fp=[2] true=[3] merged=[2, 3]
165.3 fp=[2] true=[3] merged=[2, 3]
165.7 fp=[2] true=[3] merged=[2, 3]
166.0 fp=[2] true=[3] merged=[2, 3]
166.3 fp=[2] true=[3] merged=[2, 3]
166.6 fp=[2] true=[3] merged=[2, 3]
166.9 fp=[2] true=[3] merged=[2, 3]
167.2 fp=[2] true=[3] merged=[2, 3]
167.5 fp=[2] true=[3] merged=[2, 3]
167.9 fp=[2] true=[3] merged=[2, 3]
168.2 fp=[2] true=[3] merged=[2, 3]
168.5 fp=[2] true=[3] merged=[2, 3]
168.8 fp=[2] true=[3] merged=[2, 3]
169.2 fp=[2] true=[3] merged=[2, 3]
169.5 fp=[2] true=[3] merged=[2, 3]
169.8 fp=[2] true=[3] merged=[2, 3]
170.1 fp=[2] true=[3] merged=[2, 3]
170.4 fp=[2] true=[3] merged=[2, 3]
170.7 fp=[2] true=[3] merged=[2, 3]
171.0 fp=[2] true=[3] merged=[2, 3]
171.4 fp=[2] true=[3] merged=[2, 3]
171.7 fp=[2] true=[3] merged=[2, 3]
172.0 fp=[2] true=[3] merged=[2, 3]
172.3 fp=[2] true=[3] merged=[2, 3]
172.6 fp=[2] true=[3] merged=[2, 3]
172.9 fp=[2] true=[3] merged=[2, 3]
173.2 fp=[2] true=[3] merged=[2, 3]
173.5 fp=[2] true=[3] merged=[2, 3]
173.9 fp=[2] true=[3] merged=[2, 3]
174.2 fp=[2] true=[3] merged=[2, 3]
174.5 fp=[2] true=[3] merged=[2, 3]
174.8 fp=[2] true=[3] merged=[2, 3]
175.1 fp=[2] true=[3] merged=[2, 3]
175.4 fp=[2] true=[3] merged=[2, 3]
175.7 fp=[2] true=[3] merged=[2, 3]
176.1 fp=[2] true=[3] merged=[2, 3]
176.4 fp=[2] true=[3] merged=[2, 3]
176.7 fp=[2] true=[3] merged=[2, 3]
177.0 fp=[2] true=[3] merged=[2, 3]
177.3 fp=[2] true=[3] merged=[2, 3]
177.7 fp=[2] true=[3] merged=[2, 3]
178.0 fp=[2] true=[3] merged=[2, 3]
178.3 fp=[2] true=[3] merged=[2, 3]
178.6 fp=[2] true=[3] merged=[2, 3]
178.9 fp=[2] true=[3] merged=[2, 3]
179.2 fp=[2] true=[3] merged=[2, 3]
179.6 fp=[2] true=[3] merged=[2, 3]
179.9 fp=[2] true=[3] merged=[2, 3]
180.2 fp=[2] true=[3] merged=[2, 3]
180.5 fp=[2] true=[3] merged=[2, 3]
180.8 fp=[2] true=[3] merged=[2, 3]
181.1 fp=[2] true=[3] merged=[2, 3]
181.5 fp=[2] true=[3] merged=[2, 3]
181.8 fp=[2] true=[3] merged=[2, 3]
182.1 fp=[5] true=[3] merged=[3, 5]
182.4 fp=[5] true=[3] merged=[3, 5]
182.7 fp=[5] true=[3] merged=[3, 5]
183.0 fp=[5] true=[3] merged=[3, 5]
183.3 fp=[5] true=[3] merged=[3, 5]
183.7 fp=[5] true=[3] merged=[3, 5]
184.0 fp=[5] true=[3] merged=[3, 5]
184.3 fp=[5] true=[3] merged=[3, 5]
184.6 fp=[5] true=[3] merged=[3, 5]
184.9 fp=[5] true=[3] merged=[3, 5]
185.2 fp=[5] true=[3] merged=[3, 5]
185.5 fp=[5] true=[3] merged=[3, 5]
185.8 fp=[5] true=[3] merged=[3, 5]
186.1 fp=[5] true=[3] merged=[3, 5]
186.5 fp=[5] true=[3] merged=[3, 5]
186.8 fp=[5] true=[3] merged=[3, 5]
187.1 fp=[5] true=[3] merged=[3, 5]
187.4 fp=[5] true=[3] merged=[3, 5]
187.7 fp=[5] true=[3] merged=[3, 5]
188.0 fp=[5] true=[3] merged=[3, 5]
188.4 fp=[5] true=[3] merged=[3, 5]
188.7 fp=[5] true=[3] merged=[3, 5]
189.0 fp=[5] true=[3] merged=[3, 5]
189.3 fp=[5] true=[3] merged=[3, 5]
189.6 fp=[5] true=[3] merged=[3, 5]
190.0 fp=[5] true=[3] merged=[3, 5]
190.3 fp=[5] true=[3] merged=[3, 5]
190.6 fp=[5] true=[3] merged=[3, 5]
190.9 fp=[5] true=[3] merged=[3, 5]
191.2 fp=[5] true=[3] merged=[3, 5]
191.5 fp=[5] true=[3] merged=[3, 5]
191.8 fp=[5] true=[3] merged=[3, 5]
192.2 fp=[7] true=[3] merged=[3, 7]
192.5 fp=[7] true=[3] merged=[3, 7]
192.8 fp=[7] true=[3] merged=[3, 7]
193.1 fp=[7] true=[3] merged=[3, 7]
193.4 fp=[7] true=[3] merged=[3, 7]
193.7 fp=[7] true=[3] merged=[3, 7]
194.0 fp=[7] true=[3] merged=[3, 7]
194.3 fp=[7] true=[3] merged=[3, 7]
194.7 fp=[7] true=[3] merged=[3, 7]
195.0 fp=[7] true=[3] merged=[3, 7]
195.3 fp=[4] true=[3] merged=[3, 4]
195.6 fp=[4] true=[3] merged=[3, 4]
195.9 fp=[4] true=[3] merged=[3, 4]
196.2 fp=[4] true=[3] merged=[3, 4]
196.5 fp=[4] true=[3] merged=[3, 4]
196.9 fp=[4] true=[3] merged=[3, 4]
197.2 fp=[4] true=[3] merged=[3, 4]
197.5 fp=[4] true=[3] merged=[3, 4]
197.8 fp=[4] true=[3] merged=[3, 4]
198.1 fp=[4] true=[3] merged=[3, 4]
198.4 fp=[4] true=[3] merged=[3, 4]
198.7 fp=[4] true=[3] merged=[3, 4]
199.1 fp=[4] true=[3] merged=[3, 4]
199.4 fp=[4] true=[3] merged=[3, 4]
199.7 fp=[4] true=[3] merged=[3, 4]
200.0 fp=[4] true=[3] merged=[3, 4]
200.3 fp=[4] true=[3] merged=[3, 4]
200.7 fp=[4] true=[3] merged=[3, 4]
201.0 fp=[4] true=[3] merged=[3, 4]
201.3 fp=[4] true=[3] merged=[3, 4]
201.6 fp=[4] true=[3] merged=[3, 4]
201.9 fp=[4] true=[3] merged=[3, 4]
202.2 fp=[4] true=[3] merged=[3, 4]
202.5 fp=[4] true=[3] merged=[3, 4]
202.8 fp=[4] true=[3] merged=[3, 4]
203.2 fp=[4] true=[3] merged=[3, 4]
203.5 fp=[4] true=[3] merged=[3, 4]
203.8 fp=[4] true=[3] merged=[3, 4]
204.1 fp=[4] true=[3] merged=[3, 4]
204.4 fp=[4] true=[3] merged=[3, 4]
204.8 fp=[4] true=[3] merged=[3, 4]
205.1 fp=[4] true=[3] merged=[3, 4]
205.4 fp=[4] true=[3] merged=[3, 4]
205.7 fp=[4] true=[3] merged=[3, 4]
206.0 fp=[4] true=[3] merged=[3, 4]
206.3 fp=[4] true=[3] merged=[3, 4]
206.7 fp=[4] true=[3] merged=[3, 4]
207.0 fp=[4] true=[3] merged=[3, 4]
207.3 fp=[4] true=[3] merged=[3, 4]
207.6 fp=[4] true=[3] merged=[3, 4]
207.9 fp=[4] true=[3] merged=[3, 4]
208.2 fp=[4] true=[3] merged=[3, 4]
208.5 fp=[4] true=[3] merged=[3, 4]
208.9 fp=[4] true=[3] merged=[3, 4]
209.2 fp=[4] true=[3] merged=[3, 4]
209.5 fp=[4] true=[3] merged=[3, 4]
209.8 fp=[4] true=[3] merged=[3, 4]
210.1 fp=[4] true=[3] merged=[3, 4]
210.4 fp=[4] true=[3] merged=[3, 4]
210.7 fp=[4] true=[3] merged=[3, 4]
211.1 fp=[4] true=[3] merged=[3, 4]
211.4 fp=[4] true=[3] merged=[3, 4]
211.7 fp=[4] true=[3] merged=[3, 4]
212.0 fp=[4] true=[3] merged=[3, 4]
212.3 fp=[4] true=[3] merged=[3, 4]
212.6 fp=[4] true=[3] merged=[3, 4]
212.9 fp=[4] true=[3] merged=[3, 4]
213.3 fp=[4] true=[3] merged=[3, 4]
213.6 fp=[4] true=[3] merged=[3, 4]
213.9 fp=[4] true=[3] merged=[3, 4]
214.2 fp=[4] true=[3] merged=[3, 4]
214.5 fp=[4] true=[3] merged=[3, 4]
214.8 fp=[4] true=[3] merged=[3, 4]
215.2 fp=[5] true=[3] merged=[3, 5]
215.5 fp=[5] true=[3] merged=[3, 5]
215.8 fp=[5] true=[3] merged=[3, 5]
216.1 fp=[5] true=[3] merged=[3, 5]
216.4 fp=[5] true=[3] merged=[3, 5]
216.7 fp=[5] true=[3] merged=[3, 5]
217.0 fp=[5] true=[3] merged=[3, 5]
217.3 fp=[5] true=[3] merged=[3, 5]
217.7 fp=[5] true=[3] merged=[3, 5]
218.0 fp=[5] true=[3] merged=[3, 5]
218.3 fp=[5] true=[3] merged=[3, 5]
218.6 fp=[5] true=[3] merged=[3, 5]
218.9 fp=[5] true=[3] merged=[3, 5]
219.2 fp=[4] true=[3] merged=[3, 4]
219.6 fp=[4] true=[3] merged=[3, 4]
219.9 fp=[4] true=[3] merged=[3, 4]
220.2 fp=[1] true=[3] merged=[1, 3]
220.5 fp=[1] true=[3] merged=[1, 3]
220.8 fp=[1] true=[3] merged=[1, 3]
221.1 fp=[1] true=[3] merged=[1, 3]
221.4 fp=[1] true=[3] merged=[1, 3]
221.7 fp=[1] true=[3] merged=[1, 3]
222.0 fp=[1] true=[3] merged=[1, 3]
222.4 fp=[1] true=[3] merged=[1, 3]
222.7 fp=[1] true=[3] merged=[1, 3]
223.0 fp=[1] true=[3] merged=[1, 3]
223.3 fp=[1] true=[3] merged=[1, 3]
223.6 fp=[1] true=[3] merged=[1, 3]
224.0 fp=[1] true=[3] merged=[1, 3]
224.3 fp=[1] true=[3] merged=[1, 3]
224.6 fp=[1] true=[3] merged=[1, 3]
224.9 fp=[1] true=[3] merged=[1, 3]
225.2 fp=[1] true=[3] merged=[1, 3]
225.5 fp=[1] true=[3] merged=[1, 3]
225.8 fp=[1] true=[3] merged=[1, 3]
226.2 fp=[1] true=[3] merged=[1, 3]
226.5 fp=[1] true=[3] merged=[1, 3]
226.8 fp=[1] true=[3] merged=[1, 3]
227.1 fp=[1] true=[3] merged=[1, 3]
227.4 fp=[1] true=[3] merged=[1, 3]
227.7 fp=[1] true=[3] merged=[1, 3]
228.0 fp=[1] true=[3] merged=[1, 3]
228.4 fp=[1] true=[3] merged=[1, 3]
228.7 fp=[1] true=[3] merged=[1, 3]
229.0 fp=[1] true=[3] merged=[1, 3]
229.3 fp=[1] true=[3] merged=[1, 3]
229.6 fp=[1] true=[3] merged=[1, 3]
229.9 fp=[1] true=[3] merged=[1, 3]
230.2 fp=[1] true=[3] merged=[1, 3]
230.5 fp=[1] true=[3] merged=[1, 3]
230.9 fp=[1] true=[3] merged=[1, 3]
231.2 fp=[1] true=[3] merged=[1, 3]
231.5 fp=[1] true=[3] merged=[1, 3]
231.8 fp=[1] true=[3] merged=[1, 3]
232.1 fp=[1] true=[3] merged=[1, 3]
232.5 fp=[1] true=[3] merged=[1, 3]
232.8 fp=[1] true=[3] merged=[1, 3]
233.1 fp=[1] true=[3] merged=[1, 3]
233.4 fp=[1] true=[3] merged=[1, 3]
233.7 fp=[1] true=[3] merged=[1, 3]
234.0 fp=[1] true=[3] merged=[1, 3]
234.3 fp=[1] true=[3] merged=[1, 3]
234.6 fp=[1] true=[3] merged=[1, 3]
235.0 fp=[1] true=[3] merged=[1, 3]
235.3 fp=[1] true=[3] merged=[1, 3]
235.6 fp=[1] true=[3] merged=[1, 3]
235.9 fp=[1] true=[3] merged=[1, 3]
236.2 fp=[1] true=[3] merged=[1, 3]
236.5 fp=[1] true=[3] merged=[1, 3]
236.9 fp=[1] true=[3] merged=[1, 3]
237.2 fp=[1] true=[3] merged=[1, 3]
237.5 fp=[1] true=[3] merged=[1, 3]
237.8 fp=[1] true=[3] merged=[1, 3]
238.1 fp=[1] true=[3] merged=[1, 3]
238.4 fp=[1] true=[3] merged=[1, 3]
238.7 fp=[1] true=[3] merged=[1, 3]
239.0 fp=[1] true=[3] merged=[1, 3]
239.4 fp=[1] true=[3] merged=[1, 3]
239.7 fp=[1] true=[3] merged=[1, 3]
240.0 fp=[1] true=[3] merged=[1, 3]
240.3 fp=[1] true=[3] merged=[1, 3]
240.6 fp=[1] true=[3] merged=[1, 3]
240.9 fp=[1] true=[3] merged=[1, 3]
241.2 fp=[1] true=[3] merged=[1, 3]
241.5 fp=[1] true=[3] merged=[1, 3]
241.8 fp=[1] true=[3] merged=[1, 3]
242.2 fp=[1] true=[3] merged=[1, 3]
242.5 fp=[1] true=[3] merged=[1, 3]
242.8 fp=[1] true=[3] merged=[1, 3]
243.1 fp=[1] true=[3] merged=[1, 3]
243.4 fp=[1] true=[3] merged=[1, 3]
243.7 fp=[1] true=[3] merged=[1, 3]
244.0 fp=[1] true=[3] merged=[1, 3]
244.4 fp=[1] true=[3] merged=[1, 3]
244.7 fp=[1] true=[3] merged=[1, 3]
245.0 fp=[1] true=[3] merged=[1, 3]
245.3 fp=[1] true=[3] merged=[1, 3]
245.6 fp=[1] true=[3] merged=[1, 3]
245.9 fp=[1] true=[3] merged=[1, 3]
246.2 fp=[1] true=[3] merged=[1, 3]
246.5 fp=[1] true=[3] merged=[1, 3]
246.9 fp=[1] true=[3] merged=[1, 3]
247.2 fp=[1] true=[3] merged=[1, 3]
247.5 fp=[1] true=[3] merged=[1, 3]
247.8 fp=[1] true=[3] merged=[1, 3]
248.1 fp=[1] true=[3] merged=[1, 3]
248.4 fp=[1] true=[3] merged=[1, 3]
248.7 fp=[1] true=[3] merged=[1, 3]
249.1 fp=[1] true=[3] merged=[1, 3]
249.4 fp=[1] true=[3] merged=[1, 3]
249.7 fp=[1] true=[3] merged=[1, 3]
250.0 fp=[1] true=[3] merged=[1, 3]
250.3 fp=[1] true=[3] merged=[1, 3]
250.6 fp=[1] true=[3] merged=[1, 3]
251.0 fp=[1] true=[3] merged=[1, 3]
251.3 fp=[1] true=[3] merged=[1, 3]
251.6 fp=[1] true=[3] merged=[1, 3]
251.9 fp=[1] true=[3] merged=[1, 3]
252.2 fp=[1] true=[3] merged=[1, 3]
252.5 fp=[1] true=[3] merged=[1, 3]
252.8 fp=[1] true=[3] merged=[1, 3]
253.2 fp=[1] true=[3] merged=[1, 3]
253.5 fp=[1] true=[3] merged=[1, 3]
253.8 fp=[1] true=[3] merged=[1, 3]
254.1 fp=[1] true=[3] merged=[1, 3]
254.4 fp=[1] true=[3] merged=[1, 3]
254.7 fp=[1] true=[3] merged=[1, 3]
255.0 fp=[1] true=[3] merged=[1, 3]
255.3 fp=[1] true=[3] merged=[1, 3]
255.7 fp=[1] true=[3] merged=[1, 3]
256.0 fp=[1] true=[3] merged=[1, 3]
256.3 fp=[1] true=[3] merged=[1, 3]
256.6 fp=[1] true=[3] merged=[1, 3]
256.9 fp=[1] true=[3] merged=[1, 3]
257.2 fp=[1] true=[3] merged=[1, 3]
257.5 fp=[1] true=[3] merged=[1, 3]
257.9 fp=[1] true=[3] merged=[1, 3]
258.2 fp=[1] true=[3] merged=[1, 3]
258.5 fp=[1] true=[3] merged=[1, 3]
258.8 fp=[1] true=[3] merged=[1, 3]
259.1 fp=[1] true=[3] merged=[1, 3]
259.4 fp=[1] true=[3] merged=[1, 3]
259.8 fp=[1] true=[3] merged=[1, 3]
260.1 fp=[1] true=[3] merged=[1, 3]
260.4 fp=[1] true=[3] merged=[1, 3]
260.7 fp=[1] true=[3] merged=[1, 3]
261.0 fp=[1] true=[3] merged=[1, 3]
261.3 fp=[1] true=[3] merged=[1, 3]
261.6 fp=[1] true=[3] merged=[1, 3]
262.0 fp=[1] true=[3] merged=[1, 3]
262.3 fp=[1] true=[3] merged=[1, 3]
262.6 fp=[1] true=[3] merged=[1, 3]
262.9 fp=[1] true=[3] merged=[1, 3]
263.2 fp=[1] true=[3] merged=[1, 3]
263.6 fp=[1] true=[3] merged=[1, 3]
263.9 fp=[1] true=[3] merged=[1, 3]
264.2 fp=[1] true=[3] merged=[1, 3]
264.5 fp=[1] true=[3] merged=[1, 3]
264.9 fp=[1] true=[3] merged=[1, 3]
265.2 fp=[1] true=[3] merged=[1, 3]
265.5 fp=[1] true=[3] merged=[1, 3]
265.8 fp=[1] true=[3] merged=[1, 3]
266.1 fp=[1] true=[3] merged=[1, 3]
266.4 fp=[1] true=[3] merged=[1, 3]
266.7 fp=[1] true=[3] merged=[1, 3]
267.1 fp=[1] true=[3] merged=[1, 3]
267.4 fp=[1] true=[3] merged=[1, 3]
267.7 fp=[1] true=[3] merged=[1, 3]
268.0 fp=[1] true=[3] merged=[1, 3]
268.3 fp=[1] true=[3] merged=[1, 3]
268.6 fp=[1] true=[3] merged=[1, 3]
268.9 fp=[1] true=[3] merged=[1, 3]
269.3 fp=[1] true=[3] merged=[1, 3]
269.6 fp=[1] true=[3] merged=[1, 3]
269.9 fp=[1] true=[3] merged=[1, 3]
270.2 fp=[1] true=[3] merged=[1, 3]
270.5 fp=[1] true=[3] merged=[1, 3]
270.8 fp=[1] true=[3] merged=[1, 3]
271.2 fp=[1] true=[3] merged=[1, 3]
271.5 fp=[1] true=[3] merged=[1, 3]
271.8 fp=[1] true=[3] merged=[1, 3]
272.1 fp=[1] true=[3] merged=[1, 3]
272.4 fp=[1] true=[3] merged=[1, 3]
272.7 fp=[1] true=[3] merged=[1, 3]
273.0 fp=[2] true=[3] merged=[2, 3]
273.3 fp=[2] true=[3] merged=[2, 3]
273.7 fp=[2] true=[3] merged=[2, 3]
274.0 fp=[2] true=[3] merged=[2, 3]
274.3 fp=[2] true=[3] merged=[2, 3]
274.6 fp=[2] true=[3] merged=[2, 3]
274.9 fp=[2] true=[3] merged=[2, 3]
275.3 fp=[2] true=[3] merged=[2, 3]
275.6 fp=[2] true=[3] merged=[2, 3]
275.9 fp=[2] true=[3] merged=[2, 3]
276.2 fp=[2] true=[3] merged=[2, 3]
276.5 fp=[2] true=[3] merged=[2, 3]
276.8 fp=[2] true=[3] merged=[2, 3]
277.1 fp=[2] true=[3] merged=[2, 3]
277.4 fp=[2] true=[3] merged=[2, 3]
277.7 fp=[2] true=[3] merged=[2, 3]
278.0 fp=[4] true=[3] merged=[3, 4]
278.4 fp=[4] true=[3] merged=[3, 4]
278.7 fp=[4] true=[3] merged=[3, 4]
279.0 fp=[4] true=[3] merged=[3, 4]
279.3 fp=[4] true=[3] merged=[3, 4]
279.6 fp=[4] true=[3] merged=[3, 4]
279.9 fp=[4] true=[3] merged=[3, 4]
280.2 fp=[4] true=[3] merged=[3, 4]
280.6 fp=[4] true=[3] merged=[3, 4]
280.9 fp=[4] true=[3] merged=[3, 4]
281.2 fp=[4] true=[3] merged=[3, 4]
281.5 fp=[4] true=[3] merged=[3, 4]
281.8 fp=[4] true=[3] merged=[3, 4]
282.1 fp=[4] true=[3] merged=[3, 4]
282.5 fp=[4] true=[3] merged=[3, 4]
282.8 fp=[4] true=[3] merged=[3, 4]
283.1 fp=[4] true=[3] merged=[3, 4]
283.4 fp=[4] true=[3] merged=[3, 4]
283.7 fp=[4] true=[3] merged=[3, 4]
284.0 fp=[4] true=[3] merged=[3, 4]
284.3 fp=[4] true=[3] merged=[3, 4]
284.6 fp=[4] true=[3] merged=[3, 4]
284.9 fp=[4] true=[3] merged=[3, 4]
285.3 fp=[4] true=[3] merged=[3, 4]
285.6 fp=[4] true=[3] merged=[3, 4]
285.9 fp=[4] true=[3] merged=[3, 4]
286.2 fp=[4] true=[3] merged=[3, 4]
286.5 fp=[4] true=[3] merged=[3, 4]
286.8 fp=[4] true=[3] merged=[3, 4]
287.1 fp=[4] true=[3] merged=[3, 4]
287.5 fp=[4] true=[3] merged=[3, 4]
287.8 fp=[4] true=[3] merged=[3, 4]
288.1 fp=[4] true=[3] merged=[3, 4]
288.4 fp=[4] true=[3] merged=[3, 4]
288.7 fp=[4] true=[3] merged=[3, 4]
289.0 fp=[4] true=[3] merged=[3, 4]
289.3 fp=[4] true=[3] merged=[3, 4]
289.6 fp=[4] true=[3] merged=[3, 4]
289.9 fp=[4] true=[3] merged=[3, 4]
290.3 fp=[4] true=[3] merged=[3, 4]
290.6 fp=[4] true=[3] merged=[3, 4]
290.9 fp=[4] true=[3] merged=[3, 4]
291.2 fp=[4] true=[3] merged=[3, 4]
291.5 fp=[4] true=[3] merged=[3, 4]
291.8 fp=[4] true=[3] merged=[3, 4]
292.2 fp=[4] true=[3] merged=[3, 4]
292.5 fp=[4] true=[3] merged=[3, 4]
292.8 fp=[4] true=[3] merged=[3, 4]
293.2 fp=[4] true=[3] merged=[3, 4]
293.5 fp=[4] true=[3] merged=[3, 4]
293.8 fp=[4] true=[3] merged=[3, 4]
294.1 fp=[4] true=[3] merged=[3, 4]
294.4 fp=[4] true=[3] merged=[3, 4]
294.7 fp=[4] true=[3] merged=[3, 4]
295.0 fp=[4] true=[3] merged=[3, 4]
295.3 fp=[4] true=[3] merged=[3, 4]
295.6 fp=[4] true=[3] merged=[3, 4]
296.0 fp=[4] true=[3] merged=[3, 4]
296.3 fp=[4] true=[3] merged=[3, 4]
296.6 fp=[4] true=[3] merged=[3, 4]
296.9 fp=[4] true=[3] merged=[3, 4]
297.2 fp=[1] true=[3] merged=[1, 3]
297.5 fp=[1] true=[3] merged=[1, 3]
297.9 fp=[1] true=[3] merged=[1, 3]
298.2 fp=[1] true=[3] merged=[1, 3]
298.5 fp=[1] true=[3] merged=[1, 3]
298.8 fp=[1] true=[3] merged=[1, 3]
299.1 fp=[1] true=[3] merged=[1, 3]
299.4 fp=[1] true=[3] merged=[1, 3]
299.7 fp=[1] true=[3] merged=[1, 3]
300.0 fp=[1] true=[3] merged=[1, 3]
300.4 fp=[1] true=[3] merged=[1, 3]
300.7 fp=[1] true=[3] merged=[1, 3]
301.0 fp=[1] true=[3] merged=[1, 3]
301.3 fp=[1] true=[3] merged=[1, 3]
301.6 fp=[1] true=[3] merged=[1, 3]
301.9 fp=[1] true=[3] merged=[1, 3]
302.2 fp=[1] true=[3] merged=[1, 3]
302.6 fp=[1] true=[3] merged=[1, 3]
302.9 fp=[1] true=[3] merged=[1, 3]
303.2 fp=[1] true=[3] merged=[1, 3]
303.5 fp=[1] true=[3] merged=[1, 3]
303.8 fp=[1] true=[3] merged=[1, 3]
304.1 fp=[1] true=[3] merged=[1, 3]
304.4 fp=[1] true=[3] merged=[1, 3]
304.7 fp=[1] true=[3] merged=[1, 3]
305.1 fp=[1] true=[3] merged=[1, 3]
305.4 fp=[1] true=[3] merged=[1, 3]
305.7 fp=[1] true=[3] merged=[1, 3]
306.0 fp=[1] true=[3] merged=[1, 3]
306.3 fp=[1] true=[3] merged=[1, 3]
306.6 fp=[1] true=[3] merged=[1, 3]
307.0 fp=[1] true=[3] merged=[1, 3]
307.3 fp=[1] true=[3] merged=[1, 3]
307.6 fp=[1] true=[3] merged=[1, 3]
307.9 fp=[1] true=[3] merged=[1, 3]
308.3 fp=[1] true=[3] merged=[1, 3]
308.6 fp=[1] true=[3] merged=[1, 3]
308.9 fp=[1] true=[3] merged=[1, 3]
309.2 fp=[1] true=[3] merged=[1, 3]
309.5 fp=[1] true=[3] merged=[1, 3]
309.8 fp=[1] true=[3] merged=[1, 3]
310.1 fp=[1] true=[3] merged=[1, 3]
310.5 fp=[1] true=[3] merged=[1, 3]
310.8 fp=[1] true=[3] merged=[1, 3]
311.1 fp=[1] true=[3] merged=[1, 3]
311.4 fp=[1] true=[3] merged=[1, 3]
311.7 fp=[1] true=[3] merged=[1, 3]
312.0 fp=[1] true=[3] merged=[1, 3]
312.3 fp=[1] true=[3] merged=[1, 3]
312.6 fp=[1] true=[3] merged=[1, 3]
313.0 fp=[1] true=[3] merged=[1, 3]
313.3 fp=[1] true=[3] merged=[1, 3]
313.6 fp=[1] true=[3] merged=[1, 3]
313.9 fp=[1] true=[3] merged=[1, 3]
314.2 fp=[1] true=[3] merged=[1, 3]
314.5 fp=[1] true=[3] merged=[1, 3]
314.9 fp=[1] true=[3] merged=[1, 3]
315.2 fp=[1] true=[3] merged=[1, 3]
315.5 fp=[1] true=[3] merged=[1, 3]
315.8 fp=[1] true=[3] merged=[1, 3]
316.1 fp=[1] true=[3] merged=[1, 3]
316.4 fp=[1] true=[3] merged=[1, 3]
316.8 fp=[1] true=[3] merged=[1, 3]
317.1 fp=[4] true=[3] merged=[3, 4]
317.4 fp=[4] true=[3] merged=[3, 4]
317.7 fp=[4] true=[3] merged=[3, 4]
318.0 fp=[4] true=[3] merged=[3, 4]
318.3 fp=[4] true=[3] merged=[3, 4]
318.6 fp=[4] true=[3] merged=[3, 4]
319.0 fp=[4] true=[3] merged=[3, 4]
319.3 fp=[1] true=[3] merged=[1, 3]
319.6 fp=[1] true=[3] merged=[1, 3]
319.9 fp=[1] true=[3] merged=[1, 3]
320.3 fp=[1] true=[3] merged=[1, 3]
320.6 fp=[1] true=[3] merged=[1, 3]
320.9 fp=[1] true=[3] merged=[1, 3]
321.2 fp=[1] true=[3] merged=[1, 3]
321.5 fp=[1] true=[3] merged=[1, 3]
321.8 fp=[1] true=[3] merged=[1, 3]
322.2 fp=[1] true=[3] merged=[1, 3]
322.5 fp=[1] true=[3] merged=[1, 3]
322.8 fp=[1] true=[3] merged=[1, 3]
323.1 fp=[1] true=[3] merged=[1, 3]
323.4 fp=[1] true=[3] merged=[1, 3]
323.7 fp=[1] true=[3] merged=[1, 3]
324.0 fp=[1] true=[3] merged=[1, 3]
324.4 fp=[1] true=[3] merged=[1, 3]
324.7 fp=[1] true=[3] merged=[1, 3]
325.0 fp=[1] true=[3] merged=[1, 3]
325.3 fp=[1] true=[3] merged=[1, 3]
325.6 fp=[1] true=[3] merged=[1, 3]
325.9 fp=[1] true=[3] merged=[1, 3]
326.2 fp=[1] true=[3] merged=[1, 3]
326.6 fp=[1] true=[3] merged=[1, 3]
326.9 fp=[1] true=[3] merged=[1, 3]
327.2 fp=[1] true=[3] merged=[1, 3]
327.5 fp=[1] true=[3] merged=[1, 3]
327.8 fp=[1] true=[3] merged=[1, 3]
328.1 fp=[1] true=[3] merged=[1, 3]
328.4 fp=[1] true=[3] merged=[1, 3]
328.8 fp=[1] true=[3] merged=[1, 3]
329.1 fp=[1] true=[3] merged=[1, 3]
329.4 fp=[1] true=[3] merged=[1, 3]
329.7 fp=[1] true=[3] merged=[1, 3]
330.0 fp=[1] true=[3] merged=[1, 3]
330.3 fp=[1] true=[3] merged=[1, 3]
330.7 fp=[1] true=[3] merged=[1, 3]
331.0 fp=[1] true=[3] merged=[1, 3]
331.3 fp=[1] true=[3] merged=[1, 3]
331.6 fp=[1] true=[3] merged=[1, 3]
331.9 fp=[1] true=[3] merged=[1, 3]
332.2 fp=[1] true=[3] merged=[1, 3]
332.5 fp=[1] true=[3] merged=[1, 3]
332.8 fp=[1] true=[3] merged=[1, 3]
333.1 fp=[1] true=[3] merged=[1, 3]
333.5 fp=[1] true=[3] merged=[1, 3]
333.8 fp=[1] true=[3] merged=[1, 3]
334.1 fp=[1] true=[3] merged=[1, 3]
334.4 fp=[1] true=[3] merged=[1, 3]
334.7 fp=[1] true=[3] merged=[1, 3]
335.0 fp=[1] true=[3] merged=[1, 3]
335.3 fp=[1] true=[3] merged=[1, 3]
335.6 fp=[1] true=[3] merged=[1, 3]
336.0 fp=[1] true=[3] merged=[1, 3]
336.3 fp=[1] true=[3] merged=[1, 3]
336.6 fp=[1] true=[3] merged=[1, 3]
336.9 fp=[1] true=[3] merged=[1, 3]
337.3 fp=[1] true=[3] merged=[1, 3]
337.6 fp=[1] true=[3] merged=[1, 3]
337.9 fp=[1] true=[3] merged=[1, 3]
338.2 fp=[1] true=[3] merged=[1, 3]
338.6 fp=[1] true=[3] merged=[1, 3]
338.9 fp=[1] true=[3] merged=[1, 3]
339.2 fp=[1] true=[3] merged=[1, 3]
339.5 fp=[1] true=[3] merged=[1, 3]
339.8 fp=[1] true=[3] merged=[1, 3]
340.1 fp=[1] true=[3] merged=[1, 3]
340.4 fp=[1] true=[3] merged=[1, 3]
340.8 fp=[1] true=[3] merged=[1, 3]
341.1 fp=[1] true=[3] merged=[1, 3]
341.4 fp=[1] true=[3] merged=[1, 3]
341.7 fp=[1] true=[3] merged=[1, 3]
342.0 fp=[1] true=[3] merged=[1, 3]
342.3 fp=[1] true=[3] merged=[1, 3]
342.6 fp=[1] true=[3] merged=[1, 3]
343.0 fp=[1] true=[3] merged=[1, 3]
343.3 fp=[1] true=[3] merged=[1, 3]
343.6 fp=[1] true=[3] merged=[1, 3]
343.9 fp=[1] true=[3] merged=[1, 3]
344.2 fp=[1] true=[3] merged=[1, 3]
344.5 fp=[1] true=[3] merged=[1, 3]
344.8 fp=[1] true=[3] merged=[1, 3]
345.1 fp=[1] true=[3] merged=[1, 3]
345.5 fp=[1] true=[3] merged=[1, 3]
345.8 fp=[1] true=[3] merged=[1, 3]
346.1 fp=[1] true=[3] merged=[1, 3]
346.4 fp=[1] true=[3] merged=[1, 3]
346.7 fp=[1] true=[3] merged=[1, 3]
347.0 fp=[1] true=[3] merged=[1, 3]
347.3 fp=[1] true=[3] merged=[1, 3]
347.7 fp=[1] true=[3] merged=[1, 3]
348.0 fp=[1] true=[3] merged=[1, 3]
348.3 fp=[1] true=[3] merged=[1, 3]
348.6 fp=[1] true=[3] merged=[1, 3]
348.9 fp=[1] true=[3] merged=[1, 3]
349.2 fp=[1] true=[3] merged=[1, 3]
349.5 fp=[1] true=[3] merged=[1, 3]
349.9 fp=[1] true=[3] merged=[1, 3]
350.2 fp=[1] true=[3] merged=[1, 3]
350.5 fp=[1] true=[3] merged=[1, 3]
350.8 fp=[1] true=[3] merged=[1, 3]
351.1 fp=[1] true=[3] merged=[1, 3]
351.4 fp=[1] true=[3] merged=[1, 3]
351.8 fp=[1] true=[3] merged=[1, 3]
352.1 fp=[1] true=[3] merged=[1, 3]
352.4 fp=[1] true=[3] merged=[1, 3]
352.7 fp=[1] true=[3] merged=[1, 3]
353.0 fp=[1] true=[3] merged=[1, 3]
353.3 fp=[1] true=[3] merged=[1, 3]
353.6 fp=[1] true=[3] merged=[1, 3]
353.9 fp=[1] true=[3] merged=[1, 3]
354.2 fp=[1] true=[3] merged=[1, 3]
354.6 fp=[1] true=[3] merged=[1, 3]
354.9 fp=[1] true=[3] merged=[1, 3]
355.2 fp=[1] true=[3] merged=[1, 3]
355.5 fp=[1] true=[3] merged=[1, 3]
355.8 fp=[1] true=[3] merged=[1, 3]
356.1 fp=[1] true=[3] merged=[1, 3]
356.4 fp=[1] true=[3] merged=[1, 3]
356.8 fp=[1] true=[3] merged=[1, 3]
357.1 fp=[1] true=[3] merged=[1, 3]
357.4 fp=[1] true=[3] merged=[1, 3]
357.7 fp=[1] true=[3] merged=[1, 3]
358.0 fp=[1] true=[3] merged=[1, 3]
358.3 fp=[1] true=[3] merged=[1, 3]
358.7 fp=[1] true=[3] merged=[1, 3]
359.0 fp=[1] true=[3] merged=[1, 3]
359.3 fp=[1] true=[3] merged=[1, 3]
359.6 fp=[1] true=[3] merged=[1, 3]
359.9 fp=[1] true=[3] merged=[1, 3]
360.2 fp=[1] true=[3] merged=[1, 3]
360.6 fp=[1] true=[3] merged=[1, 3]
360.9 fp=[1] true=[3] merged=[1, 3]
361.2 fp=[1] true=[3] merged=[1, 3]
361.5 fp=[1] true=[3] merged=[1, 3]
361.8 fp=[1] true=[3] merged=[1, 3]
362.1 fp=[1] true=[3] merged=[1, 3]
362.4 fp=[1] true=[3] merged=[1, 3]
362.7 fp=[1] true=[3] merged=[1, 3]
363.1 fp=[1] true=[3] merged=[1, 3]
363.4 fp=[1] true=[3] merged=[1, 3]
363.7 fp=[1] true=[3] merged=[1, 3]
364.0 fp=[1] true=[3] merged=[1, 3]
364.3 fp=[1] true=[3] merged=[1, 3]
364.6 fp=[1] true=[3] merged=[1, 3]
364.9 fp=[1] true=[3] merged=[1, 3]
365.2 fp=[1] true=[3] merged=[1, 3]
365.6 fp=[1] true=[3] merged=[1, 3]
365.9 fp=[1] true=[3] merged=[1, 3]
366.2 fp=[1] true=[3] merged=[1, 3]
366.5 fp=[1] true=[3] merged=[1, 3]
366.8 fp=[1] true=[3] merged=[1, 3]
367.1 fp=[1] true=[3] merged=[1, 3]
367.4 fp=[1] true=[3] merged=[1, 3]
367.8 fp=[1] true=[3] merged=[1, 3]
368.1 fp=[1] true=[3] merged=[1, 3]
368.4 fp=[1] true=[3] merged=[1, 3]
368.7 fp=[1] true=[3] merged=[1, 3]
369.0 fp=[1] true=[3] merged=[1, 3]
369.3 fp=[1] true=[3] merged=[1, 3]
369.6 fp=[1] true=[3] merged=[1, 3]
369.9 fp=[1] true=[3] merged=[1, 3]
370.2 fp=[1] true=[3] merged=[1, 3]
370.5 fp=[1] true=[3] merged=[1, 3]
370.9 fp=[1] true=[3] merged=[1, 3]
371.2 fp=[1] true=[3] merged=[1, 3]
371.5 fp=[1] true=[3] merged=[1, 3]
371.8 fp=[1] true=[3] merged=[1, 3]
372.1 fp=[1] true=[3] merged=[1, 3]
372.4 fp=[1] true=[3] merged=[1, 3]
372.7 fp=[1] true=[3] merged=[1, 3]
373.0 fp=[1] true=[3] merged=[1, 3]
373.4 fp=[1] true=[3] merged=[1, 3]
373.7 fp=[1] true=[3] merged=[1, 3]
374.0 fp=[1] true=[3] merged=[1, 3]
374.3 fp=[1] true=[3] merged=[1, 3]
374.6 fp=[1] true=[3] merged=[1, 3]
374.9 fp=[1] true=[3] merged=[1, 3]
375.2 fp=[1] true=[3] merged=[1, 3]
375.5 fp=[1] true=[3] merged=[1, 3]
375.9 fp=[1] true=[3] merged=[1, 3]
376.2 fp=[1] true=[3] merged=[1, 3]
376.5 fp=[1] true=[3] merged=[1, 3]
376.8 fp=[1] true=[3] merged=[1, 3]
377.1 fp=[1] true=[3] merged=[1, 3]
377.4 fp=[1] true=[3] merged=[1, 3]
377.7 fp=[1] true=[3] merged=[1, 3]
378.0 fp=[1] true=[3] merged=[1, 3]
378.4 fp=[1] true=[3] merged=[1, 3]
378.7 fp=[1] true=[3] merged=[1, 3]
379.0 fp=[1] true=[3] merged=[1, 3]
379.3 fp=[1] true=[3] merged=[1, 3]
379.6 fp=[1] true=[3] merged=[1, 3]
379.9 fp=[1] true=[3] merged=[1, 3]
380.3 fp=[1] true=[3] merged=[1, 3]
380.6 fp=[1] true=[3] merged=[1, 3]
380.9 fp=[1] true=[3] merged=[1, 3]
381.2 fp=[1] true=[3] merged=[1, 3]
381.5 fp=[1] true=[3] merged=[1, 3]
381.8 fp=[1] true=[3] merged=[1, 3]
382.1 fp=[1] true=[3] merged=[1, 3]
382.4 fp=[1] true=[3] merged=[1, 3]
382.8 fp=[1] true=[3] merged=[1, 3]
383.1 fp=[1] true=[3] merged=[1, 3]
383.4 fp=[1] true=[3] merged=[1, 3]
383.7 fp=[1] true=[3] merged=[1, 3]
384.0 fp=[1] true=[3] merged=[1, 3]
384.3 fp=[1] true=[3] merged=[1, 3]
384.6 fp=[1] true=[3] merged=[1, 3]
385.0 fp=[1] true=[3] merged=[1, 3]
385.3 fp=[1] true=[3] merged=[1, 3]
385.6 fp=[1] true=[3] merged=[1, 3]
385.9 fp=[1] true=[3] merged=[1, 3]
386.2 fp=[1] true=[3] merged=[1, 3]
386.5 fp=[1] true=[3] merged=[1, 3]
386.8 fp=[1] true=[3] merged=[1, 3]
387.2 fp=[1] true=[3] merged=[1, 3]
387.5 fp=[1] true=[3] merged=[1, 3]
387.8 fp=[1] true=[3] merged=[1, 3]
388.1 fp=[2] true=[3] merged=[2, 3]
