# start rate=20 seed=2 dur=420 n=7 target=3 events=77
2.2 fp=[1] true=[3] merged=[1, 3]
2.5 fp=[1] true=[3] merged=[1, 3]
2.8 fp=[1] true=[3] merged=[1, 3]
3.1 fp=[1] true=[3] merged=[1, 3]
3.4 fp=[1] true=[3] merged=[1, 3]
3.7 fp=[1] true=[3] merged=[1, 3]
4.1 fp=[1] true=[3] merged=[1, 3]
4.4 fp=[1] true=[3] merged=[1, 3]
4.7 fp=[1] true=[3] merged=[1, 3]
5.0 fp=[1] true=[3] merged=[1, 3]
5.3 fp=[1] true=[3] merged=[1, 3]
5.6 fp=[1] true=[3] merged=[1, 3]
6.0 fp=[1] true=[3] merged=[1, 3]
6.3 fp=[1] true=[3] merged=[1, 3]
6.6 fp=[1] true=[3] merged=[1, 3]
6.9 fp=[1] true=[3] merged=[1, 3]
7.2 fp=[1] true=[3] merged=[1, 3]
7.5 fp=[1] true=[3] merged=[1, 3]
7.8 fp=[1] true=[3] merged=[1, 3]
8.1 fp=[1] true=[3] merged=[1, 3]
8.5 fp=[1] true=[3] merged=[1, 3]
8.8 fp=[1] true=[3] merged=[1, 3]
9.1 fp=[1] true=[3] merged=[1, 3]
9.4 fp=[1] true=[3] merged=[1, 3]
9.7 fp=[1] true=[3] merged=[1, 3]
10.0 fp=[1] true=[3] merged=[1, 3]
10.4 fp=[1] true=[3] merged=[1, 3]
10.7 fp=[1] true=[3] merged=[1, 3]
11.0 fp=[1] true=[3] merged=[1, 3]
11.3 fp=[1] true=[3] merged=[1, 3]
11.6 fp=[1] true=[3] merged=[1, 3]
11.9 fp=[1] true=[3] merged=[1, 3]
12.2 fp=[1] true=[3] merged=[1, 3]
12.6 fp=[1] true=[3] merged=[1, 3]
12.9 fp=[1] true=[3] merged=[1, 3]
13.2 fp=[1] true=[3] merged=[1, 3]
13.5 fp=[1] true=[3] merged=[1, 3]
13.8 fp=[1] true=[3] merged=[1, 3]
14.1 fp=[1] true=[3] merged=[1, 3]
14.4 fp=[1] true=[3] merged=[1, 3]
14.7 fp=[1] true=[3] merged=[1, 3]
15.1 fp=[1] true=[3] merged=[1, 3]
15.4 fp=[1] true=[3] merged=[1, 3]
15.7 fp=[1] true=[3] merged=[1, 3]
16.0 fp=[1] true=[3] merged=[1, 3]
16.3 fp=[1] true=[3] merged=[1, 3]
16.6 fp=[1] true=[3] merged=[1, 3]
16.9 fp=[1] true=[3] merged=[1, 3]
17.2 fp=[1] true=[3] merged=[1, 3]
17.5 fp=[1] true=[3] merged=[1, 3]
17.9 fp=[1] true=[3] merged=[1, 3]
18.2 fp=[1] true=[3] merged=[1, 3]
18.5 fp=[1] true=[3] merged=[1, 3]
18.8 fp=[1] true=[3] merged=[1, 3]
19.1 fp=[1] true=[3] merged=[1, 3]
19.4 fp=[1] true=[3] merged=[1, 3]
19.7 fp=[1] true=[3] merged=[1, 3]
20.0 fp=[1] true=[3] merged=[1, 3]
20.3 fp=[1] true=[3] merged=[1, 3]
20.7 fp=[1] true=[3] merged=[1, 3]
21.0 fp=[1] true=[3] merged=[1, 3]
21.3 fp=[1] true=[3] merged=[1, 3]
21.6 fp=[1] true=[3] merged=[1, 3]
21.9 fp=[1] true=[3] merged=[1, 3]
25.1 fp=[5] true=[3] merged=[3, 5]
25.4 fp=[5] true=[3] merged=[3, 5]
25.7 fp=[5] true=[3] merged=[3, 5]
26.0 fp=[5] true=[3] merged=[3, 5]
26.3 fp=[5] true=[3] merged=[3, 5]
26.6 fp=[5] true=[3] merged=[3, 5]
27.0 fp=[5] true=[3] merged=[3, 5]
27.3 fp=[5] true=[3] merged=[3, 5]
27.6 fp=[5] true=[3] merged=[3, 5]
27.9 fp=[5] true=[3] merged=[3, 5]
28.2 fp=[5] true=[3] merged=[3, 5]
28.5 fp=[5] true=[3] merged=[3, 5]
28.9 fp=[5] true=[3] merged=[3, 5]
29.2 fp=[5] true=[3] merged=[3, 5]
29.5 fp=[5] true=[3] merged=[3, 5]
29.8 fp=[5] true=[3] merged=[3, 5]
30.1 fp=[4] true=[3] merged=[3, 4]
30.4 fp=[4] true=[3] merged=[3, 4]
30.7 fp=[4] true=[3] merged=[3, 4]
31.1 fp=[4] true=[3] merged=[3, 4]
31.4 fp=[4] true=[3] merged=[3, 4]
31.7 fp=[4] true=[3] merged=[3, 4]
32.0 fp=[4] true=[3] merged=[3, 4]
32.3 fp=[4] true=[3] merged=[3, 4]
32.6 fp=[4] true=[3] merged=[3, 4]
33.0 fp=[4] true=[3] merged=[3, 4]
33.3 fp=[4] true=[3] merged=[3, 4]
33.6 fp=[4] true=[3] merged=[3, 4]
33.9 fp=[4] true=[3] merged=[3, 4]
34.2 fp=[4] true=[3] merged=[3, 4]
34.5 fp=[4] true=[3] merged=[3, 4]
34.8 fp=[4] true=[3] merged=[3, 4]
35.1 fp=[4] true=[3] merged=[3, 4]
35.4 fp=[4] true=[3] merged=[3, 4]
35.8 fp=[4] true=[3] merged=[3, 4]
36.1 fp=[4] true=[3] merged=[3, 4]
36.4 fp=[4] true=[3] merged=[3, 4]
36.7 fp=[4] true=[3] merged=[3, 4]
37.0 fp=[4] true=[3] merged=[3, 4]
37.3 fp=[4] true=[3] merged=[3, 4]
37.6 fp=[4] true=[3] merged=[3, 4]
38.0 fp=[4] true=[3] merged=[3, 4]
38.3 fp=[4] true=[3] merged=[3, 4]
38.6 fp=[4] true=[3] merged=[3, 4]
38.9 fp=[4] true=[3] merged=[3, 4]
39.2 fp=[1] true=[3] merged=[1, 3]
39.5 fp=[1] true=[3] merged=[1, 3]
39.8 fp=[1] true=[3] merged=[1, 3]
40.1 fp=[1] true=[3] merged=[1, 3]
40.5 fp=[1] true=[3] merged=[1, 3]
40.8 fp=[1] true=[3] merged=[1, 3]
41.1 fp=[1] true=[3] merged=[1, 3]
41.4 fp=[1] true=[3] merged=[1, 3]
41.7 fp=[1] true=[3] merged=[1, 3]
42.0 fp=[1] true=[3] merged=[1, 3]
42.4 fp=[1] true=[3] merged=[1, 3]
42.7 fp=[1] true=[3] merged=[1, 3]
43.0 fp=[1] true=[3] merged=[1, 3]
43.3 fp=[1] true=[3] merged=[1, 3]
43.6 fp=[1] true=[3] merged=[1, 3]
43.9 fp=[1] true=[3] merged=[1, 3]
44.3 fp=[1] true=[3] merged=[1, 3]
44.6 fp=[1] true=[3] merged=[1, 3]
44.9 fp=[1] true=[3] merged=[1, 3]
45.2 fp=[1] true=[3] merged=[1, 3]
45.5 fp=[1] true=[3] merged=[1, 3]
45.8 fp=[1] true=[3] merged=[1, 3]
46.1 fp=[1] true=[3] merged=[1, 3]
46.5 fp=[1] true=[3] merged=[1, 3]
46.8 fp=[1] true=[3] merged=[1, 3]
47.1 fp=[1] true=[3] merged=[1, 3]
47.4 fp=[1] true=[3] merged=[1, 3]
47.7 fp=[1] true=[3] merged=[1, 3]
48.0 fp=[1] true=[3] merged=[1, 3]
48.3 fp=[1] true=[3] merged=[1, 3]
48.6 fp=[1] true=[3] merged=[1, 3]
49.0 fp=[1] true=[3] merged=[1, 3]
49.3 fp=[1] true=[3] merged=[1, 3]
49.6 fp=[1] true=[3] merged=[1, 3]
49.9 fp=[1] true=[3] merged=[1, 3]
50.2 fp=[1] true=[3] merged=[1, 3]
50.5 fp=[1] true=[3] merged=[1, 3]
50.8 fp=[1] true=[3] merged=[1, 3]
51.2 fp=[1] true=[3] merged=[1, 3]
51.5 fp=[1] true=[3] merged=[1, 3]
51.8 fp=[1] true=[3] merged=[1, 3]
52.1 fp=[1] true=[3] merged=[1, 3]
52.4 fp=[1] true=[3] merged=[1, 3]
52.7 fp=[1] true=[3] merged=[1, 3]
53.0 fp=[1] true=[3] merged=[1, 3]
53.3 fp=[1] true=[3] merged=[1, 3]
53.7 fp=[1] true=[3] merged=[1, 3]
54.0 fp=[1] true=[3] merged=[1, 3]
54.3 fp=[1] true=[3] merged=[1, 3]
54.6 fp=[1] true=[3] merged=[1, 3]
54.9 fp=[1] true=[3] merged=[1, 3]
55.2 fp=[1] true=[3] merged=[1, 3]
55.5 fp=[1] true=[3] merged=[1, 3]
55.9 fp=[1] true=[3] merged=[1, 3]
56.2 fp=[1] true=[3] merged=[1, 3]
56.5 fp=[1] true=[3] merged=[1, 3]
56.8 fp=[1] true=[3] merged=[1, 3]
57.1 fp=[1] true=[3] merged=[1, 3]
57.4 fp=[1] true=[3] merged=[1, 3]
57.7 fp=[1] true=[3] merged=[1, 3]
58.0 fp=[1] true=[3] merged=[1, 3]
58.3 fp=[1] true=[3] merged=[1, 3]
58.6 fp=[1] true=[3] merged=[1, 3]
59.0 fp=[1] true=[3] merged=[1, 3]
59.3 fp=[1] true=[3] merged=[1, 3]
59.6 fp=[1] true=[3] merged=[1, 3]
59.9 fp=[1] true=[3] merged=[1, 3]
60.2 fp=[1] true=[3] merged=[1, 3]
60.5 fp=[1] true=[3] merged=[1, 3]
60.8 fp=[1] true=[3] merged=[1, 3]
61.1 fp=[1] true=[3] merged=[1, 3]
61.4 fp=[1] true=[3] merged=[1, 3]
61.8 fp=[1] true=[3] merged=[1, 3]
62.1 fp=[1] true=[3] merged=[1, 3]
62.4 fp=[1] true=[3] merged=[1, 3]
62.7 fp=[1] true=[3] merged=[1, 3]
63.0 fp=[1] true=[3] merged=[1, 3]
63.3 fp=[1] true=[3] merged=[1, 3]
63.6 fp=[1] true=[3] merged=[1, 3]
64.0 fp=[1] true=[3] merged=[1, 3]
64.3 fp=[1] true=[3] merged=[1, 3]
64.6 fp=[1] true=[3] merged=[1, 3]
64.9 fp=[1] true=[3] merged=[1, 3]
65.2 fp=[1] true=[3] merged=[1, 3]
65.5 fp=[1] true=[3] merged=[1, 3]
65.8 fp=[1] true=[3] merged=[1, 3]
66.1 fp=[1] true=[3] merged=[1, 3]
66.4 fp=[1] true=[3] merged=[1, 3]
66.8 fp=[1] true=[3] merged=[1, 3]
67.1 fp=[1] true=[3] merged=[1, 3]
67.4 fp=[1] true=[3] merged=[1, 3]
67.7 fp=[1] true=[3] merged=[1, 3]
68.0 fp=[1] true=[3] merged=[1, 3]
68.3 fp=[1] true=[3] merged=[1, 3]
68.6 fp=[1] true=[3] merged=[1, 3]
69.0 fp=[1] true=[3] merged=[1, 3]
69.3 fp=[1] true=[3] merged=[1, 3]
69.6 fp=[1] true=[3] merged=[1, 3]
69.9 fp=[1] true=[3] merged=[1, 3]
70.2 fp=[1] true=[3] merged=[1, 3]
70.5 fp=[1] true=[3] merged=[1, 3]
70.9 fp=[1] true=[3] merged=[1, 3]
71.2 fp=[1] true=[3] merged=[1, 3]
71.5 fp=[1] true=[3] merged=[1, 3]
71.8 fp=[1] true=[3] merged=[1, 3]
72.1 fp=[1] true=[3] merged=[1, 3]
72.5 fp=[1] true=[3] merged=[1, 3]
72.8 fp=[1] true=[3] merged=[1, 3]
73.1 fp=[1] true=[3] merged=[1, 3]
73.4 fp=[1] true=[3] merged=[1, 3]
73.7 fp=[1] true=[3] merged=[1, 3]
74.0 fp=[1] true=[3] merged=[1, 3]
74.3 fp=[1] true=[3] merged=[1, 3]
74.7 fp=[1] true=[3] merged=[1, 3]
75.0 fp=[1] true=[3] merged=[1, 3]
75.3 fp=[1] true=[3] merged=[1, 3]
75.6 fp=[1] true=[3] merged=[1, 3]
75.9 fp=[1] true=[3] merged=[1, 3]
76.2 fp=[1] true=[3] merged=[1, 3]
76.5 fp=[1] true=[3] merged=[1, 3]
76.8 fp=[1] true=[3] merged=[1, 3]
77.1 fp=[1] true=[3] merged=[1, 3]
77.5 fp=[1] true=[3] merged=[1, 3]
77.8 fp=[1] true=[3] merged=[1, 3]
78.1 fp=[1] true=[3] merged=[1, 3]
78.4 fp=[1] true=[3] merged=[1, 3]
78.7 fp=[1] true=[3] merged=[1, 3]
79.0 fp=[1] true=[3] merged=[1, 3]
79.3 fp=[1] true=[3] merged=[1, 3]
79.7 fp=[1] true=[3] merged=[1, 3]
80.0 fp=[1] true=[3] merged=[1, 3]
80.3 fp=[1] true=[3] merged=[1, 3]
80.6 fp=[1] true=[3] merged=[1, 3]
80.9 fp=[1] true=[3] merged=[1, 3]
81.2 fp=[1] true=[3] merged=[1, 3]
81.5 fp=[1] true=[3] merged=[1, 3]
81.8 fp=[1] true=[3] merged=[1, 3]
82.1 fp=[1] true=[3] merged=[1, 3]
82.5 fp=[1] true=[3] merged=[1, 3]
82.8 fp=[1] true=[3] merged=[1, 3]
83.1 fp=[1] true=[3] merged=[1, 3]
83.4 fp=[1] true=[3] merged=[1, 3]
83.7 fp=[1] true=[3] merged=[1, 3]
84.0 fp=[1] true=[3] merged=[1, 3]
84.3 fp=[1] true=[3] merged=[1, 3]
84.7 fp=[1] true=[3] merged=[1, 3]
85.0 fp=[1] true=[3] merged=[1, 3]
85.3 fp=[1] true=[3] merged=[1, 3]
85.6 fp=[1] true=[3] merged=[1, 3]
85.9 fp=[1] true=[3] merged=[1, 3]
86.2 fp=[1] true=[3] merged=[1, 3]
86.5 fp=[1] true=[3] merged=[1, 3]
86.8 fp=[1] true=[3] merged=[1, 3]
87.1 fp=[1] true=[3] merged=[1, 3]
87.5 fp=[1] true=[3] merged=[1, 3]
87.8 fp=[1] true=[3] merged=[1, 3]
88.1 fp=[1] true=[3] merged=[1, 3]
88.4 fp=[1] true=[3] merged=[1, 3]
88.7 fp=[1] true=[3] merged=[1, 3]
89.0 fp=[1] true=[3] merged=[1, 3]
89.3 fp=[1] true=[3] merged=[1, 3]
89.6 fp=[1] true=[3] merged=[1, 3]
90.0 fp=[1] true=[3] merged=[1, 3]
90.3 fp=[1] true=[3] merged=[1, 3]
90.6 fp=[1] true=[3] merged=[1, 3]
90.9 fp=[1] true=[3] merged=[1, 3]
91.2 fp=[1] true=[3] merged=[1, 3]
91.5 fp=[1] true=[3] merged=[1, 3]
91.9 fp=[1] true=[3] merged=[1, 3]
92.2 fp=[1] true=[3] merged=[1, 3]
92.5 fp=[1] true=[3] merged=[1, 3]
92.8 fp=[1] true=[3] merged=[1, 3]
93.1 fp=[1] true=[3] merged=[1, 3]
93.4 fp=[1] true=[3] merged=[1, 3]
93.7 fp=[1] true=[3] merged=[1, 3]
94.1 fp=[1] true=[3] merged=[1, 3]
94.4 fp=[1] true=[3] merged=[1, 3]
94.7 fp=[1] true=[3] merged=[1, 3]
95.0 fp=[1] true=[3] merged=[1, 3]
95.3 fp=[1] true=[3] merged=[1, 3]
95.6 fp=[1] true=[3] merged=[1, 3]
96.0 fp=[1] true=[3] merged=[1, 3]
96.3 fp=[1] true=[3] merged=[1, 3]
96.6 fp=[1] true=[3] merged=[1, 3]
96.9 fp=[1] true=[3] merged=[1, 3]
97.2 fp=[1] true=[3] merged=[1, 3]
97.5 fp=[1] true=[3] merged=[1, 3]
97.8 fp=[1] true=[3] merged=[1, 3]
98.1 fp=[1] true=[3] merged=[1, 3]
98.5 fp=[1] true=[3] merged=[1, 3]
98.8 fp=[1] true=[3] merged=[1, 3]
99.1 fp=[1] true=[3] merged=[1, 3]
99.4 fp=[1] true=[3] merged=[1, 3]
99.7 fp=[1] true=[3] merged=[1, 3]
100.0 fp=[1] true=[3] merged=[1, 3]
100.4 fp=[1] true=[3] merged=[1, 3]
100.7 fp=[1] true=[3] merged=[1, 3]
101.0 fp=[1] true=[3] merged=[1, 3]
101.3 fp=[1] true=[3] merged=[1, 3]
101.6 fp=[1] true=[3] merged=[1, 3]
101.9 fp=[1] true=[3] merged=[1, 3]
102.2 fp=[5] true=[3] merged=[3, 5]
102.5 fp=[5] true=[3] merged=[3, 5]
102.9 fp=[5] true=[3] merged=[3, 5]
103.2 fp=[5] true=[3] merged=[3, 5]
103.5 fp=[5] true=[3] merged=[3, 5]
103.8 fp=[5] true=[3] merged=[3, 5]
104.1 fp=[5] true=[3] merged=[3, 5]
104.4 fp=[5] true=[3] merged=[3, 5]
104.8 fp=[5] true=[3] merged=[3, 5]
105.1 fp=[5] true=[3] merged=[3, 5]
105.4 fp=[5] true=[3] merged=[3, 5]
105.7 fp=[5] true=[3] merged=[3, 5]
106.0 fp=[5] true=[3] merged=[3, 5]
106.3 fp=[5] true=[3] merged=[3, 5]
106.7 fp=[5] true=[3] merged=[3, 5]
107.0 fp=[5] true=[3] merged=[3, 5]
107.3 fp=[5] true=[3] merged=[3, 5]
107.6 fp=[5] true=[3] merged=[3, 5]
107.9 fp=[5] true=[3] merged=[3, 5]
108.2 fp=[5] true=[3] merged=[3, 5]
108.6 fp=[5] true=[3] merged=[3, 5]
108.9 fp=[5] true=[3] merged=[3, 5]
109.2 fp=[5] true=[3] merged=[3, 5]
109.5 fp=[5] true=[3] merged=[3, 5]
109.8 fp=[5] true=[3] merged=[3, 5]
110.1 fp=[5] true=[3] merged=[3, 5]
110.5 fp=[5] true=[3] merged=[3, 5]
110.8 fp=[5] true=[3] merged=[3, 5]
111.1 fp=[5] true=[3] merged=[3, 5]
111.4 fp=[5] true=[3] merged=[3, 5]
111.7 fp=[5] true=[3] merged=[3, 5]
112.0 fp=[5] true=[3] merged=[3, 5]
112.3 fp=[5] true=[3] merged=[3, 5]
112.6 fp=[5] true=[3] merged=[3, 5]
113.0 fp=[5] true=[3] merged=[3, 5]
113.3 fp=[5] true=[3] merged=[3, 5]
113.6 fp=[5] true=[3] merged=[3, 5]
113.9 fp=[5] true=[3] merged=[3, 5]
114.2 fp=[5] true=[3] merged=[3, 5]
114.5 fp=[5] true=[3] merged=[3, 5]
114.8 fp=[5] true=[3] merged=[3, 5]
115.1 fp=[4] true=[3] merged=[3, 4]
115.4 fp=[4] true=[3] merged=[3, 4]
115.8 fp=[4] true=[3] merged=[3, 4]
116.1 fp=[4] true=[3] merged=[3, 4]
116.4 fp=[4] true=[3] merged=[3, 4]
116.7 fp=[4] true=[3] merged=[3, 4]
117.0 fp=[4] true=[3] merged=[3, 4]
117.3 fp=[4] true=[3] merged=[3, 4]
117.7 fp=[4] true=[3] merged=[3, 4]
118.0 fp=[4] true=[3] merged=[3, 4]
118.3 fp=[4] true=[3] merged=[3, 4]
118.6 fp=[4] true=[3] merged=[3, 4]
118.9 fp=[4] true=[3] merged=[3, 4]
119.2 fp=[4] true=[3] merged=[3, 4]
119.5 fp=[4] true=[3] merged=[3, 4]
119.8 fp=[4] true=[3] merged=[3, 4]
120.2 fp=[4] true=[3] merged=[3, 4]
120.5 fp=[4] true=[3] merged=[3, 4]
120.8 fp=[4] true=[3] merged=[3, 4]
121.1 fp=[4] true=[3] merged=[3, 4]
121.4 fp=[4] true=[3] merged=[3, 4]
121.7 fp=[4] true=[3] merged=[3, 4]
122.1 fp=[4] true=[3] merged=[3, 4]
122.4 fp=[4] true=[3] merged=[3, 4]
122.7 fp=[4] true=[3] merged=[3, 4]
123.0 fp=[4] true=[3] merged=[3, 4]
123.3 fp=[4] true=[3] merged=[3, 4]
123.6 fp=[4] true=[3] merged=[3, 4]
123.9 fp=[4] true=[3] merged=[3, 4]
124.3 fp=[4] true=[3] merged=[3, 4]
124.6 fp=[4] true=[3] merged=[3, 4]
124.9 fp=[4] true=[3] merged=[3, 4]
125.2 fp=[4] true=[3] merged=[3, 4]
125.5 fp=[4] true=[3] merged=[3, 4]
125.8 fp=[4] true=[3] merged=[3, 4]
126.1 fp=[4] true=[3] merged=[3, 4]
126.4 fp=[4] true=[3] merged=[3, 4]
126.8 fp=[4] true=[3] merged=[3, 4]
127.1 fp=[4] true=[3] merged=[3, 4]
127.4 fp=[4] true=[3] merged=[3, 4]
127.7 fp=[4] true=[3] merged=[3, 4]
128.0 fp=[4] true=[3] merged=[3, 4]
128.3 fp=[4] true=[3] merged=[3, 4]
128.7 fp=[4] true=[3] merged=[3, 4]
129.0 fp=[4] true=[3] merged=[3, 4]
129.3 fp=[4] true=[3] merged=[3, 4]
129.6 fp=[4] true=[3] merged=[3, 4]
129.9 fp=[4] true=[3] merged=[3, 4]
130.2 fp=[4] true=[3] merged=[3, 4]
130.5 fp=[4] true=[3] merged=[3, 4]
130.8 fp=[4] true=[3] merged=[3, 4]
131.1 fp=[4] true=[3] merged=[3, 4]
131.5 fp=[4] true=[3] merged=[3, 4]
131.8 fp=[4] true=[3] merged=[3, 4]
132.1 fp=[4] true=[3] merged=[3, 4]
132.4 fp=[4] true=[3] merged=[3, 4]
132.7 fp=[4] true=[3] merged=[3, 4]
133.0 fp=[4] true=[3] merged=[3, 4]
133.3 fp=[4] true=[3] merged=[3, 4]
133.7 fp=[4] true=[3] merged=[3, 4]
134.0 fp=[4] true=[3] merged=[3, 4]
134.3 fp=[4] true=[3] merged=[3, 4]
134.6 fp=[4] true=[3] merged=[3, 4]
134.9 fp=[4] true=[3] merged=[3, 4]
135.2 fp=[5] true=[3] merged=[3, 5]
135.5 fp=[5] true=[3] merged=[3, 5]
135.9 fp=[5] true=[3] merged=[3, 5]
136.2 fp=[5] true=[3] merged=[3, 5]
136.5 fp=[5] true=[3] merged=[3, 5]
136.8 fp=[5] true=[3] merged=[3, 5]
137.1 fp=[5] true=[3] merged=[3, 5]
137.4 fp=[5] true=[3] merged=[3, 5]
137.7 fp=[5] true=[3] merged=[3, 5]
138.1 fp=[5] true=[3] merged=[3, 5]
138.4 fp=[5] true=[3] merged=[3, 5]
138.7 fp=[5] true=[3] merged=[3, 5]
139.0 fp=[5] true=[3] merged=[3, 5]
139.3 fp=[5] true=[3] merged=[3, 5]
139.6 fp=[5] true=[3] merged=[3, 5]
139.9 fp=[5] true=[3] merged=[3, 5]
140.2 fp=[5] true=[3] merged=[3, 5]
140.6 fp=[5] true=[3] merged=[3, 5]
140.9 fp=[5] true=[3] merged=[3, 5]
141.2 fp=[5] true=[3] merged=[3, 5]
141.5 fp=[5] true=[3] merged=[3, 5]
141.8 fp=[5] true=[3] merged=[3, 5]
142.1 fp=[5] true=[3] merged=[3, 5]
142.4 fp=[5] true=[3] merged=[3, 5]
142.7 fp=[5] true=[3] merged=[3, 5]
143.1 fp=[4] true=[3] merged=[3, 4]
143.4 fp=[4] true=[3] merged=[3, 4]
143.7 fp=[4] true=[3] merged=[3, 4]
144.0 fp=[4] true=[3] merged=[3, 4]
144.3 fp=[4] true=[3] merged=[3, 4]
144.6 fp=[4] true=[3] merged=[3, 4]
144.9 fp=[4] true=[3] merged=[3, 4]
145.3 fp=[4] true=[3] merged=[3, 4]
145.6 fp=[4] true=[3] merged=[3, 4]
145.9 fp=[4] true=[3] merged=[3, 4]
146.2 fp=[4] true=[3] merged=[3, 4]
146.5 fp=[4] true=[3] merged=[3, 4]
146.8 fp=[4] true=[3] merged=[3, 4]
147.1 fp=[4] true=[3] merged=[3, 4]
147.4 fp=[4] true=[3] merged=[3, 4]
147.8 fp=[4] true=[3] merged=[3, 4]
148.1 fp=[2] true=[3] merged=[2, 3]
148.4 fp=[2] true=[3] merged=[2, 3]
148.7 fp=[2] true=[3] merged=[2, 3]
149.0 fp=[2] true=[3] merged=[2, 3]
149.4 fp=[2] true=[3] merged=[2, 3]
149.7 fp=[2] true=[3] merged=[2, 3]
150.0 fp=[2] true=[3] merged=[2, 3]
150.3 fp=[2] true=[3] merged=[2, 3]
150.6 fp=[2] true=[3] merged=[2, 3]
150.9 fp=[2] true=[3] merged=[2, 3]
151.2 fp=[2] true=[3] merged=[2, 3]
151.5 fp=[2] true=[3] merged=[2, 3]
151.8 fp=[2] true=[3] merged=[2, 3]
152.2 fp=[2] true=[3] merged=[2, 3]
152.5 fp=[2] true=[3] merged=[2, 3]
152.8 fp=[2] true=[3] merged=[2, 3]
153.1 fp=[2] true=[3] merged=[2, 3]
153.4 fp=[2] true=[3] merged=[2, 3]
153.7 fp=[2] true=[3] merged=[2, 3]
154.1 fp=[2] true=[3] merged=[2, 3]
154.4 fp=[2] true=[3] merged=[2, 3]
154.7 fp=[2] true=[3] merged=[2, 3]
155.0 fp=[2] true=[3] merged=[2, 3]
155.3 fp=[2] true=[3] merged=[2, 3]
155.6 fp=[2] true=[3] merged=[2, 3]
155.9 fp=[2] true=[3] merged=[2, 3]
156.2 fp=[2] true=[3] merged=[2, 3]
156.6 fp=[2] true=[3] merged=[2, 3]
156.9 fp=[2] true=[3] merged=[2, 3]
157.2 fp=[2] true=[3] merged=[2, 3]
157.5 fp=[2] true=[3] merged=[2, 3]
157.8 fp=[2] true=[3] merged=[2, 3]
158.1 fp=[2] true=[3] merged=[2, 3]
158.4 fp=[2] true=[3] merged=[2, 3]
158.7 fp=[2] true=[3] merged=[2, 3]
159.1 fp=[2] true=[3] merged=[2, 3]
159.4 fp=[2] true=[3] merged=[2, 3]
159.7 fp=[2] true=[3] merged=[2, 3]
160.0 fp=[2] true=[3] merged=[2, 3]
160.3 fp=[2] true=[3] merged=[2, 3]
160.6 fp=[2] true=[3] merged=[2, 3]
160.9 fp=[2] true=[3] merged=[2, 3]
161.3 fp=[2] true=[3] merged=[2, 3]
161.6 fp=[2] true=[3] merged=[2, 3]
161.9 fp=[2] true=[3] merged=[2, 3]
162.2 fp=[2] true=[3] merged=[2, 3]
162.5 fp=[2] true=[3] merged=[2, 3]
162.8 fp=[2] true=[3] merged=[2, 3]
163.1 fp=[2] true=[3] merged=[2, 3]
163.4 fp=[2] true=[3] merged=[2, 3]
163.7 fp=[2] true=[3] merged=[2, 3]
164.1 fp=[2] true=[3] merged=[2, 3]
164.4 fp=[2] true=[3] merged=[2, 3]
164.7 fp=[2] true=[3] merged=[2, 3]
165.0 fp=[2] true=[3] merged=[2, 3]
165.3 fp=[2] true=[3] merged=[2, 3]
165.6 fp=[2] true=[3] merged=[2, 3]
165.9 fp=[2] true=[3] merged=[2, 3]
166.2 fp=[2] true=[3] merged=[2, 3]
166.5 fp=[2] true=[3] merged=[2, 3]
166.8 fp=[2] true=[3] merged=[2, 3]
167.2 fp=[2] true=[3] merged=[2, 3]
167.5 fp=[2] true=[3] merged=[2, 3]
167.8 fp=[2] true=[3] merged=[2, 3]
168.1 fp=[4] true=[3] merged=[3, 4]
168.4 fp=[4] true=[3] merged=[3, 4]
168.7 fp=[4] true=[3] merged=[3, 4]
169.0 fp=[2] true=[3] merged=[2, 3]
169.3 fp=[2] true=[3] merged=[2, 3]
169.7 fp=[2] true=[3] merged=[2, 3]
170.0 fp=[2] true=[3] merged=[2, 3]
170.3 fp=[2] true=[3] merged=[2, 3]
170.6 fp=[2] true=[3] merged=[2, 3]
170.9 fp=[2] true=[3] merged=[2, 3]
171.2 fp=[2] true=[3] merged=[2, 3]
171.5 fp=[2] true=[3] merged=[2, 3]
171.8 fp=[2] true=[3] merged=[2, 3]
172.2 fp=[2] true=[3] merged=[2, 3]
172.5 fp=[2] true=[3] merged=[2, 3]
172.8 fp=[2] true=[3] merged=[2, 3]
173.1 fp=[2] true=[3] merged=[2, 3]
173.4 fp=[2] true=[3] merged=[2, 3]
173.7 fp=[2] true=[3] merged=[2, 3]
174.1 fp=[2] true=[3] merged=[2, 3]
174.4 fp=[2] true=[3] merged=[2, 3]
174.7 fp=[2] true=[3] merged=[2, 3]
175.0 fp=[2] true=[3] merged=[2, 3]
175.3 fp=[2] true=[3] merged=[2, 3]
175.6 fp=[2] true=[3] merged=[2, 3]
175.9 fp=[2] true=[3] merged=[2, 3]
176.3 fp=[2] true=[3] merged=[2, 3]
176.6 fp=[2] true=[3] merged=[2, 3]
176.9 fp=[2] true=[3] merged=[2, 3]
177.2 fp=[2] true=[3] merged=[2, 3]
177.5 fp=[2] true=[3] merged=[2, 3]
177.8 fp=[2] true=[3] merged=[2, 3]
178.1 fp=[2] true=[3] merged=[2, 3]
178.4 fp=[2] true=[3] merged=[2, 3]
178.7 fp=[2] true=[3] merged=[2, 3]
179.0 fp=[2] true=[3] merged=[2, 3]
179.3 fp=[2] true=[3] merged=[2, 3]
179.7 fp=[2] true=[3] merged=[2, 3]
180.0 fp=[2] true=[3] merged=[2, 3]
180.3 fp=[2] true=[3] merged=[2, 3]
180.6 fp=[2] true=[3] merged=[2, 3]
180.9 fp=[2] true=[3] merged=[2, 3]
181.2 fp=[2] true=[3] merged=[2, 3]
181.5 fp=[2] true=[3] merged=[2, 3]
181.8 fp=[2] true=[3] merged=[2, 3]
182.1 fp=[2] true=[3] merged=[2, 3]
182.5 fp=[2] true=[3] merged=[2, 3]
182.8 fp=[2] true=[3] merged=[2, 3]
183.2 fp=[2] true=[3] merged=[2, 3]
183.5 fp=[2] true=[3] merged=[2, 3]
183.8 fp=[2] true=[3] merged=[2, 3]
184.1 fp=[2] true=[3] merged=[2, 3]
184.4 fp=[2] true=[3] merged=[2, 3]
184.7 fp=[2] true=[3] merged=[2, 3]
185.0 fp=[2] true=[3] merged=[2, 3]
185.3 fp=[2] true=[3] merged=[2, 3]
185.7 fp=[2] true=[3] merged=[2, 3]
186.0 fp=[2] true=[3] merged=[2, 3]
186.3 fp=[2] true=[3] merged=[2, 3]
186.6 fp=[2] true=[3] merged=[2, 3]
186.9 fp=[2] true=[3] merged=[2, 3]
187.2 fp=[2] true=[3] merged=[2, 3]
187.5 fp=[2] true=[3] merged=[2, 3]
187.9 fp=[2] true=[3] merged=[2, 3]
188.2 fp=[2] true=[3] merged=[2, 3]
188.5 fp=[2] true=[3] merged=[2, 3]
188.8 fp=[2] true=[3] merged=[2, 3]
189.1 fp=[2] true=[3] merged=[2, 3]
189.4 fp=[2] true=[3] merged=[2, 3]
189.7 fp=[2] true=[3] merged=[2, 3]
190.0 fp=[2] true=[3] merged=[2, 3]
190.3 fp=[2] true=[3] merged=[2, 3]
190.6 fp=[2] true=[3] merged=[2, 3]
191.0 fp=[2] true=[3] merged=[2, 3]
191.3 fp=[2] true=[3] merged=[2, 3]
191.6 fp=[2] true=[3] merged=[2, 3]
191.9 fp=[2] true=[3] merged=[2, 3]
192.2 fp=[2] true=[3] merged=[2, 3]
192.5 fp=[2] true=[3] merged=[2, 3]
192.9 fp=[2] true=[3] merged=[2, 3]
193.2 fp=[1] true=[3] merged=[1, 3]
193.5 fp=[1] true=[3] merged=[1, 3]
193.8 fp=[1] true=[3] merged=[1, 3]
194.1 fp=[1] true=[3] merged=[1, 3]
194.4 fp=[1] true=[3] merged=[1, 3]
194.7 fp=[1] true=[3] merged=[1, 3]
195.0 fp=[1] true=[3] merged=[1, 3]
195.3 fp=[1] true=[3] merged=[1, 3]
195.7 fp=[1] true=[3] merged=[1, 3]
196.0 fp=[1] true=[3] merged=[1, 3]
196.3 fp=[1] true=[3] merged=[1, 3]
196.6 fp=[1] true=[3] merged=[1, 3]
196.9 fp=[1] true=[3] merged=[1, 3]
197.2 fp=[1] true=[3] merged=[1, 3]
197.5 fp=[1] true=[3] merged=[1, 3]
197.9 fp=[1] true=[3] merged=[1, 3]
198.2 fp=[1] true=[3] merged=[1, 3]
198.5 fp=[1] true=[3] merged=[1, 3]
198.8 fp=[1] true=[3] merged=[1, 3]
199.1 fp=[1] true=[3] merged=[1, 3]
199.4 fp=[1] true=[3] merged=[1, 3]
199.7 fp=[1] true=[3] merged=[1, 3]
200.1 fp=[1] true=[3] merged=[1, 3]
200.4 fp=[1] true=[3] merged=[1, 3]
200.7 fp=[1] true=[3] merged=[1, 3]
201.0 fp=[1] true=[3] merged=[1, 3]
201.3 fp=[1] true=[3] merged=[1, 3]
201.6 fp=[1] true=[3] merged=[1, 3]
201.9 fp=[1] true=[3] merged=[1, 3]
202.2 fp=[1] true=[3] merged=[1, 3]
202.6 fp=[1] true=[3] merged=[1, 3]
202.9 fp=[1] true=[3] merged=[1, 3]
203.2 fp=[1] true=[3] merged=[1, 3]
203.5 fp=[1] true=[3] merged=[1, 3]
203.8 fp=[1] true=[3] merged=[1, 3]
204.1 fp=[1] true=[3] merged=[1, 3]
204.5 fp=[1] true=[3] merged=[1, 3]
204.8 fp=[1] true=[3] merged=[1, 3]
205.1 fp=[1] true=[3] merged=[1, 3]
205.4 fp=[1] true=[3] merged=[1, 3]
205.7 fp=[1] true=[3] merged=[1, 3]
206.0 fp=[1] true=[3] merged=[1, 3]
206.3 fp=[1] true=[3] merged=[1, 3]
206.7 fp=[1] true=[3] merged=[1, 3]
207.0 fp=[1] true=[3] merged=[1, 3]
207.3 fp=[1] true=[3] merged=[1, 3]
207.6 fp=[1] true=[3] merged=[1, 3]
207.9 fp=[1] true=[3] merged=[1, 3]
208.2 fp=[1] true=[3] merged=[1, 3]
208.5 fp=[1] true=[3] merged=[1, 3]
208.8 fp=[1] true=[3] merged=[1, 3]
209.1 fp=[1] true=[3] merged=[1, 3]
209.5 fp=[1] true=[3] merged=[1, 3]
209.8 fp=[1] true=[3] merged=[1, 3]
210.1 fp=[1] true=[3] merged=[1, 3]
210.4 fp=[1] true=[3] merged=[1, 3]
210.7 fp=[1] true=[3] merged=[1, 3]
211.0 fp=[1] true=[3] merged=[1, 3]
211.3 fp=[1] true=[3] merged=[1, 3]
211.6 fp=[1] true=[3] merged=[1, 3]
212.0 fp=[1] true=[3] merged=[1, 3]
212.3 fp=[1] true=[3] merged=[1, 3]
212.6 fp=[1] true=[3] merged=[1, 3]
212.9 fp=[1] true=[3] merged=[1, 3]
213.2 fp=[1] true=[3] merged=[1, 3]
213.5 fp=[1] true=[3] merged=[1, 3]
213.9 fp=[1] true=[3] merged=[1, 3]
214.2 fp=[1] true=[3] merged=[1, 3]
214.5 fp=[1] true=[3] merged=[1, 3]
214.8 fp=[1] true=[3] merged=[1, 3]
215.1 fp=[2] true=[3] merged=[2, 3]
215.4 fp=[2] true=[3] merged=[2, 3]
215.7 fp=[2] true=[3] merged=[2, 3]
216.0 fp=[4] true=[3] merged=[3, 4]
216.3 fp=[4] true=[3] merged=[3, 4]
216.7 fp=[4] true=[3] merged=[3, 4]
217.0 fp=[4] true=[3] merged=[3, 4]
217.3 fp=[4] true=[3] merged=[3, 4]
217.6 fp=[4] true=[3] merged=[3, 4]
217.9 fp=[4] true=[3] merged=[3, 4]
218.2 fp=[4] true=[3] merged=[3, 4]
218.5 fp=[4] true=[3] merged=[3, 4]
218.8 fp=[4] true=[3] merged=[3, 4]
219.1 fp=[4] true=[3] merged=[3, 4]
219.5 fp=[4] true=[3] merged=[3, 4]
219.8 fp=[4] true=[3] merged=[3, 4]
220.1 fp=[4] true=[3] merged=[3, 4]
220.4 fp=[4] true=[3] merged=[3, 4]
220.7 fp=[4] true=[3] merged=[3, 4]
221.0 fp=[4] true=[3] merged=[3, 4]
221.3 fp=[4] true=[3] merged=[3, 4]
221.6 fp=[4] true=[3] merged=[3, 4]
222.0 fp=[4] true=[3] merged=[3, 4]
222.3 fp=[4] true=[3] merged=[3, 4]
222.6 fp=[4] true=[3] merged=[3, 4]
222.9 fp=[4] true=[3] merged=[3, 4]
223.3 fp=[4] true=[3] merged=[3, 4]
223.6 fp=[4] true=[3] merged=[3, 4]
223.9 fp=[4] true=[3] merged=[3, 4]
224.2 fp=[4] true=[3] merged=[3, 4]
224.5 fp=[4] true=[3] merged=[3, 4]
224.8 fp=[4] true=[3] merged=[3, 4]
225.1 fp=[4] true=[3] merged=[3, 4]
225.4 fp=[4] true=[3] merged=[3, 4]
225.7 fp=[4] true=[3] merged=[3, 4]
226.1 fp=[4] true=[3] merged=[3, 4]
226.4 fp=[4] true=[3] merged=[3, 4]
226.7 fp=[4] true=[3] merged=[3, 4]
227.0 fp=[4] true=[3] merged=[3, 4]
227.3 fp=[1] true=[3] merged=[1, 3]
227.6 fp=[1] true=[3] merged=[1, 3]
227.9 fp=[1] true=[3] merged=[1, 3]
228.2 fp=[1] true=[3] merged=[1, 3]
228.6 fp=[1] true=[3] merged=[1, 3]
228.9 fp=[1] true=[3] merged=[1, 3]
229.2 fp=[1] true=[3] merged=[1, 3]
229.5 fp=[1] true=[3] merged=[1, 3]
229.8 fp=[1] true=[3] merged=[1, 3]
230.1 fp=[1] true=[3] merged=[1, 3]
230.5 fp=[1] true=[3] merged=[1, 3]
230.8 fp=[1] true=[3] merged=[1, 3]
231.1 fp=[1] true=[3] merged=[1, 3]
231.4 fp=[1] true=[3] merged=[1, 3]
231.7 fp=[1] true=[3] merged=[1, 3]
232.0 fp=[1] true=[3] merged=[1, 3]
232.3 fp=[1] true=[3] merged=[1, 3]
232.7 fp=[1] true=[3] merged=[1, 3]
233.0 fp=[1] true=[3] merged=[1, 3]
233.3 fp=[1] true=[3] merged=[1, 3]
233.6 fp=[1] true=[3] merged=[1, 3]
233.9 fp=[1] true=[3] merged=[1, 3]
234.2 fp=[1] true=[3] merged=[1, 3]
234.5 fp=[1] true=[3] merged=[1, 3]
234.8 fp=[1] true=[3] merged=[1, 3]
235.1 fp=[1] true=[3] merged=[1, 3]
235.5 fp=[1] true=[3] merged=[1, 3]
235.8 fp=[1] true=[3] merged=[1, 3]
236.1 fp=[1] true=[3] merged=[1, 3]
236.4 fp=[1] true=[3] merged=[1, 3]
236.7 fp=[1] true=[3] merged=[1, 3]
237.0 fp=[1] true=[3] merged=[1, 3]
237.3 fp=[1] true=[3] merged=[1, 3]
237.7 fp=[1] true=[3] merged=[1, 3]
238.0 fp=[1] true=[3] merged=[1, 3]
238.3 fp=[1] true=[3] merged=[1, 3]
238.6 fp=[1] true=[3] merged=[1, 3]
238.9 fp=[1] true=[3] merged=[1, 3]
239.2 fp=[1] true=[3] merged=[1, 3]
239.5 fp=[1] true=[3] merged=[1, 3]
239.8 fp=[1] true=[3] merged=[1, 3]
240.1 fp=[1] true=[3] merged=[1, 3]
240.5 fp=[1] true=[3] merged=[1, 3]
240.8 fp=[1] true=[3] merged=[1, 3]
241.1 fp=[1] true=[3] merged=[1, 3]
241.4 fp=[1] true=[3] merged=[1, 3]
241.7 fp=[1] true=[3] merged=[1, 3]
242.0 fp=[1] true=[3] merged=[1, 3]
242.4 fp=[1] true=[3] merged=[1, 3]
242.7 fp=[1] true=[3] merged=[1, 3]
243.0 fp=[1] true=[3] merged=[1, 3]
243.3 fp=[1] true=[3] merged=[1, 3]
243.6 fp=[1] true=[3] merged=[1, 3]
243.9 fp=[1] true=[3] merged=[1, 3]
244.2 fp=[1] true=[3] merged=[1, 3]
244.6 fp=[1] true=[3] merged=[1, 3]
244.9 fp=[1] true=[3] merged=[1, 3]
245.2 fp=[1] true=[3] merged=[1, 3]
245.5 fp=[1] true=[3] merged=[1, 3]
245.8 fp=[1] true=[3] merged=[1, 3]
246.1 fp=[1] true=[3] merged=[1, 3]
246.4 fp=[1] true=[3] merged=[1, 3]
246.8 fp=[1] true=[3] merged=[1, 3]
247.1 fp=[1] true=[3] merged=[1, 3]
247.4 fp=[1] true=[3] merged=[1, 3]
247.7 fp=[1] true=[3] merged=[1, 3]
248.0 fp=[1] true=[3] merged=[1, 3]
248.3 fp=[1] true=[3] merged=[1, 3]
248.6 fp=[1] true=[3] merged=[1, 3]
249.0 fp=[1] true=[3] merged=[1, 3]
249.3 fp=[1] true=[3] merged=[1, 3]
249.6 fp=[1] true=[3] merged=[1, 3]
249.9 fp=[1] true=[3] merged=[1, 3]
250.2 fp=[1] true=[3] merged=[1, 3]
250.5 fp=[1] true=[3] merged=[1, 3]
250.8 fp=[1] true=[3] merged=[1, 3]
251.2 fp=[1] true=[3] merged=[1, 3]
251.5 fp=[1] true=[3] merged=[1, 3]
251.8 fp=[1] true=[3] merged=[1, 3]
252.1 fp=[1] true=[3] merged=[1, 3]
252.4 fp=[1] true=[3] merged=[1, 3]
252.7 fp=[1] true=[3] merged=[1, 3]
253.0 fp=[1] true=[3] merged=[1, 3]
253.4 fp=[1] true=[3] merged=[1, 3]
253.7 fp=[1] true=[3] merged=[1, 3]
254.0 fp=[1] true=[3] merged=[1, 3]
254.3 fp=[1] true=[3] merged=[1, 3]
254.6 fp=[1] true=[3] merged=[1, 3]
254.9 fp=[1] true=[3] merged=[1, 3]
255.2 fp=[1] true=[3] merged=[1, 3]
255.5 fp=[1] true=[3] merged=[1, 3]
255.9 fp=[1] true=[3] merged=[1, 3]
256.2 fp=[1] true=[3] merged=[1, 3]
256.5 fp=[1] true=[3] merged=[1, 3]
256.8 fp=[1] true=[3] merged=[1, 3]
257.1 fp=[1] true=[3] merged=[1, 3]
257.4 fp=[1] true=[3] merged=[1, 3]
257.7 fp=[1] true=[3] merged=[1, 3]
258.1 fp=[1] true=[3] merged=[1, 3]
258.4 fp=[1] true=[3] merged=[1, 3]
258.7 fp=[1] true=[3] merged=[1, 3]
259.0 fp=[1] true=[3] merged=[1, 3]
259.3 fp=[1] true=[3] merged=[1, 3]
259.6 fp=[1] true=[3] merged=[1, 3]
259.9 fp=[1] true=[3] merged=[1, 3]
260.3 fp=[1] true=[3] merged=[1, 3]
260.6 fp=[1] true=[3] merged=[1, 3]
260.9 fp=[1] true=[3] merged=[1, 3]
261.2 fp=[1] true=[3] merged=[1, 3]
261.5 fp=[1] true=[3] merged=[1, 3]
261.8 fp=[1] true=[3] merged=[1, 3]
262.2 fp=[1] true=[3] merged=[1, 3]
262.5 fp=[1] true=[3] merged=[1, 3]
262.8 fp=[1] true=[3] merged=[1, 3]
263.1 fp=[1] true=[3] merged=[1, 3]
263.4 fp=[1] true=[3] merged=[1, 3]
263.7 fp=[1] true=[3] merged=[1, 3]
264.0 fp=[1] true=[3] merged=[1, 3]
264.3 fp=[1] true=[3] merged=[1, 3]
264.7 fp=[1] true=[3] merged=[1, 3]
265.0 fp=[1] true=[3] merged=[1, 3]
265.3 fp=[1] true=[3] merged=[1, 3]
265.6 fp=[1] true=[3] merged=[1, 3]
265.9 fp=[1] true=[3] merged=[1, 3]
266.2 fp=[1] true=[3] merged=[1, 3]
266.5 fp=[1] true=[3] merged=[1, 3]
266.8 fp=[1] true=[3] merged=[1, 3]
267.1 fp=[1] true=[3] merged=[1, 3]
267.5 fp=[1] true=[3] merged=[1, 3]
267.8 fp=[1] true=[3] merged=[1, 3]
268.1 fp=[1] true=[3] merged=[1, 3]
268.4 fp=[1] true=[3] merged=[1, 3]
268.7 fp=[1] true=[3] merged=[1, 3]
269.0 fp=[1] true=[3] merged=[1, 3]
269.4 fp=[1] true=[3] merged=[1, 3]
269.7 fp=[1] true=[3] merged=[1, 3]
270.0 fp=[1] true=[3] merged=[1, 3]
270.3 fp=[1] true=[3] merged=[1, 3]
270.6 fp=[1] true=[3] merged=[1, 3]
270.9 fp=[1] true=[3] merged=[1, 3]
271.2 fp=[1] true=[3] merged=[1, 3]
271.5 fp=[1] true=[3] merged=[1, 3]
271.8 fp=[1] true=[3] merged=[1, 3]
272.2 fp=[1] true=[3] merged=[1, 3]
272.5 fp=[1] true=[3] merged=[1, 3]
272.8 fp=[1] true=[3] merged=[1, 3]
273.1 fp=[1] true=[3] merged=[1, 3]
273.4 fp=[1] true=[3] merged=[1, 3]
273.7 fp=[1] true=[3] merged=[1, 3]
274.0 fp=[1] true=[3] merged=[1, 3]
274.3 fp=[1] true=[3] merged=[1, 3]
274.6 fp=[1] true=[3] merged=[1, 3]
275.0 fp=[1] true=[3] merged=[1, 3]
275.3 fp=[1] true=[3] merged=[1, 3]
275.6 fp=[1] true=[3] merged=[1, 3]
275.9 fp=[1] true=[3] merged=[1, 3]
276.2 fp=[1] true=[3] merged=[1, 3]
276.5 fp=[1] true=[3] merged=[1, 3]
276.8 fp=[1] true=[3] merged=[1, 3]
277.2 fp=[1] true=[3] merged=[1, 3]
277.5 fp=[1] true=[3] merged=[1, 3]
277.8 fp=[1] true=[3] merged=[1, 3]
278.1 fp=[1] true=[3] merged=[1, 3]
278.4 fp=[1] true=[3] merged=[1, 3]
278.7 fp=[1] true=[3] merged=[1, 3]
279.1 fp=[1] true=[3] merged=[1, 3]
279.4 fp=[1] true=[3] merged=[1, 3]
279.7 fp=[1] true=[3] merged=[1, 3]
280.0 fp=[1] true=[3] merged=[1, 3]
280.3 fp=[1] true=[3] merged=[1, 3]
280.6 fp=[1] true=[3] merged=[1, 3]
280.9 fp=[1] true=[3] merged=[1, 3]
281.2 fp=[1] true=[3] merged=[1, 3]
281.5 fp=[1] true=[3] merged=[1, 3]
281.8 fp=[1] true=[3] merged=[1, 3]
282.2 fp=[1] true=[3] merged=[1, 3]
282.5 fp=[1] true=[3] merged=[1, 3]
282.9 fp=[1] true=[3] merged=[1, 3]
283.2 fp=[1] true=[3] merged=[1, 3]
283.5 fp=[1] true=[3] merged=[1, 3]
283.8 fp=[1] true=[3] merged=[1, 3]
284.1 fp=[1] true=[3] merged=[1, 3]
284.4 fp=[1] true=[3] merged=[1, 3]
284.7 fp=[1] true=[3] merged=[1, 3]
285.0 fp=[1] true=[3] merged=[1, 3]
285.3 fp=[1] true=[3] merged=[1, 3]
285.7 fp=[1] true=[3] merged=[1, 3]
286.0 fp=[1] true=[3] merged=[1, 3]
286.3 fp=[1] true=[3] merged=[1, 3]
286.6 fp=[1] true=[3] merged=[1, 3]
286.9 fp=[1] true=[3] merged=[1, 3]
287.2 fp=[1] true=[3] merged=[1, 3]
287.5 fp=[1] true=[3] merged=[1, 3]
287.8 fp=[1] true=[3] merged=[1, 3]
288.2 fp=[1] true=[3] merged=[1, 3]
288.5 fp=[1] true=[3] merged=[1, 3]
288.8 fp=[1] true=[3] merged=[1, 3]
289.1 fp=[1] true=[3] merged=[1, 3]
289.4 fp=[1] true=[3] merged=[1, 3]
289.7 fp=[1] true=[3] merged=[1, 3]
290.0 fp=[1] true=[3] merged=[1, 3]
290.3 fp=[1] true=[3] merged=[1, 3]
290.6 fp=[1] true=[3] merged=[1, 3]
291.0 fp=[1] true=[3] merged=[1, 3]
291.3 fp=[1] true=[3] merged=[1, 3]
291.6 fp=[1] true=[3] merged=[1, 3]
291.9 fp=[1] true=[3] merged=[1, 3]
292.2 fp=[1] true=[3] merged=[1, 3]
292.5 fp=[1] true=[3] merged=[1, 3]
292.8 fp=[1] true=[3] merged=[1, 3]
293.2 fp=[1] true=[3] merged=[1, 3]
293.5 fp=[1] true=[3] merged=[1, 3]
293.8 fp=[1] true=[3] merged=[1, 3]
294.1 fp=[1] true=[3] merged=[1, 3]
294.4 fp=[1] true=[3] merged=[1, 3]
294.7 fp=[1] true=[3] merged=[1, 3]
295.0 fp=[1] true=[3] merged=[1, 3]
295.3 fp=[1] true=[3] merged=[1, 3]
295.7 fp=[1] true=[3] merged=[1, 3]
296.0 fp=[1] true=[3] merged=[1, 3]
296.3 fp=[1] true=[3] merged=[1, 3]
296.6 fp=[1] true=[3] merged=[1, 3]
296.9 fp=[1] true=[3] merged=[1, 3]
297.2 fp=[1] true=[3] merged=[1, 3]
297.5 fp=[1] true=[3] merged=[1, 3]
297.8 fp=[1] true=[3] merged=[1, 3]
298.1 fp=[1] true=[3] merged=[1, 3]
298.4 fp=[1] true=[3] merged=[1, 3]
298.8 fp=[1] true=[3] merged=[1, 3]
299.1 fp=[1] true=[3] merged=[1, 3]
299.4 fp=[1] true=[3] merged=[1, 3]
299.7 fp=[1] true=[3] merged=[1, 3]
300.1 fp=[1] true=[3] merged=[1, 3]
300.4 fp=[1] true=[3] merged=[1, 3]
300.7 fp=[1] true=[3] merged=[1, 3]
301.0 fp=[1] true=[3] merged=[1, 3]
301.3 fp=[1] true=[3] merged=[1, 3]
301.7 fp=[1] true=[3] merged=[1, 3]
302.0 fp=[1] true=[3] merged=[1, 3]
302.3 fp=[1] true=[3] merged=[1, 3]
302.6 fp=[1] true=[3] merged=[1, 3]
302.9 fp=[1] true=[3] merged=[1, 3]
303.2 fp=[1] true=[3] merged=[1, 3]
303.5 fp=[1] true=[3] merged=[1, 3]
303.9 fp=[1] true=[3] merged=[1, 3]
304.2 fp=[1] true=[3] merged=[1, 3]
304.5 fp=[1] true=[3] merged=[1, 3]
304.8 fp=[1] true=[3] merged=[1, 3]
