# start rate=10 seed=5 dur=420 n=7 target=3 events=37
4.1 fp=[2] true=[3] merged=[2, 3]
4.4 fp=[2] true=[3] merged=[2, 3]
4.7 fp=[2] true=[3] merged=[2, 3]
5.1 fp=[2] true=[3] merged=[2, 3]
5.4 fp=[2] true=[3] merged=[2, 3]
5.7 fp=[2] true=[3] merged=[2, 3]
6.0 fp=[2] true=[3] merged=[2, 3]
6.3 fp=[2] true=[3] merged=[2, 3]
6.6 fp=[2] true=[3] merged=[2, 3]
6.9 fp=[2] true=[3] merged=[2, 3]
7.3 fp=[2] true=[3] merged=[2, 3]
7.6 fp=[2] true=[3] merged=[2, 3]
7.9 fp=[2] true=[3] merged=[2, 3]
8.2 fp=[2] true=[3] merged=[2, 3]
8.5 fp=[2] true=[3] merged=[2, 3]
8.8 fp=[2] true=[3] merged=[2, 3]
9.1 fp=[2] true=[3] merged=[2, 3]
9.4 fp=[2] true=[3] merged=[2, 3]
9.7 fp=[2] true=[3] merged=[2, 3]
10.0 fp=[2] true=[3] merged=[2, 3]
10.4 fp=[2] true=[3] merged=[2, 3]
10.7 fp=[2] true=[3] merged=[2, 3]
11.0 fp=[2] true=[3] merged=[2, 3]
11.3 fp=[2] true=[3] merged=[2, 3]
11.6 fp=[2] true=[3] merged=[2, 3]
12.0 fp=[2] true=[3] merged=[2, 3]
12.3 fp=[2] true=[3] merged=[2, 3]
12.6 fp=[2] true=[3] merged=[2, 3]
12.9 fp=[2] true=[3] merged=[2, 3]
13.2 fp=[2] true=[3] merged=[2, 3]
13.5 fp=[2] true=[3] merged=[2, 3]
13.8 fp=[2] true=[3] merged=[2, 3]
14.2 fp=[2] true=[3] merged=[2, 3]
14.5 fp=[2] true=[3] merged=[2, 3]
14.8 fp=[2] true=[3] merged=[2, 3]
15.1 fp=[2] true=[3] merged=[2, 3]
15.4 fp=[2] true=[3] merged=[2, 3]
15.7 fp=[2] true=[3] merged=[2, 3]
16.0 fp=[2] true=[3] merged=[2, 3]
16.3 fp=[2] true=[3] merged=[2, 3]
16.7 fp=[2] true=[3] merged=[2, 3]
17.0 fp=[2] true=[3] merged=[2, 3]
17.3 fp=[2] true=[3] merged=[2, 3]
17.6 fp=[2] true=[3] merged=[2, 3]
17.9 fp=[2] true=[3] merged=[2, 3]
18.2 fp=[2] true=[3] merged=[2, 3]
18.5 fp=[2] true=[3] merged=[2, 3]
18.8 fp=[2] true=[3] merged=[2, 3]
19.2 fp=[2] true=[3] merged=[2, 3]
19.5 fp=[2] true=[3] merged=[2, 3]
19.8 fp=[2] true=[3] merged=[2, 3]
20.1 fp=[2] true=[3] merged=[2, 3]
20.4 fp=[2] true=[3] merged=[2, 3]
20.7 fp=[2] true=[3] merged=[2, 3]
21.0 fp=[2] true=[3] merged=[2, 3]
21.3 fp=[2] true=[3] merged=[2, 3]
21.6 fp=[2] true=[3] merged=[2, 3]
22.0 fp=[2] true=[3] merged=[2, 3]
22.3 fp=[2] true=[3] merged=[2, 3]
22.6 fp=[2] true=[3] merged=[2, 3]
22.9 fp=[2] true=[3] merged=[2, 3]
23.2 fp=[2] true=[3] merged=[2, 3]
23.5 fp=[2] true=[3] merged=[2, 3]
23.8 fp=[2] true=[3] merged=[2, 3]
27.2 fp=[2] true=[3] merged=[2, 3]
27.5 fp=[2] true=[3] merged=[2, 3]
27.8 fp=[2] true=[3] merged=[2, 3]
28.1 fp=[2] true=[3] merged=[2, 3]
28.5 fp=[2] true=[3] merged=[2, 3]
28.8 fp=[2] true=[3] merged=[2, 3]
29.1 fp=[2] true=[3] merged=[2, 3]
29.4 fp=[2] true=[3] merged=[2, 3]
29.7 fp=[2] true=[3] merged=[2, 3]
30.0 fp=[2] true=[3] merged=[2, 3]
30.3 fp=[2] true=[3] merged=[2, 3]
30.6 fp=[2] true=[3] merged=[2, 3]
30.9 fp=[2] true=[3] merged=[2, 3]
31.3 fp=[2] true=[3] merged=[2, 3]
31.6 fp=[2] true=[3] merged=[2, 3]
31.9 fp=[2] true=[3] merged=[2, 3]
32.2 fp=[2] true=[3] merged=[2, 3]
32.5 fp=[2] true=[3] merged=[2, 3]
32.8 fp=[2] true=[3] merged=[2, 3]
33.1 fp=[2] true=[3] merged=[2, 3]
33.4 fp=[2] true=[3] merged=[2, 3]
33.8 fp=[2] true=[3] merged=[2, 3]
34.1 fp=[2] true=[3] merged=[2, 3]
34.5 fp=[2] true=[3] merged=[2, 3]
34.8 fp=[2] true=[3] merged=[2, 3]
35.1 fp=[2] true=[3] merged=[2, 3]
35.4 fp=[2] true=[3] merged=[2, 3]
35.7 fp=[2] true=[3] merged=[2, 3]
36.0 fp=[2] true=[3] merged=[2, 3]
36.4 fp=[2] true=[3] merged=[2, 3]
36.7 fp=[2] true=[3] merged=[2, 3]
37.0 fp=[2] true=[3] merged=[2, 3]
37.3 fp=[2] true=[3] merged=[2, 3]
37.6 fp=[2] true=[3] merged=[2, 3]
37.9 fp=[2] true=[3] merged=[2, 3]
38.2 fp=[1] true=[3] merged=[1, 3]
38.5 fp=[1] true=[3] merged=[1, 3]
38.8 fp=[1] true=[3] merged=[1, 3]
39.2 fp=[1] true=[3] merged=[1, 3]
39.5 fp=[1] true=[3] merged=[1, 3]
39.8 fp=[1] true=[3] merged=[1, 3]
40.1 fp=[1] true=[3] merged=[1, 3]
40.4 fp=[1] true=[3] merged=[1, 3]
40.7 fp=[1] true=[3] merged=[1, 3]
41.0 fp=[1] true=[3] merged=[1, 3]
41.3 fp=[1] true=[3] merged=[1, 3]
41.6 fp=[1] true=[3] merged=[1, 3]
41.9 fp=[1] true=[3] merged=[1, 3]
42.2 fp=[1] true=[3] merged=[1, 3]
42.6 fp=[1] true=[3] merged=[1, 3]
42.9 fp=[1] true=[3] merged=[1, 3]
43.2 fp=[1] true=[3] merged=[1, 3]
43.5 fp=[1] true=[3] merged=[1, 3]
43.8 fp=[1] true=[3] merged=[1, 3]
44.1 fp=[1] true=[3] merged=[1, 3]
44.4 fp=[1] true=[3] merged=[1, 3]
44.8 fp=[1] true=[3] merged=[1, 3]
45.1 fp=[1] true=[3] merged=[1, 3]
45.4 fp=[1] true=[3] merged=[1, 3]
45.7 fp=[1] true=[3] merged=[1, 3]
46.0 fp=[1] true=[3] merged=[1, 3]
46.3 fp=[1] true=[3] merged=[1, 3]
46.6 fp=[1] true=[3] merged=[1, 3]
46.9 fp=[1] true=[3] merged=[1, 3]
47.2 fp=[1] true=[3] merged=[1, 3]
47.5 fp=[1] true=[3] merged=[1, 3]
47.9 fp=[1] true=[3] merged=[1, 3]
48.2 fp=[1] true=[3] merged=[1, 3]
48.5 fp=[1] true=[3] merged=[1, 3]
48.8 fp=[1] true=[3] merged=[1, 3]
49.1 fp=[1] true=[3] merged=[1, 3]
49.4 fp=[1] true=[3] merged=[1, 3]
49.7 fp=[1] true=[3] merged=[1, 3]
50.0 fp=[1] true=[3] merged=[1, 3]
50.4 fp=[1] true=[3] merged=[1, 3]
50.7 fp=[1] true=[3] merged=[1, 3]
51.0 fp=[1] true=[3] merged=[1, 3]
51.3 fp=[1] true=[3] merged=[1, 3]
51.6 fp=[1] true=[3] merged=[1, 3]
51.9 fp=[1] true=[3] merged=[1, 3]
52.2 fp=[1] true=[3] merged=[1, 3]
52.5 fp=[1] true=[3] merged=[1, 3]
52.8 fp=[1] true=[3] merged=[1, 3]
53.1 fp=[1] true=[3] merged=[1, 3]
53.4 fp=[1] true=[3] merged=[1, 3]
53.8 fp=[1] true=[3] merged=[1, 3]
54.1 fp=[1] true=[3] merged=[1, 3]
54.4 fp=[1] true=[3] merged=[1, 3]
54.7 fp=[1] true=[3] merged=[1, 3]
55.0 fp=[1] true=[3] merged=[1, 3]
55.3 fp=[1] true=[3] merged=[1, 3]
55.6 fp=[1] true=[3] merged=[1, 3]
56.0 fp=[1] true=[3] merged=[1, 3]
56.3 fp=[1] true=[3] merged=[1, 3]
56.6 fp=[1] true=[3] merged=[1, 3]
56.9 fp=[1] true=[3] merged=[1, 3]
57.2 fp=[1] true=[3] merged=[1, 3]
57.5 fp=[1] true=[3] merged=[1, 3]
57.8 fp=[1] true=[3] merged=[1, 3]
58.1 fp=[1] true=[3] merged=[1, 3]
58.4 fp=[1] true=[3] merged=[1, 3]
58.8 fp=[1] true=[3] merged=[1, 3]
59.1 fp=[1] true=[3] merged=[1, 3]
59.4 fp=[1] true=[3] merged=[1, 3]
59.7 fp=[1] true=[3] merged=[1, 3]
60.0 fp=[1] true=[3] merged=[1, 3]
60.3 fp=[1] true=[3] merged=[1, 3]
60.6 fp=[1] true=[3] merged=[1, 3]
60.9 fp=[1] true=[3] merged=[1, 3]
61.2 fp=[1] true=[3] merged=[1, 3]
61.6 fp=[1] true=[3] merged=[1, 3]
61.9 fp=[1] true=[3] merged=[1, 3]
62.2 fp=[1] true=[3] merged=[1, 3]
62.5 fp=[1] true=[3] merged=[1, 3]
62.8 fp=[1] true=[3] merged=[1, 3]
63.1 fp=[1] true=[3] merged=[1, 3]
63.4 fp=[1] true=[3] merged=[1, 3]
63.8 fp=[1] true=[3] merged=[1, 3]
64.1 fp=[1] true=[3] merged=[1, 3]
64.4 fp=[1] true=[3] merged=[1, 3]
64.7 fp=[1] true=[3] merged=[1, 3]
65.0 fp=[1] true=[3] merged=[1, 3]
65.3 fp=[1] true=[3] merged=[1, 3]
65.6 fp=[1] true=[3] merged=[1, 3]
65.9 fp=[1] true=[3] merged=[1, 3]
66.2 fp=[1] true=[3] merged=[1, 3]
66.5 fp=[1] true=[3] merged=[1, 3]
66.8 fp=[1] true=[3] merged=[1, 3]
81.2 fp=[2] true=[3] merged=[2, 3]
81.5 fp=[2] true=[3] merged=[2, 3]
81.8 fp=[2] true=[3] merged=[2, 3]
82.1 fp=[2] true=[3] merged=[2, 3]
82.4 fp=[2] true=[3] merged=[2, 3]
82.7 fp=[2] true=[3] merged=[2, 3]
83.1 fp=[2] true=[3] merged=[2, 3]
83.4 fp=[2] true=[3] merged=[2, 3]
83.7 fp=[2] true=[3] merged=[2, 3]
84.0 fp=[2] true=[3] merged=[2, 3]
84.3 fp=[2] true=[3] merged=[2, 3]
84.6 fp=[2] true=[3] merged=[2, 3]
84.9 fp=[2] true=[3] merged=[2, 3]
85.3 fp=[2] true=[3] merged=[2, 3]
85.6 fp=[2] true=[3] merged=[2, 3]
85.9 fp=[2] true=[3] merged=[2, 3]
86.2 fp=[2] true=[3] merged=[2, 3]
86.5 fp=[2] true=[3] merged=[2, 3]
86.8 fp=[2] true=[3] merged=[2, 3]
87.1 fp=[2] true=[3] merged=[2, 3]
87.4 fp=[2] true=[3] merged=[2, 3]
87.8 fp=[2] true=[3] merged=[2, 3]
88.1 fp=[2] true=[3] merged=[2, 3]
88.4 fp=[2] true=[3] merged=[2, 3]
88.7 fp=[2] true=[3] merged=[2, 3]
89.0 fp=[2] true=[3] merged=[2, 3]
89.3 fp=[2] true=[3] merged=[2, 3]
89.6 fp=[2] true=[3] merged=[2, 3]
89.9 fp=[2] true=[3] merged=[2, 3]
90.2 fp=[2] true=[3] merged=[2, 3]
90.6 fp=[2] true=[3] merged=[2, 3]
90.9 fp=[2] true=[3] merged=[2, 3]
91.2 fp=[2] true=[3] merged=[2, 3]
91.5 fp=[2] true=[3] merged=[2, 3]
91.8 fp=[2] true=[3] merged=[2, 3]
92.1 fp=[2] true=[3] merged=[2, 3]
92.4 fp=[2] true=[3] merged=[2, 3]
92.7 fp=[2] true=[3] merged=[2, 3]
93.0 fp=[2] true=[3] merged=[2, 3]
93.3 fp=[2] true=[3] merged=[2, 3]
93.7 fp=[2] true=[3] merged=[2, 3]
94.0 fp=[2] true=[3] merged=[2, 3]
94.3 fp=[1] true=[3] merged=[1, 3]
94.6 fp=[1] true=[3] merged=[1, 3]
94.9 fp=[1] true=[3] merged=[1, 3]
95.3 fp=[1] true=[3] merged=[1, 3]
95.6 fp=[1] true=[3] merged=[1, 3]
95.9 fp=[1] true=[3] merged=[1, 3]
96.2 fp=[1] true=[3] merged=[1, 3]
96.5 fp=[1] true=[3] merged=[1, 3]
96.8 fp=[1] true=[3] merged=[1, 3]
97.2 fp=[1] true=[3] merged=[1, 3]
97.5 fp=[1] true=[3] merged=[1, 3]
97.8 fp=[1] true=[3] merged=[1, 3]
98.1 fp=[1] true=[3] merged=[1, 3]
98.4 fp=[1] true=[3] merged=[1, 3]
98.7 fp=[1] true=[3] merged=[1, 3]
99.0 fp=[1] true=[3] merged=[1, 3]
99.3 fp=[1] true=[3] merged=[1, 3]
99.6 fp=[1] true=[3] merged=[1, 3]
99.9 fp=[1] true=[3] merged=[1, 3]
100.3 fp=[1] true=[3] merged=[1, 3]
100.6 fp=[1] true=[3] merged=[1, 3]
100.9 fp=[1] true=[3] merged=[1, 3]
101.2 fp=[1] true=[3] merged=[1, 3]
101.5 fp=[1] true=[3] merged=[1, 3]
101.8 fp=[1] true=[3] merged=[1, 3]
102.1 fp=[1] true=[3] merged=[1, 3]
102.4 fp=[1] true=[3] merged=[1, 3]
102.8 fp=[1] true=[3] merged=[1, 3]
103.1 fp=[1] true=[3] merged=[1, 3]
103.4 fp=[1] true=[3] merged=[1, 3]
103.7 fp=[1] true=[3] merged=[1, 3]
104.0 fp=[1] true=[3] merged=[1, 3]
104.3 fp=[1] true=[3] merged=[1, 3]
104.6 fp=[1] true=[3] merged=[1, 3]
104.9 fp=[1] true=[3] merged=[1, 3]
105.2 fp=[1] true=[3] merged=[1, 3]
105.6 fp=[1] true=[3] merged=[1, 3]
105.9 fp=[1] true=[3] merged=[1, 3]
106.2 fp=[1] true=[3] merged=[1, 3]
106.5 fp=[1] true=[3] merged=[1, 3]
106.8 fp=[1] true=[3] merged=[1, 3]
107.1 fp=[1] true=[3] merged=[1, 3]
107.4 fp=[1] true=[3] merged=[1, 3]
107.7 fp=[1] true=[3] merged=[1, 3]
108.1 fp=[1] true=[3] merged=[1, 3]
108.4 fp=[1] true=[3] merged=[1, 3]
108.7 fp=[1] true=[3] merged=[1, 3]
109.0 fp=[1] true=[3] merged=[1, 3]
109.4 fp=[1] true=[3] merged=[1, 3]
109.7 fp=[1] true=[3] merged=[1, 3]
110.0 fp=[1] true=[3] merged=[1, 3]
110.3 fp=[1] true=[3] merged=[1, 3]
110.6 fp=[1] true=[3] merged=[1, 3]
110.9 fp=[1] true=[3] merged=[1, 3]
111.2 fp=[1] true=[3] merged=[1, 3]
111.5 fp=[1] true=[3] merged=[1, 3]
111.9 fp=[1] true=[3] merged=[1, 3]
112.2 fp=[1] true=[3] merged=[1, 3]
112.5 fp=[1] true=[3] merged=[1, 3]
112.8 fp=[1] true=[3] merged=[1, 3]
113.1 fp=[1] true=[3] merged=[1, 3]
113.4 fp=[1] true=[3] merged=[1, 3]
113.7 fp=[1] true=[3] merged=[1, 3]
114.0 fp=[5] true=[3] merged=[3, 5]
114.4 fp=[5] true=[3] merged=[3, 5]
114.7 fp=[5] true=[3] merged=[3, 5]
115.0 fp=[5] true=[3] merged=[3, 5]
115.3 fp=[5] true=[3] merged=[3, 5]
115.6 fp=[5] true=[3] merged=[3, 5]
115.9 fp=[5] true=[3] merged=[3, 5]
116.2 fp=[5] true=[3] merged=[3, 5]
116.5 fp=[5] true=[3] merged=[3, 5]
116.9 fp=[5] true=[3] merged=[3, 5]
117.2 fp=[5] true=[3] merged=[3, 5]
117.5 fp=[5] true=[3] merged=[3, 5]
117.8 fp=[5] true=[3] merged=[3, 5]
138.1 fp=[4] true=[3] merged=[3, 4]
138.4 fp=[4] true=[3] merged=[3, 4]
138.7 fp=[4] true=[3] merged=[3, 4]
139.0 fp=[4] true=[3] merged=[3, 4]
139.3 fp=[4] true=[3] merged=[3, 4]
139.6 fp=[4] true=[3] merged=[3, 4]
139.9 fp=[4] true=[3] merged=[3, 4]
140.3 fp=[4] true=[3] merged=[3, 4]
140.6 fp=[4] true=[3] merged=[3, 4]
140.9 fp=[4] true=[3] merged=[3, 4]
141.2 fp=[4] true=[3] merged=[3, 4]
141.5 fp=[4] true=[3] merged=[3, 4]
141.8 fp=[4] true=[3] merged=[3, 4]
142.1 fp=[4] true=[3] merged=[3, 4]
142.5 fp=[4] true=[3] merged=[3, 4]
142.8 fp=[4] true=[3] merged=[3, 4]
143.1 fp=[4] true=[3] merged=[3, 4]
143.4 fp=[4] true=[3] merged=[3, 4]
143.7 fp=[4] true=[3] merged=[3, 4]
144.0 fp=[4] true=[3] merged=[3, 4]
144.3 fp=[4] true=[3] merged=[3, 4]
144.6 fp=[4] true=[3] merged=[3, 4]
145.0 fp=[4] true=[3] merged=[3, 4]
145.3 fp=[4] true=[3] merged=[3, 4]
145.6 fp=[4] true=[3] merged=[3, 4]
145.9 fp=[4] true=[3] merged=[3, 4]
146.2 fp=[4] true=[3] merged=[3, 4]
146.5 fp=[4] true=[3] merged=[3, 4]
146.9 fp=[4] true=[3] merged=[3, 4]
147.2 fp=[4] true=[3] merged=[3, 4]
147.5 fp=[4] true=[3] merged=[3, 4]
147.8 fp=[4] true=[3] merged=[3, 4]
148.1 fp=[4] true=[3] merged=[3, 4]
148.4 fp=[4] true=[3] merged=[3, 4]
148.7 fp=[4] true=[3] merged=[3, 4]
149.0 fp=[2] true=[3] merged=[2, 3]
149.4 fp=[2] true=[3] merged=[2, 3]
149.7 fp=[2] true=[3] merged=[2, 3]
150.0 fp=[2] true=[3] merged=[2, 3]
150.3 fp=[2] true=[3] merged=[2, 3]
150.6 fp=[2] true=[3] merged=[2, 3]
150.9 fp=[2] true=[3] merged=[2, 3]
151.2 fp=[2] true=[3] merged=[2, 3]
151.5 fp=[2] true=[3] merged=[2, 3]
151.8 fp=[2] true=[3] merged=[2, 3]
152.2 fp=[2] true=[3] merged=[2, 3]
152.5 fp=[2] true=[3] merged=[2, 3]
152.8 fp=[2] true=[3] merged=[2, 3]
153.1 fp=[2] true=[3] merged=[2, 3]
153.4 fp=[2] true=[3] merged=[2, 3]
153.7 fp=[2] true=[3] merged=[2, 3]
154.0 fp=[2] true=[3] merged=[2, 3]
154.4 fp=[2] true=[3] merged=[2, 3]
154.7 fp=[2] true=[3] merged=[2, 3]
155.0 fp=[2] true=[3] merged=[2, 3]
155.3 fp=[2] true=[3] merged=[2, 3]
155.6 fp=[2] true=[3] merged=[2, 3]
155.9 fp=[2] true=[3] merged=[2, 3]
156.2 fp=[2] true=[3] merged=[2, 3]
156.5 fp=[2] true=[3] merged=[2, 3]
156.8 fp=[2] true=[3] merged=[2, 3]
157.2 fp=[2] true=[3] merged=[2, 3]
157.5 fp=[2] true=[3] merged=[2, 3]
157.8 fp=[2] true=[3] merged=[2, 3]
158.1 fp=[2] true=[3] merged=[2, 3]
158.4 fp=[2] true=[3] merged=[2, 3]
158.7 fp=[2] true=[3] merged=[2, 3]
159.0 fp=[2] true=[3] merged=[2, 3]
159.3 fp=[2] true=[3] merged=[2, 3]
159.6 fp=[2] true=[3] merged=[2, 3]
160.0 fp=[2] true=[3] merged=[2, 3]
160.3 fp=[2] true=[3] merged=[2, 3]
160.6 fp=[2] true=[3] merged=[2, 3]
160.9 fp=[2] true=[3] merged=[2, 3]
161.2 fp=[2] true=[3] merged=[2, 3]
161.5 fp=[2] true=[3] merged=[2, 3]
161.9 fp=[2] true=[3] merged=[2, 3]
162.2 fp=[2] true=[3] merged=[2, 3]
162.5 fp=[2] true=[3] merged=[2, 3]
162.8 fp=[2] true=[3] merged=[2, 3]
163.1 fp=[2] true=[3] merged=[2, 3]
163.4 fp=[2] true=[3] merged=[2, 3]
163.7 fp=[2] true=[3] merged=[2, 3]
164.1 fp=[2] true=[3] merged=[2, 3]
164.4 fp=[2] true=[3] merged=[2, 3]
164.7 fp=[2] true=[3] merged=[2, 3]
165.0 fp=[2] true=[3] merged=[2, 3]
165.3 fp=[2] true=[3] merged=[2, 3]
165.6 fp=[2] true=[3] merged=[2, 3]
165.9 fp=[2] true=[3] merged=[2, 3]
166.2 fp=[2] true=[3] merged=[2, 3]
166.5 fp=[2] true=[3] merged=[2, 3]
166.9 fp=[2] true=[3] merged=[2, 3]
167.2 fp=[2] true=[3] merged=[2, 3]
167.5 fp=[2] true=[3] merged=[2, 3]
167.8 fp=[2] true=[3] merged=[2, 3]
168.1 fp=[2] true=[3] merged=[2, 3]
168.4 fp=[2] true=[3] merged=[2, 3]
168.7 fp=[2] true=[3] merged=[2, 3]
169.0 fp=[4] true=[3] merged=[3, 4]
169.4 fp=[4] true=[3] merged=[3, 4]
169.7 fp=[4] true=[3] merged=[3, 4]
170.0 fp=[4] true=[3] merged=[3, 4]
170.3 fp=[4] true=[3] merged=[3, 4]
170.6 fp=[4] true=[3] merged=[3, 4]
170.9 fp=[4] true=[3] merged=[3, 4]
171.2 fp=[4] true=[3] merged=[3, 4]
171.5 fp=[4] true=[3] merged=[3, 4]
171.8 fp=[4] true=[3] merged=[3, 4]
172.2 fp=[4] true=[3] merged=[3, 4]
172.5 fp=[4] true=[3] merged=[3, 4]
172.8 fp=[4] true=[3] merged=[3, 4]
173.1 fp=[4] true=[3] merged=[3, 4]
173.4 fp=[4] true=[3] merged=[3, 4]
173.7 fp=[4] true=[3] merged=[3, 4]
174.0 fp=[4] true=[3] merged=[3, 4]
174.4 fp=[4] true=[3] merged=[3, 4]
174.7 fp=[4] true=[3] merged=[3, 4]
175.0 fp=[4] true=[3] merged=[3, 4]
175.3 fp=[4] true=[3] merged=[3, 4]
175.6 fp=[4] true=[3] merged=[3, 4]
175.9 fp=[4] true=[3] merged=[3, 4]
176.2 fp=[4] true=[3] merged=[3, 4]
176.6 fp=[4] true=[3] merged=[3, 4]
176.9 fp=[4] true=[3] merged=[3, 4]
177.2 fp=[4] true=[3] merged=[3, 4]
177.5 fp=[4] true=[3] merged=[3, 4]
177.8 fp=[4] true=[3] merged=[3, 4]
178.1 fp=[4] true=[3] merged=[3, 4]
178.4 fp=[4] true=[3] merged=[3, 4]
178.8 fp=[4] true=[3] merged=[3, 4]
179.1 fp=[4] true=[3] merged=[3, 4]
179.4 fp=[4] true=[3] merged=[3, 4]
179.7 fp=[4] true=[3] merged=[3, 4]
180.0 fp=[1] true=[3] merged=[1, 3]
180.3 fp=[1] true=[3] merged=[1, 3]
180.7 fp=[1] true=[3] merged=[1, 3]
181.0 fp=[1] true=[3] merged=[1, 3]
181.3 fp=[1] true=[3] merged=[1, 3]
181.6 fp=[1] true=[3] merged=[1, 3]
181.9 fp=[1] true=[3] merged=[1, 3]
182.2 fp=[1] true=[3] merged=[1, 3]
182.6 fp=[1] true=[3] merged=[1, 3]
182.9 fp=[1] true=[3] merged=[1, 3]
183.2 fp=[1] true=[3] merged=[1, 3]
183.5 fp=[1] true=[3] merged=[1, 3]
183.8 fp=[1] true=[3] merged=[1, 3]
184.1 fp=[1] true=[3] merged=[1, 3]
184.4 fp=[1] true=[3] merged=[1, 3]
184.8 fp=[1] true=[3] merged=[1, 3]
185.1 fp=[1] true=[3] merged=[1, 3]
185.4 fp=[1] true=[3] merged=[1, 3]
185.7 fp=[1] true=[3] merged=[1, 3]
186.0 fp=[1] true=[3] merged=[1, 3]
186.3 fp=[1] true=[3] merged=[1, 3]
186.6 fp=[1] true=[3] merged=[1, 3]
186.9 fp=[1] true=[3] merged=[1, 3]
187.2 fp=[1] true=[3] merged=[1, 3]
187.6 fp=[1] true=[3] merged=[1, 3]
187.9 fp=[1] true=[3] merged=[1, 3]
188.2 fp=[1] true=[3] merged=[1, 3]
188.5 fp=[1] true=[3] merged=[1, 3]
188.8 fp=[1] true=[3] merged=[1, 3]
189.1 fp=[1] true=[3] merged=[1, 3]
189.4 fp=[1] true=[3] merged=[1, 3]
189.7 fp=[1] true=[3] merged=[1, 3]
190.0 fp=[1] true=[3] merged=[1, 3]
190.4 fp=[1] true=[3] merged=[1, 3]
190.7 fp=[1] true=[3] merged=[1, 3]
191.0 fp=[1] true=[3] merged=[1, 3]
191.3 fp=[1] true=[3] merged=[1, 3]
191.6 fp=[1] true=[3] merged=[1, 3]
191.9 fp=[1] true=[3] merged=[1, 3]
192.2 fp=[1] true=[3] merged=[1, 3]
192.5 fp=[1] true=[3] merged=[1, 3]
192.8 fp=[1] true=[3] merged=[1, 3]
193.2 fp=[1] true=[3] merged=[1, 3]
193.5 fp=[1] true=[3] merged=[1, 3]
193.8 fp=[1] true=[3] merged=[1, 3]
194.1 fp=[1] true=[3] merged=[1, 3]
194.4 fp=[1] true=[3] merged=[1, 3]
194.7 fp=[1] true=[3] merged=[1, 3]
195.1 fp=[1] true=[3] merged=[1, 3]
195.4 fp=[1] true=[3] merged=[1, 3]
195.7 fp=[1] true=[3] merged=[1, 3]
196.0 fp=[1] true=[3] merged=[1, 3]
196.3 fp=[1] true=[3] merged=[1, 3]
196.6 fp=[1] true=[3] merged=[1, 3]
196.9 fp=[1] true=[3] merged=[1, 3]
197.2 fp=[1] true=[3] merged=[1, 3]
197.5 fp=[1] true=[3] merged=[1, 3]
197.9 fp=[1] true=[3] merged=[1, 3]
198.2 fp=[1] true=[3] merged=[1, 3]
198.5 fp=[1] true=[3] merged=[1, 3]
198.8 fp=[1] true=[3] merged=[1, 3]
199.1 fp=[1] true=[3] merged=[1, 3]
199.4 fp=[1] true=[3] merged=[1, 3]
199.7 fp=[1] true=[3] merged=[1, 3]
200.0 fp=[5] true=[3] merged=[3, 5]
200.4 fp=[5] true=[3] merged=[3, 5]
200.7 fp=[5] true=[3] merged=[3, 5]
201.0 fp=[5] true=[3] merged=[3, 5]
201.3 fp=[5] true=[3] merged=[3, 5]
201.6 fp=[5] true=[3] merged=[3, 5]
201.9 fp=[5] true=[3] merged=[3, 5]
202.2 fp=[5] true=[3] merged=[3, 5]
202.5 fp=[5] true=[3] merged=[3, 5]
202.9 fp=[5] true=[3] merged=[3, 5]
203.2 fp=[5] true=[3] merged=[3, 5]
203.5 fp=[5] true=[3] merged=[3, 5]
203.8 fp=[5] true=[3] merged=[3, 5]
204.1 fp=[5] true=[3] merged=[3, 5]
204.5 fp=[5] true=[3] merged=[3, 5]
204.8 fp=[5] true=[3] merged=[3, 5]
205.1 fp=[5] true=[3] merged=[3, 5]
205.4 fp=[5] true=[3] merged=[3, 5]
205.7 fp=[5] true=[3] merged=[3, 5]
206.0 fp=[5] true=[3] merged=[3, 5]
206.3 fp=[5] true=[3] merged=[3, 5]
206.6 fp=[5] true=[3] merged=[3, 5]
207.0 fp=[5] true=[3] merged=[3, 5]
207.3 fp=[5] true=[3] merged=[3, 5]
207.6 fp=[5] true=[3] merged=[3, 5]
207.9 fp=[5] true=[3] merged=[3, 5]
208.2 fp=[5] true=[3] merged=[3, 5]
208.5 fp=[5] true=[3] merged=[3, 5]
208.8 fp=[5] true=[3] merged=[3, 5]
209.2 fp=[5] true=[3] merged=[3, 5]
209.5 fp=[5] true=[3] merged=[3, 5]
209.8 fp=[5] true=[3] merged=[3, 5]
210.1 fp=[5] true=[3] merged=[3, 5]
210.4 fp=[5] true=[3] merged=[3, 5]
210.7 fp=[5] true=[3] merged=[3, 5]
211.0 fp=[5] true=[3] merged=[3, 5]
211.3 fp=[5] true=[3] merged=[3, 5]
211.6 fp=[5] true=[3] merged=[3, 5]
212.0 fp=[5] true=[3] merged=[3, 5]
212.3 fp=[5] true=[3] merged=[3, 5]
212.6 fp=[5] true=[3] merged=[3, 5]
212.9 fp=[5] true=[3] merged=[3, 5]
213.2 fp=[5] true=[3] merged=[3, 5]
213.5 fp=[5] true=[3] merged=[3, 5]
213.9 fp=[5] true=[3] merged=[3, 5]
214.2 fp=[5] true=[3] merged=[3, 5]
214.6 fp=[5] true=[3] merged=[3, 5]
214.9 fp=[5] true=[3] merged=[3, 5]
215.2 fp=[4] true=[3] merged=[3, 4]
215.5 fp=[4] true=[3] merged=[3, 4]
215.8 fp=[4] true=[3] merged=[3, 4]
216.1 fp=[4] true=[3] merged=[3, 4]
216.4 fp=[4] true=[3] merged=[3, 4]
216.7 fp=[4] true=[3] merged=[3, 4]
217.0 fp=[4] true=[3] merged=[3, 4]
217.4 fp=[4] true=[3] merged=[3, 4]
217.7 fp=[4] true=[3] merged=[3, 4]
218.0 fp=[4] true=[3] merged=[3, 4]
218.3 fp=[4] true=[3] merged=[3, 4]
218.6 fp=[4] true=[3] merged=[3, 4]
218.9 fp=[4] true=[3] merged=[3, 4]
219.2 fp=[4] true=[3] merged=[3, 4]
219.5 fp=[4] true=[3] merged=[3, 4]
219.8 fp=[4] true=[3] merged=[3, 4]
220.2 fp=[4] true=[3] merged=[3, 4]
220.5 fp=[4] true=[3] merged=[3, 4]
220.8 fp=[4] true=[3] merged=[3, 4]
221.1 fp=[4] true=[3] merged=[3, 4]
221.4 fp=[4] true=[3] merged=[3, 4]
221.7 fp=[4] true=[3] merged=[3, 4]
222.1 fp=[4] true=[3] merged=[3, 4]
222.4 fp=[4] true=[3] merged=[3, 4]
222.7 fp=[4] true=[3] merged=[3, 4]
223.0 fp=[4] true=[3] merged=[3, 4]
223.3 fp=[4] true=[3] merged=[3, 4]
223.6 fp=[4] true=[3] merged=[3, 4]
223.9 fp=[4] true=[3] merged=[3, 4]
224.2 fp=[4] true=[3] merged=[3, 4]
224.5 fp=[4] true=[3] merged=[3, 4]
224.9 fp=[4] true=[3] merged=[3, 4]
225.2 fp=[4] true=[3] merged=[3, 4]
225.5 fp=[4] true=[3] merged=[3, 4]
225.8 fp=[4] true=[3] merged=[3, 4]
226.1 fp=[4] true=[3] merged=[3, 4]
226.4 fp=[4] true=[3] merged=[3, 4]
226.7 fp=[4] true=[3] merged=[3, 4]
227.1 fp=[4] true=[3] merged=[3, 4]
227.4 fp=[4] true=[3] merged=[3, 4]
227.7 fp=[4] true=[3] merged=[3, 4]
228.0 fp=[4] true=[3] merged=[3, 4]
228.3 fp=[4] true=[3] merged=[3, 4]
228.6 fp=[4] true=[3] merged=[3, 4]
228.9 fp=[4] true=[3] merged=[3, 4]
229.3 fp=[4] true=[3] merged=[3, 4]
229.6 fp=[4] true=[3] merged=[3, 4]
229.9 fp=[4] true=[3] merged=[3, 4]
230.2 fp=[4] true=[3] merged=[3, 4]
230.5 fp=[4] true=[3] merged=[3, 4]
230.8 fp=[4] true=[3] merged=[3, 4]
231.1 fp=[4] true=[3] merged=[3, 4]
231.4 fp=[4] true=[3] merged=[3, 4]
231.7 fp=[4] true=[3] merged=[3, 4]
232.1 fp=[4] true=[3] merged=[3, 4]
232.4 fp=[4] true=[3] merged=[3, 4]
232.7 fp=[4] true=[3] merged=[3, 4]
233.0 fp=[4] true=[3] merged=[3, 4]
233.3 fp=[4] true=[3] merged=[3, 4]
233.6 fp=[4] true=[3] merged=[3, 4]
233.9 fp=[4] true=[3] merged=[3, 4]
234.2 fp=[4] true=[3] merged=[3, 4]
234.6 fp=[4] true=[3] merged=[3, 4]
234.9 fp=[4] true=[3] merged=[3, 4]
247.2 fp=[6] true=[3] merged=[3, 6]
247.5 fp=[6] true=[3] merged=[3, 6]
247.8 fp=[6] true=[3] merged=[3, 6]
248.1 fp=[6] true=[3] merged=[3, 6]
248.4 fp=[6] true=[3] merged=[3, 6]
248.7 fp=[6] true=[3] merged=[3, 6]
249.0 fp=[6] true=[3] merged=[3, 6]
249.3 fp=[6] true=[3] merged=[3, 6]
249.6 fp=[6] true=[3] merged=[3, 6]
249.9 fp=[6] true=[3] merged=[3, 6]
250.3 fp=[6] true=[3] merged=[3, 6]
250.6 fp=[6] true=[3] merged=[3, 6]
250.9 fp=[6] true=[3] merged=[3, 6]
251.2 fp=[6] true=[3] merged=[3, 6]
251.5 fp=[6] true=[3] merged=[3, 6]
251.8 fp=[6] true=[3] merged=[3, 6]
252.1 fp=[6] true=[3] merged=[3, 6]
252.5 fp=[6] true=[3] merged=[3, 6]
252.8 fp=[6] true=[3] merged=[3, 6]
253.1 fp=[6] true=[3] merged=[3, 6]
253.4 fp=[6] true=[3] merged=[3, 6]
253.7 fp=[6] true=[3] merged=[3, 6]
254.0 fp=[6] true=[3] merged=[3, 6]
254.3 fp=[6] true=[3] merged=[3, 6]
254.6 fp=[6] true=[3] merged=[3, 6]
255.0 fp=[6] true=[3] merged=[3, 6]
255.3 fp=[6] true=[3] merged=[3, 6]
255.6 fp=[6] true=[3] merged=[3, 6]
255.9 fp=[6] true=[3] merged=[3, 6]
256.2 fp=[4] true=[3] merged=[3, 4]
256.5 fp=[4] true=[3] merged=[3, 4]
256.8 fp=[4] true=[3] merged=[3, 4]
257.1 fp=[4] true=[3] merged=[3, 4]
257.4 fp=[4] true=[3] merged=[3, 4]
257.8 fp=[4] true=[3] merged=[3, 4]
258.1 fp=[4] true=[3] merged=[3, 4]
258.4 fp=[4] true=[3] merged=[3, 4]
258.7 fp=[4] true=[3] merged=[3, 4]
259.0 fp=[4] true=[3] merged=[3, 4]
259.3 fp=[4] true=[3] merged=[3, 4]
259.7 fp=[4] true=[3] merged=[3, 4]
260.0 fp=[4] true=[3] merged=[3, 4]
260.3 fp=[4] true=[3] merged=[3, 4]
260.6 fp=[4] true=[3] merged=[3, 4]
260.9 fp=[4] true=[3] merged=[3, 4]
261.2 fp=[4] true=[3] merged=[3, 4]
261.5 fp=[4] true=[3] merged=[3, 4]
261.8 fp=[4] true=[3] merged=[3, 4]
262.2 fp=[4] true=[3] merged=[3, 4]
262.5 fp=[4] true=[3] merged=[3, 4]
262.8 fp=[4] true=[3] merged=[3, 4]
263.1 fp=[2] true=[3] merged=[2, 3]
263.4 fp=[2] true=[3] merged=[2, 3]
263.8 fp=[2] true=[3] merged=[2, 3]
264.1 fp=[2] true=[3] merged=[2, 3]
264.4 fp=[2] true=[3] merged=[2, 3]
264.7 fp=[2] true=[3] merged=[2, 3]
265.0 fp=[2] true=[3] merged=[2, 3]
265.3 fp=[2] true=[3] merged=[2, 3]
265.6 fp=[2] true=[3] merged=[2, 3]
265.9 fp=[2] true=[3] merged=[2, 3]
266.2 fp=[2] true=[3] merged=[2, 3]
266.6 fp=[2] true=[3] merged=[2, 3]
266.9 fp=[2] true=[3] merged=[2, 3]
267.2 fp=[2] true=[3] merged=[2, 3]
267.5 fp=[2] true=[3] merged=[2, 3]
267.8 fp=[2] true=[3] merged=[2, 3]
268.1 fp=[2] true=[3] merged=[2, 3]
268.4 fp=[2] true=[3] merged=[2, 3]
268.8 fp=[2] true=[3] merged=[2, 3]
269.1 fp=[2] true=[3] merged=[2, 3]
269.4 fp=[2] true=[3] merged=[2, 3]
269.7 fp=[2] true=[3] merged=[2, 3]
270.0 fp=[2] true=[3] merged=[2, 3]
270.3 fp=[2] true=[3] merged=[2, 3]
270.7 fp=[2] true=[3] merged=[2, 3]
271.0 fp=[2] true=[3] merged=[2, 3]
271.3 fp=[2] true=[3] merged=[2, 3]
271.6 fp=[2] true=[3] merged=[2, 3]
271.9 fp=[2] true=[3] merged=[2, 3]
272.2 fp=[2] true=[3] merged=[2, 3]
272.5 fp=[2] true=[3] merged=[2, 3]
272.8 fp=[2] true=[3] merged=[2, 3]
273.1 fp=[2] true=[3] merged=[2, 3]
273.4 fp=[2] true=[3] merged=[2, 3]
273.8 fp=[2] true=[3] merged=[2, 3]
274.1 fp=[2] true=[3] merged=[2, 3]
274.4 fp=[2] true=[3] merged=[2, 3]
274.7 fp=[2] true=[3] merged=[2, 3]
275.0 fp=[2] true=[3] merged=[2, 3]
275.3 fp=[2] true=[3] merged=[2, 3]
275.6 fp=[2] true=[3] merged=[2, 3]
275.9 fp=[2] true=[3] merged=[2, 3]
276.2 fp=[2] true=[3] merged=[2, 3]
276.6 fp=[2] true=[3] merged=[2, 3]
276.9 fp=[2] true=[3] merged=[2, 3]
277.2 fp=[2] true=[3] merged=[2, 3]
277.5 fp=[2] true=[3] merged=[2, 3]
277.8 fp=[2] true=[3] merged=[2, 3]
278.1 fp=[2] true=[3] merged=[2, 3]
278.4 fp=[2] true=[3] merged=[2, 3]
278.7 fp=[2] true=[3] merged=[2, 3]
279.1 fp=[2] true=[3] merged=[2, 3]
279.4 fp=[2] true=[3] merged=[2, 3]
279.7 fp=[2] true=[3] merged=[2, 3]
280.0 fp=[2] true=[3] merged=[2, 3]
280.3 fp=[2] true=[3] merged=[2, 3]
280.6 fp=[2] true=[3] merged=[2, 3]
280.9 fp=[2] true=[3] merged=[2, 3]
281.2 fp=[2] true=[3] merged=[2, 3]
281.5 fp=[2] true=[3] merged=[2, 3]
281.8 fp=[2] true=[3] merged=[2, 3]
282.2 fp=[2] true=[3] merged=[2, 3]
282.5 fp=[2] true=[3] merged=[2, 3]
282.8 fp=[2] true=[3] merged=[2, 3]
283.1 fp=[5] true=[3] merged=[3, 5]
283.4 fp=[5] true=[3] merged=[3, 5]
283.7 fp=[5] true=[3] merged=[3, 5]
284.0 fp=[4] true=[3] merged=[3, 4]
284.3 fp=[4] true=[3] merged=[3, 4]
284.6 fp=[4] true=[3] merged=[3, 4]
284.9 fp=[4] true=[3] merged=[3, 4]
285.3 fp=[4] true=[3] merged=[3, 4]
285.6 fp=[4] true=[3] merged=[3, 4]
285.9 fp=[4] true=[3] merged=[3, 4]
286.2 fp=[4] true=[3] merged=[3, 4]
286.5 fp=[4] true=[3] merged=[3, 4]
286.8 fp=[4] true=[3] merged=[3, 4]
287.1 fp=[4] true=[3] merged=[3, 4]
287.4 fp=[4] true=[3] merged=[3, 4]
287.8 fp=[4] true=[3] merged=[3, 4]
288.1 fp=[4] true=[3] merged=[3, 4]
288.4 fp=[4] true=[3] merged=[3, 4]
288.7 fp=[4] true=[3] merged=[3, 4]
289.0 fp=[4] true=[3] merged=[3, 4]
289.4 fp=[4] true=[3] merged=[3, 4]
289.7 fp=[4] true=[3] merged=[3, 4]
290.0 fp=[4] true=[3] merged=[3, 4]
290.3 fp=[4] true=[3] merged=[3, 4]
290.6 fp=[4] true=[3] merged=[3, 4]
290.9 fp=[4] true=[3] merged=[3, 4]
291.2 fp=[4] true=[3] merged=[3, 4]
291.5 fp=[4] true=[3] merged=[3, 4]
291.9 fp=[4] true=[3] merged=[3, 4]
292.2 fp=[4] true=[3] merged=[3, 4]
292.5 fp=[4] true=[3] merged=[3, 4]
292.8 fp=[4] true=[3] merged=[3, 4]
293.1 fp=[4] true=[3] merged=[3, 4]
293.4 fp=[4] true=[3] merged=[3, 4]
293.7 fp=[4] true=[3] merged=[3, 4]
294.1 fp=[4] true=[3] merged=[3, 4]
294.4 fp=[4] true=[3] merged=[3, 4]
294.7 fp=[4] true=[3] merged=[3, 4]
295.0 fp=[4] true=[3] merged=[3, 4]
295.3 fp=[4] true=[3] merged=[3, 4]
295.6 fp=[4] true=[3] merged=[3, 4]
295.9 fp=[4] true=[3] merged=[3, 4]
296.2 fp=[4] true=[3] merged=[3, 4]
296.5 fp=[4] true=[3] merged=[3, 4]
296.8 fp=[4] true=[3] merged=[3, 4]
297.2 fp=[4] true=[3] merged=[3, 4]
297.5 fp=[4] true=[3] merged=[3, 4]
297.8 fp=[4] true=[3] merged=[3, 4]
298.1 fp=[4] true=[3] merged=[3, 4]
298.4 fp=[4] true=[3] merged=[3, 4]
298.7 fp=[4] true=[3] merged=[3, 4]
299.0 fp=[4] true=[3] merged=[3, 4]
299.3 fp=[4] true=[3] merged=[3, 4]
299.7 fp=[4] true=[3] merged=[3, 4]
300.0 fp=[4] true=[3] merged=[3, 4]
300.3 fp=[4] true=[3] merged=[3, 4]
300.6 fp=[4] true=[3] merged=[3, 4]
300.9 fp=[4] true=[3] merged=[3, 4]
301.2 fp=[4] true=[3] merged=[3, 4]
301.5 fp=[4] true=[3] merged=[3, 4]
301.9 fp=[4] true=[3] merged=[3, 4]
302.2 fp=[4] true=[3] merged=[3, 4]
302.5 fp=[4] true=[3] merged=[3, 4]
302.8 fp=[4] true=[3] merged=[3, 4]
303.1 fp=[4] true=[3] merged=[3, 4]
303.4 fp=[4] true=[3] merged=[3, 4]
303.7 fp=[4] true=[3] merged=[3, 4]
306.2 fp=[2] true=[3] merged=[2, 3]
306.6 fp=[2] true=[3] merged=[2, 3]
306.9 fp=[2] true=[3] merged=[2, 3]
307.2 fp=[2] true=[3] merged=[2, 3]
307.5 fp=[2] true=[3] merged=[2, 3]
307.8 fp=[2] true=[3] merged=[2, 3]
308.1 fp=[2] true=[3] merged=[2, 3]
308.4 fp=[2] true=[3] merged=[2, 3]
308.7 fp=[2] true=[3] merged=[2, 3]
309.0 fp=[2] true=[3] merged=[2, 3]
309.4 fp=[2] true=[3] merged=[2, 3]
309.7 fp=[2] true=[3] merged=[2, 3]
310.0 fp=[2] true=[3] merged=[2, 3]
310.3 fp=[2] true=[3] merged=[2, 3]
310.6 fp=[2] true=[3] merged=[2, 3]
310.9 fp=[2] true=[3] merged=[2, 3]
311.2 fp=[2] true=[3] merged=[2, 3]
311.6 fp=[2] true=[3] merged=[2, 3]
311.9 fp=[2] true=[3] merged=[2, 3]
312.2 fp=[2] true=[3] merged=[2, 3]
312.5 fp=[2] true=[3] merged=[2, 3]
312.8 fp=[2] true=[3] merged=[2, 3]
313.2 fp=[2] true=[3] merged=[2, 3]
313.5 fp=[2] true=[3] merged=[2, 3]
313.8 fp=[2] true=[3] merged=[2, 3]
314.1 fp=[2] true=[3] merged=[2, 3]
314.4 fp=[2] true=[3] merged=[2, 3]
314.7 fp=[2] true=[3] merged=[2, 3]
315.0 fp=[2] true=[3] merged=[2, 3]
315.4 fp=[2] true=[3] merged=[2, 3]
315.7 fp=[2] true=[3] merged=[2, 3]
316.0 fp=[2] true=[3] merged=[2, 3]
316.3 fp=[2] true=[3] merged=[2, 3]
316.6 fp=[2] true=[3] merged=[2, 3]
316.9 fp=[2] true=[3] merged=[2, 3]
317.3 fp=[2] true=[3] merged=[2, 3]
317.6 fp=[2] true=[3] merged=[2, 3]
317.9 fp=[2] true=[3] merged=[2, 3]
318.2 fp=[2] true=[3] merged=[2, 3]
318.5 fp=[2] true=[3] merged=[2, 3]
318.8 fp=[2] true=[3] merged=[2, 3]
319.1 fp=[2] true=[3] merged=[2, 3]
319.4 fp=[2] true=[3] merged=[2, 3]
319.7 fp=[2] true=[3] merged=[2, 3]
320.0 fp=[2] true=[3] merged=[2, 3]
320.4 fp=[2] true=[3] merged=[2, 3]
320.7 fp=[2] true=[3] merged=[2, 3]
321.0 fp=[2] true=[3] merged=[2, 3]
321.3 fp=[2] true=[3] merged=[2, 3]
321.6 fp=[2] true=[3] merged=[2, 3]
321.9 fp=[2] true=[3] merged=[2, 3]
322.3 fp=[2] true=[3] merged=[2, 3]
322.6 fp=[2] true=[3] merged=[2, 3]
322.9 fp=[2] true=[3] merged=[2, 3]
323.2 fp=[2] true=[3] merged=[2, 3]
323.5 fp=[2] true=[3] merged=[2, 3]
323.8 fp=[2] true=[3] merged=[2, 3]
324.2 fp=[2] true=[3] merged=[2, 3]
324.5 fp=[2] true=[3] merged=[2, 3]
324.8 fp=[2] true=[3] merged=[2, 3]
325.1 fp=[2] true=[3] merged=[2, 3]
325.4 fp=[2] true=[3] merged=[2, 3]
325.8 fp=[2] true=[3] merged=[2, 3]
326.1 fp=[5] true=[3] merged=[3, 5]
326.4 fp=[5] true=[3] merged=[3, 5]
326.7 fp=[5] true=[3] merged=[3, 5]
327.0 fp=[5] true=[3] merged=[3, 5]
327.3 fp=[5] true=[3] merged=[3, 5]
327.6 fp=[5] true=[3] merged=[3, 5]
327.9 fp=[5] true=[3] merged=[3, 5]
328.2 fp=[5] true=[3] merged=[3, 5]
328.6 fp=[5] true=[3] merged=[3, 5]
328.9 fp=[5] true=[3] merged=[3, 5]
329.2 fp=[5] true=[3] merged=[3, 5]
329.5 fp=[5] true=[3] merged=[3, 5]
329.8 fp=[5] true=[3] merged=[3, 5]
330.1 fp=[5] true=[3] merged=[3, 5]
330.4 fp=[5] true=[3] merged=[3, 5]
330.7 fp=[5] true=[3] merged=[3, 5]
331.1 fp=[5] true=[3] merged=[3, 5]
331.4 fp=[5] true=[3] merged=[3, 5]
331.7 fp=[5] true=[3] merged=[3, 5]
332.0 fp=[5] true=[3] merged=[3, 5]
332.3 fp=[5] true=[3] merged=[3, 5]
332.6 fp=[5] true=[3] merged=[3, 5]
332.9 fp=[5] true=[3] merged=[3, 5]
333.2 fp=[5] true=[3] merged=[3, 5]
333.6 fp=[5] true=[3] merged=[3, 5]
333.9 fp=[5] true=[3] merged=[3, 5]
334.2 fp=[5] true=[3] merged=[3, 5]
334.5 fp=[5] true=[3] merged=[3, 5]
334.8 fp=[5] true=[3] merged=[3, 5]
335.1 fp=[5] true=[3] merged=[3, 5]
335.4 fp=[5] true=[3] merged=[3, 5]
335.7 fp=[5] true=[3] merged=[3, 5]
336.0 fp=[5] true=[3] merged=[3, 5]
336.4 fp=[5] true=[3] merged=[3, 5]
336.7 fp=[5] true=[3] merged=[3, 5]
337.0 fp=[5] true=[3] merged=[3, 5]
337.3 fp=[5] true=[3] merged=[3, 5]
337.6 fp=[5] true=[3] merged=[3, 5]
337.9 fp=[5] true=[3] merged=[3, 5]
338.2 fp=[5] true=[3] merged=[3, 5]
338.5 fp=[5] true=[3] merged=[3, 5]
338.9 fp=[5] true=[3] merged=[3, 5]
339.2 fp=[5] true=[3] merged=[3, 5]
339.5 fp=[5] true=[3] merged=[3, 5]
339.8 fp=[5] true=[3] merged=[3, 5]
340.2 fp=[5] true=[3] merged=[3, 5]
340.5 fp=[5] true=[3] merged=[3, 5]
340.8 fp=[5] true=[3] merged=[3, 5]
341.1 fp=[5] true=[3] merged=[3, 5]
341.4 fp=[5] true=[3] merged=[3, 5]
341.7 fp=[5] true=[3] merged=[3, 5]
342.0 fp=[5] true=[3] merged=[3, 5]
342.3 fp=[5] true=[3] merged=[3, 5]
342.6 fp=[5] true=[3] merged=[3, 5]
342.9 fp=[5] true=[3] merged=[3, 5]
344.2 fp=[5] true=[3] merged=[3, 5]
344.5 fp=[5] true=[3] merged=[3, 5]
344.8 fp=[5] true=[3] merged=[3, 5]
345.1 fp=[5] true=[3] merged=[3, 5]
345.5 fp=[5] true=[3] merged=[3, 5]
345.8 fp=[5] true=[3] merged=[3, 5]
346.1 fp=[5] true=[3] merged=[3, 5]
346.4 fp=[5] true=[3] merged=[3, 5]
346.7 fp=[5] true=[3] merged=[3, 5]
347.0 fp=[5] true=[3] merged=[3, 5]
347.3 fp=[5] true=[3] merged=[3, 5]
347.6 fp=[5] true=[3] merged=[3, 5]
348.0 fp=[5] true=[3] merged=[3, 5]
348.3 fp=[5] true=[3] merged=[3, 5]
348.6 fp=[5] true=[3] merged=[3, 5]
348.9 fp=[5] true=[3] merged=[3, 5]
349.2 fp=[5] true=[3] merged=[3, 5]
349.5 fp=[5] true=[3] merged=[3, 5]
349.8 fp=[5] true=[3] merged=[3, 5]
350.1 fp=[5] true=[3] merged=[3, 5]
350.4 fp=[5] true=[3] merged=[3, 5]
350.8 fp=[5] true=[3] merged=[3, 5]
351.1 fp=[5] true=[3] merged=[3, 5]
351.4 fp=[5] true=[3] merged=[3, 5]
351.7 fp=[5] true=[3] merged=[3, 5]
352.0 fp=[5] true=[3] merged=[3, 5]
352.3 fp=[5] true=[3] merged=[3, 5]
352.6 fp=[5] true=[3] merged=[3, 5]
353.0 fp=[5] true=[3] merged=[3, 5]
353.3 fp=[5] true=[3] merged=[3, 5]
353.6 fp=[5] true=[3] merged=[3, 5]
353.9 fp=[5] true=[3] merged=[3, 5]
354.2 fp=[5] true=[3] merged=[3, 5]
354.5 fp=[5] true=[3] merged=[3, 5]
354.8 fp=[5] true=[3] merged=[3, 5]
355.2 fp=[5] true=[3] merged=[3, 5]
355.5 fp=[5] true=[3] merged=[3, 5]
355.8 fp=[5] true=[3] merged=[3, 5]
356.1 fp=[5] true=[3] merged=[3, 5]
356.4 fp=[5] true=[3] merged=[3, 5]
356.7 fp=[5] true=[3] merged=[3, 5]
357.1 fp=[5] true=[3] merged=[3, 5]
357.4 fp=[5] true=[3] merged=[3, 5]
357.7 fp=[5] true=[3] merged=[3, 5]
358.0 fp=[5] true=[3] merged=[3, 5]
358.3 fp=[5] true=[3] merged=[3, 5]
358.6 fp=[5] true=[3] merged=[3, 5]
358.9 fp=[5] true=[3] merged=[3, 5]
359.3 fp=[5] true=[3] merged=[3, 5]
359.6 fp=[5] true=[3] merged=[3, 5]
359.9 fp=[5] true=[3] merged=[3, 5]
360.2 fp=[5] true=[3] merged=[3, 5]
360.5 fp=[5] true=[3] merged=[3, 5]
360.8 fp=[5] true=[3] merged=[3, 5]
361.1 fp=[5] true=[3] merged=[3, 5]
361.4 fp=[5] true=[3] merged=[3, 5]
361.7 fp=[5] true=[3] merged=[3, 5]
362.1 fp=[5] true=[3] merged=[3, 5]
362.4 fp=[5] true=[3] merged=[3, 5]
362.7 fp=[5] true=[3] merged=[3, 5]
363.0 fp=[5] true=[3] merged=[3, 5]
363.3 fp=[5] true=[3] merged=[3, 5]
363.6 fp=[5] true=[3] merged=[3, 5]
363.9 fp=[5] true=[3] merged=[3, 5]
364.2 fp=[5] true=[3] merged=[3, 5]
364.6 fp=[5] true=[3] merged=[3, 5]
364.9 fp=[5] true=[3] merged=[3, 5]
365.2 fp=[5] true=[3] merged=[3, 5]
365.6 fp=[5] true=[3] merged=[3, 5]
365.9 fp=[5] true=[3] merged=[3, 5]
366.2 fp=[5] true=[3] merged=[3, 5]
366.5 fp=[5] true=[3] merged=[3, 5]
366.8 fp=[5] true=[3] merged=[3, 5]
367.1 fp=[5] true=[3] merged=[3, 5]
367.4 fp=[5] true=[3] merged=[3, 5]
367.7 fp=[5] true=[3] merged=[3, 5]
368.1 fp=[1] true=[3] merged=[1, 3]
368.4 fp=[1] true=[3] merged=[1, 3]
368.7 fp=[1] true=[3] merged=[1, 3]
369.0 fp=[1] true=[3] merged=[1, 3]
369.3 fp=[1] true=[3] merged=[1, 3]
369.6 fp=[1] true=[3] merged=[1, 3]
369.9 fp=[1] true=[3] merged=[1, 3]
370.2 fp=[1] true=[3] merged=[1, 3]
370.5 fp=[1] true=[3] merged=[1, 3]
370.9 fp=[1] true=[3] merged=[1, 3]
371.2 fp=[1] true=[3] merged=[1, 3]
371.5 fp=[1] true=[3] merged=[1, 3]
371.8 fp=[1] true=[3] merged=[1, 3]
372.1 fp=[1] true=[3] merged=[1, 3]
372.4 fp=[1] true=[3] merged=[1, 3]
372.7 fp=[1] true=[3] merged=[1, 3]
373.0 fp=[1] true=[3] merged=[1, 3]
373.4 fp=[1] true=[3] merged=[1, 3]
373.7 fp=[1] true=[3] merged=[1, 3]
374.0 fp=[1] true=[3] merged=[1, 3]
374.3 fp=[1] true=[3] merged=[1, 3]
374.6 fp=[1] true=[3] merged=[1, 3]
374.9 fp=[1] true=[3] merged=[1, 3]
375.3 fp=[1] true=[3] merged=[1, 3]
375.6 fp=[1] true=[3] merged=[1, 3]
375.9 fp=[1] true=[3] merged=[1, 3]
376.2 fp=[1] true=[3] merged=[1, 3]
376.5 fp=[1] true=[3] merged=[1, 3]
376.8 fp=[1] true=[3] merged=[1, 3]
377.1 fp=[1] true=[3] merged=[1, 3]
377.5 fp=[1] true=[3] merged=[1, 3]
377.8 fp=[1] true=[3] merged=[1, 3]
378.1 fp=[1] true=[3] merged=[1, 3]
378.4 fp=[1] true=[3] merged=[1, 3]
378.7 fp=[1] true=[3] merged=[1, 3]
379.0 fp=[1] true=[3] merged=[1, 3]
379.3 fp=[1] true=[3] merged=[1, 3]
379.6 fp=[1] true=[3] merged=[1, 3]
380.0 fp=[1] true=[3] merged=[1, 3]
380.3 fp=[1] true=[3] merged=[1, 3]
380.6 fp=[1] true=[3] merged=[1, 3]
380.9 fp=[1] true=[3] merged=[1, 3]
381.2 fp=[1] true=[3] merged=[1, 3]
381.5 fp=[1] true=[3] merged=[1, 3]
381.8 fp=[1] true=[3] merged=[1, 3]
382.1 fp=[1] true=[3] merged=[1, 3]
382.4 fp=[1] true=[3] merged=[1, 3]
382.7 fp=[1] true=[3] merged=[1, 3]
383.1 fp=[1] true=[3] merged=[1, 3]
383.4 fp=[1] true=[3] merged=[1, 3]
383.7 fp=[1] true=[3] merged=[1, 3]
384.0 fp=[1] true=[3] merged=[1, 3]
384.3 fp=[1] true=[3] merged=[1, 3]
384.6 fp=[1] true=[3] merged=[1, 3]
385.0 fp=[1] true=[3] merged=[1, 3]
385.3 fp=[1] true=[3] merged=[1, 3]
385.6 fp=[1] true=[3] merged=[1, 3]
385.9 fp=[1] true=[3] merged=[1, 3]
