# start rate=10 seed=1 dur=420 n=7 target=3 events=43
2.2 fp=[1] true=[3] merged=[1, 3]
2.5 fp=[1] true=[3] merged=[1, 3]
2.8 fp=[1] true=[3] merged=[1, 3]
3.1 fp=[1] true=[3] merged=[1, 3]
3.4 fp=[1] true=[3] merged=[1, 3]
3.7 fp=[1] true=[3] merged=[1, 3]
4.1 fp=[1] true=[3] merged=[1, 3]
4.4 fp=[1] true=[3] merged=[1, 3]
4.7 fp=[1] true=[3] merged=[1, 3]
5.0 fp=[1] true=[3] merged=[1, 3]
5.3 fp=[1] true=[3] merged=[1, 3]
5.6 fp=[1] true=[3] merged=[1, 3]
5.9 fp=[1] true=[3] merged=[1, 3]
6.2 fp=[1] true=[3] merged=[1, 3]
6.6 fp=[1] true=[3] merged=[1, 3]
6.9 fp=[1] true=[3] merged=[1, 3]
7.2 fp=[1] true=[3] merged=[1, 3]
7.5 fp=[1] true=[3] merged=[1, 3]
7.8 fp=[1] true=[3] merged=[1, 3]
8.1 fp=[1] true=[3] merged=[1, 3]
8.5 fp=[1] true=[3] merged=[1, 3]
8.8 fp=[1] true=[3] merged=[1, 3]
9.1 fp=[1] true=[3] merged=[1, 3]
9.4 fp=[1] true=[3] merged=[1, 3]
9.7 fp=[1] true=[3] merged=[1, 3]
10.0 fp=[1] true=[3] merged=[1, 3]
10.3 fp=[1] true=[3] merged=[1, 3]
10.7 fp=[1] true=[3] merged=[1, 3]
11.0 fp=[1] true=[3] merged=[1, 3]
11.3 fp=[1] true=[3] merged=[1, 3]
11.6 fp=[1] true=[3] merged=[1, 3]
11.9 fp=[1] true=[3] merged=[1, 3]
12.2 fp=[1] true=[3] merged=[1, 3]
12.5 fp=[1] true=[3] merged=[1, 3]
12.9 fp=[1] true=[3] merged=[1, 3]
13.2 fp=[1] true=[3] merged=[1, 3]
13.5 fp=[1] true=[3] merged=[1, 3]
13.8 fp=[1] true=[3] merged=[1, 3]
14.1 fp=[1] true=[3] merged=[1, 3]
14.4 fp=[1] true=[3] merged=[1, 3]
14.7 fp=[1] true=[3] merged=[1, 3]
15.0 fp=[1] true=[3] merged=[1, 3]
15.3 fp=[1] true=[3] merged=[1, 3]
15.7 fp=[1] true=[3] merged=[1, 3]
16.0 fp=[1] true=[3] merged=[1, 3]
16.3 fp=[1] true=[3] merged=[1, 3]
16.6 fp=[1] true=[3] merged=[1, 3]
16.9 fp=[1] true=[3] merged=[1, 3]
17.3 fp=[1] true=[3] merged=[1, 3]
17.6 fp=[1] true=[3] merged=[1, 3]
17.9 fp=[1] true=[3] merged=[1, 3]
18.2 fp=[1] true=[3] merged=[1, 3]
18.5 fp=[1] true=[3] merged=[1, 3]
18.8 fp=[1] true=[3] merged=[1, 3]
19.1 fp=[1] true=[3] merged=[1, 3]
19.5 fp=[1] true=[3] merged=[1, 3]
19.8 fp=[1] true=[3] merged=[1, 3]
20.1 fp=[1] true=[3] merged=[1, 3]
20.5 fp=[1] true=[3] merged=[1, 3]
20.8 fp=[1] true=[3] merged=[1, 3]
21.1 fp=[1] true=[3] merged=[1, 3]
21.4 fp=[1] true=[3] merged=[1, 3]
21.7 fp=[1] true=[3] merged=[1, 3]
22.0 fp=[1] true=[3] merged=[1, 3]
22.4 fp=[1] true=[3] merged=[1, 3]
22.7 fp=[1] true=[3] merged=[1, 3]
23.0 fp=[1] true=[3] merged=[1, 3]
23.3 fp=[1] true=[3] merged=[1, 3]
23.7 fp=[1] true=[3] merged=[1, 3]
24.0 fp=[1] true=[3] merged=[1, 3]
24.3 fp=[1] true=[3] merged=[1, 3]
24.6 fp=[1] true=[3] merged=[1, 3]
24.9 fp=[1] true=[3] merged=[1, 3]
25.2 fp=[1] true=[3] merged=[1, 3]
25.5 fp=[1] true=[3] merged=[1, 3]
25.8 fp=[1] true=[3] merged=[1, 3]
26.2 fp=[1] true=[3] merged=[1, 3]
26.5 fp=[1] true=[3] merged=[1, 3]
26.8 fp=[1] true=[3] merged=[1, 3]
27.1 fp=[1] true=[3] merged=[1, 3]
27.4 fp=[1] true=[3] merged=[1, 3]
27.7 fp=[1] true=[3] merged=[1, 3]
28.1 fp=[1] true=[3] merged=[1, 3]
28.4 fp=[1] true=[3] merged=[1, 3]
28.7 fp=[1] true=[3] merged=[1, 3]
29.0 fp=[1] true=[3] merged=[1, 3]
29.3 fp=[1] true=[3] merged=[1, 3]
29.6 fp=[1] true=[3] merged=[1, 3]
29.9 fp=[1] true=[3] merged=[1, 3]
30.2 fp=[1] true=[3] merged=[1, 3]
30.6 fp=[1] true=[3] merged=[1, 3]
30.9 fp=[1] true=[3] merged=[1, 3]
31.2 fp=[1] true=[3] merged=[1, 3]
31.5 fp=[1] true=[3] merged=[1, 3]
31.8 fp=[1] true=[3] merged=[1, 3]
32.1 fp=[1] true=[3] merged=[1, 3]
32.5 fp=[1] true=[3] merged=[1, 3]
32.8 fp=[1] true=[3] merged=[1, 3]
33.1 fp=[1] true=[3] merged=[1, 3]
33.4 fp=[1] true=[3] merged=[1, 3]
33.7 fp=[1] true=[3] merged=[1, 3]
34.0 fp=[1] true=[3] merged=[1, 3]
34.4 fp=[1] true=[3] merged=[1, 3]
34.7 fp=[1] true=[3] merged=[1, 3]
35.0 fp=[1] true=[3] merged=[1, 3]
35.3 fp=[1] true=[3] merged=[1, 3]
35.6 fp=[1] true=[3] merged=[1, 3]
35.9 fp=[1] true=[3] merged=[1, 3]
36.2 fp=[1] true=[3] merged=[1, 3]
36.5 fp=[1] true=[3] merged=[1, 3]
36.9 fp=[1] true=[3] merged=[1, 3]
37.2 fp=[1] true=[3] merged=[1, 3]
37.5 fp=[1] true=[3] merged=[1, 3]
37.8 fp=[1] true=[3] merged=[1, 3]
38.1 fp=[1] true=[3] merged=[1, 3]
38.4 fp=[1] true=[3] merged=[1, 3]
38.7 fp=[1] true=[3] merged=[1, 3]
39.0 fp=[1] true=[3] merged=[1, 3]
39.3 fp=[1] true=[3] merged=[1, 3]
39.7 fp=[1] true=[3] merged=[1, 3]
40.0 fp=[1] true=[3] merged=[1, 3]
40.3 fp=[1] true=[3] merged=[1, 3]
40.6 fp=[1] true=[3] merged=[1, 3]
40.9 fp=[1] true=[3] merged=[1, 3]
41.2 fp=[7] true=[3] merged=[3, 7]
41.5 fp=[7] true=[3] merged=[3, 7]
41.9 fp=[7] true=[3] merged=[3, 7]
42.2 fp=[7] true=[3] merged=[3, 7]
42.5 fp=[7] true=[3] merged=[3, 7]
42.8 fp=[7] true=[3] merged=[3, 7]
43.2 fp=[7] true=[3] merged=[3, 7]
43.5 fp=[7] true=[3] merged=[3, 7]
43.8 fp=[7] true=[3] merged=[3, 7]
44.1 fp=[7] true=[3] merged=[3, 7]
44.4 fp=[7] true=[3] merged=[3, 7]
44.7 fp=[7] true=[3] merged=[3, 7]
45.1 fp=[7] true=[3] merged=[3, 7]
45.4 fp=[7] true=[3] merged=[3, 7]
45.7 fp=[7] true=[3] merged=[3, 7]
46.0 fp=[7] true=[3] merged=[3, 7]
46.3 fp=[7] true=[3] merged=[3, 7]
46.6 fp=[7] true=[3] merged=[3, 7]
47.0 fp=[7] true=[3] merged=[3, 7]
47.3 fp=[7] true=[3] merged=[3, 7]
47.6 fp=[7] true=[3] merged=[3, 7]
47.9 fp=[7] true=[3] merged=[3, 7]
48.2 fp=[7] true=[3] merged=[3, 7]
48.5 fp=[7] true=[3] merged=[3, 7]
48.8 fp=[7] true=[3] merged=[3, 7]
49.1 fp=[7] true=[3] merged=[3, 7]
49.4 fp=[7] true=[3] merged=[3, 7]
49.7 fp=[7] true=[3] merged=[3, 7]
50.1 fp=[7] true=[3] merged=[3, 7]
50.4 fp=[7] true=[3] merged=[3, 7]
50.7 fp=[7] true=[3] merged=[3, 7]
51.0 fp=[7] true=[3] merged=[3, 7]
51.3 fp=[7] true=[3] merged=[3, 7]
51.7 fp=[7] true=[3] merged=[3, 7]
52.0 fp=[7] true=[3] merged=[3, 7]
52.3 fp=[7] true=[3] merged=[3, 7]
52.6 fp=[7] true=[3] merged=[3, 7]
52.9 fp=[7] true=[3] merged=[3, 7]
53.2 fp=[7] true=[3] merged=[3, 7]
53.6 fp=[7] true=[3] merged=[3, 7]
53.9 fp=[7] true=[3] merged=[3, 7]
54.2 fp=[7] true=[3] merged=[3, 7]
54.6 fp=[7] true=[3] merged=[3, 7]
54.9 fp=[7] true=[3] merged=[3, 7]
55.2 fp=[4] true=[3] merged=[3, 4]
55.5 fp=[4] true=[3] merged=[3, 4]
55.8 fp=[4] true=[3] merged=[3, 4]
56.1 fp=[2] true=[3] merged=[2, 3]
56.4 fp=[2] true=[3] merged=[2, 3]
56.7 fp=[2] true=[3] merged=[2, 3]
57.0 fp=[2] true=[3] merged=[2, 3]
57.4 fp=[2] true=[3] merged=[2, 3]
57.7 fp=[2] true=[3] merged=[2, 3]
58.0 fp=[2] true=[3] merged=[2, 3]
58.3 fp=[2] true=[3] merged=[2, 3]
58.6 fp=[2] true=[3] merged=[2, 3]
58.9 fp=[2] true=[3] merged=[2, 3]
59.3 fp=[2] true=[3] merged=[2, 3]
59.6 fp=[2] true=[3] merged=[2, 3]
59.9 fp=[2] true=[3] merged=[2, 3]
60.2 fp=[2] true=[3] merged=[2, 3]
60.5 fp=[2] true=[3] merged=[2, 3]
60.8 fp=[2] true=[3] merged=[2, 3]
61.1 fp=[2] true=[3] merged=[2, 3]
61.5 fp=[2] true=[3] merged=[2, 3]
61.8 fp=[2] true=[3] merged=[2, 3]
62.1 fp=[2] true=[3] merged=[2, 3]
62.4 fp=[2] true=[3] merged=[2, 3]
62.7 fp=[2] true=[3] merged=[2, 3]
63.1 fp=[2] true=[3] merged=[2, 3]
63.4 fp=[2] true=[3] merged=[2, 3]
63.7 fp=[2] true=[3] merged=[2, 3]
64.0 fp=[1] true=[3] merged=[1, 3]
64.3 fp=[1] true=[3] merged=[1, 3]
64.6 fp=[1] true=[3] merged=[1, 3]
65.0 fp=[1] true=[3] merged=[1, 3]
65.3 fp=[1] true=[3] merged=[1, 3]
65.6 fp=[1] true=[3] merged=[1, 3]
65.9 fp=[1] true=[3] merged=[1, 3]
66.2 fp=[1] true=[3] merged=[1, 3]
66.5 fp=[1] true=[3] merged=[1, 3]
66.9 fp=[1] true=[3] merged=[1, 3]
67.2 fp=[1] true=[3] merged=[1, 3]
67.5 fp=[1] true=[3] merged=[1, 3]
67.8 fp=[1] true=[3] merged=[1, 3]
68.1 fp=[1] true=[3] merged=[1, 3]
68.4 fp=[1] true=[3] merged=[1, 3]
68.7 fp=[1] true=[3] merged=[1, 3]
69.1 fp=[1] true=[3] merged=[1, 3]
69.4 fp=[1] true=[3] merged=[1, 3]
69.7 fp=[1] true=[3] merged=[1, 3]
70.0 fp=[1] true=[3] merged=[1, 3]
70.3 fp=[1] true=[3] merged=[1, 3]
70.6 fp=[1] true=[3] merged=[1, 3]
70.9 fp=[1] true=[3] merged=[1, 3]
71.3 fp=[1] true=[3] merged=[1, 3]
71.6 fp=[1] true=[3] merged=[1, 3]
71.9 fp=[1] true=[3] merged=[1, 3]
72.2 fp=[1] true=[3] merged=[1, 3]
72.5 fp=[1] true=[3] merged=[1, 3]
72.9 fp=[1] true=[3] merged=[1, 3]
73.2 fp=[1] true=[3] merged=[1, 3]
73.5 fp=[1] true=[3] merged=[1, 3]
73.8 fp=[1] true=[3] merged=[1, 3]
74.1 fp=[1] true=[3] merged=[1, 3]
74.4 fp=[1] true=[3] merged=[1, 3]
74.8 fp=[1] true=[3] merged=[1, 3]
75.1 fp=[1] true=[3] merged=[1, 3]
75.4 fp=[1] true=[3] merged=[1, 3]
75.7 fp=[1] true=[3] merged=[1, 3]
76.0 fp=[1] true=[3] merged=[1, 3]
76.3 fp=[1] true=[3] merged=[1, 3]
76.7 fp=[1] true=[3] merged=[1, 3]
77.0 fp=[1] true=[3] merged=[1, 3]
77.3 fp=[1] true=[3] merged=[1, 3]
77.6 fp=[1] true=[3] merged=[1, 3]
77.9 fp=[1] true=[3] merged=[1, 3]
78.2 fp=[1] true=[3] merged=[1, 3]
78.6 fp=[1] true=[3] merged=[1, 3]
78.9 fp=[1] true=[3] merged=[1, 3]
79.2 fp=[1] true=[3] merged=[1, 3]
79.5 fp=[1] true=[3] merged=[1, 3]
79.8 fp=[1] true=[3] merged=[1, 3]
80.1 fp=[1] true=[3] merged=[1, 3]
80.5 fp=[1] true=[3] merged=[1, 3]
80.8 fp=[1] true=[3] merged=[1, 3]
81.1 fp=[1] true=[3] merged=[1, 3]
81.4 fp=[1] true=[3] merged=[1, 3]
81.7 fp=[1] true=[3] merged=[1, 3]
82.0 fp=[1] true=[3] merged=[1, 3]
82.4 fp=[1] true=[3] merged=[1, 3]
82.7 fp=[1] true=[3] merged=[1, 3]
83.0 fp=[1] true=[3] merged=[1, 3]
83.3 fp=[1] true=[3] merged=[1, 3]
83.6 fp=[1] true=[3] merged=[1, 3]
84.0 fp=[1] true=[3] merged=[1, 3]
84.3 fp=[1] true=[3] merged=[1, 3]
84.6 fp=[1] true=[3] merged=[1, 3]
84.9 fp=[1] true=[3] merged=[1, 3]
85.2 fp=[1] true=[3] merged=[1, 3]
85.5 fp=[1] true=[3] merged=[1, 3]
85.8 fp=[1] true=[3] merged=[1, 3]
86.1 fp=[1] true=[3] merged=[1, 3]
86.5 fp=[1] true=[3] merged=[1, 3]
86.8 fp=[1] true=[3] merged=[1, 3]
87.1 fp=[1] true=[3] merged=[1, 3]
87.4 fp=[1] true=[3] merged=[1, 3]
87.7 fp=[1] true=[3] merged=[1, 3]
88.0 fp=[1] true=[3] merged=[1, 3]
88.3 fp=[1] true=[3] merged=[1, 3]
88.7 fp=[1] true=[3] merged=[1, 3]
89.0 fp=[1] true=[3] merged=[1, 3]
89.3 fp=[1] true=[3] merged=[1, 3]
89.7 fp=[1] true=[3] merged=[1, 3]
90.0 fp=[1] true=[3] merged=[1, 3]
90.3 fp=[1] true=[3] merged=[1, 3]
90.6 fp=[1] true=[3] merged=[1, 3]
90.9 fp=[1] true=[3] merged=[1, 3]
91.2 fp=[1] true=[3] merged=[1, 3]
91.6 fp=[1] true=[3] merged=[1, 3]
91.9 fp=[1] true=[3] merged=[1, 3]
92.2 fp=[1] true=[3] merged=[1, 3]
92.5 fp=[1] true=[3] merged=[1, 3]
92.8 fp=[1] true=[3] merged=[1, 3]
93.1 fp=[1] true=[3] merged=[1, 3]
93.4 fp=[1] true=[3] merged=[1, 3]
93.8 fp=[1] true=[3] merged=[1, 3]
94.1 fp=[1] true=[3] merged=[1, 3]
94.4 fp=[1] true=[3] merged=[1, 3]
94.7 fp=[1] true=[3] merged=[1, 3]
95.0 fp=[1] true=[3] merged=[1, 3]
95.3 fp=[1] true=[3] merged=[1, 3]
95.6 fp=[1] true=[3] merged=[1, 3]
96.0 fp=[1] true=[3] merged=[1, 3]
96.3 fp=[1] true=[3] merged=[1, 3]
96.6 fp=[1] true=[3] merged=[1, 3]
96.9 fp=[1] true=[3] merged=[1, 3]
97.2 fp=[1] true=[3] merged=[1, 3]
97.5 fp=[1] true=[3] merged=[1, 3]
97.8 fp=[1] true=[3] merged=[1, 3]
98.2 fp=[5] true=[3] merged=[3, 5]
98.5 fp=[5] true=[3] merged=[3, 5]
98.8 fp=[5] true=[3] merged=[3, 5]
99.1 fp=[5] true=[3] merged=[3, 5]
99.4 fp=[5] true=[3] merged=[3, 5]
99.8 fp=[5] true=[3] merged=[3, 5]
100.1 fp=[5] true=[3] merged=[3, 5]
100.4 fp=[5] true=[3] merged=[3, 5]
100.7 fp=[5] true=[3] merged=[3, 5]
101.0 fp=[5] true=[3] merged=[3, 5]
101.3 fp=[5] true=[3] merged=[3, 5]
101.6 fp=[5] true=[3] merged=[3, 5]
102.0 fp=[5] true=[3] merged=[3, 5]
102.3 fp=[4] true=[3] merged=[3, 4]
102.6 fp=[4] true=[3] merged=[3, 4]
102.9 fp=[4] true=[3] merged=[3, 4]
103.2 fp=[4] true=[3] merged=[3, 4]
103.5 fp=[4] true=[3] merged=[3, 4]
103.8 fp=[4] true=[3] merged=[3, 4]
104.1 fp=[4] true=[3] merged=[3, 4]
104.5 fp=[4] true=[3] merged=[3, 4]
104.8 fp=[4] true=[3] merged=[3, 4]
105.1 fp=[4] true=[3] merged=[3, 4]
105.4 fp=[4] true=[3] merged=[3, 4]
105.7 fp=[4] true=[3] merged=[3, 4]
106.0 fp=[4] true=[3] merged=[3, 4]
106.4 fp=[4] true=[3] merged=[3, 4]
106.7 fp=[4] true=[3] merged=[3, 4]
107.0 fp=[4] true=[3] merged=[3, 4]
107.3 fp=[4] true=[3] merged=[3, 4]
107.6 fp=[4] true=[3] merged=[3, 4]
107.9 fp=[4] true=[3] merged=[3, 4]
108.2 fp=[4] true=[3] merged=[3, 4]
108.6 fp=[4] true=[3] merged=[3, 4]
108.9 fp=[4] true=[3] merged=[3, 4]
109.2 fp=[4] true=[3] merged=[3, 4]
109.5 fp=[4] true=[3] merged=[3, 4]
109.8 fp=[4] true=[3] merged=[3, 4]
110.1 fp=[4] true=[3] merged=[3, 4]
110.5 fp=[4] true=[3] merged=[3, 4]
110.8 fp=[4] true=[3] merged=[3, 4]
111.1 fp=[4] true=[3] merged=[3, 4]
111.4 fp=[4] true=[3] merged=[3, 4]
111.7 fp=[4] true=[3] merged=[3, 4]
112.0 fp=[4] true=[3] merged=[3, 4]
112.4 fp=[4] true=[3] merged=[3, 4]
112.7 fp=[4] true=[3] merged=[3, 4]
113.0 fp=[4] true=[3] merged=[3, 4]
113.3 fp=[4] true=[3] merged=[3, 4]
113.6 fp=[4] true=[3] merged=[3, 4]
114.0 fp=[4] true=[3] merged=[3, 4]
114.3 fp=[4] true=[3] merged=[3, 4]
114.6 fp=[4] true=[3] merged=[3, 4]
114.9 fp=[4] true=[3] merged=[3, 4]
115.2 fp=[4] true=[3] merged=[3, 4]
115.5 fp=[4] true=[3] merged=[3, 4]
115.8 fp=[4] true=[3] merged=[3, 4]
116.1 fp=[4] true=[3] merged=[3, 4]
116.4 fp=[4] true=[3] merged=[3, 4]
116.8 fp=[4] true=[3] merged=[3, 4]
117.1 fp=[4] true=[3] merged=[3, 4]
117.4 fp=[4] true=[3] merged=[3, 4]
117.7 fp=[4] true=[3] merged=[3, 4]
118.0 fp=[4] true=[3] merged=[3, 4]
118.3 fp=[4] true=[3] merged=[3, 4]
118.7 fp=[4] true=[3] merged=[3, 4]
119.0 fp=[4] true=[3] merged=[3, 4]
119.3 fp=[4] true=[3] merged=[3, 4]
119.6 fp=[4] true=[3] merged=[3, 4]
119.9 fp=[4] true=[3] merged=[3, 4]
120.2 fp=[4] true=[3] merged=[3, 4]
120.5 fp=[4] true=[3] merged=[3, 4]
120.9 fp=[4] true=[3] merged=[3, 4]
121.2 fp=[4] true=[3] merged=[3, 4]
121.5 fp=[4] true=[3] merged=[3, 4]
121.8 fp=[4] true=[3] merged=[3, 4]
122.1 fp=[5] true=[3] merged=[3, 5]
122.5 fp=[5] true=[3] merged=[3, 5]
122.8 fp=[5] true=[3] merged=[3, 5]
123.1 fp=[5] true=[3] merged=[3, 5]
123.4 fp=[5] true=[3] merged=[3, 5]
123.7 fp=[5] true=[3] merged=[3, 5]
124.0 fp=[5] true=[3] merged=[3, 5]
124.3 fp=[5] true=[3] merged=[3, 5]
124.7 fp=[5] true=[3] merged=[3, 5]
125.0 fp=[5] true=[3] merged=[3, 5]
125.3 fp=[5] true=[3] merged=[3, 5]
125.6 fp=[5] true=[3] merged=[3, 5]
125.9 fp=[5] true=[3] merged=[3, 5]
126.2 fp=[5] true=[3] merged=[3, 5]
126.5 fp=[5] true=[3] merged=[3, 5]
126.8 fp=[5] true=[3] merged=[3, 5]
127.2 fp=[5] true=[3] merged=[3, 5]
127.5 fp=[5] true=[3] merged=[3, 5]
127.8 fp=[5] true=[3] merged=[3, 5]
129.1 fp=[5] true=[3] merged=[3, 5]
129.4 fp=[5] true=[3] merged=[3, 5]
129.7 fp=[5] true=[3] merged=[3, 5]
130.0 fp=[5] true=[3] merged=[3, 5]
130.3 fp=[5] true=[3] merged=[3, 5]
130.7 fp=[5] true=[3] merged=[3, 5]
131.0 fp=[5] true=[3] merged=[3, 5]
131.3 fp=[5] true=[3] merged=[3, 5]
131.6 fp=[5] true=[3] merged=[3, 5]
131.9 fp=[5] true=[3] merged=[3, 5]
132.2 fp=[5] true=[3] merged=[3, 5]
132.5 fp=[5] true=[3] merged=[3, 5]
132.9 fp=[5] true=[3] merged=[3, 5]
133.2 fp=[5] true=[3] merged=[3, 5]
133.5 fp=[5] true=[3] merged=[3, 5]
133.8 fp=[5] true=[3] merged=[3, 5]
134.1 fp=[5] true=[3] merged=[3, 5]
134.4 fp=[5] true=[3] merged=[3, 5]
134.7 fp=[5] true=[3] merged=[3, 5]
135.1 fp=[5] true=[3] merged=[3, 5]
135.4 fp=[5] true=[3] merged=[3, 5]
135.7 fp=[5] true=[3] merged=[3, 5]
136.0 fp=[5] true=[3] merged=[3, 5]
136.3 fp=[5] true=[3] merged=[3, 5]
136.6 fp=[5] true=[3] merged=[3, 5]
136.9 fp=[5] true=[3] merged=[3, 5]
137.3 fp=[5] true=[3] merged=[3, 5]
137.6 fp=[5] true=[3] merged=[3, 5]
137.9 fp=[5] true=[3] merged=[3, 5]
138.2 fp=[5] true=[3] merged=[3, 5]
138.5 fp=[5] true=[3] merged=[3, 5]
138.8 fp=[5] true=[3] merged=[3, 5]
139.2 fp=[5] true=[3] merged=[3, 5]
139.5 fp=[5] true=[3] merged=[3, 5]
139.8 fp=[5] true=[3] merged=[3, 5]
140.1 fp=[5] true=[3] merged=[3, 5]
140.4 fp=[5] true=[3] merged=[3, 5]
140.7 fp=[5] true=[3] merged=[3, 5]
141.0 fp=[5] true=[3] merged=[3, 5]
141.3 fp=[5] true=[3] merged=[3, 5]
141.7 fp=[5] true=[3] merged=[3, 5]
142.0 fp=[5] true=[3] merged=[3, 5]
142.3 fp=[5] true=[3] merged=[3, 5]
142.6 fp=[5] true=[3] merged=[3, 5]
142.9 fp=[5] true=[3] merged=[3, 5]
143.2 fp=[5] true=[3] merged=[3, 5]
143.5 fp=[5] true=[3] merged=[3, 5]
143.8 fp=[5] true=[3] merged=[3, 5]
144.2 fp=[5] true=[3] merged=[3, 5]
144.5 fp=[5] true=[3] merged=[3, 5]
144.8 fp=[5] true=[3] merged=[3, 5]
145.1 fp=[5] true=[3] merged=[3, 5]
145.4 fp=[5] true=[3] merged=[3, 5]
145.8 fp=[5] true=[3] merged=[3, 5]
146.1 fp=[5] true=[3] merged=[3, 5]
146.4 fp=[5] true=[3] merged=[3, 5]
146.7 fp=[5] true=[3] merged=[3, 5]
147.0 fp=[5] true=[3] merged=[3, 5]
147.3 fp=[5] true=[3] merged=[3, 5]
147.6 fp=[5] true=[3] merged=[3, 5]
147.9 fp=[5] true=[3] merged=[3, 5]
148.3 fp=[5] true=[3] merged=[3, 5]
148.6 fp=[5] true=[3] merged=[3, 5]
148.9 fp=[5] true=[3] merged=[3, 5]
149.2 fp=[6] true=[3] merged=[3, 6]
149.5 fp=[6] true=[3] merged=[3, 6]
149.8 fp=[6] true=[3] merged=[3, 6]
150.1 fp=[6] true=[3] merged=[3, 6]
150.5 fp=[6] true=[3] merged=[3, 6]
150.8 fp=[6] true=[3] merged=[3, 6]
162.0 fp=[6] true=[3] merged=[3, 6]
162.3 fp=[6] true=[3] merged=[3, 6]
162.7 fp=[6] true=[3] merged=[3, 6]
163.0 fp=[6] true=[3] merged=[3, 6]
163.3 fp=[6] true=[3] merged=[3, 6]
163.6 fp=[6] true=[3] merged=[3, 6]
163.9 fp=[6] true=[3] merged=[3, 6]
164.2 fp=[6] true=[3] merged=[3, 6]
164.6 fp=[6] true=[3] merged=[3, 6]
164.9 fp=[6] true=[3] merged=[3, 6]
165.2 fp=[6] true=[3] merged=[3, 6]
165.5 fp=[6] true=[3] merged=[3, 6]
165.8 fp=[6] true=[3] merged=[3, 6]
166.2 fp=[6] true=[3] merged=[3, 6]
166.5 fp=[6] true=[3] merged=[3, 6]
166.8 fp=[6] true=[3] merged=[3, 6]
167.1 fp=[6] true=[3] merged=[3, 6]
167.4 fp=[6] true=[3] merged=[3, 6]
167.7 fp=[6] true=[3] merged=[3, 6]
168.0 fp=[6] true=[3] merged=[3, 6]
168.3 fp=[6] true=[3] merged=[3, 6]
168.7 fp=[6] true=[3] merged=[3, 6]
169.0 fp=[6] true=[3] merged=[3, 6]
169.3 fp=[6] true=[3] merged=[3, 6]
169.6 fp=[6] true=[3] merged=[3, 6]
169.9 fp=[6] true=[3] merged=[3, 6]
170.2 fp=[6] true=[3] merged=[3, 6]
170.5 fp=[6] true=[3] merged=[3, 6]
170.8 fp=[6] true=[3] merged=[3, 6]
171.2 fp=[6] true=[3] merged=[3, 6]
171.5 fp=[6] true=[3] merged=[3, 6]
171.8 fp=[6] true=[3] merged=[3, 6]
172.1 fp=[6] true=[3] merged=[3, 6]
172.4 fp=[6] true=[3] merged=[3, 6]
172.8 fp=[6] true=[3] merged=[3, 6]
173.1 fp=[6] true=[3] merged=[3, 6]
173.4 fp=[6] true=[3] merged=[3, 6]
173.7 fp=[6] true=[3] merged=[3, 6]
174.0 fp=[6] true=[3] merged=[3, 6]
174.3 fp=[6] true=[3] merged=[3, 6]
174.7 fp=[6] true=[3] merged=[3, 6]
175.0 fp=[6] true=[3] merged=[3, 6]
175.3 fp=[6] true=[3] merged=[3, 6]
175.6 fp=[6] true=[3] merged=[3, 6]
175.9 fp=[6] true=[3] merged=[3, 6]
176.2 fp=[6] true=[3] merged=[3, 6]
176.5 fp=[6] true=[3] merged=[3, 6]
176.9 fp=[6] true=[3] merged=[3, 6]
177.2 fp=[6] true=[3] merged=[3, 6]
177.5 fp=[6] true=[3] merged=[3, 6]
177.8 fp=[6] true=[3] merged=[3, 6]
178.2 fp=[6] true=[3] merged=[3, 6]
178.5 fp=[6] true=[3] merged=[3, 6]
178.8 fp=[6] true=[3] merged=[3, 6]
179.1 fp=[6] true=[3] merged=[3, 6]
179.4 fp=[6] true=[3] merged=[3, 6]
179.7 fp=[6] true=[3] merged=[3, 6]
180.0 fp=[6] true=[3] merged=[3, 6]
180.3 fp=[6] true=[3] merged=[3, 6]
180.7 fp=[6] true=[3] merged=[3, 6]
181.0 fp=[6] true=[3] merged=[3, 6]
181.3 fp=[6] true=[3] merged=[3, 6]
181.6 fp=[6] true=[3] merged=[3, 6]
181.9 fp=[6] true=[3] merged=[3, 6]
199.2 fp=[5] true=[3] merged=[3, 5]
199.5 fp=[5] true=[3] merged=[3, 5]
199.8 fp=[5] true=[3] merged=[3, 5]
200.1 fp=[5] true=[3] merged=[3, 5]
200.4 fp=[5] true=[3] merged=[3, 5]
200.8 fp=[5] true=[3] merged=[3, 5]
201.1 fp=[5] true=[3] merged=[3, 5]
201.4 fp=[5] true=[3] merged=[3, 5]
201.7 fp=[5] true=[3] merged=[3, 5]
202.0 fp=[5] true=[3] merged=[3, 5]
202.3 fp=[5] true=[3] merged=[3, 5]
202.7 fp=[5] true=[3] merged=[3, 5]
203.0 fp=[5] true=[3] merged=[3, 5]
203.3 fp=[5] true=[3] merged=[3, 5]
203.6 fp=[5] true=[3] merged=[3, 5]
203.9 fp=[5] true=[3] merged=[3, 5]
204.2 fp=[5] true=[3] merged=[3, 5]
204.5 fp=[5] true=[3] merged=[3, 5]
204.8 fp=[5] true=[3] merged=[3, 5]
205.1 fp=[5] true=[3] merged=[3, 5]
205.5 fp=[5] true=[3] merged=[3, 5]
205.8 fp=[5] true=[3] merged=[3, 5]
206.1 fp=[5] true=[3] merged=[3, 5]
206.4 fp=[5] true=[3] merged=[3, 5]
206.7 fp=[5] true=[3] merged=[3, 5]
207.1 fp=[5] true=[3] merged=[3, 5]
207.4 fp=[5] true=[3] merged=[3, 5]
207.7 fp=[5] true=[3] merged=[3, 5]
208.0 fp=[1] true=[3] merged=[1, 3]
208.3 fp=[1] true=[3] merged=[1, 3]
208.7 fp=[1] true=[3] merged=[1, 3]
209.0 fp=[1] true=[3] merged=[1, 3]
209.3 fp=[1] true=[3] merged=[1, 3]
209.6 fp=[1] true=[3] merged=[1, 3]
209.9 fp=[1] true=[3] merged=[1, 3]
210.2 fp=[1] true=[3] merged=[1, 3]
210.5 fp=[1] true=[3] merged=[1, 3]
210.9 fp=[1] true=[3] merged=[1, 3]
211.2 fp=[1] true=[3] merged=[1, 3]
211.5 fp=[1] true=[3] merged=[1, 3]
211.8 fp=[1] true=[3] merged=[1, 3]
212.1 fp=[1] true=[3] merged=[1, 3]
212.4 fp=[1] true=[3] merged=[1, 3]
212.7 fp=[1] true=[3] merged=[1, 3]
213.1 fp=[1] true=[3] merged=[1, 3]
213.4 fp=[1] true=[3] merged=[1, 3]
213.7 fp=[1] true=[3] merged=[1, 3]
214.0 fp=[1] true=[3] merged=[1, 3]
214.3 fp=[1] true=[3] merged=[1, 3]
214.6 fp=[1] true=[3] merged=[1, 3]
214.9 fp=[1] true=[3] merged=[1, 3]
215.2 fp=[1] true=[3] merged=[1, 3]
215.5 fp=[1] true=[3] merged=[1, 3]
215.9 fp=[1] true=[3] merged=[1, 3]
216.2 fp=[1] true=[3] merged=[1, 3]
216.5 fp=[1] true=[3] merged=[1, 3]
216.8 fp=[1] true=[3] merged=[1, 3]
217.1 fp=[1] true=[3] merged=[1, 3]
217.4 fp=[1] true=[3] merged=[1, 3]
217.7 fp=[1] true=[3] merged=[1, 3]
218.1 fp=[1] true=[3] merged=[1, 3]
218.4 fp=[1] true=[3] merged=[1, 3]
218.7 fp=[1] true=[3] merged=[1, 3]
219.0 fp=[1] true=[3] merged=[1, 3]
219.3 fp=[1] true=[3] merged=[1, 3]
219.6 fp=[1] true=[3] merged=[1, 3]
220.0 fp=[1] true=[3] merged=[1, 3]
220.3 fp=[1] true=[3] merged=[1, 3]
220.6 fp=[1] true=[3] merged=[1, 3]
220.9 fp=[1] true=[3] merged=[1, 3]
221.2 fp=[1] true=[3] merged=[1, 3]
221.5 fp=[1] true=[3] merged=[1, 3]
221.8 fp=[1] true=[3] merged=[1, 3]
222.1 fp=[1] true=[3] merged=[1, 3]
222.4 fp=[1] true=[3] merged=[1, 3]
222.8 fp=[1] true=[3] merged=[1, 3]
223.1 fp=[1] true=[3] merged=[1, 3]
223.4 fp=[1] true=[3] merged=[1, 3]
223.7 fp=[1] true=[3] merged=[1, 3]
224.0 fp=[1] true=[3] merged=[1, 3]
224.3 fp=[1] true=[3] merged=[1, 3]
224.7 fp=[1] true=[3] merged=[1, 3]
225.0 fp=[1] true=[3] merged=[1, 3]
225.3 fp=[1] true=[3] merged=[1, 3]
225.6 fp=[1] true=[3] merged=[1, 3]
225.9 fp=[1] true=[3] merged=[1, 3]
226.2 fp=[1] true=[3] merged=[1, 3]
226.5 fp=[1] true=[3] merged=[1, 3]
226.8 fp=[1] true=[3] merged=[1, 3]
227.2 fp=[1] true=[3] merged=[1, 3]
227.5 fp=[1] true=[3] merged=[1, 3]
227.8 fp=[1] true=[3] merged=[1, 3]
228.1 fp=[2] true=[3] merged=[2, 3]
228.4 fp=[2] true=[3] merged=[2, 3]
228.7 fp=[2] true=[3] merged=[2, 3]
229.0 fp=[2] true=[3] merged=[2, 3]
229.3 fp=[2] true=[3] merged=[2, 3]
229.7 fp=[2] true=[3] merged=[2, 3]
230.0 fp=[2] true=[3] merged=[2, 3]
230.3 fp=[2] true=[3] merged=[2, 3]
230.6 fp=[2] true=[3] merged=[2, 3]
230.9 fp=[2] true=[3] merged=[2, 3]
237.2 fp=[6] true=[3] merged=[3, 6]
237.5 fp=[6] true=[3] merged=[3, 6]
237.8 fp=[6] true=[3] merged=[3, 6]
238.1 fp=[6] true=[3] merged=[3, 6]
238.5 fp=[6] true=[3] merged=[3, 6]
238.8 fp=[6] true=[3] merged=[3, 6]
239.1 fp=[6] true=[3] merged=[3, 6]
239.4 fp=[6] true=[3] merged=[3, 6]
239.7 fp=[6] true=[3] merged=[3, 6]
240.0 fp=[6] true=[3] merged=[3, 6]
240.3 fp=[6] true=[3] merged=[3, 6]
240.7 fp=[6] true=[3] merged=[3, 6]
241.0 fp=[6] true=[3] merged=[3, 6]
241.3 fp=[6] true=[3] merged=[3, 6]
241.6 fp=[6] true=[3] merged=[3, 6]
241.9 fp=[6] true=[3] merged=[3, 6]
242.2 fp=[6] true=[3] merged=[3, 6]
242.5 fp=[6] true=[3] merged=[3, 6]
242.9 fp=[6] true=[3] merged=[3, 6]
243.2 fp=[6] true=[3] merged=[3, 6]
243.5 fp=[6] true=[3] merged=[3, 6]
243.8 fp=[6] true=[3] merged=[3, 6]
244.1 fp=[6] true=[3] merged=[3, 6]
244.4 fp=[6] true=[3] merged=[3, 6]
244.8 fp=[6] true=[3] merged=[3, 6]
245.1 fp=[6] true=[3] merged=[3, 6]
245.4 fp=[6] true=[3] merged=[3, 6]
245.7 fp=[6] true=[3] merged=[3, 6]
246.0 fp=[6] true=[3] merged=[3, 6]
246.3 fp=[6] true=[3] merged=[3, 6]
246.7 fp=[6] true=[3] merged=[3, 6]
247.0 fp=[6] true=[3] merged=[3, 6]
247.3 fp=[6] true=[3] merged=[3, 6]
247.6 fp=[6] true=[3] merged=[3, 6]
247.9 fp=[6] true=[3] merged=[3, 6]
248.2 fp=[6] true=[3] merged=[3, 6]
248.5 fp=[6] true=[3] merged=[3, 6]
248.8 fp=[6] true=[3] merged=[3, 6]
249.2 fp=[6] true=[3] merged=[3, 6]
249.5 fp=[6] true=[3] merged=[3, 6]
249.8 fp=[6] true=[3] merged=[3, 6]
250.1 fp=[6] true=[3] merged=[3, 6]
250.4 fp=[6] true=[3] merged=[3, 6]
250.7 fp=[6] true=[3] merged=[3, 6]
251.0 fp=[6] true=[3] merged=[3, 6]
251.4 fp=[6] true=[3] merged=[3, 6]
251.7 fp=[6] true=[3] merged=[3, 6]
252.0 fp=[6] true=[3] merged=[3, 6]
252.3 fp=[6] true=[3] merged=[3, 6]
252.6 fp=[6] true=[3] merged=[3, 6]
252.9 fp=[6] true=[3] merged=[3, 6]
253.3 fp=[6] true=[3] merged=[3, 6]
253.6 fp=[6] true=[3] merged=[3, 6]
253.9 fp=[6] true=[3] merged=[3, 6]
254.2 fp=[6] true=[3] merged=[3, 6]
254.5 fp=[6] true=[3] merged=[3, 6]
254.8 fp=[6] true=[3] merged=[3, 6]
255.1 fp=[6] true=[3] merged=[3, 6]
255.4 fp=[6] true=[3] merged=[3, 6]
255.7 fp=[6] true=[3] merged=[3, 6]
256.1 fp=[6] true=[3] merged=[3, 6]
256.4 fp=[6] true=[3] merged=[3, 6]
256.7 fp=[6] true=[3] merged=[3, 6]
257.0 fp=[6] true=[3] merged=[3, 6]
257.3 fp=[4] true=[3] merged=[3, 4]
257.6 fp=[4] true=[3] merged=[3, 4]
257.9 fp=[4] true=[3] merged=[3, 4]
258.2 fp=[4] true=[3] merged=[3, 4]
258.5 fp=[4] true=[3] merged=[3, 4]
258.9 fp=[4] true=[3] merged=[3, 4]
259.2 fp=[4] true=[3] merged=[3, 4]
259.5 fp=[4] true=[3] merged=[3, 4]
259.8 fp=[4] true=[3] merged=[3, 4]
260.1 fp=[4] true=[3] merged=[3, 4]
260.4 fp=[4] true=[3] merged=[3, 4]
260.7 fp=[4] true=[3] merged=[3, 4]
261.1 fp=[4] true=[3] merged=[3, 4]
261.4 fp=[4] true=[3] merged=[3, 4]
261.7 fp=[4] true=[3] merged=[3, 4]
262.0 fp=[4] true=[3] merged=[3, 4]
262.3 fp=[4] true=[3] merged=[3, 4]
262.6 fp=[4] true=[3] merged=[3, 4]
263.0 fp=[4] true=[3] merged=[3, 4]
263.3 fp=[4] true=[3] merged=[3, 4]
263.6 fp=[4] true=[3] merged=[3, 4]
263.9 fp=[4] true=[3] merged=[3, 4]
264.2 fp=[4] true=[3] merged=[3, 4]
264.5 fp=[4] true=[3] merged=[3, 4]
264.8 fp=[4] true=[3] merged=[3, 4]
265.2 fp=[4] true=[3] merged=[3, 4]
265.5 fp=[4] true=[3] merged=[3, 4]
265.8 fp=[4] true=[3] merged=[3, 4]
266.1 fp=[4] true=[3] merged=[3, 4]
266.5 fp=[4] true=[3] merged=[3, 4]
266.8 fp=[4] true=[3] merged=[3, 4]
267.1 fp=[4] true=[3] merged=[3, 4]
267.4 fp=[4] true=[3] merged=[3, 4]
267.7 fp=[4] true=[3] merged=[3, 4]
268.0 fp=[4] true=[3] merged=[3, 4]
268.3 fp=[4] true=[3] merged=[3, 4]
268.6 fp=[4] true=[3] merged=[3, 4]
269.0 fp=[4] true=[3] merged=[3, 4]
269.3 fp=[4] true=[3] merged=[3, 4]
269.6 fp=[4] true=[3] merged=[3, 4]
269.9 fp=[4] true=[3] merged=[3, 4]
270.2 fp=[1] true=[3] merged=[1, 3]
270.5 fp=[1] true=[3] merged=[1, 3]
270.8 fp=[1] true=[3] merged=[1, 3]
271.1 fp=[1] true=[3] merged=[1, 3]
271.5 fp=[1] true=[3] merged=[1, 3]
271.8 fp=[1] true=[3] merged=[1, 3]
272.1 fp=[1] true=[3] merged=[1, 3]
272.4 fp=[1] true=[3] merged=[1, 3]
272.7 fp=[1] true=[3] merged=[1, 3]
273.1 fp=[1] true=[3] merged=[1, 3]
273.4 fp=[1] true=[3] merged=[1, 3]
273.7 fp=[1] true=[3] merged=[1, 3]
274.0 fp=[1] true=[3] merged=[1, 3]
274.3 fp=[1] true=[3] merged=[1, 3]
274.7 fp=[1] true=[3] merged=[1, 3]
275.0 fp=[1] true=[3] merged=[1, 3]
275.3 fp=[1] true=[3] merged=[1, 3]
275.6 fp=[1] true=[3] merged=[1, 3]
275.9 fp=[1] true=[3] merged=[1, 3]
276.2 fp=[1] true=[3] merged=[1, 3]
276.5 fp=[1] true=[3] merged=[1, 3]
276.9 fp=[1] true=[3] merged=[1, 3]
277.2 fp=[1] true=[3] merged=[1, 3]
277.5 fp=[1] true=[3] merged=[1, 3]
277.8 fp=[1] true=[3] merged=[1, 3]
278.1 fp=[1] true=[3] merged=[1, 3]
278.4 fp=[1] true=[3] merged=[1, 3]
278.7 fp=[1] true=[3] merged=[1, 3]
279.1 fp=[1] true=[3] merged=[1, 3]
279.4 fp=[1] true=[3] merged=[1, 3]
279.7 fp=[1] true=[3] merged=[1, 3]
280.0 fp=[1] true=[3] merged=[1, 3]
280.3 fp=[1] true=[3] merged=[1, 3]
280.6 fp=[1] true=[3] merged=[1, 3]
281.0 fp=[1] true=[3] merged=[1, 3]
281.3 fp=[1] true=[3] merged=[1, 3]
281.6 fp=[1] true=[3] merged=[1, 3]
281.9 fp=[1] true=[3] merged=[1, 3]
282.2 fp=[1] true=[3] merged=[1, 3]
282.5 fp=[1] true=[3] merged=[1, 3]
282.9 fp=[1] true=[3] merged=[1, 3]
283.2 fp=[1] true=[3] merged=[1, 3]
283.5 fp=[1] true=[3] merged=[1, 3]
283.8 fp=[1] true=[3] merged=[1, 3]
284.1 fp=[1] true=[3] merged=[1, 3]
284.4 fp=[1] true=[3] merged=[1, 3]
284.8 fp=[1] true=[3] merged=[1, 3]
285.1 fp=[1] true=[3] merged=[1, 3]
285.4 fp=[1] true=[3] merged=[1, 3]
285.7 fp=[1] true=[3] merged=[1, 3]
286.0 fp=[1] true=[3] merged=[1, 3]
286.3 fp=[1] true=[3] merged=[1, 3]
286.6 fp=[1] true=[3] merged=[1, 3]
287.0 fp=[1] true=[3] merged=[1, 3]
287.3 fp=[1] true=[3] merged=[1, 3]
287.6 fp=[1] true=[3] merged=[1, 3]
287.9 fp=[1] true=[3] merged=[1, 3]
288.2 fp=[1] true=[3] merged=[1, 3]
288.6 fp=[1] true=[3] merged=[1, 3]
288.9 fp=[1] true=[3] merged=[1, 3]
289.2 fp=[1] true=[3] merged=[1, 3]
289.5 fp=[1] true=[3] merged=[1, 3]
289.9 fp=[1] true=[3] merged=[1, 3]
290.2 fp=[7] true=[3] merged=[3, 7]
290.5 fp=[7] true=[3] merged=[3, 7]
290.8 fp=[7] true=[3] merged=[3, 7]
291.1 fp=[7] true=[3] merged=[3, 7]
291.5 fp=[7] true=[3] merged=[3, 7]
291.8 fp=[7] true=[3] merged=[3, 7]
292.1 fp=[7] true=[3] merged=[3, 7]
292.4 fp=[7] true=[3] merged=[3, 7]
292.7 fp=[7] true=[3] merged=[3, 7]
293.0 fp=[7] true=[3] merged=[3, 7]
293.3 fp=[7] true=[3] merged=[3, 7]
293.7 fp=[7] true=[3] merged=[3, 7]
294.0 fp=[7] true=[3] merged=[3, 7]
294.3 fp=[7] true=[3] merged=[3, 7]
294.6 fp=[7] true=[3] merged=[3, 7]
294.9 fp=[7] true=[3] merged=[3, 7]
295.3 fp=[7] true=[3] merged=[3, 7]
295.6 fp=[7] true=[3] merged=[3, 7]
295.9 fp=[7] true=[3] merged=[3, 7]
296.2 fp=[7] true=[3] merged=[3, 7]
296.5 fp=[7] true=[3] merged=[3, 7]
296.8 fp=[7] true=[3] merged=[3, 7]
297.2 fp=[7] true=[3] merged=[3, 7]
297.5 fp=[7] true=[3] merged=[3, 7]
297.8 fp=[7] true=[3] merged=[3, 7]
298.1 fp=[7] true=[3] merged=[3, 7]
298.4 fp=[7] true=[3] merged=[3, 7]
298.7 fp=[7] true=[3] merged=[3, 7]
299.0 fp=[7] true=[3] merged=[3, 7]
299.4 fp=[7] true=[3] merged=[3, 7]
299.7 fp=[7] true=[3] merged=[3, 7]
300.0 fp=[7] true=[3] merged=[3, 7]
321.1 fp=[2] true=[3] merged=[2, 3]
321.4 fp=[2] true=[3] merged=[2, 3]
321.7 fp=[2] true=[3] merged=[2, 3]
322.0 fp=[2] true=[3] merged=[2, 3]
322.3 fp=[2] true=[3] merged=[2, 3]
322.7 fp=[2] true=[3] merged=[2, 3]
323.0 fp=[2] true=[3] merged=[2, 3]
323.3 fp=[2] true=[3] merged=[2, 3]
323.7 fp=[2] true=[3] merged=[2, 3]
324.0 fp=[2] true=[3] merged=[2, 3]
324.3 fp=[2] true=[3] merged=[2, 3]
324.6 fp=[2] true=[3] merged=[2, 3]
324.9 fp=[2] true=[3] merged=[2, 3]
325.3 fp=[2] true=[3] merged=[2, 3]
325.6 fp=[2] true=[3] merged=[2, 3]
325.9 fp=[2] true=[3] merged=[2, 3]
326.2 fp=[2] true=[3] merged=[2, 3]
326.5 fp=[2] true=[3] merged=[2, 3]
326.8 fp=[2] true=[3] merged=[2, 3]
327.1 fp=[2] true=[3] merged=[2, 3]
327.5 fp=[2] true=[3] merged=[2, 3]
327.8 fp=[2] true=[3] merged=[2, 3]
328.1 fp=[2] true=[3] merged=[2, 3]
328.4 fp=[2] true=[3] merged=[2, 3]
328.7 fp=[2] true=[3] merged=[2, 3]
329.0 fp=[2] true=[3] merged=[2, 3]
329.3 fp=[2] true=[3] merged=[2, 3]
329.7 fp=[2] true=[3] merged=[2, 3]
330.0 fp=[2] true=[3] merged=[2, 3]
330.3 fp=[2] true=[3] merged=[2, 3]
330.6 fp=[2] true=[3] merged=[2, 3]
330.9 fp=[2] true=[3] merged=[2, 3]
331.2 fp=[2] true=[3] merged=[2, 3]
331.5 fp=[2] true=[3] merged=[2, 3]
331.9 fp=[2] true=[3] merged=[2, 3]
332.2 fp=[2] true=[3] merged=[2, 3]
332.5 fp=[2] true=[3] merged=[2, 3]
332.8 fp=[2] true=[3] merged=[2, 3]
333.1 fp=[2] true=[3] merged=[2, 3]
333.4 fp=[2] true=[3] merged=[2, 3]
333.7 fp=[2] true=[3] merged=[2, 3]
334.1 fp=[2] true=[3] merged=[2, 3]
334.4 fp=[2] true=[3] merged=[2, 3]
334.7 fp=[2] true=[3] merged=[2, 3]
335.0 fp=[2] true=[3] merged=[2, 3]
335.3 fp=[2] true=[3] merged=[2, 3]
335.6 fp=[2] true=[3] merged=[2, 3]
335.9 fp=[2] true=[3] merged=[2, 3]
336.2 fp=[2] true=[3] merged=[2, 3]
336.5 fp=[2] true=[3] merged=[2, 3]
336.8 fp=[2] true=[3] merged=[2, 3]
337.1 fp=[2] true=[3] merged=[2, 3]
337.5 fp=[2] true=[3] merged=[2, 3]
337.8 fp=[2] true=[3] merged=[2, 3]
338.1 fp=[2] true=[3] merged=[2, 3]
338.4 fp=[2] true=[3] merged=[2, 3]
338.7 fp=[2] true=[3] merged=[2, 3]
339.0 fp=[1] true=[3] merged=[1, 3]
339.4 fp=[1] true=[3] merged=[1, 3]
339.7 fp=[1] true=[3] merged=[1, 3]
340.0 fp=[1] true=[3] merged=[1, 3]
340.3 fp=[1] true=[3] merged=[1, 3]
340.6 fp=[1] true=[3] merged=[1, 3]
340.9 fp=[1] true=[3] merged=[1, 3]
341.3 fp=[1] true=[3] merged=[1, 3]
341.6 fp=[1] true=[3] merged=[1, 3]
341.9 fp=[1] true=[3] merged=[1, 3]
342.2 fp=[1] true=[3] merged=[1, 3]
342.5 fp=[1] true=[3] merged=[1, 3]
342.8 fp=[1] true=[3] merged=[1, 3]
343.1 fp=[1] true=[3] merged=[1, 3]
343.4 fp=[1] true=[3] merged=[1, 3]
343.8 fp=[1] true=[3] merged=[1, 3]
344.1 fp=[1] true=[3] merged=[1, 3]
344.4 fp=[1] true=[3] merged=[1, 3]
344.7 fp=[1] true=[3] merged=[1, 3]
345.0 fp=[1] true=[3] merged=[1, 3]
345.3 fp=[1] true=[3] merged=[1, 3]
345.6 fp=[1] true=[3] merged=[1, 3]
346.0 fp=[1] true=[3] merged=[1, 3]
346.3 fp=[1] true=[3] merged=[1, 3]
346.6 fp=[1] true=[3] merged=[1, 3]
346.9 fp=[1] true=[3] merged=[1, 3]
347.2 fp=[1] true=[3] merged=[1, 3]
347.6 fp=[1] true=[3] merged=[1, 3]
347.9 fp=[1] true=[3] merged=[1, 3]
348.2 fp=[1] true=[3] merged=[1, 3]
348.5 fp=[1] true=[3] merged=[1, 3]
348.8 fp=[1] true=[3] merged=[1, 3]
349.1 fp=[1] true=[3] merged=[1, 3]
349.5 fp=[1] true=[3] merged=[1, 3]
349.8 fp=[1] true=[3] merged=[1, 3]
350.1 fp=[1] true=[3] merged=[1, 3]
350.4 fp=[1] true=[3] merged=[1, 3]
350.7 fp=[1] true=[3] merged=[1, 3]
351.0 fp=[1] true=[3] merged=[1, 3]
351.3 fp=[1] true=[3] merged=[1, 3]
351.6 fp=[1] true=[3] merged=[1, 3]
351.9 fp=[1] true=[3] merged=[1, 3]
352.3 fp=[1] true=[3] merged=[1, 3]
352.6 fp=[1] true=[3] merged=[1, 3]
352.9 fp=[1] true=[3] merged=[1, 3]
353.3 fp=[1] true=[3] merged=[1, 3]
353.6 fp=[1] true=[3] merged=[1, 3]
353.9 fp=[1] true=[3] merged=[1, 3]
354.2 fp=[1] true=[3] merged=[1, 3]
354.5 fp=[1] true=[3] merged=[1, 3]
354.8 fp=[1] true=[3] merged=[1, 3]
355.2 fp=[1] true=[3] merged=[1, 3]
355.5 fp=[1] true=[3] merged=[1, 3]
355.8 fp=[1] true=[3] merged=[1, 3]
356.1 fp=[1] true=[3] merged=[1, 3]
356.4 fp=[1] true=[3] merged=[1, 3]
356.7 fp=[1] true=[3] merged=[1, 3]
357.0 fp=[1] true=[3] merged=[1, 3]
357.4 fp=[1] true=[3] merged=[1, 3]
357.7 fp=[1] true=[3] merged=[1, 3]
358.0 fp=[1] true=[3] merged=[1, 3]
358.3 fp=[1] true=[3] merged=[1, 3]
358.6 fp=[1] true=[3] merged=[1, 3]
358.9 fp=[1] true=[3] merged=[1, 3]
359.3 fp=[1] true=[3] merged=[1, 3]
359.6 fp=[1] true=[3] merged=[1, 3]
359.9 fp=[1] true=[3] merged=[1, 3]
360.2 fp=[1] true=[3] merged=[1, 3]
360.5 fp=[1] true=[3] merged=[1, 3]
360.8 fp=[1] true=[3] merged=[1, 3]
361.1 fp=[1] true=[3] merged=[1, 3]
361.4 fp=[1] true=[3] merged=[1, 3]
361.8 fp=[1] true=[3] merged=[1, 3]
362.1 fp=[1] true=[3] merged=[1, 3]
362.4 fp=[1] true=[3] merged=[1, 3]
362.7 fp=[1] true=[3] merged=[1, 3]
363.0 fp=[1] true=[3] merged=[1, 3]
363.3 fp=[1] true=[3] merged=[1, 3]
363.6 fp=[1] true=[3] merged=[1, 3]
363.9 fp=[1] true=[3] merged=[1, 3]
364.3 fp=[1] true=[3] merged=[1, 3]
364.6 fp=[1] true=[3] merged=[1, 3]
364.9 fp=[1] true=[3] merged=[1, 3]
365.2 fp=[1] true=[3] merged=[1, 3]
365.5 fp=[1] true=[3] merged=[1, 3]
365.8 fp=[1] true=[3] merged=[1, 3]
366.1 fp=[1] true=[3] merged=[1, 3]
366.5 fp=[1] true=[3] merged=[1, 3]
366.8 fp=[1] true=[3] merged=[1, 3]
367.1 fp=[1] true=[3] merged=[1, 3]
367.4 fp=[1] true=[3] merged=[1, 3]
367.7 fp=[1] true=[3] merged=[1, 3]
368.0 fp=[1] true=[3] merged=[1, 3]
368.3 fp=[1] true=[3] merged=[1, 3]
368.7 fp=[1] true=[3] merged=[1, 3]
369.0 fp=[1] true=[3] merged=[1, 3]
369.3 fp=[1] true=[3] merged=[1, 3]
369.6 fp=[1] true=[3] merged=[1, 3]
369.9 fp=[1] true=[3] merged=[1, 3]
370.2 fp=[1] true=[3] merged=[1, 3]
370.6 fp=[1] true=[3] merged=[1, 3]
370.9 fp=[1] true=[3] merged=[1, 3]
371.2 fp=[1] true=[3] merged=[1, 3]
371.5 fp=[1] true=[3] merged=[1, 3]
371.8 fp=[1] true=[3] merged=[1, 3]
372.1 fp=[1] true=[3] merged=[1, 3]
372.4 fp=[1] true=[3] merged=[1, 3]
372.8 fp=[1] true=[3] merged=[1, 3]
373.1 fp=[1] true=[3] merged=[1, 3]
373.4 fp=[1] true=[3] merged=[1, 3]
373.7 fp=[1] true=[3] merged=[1, 3]
374.0 fp=[4] true=[3] merged=[3, 4]
374.3 fp=[4] true=[3] merged=[3, 4]
374.7 fp=[4] true=[3] merged=[3, 4]
375.0 fp=[4] true=[3] merged=[3, 4]
375.3 fp=[4] true=[3] merged=[3, 4]
375.6 fp=[4] true=[3] merged=[3, 4]
376.0 fp=[4] true=[3] merged=[3, 4]
376.3 fp=[4] true=[3] merged=[3, 4]
376.6 fp=[4] true=[3] merged=[3, 4]
376.9 fp=[4] true=[3] merged=[3, 4]
377.2 fp=[4] true=[3] merged=[3, 4]
377.6 fp=[4] true=[3] merged=[3, 4]
377.9 fp=[4] true=[3] merged=[3, 4]
378.2 fp=[4] true=[3] merged=[3, 4]
378.5 fp=[4] true=[3] merged=[3, 4]
378.8 fp=[4] true=[3] merged=[3, 4]
379.1 fp=[5] true=[3] merged=[3, 5]
379.5 fp=[5] true=[3] merged=[3, 5]
379.8 fp=[5] true=[3] merged=[3, 5]
380.1 fp=[1] true=[3] merged=[1, 3]
380.4 fp=[1] true=[3] merged=[1, 3]
380.7 fp=[1] true=[3] merged=[1, 3]
381.0 fp=[1] true=[3] merged=[1, 3]
381.3 fp=[1] true=[3] merged=[1, 3]
381.7 fp=[1] true=[3] merged=[1, 3]
382.0 fp=[1] true=[3] merged=[1, 3]
382.3 fp=[1] true=[3] merged=[1, 3]
382.6 fp=[1] true=[3] merged=[1, 3]
382.9 fp=[1] true=[3] merged=[1, 3]
383.2 fp=[1] true=[3] merged=[1, 3]
383.5 fp=[1] true=[3] merged=[1, 3]
383.9 fp=[1] true=[3] merged=[1, 3]
384.2 fp=[1] true=[3] merged=[1, 3]
384.5 fp=[1] true=[3] merged=[1, 3]
384.8 fp=[1] true=[3] merged=[1, 3]
385.1 fp=[1] true=[3] merged=[1, 3]
385.4 fp=[1] true=[3] merged=[1, 3]
385.8 fp=[1] true=[3] merged=[1, 3]
386.1 fp=[1] true=[3] merged=[1, 3]
386.4 fp=[1] true=[3] merged=[1, 3]
386.7 fp=[1] true=[3] merged=[1, 3]
387.0 fp=[1] true=[3] merged=[1, 3]
387.3 fp=[1] true=[3] merged=[1, 3]
387.6 fp=[1] true=[3] merged=[1, 3]
