# start rate=10 seed=1 dur=420 n=7 target=3 events=43
2.2 fp=[1] true=[3] merged=[1, 3]
2.5 fp=[1] true=[3] merged=[1, 3]
2.8 fp=[1] true=[3] merged=[1, 3]
3.1 fp=[1] true=[3] merged=[1, 3]
3.4 fp=[1] true=[3] merged=[1, 3]
3.8 fp=[1] true=[3] merged=[1, 3]
4.1 fp=[1] true=[3] merged=[1, 3]
4.4 fp=[1] true=[3] merged=[1, 3]
4.7 fp=[1] true=[3] merged=[1, 3]
5.0 fp=[1] true=[3] merged=[1, 3]
5.4 fp=[1] true=[3] merged=[1, 3]
5.7 fp=[1] true=[3] merged=[1, 3]
6.0 fp=[1] true=[3] merged=[1, 3]
6.3 fp=[1] true=[3] merged=[1, 3]
6.6 fp=[1] true=[3] merged=[1, 3]
6.9 fp=[1] true=[3] merged=[1, 3]
7.2 fp=[1] true=[3] merged=[1, 3]
7.6 fp=[1] true=[3] merged=[1, 3]
7.9 fp=[1] true=[3] merged=[1, 3]
8.2 fp=[1] true=[3] merged=[1, 3]
8.5 fp=[1] true=[3] merged=[1, 3]
8.8 fp=[1] true=[3] merged=[1, 3]
9.1 fp=[1] true=[3] merged=[1, 3]
9.4 fp=[1] true=[3] merged=[1, 3]
9.7 fp=[1] true=[3] merged=[1, 3]
10.1 fp=[1] true=[3] merged=[1, 3]
10.4 fp=[1] true=[3] merged=[1, 3]
10.7 fp=[1] true=[3] merged=[1, 3]
11.0 fp=[1] true=[3] merged=[1, 3]
11.3 fp=[1] true=[3] merged=[1, 3]
11.6 fp=[1] true=[3] merged=[1, 3]
11.9 fp=[1] true=[3] merged=[1, 3]
12.2 fp=[1] true=[3] merged=[1, 3]
12.5 fp=[1] true=[3] merged=[1, 3]
12.8 fp=[1] true=[3] merged=[1, 3]
13.2 fp=[1] true=[3] merged=[1, 3]
13.5 fp=[1] true=[3] merged=[1, 3]
13.8 fp=[1] true=[3] merged=[1, 3]
14.1 fp=[1] true=[3] merged=[1, 3]
14.4 fp=[1] true=[3] merged=[1, 3]
14.7 fp=[1] true=[3] merged=[1, 3]
15.1 fp=[1] true=[3] merged=[1, 3]
15.4 fp=[1] true=[3] merged=[1, 3]
15.7 fp=[1] true=[3] merged=[1, 3]
16.0 fp=[1] true=[3] merged=[1, 3]
16.3 fp=[1] true=[3] merged=[1, 3]
16.6 fp=[1] true=[3] merged=[1, 3]
16.9 fp=[1] true=[3] merged=[1, 3]
17.2 fp=[1] true=[3] merged=[1, 3]
17.6 fp=[1] true=[3] merged=[1, 3]
17.9 fp=[1] true=[3] merged=[1, 3]
18.2 fp=[1] true=[3] merged=[1, 3]
18.5 fp=[1] true=[3] merged=[1, 3]
18.8 fp=[1] true=[3] merged=[1, 3]
19.1 fp=[1] true=[3] merged=[1, 3]
19.4 fp=[1] true=[3] merged=[1, 3]
19.8 fp=[1] true=[3] merged=[1, 3]
20.1 fp=[1] true=[3] merged=[1, 3]
20.4 fp=[1] true=[3] merged=[1, 3]
20.7 fp=[1] true=[3] merged=[1, 3]
21.0 fp=[1] true=[3] merged=[1, 3]
21.3 fp=[1] true=[3] merged=[1, 3]
21.6 fp=[1] true=[3] merged=[1, 3]
21.9 fp=[1] true=[3] merged=[1, 3]
22.2 fp=[1] true=[3] merged=[1, 3]
22.6 fp=[1] true=[3] merged=[1, 3]
22.9 fp=[1] true=[3] merged=[1, 3]
23.2 fp=[1] true=[3] merged=[1, 3]
23.5 fp=[1] true=[3] merged=[1, 3]
23.8 fp=[1] true=[3] merged=[1, 3]
24.1 fp=[1] true=[3] merged=[1, 3]
24.4 fp=[1] true=[3] merged=[1, 3]
24.7 fp=[1] true=[3] merged=[1, 3]
25.0 fp=[1] true=[3] merged=[1, 3]
25.4 fp=[1] true=[3] merged=[1, 3]
25.7 fp=[1] true=[3] merged=[1, 3]
26.0 fp=[1] true=[3] merged=[1, 3]
26.3 fp=[1] true=[3] merged=[1, 3]
26.6 fp=[1] true=[3] merged=[1, 3]
26.9 fp=[1] true=[3] merged=[1, 3]
27.2 fp=[1] true=[3] merged=[1, 3]
27.5 fp=[1] true=[3] merged=[1, 3]
27.9 fp=[1] true=[3] merged=[1, 3]
28.2 fp=[1] true=[3] merged=[1, 3]
28.5 fp=[1] true=[3] merged=[1, 3]
28.8 fp=[1] true=[3] merged=[1, 3]
29.1 fp=[1] true=[3] merged=[1, 3]
29.4 fp=[1] true=[3] merged=[1, 3]
29.7 fp=[1] true=[3] merged=[1, 3]
30.0 fp=[1] true=[3] merged=[1, 3]
30.3 fp=[1] true=[3] merged=[1, 3]
30.7 fp=[1] true=[3] merged=[1, 3]
31.0 fp=[1] true=[3] merged=[1, 3]
31.3 fp=[1] true=[3] merged=[1, 3]
31.6 fp=[1] true=[3] merged=[1, 3]
31.9 fp=[1] true=[3] merged=[1, 3]
32.2 fp=[1] true=[3] merged=[1, 3]
32.5 fp=[1] true=[3] merged=[1, 3]
32.8 fp=[1] true=[3] merged=[1, 3]
33.1 fp=[1] true=[3] merged=[1, 3]
33.4 fp=[1] true=[3] merged=[1, 3]
33.7 fp=[1] true=[3] merged=[1, 3]
34.1 fp=[1] true=[3] merged=[1, 3]
34.4 fp=[1] true=[3] merged=[1, 3]
34.7 fp=[1] true=[3] merged=[1, 3]
35.0 fp=[1] true=[3] merged=[1, 3]
35.3 fp=[1] true=[3] merged=[1, 3]
35.7 fp=[1] true=[3] merged=[1, 3]
36.0 fp=[1] true=[3] merged=[1, 3]
36.3 fp=[1] true=[3] merged=[1, 3]
36.6 fp=[1] true=[3] merged=[1, 3]
36.9 fp=[1] true=[3] merged=[1, 3]
37.2 fp=[1] true=[3] merged=[1, 3]
37.5 fp=[1] true=[3] merged=[1, 3]
37.8 fp=[1] true=[3] merged=[1, 3]
38.2 fp=[1] true=[3] merged=[1, 3]
38.5 fp=[1] true=[3] merged=[1, 3]
38.8 fp=[1] true=[3] merged=[1, 3]
39.1 fp=[1] true=[3] merged=[1, 3]
39.4 fp=[1] true=[3] merged=[1, 3]
39.7 fp=[1] true=[3] merged=[1, 3]
40.0 fp=[1] true=[3] merged=[1, 3]
40.3 fp=[1] true=[3] merged=[1, 3]
40.6 fp=[1] true=[3] merged=[1, 3]
41.0 fp=[1] true=[3] merged=[1, 3]
41.3 fp=[7] true=[3] merged=[3, 7]
41.6 fp=[7] true=[3] merged=[3, 7]
41.9 fp=[7] true=[3] merged=[3, 7]
42.2 fp=[7] true=[3] merged=[3, 7]
42.5 fp=[7] true=[3] merged=[3, 7]
42.8 fp=[7] true=[3] merged=[3, 7]
43.2 fp=[7] true=[3] merged=[3, 7]
43.5 fp=[7] true=[3] merged=[3, 7]
43.8 fp=[7] true=[3] merged=[3, 7]
44.1 fp=[7] true=[3] merged=[3, 7]
44.4 fp=[7] true=[3] merged=[3, 7]
44.7 fp=[7] true=[3] merged=[3, 7]
45.0 fp=[7] true=[3] merged=[3, 7]
45.3 fp=[7] true=[3] merged=[3, 7]
45.7 fp=[7] true=[3] merged=[3, 7]
46.0 fp=[7] true=[3] merged=[3, 7]
46.3 fp=[7] true=[3] merged=[3, 7]
46.6 fp=[7] true=[3] merged=[3, 7]
46.9 fp=[7] true=[3] merged=[3, 7]
47.2 fp=[7] true=[3] merged=[3, 7]
47.5 fp=[7] true=[3] merged=[3, 7]
47.8 fp=[7] true=[3] merged=[3, 7]
48.2 fp=[7] true=[3] merged=[3, 7]
48.5 fp=[7] true=[3] merged=[3, 7]
48.8 fp=[7] true=[3] merged=[3, 7]
49.1 fp=[7] true=[3] merged=[3, 7]
49.4 fp=[7] true=[3] merged=[3, 7]
49.7 fp=[7] true=[3] merged=[3, 7]
50.0 fp=[7] true=[3] merged=[3, 7]
50.3 fp=[7] true=[3] merged=[3, 7]
50.6 fp=[7] true=[3] merged=[3, 7]
51.0 fp=[7] true=[3] merged=[3, 7]
51.3 fp=[7] true=[3] merged=[3, 7]
51.6 fp=[7] true=[3] merged=[3, 7]
51.9 fp=[7] true=[3] merged=[3, 7]
52.2 fp=[7] true=[3] merged=[3, 7]
52.5 fp=[7] true=[3] merged=[3, 7]
52.8 fp=[7] true=[3] merged=[3, 7]
53.1 fp=[7] true=[3] merged=[3, 7]
53.4 fp=[7] true=[3] merged=[3, 7]
53.8 fp=[7] true=[3] merged=[3, 7]
54.1 fp=[7] true=[3] merged=[3, 7]
54.4 fp=[7] true=[3] merged=[3, 7]
54.7 fp=[7] true=[3] merged=[3, 7]
55.0 fp=[7] true=[3] merged=[3, 7]
55.3 fp=[4] true=[3] merged=[3, 4]
55.6 fp=[4] true=[3] merged=[3, 4]
55.9 fp=[4] true=[3] merged=[3, 4]
56.2 fp=[2] true=[3] merged=[2, 3]
56.6 fp=[2] true=[3] merged=[2, 3]
56.9 fp=[2] true=[3] merged=[2, 3]
57.2 fp=[2] true=[3] merged=[2, 3]
57.5 fp=[2] true=[3] merged=[2, 3]
57.8 fp=[2] true=[3] merged=[2, 3]
58.1 fp=[2] true=[3] merged=[2, 3]
58.4 fp=[2] true=[3] merged=[2, 3]
58.7 fp=[2] true=[3] merged=[2, 3]
59.0 fp=[2] true=[3] merged=[2, 3]
59.3 fp=[2] true=[3] merged=[2, 3]
59.7 fp=[2] true=[3] merged=[2, 3]
60.0 fp=[2] true=[3] merged=[2, 3]
60.3 fp=[2] true=[3] merged=[2, 3]
60.6 fp=[2] true=[3] merged=[2, 3]
60.9 fp=[2] true=[3] merged=[2, 3]
61.3 fp=[2] true=[3] merged=[2, 3]
61.6 fp=[2] true=[3] merged=[2, 3]
61.9 fp=[2] true=[3] merged=[2, 3]
62.2 fp=[2] true=[3] merged=[2, 3]
62.5 fp=[2] true=[3] merged=[2, 3]
62.8 fp=[2] true=[3] merged=[2, 3]
63.1 fp=[2] true=[3] merged=[2, 3]
63.4 fp=[2] true=[3] merged=[2, 3]
63.7 fp=[2] true=[3] merged=[2, 3]
64.0 fp=[1] true=[3] merged=[1, 3]
64.4 fp=[1] true=[3] merged=[1, 3]
64.7 fp=[1] true=[3] merged=[1, 3]
65.0 fp=[1] true=[3] merged=[1, 3]
65.3 fp=[1] true=[3] merged=[1, 3]
65.6 fp=[1] true=[3] merged=[1, 3]
65.9 fp=[1] true=[3] merged=[1, 3]
66.3 fp=[1] true=[3] merged=[1, 3]
66.6 fp=[1] true=[3] merged=[1, 3]
66.9 fp=[1] true=[3] merged=[1, 3]
67.2 fp=[1] true=[3] merged=[1, 3]
67.5 fp=[1] true=[3] merged=[1, 3]
67.8 fp=[1] true=[3] merged=[1, 3]
68.2 fp=[1] true=[3] merged=[1, 3]
68.5 fp=[1] true=[3] merged=[1, 3]
68.8 fp=[1] true=[3] merged=[1, 3]
69.1 fp=[1] true=[3] merged=[1, 3]
69.4 fp=[1] true=[3] merged=[1, 3]
69.7 fp=[1] true=[3] merged=[1, 3]
70.0 fp=[1] true=[3] merged=[1, 3]
70.3 fp=[1] true=[3] merged=[1, 3]
70.6 fp=[1] true=[3] merged=[1, 3]
70.9 fp=[1] true=[3] merged=[1, 3]
71.3 fp=[1] true=[3] merged=[1, 3]
71.6 fp=[1] true=[3] merged=[1, 3]
71.9 fp=[1] true=[3] merged=[1, 3]
72.2 fp=[1] true=[3] merged=[1, 3]
72.5 fp=[1] true=[3] merged=[1, 3]
72.8 fp=[1] true=[3] merged=[1, 3]
73.1 fp=[1] true=[3] merged=[1, 3]
73.4 fp=[1] true=[3] merged=[1, 3]
73.8 fp=[1] true=[3] merged=[1, 3]
74.1 fp=[1] true=[3] merged=[1, 3]
74.4 fp=[1] true=[3] merged=[1, 3]
74.7 fp=[1] true=[3] merged=[1, 3]
75.0 fp=[1] true=[3] merged=[1, 3]
75.4 fp=[1] true=[3] merged=[1, 3]
75.7 fp=[1] true=[3] merged=[1, 3]
76.0 fp=[1] true=[3] merged=[1, 3]
76.3 fp=[1] true=[3] merged=[1, 3]
76.6 fp=[1] true=[3] merged=[1, 3]
76.9 fp=[1] true=[3] merged=[1, 3]
77.2 fp=[1] true=[3] merged=[1, 3]
77.5 fp=[1] true=[3] merged=[1, 3]
77.8 fp=[1] true=[3] merged=[1, 3]
78.1 fp=[1] true=[3] merged=[1, 3]
78.5 fp=[1] true=[3] merged=[1, 3]
78.8 fp=[1] true=[3] merged=[1, 3]
79.1 fp=[1] true=[3] merged=[1, 3]
79.4 fp=[1] true=[3] merged=[1, 3]
79.7 fp=[1] true=[3] merged=[1, 3]
80.0 fp=[1] true=[3] merged=[1, 3]
80.3 fp=[1] true=[3] merged=[1, 3]
80.6 fp=[1] true=[3] merged=[1, 3]
81.0 fp=[1] true=[3] merged=[1, 3]
81.3 fp=[1] true=[3] merged=[1, 3]
81.6 fp=[1] true=[3] merged=[1, 3]
81.9 fp=[1] true=[3] merged=[1, 3]
82.2 fp=[1] true=[3] merged=[1, 3]
82.5 fp=[1] true=[3] merged=[1, 3]
82.8 fp=[1] true=[3] merged=[1, 3]
83.1 fp=[1] true=[3] merged=[1, 3]
83.5 fp=[1] true=[3] merged=[1, 3]
83.8 fp=[1] true=[3] merged=[1, 3]
84.1 fp=[1] true=[3] merged=[1, 3]
84.4 fp=[1] true=[3] merged=[1, 3]
84.7 fp=[1] true=[3] merged=[1, 3]
85.0 fp=[1] true=[3] merged=[1, 3]
85.3 fp=[1] true=[3] merged=[1, 3]
85.7 fp=[1] true=[3] merged=[1, 3]
86.0 fp=[1] true=[3] merged=[1, 3]
86.3 fp=[1] true=[3] merged=[1, 3]
86.6 fp=[1] true=[3] merged=[1, 3]
86.9 fp=[1] true=[3] merged=[1, 3]
87.2 fp=[1] true=[3] merged=[1, 3]
87.5 fp=[1] true=[3] merged=[1, 3]
87.9 fp=[1] true=[3] merged=[1, 3]
88.2 fp=[1] true=[3] merged=[1, 3]
88.5 fp=[1] true=[3] merged=[1, 3]
88.8 fp=[1] true=[3] merged=[1, 3]
89.1 fp=[1] true=[3] merged=[1, 3]
89.4 fp=[1] true=[3] merged=[1, 3]
89.7 fp=[1] true=[3] merged=[1, 3]
90.1 fp=[1] true=[3] merged=[1, 3]
90.4 fp=[1] true=[3] merged=[1, 3]
90.7 fp=[1] true=[3] merged=[1, 3]
91.0 fp=[1] true=[3] merged=[1, 3]
91.3 fp=[1] true=[3] merged=[1, 3]
91.6 fp=[1] true=[3] merged=[1, 3]
91.9 fp=[1] true=[3] merged=[1, 3]
92.2 fp=[1] true=[3] merged=[1, 3]
92.5 fp=[1] true=[3] merged=[1, 3]
92.9 fp=[1] true=[3] merged=[1, 3]
93.2 fp=[1] true=[3] merged=[1, 3]
93.5 fp=[1] true=[3] merged=[1, 3]
93.8 fp=[1] true=[3] merged=[1, 3]
94.1 fp=[1] true=[3] merged=[1, 3]
94.4 fp=[1] true=[3] merged=[1, 3]
94.7 fp=[1] true=[3] merged=[1, 3]
95.0 fp=[1] true=[3] merged=[1, 3]
95.4 fp=[1] true=[3] merged=[1, 3]
95.7 fp=[1] true=[3] merged=[1, 3]
96.0 fp=[1] true=[3] merged=[1, 3]
96.3 fp=[1] true=[3] merged=[1, 3]
96.6 fp=[1] true=[3] merged=[1, 3]
96.9 fp=[1] true=[3] merged=[1, 3]
97.2 fp=[1] true=[3] merged=[1, 3]
97.5 fp=[1] true=[3] merged=[1, 3]
97.9 fp=[1] true=[3] merged=[1, 3]
98.2 fp=[5] true=[3] merged=[3, 5]
98.5 fp=[5] true=[3] merged=[3, 5]
98.8 fp=[5] true=[3] merged=[3, 5]
99.1 fp=[5] true=[3] merged=[3, 5]
99.5 fp=[5] true=[3] merged=[3, 5]
99.8 fp=[5] true=[3] merged=[3, 5]
100.1 fp=[5] true=[3] merged=[3, 5]
100.4 fp=[5] true=[3] merged=[3, 5]
100.7 fp=[5] true=[3] merged=[3, 5]
101.0 fp=[5] true=[3] merged=[3, 5]
101.3 fp=[5] true=[3] merged=[3, 5]
101.6 fp=[5] true=[3] merged=[3, 5]
102.0 fp=[5] true=[3] merged=[3, 5]
102.3 fp=[4] true=[3] merged=[3, 4]
102.6 fp=[4] true=[3] merged=[3, 4]
102.9 fp=[4] true=[3] merged=[3, 4]
103.3 fp=[4] true=[3] merged=[3, 4]
103.6 fp=[4] true=[3] merged=[3, 4]
103.9 fp=[4] true=[3] merged=[3, 4]
104.2 fp=[4] true=[3] merged=[3, 4]
104.5 fp=[4] true=[3] merged=[3, 4]
104.8 fp=[4] true=[3] merged=[3, 4]
105.1 fp=[4] true=[3] merged=[3, 4]
105.4 fp=[4] true=[3] merged=[3, 4]
105.8 fp=[4] true=[3] merged=[3, 4]
106.1 fp=[4] true=[3] merged=[3, 4]
106.4 fp=[4] true=[3] merged=[3, 4]
106.7 fp=[4] true=[3] merged=[3, 4]
107.0 fp=[4] true=[3] merged=[3, 4]
107.3 fp=[4] true=[3] merged=[3, 4]
107.6 fp=[4] true=[3] merged=[3, 4]
107.9 fp=[4] true=[3] merged=[3, 4]
108.3 fp=[4] true=[3] merged=[3, 4]
108.6 fp=[4] true=[3] merged=[3, 4]
108.9 fp=[4] true=[3] merged=[3, 4]
109.2 fp=[4] true=[3] merged=[3, 4]
109.5 fp=[4] true=[3] merged=[3, 4]
109.8 fp=[4] true=[3] merged=[3, 4]
110.1 fp=[4] true=[3] merged=[3, 4]
110.4 fp=[4] true=[3] merged=[3, 4]
110.7 fp=[4] true=[3] merged=[3, 4]
111.0 fp=[4] true=[3] merged=[3, 4]
111.4 fp=[4] true=[3] merged=[3, 4]
111.7 fp=[4] true=[3] merged=[3, 4]
112.0 fp=[4] true=[3] merged=[3, 4]
112.3 fp=[4] true=[3] merged=[3, 4]
112.6 fp=[4] true=[3] merged=[3, 4]
112.9 fp=[4] true=[3] merged=[3, 4]
113.2 fp=[4] true=[3] merged=[3, 4]
113.5 fp=[4] true=[3] merged=[3, 4]
113.9 fp=[4] true=[3] merged=[3, 4]
114.2 fp=[4] true=[3] merged=[3, 4]
114.5 fp=[4] true=[3] merged=[3, 4]
114.8 fp=[4] true=[3] merged=[3, 4]
115.1 fp=[4] true=[3] merged=[3, 4]
115.4 fp=[4] true=[3] merged=[3, 4]
115.7 fp=[4] true=[3] merged=[3, 4]
116.1 fp=[4] true=[3] merged=[3, 4]
116.4 fp=[4] true=[3] merged=[3, 4]
116.7 fp=[4] true=[3] merged=[3, 4]
117.0 fp=[4] true=[3] merged=[3, 4]
117.3 fp=[4] true=[3] merged=[3, 4]
117.6 fp=[4] true=[3] merged=[3, 4]
117.9 fp=[4] true=[3] merged=[3, 4]
118.3 fp=[4] true=[3] merged=[3, 4]
118.6 fp=[4] true=[3] merged=[3, 4]
118.9 fp=[4] true=[3] merged=[3, 4]
119.2 fp=[4] true=[3] merged=[3, 4]
119.5 fp=[4] true=[3] merged=[3, 4]
119.8 fp=[4] true=[3] merged=[3, 4]
120.1 fp=[4] true=[3] merged=[3, 4]
120.4 fp=[4] true=[3] merged=[3, 4]
120.7 fp=[4] true=[3] merged=[3, 4]
121.1 fp=[4] true=[3] merged=[3, 4]
121.4 fp=[4] true=[3] merged=[3, 4]
121.7 fp=[4] true=[3] merged=[3, 4]
122.0 fp=[5] true=[3] merged=[3, 5]
122.3 fp=[5] true=[3] merged=[3, 5]
122.6 fp=[5] true=[3] merged=[3, 5]
122.9 fp=[5] true=[3] merged=[3, 5]
123.3 fp=[5] true=[3] merged=[3, 5]
123.6 fp=[5] true=[3] merged=[3, 5]
123.9 fp=[5] true=[3] merged=[3, 5]
124.3 fp=[5] true=[3] merged=[3, 5]
124.6 fp=[5] true=[3] merged=[3, 5]
124.9 fp=[5] true=[3] merged=[3, 5]
125.2 fp=[5] true=[3] merged=[3, 5]
125.5 fp=[5] true=[3] merged=[3, 5]
125.8 fp=[5] true=[3] merged=[3, 5]
126.1 fp=[5] true=[3] merged=[3, 5]
126.4 fp=[5] true=[3] merged=[3, 5]
126.7 fp=[5] true=[3] merged=[3, 5]
127.1 fp=[5] true=[3] merged=[3, 5]
127.4 fp=[5] true=[3] merged=[3, 5]
127.7 fp=[5] true=[3] merged=[3, 5]
128.0 fp=[5] true=[3] merged=[3, 5]
129.2 fp=[5] true=[3] merged=[3, 5]
129.6 fp=[5] true=[3] merged=[3, 5]
129.9 fp=[5] true=[3] merged=[3, 5]
130.2 fp=[5] true=[3] merged=[3, 5]
130.5 fp=[5] true=[3] merged=[3, 5]
130.8 fp=[5] true=[3] merged=[3, 5]
131.1 fp=[5] true=[3] merged=[3, 5]
131.4 fp=[5] true=[3] merged=[3, 5]
131.7 fp=[5] true=[3] merged=[3, 5]
132.1 fp=[5] true=[3] merged=[3, 5]
132.4 fp=[5] true=[3] merged=[3, 5]
132.7 fp=[5] true=[3] merged=[3, 5]
133.0 fp=[5] true=[3] merged=[3, 5]
133.3 fp=[5] true=[3] merged=[3, 5]
133.6 fp=[5] true=[3] merged=[3, 5]
133.9 fp=[5] true=[3] merged=[3, 5]
134.3 fp=[5] true=[3] merged=[3, 5]
134.6 fp=[5] true=[3] merged=[3, 5]
134.9 fp=[5] true=[3] merged=[3, 5]
135.2 fp=[5] true=[3] merged=[3, 5]
135.5 fp=[5] true=[3] merged=[3, 5]
135.8 fp=[5] true=[3] merged=[3, 5]
136.1 fp=[5] true=[3] merged=[3, 5]
136.4 fp=[5] true=[3] merged=[3, 5]
136.8 fp=[5] true=[3] merged=[3, 5]
137.1 fp=[5] true=[3] merged=[3, 5]
137.4 fp=[5] true=[3] merged=[3, 5]
137.7 fp=[5] true=[3] merged=[3, 5]
138.0 fp=[5] true=[3] merged=[3, 5]
138.3 fp=[5] true=[3] merged=[3, 5]
138.6 fp=[5] true=[3] merged=[3, 5]
138.9 fp=[5] true=[3] merged=[3, 5]
139.2 fp=[5] true=[3] merged=[3, 5]
139.6 fp=[5] true=[3] merged=[3, 5]
139.9 fp=[5] true=[3] merged=[3, 5]
140.2 fp=[5] true=[3] merged=[3, 5]
140.5 fp=[5] true=[3] merged=[3, 5]
140.8 fp=[5] true=[3] merged=[3, 5]
141.1 fp=[5] true=[3] merged=[3, 5]
141.4 fp=[5] true=[3] merged=[3, 5]
141.8 fp=[5] true=[3] merged=[3, 5]
142.1 fp=[5] true=[3] merged=[3, 5]
142.4 fp=[5] true=[3] merged=[3, 5]
142.7 fp=[5] true=[3] merged=[3, 5]
143.0 fp=[5] true=[3] merged=[3, 5]
143.3 fp=[5] true=[3] merged=[3, 5]
143.6 fp=[5] true=[3] merged=[3, 5]
144.0 fp=[5] true=[3] merged=[3, 5]
144.3 fp=[5] true=[3] merged=[3, 5]
144.6 fp=[5] true=[3] merged=[3, 5]
144.9 fp=[5] true=[3] merged=[3, 5]
145.2 fp=[5] true=[3] merged=[3, 5]
145.5 fp=[5] true=[3] merged=[3, 5]
145.9 fp=[5] true=[3] merged=[3, 5]
146.2 fp=[5] true=[3] merged=[3, 5]
146.5 fp=[5] true=[3] merged=[3, 5]
146.8 fp=[5] true=[3] merged=[3, 5]
147.1 fp=[5] true=[3] merged=[3, 5]
147.4 fp=[5] true=[3] merged=[3, 5]
147.7 fp=[5] true=[3] merged=[3, 5]
148.0 fp=[5] true=[3] merged=[3, 5]
148.4 fp=[5] true=[3] merged=[3, 5]
148.7 fp=[5] true=[3] merged=[3, 5]
149.0 fp=[6] true=[3] merged=[3, 6]
149.4 fp=[6] true=[3] merged=[3, 6]
149.7 fp=[6] true=[3] merged=[3, 6]
150.0 fp=[6] true=[3] merged=[3, 6]
150.3 fp=[6] true=[3] merged=[3, 6]
150.6 fp=[6] true=[3] merged=[3, 6]
150.9 fp=[6] true=[3] merged=[3, 6]
162.2 fp=[6] true=[3] merged=[3, 6]
162.5 fp=[6] true=[3] merged=[3, 6]
162.8 fp=[6] true=[3] merged=[3, 6]
163.2 fp=[6] true=[3] merged=[3, 6]
163.5 fp=[6] true=[3] merged=[3, 6]
163.8 fp=[6] true=[3] merged=[3, 6]
164.1 fp=[6] true=[3] merged=[3, 6]
164.5 fp=[6] true=[3] merged=[3, 6]
164.8 fp=[6] true=[3] merged=[3, 6]
165.1 fp=[6] true=[3] merged=[3, 6]
165.4 fp=[6] true=[3] merged=[3, 6]
165.7 fp=[6] true=[3] merged=[3, 6]
166.0 fp=[6] true=[3] merged=[3, 6]
166.3 fp=[6] true=[3] merged=[3, 6]
166.6 fp=[6] true=[3] merged=[3, 6]
167.0 fp=[6] true=[3] merged=[3, 6]
167.3 fp=[6] true=[3] merged=[3, 6]
167.6 fp=[6] true=[3] merged=[3, 6]
167.9 fp=[6] true=[3] merged=[3, 6]
168.2 fp=[6] true=[3] merged=[3, 6]
168.5 fp=[6] true=[3] merged=[3, 6]
168.8 fp=[6] true=[3] merged=[3, 6]
169.1 fp=[6] true=[3] merged=[3, 6]
169.5 fp=[6] true=[3] merged=[3, 6]
169.8 fp=[6] true=[3] merged=[3, 6]
170.1 fp=[6] true=[3] merged=[3, 6]
170.4 fp=[6] true=[3] merged=[3, 6]
170.7 fp=[6] true=[3] merged=[3, 6]
171.0 fp=[6] true=[3] merged=[3, 6]
171.3 fp=[6] true=[3] merged=[3, 6]
171.7 fp=[6] true=[3] merged=[3, 6]
172.0 fp=[6] true=[3] merged=[3, 6]
172.3 fp=[6] true=[3] merged=[3, 6]
172.6 fp=[6] true=[3] merged=[3, 6]
172.9 fp=[6] true=[3] merged=[3, 6]
173.2 fp=[6] true=[3] merged=[3, 6]
173.6 fp=[6] true=[3] merged=[3, 6]
173.9 fp=[6] true=[3] merged=[3, 6]
174.2 fp=[6] true=[3] merged=[3, 6]
174.5 fp=[6] true=[3] merged=[3, 6]
174.8 fp=[6] true=[3] merged=[3, 6]
175.2 fp=[6] true=[3] merged=[3, 6]
175.5 fp=[6] true=[3] merged=[3, 6]
175.8 fp=[6] true=[3] merged=[3, 6]
176.1 fp=[6] true=[3] merged=[3, 6]
176.4 fp=[6] true=[3] merged=[3, 6]
176.7 fp=[6] true=[3] merged=[3, 6]
177.0 fp=[6] true=[3] merged=[3, 6]
177.3 fp=[6] true=[3] merged=[3, 6]
177.7 fp=[6] true=[3] merged=[3, 6]
178.0 fp=[6] true=[3] merged=[3, 6]
178.3 fp=[6] true=[3] merged=[3, 6]
178.6 fp=[6] true=[3] merged=[3, 6]
179.0 fp=[6] true=[3] merged=[3, 6]
179.3 fp=[6] true=[3] merged=[3, 6]
179.6 fp=[6] true=[3] merged=[3, 6]
179.9 fp=[6] true=[3] merged=[3, 6]
180.2 fp=[6] true=[3] merged=[3, 6]
180.5 fp=[6] true=[3] merged=[3, 6]
180.8 fp=[6] true=[3] merged=[3, 6]
181.1 fp=[6] true=[3] merged=[3, 6]
181.4 fp=[6] true=[3] merged=[3, 6]
181.8 fp=[6] true=[3] merged=[3, 6]
199.0 fp=[5] true=[3] merged=[3, 5]
199.4 fp=[5] true=[3] merged=[3, 5]
199.7 fp=[5] true=[3] merged=[3, 5]
200.0 fp=[5] true=[3] merged=[3, 5]
200.3 fp=[5] true=[3] merged=[3, 5]
200.6 fp=[5] true=[3] merged=[3, 5]
200.9 fp=[5] true=[3] merged=[3, 5]
201.2 fp=[5] true=[3] merged=[3, 5]
201.5 fp=[5] true=[3] merged=[3, 5]
201.8 fp=[5] true=[3] merged=[3, 5]
202.2 fp=[5] true=[3] merged=[3, 5]
202.5 fp=[5] true=[3] merged=[3, 5]
202.8 fp=[5] true=[3] merged=[3, 5]
203.1 fp=[5] true=[3] merged=[3, 5]
203.4 fp=[5] true=[3] merged=[3, 5]
203.7 fp=[5] true=[3] merged=[3, 5]
204.1 fp=[5] true=[3] merged=[3, 5]
204.4 fp=[5] true=[3] merged=[3, 5]
204.7 fp=[5] true=[3] merged=[3, 5]
205.0 fp=[5] true=[3] merged=[3, 5]
205.3 fp=[5] true=[3] merged=[3, 5]
205.6 fp=[5] true=[3] merged=[3, 5]
206.0 fp=[5] true=[3] merged=[3, 5]
206.3 fp=[5] true=[3] merged=[3, 5]
206.6 fp=[5] true=[3] merged=[3, 5]
206.9 fp=[5] true=[3] merged=[3, 5]
207.2 fp=[5] true=[3] merged=[3, 5]
207.5 fp=[5] true=[3] merged=[3, 5]
207.8 fp=[5] true=[3] merged=[3, 5]
208.2 fp=[1] true=[3] merged=[1, 3]
208.5 fp=[1] true=[3] merged=[1, 3]
208.8 fp=[1] true=[3] merged=[1, 3]
209.1 fp=[1] true=[3] merged=[1, 3]
209.4 fp=[1] true=[3] merged=[1, 3]
209.7 fp=[1] true=[3] merged=[1, 3]
210.1 fp=[1] true=[3] merged=[1, 3]
210.4 fp=[1] true=[3] merged=[1, 3]
210.7 fp=[1] true=[3] merged=[1, 3]
211.0 fp=[1] true=[3] merged=[1, 3]
211.3 fp=[1] true=[3] merged=[1, 3]
211.6 fp=[1] true=[3] merged=[1, 3]
211.9 fp=[1] true=[3] merged=[1, 3]
212.2 fp=[1] true=[3] merged=[1, 3]
212.6 fp=[1] true=[3] merged=[1, 3]
212.9 fp=[1] true=[3] merged=[1, 3]
213.2 fp=[1] true=[3] merged=[1, 3]
213.5 fp=[1] true=[3] merged=[1, 3]
213.8 fp=[1] true=[3] merged=[1, 3]
214.1 fp=[1] true=[3] merged=[1, 3]
214.4 fp=[1] true=[3] merged=[1, 3]
214.7 fp=[1] true=[3] merged=[1, 3]
215.1 fp=[1] true=[3] merged=[1, 3]
215.4 fp=[1] true=[3] merged=[1, 3]
215.7 fp=[1] true=[3] merged=[1, 3]
216.0 fp=[1] true=[3] merged=[1, 3]
216.3 fp=[1] true=[3] merged=[1, 3]
216.6 fp=[1] true=[3] merged=[1, 3]
216.9 fp=[1] true=[3] merged=[1, 3]
217.2 fp=[1] true=[3] merged=[1, 3]
217.6 fp=[1] true=[3] merged=[1, 3]
217.9 fp=[1] true=[3] merged=[1, 3]
218.2 fp=[1] true=[3] merged=[1, 3]
218.5 fp=[1] true=[3] merged=[1, 3]
218.8 fp=[1] true=[3] merged=[1, 3]
219.1 fp=[1] true=[3] merged=[1, 3]
219.4 fp=[1] true=[3] merged=[1, 3]
219.7 fp=[1] true=[3] merged=[1, 3]
220.0 fp=[1] true=[3] merged=[1, 3]
220.4 fp=[1] true=[3] merged=[1, 3]
220.7 fp=[1] true=[3] merged=[1, 3]
221.0 fp=[1] true=[3] merged=[1, 3]
221.3 fp=[1] true=[3] merged=[1, 3]
221.6 fp=[1] true=[3] merged=[1, 3]
221.9 fp=[1] true=[3] merged=[1, 3]
222.2 fp=[1] true=[3] merged=[1, 3]
222.5 fp=[1] true=[3] merged=[1, 3]
222.8 fp=[1] true=[3] merged=[1, 3]
223.1 fp=[1] true=[3] merged=[1, 3]
223.5 fp=[1] true=[3] merged=[1, 3]
223.8 fp=[1] true=[3] merged=[1, 3]
224.1 fp=[1] true=[3] merged=[1, 3]
224.4 fp=[1] true=[3] merged=[1, 3]
224.7 fp=[1] true=[3] merged=[1, 3]
225.0 fp=[1] true=[3] merged=[1, 3]
225.3 fp=[1] true=[3] merged=[1, 3]
225.7 fp=[1] true=[3] merged=[1, 3]
226.0 fp=[1] true=[3] merged=[1, 3]
226.3 fp=[1] true=[3] merged=[1, 3]
226.6 fp=[1] true=[3] merged=[1, 3]
226.9 fp=[1] true=[3] merged=[1, 3]
227.2 fp=[1] true=[3] merged=[1, 3]
227.5 fp=[1] true=[3] merged=[1, 3]
227.8 fp=[1] true=[3] merged=[1, 3]
228.2 fp=[2] true=[3] merged=[2, 3]
228.5 fp=[2] true=[3] merged=[2, 3]
228.8 fp=[2] true=[3] merged=[2, 3]
229.1 fp=[2] true=[3] merged=[2, 3]
229.4 fp=[2] true=[3] merged=[2, 3]
229.7 fp=[2] true=[3] merged=[2, 3]
230.0 fp=[2] true=[3] merged=[2, 3]
230.3 fp=[2] true=[3] merged=[2, 3]
230.6 fp=[2] true=[3] merged=[2, 3]
231.0 fp=[2] true=[3] merged=[2, 3]
237.3 fp=[6] true=[3] merged=[3, 6]
237.6 fp=[6] true=[3] merged=[3, 6]
237.9 fp=[6] true=[3] merged=[3, 6]
238.2 fp=[6] true=[3] merged=[3, 6]
238.5 fp=[6] true=[3] merged=[3, 6]
238.8 fp=[6] true=[3] merged=[3, 6]
239.2 fp=[6] true=[3] merged=[3, 6]
239.5 fp=[6] true=[3] merged=[3, 6]
239.8 fp=[6] true=[3] merged=[3, 6]
240.1 fp=[6] true=[3] merged=[3, 6]
240.4 fp=[6] true=[3] merged=[3, 6]
240.7 fp=[6] true=[3] merged=[3, 6]
241.0 fp=[6] true=[3] merged=[3, 6]
241.3 fp=[6] true=[3] merged=[3, 6]
241.6 fp=[6] true=[3] merged=[3, 6]
241.9 fp=[6] true=[3] merged=[3, 6]
242.3 fp=[6] true=[3] merged=[3, 6]
242.6 fp=[6] true=[3] merged=[3, 6]
242.9 fp=[6] true=[3] merged=[3, 6]
243.2 fp=[6] true=[3] merged=[3, 6]
243.5 fp=[6] true=[3] merged=[3, 6]
243.8 fp=[6] true=[3] merged=[3, 6]
244.1 fp=[6] true=[3] merged=[3, 6]
244.4 fp=[6] true=[3] merged=[3, 6]
244.7 fp=[6] true=[3] merged=[3, 6]
245.1 fp=[6] true=[3] merged=[3, 6]
245.4 fp=[6] true=[3] merged=[3, 6]
245.7 fp=[6] true=[3] merged=[3, 6]
246.0 fp=[6] true=[3] merged=[3, 6]
246.3 fp=[6] true=[3] merged=[3, 6]
246.6 fp=[6] true=[3] merged=[3, 6]
247.0 fp=[6] true=[3] merged=[3, 6]
247.3 fp=[6] true=[3] merged=[3, 6]
247.6 fp=[6] true=[3] merged=[3, 6]
247.9 fp=[6] true=[3] merged=[3, 6]
248.2 fp=[6] true=[3] merged=[3, 6]
248.5 fp=[6] true=[3] merged=[3, 6]
248.8 fp=[6] true=[3] merged=[3, 6]
249.1 fp=[6] true=[3] merged=[3, 6]
249.5 fp=[6] true=[3] merged=[3, 6]
249.8 fp=[6] true=[3] merged=[3, 6]
250.1 fp=[6] true=[3] merged=[3, 6]
250.4 fp=[6] true=[3] merged=[3, 6]
250.7 fp=[6] true=[3] merged=[3, 6]
251.0 fp=[6] true=[3] merged=[3, 6]
251.3 fp=[6] true=[3] merged=[3, 6]
251.6 fp=[6] true=[3] merged=[3, 6]
252.0 fp=[6] true=[3] merged=[3, 6]
252.3 fp=[6] true=[3] merged=[3, 6]
252.6 fp=[6] true=[3] merged=[3, 6]
252.9 fp=[6] true=[3] merged=[3, 6]
253.2 fp=[6] true=[3] merged=[3, 6]
253.5 fp=[6] true=[3] merged=[3, 6]
253.8 fp=[6] true=[3] merged=[3, 6]
254.1 fp=[6] true=[3] merged=[3, 6]
254.4 fp=[6] true=[3] merged=[3, 6]
254.8 fp=[6] true=[3] merged=[3, 6]
255.1 fp=[6] true=[3] merged=[3, 6]
255.4 fp=[6] true=[3] merged=[3, 6]
255.7 fp=[6] true=[3] merged=[3, 6]
256.0 fp=[6] true=[3] merged=[3, 6]
256.3 fp=[6] true=[3] merged=[3, 6]
256.6 fp=[6] true=[3] merged=[3, 6]
256.9 fp=[6] true=[3] merged=[3, 6]
257.3 fp=[4] true=[3] merged=[3, 4]
257.6 fp=[4] true=[3] merged=[3, 4]
257.9 fp=[4] true=[3] merged=[3, 4]
258.2 fp=[4] true=[3] merged=[3, 4]
258.5 fp=[4] true=[3] merged=[3, 4]
258.8 fp=[4] true=[3] merged=[3, 4]
259.1 fp=[4] true=[3] merged=[3, 4]
259.4 fp=[4] true=[3] merged=[3, 4]
259.8 fp=[4] true=[3] merged=[3, 4]
260.1 fp=[4] true=[3] merged=[3, 4]
260.4 fp=[4] true=[3] merged=[3, 4]
260.7 fp=[4] true=[3] merged=[3, 4]
261.0 fp=[4] true=[3] merged=[3, 4]
261.3 fp=[4] true=[3] merged=[3, 4]
261.6 fp=[4] true=[3] merged=[3, 4]
262.0 fp=[4] true=[3] merged=[3, 4]
262.3 fp=[4] true=[3] merged=[3, 4]
262.6 fp=[4] true=[3] merged=[3, 4]
262.9 fp=[4] true=[3] merged=[3, 4]
263.2 fp=[4] true=[3] merged=[3, 4]
263.5 fp=[4] true=[3] merged=[3, 4]
263.8 fp=[4] true=[3] merged=[3, 4]
264.1 fp=[4] true=[3] merged=[3, 4]
264.5 fp=[4] true=[3] merged=[3, 4]
264.8 fp=[4] true=[3] merged=[3, 4]
265.1 fp=[4] true=[3] merged=[3, 4]
265.4 fp=[4] true=[3] merged=[3, 4]
265.7 fp=[4] true=[3] merged=[3, 4]
266.0 fp=[4] true=[3] merged=[3, 4]
266.3 fp=[4] true=[3] merged=[3, 4]
266.6 fp=[4] true=[3] merged=[3, 4]
266.9 fp=[4] true=[3] merged=[3, 4]
267.2 fp=[4] true=[3] merged=[3, 4]
267.6 fp=[4] true=[3] merged=[3, 4]
267.9 fp=[4] true=[3] merged=[3, 4]
268.2 fp=[4] true=[3] merged=[3, 4]
268.5 fp=[4] true=[3] merged=[3, 4]
268.8 fp=[4] true=[3] merged=[3, 4]
269.1 fp=[4] true=[3] merged=[3, 4]
269.4 fp=[4] true=[3] merged=[3, 4]
269.8 fp=[4] true=[3] merged=[3, 4]
270.1 fp=[1] true=[3] merged=[1, 3]
270.4 fp=[1] true=[3] merged=[1, 3]
270.7 fp=[1] true=[3] merged=[1, 3]
271.0 fp=[1] true=[3] merged=[1, 3]
271.3 fp=[1] true=[3] merged=[1, 3]
271.6 fp=[1] true=[3] merged=[1, 3]
271.9 fp=[1] true=[3] merged=[1, 3]
272.2 fp=[1] true=[3] merged=[1, 3]
272.6 fp=[1] true=[3] merged=[1, 3]
272.9 fp=[1] true=[3] merged=[1, 3]
273.2 fp=[1] true=[3] merged=[1, 3]
273.5 fp=[1] true=[3] merged=[1, 3]
273.8 fp=[1] true=[3] merged=[1, 3]
274.1 fp=[1] true=[3] merged=[1, 3]
274.4 fp=[1] true=[3] merged=[1, 3]
274.7 fp=[1] true=[3] merged=[1, 3]
275.0 fp=[1] true=[3] merged=[1, 3]
275.4 fp=[1] true=[3] merged=[1, 3]
275.7 fp=[1] true=[3] merged=[1, 3]
276.0 fp=[1] true=[3] merged=[1, 3]
276.3 fp=[1] true=[3] merged=[1, 3]
276.6 fp=[1] true=[3] merged=[1, 3]
276.9 fp=[1] true=[3] merged=[1, 3]
277.2 fp=[1] true=[3] merged=[1, 3]
277.5 fp=[1] true=[3] merged=[1, 3]
277.8 fp=[1] true=[3] merged=[1, 3]
278.2 fp=[1] true=[3] merged=[1, 3]
278.5 fp=[1] true=[3] merged=[1, 3]
278.8 fp=[1] true=[3] merged=[1, 3]
279.1 fp=[1] true=[3] merged=[1, 3]
279.4 fp=[1] true=[3] merged=[1, 3]
279.7 fp=[1] true=[3] merged=[1, 3]
280.0 fp=[1] true=[3] merged=[1, 3]
280.3 fp=[1] true=[3] merged=[1, 3]
280.6 fp=[1] true=[3] merged=[1, 3]
280.9 fp=[1] true=[3] merged=[1, 3]
281.3 fp=[1] true=[3] merged=[1, 3]
281.6 fp=[1] true=[3] merged=[1, 3]
281.9 fp=[1] true=[3] merged=[1, 3]
282.2 fp=[1] true=[3] merged=[1, 3]
282.5 fp=[1] true=[3] merged=[1, 3]
282.8 fp=[1] true=[3] merged=[1, 3]
283.1 fp=[1] true=[3] merged=[1, 3]
283.5 fp=[1] true=[3] merged=[1, 3]
283.8 fp=[1] true=[3] merged=[1, 3]
284.1 fp=[1] true=[3] merged=[1, 3]
284.4 fp=[1] true=[3] merged=[1, 3]
284.7 fp=[1] true=[3] merged=[1, 3]
285.0 fp=[1] true=[3] merged=[1, 3]
285.3 fp=[1] true=[3] merged=[1, 3]
285.6 fp=[1] true=[3] merged=[1, 3]
286.0 fp=[1] true=[3] merged=[1, 3]
286.3 fp=[1] true=[3] merged=[1, 3]
286.6 fp=[1] true=[3] merged=[1, 3]
286.9 fp=[1] true=[3] merged=[1, 3]
287.2 fp=[1] true=[3] merged=[1, 3]
287.5 fp=[1] true=[3] merged=[1, 3]
287.8 fp=[1] true=[3] merged=[1, 3]
288.1 fp=[1] true=[3] merged=[1, 3]
288.5 fp=[1] true=[3] merged=[1, 3]
288.8 fp=[1] true=[3] merged=[1, 3]
289.1 fp=[1] true=[3] merged=[1, 3]
289.4 fp=[1] true=[3] merged=[1, 3]
289.7 fp=[1] true=[3] merged=[1, 3]
290.0 fp=[7] true=[3] merged=[3, 7]
290.3 fp=[7] true=[3] merged=[3, 7]
290.7 fp=[7] true=[3] merged=[3, 7]
291.0 fp=[7] true=[3] merged=[3, 7]
291.3 fp=[7] true=[3] merged=[3, 7]
291.6 fp=[7] true=[3] merged=[3, 7]
291.9 fp=[7] true=[3] merged=[3, 7]
292.2 fp=[7] true=[3] merged=[3, 7]
292.5 fp=[7] true=[3] merged=[3, 7]
292.9 fp=[7] true=[3] merged=[3, 7]
293.2 fp=[7] true=[3] merged=[3, 7]
293.5 fp=[7] true=[3] merged=[3, 7]
293.8 fp=[7] true=[3] merged=[3, 7]
294.2 fp=[7] true=[3] merged=[3, 7]
294.5 fp=[7] true=[3] merged=[3, 7]
294.8 fp=[7] true=[3] merged=[3, 7]
295.1 fp=[7] true=[3] merged=[3, 7]
295.4 fp=[7] true=[3] merged=[3, 7]
295.7 fp=[7] true=[3] merged=[3, 7]
296.0 fp=[7] true=[3] merged=[3, 7]
296.4 fp=[7] true=[3] merged=[3, 7]
296.7 fp=[7] true=[3] merged=[3, 7]
297.0 fp=[7] true=[3] merged=[3, 7]
297.3 fp=[7] true=[3] merged=[3, 7]
297.6 fp=[7] true=[3] merged=[3, 7]
297.9 fp=[7] true=[3] merged=[3, 7]
298.3 fp=[7] true=[3] merged=[3, 7]
298.6 fp=[7] true=[3] merged=[3, 7]
298.9 fp=[7] true=[3] merged=[3, 7]
299.2 fp=[7] true=[3] merged=[3, 7]
299.5 fp=[7] true=[3] merged=[3, 7]
299.8 fp=[7] true=[3] merged=[3, 7]
321.2 fp=[2] true=[3] merged=[2, 3]
321.6 fp=[2] true=[3] merged=[2, 3]
321.9 fp=[2] true=[3] merged=[2, 3]
322.2 fp=[2] true=[3] merged=[2, 3]
322.5 fp=[2] true=[3] merged=[2, 3]
322.8 fp=[2] true=[3] merged=[2, 3]
323.1 fp=[2] true=[3] merged=[2, 3]
323.4 fp=[2] true=[3] merged=[2, 3]
323.7 fp=[2] true=[3] merged=[2, 3]
324.1 fp=[2] true=[3] merged=[2, 3]
324.4 fp=[2] true=[3] merged=[2, 3]
324.7 fp=[2] true=[3] merged=[2, 3]
325.0 fp=[2] true=[3] merged=[2, 3]
325.3 fp=[2] true=[3] merged=[2, 3]
325.6 fp=[2] true=[3] merged=[2, 3]
325.9 fp=[2] true=[3] merged=[2, 3]
326.3 fp=[2] true=[3] merged=[2, 3]
326.6 fp=[2] true=[3] merged=[2, 3]
326.9 fp=[2] true=[3] merged=[2, 3]
327.2 fp=[2] true=[3] merged=[2, 3]
327.5 fp=[2] true=[3] merged=[2, 3]
327.8 fp=[2] true=[3] merged=[2, 3]
328.1 fp=[2] true=[3] merged=[2, 3]
328.5 fp=[2] true=[3] merged=[2, 3]
328.8 fp=[2] true=[3] merged=[2, 3]
329.1 fp=[2] true=[3] merged=[2, 3]
329.4 fp=[2] true=[3] merged=[2, 3]
329.7 fp=[2] true=[3] merged=[2, 3]
330.0 fp=[2] true=[3] merged=[2, 3]
330.3 fp=[2] true=[3] merged=[2, 3]
330.7 fp=[2] true=[3] merged=[2, 3]
331.0 fp=[2] true=[3] merged=[2, 3]
331.3 fp=[2] true=[3] merged=[2, 3]
331.6 fp=[2] true=[3] merged=[2, 3]
331.9 fp=[2] true=[3] merged=[2, 3]
332.2 fp=[2] true=[3] merged=[2, 3]
332.5 fp=[2] true=[3] merged=[2, 3]
332.8 fp=[2] true=[3] merged=[2, 3]
333.1 fp=[2] true=[3] merged=[2, 3]
333.4 fp=[2] true=[3] merged=[2, 3]
333.8 fp=[2] true=[3] merged=[2, 3]
334.1 fp=[2] true=[3] merged=[2, 3]
334.4 fp=[2] true=[3] merged=[2, 3]
334.7 fp=[2] true=[3] merged=[2, 3]
335.0 fp=[2] true=[3] merged=[2, 3]
335.3 fp=[2] true=[3] merged=[2, 3]
335.6 fp=[2] true=[3] merged=[2, 3]
335.9 fp=[2] true=[3] merged=[2, 3]
336.2 fp=[2] true=[3] merged=[2, 3]
336.6 fp=[2] true=[3] merged=[2, 3]
336.9 fp=[2] true=[3] merged=[2, 3]
337.2 fp=[2] true=[3] merged=[2, 3]
337.5 fp=[2] true=[3] merged=[2, 3]
337.8 fp=[2] true=[3] merged=[2, 3]
338.1 fp=[2] true=[3] merged=[2, 3]
338.4 fp=[2] true=[3] merged=[2, 3]
338.8 fp=[2] true=[3] merged=[2, 3]
339.1 fp=[1] true=[3] merged=[1, 3]
339.4 fp=[1] true=[3] merged=[1, 3]
339.7 fp=[1] true=[3] merged=[1, 3]
340.0 fp=[1] true=[3] merged=[1, 3]
340.3 fp=[1] true=[3] merged=[1, 3]
340.7 fp=[1] true=[3] merged=[1, 3]
341.0 fp=[1] true=[3] merged=[1, 3]
341.3 fp=[1] true=[3] merged=[1, 3]
341.6 fp=[1] true=[3] merged=[1, 3]
341.9 fp=[1] true=[3] merged=[1, 3]
342.2 fp=[1] true=[3] merged=[1, 3]
342.6 fp=[1] true=[3] merged=[1, 3]
342.9 fp=[1] true=[3] merged=[1, 3]
343.2 fp=[1] true=[3] merged=[1, 3]
343.5 fp=[1] true=[3] merged=[1, 3]
343.8 fp=[1] true=[3] merged=[1, 3]
344.1 fp=[1] true=[3] merged=[1, 3]
344.5 fp=[1] true=[3] merged=[1, 3]
344.8 fp=[1] true=[3] merged=[1, 3]
345.1 fp=[1] true=[3] merged=[1, 3]
345.4 fp=[1] true=[3] merged=[1, 3]
345.7 fp=[1] true=[3] merged=[1, 3]
346.1 fp=[1] true=[3] merged=[1, 3]
346.4 fp=[1] true=[3] merged=[1, 3]
346.7 fp=[1] true=[3] merged=[1, 3]
347.0 fp=[1] true=[3] merged=[1, 3]
347.3 fp=[1] true=[3] merged=[1, 3]
347.6 fp=[1] true=[3] merged=[1, 3]
347.9 fp=[1] true=[3] merged=[1, 3]
348.3 fp=[1] true=[3] merged=[1, 3]
348.6 fp=[1] true=[3] merged=[1, 3]
348.9 fp=[1] true=[3] merged=[1, 3]
349.2 fp=[1] true=[3] merged=[1, 3]
349.5 fp=[1] true=[3] merged=[1, 3]
349.8 fp=[1] true=[3] merged=[1, 3]
350.1 fp=[1] true=[3] merged=[1, 3]
350.4 fp=[1] true=[3] merged=[1, 3]
350.8 fp=[1] true=[3] merged=[1, 3]
351.1 fp=[1] true=[3] merged=[1, 3]
351.4 fp=[1] true=[3] merged=[1, 3]
351.7 fp=[1] true=[3] merged=[1, 3]
352.0 fp=[1] true=[3] merged=[1, 3]
352.3 fp=[1] true=[3] merged=[1, 3]
352.6 fp=[1] true=[3] merged=[1, 3]
353.0 fp=[1] true=[3] merged=[1, 3]
353.3 fp=[1] true=[3] merged=[1, 3]
353.6 fp=[1] true=[3] merged=[1, 3]
353.9 fp=[1] true=[3] merged=[1, 3]
354.2 fp=[1] true=[3] merged=[1, 3]
354.5 fp=[1] true=[3] merged=[1, 3]
354.8 fp=[1] true=[3] merged=[1, 3]
355.1 fp=[1] true=[3] merged=[1, 3]
355.4 fp=[1] true=[3] merged=[1, 3]
355.7 fp=[1] true=[3] merged=[1, 3]
356.1 fp=[1] true=[3] merged=[1, 3]
356.4 fp=[1] true=[3] merged=[1, 3]
356.7 fp=[1] true=[3] merged=[1, 3]
357.0 fp=[1] true=[3] merged=[1, 3]
357.4 fp=[1] true=[3] merged=[1, 3]
357.7 fp=[1] true=[3] merged=[1, 3]
358.1 fp=[1] true=[3] merged=[1, 3]
358.4 fp=[1] true=[3] merged=[1, 3]
358.8 fp=[1] true=[3] merged=[1, 3]
359.1 fp=[1] true=[3] merged=[1, 3]
359.4 fp=[1] true=[3] merged=[1, 3]
359.7 fp=[1] true=[3] merged=[1, 3]
360.0 fp=[1] true=[3] merged=[1, 3]
360.4 fp=[1] true=[3] merged=[1, 3]
360.7 fp=[1] true=[3] merged=[1, 3]
361.0 fp=[1] true=[3] merged=[1, 3]
361.3 fp=[1] true=[3] merged=[1, 3]
361.6 fp=[1] true=[3] merged=[1, 3]
361.9 fp=[1] true=[3] merged=[1, 3]
362.2 fp=[1] true=[3] merged=[1, 3]
362.5 fp=[1] true=[3] merged=[1, 3]
362.9 fp=[1] true=[3] merged=[1, 3]
363.2 fp=[1] true=[3] merged=[1, 3]
363.5 fp=[1] true=[3] merged=[1, 3]
363.8 fp=[1] true=[3] merged=[1, 3]
364.1 fp=[1] true=[3] merged=[1, 3]
364.4 fp=[1] true=[3] merged=[1, 3]
364.8 fp=[1] true=[3] merged=[1, 3]
365.1 fp=[1] true=[3] merged=[1, 3]
365.4 fp=[1] true=[3] merged=[1, 3]
365.7 fp=[1] true=[3] merged=[1, 3]
366.0 fp=[1] true=[3] merged=[1, 3]
366.3 fp=[1] true=[3] merged=[1, 3]
366.6 fp=[1] true=[3] merged=[1, 3]
367.0 fp=[1] true=[3] merged=[1, 3]
367.3 fp=[1] true=[3] merged=[1, 3]
367.6 fp=[1] true=[3] merged=[1, 3]
367.9 fp=[1] true=[3] merged=[1, 3]
368.2 fp=[1] true=[3] merged=[1, 3]
368.5 fp=[1] true=[3] merged=[1, 3]
368.8 fp=[1] true=[3] merged=[1, 3]
369.1 fp=[1] true=[3] merged=[1, 3]
369.5 fp=[1] true=[3] merged=[1, 3]
369.8 fp=[1] true=[3] merged=[1, 3]
370.1 fp=[1] true=[3] merged=[1, 3]
370.4 fp=[1] true=[3] merged=[1, 3]
370.7 fp=[1] true=[3] merged=[1, 3]
371.0 fp=[1] true=[3] merged=[1, 3]
371.3 fp=[1] true=[3] merged=[1, 3]
371.6 fp=[1] true=[3] merged=[1, 3]
372.0 fp=[1] true=[3] merged=[1, 3]
372.3 fp=[1] true=[3] merged=[1, 3]
372.6 fp=[1] true=[3] merged=[1, 3]
372.9 fp=[1] true=[3] merged=[1, 3]
373.2 fp=[1] true=[3] merged=[1, 3]
373.5 fp=[1] true=[3] merged=[1, 3]
373.9 fp=[1] true=[3] merged=[1, 3]
374.2 fp=[4] true=[3] merged=[3, 4]
374.5 fp=[4] true=[3] merged=[3, 4]
374.8 fp=[4] true=[3] merged=[3, 4]
375.1 fp=[4] true=[3] merged=[3, 4]
375.4 fp=[4] true=[3] merged=[3, 4]
375.7 fp=[4] true=[3] merged=[3, 4]
376.0 fp=[4] true=[3] merged=[3, 4]
376.4 fp=[4] true=[3] merged=[3, 4]
376.7 fp=[4] true=[3] merged=[3, 4]
377.0 fp=[4] true=[3] merged=[3, 4]
377.3 fp=[4] true=[3] merged=[3, 4]
377.6 fp=[4] true=[3] merged=[3, 4]
377.9 fp=[4] true=[3] merged=[3, 4]
378.3 fp=[4] true=[3] merged=[3, 4]
378.6 fp=[4] true=[3] merged=[3, 4]
378.9 fp=[4] true=[3] merged=[3, 4]
379.2 fp=[5] true=[3] merged=[3, 5]
379.5 fp=[5] true=[3] merged=[3, 5]
379.9 fp=[5] true=[3] merged=[3, 5]
380.2 fp=[1] true=[3] merged=[1, 3]
380.5 fp=[1] true=[3] merged=[1, 3]
380.8 fp=[1] true=[3] merged=[1, 3]
381.2 fp=[1] true=[3] merged=[1, 3]
381.5 fp=[1] true=[3] merged=[1, 3]
381.8 fp=[1] true=[3] merged=[1, 3]
382.1 fp=[1] true=[3] merged=[1, 3]
382.4 fp=[1] true=[3] merged=[1, 3]
382.7 fp=[1] true=[3] merged=[1, 3]
383.0 fp=[1] true=[3] merged=[1, 3]
383.4 fp=[1] true=[3] merged=[1, 3]
383.7 fp=[1] true=[3] merged=[1, 3]
384.0 fp=[1] true=[3] merged=[1, 3]
384.3 fp=[1] true=[3] merged=[1, 3]
384.6 fp=[1] true=[3] merged=[1, 3]
384.9 fp=[1] true=[3] merged=[1, 3]
385.2 fp=[1] true=[3] merged=[1, 3]
385.5 fp=[1] true=[3] merged=[1, 3]
385.8 fp=[1] true=[3] merged=[1, 3]
386.2 fp=[1] true=[3] merged=[1, 3]
386.5 fp=[1] true=[3] merged=[1, 3]
386.8 fp=[1] true=[3] merged=[1, 3]
387.1 fp=[1] true=[3] merged=[1, 3]
387.4 fp=[1] true=[3] merged=[1, 3]
387.7 fp=[1] true=[3] merged=[1, 3]
388.0 fp=[1] true=[3] merged=[1, 3]
388.3 fp=[1] true=[3] merged=[1, 3]
388.6 fp=[1] true=[3] merged=[1, 3]
389.0 fp=[1] true=[3] merged=[1, 3]
389.3 fp=[1] true=[3] merged=[1, 3]
389.6 fp=[1] true=[3] merged=[1, 3]
