# start rate=10 seed=3 dur=420 n=7 target=3 events=41
4.1 fp=[5] true=[3] merged=[3, 5]
4.4 fp=[5] true=[3] merged=[3, 5]
4.7 fp=[5] true=[3] merged=[3, 5]
5.1 fp=[5] true=[3] merged=[3, 5]
5.4 fp=[5] true=[3] merged=[3, 5]
5.7 fp=[5] true=[3] merged=[3, 5]
6.0 fp=[5] true=[3] merged=[3, 5]
6.3 fp=[5] true=[3] merged=[3, 5]
6.6 fp=[5] true=[3] merged=[3, 5]
6.9 fp=[5] true=[3] merged=[3, 5]
7.2 fp=[5] true=[3] merged=[3, 5]
7.6 fp=[5] true=[3] merged=[3, 5]
7.9 fp=[5] true=[3] merged=[3, 5]
8.2 fp=[5] true=[3] merged=[3, 5]
8.5 fp=[5] true=[3] merged=[3, 5]
8.8 fp=[5] true=[3] merged=[3, 5]
9.1 fp=[5] true=[3] merged=[3, 5]
9.4 fp=[5] true=[3] merged=[3, 5]
9.7 fp=[5] true=[3] merged=[3, 5]
10.0 fp=[5] true=[3] merged=[3, 5]
10.4 fp=[5] true=[3] merged=[3, 5]
10.7 fp=[5] true=[3] merged=[3, 5]
11.0 fp=[5] true=[3] merged=[3, 5]
11.3 fp=[5] true=[3] merged=[3, 5]
11.6 fp=[5] true=[3] merged=[3, 5]
12.0 fp=[5] true=[3] merged=[3, 5]
12.3 fp=[5] true=[3] merged=[3, 5]
12.6 fp=[5] true=[3] merged=[3, 5]
12.9 fp=[5] true=[3] merged=[3, 5]
13.2 fp=[5] true=[3] merged=[3, 5]
13.5 fp=[5] true=[3] merged=[3, 5]
13.8 fp=[5] true=[3] merged=[3, 5]
14.1 fp=[5] true=[3] merged=[3, 5]
14.4 fp=[5] true=[3] merged=[3, 5]
14.8 fp=[5] true=[3] merged=[3, 5]
15.1 fp=[4] true=[3] merged=[3, 4]
15.4 fp=[4] true=[3] merged=[3, 4]
15.7 fp=[4] true=[3] merged=[3, 4]
16.0 fp=[4] true=[3] merged=[3, 4]
16.3 fp=[4] true=[3] merged=[3, 4]
16.6 fp=[4] true=[3] merged=[3, 4]
16.9 fp=[4] true=[3] merged=[3, 4]
17.2 fp=[4] true=[3] merged=[3, 4]
17.6 fp=[4] true=[3] merged=[3, 4]
17.9 fp=[4] true=[3] merged=[3, 4]
18.2 fp=[4] true=[3] merged=[3, 4]
18.5 fp=[4] true=[3] merged=[3, 4]
18.8 fp=[4] true=[3] merged=[3, 4]
19.1 fp=[4] true=[3] merged=[3, 4]
19.4 fp=[4] true=[3] merged=[3, 4]
19.7 fp=[4] true=[3] merged=[3, 4]
20.0 fp=[4] true=[3] merged=[3, 4]
20.3 fp=[4] true=[3] merged=[3, 4]
20.7 fp=[4] true=[3] merged=[3, 4]
21.0 fp=[4] true=[3] merged=[3, 4]
21.3 fp=[4] true=[3] merged=[3, 4]
21.6 fp=[4] true=[3] merged=[3, 4]
21.9 fp=[4] true=[3] merged=[3, 4]
22.2 fp=[4] true=[3] merged=[3, 4]
22.5 fp=[4] true=[3] merged=[3, 4]
22.8 fp=[4] true=[3] merged=[3, 4]
23.2 fp=[4] true=[3] merged=[3, 4]
23.5 fp=[4] true=[3] merged=[3, 4]
23.8 fp=[4] true=[3] merged=[3, 4]
24.1 fp=[4] true=[3] merged=[3, 4]
24.4 fp=[4] true=[3] merged=[3, 4]
24.7 fp=[4] true=[3] merged=[3, 4]
25.0 fp=[4] true=[3] merged=[3, 4]
25.3 fp=[4] true=[3] merged=[3, 4]
25.7 fp=[4] true=[3] merged=[3, 4]
26.0 fp=[4] true=[3] merged=[3, 4]
26.3 fp=[4] true=[3] merged=[3, 4]
26.6 fp=[4] true=[3] merged=[3, 4]
26.9 fp=[4] true=[3] merged=[3, 4]
27.2 fp=[4] true=[3] merged=[3, 4]
27.5 fp=[4] true=[3] merged=[3, 4]
27.8 fp=[4] true=[3] merged=[3, 4]
28.1 fp=[4] true=[3] merged=[3, 4]
28.4 fp=[4] true=[3] merged=[3, 4]
28.7 fp=[4] true=[3] merged=[3, 4]
29.1 fp=[4] true=[3] merged=[3, 4]
29.4 fp=[4] true=[3] merged=[3, 4]
29.7 fp=[4] true=[3] merged=[3, 4]
30.0 fp=[4] true=[3] merged=[3, 4]
30.3 fp=[4] true=[3] merged=[3, 4]
30.6 fp=[4] true=[3] merged=[3, 4]
30.9 fp=[4] true=[3] merged=[3, 4]
31.2 fp=[4] true=[3] merged=[3, 4]
31.6 fp=[4] true=[3] merged=[3, 4]
31.9 fp=[4] true=[3] merged=[3, 4]
32.2 fp=[4] true=[3] merged=[3, 4]
32.5 fp=[4] true=[3] merged=[3, 4]
32.8 fp=[4] true=[3] merged=[3, 4]
33.1 fp=[4] true=[3] merged=[3, 4]
33.4 fp=[4] true=[3] merged=[3, 4]
33.7 fp=[4] true=[3] merged=[3, 4]
34.0 fp=[4] true=[3] merged=[3, 4]
34.3 fp=[4] true=[3] merged=[3, 4]
34.6 fp=[4] true=[3] merged=[3, 4]
35.0 fp=[4] true=[3] merged=[3, 4]
35.3 fp=[6] true=[3] merged=[3, 6]
35.6 fp=[6] true=[3] merged=[3, 6]
35.9 fp=[6] true=[3] merged=[3, 6]
36.2 fp=[5] true=[3] merged=[3, 5]
36.5 fp=[5] true=[3] merged=[3, 5]
36.8 fp=[5] true=[3] merged=[3, 5]
37.1 fp=[5] true=[3] merged=[3, 5]
37.4 fp=[5] true=[3] merged=[3, 5]
37.7 fp=[5] true=[3] merged=[3, 5]
38.0 fp=[5] true=[3] merged=[3, 5]
38.4 fp=[5] true=[3] merged=[3, 5]
38.7 fp=[5] true=[3] merged=[3, 5]
39.0 fp=[5] true=[3] merged=[3, 5]
39.3 fp=[5] true=[3] merged=[3, 5]
39.6 fp=[5] true=[3] merged=[3, 5]
39.9 fp=[5] true=[3] merged=[3, 5]
40.2 fp=[5] true=[3] merged=[3, 5]
40.5 fp=[5] true=[3] merged=[3, 5]
40.8 fp=[5] true=[3] merged=[3, 5]
41.2 fp=[5] true=[3] merged=[3, 5]
41.5 fp=[5] true=[3] merged=[3, 5]
41.8 fp=[5] true=[3] merged=[3, 5]
42.1 fp=[5] true=[3] merged=[3, 5]
42.4 fp=[5] true=[3] merged=[3, 5]
42.7 fp=[5] true=[3] merged=[3, 5]
43.0 fp=[1] true=[3] merged=[1, 3]
43.3 fp=[1] true=[3] merged=[1, 3]
43.6 fp=[1] true=[3] merged=[1, 3]
44.0 fp=[1] true=[3] merged=[1, 3]
44.3 fp=[1] true=[3] merged=[1, 3]
44.6 fp=[1] true=[3] merged=[1, 3]
44.9 fp=[1] true=[3] merged=[1, 3]
45.2 fp=[1] true=[3] merged=[1, 3]
45.5 fp=[1] true=[3] merged=[1, 3]
45.8 fp=[1] true=[3] merged=[1, 3]
46.2 fp=[1] true=[3] merged=[1, 3]
46.5 fp=[1] true=[3] merged=[1, 3]
46.8 fp=[1] true=[3] merged=[1, 3]
47.1 fp=[1] true=[3] merged=[1, 3]
47.4 fp=[1] true=[3] merged=[1, 3]
47.7 fp=[1] true=[3] merged=[1, 3]
48.0 fp=[1] true=[3] merged=[1, 3]
48.3 fp=[1] true=[3] merged=[1, 3]
48.7 fp=[1] true=[3] merged=[1, 3]
49.0 fp=[1] true=[3] merged=[1, 3]
49.3 fp=[1] true=[3] merged=[1, 3]
49.6 fp=[1] true=[3] merged=[1, 3]
49.9 fp=[1] true=[3] merged=[1, 3]
50.3 fp=[1] true=[3] merged=[1, 3]
50.6 fp=[1] true=[3] merged=[1, 3]
50.9 fp=[1] true=[3] merged=[1, 3]
51.2 fp=[1] true=[3] merged=[1, 3]
51.5 fp=[1] true=[3] merged=[1, 3]
51.8 fp=[1] true=[3] merged=[1, 3]
52.1 fp=[1] true=[3] merged=[1, 3]
52.4 fp=[1] true=[3] merged=[1, 3]
52.8 fp=[1] true=[3] merged=[1, 3]
53.1 fp=[1] true=[3] merged=[1, 3]
53.4 fp=[1] true=[3] merged=[1, 3]
53.7 fp=[1] true=[3] merged=[1, 3]
54.0 fp=[1] true=[3] merged=[1, 3]
54.3 fp=[1] true=[3] merged=[1, 3]
54.6 fp=[1] true=[3] merged=[1, 3]
54.9 fp=[1] true=[3] merged=[1, 3]
55.3 fp=[1] true=[3] merged=[1, 3]
55.6 fp=[1] true=[3] merged=[1, 3]
55.9 fp=[1] true=[3] merged=[1, 3]
56.2 fp=[1] true=[3] merged=[1, 3]
56.5 fp=[1] true=[3] merged=[1, 3]
56.8 fp=[1] true=[3] merged=[1, 3]
57.1 fp=[1] true=[3] merged=[1, 3]
57.4 fp=[1] true=[3] merged=[1, 3]
57.7 fp=[1] true=[3] merged=[1, 3]
58.1 fp=[1] true=[3] merged=[1, 3]
58.4 fp=[1] true=[3] merged=[1, 3]
58.7 fp=[1] true=[3] merged=[1, 3]
59.0 fp=[1] true=[3] merged=[1, 3]
59.3 fp=[1] true=[3] merged=[1, 3]
59.6 fp=[1] true=[3] merged=[1, 3]
59.9 fp=[1] true=[3] merged=[1, 3]
60.2 fp=[1] true=[3] merged=[1, 3]
60.6 fp=[1] true=[3] merged=[1, 3]
60.9 fp=[1] true=[3] merged=[1, 3]
61.2 fp=[1] true=[3] merged=[1, 3]
61.5 fp=[1] true=[3] merged=[1, 3]
61.8 fp=[1] true=[3] merged=[1, 3]
62.1 fp=[1] true=[3] merged=[1, 3]
62.4 fp=[1] true=[3] merged=[1, 3]
62.7 fp=[1] true=[3] merged=[1, 3]
63.0 fp=[7] true=[3] merged=[3, 7]
63.4 fp=[7] true=[3] merged=[3, 7]
63.7 fp=[7] true=[3] merged=[3, 7]
64.0 fp=[7] true=[3] merged=[3, 7]
65.2 fp=[7] true=[3] merged=[3, 7]
65.5 fp=[7] true=[3] merged=[3, 7]
65.9 fp=[7] true=[3] merged=[3, 7]
66.2 fp=[7] true=[3] merged=[3, 7]
66.5 fp=[7] true=[3] merged=[3, 7]
66.8 fp=[7] true=[3] merged=[3, 7]
67.1 fp=[7] true=[3] merged=[3, 7]
67.4 fp=[7] true=[3] merged=[3, 7]
67.7 fp=[7] true=[3] merged=[3, 7]
68.0 fp=[7] true=[3] merged=[3, 7]
68.4 fp=[7] true=[3] merged=[3, 7]
68.7 fp=[7] true=[3] merged=[3, 7]
69.0 fp=[7] true=[3] merged=[3, 7]
69.3 fp=[7] true=[3] merged=[3, 7]
69.6 fp=[7] true=[3] merged=[3, 7]
69.9 fp=[7] true=[3] merged=[3, 7]
70.2 fp=[7] true=[3] merged=[3, 7]
70.5 fp=[7] true=[3] merged=[3, 7]
70.8 fp=[7] true=[3] merged=[3, 7]
71.2 fp=[7] true=[3] merged=[3, 7]
71.5 fp=[7] true=[3] merged=[3, 7]
71.8 fp=[7] true=[3] merged=[3, 7]
72.1 fp=[7] true=[3] merged=[3, 7]
72.4 fp=[7] true=[3] merged=[3, 7]
72.7 fp=[7] true=[3] merged=[3, 7]
73.0 fp=[7] true=[3] merged=[3, 7]
73.3 fp=[7] true=[3] merged=[3, 7]
73.6 fp=[7] true=[3] merged=[3, 7]
73.9 fp=[7] true=[3] merged=[3, 7]
74.3 fp=[7] true=[3] merged=[3, 7]
74.6 fp=[7] true=[3] merged=[3, 7]
74.9 fp=[7] true=[3] merged=[3, 7]
75.2 fp=[1] true=[3] merged=[1, 3]
75.5 fp=[1] true=[3] merged=[1, 3]
75.8 fp=[1] true=[3] merged=[1, 3]
76.2 fp=[1] true=[3] merged=[1, 3]
76.5 fp=[1] true=[3] merged=[1, 3]
76.8 fp=[1] true=[3] merged=[1, 3]
77.1 fp=[1] true=[3] merged=[1, 3]
77.4 fp=[1] true=[3] merged=[1, 3]
77.7 fp=[1] true=[3] merged=[1, 3]
78.0 fp=[1] true=[3] merged=[1, 3]
78.3 fp=[1] true=[3] merged=[1, 3]
78.6 fp=[1] true=[3] merged=[1, 3]
78.9 fp=[1] true=[3] merged=[1, 3]
79.2 fp=[1] true=[3] merged=[1, 3]
79.6 fp=[1] true=[3] merged=[1, 3]
79.9 fp=[1] true=[3] merged=[1, 3]
80.2 fp=[1] true=[3] merged=[1, 3]
80.5 fp=[1] true=[3] merged=[1, 3]
80.8 fp=[1] true=[3] merged=[1, 3]
81.1 fp=[1] true=[3] merged=[1, 3]
81.4 fp=[1] true=[3] merged=[1, 3]
81.8 fp=[1] true=[3] merged=[1, 3]
82.1 fp=[1] true=[3] merged=[1, 3]
82.4 fp=[1] true=[3] merged=[1, 3]
82.7 fp=[1] true=[3] merged=[1, 3]
83.0 fp=[1] true=[3] merged=[1, 3]
83.3 fp=[1] true=[3] merged=[1, 3]
83.7 fp=[1] true=[3] merged=[1, 3]
84.0 fp=[1] true=[3] merged=[1, 3]
84.3 fp=[1] true=[3] merged=[1, 3]
84.6 fp=[1] true=[3] merged=[1, 3]
84.9 fp=[1] true=[3] merged=[1, 3]
85.2 fp=[1] true=[3] merged=[1, 3]
85.5 fp=[1] true=[3] merged=[1, 3]
85.8 fp=[1] true=[3] merged=[1, 3]
86.2 fp=[1] true=[3] merged=[1, 3]
86.5 fp=[1] true=[3] merged=[1, 3]
86.8 fp=[1] true=[3] merged=[1, 3]
87.1 fp=[1] true=[3] merged=[1, 3]
87.4 fp=[1] true=[3] merged=[1, 3]
87.7 fp=[1] true=[3] merged=[1, 3]
88.0 fp=[1] true=[3] merged=[1, 3]
88.3 fp=[1] true=[3] merged=[1, 3]
88.6 fp=[1] true=[3] merged=[1, 3]
88.9 fp=[1] true=[3] merged=[1, 3]
89.3 fp=[1] true=[3] merged=[1, 3]
89.6 fp=[1] true=[3] merged=[1, 3]
89.9 fp=[1] true=[3] merged=[1, 3]
90.2 fp=[1] true=[3] merged=[1, 3]
90.5 fp=[1] true=[3] merged=[1, 3]
90.8 fp=[1] true=[3] merged=[1, 3]
91.2 fp=[1] true=[3] merged=[1, 3]
91.5 fp=[1] true=[3] merged=[1, 3]
91.8 fp=[1] true=[3] merged=[1, 3]
92.1 fp=[1] true=[3] merged=[1, 3]
92.4 fp=[1] true=[3] merged=[1, 3]
92.7 fp=[1] true=[3] merged=[1, 3]
93.0 fp=[1] true=[3] merged=[1, 3]
93.3 fp=[1] true=[3] merged=[1, 3]
93.6 fp=[1] true=[3] merged=[1, 3]
94.0 fp=[1] true=[3] merged=[1, 3]
94.3 fp=[1] true=[3] merged=[1, 3]
94.6 fp=[1] true=[3] merged=[1, 3]
94.9 fp=[1] true=[3] merged=[1, 3]
95.2 fp=[5] true=[3] merged=[3, 5]
95.5 fp=[5] true=[3] merged=[3, 5]
95.8 fp=[5] true=[3] merged=[3, 5]
96.1 fp=[5] true=[3] merged=[3, 5]
96.4 fp=[5] true=[3] merged=[3, 5]
96.7 fp=[5] true=[3] merged=[3, 5]
97.1 fp=[5] true=[3] merged=[3, 5]
97.4 fp=[5] true=[3] merged=[3, 5]
97.7 fp=[5] true=[3] merged=[3, 5]
98.0 fp=[5] true=[3] merged=[3, 5]
98.3 fp=[5] true=[3] merged=[3, 5]
98.6 fp=[5] true=[3] merged=[3, 5]
98.9 fp=[5] true=[3] merged=[3, 5]
99.2 fp=[5] true=[3] merged=[3, 5]
99.5 fp=[5] true=[3] merged=[3, 5]
99.9 fp=[5] true=[3] merged=[3, 5]
100.2 fp=[5] true=[3] merged=[3, 5]
100.5 fp=[5] true=[3] merged=[3, 5]
100.8 fp=[5] true=[3] merged=[3, 5]
101.1 fp=[2] true=[3] merged=[2, 3]
101.4 fp=[2] true=[3] merged=[2, 3]
101.7 fp=[2] true=[3] merged=[2, 3]
102.1 fp=[2] true=[3] merged=[2, 3]
102.4 fp=[2] true=[3] merged=[2, 3]
102.7 fp=[2] true=[3] merged=[2, 3]
103.0 fp=[2] true=[3] merged=[2, 3]
103.3 fp=[2] true=[3] merged=[2, 3]
103.6 fp=[2] true=[3] merged=[2, 3]
103.9 fp=[2] true=[3] merged=[2, 3]
104.2 fp=[2] true=[3] merged=[2, 3]
104.5 fp=[2] true=[3] merged=[2, 3]
104.8 fp=[2] true=[3] merged=[2, 3]
105.2 fp=[2] true=[3] merged=[2, 3]
105.5 fp=[2] true=[3] merged=[2, 3]
105.8 fp=[2] true=[3] merged=[2, 3]
106.1 fp=[2] true=[3] merged=[2, 3]
106.4 fp=[2] true=[3] merged=[2, 3]
106.8 fp=[2] true=[3] merged=[2, 3]
107.1 fp=[2] true=[3] merged=[2, 3]
107.4 fp=[2] true=[3] merged=[2, 3]
107.7 fp=[2] true=[3] merged=[2, 3]
108.0 fp=[2] true=[3] merged=[2, 3]
108.4 fp=[2] true=[3] merged=[2, 3]
108.7 fp=[2] true=[3] merged=[2, 3]
109.0 fp=[2] true=[3] merged=[2, 3]
109.3 fp=[2] true=[3] merged=[2, 3]
109.6 fp=[2] true=[3] merged=[2, 3]
109.9 fp=[2] true=[3] merged=[2, 3]
110.2 fp=[2] true=[3] merged=[2, 3]
110.5 fp=[2] true=[3] merged=[2, 3]
110.8 fp=[2] true=[3] merged=[2, 3]
111.2 fp=[2] true=[3] merged=[2, 3]
111.5 fp=[2] true=[3] merged=[2, 3]
111.8 fp=[2] true=[3] merged=[2, 3]
112.1 fp=[2] true=[3] merged=[2, 3]
112.4 fp=[2] true=[3] merged=[2, 3]
112.7 fp=[2] true=[3] merged=[2, 3]
113.0 fp=[2] true=[3] merged=[2, 3]
113.4 fp=[2] true=[3] merged=[2, 3]
113.7 fp=[2] true=[3] merged=[2, 3]
114.0 fp=[2] true=[3] merged=[2, 3]
114.3 fp=[2] true=[3] merged=[2, 3]
114.6 fp=[2] true=[3] merged=[2, 3]
114.9 fp=[2] true=[3] merged=[2, 3]
115.2 fp=[2] true=[3] merged=[2, 3]
115.5 fp=[2] true=[3] merged=[2, 3]
115.8 fp=[2] true=[3] merged=[2, 3]
116.2 fp=[2] true=[3] merged=[2, 3]
116.5 fp=[2] true=[3] merged=[2, 3]
116.8 fp=[2] true=[3] merged=[2, 3]
117.1 fp=[2] true=[3] merged=[2, 3]
117.4 fp=[2] true=[3] merged=[2, 3]
117.7 fp=[2] true=[3] merged=[2, 3]
118.1 fp=[2] true=[3] merged=[2, 3]
118.4 fp=[2] true=[3] merged=[2, 3]
118.7 fp=[2] true=[3] merged=[2, 3]
119.0 fp=[2] true=[3] merged=[2, 3]
119.3 fp=[2] true=[3] merged=[2, 3]
119.6 fp=[2] true=[3] merged=[2, 3]
119.9 fp=[2] true=[3] merged=[2, 3]
120.2 fp=[2] true=[3] merged=[2, 3]
120.5 fp=[2] true=[3] merged=[2, 3]
120.8 fp=[2] true=[3] merged=[2, 3]
121.2 fp=[2] true=[3] merged=[2, 3]
121.5 fp=[2] true=[3] merged=[2, 3]
121.8 fp=[2] true=[3] merged=[2, 3]
122.1 fp=[2] true=[3] merged=[2, 3]
122.4 fp=[2] true=[3] merged=[2, 3]
122.7 fp=[2] true=[3] merged=[2, 3]
123.0 fp=[2] true=[3] merged=[2, 3]
123.3 fp=[2] true=[3] merged=[2, 3]
123.6 fp=[2] true=[3] merged=[2, 3]
123.9 fp=[2] true=[3] merged=[2, 3]
124.2 fp=[2] true=[3] merged=[2, 3]
124.6 fp=[2] true=[3] merged=[2, 3]
124.9 fp=[2] true=[3] merged=[2, 3]
125.2 fp=[2] true=[3] merged=[2, 3]
125.5 fp=[2] true=[3] merged=[2, 3]
125.8 fp=[2] true=[3] merged=[2, 3]
126.1 fp=[2] true=[3] merged=[2, 3]
126.4 fp=[2] true=[3] merged=[2, 3]
126.7 fp=[2] true=[3] merged=[2, 3]
127.0 fp=[5] true=[3] merged=[3, 5]
127.3 fp=[5] true=[3] merged=[3, 5]
127.7 fp=[5] true=[3] merged=[3, 5]
128.0 fp=[5] true=[3] merged=[3, 5]
128.3 fp=[5] true=[3] merged=[3, 5]
128.6 fp=[5] true=[3] merged=[3, 5]
128.9 fp=[5] true=[3] merged=[3, 5]
129.2 fp=[5] true=[3] merged=[3, 5]
129.5 fp=[5] true=[3] merged=[3, 5]
129.8 fp=[5] true=[3] merged=[3, 5]
130.1 fp=[5] true=[3] merged=[3, 5]
130.5 fp=[5] true=[3] merged=[3, 5]
130.8 fp=[5] true=[3] merged=[3, 5]
131.1 fp=[5] true=[3] merged=[3, 5]
131.4 fp=[5] true=[3] merged=[3, 5]
131.7 fp=[5] true=[3] merged=[3, 5]
132.1 fp=[6] true=[3] merged=[3, 6]
132.4 fp=[6] true=[3] merged=[3, 6]
132.7 fp=[6] true=[3] merged=[3, 6]
133.0 fp=[6] true=[3] merged=[3, 6]
133.3 fp=[6] true=[3] merged=[3, 6]
133.6 fp=[6] true=[3] merged=[3, 6]
133.9 fp=[6] true=[3] merged=[3, 6]
134.3 fp=[6] true=[3] merged=[3, 6]
134.6 fp=[6] true=[3] merged=[3, 6]
134.9 fp=[6] true=[3] merged=[3, 6]
135.2 fp=[6] true=[3] merged=[3, 6]
135.5 fp=[6] true=[3] merged=[3, 6]
135.9 fp=[6] true=[3] merged=[3, 6]
136.2 fp=[6] true=[3] merged=[3, 6]
136.5 fp=[6] true=[3] merged=[3, 6]
136.8 fp=[6] true=[3] merged=[3, 6]
146.2 fp=[7] true=[3] merged=[3, 7]
146.6 fp=[7] true=[3] merged=[3, 7]
146.9 fp=[7] true=[3] merged=[3, 7]
147.2 fp=[7] true=[3] merged=[3, 7]
147.5 fp=[7] true=[3] merged=[3, 7]
147.8 fp=[7] true=[3] merged=[3, 7]
148.1 fp=[7] true=[3] merged=[3, 7]
148.4 fp=[7] true=[3] merged=[3, 7]
148.8 fp=[7] true=[3] merged=[3, 7]
149.1 fp=[7] true=[3] merged=[3, 7]
149.4 fp=[7] true=[3] merged=[3, 7]
149.7 fp=[7] true=[3] merged=[3, 7]
150.0 fp=[7] true=[3] merged=[3, 7]
150.3 fp=[7] true=[3] merged=[3, 7]
150.6 fp=[7] true=[3] merged=[3, 7]
151.0 fp=[7] true=[3] merged=[3, 7]
151.3 fp=[7] true=[3] merged=[3, 7]
151.6 fp=[7] true=[3] merged=[3, 7]
151.9 fp=[7] true=[3] merged=[3, 7]
152.2 fp=[7] true=[3] merged=[3, 7]
152.5 fp=[7] true=[3] merged=[3, 7]
152.8 fp=[7] true=[3] merged=[3, 7]
153.1 fp=[7] true=[3] merged=[3, 7]
153.4 fp=[7] true=[3] merged=[3, 7]
153.7 fp=[7] true=[3] merged=[3, 7]
154.1 fp=[7] true=[3] merged=[3, 7]
154.4 fp=[7] true=[3] merged=[3, 7]
154.7 fp=[7] true=[3] merged=[3, 7]
155.0 fp=[7] true=[3] merged=[3, 7]
155.3 fp=[7] true=[3] merged=[3, 7]
155.6 fp=[7] true=[3] merged=[3, 7]
155.9 fp=[7] true=[3] merged=[3, 7]
156.2 fp=[7] true=[3] merged=[3, 7]
156.5 fp=[7] true=[3] merged=[3, 7]
156.8 fp=[7] true=[3] merged=[3, 7]
157.1 fp=[7] true=[3] merged=[3, 7]
157.5 fp=[7] true=[3] merged=[3, 7]
157.8 fp=[7] true=[3] merged=[3, 7]
158.1 fp=[7] true=[3] merged=[3, 7]
158.4 fp=[7] true=[3] merged=[3, 7]
158.7 fp=[7] true=[3] merged=[3, 7]
159.0 fp=[7] true=[3] merged=[3, 7]
159.3 fp=[7] true=[3] merged=[3, 7]
159.6 fp=[7] true=[3] merged=[3, 7]
159.9 fp=[7] true=[3] merged=[3, 7]
160.3 fp=[7] true=[3] merged=[3, 7]
160.6 fp=[7] true=[3] merged=[3, 7]
160.9 fp=[7] true=[3] merged=[3, 7]
161.3 fp=[7] true=[3] merged=[3, 7]
161.6 fp=[7] true=[3] merged=[3, 7]
161.9 fp=[7] true=[3] merged=[3, 7]
162.2 fp=[7] true=[3] merged=[3, 7]
162.5 fp=[7] true=[3] merged=[3, 7]
162.8 fp=[7] true=[3] merged=[3, 7]
163.1 fp=[7] true=[3] merged=[3, 7]
163.4 fp=[7] true=[3] merged=[3, 7]
163.7 fp=[7] true=[3] merged=[3, 7]
164.1 fp=[7] true=[3] merged=[3, 7]
164.4 fp=[7] true=[3] merged=[3, 7]
164.7 fp=[7] true=[3] merged=[3, 7]
165.0 fp=[7] true=[3] merged=[3, 7]
165.3 fp=[7] true=[3] merged=[3, 7]
165.7 fp=[7] true=[3] merged=[3, 7]
166.0 fp=[7] true=[3] merged=[3, 7]
174.1 fp=[5] true=[3] merged=[3, 5]
174.4 fp=[5] true=[3] merged=[3, 5]
174.7 fp=[5] true=[3] merged=[3, 5]
175.0 fp=[5] true=[3] merged=[3, 5]
175.3 fp=[5] true=[3] merged=[3, 5]
175.6 fp=[5] true=[3] merged=[3, 5]
175.9 fp=[5] true=[3] merged=[3, 5]
176.2 fp=[5] true=[3] merged=[3, 5]
176.6 fp=[5] true=[3] merged=[3, 5]
176.9 fp=[5] true=[3] merged=[3, 5]
177.2 fp=[5] true=[3] merged=[3, 5]
177.5 fp=[5] true=[3] merged=[3, 5]
177.8 fp=[5] true=[3] merged=[3, 5]
178.1 fp=[5] true=[3] merged=[3, 5]
178.4 fp=[5] true=[3] merged=[3, 5]
178.7 fp=[5] true=[3] merged=[3, 5]
179.1 fp=[5] true=[3] merged=[3, 5]
179.4 fp=[5] true=[3] merged=[3, 5]
179.7 fp=[5] true=[3] merged=[3, 5]
180.0 fp=[5] true=[3] merged=[3, 5]
180.3 fp=[5] true=[3] merged=[3, 5]
180.6 fp=[5] true=[3] merged=[3, 5]
180.9 fp=[5] true=[3] merged=[3, 5]
181.2 fp=[5] true=[3] merged=[3, 5]
181.5 fp=[5] true=[3] merged=[3, 5]
181.9 fp=[5] true=[3] merged=[3, 5]
182.2 fp=[5] true=[3] merged=[3, 5]
182.5 fp=[5] true=[3] merged=[3, 5]
182.8 fp=[5] true=[3] merged=[3, 5]
183.1 fp=[5] true=[3] merged=[3, 5]
183.4 fp=[5] true=[3] merged=[3, 5]
183.7 fp=[5] true=[3] merged=[3, 5]
184.1 fp=[5] true=[3] merged=[3, 5]
184.4 fp=[5] true=[3] merged=[3, 5]
184.7 fp=[5] true=[3] merged=[3, 5]
185.0 fp=[5] true=[3] merged=[3, 5]
185.3 fp=[5] true=[3] merged=[3, 5]
185.6 fp=[5] true=[3] merged=[3, 5]
185.9 fp=[5] true=[3] merged=[3, 5]
186.2 fp=[5] true=[3] merged=[3, 5]
186.5 fp=[5] true=[3] merged=[3, 5]
186.9 fp=[5] true=[3] merged=[3, 5]
187.2 fp=[5] true=[3] merged=[3, 5]
187.5 fp=[5] true=[3] merged=[3, 5]
187.8 fp=[5] true=[3] merged=[3, 5]
188.1 fp=[5] true=[3] merged=[3, 5]
188.4 fp=[5] true=[3] merged=[3, 5]
188.7 fp=[5] true=[3] merged=[3, 5]
189.0 fp=[5] true=[3] merged=[3, 5]
189.3 fp=[5] true=[3] merged=[3, 5]
189.6 fp=[5] true=[3] merged=[3, 5]
190.0 fp=[5] true=[3] merged=[3, 5]
190.3 fp=[5] true=[3] merged=[3, 5]
190.6 fp=[5] true=[3] merged=[3, 5]
191.0 fp=[5] true=[3] merged=[3, 5]
191.3 fp=[5] true=[3] merged=[3, 5]
191.6 fp=[5] true=[3] merged=[3, 5]
191.9 fp=[5] true=[3] merged=[3, 5]
192.2 fp=[5] true=[3] merged=[3, 5]
192.6 fp=[5] true=[3] merged=[3, 5]
192.9 fp=[5] true=[3] merged=[3, 5]
193.2 fp=[5] true=[3] merged=[3, 5]
193.5 fp=[5] true=[3] merged=[3, 5]
193.8 fp=[5] true=[3] merged=[3, 5]
212.1 fp=[7] true=[3] merged=[3, 7]
212.4 fp=[7] true=[3] merged=[3, 7]
212.7 fp=[7] true=[3] merged=[3, 7]
213.0 fp=[7] true=[3] merged=[3, 7]
213.3 fp=[7] true=[3] merged=[3, 7]
213.6 fp=[7] true=[3] merged=[3, 7]
214.0 fp=[7] true=[3] merged=[3, 7]
214.3 fp=[7] true=[3] merged=[3, 7]
214.6 fp=[7] true=[3] merged=[3, 7]
214.9 fp=[7] true=[3] merged=[3, 7]
215.2 fp=[7] true=[3] merged=[3, 7]
215.5 fp=[7] true=[3] merged=[3, 7]
215.8 fp=[7] true=[3] merged=[3, 7]
216.2 fp=[7] true=[3] merged=[3, 7]
216.5 fp=[7] true=[3] merged=[3, 7]
216.8 fp=[7] true=[3] merged=[3, 7]
217.1 fp=[7] true=[3] merged=[3, 7]
217.4 fp=[7] true=[3] merged=[3, 7]
217.7 fp=[7] true=[3] merged=[3, 7]
218.0 fp=[7] true=[3] merged=[3, 7]
218.3 fp=[7] true=[3] merged=[3, 7]
218.6 fp=[7] true=[3] merged=[3, 7]
218.9 fp=[7] true=[3] merged=[3, 7]
219.2 fp=[7] true=[3] merged=[3, 7]
219.6 fp=[7] true=[3] merged=[3, 7]
219.9 fp=[7] true=[3] merged=[3, 7]
220.2 fp=[7] true=[3] merged=[3, 7]
220.5 fp=[7] true=[3] merged=[3, 7]
220.8 fp=[7] true=[3] merged=[3, 7]
221.1 fp=[7] true=[3] merged=[3, 7]
221.4 fp=[7] true=[3] merged=[3, 7]
221.7 fp=[7] true=[3] merged=[3, 7]
222.1 fp=[7] true=[3] merged=[3, 7]
222.4 fp=[7] true=[3] merged=[3, 7]
222.7 fp=[7] true=[3] merged=[3, 7]
223.0 fp=[7] true=[3] merged=[3, 7]
223.3 fp=[7] true=[3] merged=[3, 7]
223.6 fp=[7] true=[3] merged=[3, 7]
223.9 fp=[7] true=[3] merged=[3, 7]
224.3 fp=[7] true=[3] merged=[3, 7]
224.6 fp=[7] true=[3] merged=[3, 7]
224.9 fp=[7] true=[3] merged=[3, 7]
225.2 fp=[7] true=[3] merged=[3, 7]
225.5 fp=[7] true=[3] merged=[3, 7]
225.8 fp=[7] true=[3] merged=[3, 7]
226.2 fp=[4] true=[3] merged=[3, 4]
226.5 fp=[4] true=[3] merged=[3, 4]
226.8 fp=[4] true=[3] merged=[3, 4]
227.1 fp=[4] true=[3] merged=[3, 4]
227.4 fp=[4] true=[3] merged=[3, 4]
227.7 fp=[4] true=[3] merged=[3, 4]
228.0 fp=[4] true=[3] merged=[3, 4]
228.4 fp=[4] true=[3] merged=[3, 4]
228.7 fp=[4] true=[3] merged=[3, 4]
229.0 fp=[4] true=[3] merged=[3, 4]
229.3 fp=[4] true=[3] merged=[3, 4]
229.6 fp=[4] true=[3] merged=[3, 4]
229.9 fp=[4] true=[3] merged=[3, 4]
230.2 fp=[4] true=[3] merged=[3, 4]
230.5 fp=[4] true=[3] merged=[3, 4]
230.8 fp=[4] true=[3] merged=[3, 4]
231.2 fp=[4] true=[3] merged=[3, 4]
231.5 fp=[4] true=[3] merged=[3, 4]
231.8 fp=[4] true=[3] merged=[3, 4]
232.1 fp=[1] true=[3] merged=[1, 3]
232.4 fp=[1] true=[3] merged=[1, 3]
232.7 fp=[1] true=[3] merged=[1, 3]
233.0 fp=[1] true=[3] merged=[1, 3]
233.4 fp=[1] true=[3] merged=[1, 3]
233.7 fp=[1] true=[3] merged=[1, 3]
234.0 fp=[1] true=[3] merged=[1, 3]
234.3 fp=[1] true=[3] merged=[1, 3]
234.6 fp=[1] true=[3] merged=[1, 3]
234.9 fp=[1] true=[3] merged=[1, 3]
235.2 fp=[1] true=[3] merged=[1, 3]
235.6 fp=[1] true=[3] merged=[1, 3]
235.9 fp=[1] true=[3] merged=[1, 3]
236.2 fp=[1] true=[3] merged=[1, 3]
236.5 fp=[1] true=[3] merged=[1, 3]
236.8 fp=[1] true=[3] merged=[1, 3]
237.1 fp=[1] true=[3] merged=[1, 3]
237.4 fp=[1] true=[3] merged=[1, 3]
237.8 fp=[1] true=[3] merged=[1, 3]
238.1 fp=[1] true=[3] merged=[1, 3]
238.4 fp=[1] true=[3] merged=[1, 3]
238.7 fp=[1] true=[3] merged=[1, 3]
239.0 fp=[1] true=[3] merged=[1, 3]
239.4 fp=[1] true=[3] merged=[1, 3]
239.7 fp=[1] true=[3] merged=[1, 3]
240.0 fp=[1] true=[3] merged=[1, 3]
240.3 fp=[1] true=[3] merged=[1, 3]
240.6 fp=[1] true=[3] merged=[1, 3]
240.9 fp=[1] true=[3] merged=[1, 3]
241.2 fp=[1] true=[3] merged=[1, 3]
241.5 fp=[1] true=[3] merged=[1, 3]
241.9 fp=[1] true=[3] merged=[1, 3]
242.2 fp=[1] true=[3] merged=[1, 3]
242.5 fp=[1] true=[3] merged=[1, 3]
242.8 fp=[1] true=[3] merged=[1, 3]
243.1 fp=[1] true=[3] merged=[1, 3]
243.4 fp=[1] true=[3] merged=[1, 3]
243.7 fp=[1] true=[3] merged=[1, 3]
244.1 fp=[1] true=[3] merged=[1, 3]
244.4 fp=[1] true=[3] merged=[1, 3]
244.7 fp=[1] true=[3] merged=[1, 3]
245.0 fp=[1] true=[3] merged=[1, 3]
245.3 fp=[1] true=[3] merged=[1, 3]
245.6 fp=[1] true=[3] merged=[1, 3]
245.9 fp=[1] true=[3] merged=[1, 3]
246.2 fp=[1] true=[3] merged=[1, 3]
246.6 fp=[1] true=[3] merged=[1, 3]
246.9 fp=[1] true=[3] merged=[1, 3]
247.2 fp=[1] true=[3] merged=[1, 3]
247.5 fp=[1] true=[3] merged=[1, 3]
247.8 fp=[1] true=[3] merged=[1, 3]
248.1 fp=[1] true=[3] merged=[1, 3]
248.4 fp=[1] true=[3] merged=[1, 3]
248.7 fp=[1] true=[3] merged=[1, 3]
249.1 fp=[1] true=[3] merged=[1, 3]
249.4 fp=[1] true=[3] merged=[1, 3]
249.7 fp=[1] true=[3] merged=[1, 3]
250.0 fp=[1] true=[3] merged=[1, 3]
250.3 fp=[1] true=[3] merged=[1, 3]
250.6 fp=[1] true=[3] merged=[1, 3]
250.9 fp=[1] true=[3] merged=[1, 3]
251.2 fp=[1] true=[3] merged=[1, 3]
251.5 fp=[1] true=[3] merged=[1, 3]
251.9 fp=[1] true=[3] merged=[1, 3]
252.2 fp=[4] true=[3] merged=[3, 4]
252.5 fp=[4] true=[3] merged=[3, 4]
252.8 fp=[4] true=[3] merged=[3, 4]
253.1 fp=[4] true=[3] merged=[3, 4]
253.4 fp=[4] true=[3] merged=[3, 4]
253.7 fp=[4] true=[3] merged=[3, 4]
254.0 fp=[4] true=[3] merged=[3, 4]
254.4 fp=[4] true=[3] merged=[3, 4]
254.7 fp=[4] true=[3] merged=[3, 4]
255.0 fp=[4] true=[3] merged=[3, 4]
255.3 fp=[4] true=[3] merged=[3, 4]
255.6 fp=[4] true=[3] merged=[3, 4]
255.9 fp=[4] true=[3] merged=[3, 4]
256.2 fp=[4] true=[3] merged=[3, 4]
256.5 fp=[4] true=[3] merged=[3, 4]
256.8 fp=[4] true=[3] merged=[3, 4]
257.2 fp=[4] true=[3] merged=[3, 4]
257.5 fp=[4] true=[3] merged=[3, 4]
257.8 fp=[4] true=[3] merged=[3, 4]
258.1 fp=[4] true=[3] merged=[3, 4]
258.4 fp=[4] true=[3] merged=[3, 4]
258.7 fp=[4] true=[3] merged=[3, 4]
259.0 fp=[4] true=[3] merged=[3, 4]
259.4 fp=[4] true=[3] merged=[3, 4]
259.7 fp=[4] true=[3] merged=[3, 4]
260.0 fp=[4] true=[3] merged=[3, 4]
260.3 fp=[4] true=[3] merged=[3, 4]
260.6 fp=[4] true=[3] merged=[3, 4]
260.9 fp=[4] true=[3] merged=[3, 4]
261.2 fp=[4] true=[3] merged=[3, 4]
261.6 fp=[4] true=[3] merged=[3, 4]
261.9 fp=[4] true=[3] merged=[3, 4]
262.2 fp=[4] true=[3] merged=[3, 4]
262.5 fp=[4] true=[3] merged=[3, 4]
262.8 fp=[4] true=[3] merged=[3, 4]
263.1 fp=[4] true=[3] merged=[3, 4]
263.5 fp=[4] true=[3] merged=[3, 4]
263.8 fp=[4] true=[3] merged=[3, 4]
264.1 fp=[4] true=[3] merged=[3, 4]
264.4 fp=[4] true=[3] merged=[3, 4]
264.7 fp=[4] true=[3] merged=[3, 4]
265.0 fp=[4] true=[3] merged=[3, 4]
265.3 fp=[4] true=[3] merged=[3, 4]
265.6 fp=[4] true=[3] merged=[3, 4]
265.9 fp=[4] true=[3] merged=[3, 4]
266.2 fp=[4] true=[3] merged=[3, 4]
266.5 fp=[4] true=[3] merged=[3, 4]
266.9 fp=[4] true=[3] merged=[3, 4]
267.2 fp=[4] true=[3] merged=[3, 4]
267.5 fp=[4] true=[3] merged=[3, 4]
267.8 fp=[4] true=[3] merged=[3, 4]
268.1 fp=[5] true=[3] merged=[3, 5]
268.4 fp=[5] true=[3] merged=[3, 5]
268.7 fp=[5] true=[3] merged=[3, 5]
269.0 fp=[5] true=[3] merged=[3, 5]
269.4 fp=[5] true=[3] merged=[3, 5]
269.7 fp=[5] true=[3] merged=[3, 5]
270.0 fp=[5] true=[3] merged=[3, 5]
270.3 fp=[5] true=[3] merged=[3, 5]
270.6 fp=[5] true=[3] merged=[3, 5]
270.9 fp=[5] true=[3] merged=[3, 5]
271.2 fp=[5] true=[3] merged=[3, 5]
271.6 fp=[5] true=[3] merged=[3, 5]
271.9 fp=[5] true=[3] merged=[3, 5]
272.2 fp=[5] true=[3] merged=[3, 5]
272.5 fp=[5] true=[3] merged=[3, 5]
272.8 fp=[5] true=[3] merged=[3, 5]
273.1 fp=[5] true=[3] merged=[3, 5]
273.5 fp=[5] true=[3] merged=[3, 5]
273.8 fp=[5] true=[3] merged=[3, 5]
274.1 fp=[5] true=[3] merged=[3, 5]
274.4 fp=[5] true=[3] merged=[3, 5]
274.7 fp=[5] true=[3] merged=[3, 5]
275.0 fp=[5] true=[3] merged=[3, 5]
275.3 fp=[5] true=[3] merged=[3, 5]
275.6 fp=[5] true=[3] merged=[3, 5]
275.9 fp=[5] true=[3] merged=[3, 5]
276.3 fp=[5] true=[3] merged=[3, 5]
276.6 fp=[5] true=[3] merged=[3, 5]
276.9 fp=[5] true=[3] merged=[3, 5]
277.2 fp=[5] true=[3] merged=[3, 5]
277.5 fp=[5] true=[3] merged=[3, 5]
277.8 fp=[5] true=[3] merged=[3, 5]
278.2 fp=[6] true=[3] merged=[3, 6]
278.5 fp=[6] true=[3] merged=[3, 6]
278.8 fp=[6] true=[3] merged=[3, 6]
279.1 fp=[6] true=[3] merged=[3, 6]
279.4 fp=[6] true=[3] merged=[3, 6]
279.7 fp=[6] true=[3] merged=[3, 6]
280.0 fp=[6] true=[3] merged=[3, 6]
280.3 fp=[6] true=[3] merged=[3, 6]
280.6 fp=[6] true=[3] merged=[3, 6]
281.0 fp=[6] true=[3] merged=[3, 6]
281.3 fp=[6] true=[3] merged=[3, 6]
281.6 fp=[6] true=[3] merged=[3, 6]
281.9 fp=[6] true=[3] merged=[3, 6]
282.2 fp=[6] true=[3] merged=[3, 6]
282.5 fp=[6] true=[3] merged=[3, 6]
282.9 fp=[6] true=[3] merged=[3, 6]
283.2 fp=[6] true=[3] merged=[3, 6]
283.5 fp=[6] true=[3] merged=[3, 6]
283.8 fp=[6] true=[3] merged=[3, 6]
284.1 fp=[6] true=[3] merged=[3, 6]
284.4 fp=[6] true=[3] merged=[3, 6]
284.7 fp=[6] true=[3] merged=[3, 6]
285.0 fp=[6] true=[3] merged=[3, 6]
285.3 fp=[6] true=[3] merged=[3, 6]
285.7 fp=[6] true=[3] merged=[3, 6]
286.0 fp=[6] true=[3] merged=[3, 6]
286.3 fp=[6] true=[3] merged=[3, 6]
286.6 fp=[6] true=[3] merged=[3, 6]
286.9 fp=[6] true=[3] merged=[3, 6]
287.2 fp=[6] true=[3] merged=[3, 6]
287.5 fp=[6] true=[3] merged=[3, 6]
287.8 fp=[6] true=[3] merged=[3, 6]
288.2 fp=[6] true=[3] merged=[3, 6]
288.5 fp=[6] true=[3] merged=[3, 6]
288.8 fp=[6] true=[3] merged=[3, 6]
289.1 fp=[6] true=[3] merged=[3, 6]
289.4 fp=[6] true=[3] merged=[3, 6]
289.7 fp=[6] true=[3] merged=[3, 6]
290.0 fp=[6] true=[3] merged=[3, 6]
290.3 fp=[6] true=[3] merged=[3, 6]
290.6 fp=[6] true=[3] merged=[3, 6]
291.0 fp=[6] true=[3] merged=[3, 6]
291.3 fp=[6] true=[3] merged=[3, 6]
291.6 fp=[6] true=[3] merged=[3, 6]
291.9 fp=[6] true=[3] merged=[3, 6]
292.2 fp=[6] true=[3] merged=[3, 6]
292.5 fp=[6] true=[3] merged=[3, 6]
292.9 fp=[6] true=[3] merged=[3, 6]
297.3 fp=[4] true=[3] merged=[3, 4]
297.6 fp=[4] true=[3] merged=[3, 4]
297.9 fp=[4] true=[3] merged=[3, 4]
298.2 fp=[4] true=[3] merged=[3, 4]
298.5 fp=[4] true=[3] merged=[3, 4]
298.8 fp=[4] true=[3] merged=[3, 4]
299.1 fp=[1] true=[3] merged=[1, 3]
299.5 fp=[1] true=[3] merged=[1, 3]
299.8 fp=[1] true=[3] merged=[1, 3]
300.1 fp=[1] true=[3] merged=[1, 3]
300.4 fp=[1] true=[3] merged=[1, 3]
300.7 fp=[1] true=[3] merged=[1, 3]
301.0 fp=[1] true=[3] merged=[1, 3]
301.4 fp=[1] true=[3] merged=[1, 3]
301.7 fp=[1] true=[3] merged=[1, 3]
302.0 fp=[1] true=[3] merged=[1, 3]
302.4 fp=[1] true=[3] merged=[1, 3]
302.7 fp=[1] true=[3] merged=[1, 3]
303.0 fp=[1] true=[3] merged=[1, 3]
303.3 fp=[1] true=[3] merged=[1, 3]
303.6 fp=[1] true=[3] merged=[1, 3]
303.9 fp=[1] true=[3] merged=[1, 3]
304.2 fp=[1] true=[3] merged=[1, 3]
304.6 fp=[1] true=[3] merged=[1, 3]
304.9 fp=[1] true=[3] merged=[1, 3]
305.2 fp=[1] true=[3] merged=[1, 3]
305.5 fp=[1] true=[3] merged=[1, 3]
305.9 fp=[1] true=[3] merged=[1, 3]
306.2 fp=[1] true=[3] merged=[1, 3]
306.5 fp=[1] true=[3] merged=[1, 3]
306.8 fp=[1] true=[3] merged=[1, 3]
307.1 fp=[1] true=[3] merged=[1, 3]
307.4 fp=[1] true=[3] merged=[1, 3]
307.7 fp=[1] true=[3] merged=[1, 3]
308.0 fp=[1] true=[3] merged=[1, 3]
308.4 fp=[1] true=[3] merged=[1, 3]
308.7 fp=[1] true=[3] merged=[1, 3]
309.0 fp=[1] true=[3] merged=[1, 3]
309.3 fp=[1] true=[3] merged=[1, 3]
309.6 fp=[1] true=[3] merged=[1, 3]
309.9 fp=[1] true=[3] merged=[1, 3]
310.2 fp=[1] true=[3] merged=[1, 3]
310.6 fp=[1] true=[3] merged=[1, 3]
310.9 fp=[1] true=[3] merged=[1, 3]
311.2 fp=[1] true=[3] merged=[1, 3]
311.5 fp=[1] true=[3] merged=[1, 3]
311.8 fp=[1] true=[3] merged=[1, 3]
312.1 fp=[1] true=[3] merged=[1, 3]
312.5 fp=[1] true=[3] merged=[1, 3]
312.8 fp=[1] true=[3] merged=[1, 3]
313.1 fp=[1] true=[3] merged=[1, 3]
313.4 fp=[1] true=[3] merged=[1, 3]
313.7 fp=[1] true=[3] merged=[1, 3]
314.0 fp=[1] true=[3] merged=[1, 3]
314.3 fp=[1] true=[3] merged=[1, 3]
314.6 fp=[1] true=[3] merged=[1, 3]
315.0 fp=[1] true=[3] merged=[1, 3]
315.3 fp=[1] true=[3] merged=[1, 3]
315.6 fp=[1] true=[3] merged=[1, 3]
315.9 fp=[1] true=[3] merged=[1, 3]
316.2 fp=[1] true=[3] merged=[1, 3]
316.5 fp=[1] true=[3] merged=[1, 3]
316.9 fp=[1] true=[3] merged=[1, 3]
317.2 fp=[1] true=[3] merged=[1, 3]
317.5 fp=[1] true=[3] merged=[1, 3]
317.8 fp=[1] true=[3] merged=[1, 3]
318.1 fp=[1] true=[3] merged=[1, 3]
318.4 fp=[1] true=[3] merged=[1, 3]
318.7 fp=[1] true=[3] merged=[1, 3]
319.0 fp=[4] true=[3] merged=[3, 4]
319.4 fp=[4] true=[3] merged=[3, 4]
319.7 fp=[4] true=[3] merged=[3, 4]
320.0 fp=[4] true=[3] merged=[3, 4]
320.3 fp=[4] true=[3] merged=[3, 4]
320.6 fp=[4] true=[3] merged=[3, 4]
320.9 fp=[4] true=[3] merged=[3, 4]
321.2 fp=[4] true=[3] merged=[3, 4]
321.5 fp=[4] true=[3] merged=[3, 4]
321.9 fp=[4] true=[3] merged=[3, 4]
322.2 fp=[4] true=[3] merged=[3, 4]
322.5 fp=[4] true=[3] merged=[3, 4]
322.8 fp=[4] true=[3] merged=[3, 4]
323.1 fp=[4] true=[3] merged=[3, 4]
323.4 fp=[4] true=[3] merged=[3, 4]
323.7 fp=[4] true=[3] merged=[3, 4]
324.0 fp=[4] true=[3] merged=[3, 4]
324.4 fp=[4] true=[3] merged=[3, 4]
324.7 fp=[4] true=[3] merged=[3, 4]
325.0 fp=[4] true=[3] merged=[3, 4]
325.3 fp=[4] true=[3] merged=[3, 4]
325.6 fp=[4] true=[3] merged=[3, 4]
325.9 fp=[4] true=[3] merged=[3, 4]
326.2 fp=[4] true=[3] merged=[3, 4]
326.5 fp=[4] true=[3] merged=[3, 4]
326.9 fp=[4] true=[3] merged=[3, 4]
332.1 fp=[6] true=[3] merged=[3, 6]
332.5 fp=[6] true=[3] merged=[3, 6]
332.8 fp=[6] true=[3] merged=[3, 6]
333.1 fp=[6] true=[3] merged=[3, 6]
333.4 fp=[6] true=[3] merged=[3, 6]
333.7 fp=[6] true=[3] merged=[3, 6]
334.0 fp=[6] true=[3] merged=[3, 6]
334.3 fp=[6] true=[3] merged=[3, 6]
334.7 fp=[6] true=[3] merged=[3, 6]
335.0 fp=[6] true=[3] merged=[3, 6]
335.3 fp=[6] true=[3] merged=[3, 6]
335.6 fp=[6] true=[3] merged=[3, 6]
335.9 fp=[6] true=[3] merged=[3, 6]
336.2 fp=[6] true=[3] merged=[3, 6]
336.6 fp=[6] true=[3] merged=[3, 6]
336.9 fp=[6] true=[3] merged=[3, 6]
337.2 fp=[6] true=[3] merged=[3, 6]
337.5 fp=[6] true=[3] merged=[3, 6]
337.8 fp=[6] true=[3] merged=[3, 6]
338.1 fp=[6] true=[3] merged=[3, 6]
338.4 fp=[6] true=[3] merged=[3, 6]
338.8 fp=[6] true=[3] merged=[3, 6]
339.1 fp=[6] true=[3] merged=[3, 6]
339.4 fp=[6] true=[3] merged=[3, 6]
339.7 fp=[6] true=[3] merged=[3, 6]
340.0 fp=[6] true=[3] merged=[3, 6]
340.3 fp=[6] true=[3] merged=[3, 6]
340.7 fp=[6] true=[3] merged=[3, 6]
341.0 fp=[6] true=[3] merged=[3, 6]
341.3 fp=[6] true=[3] merged=[3, 6]
341.6 fp=[6] true=[3] merged=[3, 6]
342.0 fp=[6] true=[3] merged=[3, 6]
342.3 fp=[6] true=[3] merged=[3, 6]
342.6 fp=[6] true=[3] merged=[3, 6]
342.9 fp=[6] true=[3] merged=[3, 6]
343.2 fp=[6] true=[3] merged=[3, 6]
343.5 fp=[6] true=[3] merged=[3, 6]
343.9 fp=[6] true=[3] merged=[3, 6]
344.2 fp=[6] true=[3] merged=[3, 6]
344.5 fp=[6] true=[3] merged=[3, 6]
344.8 fp=[6] true=[3] merged=[3, 6]
345.1 fp=[6] true=[3] merged=[3, 6]
345.4 fp=[6] true=[3] merged=[3, 6]
345.8 fp=[6] true=[3] merged=[3, 6]
346.1 fp=[2] true=[3] merged=[2, 3]
346.4 fp=[2] true=[3] merged=[2, 3]
346.7 fp=[2] true=[3] merged=[2, 3]
347.0 fp=[2] true=[3] merged=[2, 3]
347.3 fp=[2] true=[3] merged=[2, 3]
347.6 fp=[2] true=[3] merged=[2, 3]
347.9 fp=[2] true=[3] merged=[2, 3]
348.3 fp=[2] true=[3] merged=[2, 3]
348.6 fp=[2] true=[3] merged=[2, 3]
348.9 fp=[2] true=[3] merged=[2, 3]
349.2 fp=[2] true=[3] merged=[2, 3]
349.5 fp=[2] true=[3] merged=[2, 3]
349.8 fp=[2] true=[3] merged=[2, 3]
350.1 fp=[2] true=[3] merged=[2, 3]
350.4 fp=[2] true=[3] merged=[2, 3]
350.8 fp=[2] true=[3] merged=[2, 3]
351.1 fp=[2] true=[3] merged=[2, 3]
351.4 fp=[2] true=[3] merged=[2, 3]
351.7 fp=[2] true=[3] merged=[2, 3]
352.0 fp=[2] true=[3] merged=[2, 3]
352.3 fp=[2] true=[3] merged=[2, 3]
352.7 fp=[2] true=[3] merged=[2, 3]
353.0 fp=[2] true=[3] merged=[2, 3]
353.3 fp=[2] true=[3] merged=[2, 3]
353.6 fp=[2] true=[3] merged=[2, 3]
353.9 fp=[2] true=[3] merged=[2, 3]
354.2 fp=[2] true=[3] merged=[2, 3]
354.5 fp=[2] true=[3] merged=[2, 3]
354.8 fp=[2] true=[3] merged=[2, 3]
355.1 fp=[2] true=[3] merged=[2, 3]
355.4 fp=[2] true=[3] merged=[2, 3]
355.8 fp=[2] true=[3] merged=[2, 3]
356.1 fp=[2] true=[3] merged=[2, 3]
356.4 fp=[2] true=[3] merged=[2, 3]
356.7 fp=[2] true=[3] merged=[2, 3]
357.0 fp=[2] true=[3] merged=[2, 3]
357.3 fp=[2] true=[3] merged=[2, 3]
357.6 fp=[2] true=[3] merged=[2, 3]
358.0 fp=[2] true=[3] merged=[2, 3]
358.3 fp=[2] true=[3] merged=[2, 3]
358.6 fp=[2] true=[3] merged=[2, 3]
358.9 fp=[2] true=[3] merged=[2, 3]
359.2 fp=[2] true=[3] merged=[2, 3]
359.5 fp=[2] true=[3] merged=[2, 3]
359.8 fp=[2] true=[3] merged=[2, 3]
360.2 fp=[2] true=[3] merged=[2, 3]
360.5 fp=[2] true=[3] merged=[2, 3]
360.8 fp=[2] true=[3] merged=[2, 3]
361.1 fp=[2] true=[3] merged=[2, 3]
361.5 fp=[2] true=[3] merged=[2, 3]
361.8 fp=[2] true=[3] merged=[2, 3]
362.1 fp=[2] true=[3] merged=[2, 3]
362.4 fp=[2] true=[3] merged=[2, 3]
362.8 fp=[2] true=[3] merged=[2, 3]
363.1 fp=[2] true=[3] merged=[2, 3]
363.4 fp=[2] true=[3] merged=[2, 3]
363.7 fp=[2] true=[3] merged=[2, 3]
364.0 fp=[2] true=[3] merged=[2, 3]
364.3 fp=[2] true=[3] merged=[2, 3]
364.6 fp=[2] true=[3] merged=[2, 3]
364.9 fp=[2] true=[3] merged=[2, 3]
365.2 fp=[2] true=[3] merged=[2, 3]
365.5 fp=[2] true=[3] merged=[2, 3]
365.9 fp=[2] true=[3] merged=[2, 3]
366.2 fp=[2] true=[3] merged=[2, 3]
366.5 fp=[2] true=[3] merged=[2, 3]
366.8 fp=[2] true=[3] merged=[2, 3]
367.1 fp=[2] true=[3] merged=[2, 3]
367.4 fp=[2] true=[3] merged=[2, 3]
367.7 fp=[2] true=[3] merged=[2, 3]
368.0 fp=[2] true=[3] merged=[2, 3]
368.4 fp=[2] true=[3] merged=[2, 3]
368.7 fp=[2] true=[3] merged=[2, 3]
369.0 fp=[2] true=[3] merged=[2, 3]
369.3 fp=[2] true=[3] merged=[2, 3]
369.6 fp=[2] true=[3] merged=[2, 3]
369.9 fp=[2] true=[3] merged=[2, 3]
370.2 fp=[2] true=[3] merged=[2, 3]
370.6 fp=[2] true=[3] merged=[2, 3]
370.9 fp=[2] true=[3] merged=[2, 3]
371.3 fp=[2] true=[3] merged=[2, 3]
371.6 fp=[2] true=[3] merged=[2, 3]
371.9 fp=[2] true=[3] merged=[2, 3]
372.2 fp=[2] true=[3] merged=[2, 3]
372.5 fp=[2] true=[3] merged=[2, 3]
372.8 fp=[2] true=[3] merged=[2, 3]
373.1 fp=[2] true=[3] merged=[2, 3]
373.4 fp=[2] true=[3] merged=[2, 3]
373.7 fp=[2] true=[3] merged=[2, 3]
374.0 fp=[2] true=[3] merged=[2, 3]
374.4 fp=[2] true=[3] merged=[2, 3]
374.7 fp=[2] true=[3] merged=[2, 3]
375.0 fp=[2] true=[3] merged=[2, 3]
375.3 fp=[2] true=[3] merged=[2, 3]
375.6 fp=[2] true=[3] merged=[2, 3]
375.9 fp=[2] true=[3] merged=[2, 3]
376.2 fp=[2] true=[3] merged=[2, 3]
376.6 fp=[2] true=[3] merged=[2, 3]
376.9 fp=[2] true=[3] merged=[2, 3]
377.2 fp=[6] true=[3] merged=[3, 6]
377.5 fp=[6] true=[3] merged=[3, 6]
377.8 fp=[6] true=[3] merged=[3, 6]
378.2 fp=[5] true=[3] merged=[3, 5]
378.5 fp=[5] true=[3] merged=[3, 5]
378.8 fp=[5] true=[3] merged=[3, 5]
379.1 fp=[5] true=[3] merged=[3, 5]
379.4 fp=[5] true=[3] merged=[3, 5]
379.7 fp=[5] true=[3] merged=[3, 5]
380.0 fp=[5] true=[3] merged=[3, 5]
380.3 fp=[5] true=[3] merged=[3, 5]
380.6 fp=[5] true=[3] merged=[3, 5]
380.9 fp=[5] true=[3] merged=[3, 5]
381.3 fp=[5] true=[3] merged=[3, 5]
381.6 fp=[5] true=[3] merged=[3, 5]
381.9 fp=[5] true=[3] merged=[3, 5]
382.2 fp=[5] true=[3] merged=[3, 5]
382.5 fp=[5] true=[3] merged=[3, 5]
382.8 fp=[5] true=[3] merged=[3, 5]
383.1 fp=[5] true=[3] merged=[3, 5]
383.4 fp=[5] true=[3] merged=[3, 5]
383.7 fp=[5] true=[3] merged=[3, 5]
384.0 fp=[5] true=[3] merged=[3, 5]
384.4 fp=[5] true=[3] merged=[3, 5]
384.7 fp=[5] true=[3] merged=[3, 5]
385.0 fp=[5] true=[3] merged=[3, 5]
385.3 fp=[5] true=[3] merged=[3, 5]
385.6 fp=[5] true=[3] merged=[3, 5]
385.9 fp=[5] true=[3] merged=[3, 5]
386.2 fp=[4] true=[3] merged=[3, 4]
386.6 fp=[4] true=[3] merged=[3, 4]
386.9 fp=[4] true=[3] merged=[3, 4]
387.2 fp=[4] true=[3] merged=[3, 4]
387.5 fp=[4] true=[3] merged=[3, 4]
387.8 fp=[4] true=[3] merged=[3, 4]
388.1 fp=[4] true=[3] merged=[3, 4]
388.4 fp=[4] true=[3] merged=[3, 4]
388.7 fp=[4] true=[3] merged=[3, 4]
389.1 fp=[4] true=[3] merged=[3, 4]
389.4 fp=[4] true=[3] merged=[3, 4]
