# start rate=10 seed=5 dur=420 n=7 target=3 events=37
4.1 fp=[2] true=[3] merged=[2, 3]
4.4 fp=[2] true=[3] merged=[2, 3]
4.7 fp=[2] true=[3] merged=[2, 3]
5.0 fp=[2] true=[3] merged=[2, 3]
5.3 fp=[2] true=[3] merged=[2, 3]
5.7 fp=[2] true=[3] merged=[2, 3]
6.0 fp=[2] true=[3] merged=[2, 3]
6.3 fp=[2] true=[3] merged=[2, 3]
6.6 fp=[2] true=[3] merged=[2, 3]
6.9 fp=[2] true=[3] merged=[2, 3]
7.2 fp=[2] true=[3] merged=[2, 3]
7.5 fp=[2] true=[3] merged=[2, 3]
7.8 fp=[2] true=[3] merged=[2, 3]
8.1 fp=[2] true=[3] merged=[2, 3]
8.5 fp=[2] true=[3] merged=[2, 3]
8.8 fp=[2] true=[3] merged=[2, 3]
9.1 fp=[2] true=[3] merged=[2, 3]
9.4 fp=[2] true=[3] merged=[2, 3]
9.7 fp=[2] true=[3] merged=[2, 3]
10.0 fp=[2] true=[3] merged=[2, 3]
10.4 fp=[2] true=[3] merged=[2, 3]
10.7 fp=[2] true=[3] merged=[2, 3]
11.0 fp=[2] true=[3] merged=[2, 3]
11.3 fp=[2] true=[3] merged=[2, 3]
11.6 fp=[2] true=[3] merged=[2, 3]
11.9 fp=[2] true=[3] merged=[2, 3]
12.2 fp=[2] true=[3] merged=[2, 3]
12.5 fp=[2] true=[3] merged=[2, 3]
12.9 fp=[2] true=[3] merged=[2, 3]
13.2 fp=[2] true=[3] merged=[2, 3]
13.5 fp=[2] true=[3] merged=[2, 3]
13.8 fp=[2] true=[3] merged=[2, 3]
14.1 fp=[2] true=[3] merged=[2, 3]
14.4 fp=[2] true=[3] merged=[2, 3]
14.7 fp=[2] true=[3] merged=[2, 3]
15.0 fp=[2] true=[3] merged=[2, 3]
15.4 fp=[2] true=[3] merged=[2, 3]
15.7 fp=[2] true=[3] merged=[2, 3]
16.0 fp=[2] true=[3] merged=[2, 3]
16.3 fp=[2] true=[3] merged=[2, 3]
16.6 fp=[2] true=[3] merged=[2, 3]
16.9 fp=[2] true=[3] merged=[2, 3]
17.3 fp=[2] true=[3] merged=[2, 3]
17.6 fp=[2] true=[3] merged=[2, 3]
17.9 fp=[2] true=[3] merged=[2, 3]
18.2 fp=[2] true=[3] merged=[2, 3]
18.5 fp=[2] true=[3] merged=[2, 3]
18.8 fp=[2] true=[3] merged=[2, 3]
19.1 fp=[2] true=[3] merged=[2, 3]
19.4 fp=[2] true=[3] merged=[2, 3]
19.7 fp=[2] true=[3] merged=[2, 3]
20.0 fp=[2] true=[3] merged=[2, 3]
20.3 fp=[2] true=[3] merged=[2, 3]
20.7 fp=[2] true=[3] merged=[2, 3]
21.0 fp=[2] true=[3] merged=[2, 3]
21.3 fp=[2] true=[3] merged=[2, 3]
21.6 fp=[2] true=[3] merged=[2, 3]
21.9 fp=[2] true=[3] merged=[2, 3]
22.2 fp=[2] true=[3] merged=[2, 3]
22.5 fp=[2] true=[3] merged=[2, 3]
22.8 fp=[2] true=[3] merged=[2, 3]
23.1 fp=[2] true=[3] merged=[2, 3]
23.4 fp=[2] true=[3] merged=[2, 3]
23.8 fp=[2] true=[3] merged=[2, 3]
27.2 fp=[2] true=[3] merged=[2, 3]
27.5 fp=[2] true=[3] merged=[2, 3]
27.8 fp=[2] true=[3] merged=[2, 3]
28.1 fp=[2] true=[3] merged=[2, 3]
28.5 fp=[2] true=[3] merged=[2, 3]
28.8 fp=[2] true=[3] merged=[2, 3]
29.1 fp=[2] true=[3] merged=[2, 3]
29.4 fp=[2] true=[3] merged=[2, 3]
29.7 fp=[2] true=[3] merged=[2, 3]
30.0 fp=[2] true=[3] merged=[2, 3]
30.3 fp=[2] true=[3] merged=[2, 3]
30.6 fp=[2] true=[3] merged=[2, 3]
31.0 fp=[2] true=[3] merged=[2, 3]
31.3 fp=[2] true=[3] merged=[2, 3]
31.6 fp=[2] true=[3] merged=[2, 3]
31.9 fp=[2] true=[3] merged=[2, 3]
32.2 fp=[2] true=[3] merged=[2, 3]
32.5 fp=[2] true=[3] merged=[2, 3]
32.8 fp=[2] true=[3] merged=[2, 3]
33.1 fp=[2] true=[3] merged=[2, 3]
33.5 fp=[2] true=[3] merged=[2, 3]
33.8 fp=[2] true=[3] merged=[2, 3]
34.1 fp=[2] true=[3] merged=[2, 3]
34.4 fp=[2] true=[3] merged=[2, 3]
34.7 fp=[2] true=[3] merged=[2, 3]
35.0 fp=[2] true=[3] merged=[2, 3]
35.3 fp=[2] true=[3] merged=[2, 3]
35.6 fp=[2] true=[3] merged=[2, 3]
35.9 fp=[2] true=[3] merged=[2, 3]
36.2 fp=[2] true=[3] merged=[2, 3]
36.6 fp=[2] true=[3] merged=[2, 3]
36.9 fp=[2] true=[3] merged=[2, 3]
37.2 fp=[2] true=[3] merged=[2, 3]
37.5 fp=[2] true=[3] merged=[2, 3]
37.8 fp=[2] true=[3] merged=[2, 3]
38.1 fp=[1] true=[3] merged=[1, 3]
38.4 fp=[1] true=[3] merged=[1, 3]
38.7 fp=[1] true=[3] merged=[1, 3]
39.0 fp=[1] true=[3] merged=[1, 3]
39.4 fp=[1] true=[3] merged=[1, 3]
39.7 fp=[1] true=[3] merged=[1, 3]
40.0 fp=[1] true=[3] merged=[1, 3]
40.3 fp=[1] true=[3] merged=[1, 3]
40.6 fp=[1] true=[3] merged=[1, 3]
40.9 fp=[1] true=[3] merged=[1, 3]
41.3 fp=[1] true=[3] merged=[1, 3]
41.6 fp=[1] true=[3] merged=[1, 3]
41.9 fp=[1] true=[3] merged=[1, 3]
42.2 fp=[1] true=[3] merged=[1, 3]
42.5 fp=[1] true=[3] merged=[1, 3]
42.8 fp=[1] true=[3] merged=[1, 3]
43.1 fp=[1] true=[3] merged=[1, 3]
43.4 fp=[1] true=[3] merged=[1, 3]
43.8 fp=[1] true=[3] merged=[1, 3]
44.1 fp=[1] true=[3] merged=[1, 3]
44.4 fp=[1] true=[3] merged=[1, 3]
44.7 fp=[1] true=[3] merged=[1, 3]
45.0 fp=[1] true=[3] merged=[1, 3]
45.3 fp=[1] true=[3] merged=[1, 3]
45.6 fp=[1] true=[3] merged=[1, 3]
45.9 fp=[1] true=[3] merged=[1, 3]
46.2 fp=[1] true=[3] merged=[1, 3]
46.5 fp=[1] true=[3] merged=[1, 3]
46.8 fp=[1] true=[3] merged=[1, 3]
47.2 fp=[1] true=[3] merged=[1, 3]
47.5 fp=[1] true=[3] merged=[1, 3]
47.8 fp=[1] true=[3] merged=[1, 3]
48.1 fp=[1] true=[3] merged=[1, 3]
48.4 fp=[1] true=[3] merged=[1, 3]
48.7 fp=[1] true=[3] merged=[1, 3]
49.0 fp=[1] true=[3] merged=[1, 3]
49.3 fp=[1] true=[3] merged=[1, 3]
49.7 fp=[1] true=[3] merged=[1, 3]
50.0 fp=[1] true=[3] merged=[1, 3]
50.3 fp=[1] true=[3] merged=[1, 3]
50.6 fp=[1] true=[3] merged=[1, 3]
50.9 fp=[1] true=[3] merged=[1, 3]
51.2 fp=[1] true=[3] merged=[1, 3]
51.5 fp=[1] true=[3] merged=[1, 3]
51.8 fp=[1] true=[3] merged=[1, 3]
52.2 fp=[1] true=[3] merged=[1, 3]
52.5 fp=[1] true=[3] merged=[1, 3]
52.8 fp=[1] true=[3] merged=[1, 3]
53.1 fp=[1] true=[3] merged=[1, 3]
53.4 fp=[1] true=[3] merged=[1, 3]
53.7 fp=[1] true=[3] merged=[1, 3]
54.1 fp=[1] true=[3] merged=[1, 3]
54.4 fp=[1] true=[3] merged=[1, 3]
54.7 fp=[1] true=[3] merged=[1, 3]
55.0 fp=[1] true=[3] merged=[1, 3]
55.3 fp=[1] true=[3] merged=[1, 3]
55.6 fp=[1] true=[3] merged=[1, 3]
55.9 fp=[1] true=[3] merged=[1, 3]
56.2 fp=[1] true=[3] merged=[1, 3]
56.5 fp=[1] true=[3] merged=[1, 3]
56.8 fp=[1] true=[3] merged=[1, 3]
57.1 fp=[1] true=[3] merged=[1, 3]
57.5 fp=[1] true=[3] merged=[1, 3]
57.8 fp=[1] true=[3] merged=[1, 3]
58.1 fp=[1] true=[3] merged=[1, 3]
58.4 fp=[1] true=[3] merged=[1, 3]
58.7 fp=[1] true=[3] merged=[1, 3]
59.0 fp=[1] true=[3] merged=[1, 3]
59.3 fp=[1] true=[3] merged=[1, 3]
59.6 fp=[1] true=[3] merged=[1, 3]
59.9 fp=[1] true=[3] merged=[1, 3]
60.2 fp=[1] true=[3] merged=[1, 3]
60.6 fp=[1] true=[3] merged=[1, 3]
60.9 fp=[1] true=[3] merged=[1, 3]
61.2 fp=[1] true=[3] merged=[1, 3]
61.5 fp=[1] true=[3] merged=[1, 3]
61.8 fp=[1] true=[3] merged=[1, 3]
62.2 fp=[1] true=[3] merged=[1, 3]
62.5 fp=[1] true=[3] merged=[1, 3]
62.8 fp=[1] true=[3] merged=[1, 3]
63.1 fp=[1] true=[3] merged=[1, 3]
63.4 fp=[1] true=[3] merged=[1, 3]
63.8 fp=[1] true=[3] merged=[1, 3]
64.1 fp=[1] true=[3] merged=[1, 3]
64.4 fp=[1] true=[3] merged=[1, 3]
64.7 fp=[1] true=[3] merged=[1, 3]
65.0 fp=[1] true=[3] merged=[1, 3]
65.3 fp=[1] true=[3] merged=[1, 3]
65.6 fp=[1] true=[3] merged=[1, 3]
66.0 fp=[1] true=[3] merged=[1, 3]
66.3 fp=[1] true=[3] merged=[1, 3]
66.6 fp=[1] true=[3] merged=[1, 3]
66.9 fp=[1] true=[3] merged=[1, 3]
81.3 fp=[2] true=[3] merged=[2, 3]
81.6 fp=[2] true=[3] merged=[2, 3]
81.9 fp=[2] true=[3] merged=[2, 3]
82.2 fp=[2] true=[3] merged=[2, 3]
82.5 fp=[2] true=[3] merged=[2, 3]
82.8 fp=[2] true=[3] merged=[2, 3]
83.1 fp=[2] true=[3] merged=[2, 3]
83.5 fp=[2] true=[3] merged=[2, 3]
83.8 fp=[2] true=[3] merged=[2, 3]
84.1 fp=[2] true=[3] merged=[2, 3]
84.4 fp=[2] true=[3] merged=[2, 3]
84.7 fp=[2] true=[3] merged=[2, 3]
85.0 fp=[2] true=[3] merged=[2, 3]
85.3 fp=[2] true=[3] merged=[2, 3]
85.7 fp=[2] true=[3] merged=[2, 3]
86.0 fp=[2] true=[3] merged=[2, 3]
86.3 fp=[2] true=[3] merged=[2, 3]
86.6 fp=[2] true=[3] merged=[2, 3]
86.9 fp=[2] true=[3] merged=[2, 3]
87.2 fp=[2] true=[3] merged=[2, 3]
87.5 fp=[2] true=[3] merged=[2, 3]
87.9 fp=[2] true=[3] merged=[2, 3]
88.2 fp=[2] true=[3] merged=[2, 3]
88.5 fp=[2] true=[3] merged=[2, 3]
88.8 fp=[2] true=[3] merged=[2, 3]
89.1 fp=[2] true=[3] merged=[2, 3]
89.4 fp=[2] true=[3] merged=[2, 3]
89.7 fp=[2] true=[3] merged=[2, 3]
90.0 fp=[2] true=[3] merged=[2, 3]
90.3 fp=[2] true=[3] merged=[2, 3]
90.7 fp=[2] true=[3] merged=[2, 3]
91.0 fp=[2] true=[3] merged=[2, 3]
91.3 fp=[2] true=[3] merged=[2, 3]
91.6 fp=[2] true=[3] merged=[2, 3]
91.9 fp=[2] true=[3] merged=[2, 3]
92.2 fp=[2] true=[3] merged=[2, 3]
92.5 fp=[2] true=[3] merged=[2, 3]
92.8 fp=[2] true=[3] merged=[2, 3]
93.1 fp=[2] true=[3] merged=[2, 3]
93.4 fp=[2] true=[3] merged=[2, 3]
93.8 fp=[2] true=[3] merged=[2, 3]
94.1 fp=[1] true=[3] merged=[1, 3]
94.4 fp=[1] true=[3] merged=[1, 3]
94.7 fp=[1] true=[3] merged=[1, 3]
95.0 fp=[1] true=[3] merged=[1, 3]
95.3 fp=[1] true=[3] merged=[1, 3]
95.6 fp=[1] true=[3] merged=[1, 3]
95.9 fp=[1] true=[3] merged=[1, 3]
96.2 fp=[1] true=[3] merged=[1, 3]
96.6 fp=[1] true=[3] merged=[1, 3]
96.9 fp=[1] true=[3] merged=[1, 3]
97.2 fp=[1] true=[3] merged=[1, 3]
97.5 fp=[1] true=[3] merged=[1, 3]
97.8 fp=[1] true=[3] merged=[1, 3]
98.1 fp=[1] true=[3] merged=[1, 3]
98.4 fp=[1] true=[3] merged=[1, 3]
98.7 fp=[1] true=[3] merged=[1, 3]
99.0 fp=[1] true=[3] merged=[1, 3]
99.3 fp=[1] true=[3] merged=[1, 3]
99.7 fp=[1] true=[3] merged=[1, 3]
100.0 fp=[1] true=[3] merged=[1, 3]
100.3 fp=[1] true=[3] merged=[1, 3]
100.6 fp=[1] true=[3] merged=[1, 3]
100.9 fp=[1] true=[3] merged=[1, 3]
101.2 fp=[1] true=[3] merged=[1, 3]
101.5 fp=[1] true=[3] merged=[1, 3]
101.8 fp=[1] true=[3] merged=[1, 3]
102.1 fp=[1] true=[3] merged=[1, 3]
102.5 fp=[1] true=[3] merged=[1, 3]
102.8 fp=[1] true=[3] merged=[1, 3]
103.1 fp=[1] true=[3] merged=[1, 3]
103.4 fp=[1] true=[3] merged=[1, 3]
103.7 fp=[1] true=[3] merged=[1, 3]
104.0 fp=[1] true=[3] merged=[1, 3]
104.3 fp=[1] true=[3] merged=[1, 3]
104.6 fp=[1] true=[3] merged=[1, 3]
104.9 fp=[1] true=[3] merged=[1, 3]
105.3 fp=[1] true=[3] merged=[1, 3]
105.6 fp=[1] true=[3] merged=[1, 3]
105.9 fp=[1] true=[3] merged=[1, 3]
106.2 fp=[1] true=[3] merged=[1, 3]
106.5 fp=[1] true=[3] merged=[1, 3]
106.8 fp=[1] true=[3] merged=[1, 3]
107.1 fp=[1] true=[3] merged=[1, 3]
107.4 fp=[1] true=[3] merged=[1, 3]
107.7 fp=[1] true=[3] merged=[1, 3]
108.1 fp=[1] true=[3] merged=[1, 3]
108.4 fp=[1] true=[3] merged=[1, 3]
108.7 fp=[1] true=[3] merged=[1, 3]
109.0 fp=[1] true=[3] merged=[1, 3]
109.3 fp=[1] true=[3] merged=[1, 3]
109.6 fp=[1] true=[3] merged=[1, 3]
109.9 fp=[1] true=[3] merged=[1, 3]
110.2 fp=[1] true=[3] merged=[1, 3]
110.5 fp=[1] true=[3] merged=[1, 3]
110.9 fp=[1] true=[3] merged=[1, 3]
111.2 fp=[1] true=[3] merged=[1, 3]
111.5 fp=[1] true=[3] merged=[1, 3]
111.8 fp=[1] true=[3] merged=[1, 3]
112.1 fp=[1] true=[3] merged=[1, 3]
112.4 fp=[1] true=[3] merged=[1, 3]
112.8 fp=[1] true=[3] merged=[1, 3]
113.1 fp=[1] true=[3] merged=[1, 3]
113.4 fp=[1] true=[3] merged=[1, 3]
113.7 fp=[1] true=[3] merged=[1, 3]
114.1 fp=[5] true=[3] merged=[3, 5]
114.4 fp=[5] true=[3] merged=[3, 5]
114.7 fp=[5] true=[3] merged=[3, 5]
115.0 fp=[5] true=[3] merged=[3, 5]
115.3 fp=[5] true=[3] merged=[3, 5]
115.6 fp=[5] true=[3] merged=[3, 5]
116.0 fp=[5] true=[3] merged=[3, 5]
116.3 fp=[5] true=[3] merged=[3, 5]
116.6 fp=[5] true=[3] merged=[3, 5]
116.9 fp=[5] true=[3] merged=[3, 5]
117.2 fp=[5] true=[3] merged=[3, 5]
117.5 fp=[5] true=[3] merged=[3, 5]
117.8 fp=[5] true=[3] merged=[3, 5]
138.2 fp=[4] true=[3] merged=[3, 4]
138.5 fp=[4] true=[3] merged=[3, 4]
138.8 fp=[4] true=[3] merged=[3, 4]
139.1 fp=[4] true=[3] merged=[3, 4]
139.4 fp=[4] true=[3] merged=[3, 4]
139.7 fp=[4] true=[3] merged=[3, 4]
140.0 fp=[4] true=[3] merged=[3, 4]
140.3 fp=[4] true=[3] merged=[3, 4]
140.6 fp=[4] true=[3] merged=[3, 4]
141.0 fp=[4] true=[3] merged=[3, 4]
141.3 fp=[4] true=[3] merged=[3, 4]
141.6 fp=[4] true=[3] merged=[3, 4]
141.9 fp=[4] true=[3] merged=[3, 4]
142.2 fp=[4] true=[3] merged=[3, 4]
142.6 fp=[4] true=[3] merged=[3, 4]
142.9 fp=[4] true=[3] merged=[3, 4]
143.2 fp=[4] true=[3] merged=[3, 4]
143.5 fp=[4] true=[3] merged=[3, 4]
143.9 fp=[4] true=[3] merged=[3, 4]
144.2 fp=[4] true=[3] merged=[3, 4]
144.5 fp=[4] true=[3] merged=[3, 4]
144.8 fp=[4] true=[3] merged=[3, 4]
145.1 fp=[4] true=[3] merged=[3, 4]
145.4 fp=[4] true=[3] merged=[3, 4]
145.7 fp=[4] true=[3] merged=[3, 4]
146.0 fp=[4] true=[3] merged=[3, 4]
146.3 fp=[4] true=[3] merged=[3, 4]
146.7 fp=[4] true=[3] merged=[3, 4]
147.0 fp=[4] true=[3] merged=[3, 4]
147.3 fp=[4] true=[3] merged=[3, 4]
147.6 fp=[4] true=[3] merged=[3, 4]
147.9 fp=[4] true=[3] merged=[3, 4]
148.2 fp=[4] true=[3] merged=[3, 4]
148.5 fp=[4] true=[3] merged=[3, 4]
148.8 fp=[4] true=[3] merged=[3, 4]
149.2 fp=[2] true=[3] merged=[2, 3]
149.5 fp=[2] true=[3] merged=[2, 3]
149.8 fp=[2] true=[3] merged=[2, 3]
150.1 fp=[2] true=[3] merged=[2, 3]
150.4 fp=[2] true=[3] merged=[2, 3]
150.7 fp=[2] true=[3] merged=[2, 3]
151.0 fp=[2] true=[3] merged=[2, 3]
151.3 fp=[2] true=[3] merged=[2, 3]
151.6 fp=[2] true=[3] merged=[2, 3]
151.9 fp=[2] true=[3] merged=[2, 3]
152.3 fp=[2] true=[3] merged=[2, 3]
152.6 fp=[2] true=[3] merged=[2, 3]
152.9 fp=[2] true=[3] merged=[2, 3]
153.2 fp=[2] true=[3] merged=[2, 3]
153.5 fp=[2] true=[3] merged=[2, 3]
153.8 fp=[2] true=[3] merged=[2, 3]
154.1 fp=[2] true=[3] merged=[2, 3]
154.5 fp=[2] true=[3] merged=[2, 3]
154.8 fp=[2] true=[3] merged=[2, 3]
155.1 fp=[2] true=[3] merged=[2, 3]
155.4 fp=[2] true=[3] merged=[2, 3]
155.7 fp=[2] true=[3] merged=[2, 3]
156.0 fp=[2] true=[3] merged=[2, 3]
156.3 fp=[2] true=[3] merged=[2, 3]
156.6 fp=[2] true=[3] merged=[2, 3]
157.0 fp=[2] true=[3] merged=[2, 3]
157.3 fp=[2] true=[3] merged=[2, 3]
157.6 fp=[2] true=[3] merged=[2, 3]
157.9 fp=[2] true=[3] merged=[2, 3]
158.2 fp=[2] true=[3] merged=[2, 3]
158.5 fp=[2] true=[3] merged=[2, 3]
158.8 fp=[2] true=[3] merged=[2, 3]
159.1 fp=[2] true=[3] merged=[2, 3]
159.4 fp=[2] true=[3] merged=[2, 3]
159.8 fp=[2] true=[3] merged=[2, 3]
160.1 fp=[2] true=[3] merged=[2, 3]
160.4 fp=[2] true=[3] merged=[2, 3]
160.7 fp=[2] true=[3] merged=[2, 3]
161.0 fp=[2] true=[3] merged=[2, 3]
161.3 fp=[2] true=[3] merged=[2, 3]
161.6 fp=[2] true=[3] merged=[2, 3]
161.9 fp=[2] true=[3] merged=[2, 3]
162.2 fp=[2] true=[3] merged=[2, 3]
162.5 fp=[2] true=[3] merged=[2, 3]
162.9 fp=[2] true=[3] merged=[2, 3]
163.2 fp=[2] true=[3] merged=[2, 3]
163.5 fp=[2] true=[3] merged=[2, 3]
163.8 fp=[2] true=[3] merged=[2, 3]
164.1 fp=[2] true=[3] merged=[2, 3]
164.5 fp=[2] true=[3] merged=[2, 3]
164.8 fp=[2] true=[3] merged=[2, 3]
165.1 fp=[2] true=[3] merged=[2, 3]
165.4 fp=[2] true=[3] merged=[2, 3]
165.7 fp=[2] true=[3] merged=[2, 3]
166.0 fp=[2] true=[3] merged=[2, 3]
166.3 fp=[2] true=[3] merged=[2, 3]
166.7 fp=[2] true=[3] merged=[2, 3]
167.0 fp=[2] true=[3] merged=[2, 3]
167.3 fp=[2] true=[3] merged=[2, 3]
167.6 fp=[2] true=[3] merged=[2, 3]
167.9 fp=[2] true=[3] merged=[2, 3]
168.2 fp=[2] true=[3] merged=[2, 3]
168.5 fp=[2] true=[3] merged=[2, 3]
168.8 fp=[2] true=[3] merged=[2, 3]
169.2 fp=[4] true=[3] merged=[3, 4]
169.5 fp=[4] true=[3] merged=[3, 4]
169.8 fp=[4] true=[3] merged=[3, 4]
170.1 fp=[4] true=[3] merged=[3, 4]
170.4 fp=[4] true=[3] merged=[3, 4]
170.7 fp=[4] true=[3] merged=[3, 4]
171.0 fp=[4] true=[3] merged=[3, 4]
171.3 fp=[4] true=[3] merged=[3, 4]
171.7 fp=[4] true=[3] merged=[3, 4]
172.0 fp=[4] true=[3] merged=[3, 4]
172.3 fp=[4] true=[3] merged=[3, 4]
172.6 fp=[4] true=[3] merged=[3, 4]
172.9 fp=[4] true=[3] merged=[3, 4]
173.2 fp=[4] true=[3] merged=[3, 4]
173.5 fp=[4] true=[3] merged=[3, 4]
173.8 fp=[4] true=[3] merged=[3, 4]
174.1 fp=[4] true=[3] merged=[3, 4]
174.4 fp=[4] true=[3] merged=[3, 4]
174.8 fp=[4] true=[3] merged=[3, 4]
175.1 fp=[4] true=[3] merged=[3, 4]
175.4 fp=[4] true=[3] merged=[3, 4]
175.7 fp=[4] true=[3] merged=[3, 4]
176.0 fp=[4] true=[3] merged=[3, 4]
176.3 fp=[4] true=[3] merged=[3, 4]
176.6 fp=[4] true=[3] merged=[3, 4]
176.9 fp=[4] true=[3] merged=[3, 4]
177.3 fp=[4] true=[3] merged=[3, 4]
177.6 fp=[4] true=[3] merged=[3, 4]
177.9 fp=[4] true=[3] merged=[3, 4]
178.2 fp=[4] true=[3] merged=[3, 4]
178.5 fp=[4] true=[3] merged=[3, 4]
178.8 fp=[4] true=[3] merged=[3, 4]
179.1 fp=[4] true=[3] merged=[3, 4]
179.5 fp=[4] true=[3] merged=[3, 4]
179.8 fp=[4] true=[3] merged=[3, 4]
180.1 fp=[1] true=[3] merged=[1, 3]
180.4 fp=[1] true=[3] merged=[1, 3]
180.7 fp=[1] true=[3] merged=[1, 3]
181.1 fp=[1] true=[3] merged=[1, 3]
181.4 fp=[1] true=[3] merged=[1, 3]
181.7 fp=[1] true=[3] merged=[1, 3]
182.0 fp=[1] true=[3] merged=[1, 3]
182.3 fp=[1] true=[3] merged=[1, 3]
182.6 fp=[1] true=[3] merged=[1, 3]
182.9 fp=[1] true=[3] merged=[1, 3]
183.2 fp=[1] true=[3] merged=[1, 3]
183.6 fp=[1] true=[3] merged=[1, 3]
183.9 fp=[1] true=[3] merged=[1, 3]
184.2 fp=[1] true=[3] merged=[1, 3]
184.5 fp=[1] true=[3] merged=[1, 3]
184.8 fp=[1] true=[3] merged=[1, 3]
185.1 fp=[1] true=[3] merged=[1, 3]
185.4 fp=[1] true=[3] merged=[1, 3]
185.7 fp=[1] true=[3] merged=[1, 3]
186.1 fp=[1] true=[3] merged=[1, 3]
186.4 fp=[1] true=[3] merged=[1, 3]
186.7 fp=[1] true=[3] merged=[1, 3]
187.0 fp=[1] true=[3] merged=[1, 3]
187.3 fp=[1] true=[3] merged=[1, 3]
187.6 fp=[1] true=[3] merged=[1, 3]
187.9 fp=[1] true=[3] merged=[1, 3]
188.2 fp=[1] true=[3] merged=[1, 3]
188.6 fp=[1] true=[3] merged=[1, 3]
188.9 fp=[1] true=[3] merged=[1, 3]
189.2 fp=[1] true=[3] merged=[1, 3]
189.5 fp=[1] true=[3] merged=[1, 3]
189.8 fp=[1] true=[3] merged=[1, 3]
190.1 fp=[1] true=[3] merged=[1, 3]
190.4 fp=[1] true=[3] merged=[1, 3]
190.7 fp=[1] true=[3] merged=[1, 3]
191.1 fp=[1] true=[3] merged=[1, 3]
191.4 fp=[1] true=[3] merged=[1, 3]
191.7 fp=[1] true=[3] merged=[1, 3]
192.0 fp=[1] true=[3] merged=[1, 3]
192.3 fp=[1] true=[3] merged=[1, 3]
192.6 fp=[1] true=[3] merged=[1, 3]
192.9 fp=[1] true=[3] merged=[1, 3]
193.2 fp=[1] true=[3] merged=[1, 3]
193.5 fp=[1] true=[3] merged=[1, 3]
193.9 fp=[1] true=[3] merged=[1, 3]
194.2 fp=[1] true=[3] merged=[1, 3]
194.5 fp=[1] true=[3] merged=[1, 3]
194.8 fp=[1] true=[3] merged=[1, 3]
195.1 fp=[1] true=[3] merged=[1, 3]
195.4 fp=[1] true=[3] merged=[1, 3]
195.7 fp=[1] true=[3] merged=[1, 3]
196.1 fp=[1] true=[3] merged=[1, 3]
196.4 fp=[1] true=[3] merged=[1, 3]
196.7 fp=[1] true=[3] merged=[1, 3]
197.0 fp=[1] true=[3] merged=[1, 3]
197.3 fp=[1] true=[3] merged=[1, 3]
197.6 fp=[1] true=[3] merged=[1, 3]
197.9 fp=[1] true=[3] merged=[1, 3]
198.2 fp=[1] true=[3] merged=[1, 3]
198.5 fp=[1] true=[3] merged=[1, 3]
198.9 fp=[1] true=[3] merged=[1, 3]
199.2 fp=[1] true=[3] merged=[1, 3]
199.5 fp=[1] true=[3] merged=[1, 3]
199.8 fp=[1] true=[3] merged=[1, 3]
200.1 fp=[5] true=[3] merged=[3, 5]
200.4 fp=[5] true=[3] merged=[3, 5]
200.7 fp=[5] true=[3] merged=[3, 5]
201.1 fp=[5] true=[3] merged=[3, 5]
201.4 fp=[5] true=[3] merged=[3, 5]
201.7 fp=[5] true=[3] merged=[3, 5]
202.0 fp=[5] true=[3] merged=[3, 5]
202.3 fp=[5] true=[3] merged=[3, 5]
202.6 fp=[5] true=[3] merged=[3, 5]
202.9 fp=[5] true=[3] merged=[3, 5]
203.3 fp=[5] true=[3] merged=[3, 5]
203.6 fp=[5] true=[3] merged=[3, 5]
203.9 fp=[5] true=[3] merged=[3, 5]
204.3 fp=[5] true=[3] merged=[3, 5]
204.6 fp=[5] true=[3] merged=[3, 5]
204.9 fp=[5] true=[3] merged=[3, 5]
205.2 fp=[5] true=[3] merged=[3, 5]
205.5 fp=[5] true=[3] merged=[3, 5]
205.8 fp=[5] true=[3] merged=[3, 5]
206.1 fp=[5] true=[3] merged=[3, 5]
206.5 fp=[5] true=[3] merged=[3, 5]
206.8 fp=[5] true=[3] merged=[3, 5]
207.1 fp=[5] true=[3] merged=[3, 5]
207.4 fp=[5] true=[3] merged=[3, 5]
207.7 fp=[5] true=[3] merged=[3, 5]
208.0 fp=[5] true=[3] merged=[3, 5]
208.4 fp=[5] true=[3] merged=[3, 5]
208.7 fp=[5] true=[3] merged=[3, 5]
209.0 fp=[5] true=[3] merged=[3, 5]
209.3 fp=[5] true=[3] merged=[3, 5]
209.6 fp=[5] true=[3] merged=[3, 5]
209.9 fp=[5] true=[3] merged=[3, 5]
210.2 fp=[5] true=[3] merged=[3, 5]
210.5 fp=[5] true=[3] merged=[3, 5]
210.8 fp=[5] true=[3] merged=[3, 5]
211.1 fp=[5] true=[3] merged=[3, 5]
211.5 fp=[5] true=[3] merged=[3, 5]
211.8 fp=[5] true=[3] merged=[3, 5]
212.1 fp=[5] true=[3] merged=[3, 5]
212.4 fp=[5] true=[3] merged=[3, 5]
212.7 fp=[5] true=[3] merged=[3, 5]
213.0 fp=[5] true=[3] merged=[3, 5]
213.3 fp=[5] true=[3] merged=[3, 5]
213.7 fp=[5] true=[3] merged=[3, 5]
214.0 fp=[5] true=[3] merged=[3, 5]
214.3 fp=[5] true=[3] merged=[3, 5]
214.6 fp=[5] true=[3] merged=[3, 5]
214.9 fp=[5] true=[3] merged=[3, 5]
215.2 fp=[4] true=[3] merged=[3, 4]
215.5 fp=[4] true=[3] merged=[3, 4]
215.9 fp=[4] true=[3] merged=[3, 4]
216.2 fp=[4] true=[3] merged=[3, 4]
216.5 fp=[4] true=[3] merged=[3, 4]
216.8 fp=[4] true=[3] merged=[3, 4]
217.1 fp=[4] true=[3] merged=[3, 4]
217.4 fp=[4] true=[3] merged=[3, 4]
217.7 fp=[4] true=[3] merged=[3, 4]
218.0 fp=[4] true=[3] merged=[3, 4]
218.4 fp=[4] true=[3] merged=[3, 4]
218.7 fp=[4] true=[3] merged=[3, 4]
219.0 fp=[4] true=[3] merged=[3, 4]
219.3 fp=[4] true=[3] merged=[3, 4]
219.6 fp=[4] true=[3] merged=[3, 4]
219.9 fp=[4] true=[3] merged=[3, 4]
220.3 fp=[4] true=[3] merged=[3, 4]
220.6 fp=[4] true=[3] merged=[3, 4]
220.9 fp=[4] true=[3] merged=[3, 4]
221.2 fp=[4] true=[3] merged=[3, 4]
221.5 fp=[4] true=[3] merged=[3, 4]
221.8 fp=[4] true=[3] merged=[3, 4]
222.1 fp=[4] true=[3] merged=[3, 4]
222.4 fp=[4] true=[3] merged=[3, 4]
222.7 fp=[4] true=[3] merged=[3, 4]
223.1 fp=[4] true=[3] merged=[3, 4]
223.4 fp=[4] true=[3] merged=[3, 4]
223.7 fp=[4] true=[3] merged=[3, 4]
224.0 fp=[4] true=[3] merged=[3, 4]
224.3 fp=[4] true=[3] merged=[3, 4]
224.6 fp=[4] true=[3] merged=[3, 4]
224.9 fp=[4] true=[3] merged=[3, 4]
225.2 fp=[4] true=[3] merged=[3, 4]
225.6 fp=[4] true=[3] merged=[3, 4]
225.9 fp=[4] true=[3] merged=[3, 4]
226.2 fp=[4] true=[3] merged=[3, 4]
226.5 fp=[4] true=[3] merged=[3, 4]
226.8 fp=[4] true=[3] merged=[3, 4]
227.1 fp=[4] true=[3] merged=[3, 4]
227.5 fp=[4] true=[3] merged=[3, 4]
227.8 fp=[4] true=[3] merged=[3, 4]
228.1 fp=[4] true=[3] merged=[3, 4]
228.4 fp=[4] true=[3] merged=[3, 4]
228.7 fp=[4] true=[3] merged=[3, 4]
229.0 fp=[4] true=[3] merged=[3, 4]
229.3 fp=[4] true=[3] merged=[3, 4]
229.6 fp=[4] true=[3] merged=[3, 4]
230.0 fp=[4] true=[3] merged=[3, 4]
230.3 fp=[4] true=[3] merged=[3, 4]
230.6 fp=[4] true=[3] merged=[3, 4]
230.9 fp=[4] true=[3] merged=[3, 4]
231.2 fp=[4] true=[3] merged=[3, 4]
231.5 fp=[4] true=[3] merged=[3, 4]
231.8 fp=[4] true=[3] merged=[3, 4]
232.1 fp=[4] true=[3] merged=[3, 4]
232.4 fp=[4] true=[3] merged=[3, 4]
232.7 fp=[4] true=[3] merged=[3, 4]
233.1 fp=[4] true=[3] merged=[3, 4]
233.4 fp=[4] true=[3] merged=[3, 4]
233.7 fp=[4] true=[3] merged=[3, 4]
234.0 fp=[4] true=[3] merged=[3, 4]
234.3 fp=[4] true=[3] merged=[3, 4]
234.6 fp=[4] true=[3] merged=[3, 4]
234.9 fp=[4] true=[3] merged=[3, 4]
247.2 fp=[6] true=[3] merged=[3, 6]
247.5 fp=[6] true=[3] merged=[3, 6]
247.8 fp=[6] true=[3] merged=[3, 6]
248.1 fp=[6] true=[3] merged=[3, 6]
248.4 fp=[6] true=[3] merged=[3, 6]
248.7 fp=[6] true=[3] merged=[3, 6]
249.0 fp=[6] true=[3] merged=[3, 6]
249.3 fp=[6] true=[3] merged=[3, 6]
249.7 fp=[6] true=[3] merged=[3, 6]
250.0 fp=[6] true=[3] merged=[3, 6]
250.3 fp=[6] true=[3] merged=[3, 6]
250.6 fp=[6] true=[3] merged=[3, 6]
250.9 fp=[6] true=[3] merged=[3, 6]
251.2 fp=[6] true=[3] merged=[3, 6]
251.6 fp=[6] true=[3] merged=[3, 6]
251.9 fp=[6] true=[3] merged=[3, 6]
252.2 fp=[6] true=[3] merged=[3, 6]
252.5 fp=[6] true=[3] merged=[3, 6]
252.8 fp=[6] true=[3] merged=[3, 6]
253.1 fp=[6] true=[3] merged=[3, 6]
253.4 fp=[6] true=[3] merged=[3, 6]
253.8 fp=[6] true=[3] merged=[3, 6]
254.1 fp=[6] true=[3] merged=[3, 6]
254.4 fp=[6] true=[3] merged=[3, 6]
254.7 fp=[6] true=[3] merged=[3, 6]
255.0 fp=[6] true=[3] merged=[3, 6]
255.3 fp=[6] true=[3] merged=[3, 6]
255.6 fp=[6] true=[3] merged=[3, 6]
256.0 fp=[6] true=[3] merged=[3, 6]
256.3 fp=[4] true=[3] merged=[3, 4]
256.6 fp=[4] true=[3] merged=[3, 4]
256.9 fp=[4] true=[3] merged=[3, 4]
257.2 fp=[4] true=[3] merged=[3, 4]
257.5 fp=[4] true=[3] merged=[3, 4]
257.8 fp=[4] true=[3] merged=[3, 4]
258.1 fp=[4] true=[3] merged=[3, 4]
258.4 fp=[4] true=[3] merged=[3, 4]
258.8 fp=[4] true=[3] merged=[3, 4]
259.1 fp=[4] true=[3] merged=[3, 4]
259.4 fp=[4] true=[3] merged=[3, 4]
259.7 fp=[4] true=[3] merged=[3, 4]
260.0 fp=[4] true=[3] merged=[3, 4]
260.3 fp=[4] true=[3] merged=[3, 4]
260.6 fp=[4] true=[3] merged=[3, 4]
260.9 fp=[4] true=[3] merged=[3, 4]
261.3 fp=[4] true=[3] merged=[3, 4]
261.6 fp=[4] true=[3] merged=[3, 4]
261.9 fp=[4] true=[3] merged=[3, 4]
262.2 fp=[4] true=[3] merged=[3, 4]
262.5 fp=[4] true=[3] merged=[3, 4]
262.8 fp=[4] true=[3] merged=[3, 4]
263.1 fp=[2] true=[3] merged=[2, 3]
263.5 fp=[2] true=[3] merged=[2, 3]
263.8 fp=[2] true=[3] merged=[2, 3]
264.1 fp=[2] true=[3] merged=[2, 3]
264.4 fp=[2] true=[3] merged=[2, 3]
264.7 fp=[2] true=[3] merged=[2, 3]
265.0 fp=[2] true=[3] merged=[2, 3]
265.3 fp=[2] true=[3] merged=[2, 3]
265.7 fp=[2] true=[3] merged=[2, 3]
266.0 fp=[2] true=[3] merged=[2, 3]
266.3 fp=[2] true=[3] merged=[2, 3]
266.6 fp=[2] true=[3] merged=[2, 3]
266.9 fp=[2] true=[3] merged=[2, 3]
267.2 fp=[2] true=[3] merged=[2, 3]
267.5 fp=[2] true=[3] merged=[2, 3]
267.8 fp=[2] true=[3] merged=[2, 3]
268.1 fp=[2] true=[3] merged=[2, 3]
268.5 fp=[2] true=[3] merged=[2, 3]
268.8 fp=[2] true=[3] merged=[2, 3]
269.1 fp=[2] true=[3] merged=[2, 3]
269.4 fp=[2] true=[3] merged=[2, 3]
269.7 fp=[2] true=[3] merged=[2, 3]
270.0 fp=[2] true=[3] merged=[2, 3]
270.3 fp=[2] true=[3] merged=[2, 3]
270.7 fp=[2] true=[3] merged=[2, 3]
271.0 fp=[2] true=[3] merged=[2, 3]
271.3 fp=[2] true=[3] merged=[2, 3]
271.6 fp=[2] true=[3] merged=[2, 3]
271.9 fp=[2] true=[3] merged=[2, 3]
272.2 fp=[2] true=[3] merged=[2, 3]
272.5 fp=[2] true=[3] merged=[2, 3]
272.9 fp=[2] true=[3] merged=[2, 3]
273.2 fp=[2] true=[3] merged=[2, 3]
273.5 fp=[2] true=[3] merged=[2, 3]
273.8 fp=[2] true=[3] merged=[2, 3]
274.1 fp=[2] true=[3] merged=[2, 3]
274.4 fp=[2] true=[3] merged=[2, 3]
274.7 fp=[2] true=[3] merged=[2, 3]
275.0 fp=[2] true=[3] merged=[2, 3]
275.4 fp=[2] true=[3] merged=[2, 3]
275.7 fp=[2] true=[3] merged=[2, 3]
276.0 fp=[2] true=[3] merged=[2, 3]
276.3 fp=[2] true=[3] merged=[2, 3]
276.6 fp=[2] true=[3] merged=[2, 3]
276.9 fp=[2] true=[3] merged=[2, 3]
277.2 fp=[2] true=[3] merged=[2, 3]
277.5 fp=[2] true=[3] merged=[2, 3]
277.8 fp=[2] true=[3] merged=[2, 3]
278.1 fp=[2] true=[3] merged=[2, 3]
278.4 fp=[2] true=[3] merged=[2, 3]
278.8 fp=[2] true=[3] merged=[2, 3]
279.1 fp=[2] true=[3] merged=[2, 3]
279.4 fp=[2] true=[3] merged=[2, 3]
279.7 fp=[2] true=[3] merged=[2, 3]
280.0 fp=[2] true=[3] merged=[2, 3]
280.3 fp=[2] true=[3] merged=[2, 3]
280.6 fp=[2] true=[3] merged=[2, 3]
281.0 fp=[2] true=[3] merged=[2, 3]
281.3 fp=[2] true=[3] merged=[2, 3]
281.6 fp=[2] true=[3] merged=[2, 3]
281.9 fp=[2] true=[3] merged=[2, 3]
282.2 fp=[2] true=[3] merged=[2, 3]
282.5 fp=[2] true=[3] merged=[2, 3]
282.8 fp=[2] true=[3] merged=[2, 3]
283.1 fp=[5] true=[3] merged=[3, 5]
283.5 fp=[5] true=[3] merged=[3, 5]
283.8 fp=[5] true=[3] merged=[3, 5]
284.1 fp=[4] true=[3] merged=[3, 4]
284.4 fp=[4] true=[3] merged=[3, 4]
284.7 fp=[4] true=[3] merged=[3, 4]
285.0 fp=[4] true=[3] merged=[3, 4]
285.3 fp=[4] true=[3] merged=[3, 4]
285.6 fp=[4] true=[3] merged=[3, 4]
285.9 fp=[4] true=[3] merged=[3, 4]
286.2 fp=[4] true=[3] merged=[3, 4]
286.6 fp=[4] true=[3] merged=[3, 4]
286.9 fp=[4] true=[3] merged=[3, 4]
287.2 fp=[4] true=[3] merged=[3, 4]
287.5 fp=[4] true=[3] merged=[3, 4]
287.8 fp=[4] true=[3] merged=[3, 4]
288.1 fp=[4] true=[3] merged=[3, 4]
288.4 fp=[4] true=[3] merged=[3, 4]
288.7 fp=[4] true=[3] merged=[3, 4]
289.1 fp=[4] true=[3] merged=[3, 4]
289.4 fp=[4] true=[3] merged=[3, 4]
289.7 fp=[4] true=[3] merged=[3, 4]
290.0 fp=[4] true=[3] merged=[3, 4]
290.3 fp=[4] true=[3] merged=[3, 4]
290.6 fp=[4] true=[3] merged=[3, 4]
290.9 fp=[4] true=[3] merged=[3, 4]
291.2 fp=[4] true=[3] merged=[3, 4]
291.6 fp=[4] true=[3] merged=[3, 4]
291.9 fp=[4] true=[3] merged=[3, 4]
292.2 fp=[4] true=[3] merged=[3, 4]
292.5 fp=[4] true=[3] merged=[3, 4]
292.9 fp=[4] true=[3] merged=[3, 4]
293.2 fp=[4] true=[3] merged=[3, 4]
293.5 fp=[4] true=[3] merged=[3, 4]
293.8 fp=[4] true=[3] merged=[3, 4]
294.1 fp=[4] true=[3] merged=[3, 4]
294.5 fp=[4] true=[3] merged=[3, 4]
294.8 fp=[4] true=[3] merged=[3, 4]
295.1 fp=[4] true=[3] merged=[3, 4]
295.4 fp=[4] true=[3] merged=[3, 4]
295.7 fp=[4] true=[3] merged=[3, 4]
296.0 fp=[4] true=[3] merged=[3, 4]
296.3 fp=[4] true=[3] merged=[3, 4]
296.6 fp=[4] true=[3] merged=[3, 4]
297.0 fp=[4] true=[3] merged=[3, 4]
297.3 fp=[4] true=[3] merged=[3, 4]
297.6 fp=[4] true=[3] merged=[3, 4]
297.9 fp=[4] true=[3] merged=[3, 4]
298.2 fp=[4] true=[3] merged=[3, 4]
298.5 fp=[4] true=[3] merged=[3, 4]
298.8 fp=[4] true=[3] merged=[3, 4]
299.1 fp=[4] true=[3] merged=[3, 4]
299.4 fp=[4] true=[3] merged=[3, 4]
299.8 fp=[4] true=[3] merged=[3, 4]
300.1 fp=[4] true=[3] merged=[3, 4]
300.4 fp=[4] true=[3] merged=[3, 4]
300.7 fp=[4] true=[3] merged=[3, 4]
301.0 fp=[4] true=[3] merged=[3, 4]
301.3 fp=[4] true=[3] merged=[3, 4]
301.6 fp=[4] true=[3] merged=[3, 4]
301.9 fp=[4] true=[3] merged=[3, 4]
302.2 fp=[4] true=[3] merged=[3, 4]
302.6 fp=[4] true=[3] merged=[3, 4]
302.9 fp=[4] true=[3] merged=[3, 4]
303.2 fp=[4] true=[3] merged=[3, 4]
303.5 fp=[4] true=[3] merged=[3, 4]
303.8 fp=[4] true=[3] merged=[3, 4]
306.3 fp=[2] true=[3] merged=[2, 3]
306.6 fp=[2] true=[3] merged=[2, 3]
306.9 fp=[2] true=[3] merged=[2, 3]
307.2 fp=[2] true=[3] merged=[2, 3]
307.6 fp=[2] true=[3] merged=[2, 3]
307.9 fp=[2] true=[3] merged=[2, 3]
308.2 fp=[2] true=[3] merged=[2, 3]
308.5 fp=[2] true=[3] merged=[2, 3]
308.8 fp=[2] true=[3] merged=[2, 3]
309.1 fp=[2] true=[3] merged=[2, 3]
309.4 fp=[2] true=[3] merged=[2, 3]
309.7 fp=[2] true=[3] merged=[2, 3]
310.0 fp=[2] true=[3] merged=[2, 3]
310.4 fp=[2] true=[3] merged=[2, 3]
310.7 fp=[2] true=[3] merged=[2, 3]
311.0 fp=[2] true=[3] merged=[2, 3]
311.3 fp=[2] true=[3] merged=[2, 3]
311.6 fp=[2] true=[3] merged=[2, 3]
311.9 fp=[2] true=[3] merged=[2, 3]
312.2 fp=[2] true=[3] merged=[2, 3]
312.6 fp=[2] true=[3] merged=[2, 3]
312.9 fp=[2] true=[3] merged=[2, 3]
313.2 fp=[2] true=[3] merged=[2, 3]
313.5 fp=[2] true=[3] merged=[2, 3]
313.8 fp=[2] true=[3] merged=[2, 3]
314.1 fp=[2] true=[3] merged=[2, 3]
314.4 fp=[2] true=[3] merged=[2, 3]
314.8 fp=[2] true=[3] merged=[2, 3]
315.1 fp=[2] true=[3] merged=[2, 3]
315.4 fp=[2] true=[3] merged=[2, 3]
315.7 fp=[2] true=[3] merged=[2, 3]
316.0 fp=[2] true=[3] merged=[2, 3]
316.3 fp=[2] true=[3] merged=[2, 3]
316.6 fp=[2] true=[3] merged=[2, 3]
316.9 fp=[2] true=[3] merged=[2, 3]
317.3 fp=[2] true=[3] merged=[2, 3]
317.6 fp=[2] true=[3] merged=[2, 3]
317.9 fp=[2] true=[3] merged=[2, 3]
318.2 fp=[2] true=[3] merged=[2, 3]
318.5 fp=[2] true=[3] merged=[2, 3]
318.9 fp=[2] true=[3] merged=[2, 3]
319.2 fp=[2] true=[3] merged=[2, 3]
319.5 fp=[2] true=[3] merged=[2, 3]
319.8 fp=[2] true=[3] merged=[2, 3]
320.1 fp=[2] true=[3] merged=[2, 3]
320.4 fp=[2] true=[3] merged=[2, 3]
320.7 fp=[2] true=[3] merged=[2, 3]
321.0 fp=[2] true=[3] merged=[2, 3]
321.3 fp=[2] true=[3] merged=[2, 3]
321.7 fp=[2] true=[3] merged=[2, 3]
322.0 fp=[2] true=[3] merged=[2, 3]
322.3 fp=[2] true=[3] merged=[2, 3]
322.6 fp=[2] true=[3] merged=[2, 3]
322.9 fp=[2] true=[3] merged=[2, 3]
323.2 fp=[2] true=[3] merged=[2, 3]
323.5 fp=[2] true=[3] merged=[2, 3]
323.9 fp=[2] true=[3] merged=[2, 3]
324.2 fp=[2] true=[3] merged=[2, 3]
324.5 fp=[2] true=[3] merged=[2, 3]
324.8 fp=[2] true=[3] merged=[2, 3]
325.1 fp=[2] true=[3] merged=[2, 3]
325.5 fp=[2] true=[3] merged=[2, 3]
325.8 fp=[2] true=[3] merged=[2, 3]
326.1 fp=[5] true=[3] merged=[3, 5]
326.4 fp=[5] true=[3] merged=[3, 5]
326.7 fp=[5] true=[3] merged=[3, 5]
327.0 fp=[5] true=[3] merged=[3, 5]
327.3 fp=[5] true=[3] merged=[3, 5]
327.7 fp=[5] true=[3] merged=[3, 5]
328.0 fp=[5] true=[3] merged=[3, 5]
328.3 fp=[5] true=[3] merged=[3, 5]
328.6 fp=[5] true=[3] merged=[3, 5]
328.9 fp=[5] true=[3] merged=[3, 5]
329.3 fp=[5] true=[3] merged=[3, 5]
329.6 fp=[5] true=[3] merged=[3, 5]
329.9 fp=[5] true=[3] merged=[3, 5]
330.2 fp=[5] true=[3] merged=[3, 5]
330.5 fp=[5] true=[3] merged=[3, 5]
330.8 fp=[5] true=[3] merged=[3, 5]
331.1 fp=[5] true=[3] merged=[3, 5]
331.4 fp=[5] true=[3] merged=[3, 5]
331.7 fp=[5] true=[3] merged=[3, 5]
332.1 fp=[5] true=[3] merged=[3, 5]
332.4 fp=[5] true=[3] merged=[3, 5]
332.7 fp=[5] true=[3] merged=[3, 5]
333.0 fp=[5] true=[3] merged=[3, 5]
333.3 fp=[5] true=[3] merged=[3, 5]
333.6 fp=[5] true=[3] merged=[3, 5]
333.9 fp=[5] true=[3] merged=[3, 5]
334.2 fp=[5] true=[3] merged=[3, 5]
334.6 fp=[5] true=[3] merged=[3, 5]
334.9 fp=[5] true=[3] merged=[3, 5]
335.2 fp=[5] true=[3] merged=[3, 5]
335.5 fp=[5] true=[3] merged=[3, 5]
335.8 fp=[5] true=[3] merged=[3, 5]
336.2 fp=[5] true=[3] merged=[3, 5]
336.5 fp=[5] true=[3] merged=[3, 5]
336.8 fp=[5] true=[3] merged=[3, 5]
337.1 fp=[5] true=[3] merged=[3, 5]
337.4 fp=[5] true=[3] merged=[3, 5]
337.7 fp=[5] true=[3] merged=[3, 5]
338.0 fp=[5] true=[3] merged=[3, 5]
338.4 fp=[5] true=[3] merged=[3, 5]
338.7 fp=[5] true=[3] merged=[3, 5]
339.0 fp=[5] true=[3] merged=[3, 5]
339.3 fp=[5] true=[3] merged=[3, 5]
339.6 fp=[5] true=[3] merged=[3, 5]
339.9 fp=[5] true=[3] merged=[3, 5]
340.2 fp=[5] true=[3] merged=[3, 5]
340.5 fp=[5] true=[3] merged=[3, 5]
340.9 fp=[5] true=[3] merged=[3, 5]
341.2 fp=[5] true=[3] merged=[3, 5]
341.5 fp=[5] true=[3] merged=[3, 5]
341.8 fp=[5] true=[3] merged=[3, 5]
342.1 fp=[5] true=[3] merged=[3, 5]
342.4 fp=[5] true=[3] merged=[3, 5]
342.7 fp=[5] true=[3] merged=[3, 5]
344.3 fp=[5] true=[3] merged=[3, 5]
344.6 fp=[5] true=[3] merged=[3, 5]
344.9 fp=[5] true=[3] merged=[3, 5]
345.2 fp=[5] true=[3] merged=[3, 5]
345.5 fp=[5] true=[3] merged=[3, 5]
345.9 fp=[5] true=[3] merged=[3, 5]
346.2 fp=[5] true=[3] merged=[3, 5]
346.5 fp=[5] true=[3] merged=[3, 5]
346.8 fp=[5] true=[3] merged=[3, 5]
347.1 fp=[5] true=[3] merged=[3, 5]
347.4 fp=[5] true=[3] merged=[3, 5]
347.7 fp=[5] true=[3] merged=[3, 5]
348.0 fp=[5] true=[3] merged=[3, 5]
348.3 fp=[5] true=[3] merged=[3, 5]
348.7 fp=[5] true=[3] merged=[3, 5]
349.0 fp=[5] true=[3] merged=[3, 5]
349.3 fp=[5] true=[3] merged=[3, 5]
349.6 fp=[5] true=[3] merged=[3, 5]
349.9 fp=[5] true=[3] merged=[3, 5]
350.2 fp=[5] true=[3] merged=[3, 5]
350.5 fp=[5] true=[3] merged=[3, 5]
350.9 fp=[5] true=[3] merged=[3, 5]
351.2 fp=[5] true=[3] merged=[3, 5]
351.5 fp=[5] true=[3] merged=[3, 5]
351.8 fp=[5] true=[3] merged=[3, 5]
352.1 fp=[5] true=[3] merged=[3, 5]
352.4 fp=[5] true=[3] merged=[3, 5]
352.7 fp=[5] true=[3] merged=[3, 5]
353.0 fp=[5] true=[3] merged=[3, 5]
353.3 fp=[5] true=[3] merged=[3, 5]
353.6 fp=[5] true=[3] merged=[3, 5]
354.0 fp=[5] true=[3] merged=[3, 5]
354.3 fp=[5] true=[3] merged=[3, 5]
354.6 fp=[5] true=[3] merged=[3, 5]
354.9 fp=[5] true=[3] merged=[3, 5]
355.2 fp=[5] true=[3] merged=[3, 5]
355.5 fp=[5] true=[3] merged=[3, 5]
355.8 fp=[5] true=[3] merged=[3, 5]
356.1 fp=[5] true=[3] merged=[3, 5]
356.4 fp=[5] true=[3] merged=[3, 5]
356.8 fp=[5] true=[3] merged=[3, 5]
357.1 fp=[5] true=[3] merged=[3, 5]
357.4 fp=[5] true=[3] merged=[3, 5]
357.7 fp=[5] true=[3] merged=[3, 5]
358.0 fp=[5] true=[3] merged=[3, 5]
358.3 fp=[5] true=[3] merged=[3, 5]
358.6 fp=[5] true=[3] merged=[3, 5]
358.9 fp=[5] true=[3] merged=[3, 5]
359.3 fp=[5] true=[3] merged=[3, 5]
359.6 fp=[5] true=[3] merged=[3, 5]
359.9 fp=[5] true=[3] merged=[3, 5]
360.2 fp=[5] true=[3] merged=[3, 5]
360.5 fp=[5] true=[3] merged=[3, 5]
360.8 fp=[5] true=[3] merged=[3, 5]
361.1 fp=[5] true=[3] merged=[3, 5]
361.5 fp=[5] true=[3] merged=[3, 5]
361.8 fp=[5] true=[3] merged=[3, 5]
362.1 fp=[5] true=[3] merged=[3, 5]
362.4 fp=[5] true=[3] merged=[3, 5]
362.7 fp=[5] true=[3] merged=[3, 5]
363.0 fp=[5] true=[3] merged=[3, 5]
363.3 fp=[5] true=[3] merged=[3, 5]
363.7 fp=[5] true=[3] merged=[3, 5]
364.0 fp=[5] true=[3] merged=[3, 5]
364.3 fp=[5] true=[3] merged=[3, 5]
364.6 fp=[5] true=[3] merged=[3, 5]
364.9 fp=[5] true=[3] merged=[3, 5]
365.2 fp=[5] true=[3] merged=[3, 5]
365.5 fp=[5] true=[3] merged=[3, 5]
365.8 fp=[5] true=[3] merged=[3, 5]
366.1 fp=[5] true=[3] merged=[3, 5]
366.4 fp=[5] true=[3] merged=[3, 5]
366.7 fp=[5] true=[3] merged=[3, 5]
367.1 fp=[5] true=[3] merged=[3, 5]
367.4 fp=[5] true=[3] merged=[3, 5]
367.7 fp=[5] true=[3] merged=[3, 5]
368.0 fp=[1] true=[3] merged=[1, 3]
368.3 fp=[1] true=[3] merged=[1, 3]
368.6 fp=[1] true=[3] merged=[1, 3]
368.9 fp=[1] true=[3] merged=[1, 3]
369.3 fp=[1] true=[3] merged=[1, 3]
369.6 fp=[1] true=[3] merged=[1, 3]
369.9 fp=[1] true=[3] merged=[1, 3]
370.2 fp=[1] true=[3] merged=[1, 3]
370.6 fp=[1] true=[3] merged=[1, 3]
370.9 fp=[1] true=[3] merged=[1, 3]
371.2 fp=[1] true=[3] merged=[1, 3]
371.5 fp=[1] true=[3] merged=[1, 3]
371.8 fp=[1] true=[3] merged=[1, 3]
372.1 fp=[1] true=[3] merged=[1, 3]
372.4 fp=[1] true=[3] merged=[1, 3]
372.7 fp=[1] true=[3] merged=[1, 3]
373.0 fp=[1] true=[3] merged=[1, 3]
373.4 fp=[1] true=[3] merged=[1, 3]
373.7 fp=[1] true=[3] merged=[1, 3]
374.0 fp=[1] true=[3] merged=[1, 3]
374.3 fp=[1] true=[3] merged=[1, 3]
374.6 fp=[1] true=[3] merged=[1, 3]
375.0 fp=[1] true=[3] merged=[1, 3]
375.3 fp=[1] true=[3] merged=[1, 3]
375.6 fp=[1] true=[3] merged=[1, 3]
375.9 fp=[1] true=[3] merged=[1, 3]
376.2 fp=[1] true=[3] merged=[1, 3]
376.5 fp=[1] true=[3] merged=[1, 3]
376.9 fp=[1] true=[3] merged=[1, 3]
377.2 fp=[1] true=[3] merged=[1, 3]
377.5 fp=[1] true=[3] merged=[1, 3]
377.8 fp=[1] true=[3] merged=[1, 3]
378.1 fp=[1] true=[3] merged=[1, 3]
378.4 fp=[1] true=[3] merged=[1, 3]
378.7 fp=[1] true=[3] merged=[1, 3]
379.0 fp=[1] true=[3] merged=[1, 3]
379.3 fp=[1] true=[3] merged=[1, 3]
379.6 fp=[1] true=[3] merged=[1, 3]
380.0 fp=[1] true=[3] merged=[1, 3]
380.3 fp=[1] true=[3] merged=[1, 3]
380.6 fp=[1] true=[3] merged=[1, 3]
380.9 fp=[1] true=[3] merged=[1, 3]
381.2 fp=[1] true=[3] merged=[1, 3]
381.5 fp=[1] true=[3] merged=[1, 3]
381.8 fp=[1] true=[3] merged=[1, 3]
382.2 fp=[1] true=[3] merged=[1, 3]
382.5 fp=[1] true=[3] merged=[1, 3]
382.8 fp=[1] true=[3] merged=[1, 3]
383.1 fp=[1] true=[3] merged=[1, 3]
383.4 fp=[1] true=[3] merged=[1, 3]
383.8 fp=[1] true=[3] merged=[1, 3]
384.1 fp=[1] true=[3] merged=[1, 3]
384.4 fp=[1] true=[3] merged=[1, 3]
384.7 fp=[1] true=[3] merged=[1, 3]
385.0 fp=[1] true=[3] merged=[1, 3]
