# start rate=10 seed=5 dur=420 n=7 target=3 events=37
4.0 fp=[2] true=[3] merged=[2, 3]
4.4 fp=[2] true=[3] merged=[2, 3]
4.7 fp=[2] true=[3] merged=[2, 3]
5.0 fp=[2] true=[3] merged=[2, 3]
5.3 fp=[2] true=[3] merged=[2, 3]
5.6 fp=[2] true=[3] merged=[2, 3]
5.9 fp=[2] true=[3] merged=[2, 3]
6.2 fp=[2] true=[3] merged=[2, 3]
6.5 fp=[2] true=[3] merged=[2, 3]
6.9 fp=[2] true=[3] merged=[2, 3]
7.2 fp=[2] true=[3] merged=[2, 3]
7.5 fp=[2] true=[3] merged=[2, 3]
7.8 fp=[2] true=[3] merged=[2, 3]
8.1 fp=[2] true=[3] merged=[2, 3]
8.4 fp=[2] true=[3] merged=[2, 3]
8.7 fp=[2] true=[3] merged=[2, 3]
9.0 fp=[2] true=[3] merged=[2, 3]
9.4 fp=[2] true=[3] merged=[2, 3]
9.7 fp=[2] true=[3] merged=[2, 3]
10.0 fp=[2] true=[3] merged=[2, 3]
10.3 fp=[2] true=[3] merged=[2, 3]
10.6 fp=[2] true=[3] merged=[2, 3]
11.0 fp=[2] true=[3] merged=[2, 3]
11.3 fp=[2] true=[3] merged=[2, 3]
11.6 fp=[2] true=[3] merged=[2, 3]
11.9 fp=[2] true=[3] merged=[2, 3]
12.2 fp=[2] true=[3] merged=[2, 3]
12.5 fp=[2] true=[3] merged=[2, 3]
12.8 fp=[2] true=[3] merged=[2, 3]
13.2 fp=[2] true=[3] merged=[2, 3]
13.5 fp=[2] true=[3] merged=[2, 3]
13.8 fp=[2] true=[3] merged=[2, 3]
14.1 fp=[2] true=[3] merged=[2, 3]
14.4 fp=[2] true=[3] merged=[2, 3]
14.7 fp=[2] true=[3] merged=[2, 3]
15.0 fp=[2] true=[3] merged=[2, 3]
15.3 fp=[2] true=[3] merged=[2, 3]
15.6 fp=[2] true=[3] merged=[2, 3]
16.0 fp=[2] true=[3] merged=[2, 3]
16.3 fp=[2] true=[3] merged=[2, 3]
16.6 fp=[2] true=[3] merged=[2, 3]
16.9 fp=[2] true=[3] merged=[2, 3]
17.2 fp=[2] true=[3] merged=[2, 3]
17.5 fp=[2] true=[3] merged=[2, 3]
17.8 fp=[2] true=[3] merged=[2, 3]
18.2 fp=[2] true=[3] merged=[2, 3]
18.5 fp=[2] true=[3] merged=[2, 3]
18.8 fp=[2] true=[3] merged=[2, 3]
19.1 fp=[2] true=[3] merged=[2, 3]
19.4 fp=[2] true=[3] merged=[2, 3]
19.7 fp=[2] true=[3] merged=[2, 3]
20.0 fp=[2] true=[3] merged=[2, 3]
20.4 fp=[2] true=[3] merged=[2, 3]
20.7 fp=[2] true=[3] merged=[2, 3]
21.0 fp=[2] true=[3] merged=[2, 3]
21.3 fp=[2] true=[3] merged=[2, 3]
21.6 fp=[2] true=[3] merged=[2, 3]
21.9 fp=[2] true=[3] merged=[2, 3]
22.2 fp=[2] true=[3] merged=[2, 3]
22.5 fp=[2] true=[3] merged=[2, 3]
22.9 fp=[2] true=[3] merged=[2, 3]
23.2 fp=[2] true=[3] merged=[2, 3]
23.5 fp=[2] true=[3] merged=[2, 3]
23.8 fp=[2] true=[3] merged=[2, 3]
27.2 fp=[2] true=[3] merged=[2, 3]
27.5 fp=[2] true=[3] merged=[2, 3]
27.8 fp=[2] true=[3] merged=[2, 3]
28.1 fp=[2] true=[3] merged=[2, 3]
28.4 fp=[2] true=[3] merged=[2, 3]
28.8 fp=[2] true=[3] merged=[2, 3]
29.1 fp=[2] true=[3] merged=[2, 3]
29.4 fp=[2] true=[3] merged=[2, 3]
29.7 fp=[2] true=[3] merged=[2, 3]
30.0 fp=[2] true=[3] merged=[2, 3]
30.3 fp=[2] true=[3] merged=[2, 3]
30.6 fp=[2] true=[3] merged=[2, 3]
30.9 fp=[2] true=[3] merged=[2, 3]
31.2 fp=[2] true=[3] merged=[2, 3]
31.6 fp=[2] true=[3] merged=[2, 3]
31.9 fp=[2] true=[3] merged=[2, 3]
32.2 fp=[2] true=[3] merged=[2, 3]
32.5 fp=[2] true=[3] merged=[2, 3]
32.8 fp=[2] true=[3] merged=[2, 3]
33.1 fp=[2] true=[3] merged=[2, 3]
33.4 fp=[2] true=[3] merged=[2, 3]
33.7 fp=[2] true=[3] merged=[2, 3]
34.0 fp=[2] true=[3] merged=[2, 3]
34.4 fp=[2] true=[3] merged=[2, 3]
34.7 fp=[2] true=[3] merged=[2, 3]
35.0 fp=[2] true=[3] merged=[2, 3]
35.3 fp=[2] true=[3] merged=[2, 3]
35.6 fp=[2] true=[3] merged=[2, 3]
35.9 fp=[2] true=[3] merged=[2, 3]
36.2 fp=[2] true=[3] merged=[2, 3]
36.5 fp=[2] true=[3] merged=[2, 3]
36.8 fp=[2] true=[3] merged=[2, 3]
37.2 fp=[2] true=[3] merged=[2, 3]
37.5 fp=[2] true=[3] merged=[2, 3]
37.8 fp=[2] true=[3] merged=[2, 3]
38.1 fp=[1] true=[3] merged=[1, 3]
38.4 fp=[1] true=[3] merged=[1, 3]
38.7 fp=[1] true=[3] merged=[1, 3]
39.0 fp=[1] true=[3] merged=[1, 3]
39.3 fp=[1] true=[3] merged=[1, 3]
39.7 fp=[1] true=[3] merged=[1, 3]
40.0 fp=[1] true=[3] merged=[1, 3]
40.3 fp=[1] true=[3] merged=[1, 3]
40.6 fp=[1] true=[3] merged=[1, 3]
40.9 fp=[1] true=[3] merged=[1, 3]
41.2 fp=[1] true=[3] merged=[1, 3]
41.5 fp=[1] true=[3] merged=[1, 3]
41.8 fp=[1] true=[3] merged=[1, 3]
42.2 fp=[1] true=[3] merged=[1, 3]
42.5 fp=[1] true=[3] merged=[1, 3]
42.8 fp=[1] true=[3] merged=[1, 3]
43.1 fp=[1] true=[3] merged=[1, 3]
43.4 fp=[1] true=[3] merged=[1, 3]
43.7 fp=[1] true=[3] merged=[1, 3]
44.0 fp=[1] true=[3] merged=[1, 3]
44.3 fp=[1] true=[3] merged=[1, 3]
44.6 fp=[1] true=[3] merged=[1, 3]
45.0 fp=[1] true=[3] merged=[1, 3]
45.3 fp=[1] true=[3] merged=[1, 3]
45.6 fp=[1] true=[3] merged=[1, 3]
45.9 fp=[1] true=[3] merged=[1, 3]
46.2 fp=[1] true=[3] merged=[1, 3]
46.5 fp=[1] true=[3] merged=[1, 3]
46.8 fp=[1] true=[3] merged=[1, 3]
47.2 fp=[1] true=[3] merged=[1, 3]
47.5 fp=[1] true=[3] merged=[1, 3]
47.8 fp=[1] true=[3] merged=[1, 3]
48.1 fp=[1] true=[3] merged=[1, 3]
48.4 fp=[1] true=[3] merged=[1, 3]
48.7 fp=[1] true=[3] merged=[1, 3]
49.0 fp=[1] true=[3] merged=[1, 3]
49.3 fp=[1] true=[3] merged=[1, 3]
49.6 fp=[1] true=[3] merged=[1, 3]
50.0 fp=[1] true=[3] merged=[1, 3]
50.3 fp=[1] true=[3] merged=[1, 3]
50.6 fp=[1] true=[3] merged=[1, 3]
50.9 fp=[1] true=[3] merged=[1, 3]
51.2 fp=[1] true=[3] merged=[1, 3]
51.5 fp=[1] true=[3] merged=[1, 3]
51.8 fp=[1] true=[3] merged=[1, 3]
52.2 fp=[1] true=[3] merged=[1, 3]
52.5 fp=[1] true=[3] merged=[1, 3]
52.8 fp=[1] true=[3] merged=[1, 3]
53.1 fp=[1] true=[3] merged=[1, 3]
53.4 fp=[1] true=[3] merged=[1, 3]
53.7 fp=[1] true=[3] merged=[1, 3]
54.0 fp=[1] true=[3] merged=[1, 3]
54.4 fp=[1] true=[3] merged=[1, 3]
54.7 fp=[1] true=[3] merged=[1, 3]
55.0 fp=[1] true=[3] merged=[1, 3]
55.3 fp=[1] true=[3] merged=[1, 3]
55.6 fp=[1] true=[3] merged=[1, 3]
55.9 fp=[1] true=[3] merged=[1, 3]
56.2 fp=[1] true=[3] merged=[1, 3]
56.6 fp=[1] true=[3] merged=[1, 3]
56.9 fp=[1] true=[3] merged=[1, 3]
57.2 fp=[1] true=[3] merged=[1, 3]
57.5 fp=[1] true=[3] merged=[1, 3]
57.8 fp=[1] true=[3] merged=[1, 3]
58.1 fp=[1] true=[3] merged=[1, 3]
58.4 fp=[1] true=[3] merged=[1, 3]
58.8 fp=[1] true=[3] merged=[1, 3]
59.1 fp=[1] true=[3] merged=[1, 3]
59.4 fp=[1] true=[3] merged=[1, 3]
59.7 fp=[1] true=[3] merged=[1, 3]
60.1 fp=[1] true=[3] merged=[1, 3]
60.4 fp=[1] true=[3] merged=[1, 3]
60.7 fp=[1] true=[3] merged=[1, 3]
61.0 fp=[1] true=[3] merged=[1, 3]
61.3 fp=[1] true=[3] merged=[1, 3]
61.6 fp=[1] true=[3] merged=[1, 3]
62.0 fp=[1] true=[3] merged=[1, 3]
62.3 fp=[1] true=[3] merged=[1, 3]
62.6 fp=[1] true=[3] merged=[1, 3]
62.9 fp=[1] true=[3] merged=[1, 3]
63.2 fp=[1] true=[3] merged=[1, 3]
63.5 fp=[1] true=[3] merged=[1, 3]
63.8 fp=[1] true=[3] merged=[1, 3]
64.1 fp=[1] true=[3] merged=[1, 3]
64.4 fp=[1] true=[3] merged=[1, 3]
64.8 fp=[1] true=[3] merged=[1, 3]
65.1 fp=[1] true=[3] merged=[1, 3]
65.4 fp=[1] true=[3] merged=[1, 3]
65.7 fp=[1] true=[3] merged=[1, 3]
66.0 fp=[1] true=[3] merged=[1, 3]
66.3 fp=[1] true=[3] merged=[1, 3]
66.6 fp=[1] true=[3] merged=[1, 3]
66.9 fp=[1] true=[3] merged=[1, 3]
81.3 fp=[2] true=[3] merged=[2, 3]
81.6 fp=[2] true=[3] merged=[2, 3]
81.9 fp=[2] true=[3] merged=[2, 3]
82.2 fp=[2] true=[3] merged=[2, 3]
82.6 fp=[2] true=[3] merged=[2, 3]
82.9 fp=[2] true=[3] merged=[2, 3]
83.2 fp=[2] true=[3] merged=[2, 3]
83.5 fp=[2] true=[3] merged=[2, 3]
83.8 fp=[2] true=[3] merged=[2, 3]
84.1 fp=[2] true=[3] merged=[2, 3]
84.5 fp=[2] true=[3] merged=[2, 3]
84.8 fp=[2] true=[3] merged=[2, 3]
85.1 fp=[2] true=[3] merged=[2, 3]
85.4 fp=[2] true=[3] merged=[2, 3]
85.7 fp=[2] true=[3] merged=[2, 3]
86.0 fp=[2] true=[3] merged=[2, 3]
86.4 fp=[2] true=[3] merged=[2, 3]
86.7 fp=[2] true=[3] merged=[2, 3]
87.0 fp=[2] true=[3] merged=[2, 3]
87.3 fp=[2] true=[3] merged=[2, 3]
87.6 fp=[2] true=[3] merged=[2, 3]
87.9 fp=[2] true=[3] merged=[2, 3]
88.2 fp=[2] true=[3] merged=[2, 3]
88.5 fp=[2] true=[3] merged=[2, 3]
88.9 fp=[2] true=[3] merged=[2, 3]
89.2 fp=[2] true=[3] merged=[2, 3]
89.5 fp=[2] true=[3] merged=[2, 3]
89.8 fp=[2] true=[3] merged=[2, 3]
90.1 fp=[2] true=[3] merged=[2, 3]
90.4 fp=[2] true=[3] merged=[2, 3]
90.7 fp=[2] true=[3] merged=[2, 3]
91.1 fp=[2] true=[3] merged=[2, 3]
91.4 fp=[2] true=[3] merged=[2, 3]
91.7 fp=[2] true=[3] merged=[2, 3]
92.0 fp=[2] true=[3] merged=[2, 3]
92.3 fp=[2] true=[3] merged=[2, 3]
92.7 fp=[2] true=[3] merged=[2, 3]
93.0 fp=[2] true=[3] merged=[2, 3]
93.3 fp=[2] true=[3] merged=[2, 3]
93.6 fp=[2] true=[3] merged=[2, 3]
93.9 fp=[2] true=[3] merged=[2, 3]
94.2 fp=[1] true=[3] merged=[1, 3]
94.5 fp=[1] true=[3] merged=[1, 3]
94.8 fp=[1] true=[3] merged=[1, 3]
95.2 fp=[1] true=[3] merged=[1, 3]
95.5 fp=[1] true=[3] merged=[1, 3]
95.8 fp=[1] true=[3] merged=[1, 3]
96.1 fp=[1] true=[3] merged=[1, 3]
96.4 fp=[1] true=[3] merged=[1, 3]
96.7 fp=[1] true=[3] merged=[1, 3]
97.0 fp=[1] true=[3] merged=[1, 3]
97.3 fp=[1] true=[3] merged=[1, 3]
97.6 fp=[1] true=[3] merged=[1, 3]
98.0 fp=[1] true=[3] merged=[1, 3]
98.3 fp=[1] true=[3] merged=[1, 3]
98.6 fp=[1] true=[3] merged=[1, 3]
98.9 fp=[1] true=[3] merged=[1, 3]
99.2 fp=[1] true=[3] merged=[1, 3]
99.5 fp=[1] true=[3] merged=[1, 3]
99.8 fp=[1] true=[3] merged=[1, 3]
100.2 fp=[1] true=[3] merged=[1, 3]
100.5 fp=[1] true=[3] merged=[1, 3]
100.8 fp=[1] true=[3] merged=[1, 3]
101.1 fp=[1] true=[3] merged=[1, 3]
101.4 fp=[1] true=[3] merged=[1, 3]
101.7 fp=[1] true=[3] merged=[1, 3]
102.0 fp=[1] true=[3] merged=[1, 3]
102.4 fp=[1] true=[3] merged=[1, 3]
102.7 fp=[1] true=[3] merged=[1, 3]
103.0 fp=[1] true=[3] merged=[1, 3]
103.3 fp=[1] true=[3] merged=[1, 3]
103.7 fp=[1] true=[3] merged=[1, 3]
104.0 fp=[1] true=[3] merged=[1, 3]
104.3 fp=[1] true=[3] merged=[1, 3]
104.6 fp=[1] true=[3] merged=[1, 3]
104.9 fp=[1] true=[3] merged=[1, 3]
105.2 fp=[1] true=[3] merged=[1, 3]
105.5 fp=[1] true=[3] merged=[1, 3]
105.9 fp=[1] true=[3] merged=[1, 3]
106.2 fp=[1] true=[3] merged=[1, 3]
106.5 fp=[1] true=[3] merged=[1, 3]
106.8 fp=[1] true=[3] merged=[1, 3]
107.1 fp=[1] true=[3] merged=[1, 3]
107.5 fp=[1] true=[3] merged=[1, 3]
107.8 fp=[1] true=[3] merged=[1, 3]
108.1 fp=[1] true=[3] merged=[1, 3]
108.4 fp=[1] true=[3] merged=[1, 3]
108.7 fp=[1] true=[3] merged=[1, 3]
109.0 fp=[1] true=[3] merged=[1, 3]
109.3 fp=[1] true=[3] merged=[1, 3]
109.6 fp=[1] true=[3] merged=[1, 3]
109.9 fp=[1] true=[3] merged=[1, 3]
110.3 fp=[1] true=[3] merged=[1, 3]
110.6 fp=[1] true=[3] merged=[1, 3]
110.9 fp=[1] true=[3] merged=[1, 3]
111.2 fp=[1] true=[3] merged=[1, 3]
111.5 fp=[1] true=[3] merged=[1, 3]
111.8 fp=[1] true=[3] merged=[1, 3]
112.1 fp=[1] true=[3] merged=[1, 3]
112.4 fp=[1] true=[3] merged=[1, 3]
112.8 fp=[1] true=[3] merged=[1, 3]
113.1 fp=[1] true=[3] merged=[1, 3]
113.4 fp=[1] true=[3] merged=[1, 3]
113.7 fp=[1] true=[3] merged=[1, 3]
114.0 fp=[5] true=[3] merged=[3, 5]
114.3 fp=[5] true=[3] merged=[3, 5]
114.6 fp=[5] true=[3] merged=[3, 5]
114.9 fp=[5] true=[3] merged=[3, 5]
115.3 fp=[5] true=[3] merged=[3, 5]
115.6 fp=[5] true=[3] merged=[3, 5]
115.9 fp=[5] true=[3] merged=[3, 5]
116.2 fp=[5] true=[3] merged=[3, 5]
116.5 fp=[5] true=[3] merged=[3, 5]
116.8 fp=[5] true=[3] merged=[3, 5]
117.1 fp=[5] true=[3] merged=[3, 5]
117.4 fp=[5] true=[3] merged=[3, 5]
117.8 fp=[5] true=[3] merged=[3, 5]
138.1 fp=[4] true=[3] merged=[3, 4]
138.4 fp=[4] true=[3] merged=[3, 4]
138.7 fp=[4] true=[3] merged=[3, 4]
139.0 fp=[4] true=[3] merged=[3, 4]
139.3 fp=[4] true=[3] merged=[3, 4]
139.6 fp=[4] true=[3] merged=[3, 4]
139.9 fp=[4] true=[3] merged=[3, 4]
140.2 fp=[4] true=[3] merged=[3, 4]
140.6 fp=[4] true=[3] merged=[3, 4]
140.9 fp=[4] true=[3] merged=[3, 4]
141.2 fp=[4] true=[3] merged=[3, 4]
141.5 fp=[4] true=[3] merged=[3, 4]
141.8 fp=[4] true=[3] merged=[3, 4]
142.1 fp=[4] true=[3] merged=[3, 4]
142.4 fp=[4] true=[3] merged=[3, 4]
142.7 fp=[4] true=[3] merged=[3, 4]
143.1 fp=[4] true=[3] merged=[3, 4]
143.4 fp=[4] true=[3] merged=[3, 4]
143.7 fp=[4] true=[3] merged=[3, 4]
144.0 fp=[4] true=[3] merged=[3, 4]
144.3 fp=[4] true=[3] merged=[3, 4]
144.6 fp=[4] true=[3] merged=[3, 4]
144.9 fp=[4] true=[3] merged=[3, 4]
145.2 fp=[4] true=[3] merged=[3, 4]
145.5 fp=[4] true=[3] merged=[3, 4]
145.9 fp=[4] true=[3] merged=[3, 4]
146.2 fp=[4] true=[3] merged=[3, 4]
146.5 fp=[4] true=[3] merged=[3, 4]
146.8 fp=[4] true=[3] merged=[3, 4]
147.1 fp=[4] true=[3] merged=[3, 4]
147.4 fp=[4] true=[3] merged=[3, 4]
147.7 fp=[4] true=[3] merged=[3, 4]
148.0 fp=[4] true=[3] merged=[3, 4]
148.3 fp=[4] true=[3] merged=[3, 4]
148.7 fp=[4] true=[3] merged=[3, 4]
149.0 fp=[4] true=[3] merged=[3, 4]
149.3 fp=[2] true=[3] merged=[2, 3]
149.6 fp=[2] true=[3] merged=[2, 3]
149.9 fp=[2] true=[3] merged=[2, 3]
150.2 fp=[2] true=[3] merged=[2, 3]
150.6 fp=[2] true=[3] merged=[2, 3]
150.9 fp=[2] true=[3] merged=[2, 3]
151.2 fp=[2] true=[3] merged=[2, 3]
151.5 fp=[2] true=[3] merged=[2, 3]
151.8 fp=[2] true=[3] merged=[2, 3]
152.1 fp=[2] true=[3] merged=[2, 3]
152.5 fp=[2] true=[3] merged=[2, 3]
152.8 fp=[2] true=[3] merged=[2, 3]
153.1 fp=[2] true=[3] merged=[2, 3]
153.4 fp=[2] true=[3] merged=[2, 3]
153.7 fp=[2] true=[3] merged=[2, 3]
154.0 fp=[2] true=[3] merged=[2, 3]
154.4 fp=[2] true=[3] merged=[2, 3]
154.7 fp=[2] true=[3] merged=[2, 3]
155.0 fp=[2] true=[3] merged=[2, 3]
155.3 fp=[2] true=[3] merged=[2, 3]
155.6 fp=[2] true=[3] merged=[2, 3]
155.9 fp=[2] true=[3] merged=[2, 3]
156.2 fp=[2] true=[3] merged=[2, 3]
156.6 fp=[2] true=[3] merged=[2, 3]
156.9 fp=[2] true=[3] merged=[2, 3]
157.2 fp=[2] true=[3] merged=[2, 3]
157.5 fp=[2] true=[3] merged=[2, 3]
157.8 fp=[2] true=[3] merged=[2, 3]
158.1 fp=[2] true=[3] merged=[2, 3]
158.4 fp=[2] true=[3] merged=[2, 3]
158.7 fp=[2] true=[3] merged=[2, 3]
159.1 fp=[2] true=[3] merged=[2, 3]
159.4 fp=[2] true=[3] merged=[2, 3]
159.7 fp=[2] true=[3] merged=[2, 3]
160.0 fp=[2] true=[3] merged=[2, 3]
160.3 fp=[2] true=[3] merged=[2, 3]
160.7 fp=[2] true=[3] merged=[2, 3]
161.0 fp=[2] true=[3] merged=[2, 3]
161.3 fp=[2] true=[3] merged=[2, 3]
161.6 fp=[2] true=[3] merged=[2, 3]
162.0 fp=[2] true=[3] merged=[2, 3]
162.3 fp=[2] true=[3] merged=[2, 3]
162.6 fp=[2] true=[3] merged=[2, 3]
162.9 fp=[2] true=[3] merged=[2, 3]
163.2 fp=[2] true=[3] merged=[2, 3]
163.5 fp=[2] true=[3] merged=[2, 3]
163.8 fp=[2] true=[3] merged=[2, 3]
164.1 fp=[2] true=[3] merged=[2, 3]
164.5 fp=[2] true=[3] merged=[2, 3]
164.8 fp=[2] true=[3] merged=[2, 3]
165.1 fp=[2] true=[3] merged=[2, 3]
165.4 fp=[2] true=[3] merged=[2, 3]
165.7 fp=[2] true=[3] merged=[2, 3]
166.0 fp=[2] true=[3] merged=[2, 3]
166.4 fp=[2] true=[3] merged=[2, 3]
166.7 fp=[2] true=[3] merged=[2, 3]
167.0 fp=[2] true=[3] merged=[2, 3]
167.3 fp=[2] true=[3] merged=[2, 3]
167.6 fp=[2] true=[3] merged=[2, 3]
167.9 fp=[2] true=[3] merged=[2, 3]
168.2 fp=[2] true=[3] merged=[2, 3]
168.5 fp=[2] true=[3] merged=[2, 3]
168.9 fp=[2] true=[3] merged=[2, 3]
169.2 fp=[4] true=[3] merged=[3, 4]
169.5 fp=[4] true=[3] merged=[3, 4]
169.8 fp=[4] true=[3] merged=[3, 4]
170.1 fp=[4] true=[3] merged=[3, 4]
170.4 fp=[4] true=[3] merged=[3, 4]
170.7 fp=[4] true=[3] merged=[3, 4]
171.1 fp=[4] true=[3] merged=[3, 4]
171.4 fp=[4] true=[3] merged=[3, 4]
171.7 fp=[4] true=[3] merged=[3, 4]
172.0 fp=[4] true=[3] merged=[3, 4]
172.3 fp=[4] true=[3] merged=[3, 4]
172.6 fp=[4] true=[3] merged=[3, 4]
172.9 fp=[4] true=[3] merged=[3, 4]
173.2 fp=[4] true=[3] merged=[3, 4]
173.5 fp=[4] true=[3] merged=[3, 4]
173.9 fp=[4] true=[3] merged=[3, 4]
174.2 fp=[4] true=[3] merged=[3, 4]
174.5 fp=[4] true=[3] merged=[3, 4]
174.8 fp=[4] true=[3] merged=[3, 4]
175.1 fp=[4] true=[3] merged=[3, 4]
175.4 fp=[4] true=[3] merged=[3, 4]
175.7 fp=[4] true=[3] merged=[3, 4]
176.1 fp=[4] true=[3] merged=[3, 4]
176.4 fp=[4] true=[3] merged=[3, 4]
176.7 fp=[4] true=[3] merged=[3, 4]
177.0 fp=[4] true=[3] merged=[3, 4]
177.3 fp=[4] true=[3] merged=[3, 4]
177.6 fp=[4] true=[3] merged=[3, 4]
177.9 fp=[4] true=[3] merged=[3, 4]
178.2 fp=[4] true=[3] merged=[3, 4]
178.6 fp=[4] true=[3] merged=[3, 4]
178.9 fp=[4] true=[3] merged=[3, 4]
179.2 fp=[4] true=[3] merged=[3, 4]
179.5 fp=[4] true=[3] merged=[3, 4]
179.8 fp=[4] true=[3] merged=[3, 4]
180.1 fp=[1] true=[3] merged=[1, 3]
180.4 fp=[1] true=[3] merged=[1, 3]
180.7 fp=[1] true=[3] merged=[1, 3]
181.1 fp=[1] true=[3] merged=[1, 3]
181.4 fp=[1] true=[3] merged=[1, 3]
181.7 fp=[1] true=[3] merged=[1, 3]
182.0 fp=[1] true=[3] merged=[1, 3]
182.3 fp=[1] true=[3] merged=[1, 3]
182.6 fp=[1] true=[3] merged=[1, 3]
182.9 fp=[1] true=[3] merged=[1, 3]
183.2 fp=[1] true=[3] merged=[1, 3]
183.6 fp=[1] true=[3] merged=[1, 3]
183.9 fp=[1] true=[3] merged=[1, 3]
184.2 fp=[1] true=[3] merged=[1, 3]
184.5 fp=[1] true=[3] merged=[1, 3]
184.8 fp=[1] true=[3] merged=[1, 3]
185.1 fp=[1] true=[3] merged=[1, 3]
185.4 fp=[1] true=[3] merged=[1, 3]
185.7 fp=[1] true=[3] merged=[1, 3]
186.1 fp=[1] true=[3] merged=[1, 3]
186.4 fp=[1] true=[3] merged=[1, 3]
186.7 fp=[1] true=[3] merged=[1, 3]
187.0 fp=[1] true=[3] merged=[1, 3]
187.3 fp=[1] true=[3] merged=[1, 3]
187.6 fp=[1] true=[3] merged=[1, 3]
187.9 fp=[1] true=[3] merged=[1, 3]
188.2 fp=[1] true=[3] merged=[1, 3]
188.5 fp=[1] true=[3] merged=[1, 3]
188.8 fp=[1] true=[3] merged=[1, 3]
189.2 fp=[1] true=[3] merged=[1, 3]
189.5 fp=[1] true=[3] merged=[1, 3]
189.8 fp=[1] true=[3] merged=[1, 3]
190.1 fp=[1] true=[3] merged=[1, 3]
190.4 fp=[1] true=[3] merged=[1, 3]
190.7 fp=[1] true=[3] merged=[1, 3]
191.0 fp=[1] true=[3] merged=[1, 3]
191.4 fp=[1] true=[3] merged=[1, 3]
191.7 fp=[1] true=[3] merged=[1, 3]
192.0 fp=[1] true=[3] merged=[1, 3]
192.3 fp=[1] true=[3] merged=[1, 3]
192.6 fp=[1] true=[3] merged=[1, 3]
192.9 fp=[1] true=[3] merged=[1, 3]
193.3 fp=[1] true=[3] merged=[1, 3]
193.6 fp=[1] true=[3] merged=[1, 3]
193.9 fp=[1] true=[3] merged=[1, 3]
194.2 fp=[1] true=[3] merged=[1, 3]
194.5 fp=[1] true=[3] merged=[1, 3]
194.8 fp=[1] true=[3] merged=[1, 3]
195.1 fp=[1] true=[3] merged=[1, 3]
195.4 fp=[1] true=[3] merged=[1, 3]
195.7 fp=[1] true=[3] merged=[1, 3]
196.0 fp=[1] true=[3] merged=[1, 3]
196.4 fp=[1] true=[3] merged=[1, 3]
196.7 fp=[1] true=[3] merged=[1, 3]
197.0 fp=[1] true=[3] merged=[1, 3]
197.3 fp=[1] true=[3] merged=[1, 3]
197.6 fp=[1] true=[3] merged=[1, 3]
197.9 fp=[1] true=[3] merged=[1, 3]
198.2 fp=[1] true=[3] merged=[1, 3]
198.5 fp=[1] true=[3] merged=[1, 3]
198.9 fp=[1] true=[3] merged=[1, 3]
199.2 fp=[1] true=[3] merged=[1, 3]
199.5 fp=[1] true=[3] merged=[1, 3]
199.8 fp=[1] true=[3] merged=[1, 3]
200.1 fp=[5] true=[3] merged=[3, 5]
200.4 fp=[5] true=[3] merged=[3, 5]
200.7 fp=[5] true=[3] merged=[3, 5]
201.1 fp=[5] true=[3] merged=[3, 5]
201.4 fp=[5] true=[3] merged=[3, 5]
201.8 fp=[5] true=[3] merged=[3, 5]
202.1 fp=[5] true=[3] merged=[3, 5]
202.4 fp=[5] true=[3] merged=[3, 5]
202.7 fp=[5] true=[3] merged=[3, 5]
203.0 fp=[5] true=[3] merged=[3, 5]
203.3 fp=[5] true=[3] merged=[3, 5]
203.6 fp=[5] true=[3] merged=[3, 5]
204.0 fp=[5] true=[3] merged=[3, 5]
204.3 fp=[5] true=[3] merged=[3, 5]
204.6 fp=[5] true=[3] merged=[3, 5]
204.9 fp=[5] true=[3] merged=[3, 5]
205.2 fp=[5] true=[3] merged=[3, 5]
205.5 fp=[5] true=[3] merged=[3, 5]
205.8 fp=[5] true=[3] merged=[3, 5]
206.2 fp=[5] true=[3] merged=[3, 5]
206.5 fp=[5] true=[3] merged=[3, 5]
206.8 fp=[5] true=[3] merged=[3, 5]
207.1 fp=[5] true=[3] merged=[3, 5]
207.4 fp=[5] true=[3] merged=[3, 5]
207.8 fp=[5] true=[3] merged=[3, 5]
208.1 fp=[5] true=[3] merged=[3, 5]
208.4 fp=[5] true=[3] merged=[3, 5]
208.7 fp=[5] true=[3] merged=[3, 5]
209.0 fp=[5] true=[3] merged=[3, 5]
209.3 fp=[5] true=[3] merged=[3, 5]
209.7 fp=[5] true=[3] merged=[3, 5]
210.0 fp=[5] true=[3] merged=[3, 5]
210.3 fp=[5] true=[3] merged=[3, 5]
210.6 fp=[5] true=[3] merged=[3, 5]
210.9 fp=[5] true=[3] merged=[3, 5]
211.2 fp=[5] true=[3] merged=[3, 5]
211.6 fp=[5] true=[3] merged=[3, 5]
211.9 fp=[5] true=[3] merged=[3, 5]
212.2 fp=[5] true=[3] merged=[3, 5]
212.5 fp=[5] true=[3] merged=[3, 5]
212.8 fp=[5] true=[3] merged=[3, 5]
213.1 fp=[5] true=[3] merged=[3, 5]
213.4 fp=[5] true=[3] merged=[3, 5]
213.8 fp=[5] true=[3] merged=[3, 5]
214.1 fp=[5] true=[3] merged=[3, 5]
214.4 fp=[5] true=[3] merged=[3, 5]
214.7 fp=[5] true=[3] merged=[3, 5]
215.0 fp=[5] true=[3] merged=[3, 5]
215.3 fp=[4] true=[3] merged=[3, 4]
215.6 fp=[4] true=[3] merged=[3, 4]
215.9 fp=[4] true=[3] merged=[3, 4]
216.3 fp=[4] true=[3] merged=[3, 4]
216.6 fp=[4] true=[3] merged=[3, 4]
216.9 fp=[4] true=[3] merged=[3, 4]
217.2 fp=[4] true=[3] merged=[3, 4]
217.5 fp=[4] true=[3] merged=[3, 4]
217.8 fp=[4] true=[3] merged=[3, 4]
218.1 fp=[4] true=[3] merged=[3, 4]
218.5 fp=[4] true=[3] merged=[3, 4]
218.8 fp=[4] true=[3] merged=[3, 4]
219.1 fp=[4] true=[3] merged=[3, 4]
219.4 fp=[4] true=[3] merged=[3, 4]
219.7 fp=[4] true=[3] merged=[3, 4]
220.0 fp=[4] true=[3] merged=[3, 4]
220.3 fp=[4] true=[3] merged=[3, 4]
220.7 fp=[4] true=[3] merged=[3, 4]
221.0 fp=[4] true=[3] merged=[3, 4]
221.3 fp=[4] true=[3] merged=[3, 4]
221.6 fp=[4] true=[3] merged=[3, 4]
222.0 fp=[4] true=[3] merged=[3, 4]
222.3 fp=[4] true=[3] merged=[3, 4]
222.6 fp=[4] true=[3] merged=[3, 4]
222.9 fp=[4] true=[3] merged=[3, 4]
223.2 fp=[4] true=[3] merged=[3, 4]
223.5 fp=[4] true=[3] merged=[3, 4]
223.8 fp=[4] true=[3] merged=[3, 4]
224.1 fp=[4] true=[3] merged=[3, 4]
224.4 fp=[4] true=[3] merged=[3, 4]
224.8 fp=[4] true=[3] merged=[3, 4]
225.1 fp=[4] true=[3] merged=[3, 4]
225.4 fp=[4] true=[3] merged=[3, 4]
225.7 fp=[4] true=[3] merged=[3, 4]
226.0 fp=[4] true=[3] merged=[3, 4]
226.3 fp=[4] true=[3] merged=[3, 4]
226.6 fp=[4] true=[3] merged=[3, 4]
227.0 fp=[4] true=[3] merged=[3, 4]
227.3 fp=[4] true=[3] merged=[3, 4]
227.6 fp=[4] true=[3] merged=[3, 4]
227.9 fp=[4] true=[3] merged=[3, 4]
228.2 fp=[4] true=[3] merged=[3, 4]
228.5 fp=[4] true=[3] merged=[3, 4]
228.8 fp=[4] true=[3] merged=[3, 4]
229.2 fp=[4] true=[3] merged=[3, 4]
229.5 fp=[4] true=[3] merged=[3, 4]
229.8 fp=[4] true=[3] merged=[3, 4]
230.1 fp=[4] true=[3] merged=[3, 4]
230.4 fp=[4] true=[3] merged=[3, 4]
230.8 fp=[4] true=[3] merged=[3, 4]
231.1 fp=[4] true=[3] merged=[3, 4]
231.4 fp=[4] true=[3] merged=[3, 4]
231.7 fp=[4] true=[3] merged=[3, 4]
232.0 fp=[4] true=[3] merged=[3, 4]
232.3 fp=[4] true=[3] merged=[3, 4]
232.6 fp=[4] true=[3] merged=[3, 4]
232.9 fp=[4] true=[3] merged=[3, 4]
233.3 fp=[4] true=[3] merged=[3, 4]
233.6 fp=[4] true=[3] merged=[3, 4]
233.9 fp=[4] true=[3] merged=[3, 4]
234.2 fp=[4] true=[3] merged=[3, 4]
234.5 fp=[4] true=[3] merged=[3, 4]
234.8 fp=[4] true=[3] merged=[3, 4]
247.1 fp=[6] true=[3] merged=[3, 6]
247.5 fp=[6] true=[3] merged=[3, 6]
247.8 fp=[6] true=[3] merged=[3, 6]
248.1 fp=[6] true=[3] merged=[3, 6]
248.4 fp=[6] true=[3] merged=[3, 6]
248.7 fp=[6] true=[3] merged=[3, 6]
249.0 fp=[6] true=[3] merged=[3, 6]
249.4 fp=[6] true=[3] merged=[3, 6]
249.7 fp=[6] true=[3] merged=[3, 6]
250.0 fp=[6] true=[3] merged=[3, 6]
250.3 fp=[6] true=[3] merged=[3, 6]
250.6 fp=[6] true=[3] merged=[3, 6]
250.9 fp=[6] true=[3] merged=[3, 6]
251.2 fp=[6] true=[3] merged=[3, 6]
251.6 fp=[6] true=[3] merged=[3, 6]
251.9 fp=[6] true=[3] merged=[3, 6]
252.2 fp=[6] true=[3] merged=[3, 6]
252.5 fp=[6] true=[3] merged=[3, 6]
252.8 fp=[6] true=[3] merged=[3, 6]
253.1 fp=[6] true=[3] merged=[3, 6]
253.4 fp=[6] true=[3] merged=[3, 6]
253.7 fp=[6] true=[3] merged=[3, 6]
254.1 fp=[6] true=[3] merged=[3, 6]
254.4 fp=[6] true=[3] merged=[3, 6]
254.7 fp=[6] true=[3] merged=[3, 6]
255.0 fp=[6] true=[3] merged=[3, 6]
255.3 fp=[6] true=[3] merged=[3, 6]
255.6 fp=[6] true=[3] merged=[3, 6]
255.9 fp=[6] true=[3] merged=[3, 6]
256.2 fp=[4] true=[3] merged=[3, 4]
256.6 fp=[4] true=[3] merged=[3, 4]
256.9 fp=[4] true=[3] merged=[3, 4]
257.2 fp=[4] true=[3] merged=[3, 4]
257.5 fp=[4] true=[3] merged=[3, 4]
257.8 fp=[4] true=[3] merged=[3, 4]
258.1 fp=[4] true=[3] merged=[3, 4]
258.4 fp=[4] true=[3] merged=[3, 4]
258.8 fp=[4] true=[3] merged=[3, 4]
259.1 fp=[4] true=[3] merged=[3, 4]
259.4 fp=[4] true=[3] merged=[3, 4]
259.7 fp=[4] true=[3] merged=[3, 4]
260.0 fp=[4] true=[3] merged=[3, 4]
260.3 fp=[4] true=[3] merged=[3, 4]
260.6 fp=[4] true=[3] merged=[3, 4]
260.9 fp=[4] true=[3] merged=[3, 4]
261.3 fp=[4] true=[3] merged=[3, 4]
261.6 fp=[4] true=[3] merged=[3, 4]
261.9 fp=[4] true=[3] merged=[3, 4]
262.2 fp=[4] true=[3] merged=[3, 4]
262.5 fp=[4] true=[3] merged=[3, 4]
262.8 fp=[4] true=[3] merged=[3, 4]
263.1 fp=[2] true=[3] merged=[2, 3]
263.4 fp=[2] true=[3] merged=[2, 3]
263.8 fp=[2] true=[3] merged=[2, 3]
264.1 fp=[2] true=[3] merged=[2, 3]
264.4 fp=[2] true=[3] merged=[2, 3]
264.7 fp=[2] true=[3] merged=[2, 3]
265.0 fp=[2] true=[3] merged=[2, 3]
265.4 fp=[2] true=[3] merged=[2, 3]
265.7 fp=[2] true=[3] merged=[2, 3]
266.0 fp=[2] true=[3] merged=[2, 3]
266.3 fp=[2] true=[3] merged=[2, 3]
266.6 fp=[2] true=[3] merged=[2, 3]
266.9 fp=[2] true=[3] merged=[2, 3]
267.2 fp=[2] true=[3] merged=[2, 3]
267.6 fp=[2] true=[3] merged=[2, 3]
267.9 fp=[2] true=[3] merged=[2, 3]
268.2 fp=[2] true=[3] merged=[2, 3]
268.5 fp=[2] true=[3] merged=[2, 3]
268.8 fp=[2] true=[3] merged=[2, 3]
269.1 fp=[2] true=[3] merged=[2, 3]
269.4 fp=[2] true=[3] merged=[2, 3]
269.7 fp=[2] true=[3] merged=[2, 3]
270.1 fp=[2] true=[3] merged=[2, 3]
270.4 fp=[2] true=[3] merged=[2, 3]
270.7 fp=[2] true=[3] merged=[2, 3]
271.0 fp=[2] true=[3] merged=[2, 3]
271.3 fp=[2] true=[3] merged=[2, 3]
271.6 fp=[2] true=[3] merged=[2, 3]
271.9 fp=[2] true=[3] merged=[2, 3]
272.2 fp=[2] true=[3] merged=[2, 3]
272.6 fp=[2] true=[3] merged=[2, 3]
272.9 fp=[2] true=[3] merged=[2, 3]
273.2 fp=[2] true=[3] merged=[2, 3]
273.5 fp=[2] true=[3] merged=[2, 3]
273.8 fp=[2] true=[3] merged=[2, 3]
274.1 fp=[2] true=[3] merged=[2, 3]
274.4 fp=[2] true=[3] merged=[2, 3]
274.8 fp=[2] true=[3] merged=[2, 3]
275.1 fp=[2] true=[3] merged=[2, 3]
275.4 fp=[2] true=[3] merged=[2, 3]
275.7 fp=[2] true=[3] merged=[2, 3]
276.0 fp=[2] true=[3] merged=[2, 3]
276.3 fp=[2] true=[3] merged=[2, 3]
276.6 fp=[2] true=[3] merged=[2, 3]
277.0 fp=[2] true=[3] merged=[2, 3]
277.3 fp=[2] true=[3] merged=[2, 3]
277.6 fp=[2] true=[3] merged=[2, 3]
277.9 fp=[2] true=[3] merged=[2, 3]
278.2 fp=[2] true=[3] merged=[2, 3]
278.5 fp=[2] true=[3] merged=[2, 3]
278.8 fp=[2] true=[3] merged=[2, 3]
279.1 fp=[2] true=[3] merged=[2, 3]
279.4 fp=[2] true=[3] merged=[2, 3]
279.8 fp=[2] true=[3] merged=[2, 3]
280.1 fp=[2] true=[3] merged=[2, 3]
280.4 fp=[2] true=[3] merged=[2, 3]
280.7 fp=[2] true=[3] merged=[2, 3]
281.0 fp=[2] true=[3] merged=[2, 3]
281.3 fp=[2] true=[3] merged=[2, 3]
281.6 fp=[2] true=[3] merged=[2, 3]
281.9 fp=[2] true=[3] merged=[2, 3]
282.3 fp=[2] true=[3] merged=[2, 3]
282.6 fp=[2] true=[3] merged=[2, 3]
282.9 fp=[2] true=[3] merged=[2, 3]
283.2 fp=[5] true=[3] merged=[3, 5]
283.5 fp=[5] true=[3] merged=[3, 5]
283.8 fp=[5] true=[3] merged=[3, 5]
284.1 fp=[4] true=[3] merged=[3, 4]
284.4 fp=[4] true=[3] merged=[3, 4]
284.8 fp=[4] true=[3] merged=[3, 4]
285.1 fp=[4] true=[3] merged=[3, 4]
285.4 fp=[4] true=[3] merged=[3, 4]
285.7 fp=[4] true=[3] merged=[3, 4]
286.0 fp=[4] true=[3] merged=[3, 4]
286.3 fp=[4] true=[3] merged=[3, 4]
286.6 fp=[4] true=[3] merged=[3, 4]
286.9 fp=[4] true=[3] merged=[3, 4]
287.3 fp=[4] true=[3] merged=[3, 4]
287.6 fp=[4] true=[3] merged=[3, 4]
287.9 fp=[4] true=[3] merged=[3, 4]
288.2 fp=[4] true=[3] merged=[3, 4]
288.5 fp=[4] true=[3] merged=[3, 4]
288.8 fp=[4] true=[3] merged=[3, 4]
289.1 fp=[4] true=[3] merged=[3, 4]
289.5 fp=[4] true=[3] merged=[3, 4]
289.8 fp=[4] true=[3] merged=[3, 4]
290.1 fp=[4] true=[3] merged=[3, 4]
290.4 fp=[4] true=[3] merged=[3, 4]
290.7 fp=[4] true=[3] merged=[3, 4]
291.0 fp=[4] true=[3] merged=[3, 4]
291.3 fp=[4] true=[3] merged=[3, 4]
291.6 fp=[4] true=[3] merged=[3, 4]
292.0 fp=[4] true=[3] merged=[3, 4]
292.3 fp=[4] true=[3] merged=[3, 4]
292.6 fp=[4] true=[3] merged=[3, 4]
292.9 fp=[4] true=[3] merged=[3, 4]
293.2 fp=[4] true=[3] merged=[3, 4]
293.5 fp=[4] true=[3] merged=[3, 4]
293.8 fp=[4] true=[3] merged=[3, 4]
294.1 fp=[4] true=[3] merged=[3, 4]
294.5 fp=[4] true=[3] merged=[3, 4]
294.8 fp=[4] true=[3] merged=[3, 4]
295.1 fp=[4] true=[3] merged=[3, 4]
295.4 fp=[4] true=[3] merged=[3, 4]
295.7 fp=[4] true=[3] merged=[3, 4]
296.0 fp=[4] true=[3] merged=[3, 4]
296.3 fp=[4] true=[3] merged=[3, 4]
296.7 fp=[4] true=[3] merged=[3, 4]
297.0 fp=[4] true=[3] merged=[3, 4]
297.3 fp=[4] true=[3] merged=[3, 4]
297.6 fp=[4] true=[3] merged=[3, 4]
297.9 fp=[4] true=[3] merged=[3, 4]
298.2 fp=[4] true=[3] merged=[3, 4]
298.5 fp=[4] true=[3] merged=[3, 4]
298.8 fp=[4] true=[3] merged=[3, 4]
299.2 fp=[4] true=[3] merged=[3, 4]
299.5 fp=[4] true=[3] merged=[3, 4]
299.8 fp=[4] true=[3] merged=[3, 4]
300.1 fp=[4] true=[3] merged=[3, 4]
300.4 fp=[4] true=[3] merged=[3, 4]
300.7 fp=[4] true=[3] merged=[3, 4]
301.0 fp=[4] true=[3] merged=[3, 4]
301.4 fp=[4] true=[3] merged=[3, 4]
301.7 fp=[4] true=[3] merged=[3, 4]
302.0 fp=[4] true=[3] merged=[3, 4]
302.3 fp=[4] true=[3] merged=[3, 4]
302.6 fp=[4] true=[3] merged=[3, 4]
302.9 fp=[4] true=[3] merged=[3, 4]
303.2 fp=[4] true=[3] merged=[3, 4]
303.5 fp=[4] true=[3] merged=[3, 4]
303.9 fp=[4] true=[3] merged=[3, 4]
306.0 fp=[2] true=[3] merged=[2, 3]
306.4 fp=[2] true=[3] merged=[2, 3]
306.7 fp=[2] true=[3] merged=[2, 3]
307.0 fp=[2] true=[3] merged=[2, 3]
307.3 fp=[2] true=[3] merged=[2, 3]
307.6 fp=[2] true=[3] merged=[2, 3]
307.9 fp=[2] true=[3] merged=[2, 3]
308.2 fp=[2] true=[3] merged=[2, 3]
308.6 fp=[2] true=[3] merged=[2, 3]
308.9 fp=[2] true=[3] merged=[2, 3]
309.2 fp=[2] true=[3] merged=[2, 3]
309.5 fp=[2] true=[3] merged=[2, 3]
309.8 fp=[2] true=[3] merged=[2, 3]
310.1 fp=[2] true=[3] merged=[2, 3]
310.4 fp=[2] true=[3] merged=[2, 3]
310.7 fp=[2] true=[3] merged=[2, 3]
311.0 fp=[2] true=[3] merged=[2, 3]
311.3 fp=[2] true=[3] merged=[2, 3]
311.7 fp=[2] true=[3] merged=[2, 3]
312.0 fp=[2] true=[3] merged=[2, 3]
312.3 fp=[2] true=[3] merged=[2, 3]
312.6 fp=[2] true=[3] merged=[2, 3]
312.9 fp=[2] true=[3] merged=[2, 3]
313.2 fp=[2] true=[3] merged=[2, 3]
313.5 fp=[2] true=[3] merged=[2, 3]
313.8 fp=[2] true=[3] merged=[2, 3]
314.1 fp=[2] true=[3] merged=[2, 3]
314.5 fp=[2] true=[3] merged=[2, 3]
314.8 fp=[2] true=[3] merged=[2, 3]
315.1 fp=[2] true=[3] merged=[2, 3]
315.4 fp=[2] true=[3] merged=[2, 3]
315.7 fp=[2] true=[3] merged=[2, 3]
316.0 fp=[2] true=[3] merged=[2, 3]
316.3 fp=[2] true=[3] merged=[2, 3]
316.7 fp=[2] true=[3] merged=[2, 3]
317.0 fp=[2] true=[3] merged=[2, 3]
317.3 fp=[2] true=[3] merged=[2, 3]
317.6 fp=[2] true=[3] merged=[2, 3]
317.9 fp=[2] true=[3] merged=[2, 3]
318.2 fp=[2] true=[3] merged=[2, 3]
318.5 fp=[2] true=[3] merged=[2, 3]
318.8 fp=[2] true=[3] merged=[2, 3]
319.2 fp=[2] true=[3] merged=[2, 3]
319.5 fp=[2] true=[3] merged=[2, 3]
319.8 fp=[2] true=[3] merged=[2, 3]
320.1 fp=[2] true=[3] merged=[2, 3]
320.4 fp=[2] true=[3] merged=[2, 3]
320.7 fp=[2] true=[3] merged=[2, 3]
321.0 fp=[2] true=[3] merged=[2, 3]
321.3 fp=[2] true=[3] merged=[2, 3]
321.7 fp=[2] true=[3] merged=[2, 3]
322.0 fp=[2] true=[3] merged=[2, 3]
322.3 fp=[2] true=[3] merged=[2, 3]
322.6 fp=[2] true=[3] merged=[2, 3]
322.9 fp=[2] true=[3] merged=[2, 3]
323.2 fp=[2] true=[3] merged=[2, 3]
323.5 fp=[2] true=[3] merged=[2, 3]
323.8 fp=[2] true=[3] merged=[2, 3]
324.2 fp=[2] true=[3] merged=[2, 3]
324.5 fp=[2] true=[3] merged=[2, 3]
324.8 fp=[2] true=[3] merged=[2, 3]
325.1 fp=[2] true=[3] merged=[2, 3]
325.4 fp=[2] true=[3] merged=[2, 3]
325.7 fp=[2] true=[3] merged=[2, 3]
326.0 fp=[5] true=[3] merged=[3, 5]
326.3 fp=[5] true=[3] merged=[3, 5]
326.6 fp=[5] true=[3] merged=[3, 5]
327.0 fp=[5] true=[3] merged=[3, 5]
327.3 fp=[5] true=[3] merged=[3, 5]
327.6 fp=[5] true=[3] merged=[3, 5]
327.9 fp=[5] true=[3] merged=[3, 5]
328.2 fp=[5] true=[3] merged=[3, 5]
328.5 fp=[5] true=[3] merged=[3, 5]
328.9 fp=[5] true=[3] merged=[3, 5]
329.2 fp=[5] true=[3] merged=[3, 5]
329.5 fp=[5] true=[3] merged=[3, 5]
329.8 fp=[5] true=[3] merged=[3, 5]
330.1 fp=[5] true=[3] merged=[3, 5]
330.4 fp=[5] true=[3] merged=[3, 5]
330.7 fp=[5] true=[3] merged=[3, 5]
331.0 fp=[5] true=[3] merged=[3, 5]
331.4 fp=[5] true=[3] merged=[3, 5]
331.7 fp=[5] true=[3] merged=[3, 5]
332.0 fp=[5] true=[3] merged=[3, 5]
332.3 fp=[5] true=[3] merged=[3, 5]
332.6 fp=[5] true=[3] merged=[3, 5]
332.9 fp=[5] true=[3] merged=[3, 5]
333.2 fp=[5] true=[3] merged=[3, 5]
333.5 fp=[5] true=[3] merged=[3, 5]
333.9 fp=[5] true=[3] merged=[3, 5]
334.2 fp=[5] true=[3] merged=[3, 5]
334.5 fp=[5] true=[3] merged=[3, 5]
334.8 fp=[5] true=[3] merged=[3, 5]
335.1 fp=[5] true=[3] merged=[3, 5]
335.4 fp=[5] true=[3] merged=[3, 5]
335.8 fp=[5] true=[3] merged=[3, 5]
336.1 fp=[5] true=[3] merged=[3, 5]
336.4 fp=[5] true=[3] merged=[3, 5]
336.7 fp=[5] true=[3] merged=[3, 5]
337.0 fp=[5] true=[3] merged=[3, 5]
337.3 fp=[5] true=[3] merged=[3, 5]
337.6 fp=[5] true=[3] merged=[3, 5]
337.9 fp=[5] true=[3] merged=[3, 5]
338.2 fp=[5] true=[3] merged=[3, 5]
338.6 fp=[5] true=[3] merged=[3, 5]
338.9 fp=[5] true=[3] merged=[3, 5]
339.2 fp=[5] true=[3] merged=[3, 5]
339.5 fp=[5] true=[3] merged=[3, 5]
339.8 fp=[5] true=[3] merged=[3, 5]
340.1 fp=[5] true=[3] merged=[3, 5]
340.4 fp=[5] true=[3] merged=[3, 5]
340.8 fp=[5] true=[3] merged=[3, 5]
341.1 fp=[5] true=[3] merged=[3, 5]
341.4 fp=[5] true=[3] merged=[3, 5]
341.7 fp=[5] true=[3] merged=[3, 5]
342.0 fp=[5] true=[3] merged=[3, 5]
342.3 fp=[5] true=[3] merged=[3, 5]
342.7 fp=[5] true=[3] merged=[3, 5]
343.0 fp=[5] true=[3] merged=[3, 5]
344.2 fp=[5] true=[3] merged=[3, 5]
344.5 fp=[5] true=[3] merged=[3, 5]
344.9 fp=[5] true=[3] merged=[3, 5]
345.2 fp=[5] true=[3] merged=[3, 5]
345.5 fp=[5] true=[3] merged=[3, 5]
345.8 fp=[5] true=[3] merged=[3, 5]
346.1 fp=[5] true=[3] merged=[3, 5]
346.4 fp=[5] true=[3] merged=[3, 5]
346.7 fp=[5] true=[3] merged=[3, 5]
347.1 fp=[5] true=[3] merged=[3, 5]
347.4 fp=[5] true=[3] merged=[3, 5]
347.7 fp=[5] true=[3] merged=[3, 5]
348.0 fp=[5] true=[3] merged=[3, 5]
348.3 fp=[5] true=[3] merged=[3, 5]
348.6 fp=[5] true=[3] merged=[3, 5]
349.0 fp=[5] true=[3] merged=[3, 5]
349.3 fp=[5] true=[3] merged=[3, 5]
349.6 fp=[5] true=[3] merged=[3, 5]
349.9 fp=[5] true=[3] merged=[3, 5]
350.2 fp=[5] true=[3] merged=[3, 5]
350.5 fp=[5] true=[3] merged=[3, 5]
350.9 fp=[5] true=[3] merged=[3, 5]
351.2 fp=[5] true=[3] merged=[3, 5]
351.5 fp=[5] true=[3] merged=[3, 5]
351.8 fp=[5] true=[3] merged=[3, 5]
352.1 fp=[5] true=[3] merged=[3, 5]
352.4 fp=[5] true=[3] merged=[3, 5]
352.7 fp=[5] true=[3] merged=[3, 5]
353.1 fp=[5] true=[3] merged=[3, 5]
353.4 fp=[5] true=[3] merged=[3, 5]
353.7 fp=[5] true=[3] merged=[3, 5]
354.0 fp=[5] true=[3] merged=[3, 5]
354.3 fp=[5] true=[3] merged=[3, 5]
354.6 fp=[5] true=[3] merged=[3, 5]
354.9 fp=[5] true=[3] merged=[3, 5]
355.2 fp=[5] true=[3] merged=[3, 5]
355.5 fp=[5] true=[3] merged=[3, 5]
355.9 fp=[5] true=[3] merged=[3, 5]
356.2 fp=[5] true=[3] merged=[3, 5]
356.5 fp=[5] true=[3] merged=[3, 5]
356.8 fp=[5] true=[3] merged=[3, 5]
357.1 fp=[5] true=[3] merged=[3, 5]
357.4 fp=[5] true=[3] merged=[3, 5]
357.8 fp=[5] true=[3] merged=[3, 5]
358.1 fp=[5] true=[3] merged=[3, 5]
358.4 fp=[5] true=[3] merged=[3, 5]
358.7 fp=[5] true=[3] merged=[3, 5]
359.0 fp=[5] true=[3] merged=[3, 5]
359.3 fp=[5] true=[3] merged=[3, 5]
359.6 fp=[5] true=[3] merged=[3, 5]
360.0 fp=[5] true=[3] merged=[3, 5]
360.3 fp=[5] true=[3] merged=[3, 5]
360.6 fp=[5] true=[3] merged=[3, 5]
360.9 fp=[5] true=[3] merged=[3, 5]
361.2 fp=[5] true=[3] merged=[3, 5]
361.5 fp=[5] true=[3] merged=[3, 5]
361.8 fp=[5] true=[3] merged=[3, 5]
362.2 fp=[5] true=[3] merged=[3, 5]
362.5 fp=[5] true=[3] merged=[3, 5]
362.8 fp=[5] true=[3] merged=[3, 5]
363.1 fp=[5] true=[3] merged=[3, 5]
363.4 fp=[5] true=[3] merged=[3, 5]
363.7 fp=[5] true=[3] merged=[3, 5]
364.0 fp=[5] true=[3] merged=[3, 5]
364.3 fp=[5] true=[3] merged=[3, 5]
364.7 fp=[5] true=[3] merged=[3, 5]
365.0 fp=[5] true=[3] merged=[3, 5]
365.3 fp=[5] true=[3] merged=[3, 5]
365.6 fp=[5] true=[3] merged=[3, 5]
365.9 fp=[5] true=[3] merged=[3, 5]
366.2 fp=[5] true=[3] merged=[3, 5]
366.5 fp=[5] true=[3] merged=[3, 5]
366.9 fp=[5] true=[3] merged=[3, 5]
367.2 fp=[5] true=[3] merged=[3, 5]
367.5 fp=[5] true=[3] merged=[3, 5]
367.8 fp=[5] true=[3] merged=[3, 5]
368.1 fp=[1] true=[3] merged=[1, 3]
368.4 fp=[1] true=[3] merged=[1, 3]
368.7 fp=[1] true=[3] merged=[1, 3]
369.0 fp=[1] true=[3] merged=[1, 3]
369.3 fp=[1] true=[3] merged=[1, 3]
369.6 fp=[1] true=[3] merged=[1, 3]
370.0 fp=[1] true=[3] merged=[1, 3]
370.3 fp=[1] true=[3] merged=[1, 3]
370.6 fp=[1] true=[3] merged=[1, 3]
370.9 fp=[1] true=[3] merged=[1, 3]
371.2 fp=[1] true=[3] merged=[1, 3]
371.5 fp=[1] true=[3] merged=[1, 3]
371.8 fp=[1] true=[3] merged=[1, 3]
372.2 fp=[1] true=[3] merged=[1, 3]
372.5 fp=[1] true=[3] merged=[1, 3]
372.8 fp=[1] true=[3] merged=[1, 3]
373.1 fp=[1] true=[3] merged=[1, 3]
373.4 fp=[1] true=[3] merged=[1, 3]
373.7 fp=[1] true=[3] merged=[1, 3]
374.0 fp=[1] true=[3] merged=[1, 3]
374.3 fp=[1] true=[3] merged=[1, 3]
374.6 fp=[1] true=[3] merged=[1, 3]
375.0 fp=[1] true=[3] merged=[1, 3]
375.3 fp=[1] true=[3] merged=[1, 3]
375.6 fp=[1] true=[3] merged=[1, 3]
375.9 fp=[1] true=[3] merged=[1, 3]
376.2 fp=[1] true=[3] merged=[1, 3]
376.5 fp=[1] true=[3] merged=[1, 3]
376.8 fp=[1] true=[3] merged=[1, 3]
377.1 fp=[1] true=[3] merged=[1, 3]
377.5 fp=[1] true=[3] merged=[1, 3]
377.8 fp=[1] true=[3] merged=[1, 3]
378.1 fp=[1] true=[3] merged=[1, 3]
378.4 fp=[1] true=[3] merged=[1, 3]
378.7 fp=[1] true=[3] merged=[1, 3]
379.0 fp=[1] true=[3] merged=[1, 3]
379.3 fp=[1] true=[3] merged=[1, 3]
379.7 fp=[1] true=[3] merged=[1, 3]
380.0 fp=[1] true=[3] merged=[1, 3]
380.3 fp=[1] true=[3] merged=[1, 3]
380.6 fp=[1] true=[3] merged=[1, 3]
380.9 fp=[1] true=[3] merged=[1, 3]
381.2 fp=[1] true=[3] merged=[1, 3]
381.5 fp=[1] true=[3] merged=[1, 3]
381.9 fp=[1] true=[3] merged=[1, 3]
382.2 fp=[1] true=[3] merged=[1, 3]
382.5 fp=[1] true=[3] merged=[1, 3]
382.8 fp=[1] true=[3] merged=[1, 3]
383.1 fp=[1] true=[3] merged=[1, 3]
383.4 fp=[1] true=[3] merged=[1, 3]
383.7 fp=[1] true=[3] merged=[1, 3]
384.1 fp=[1] true=[3] merged=[1, 3]
384.4 fp=[1] true=[3] merged=[1, 3]
384.7 fp=[1] true=[3] merged=[1, 3]
385.0 fp=[1] true=[3] merged=[1, 3]
385.3 fp=[1] true=[3] merged=[1, 3]
385.6 fp=[1] true=[3] merged=[1, 3]
385.9 fp=[1] true=[3] merged=[1, 3]
386.2 fp=[1] true=[3] merged=[1, 3]
386.5 fp=[1] true=[3] merged=[1, 3]
386.9 fp=[1] true=[3] merged=[1, 3]
387.2 fp=[1] true=[3] merged=[1, 3]
387.5 fp=[1] true=[3] merged=[1, 3]
387.8 fp=[1] true=[3] merged=[1, 3]
