# start rate=20 seed=1 dur=420 n=7 target=3 events=76
3.1 fp=[5] true=[3] merged=[3, 5]
3.4 fp=[5] true=[3] merged=[3, 5]
3.8 fp=[5] true=[3] merged=[3, 5]
4.1 fp=[5] true=[3] merged=[3, 5]
4.4 fp=[5] true=[3] merged=[3, 5]
4.7 fp=[5] true=[3] merged=[3, 5]
5.0 fp=[5] true=[3] merged=[3, 5]
5.3 fp=[5] true=[3] merged=[3, 5]
5.6 fp=[5] true=[3] merged=[3, 5]
5.9 fp=[5] true=[3] merged=[3, 5]
6.3 fp=[5] true=[3] merged=[3, 5]
6.6 fp=[5] true=[3] merged=[3, 5]
6.9 fp=[5] true=[3] merged=[3, 5]
7.2 fp=[5] true=[3] merged=[3, 5]
7.5 fp=[5] true=[3] merged=[3, 5]
7.8 fp=[5] true=[3] merged=[3, 5]
8.1 fp=[5] true=[3] merged=[3, 5]
8.5 fp=[5] true=[3] merged=[3, 5]
8.8 fp=[5] true=[3] merged=[3, 5]
9.1 fp=[5] true=[3] merged=[3, 5]
9.4 fp=[5] true=[3] merged=[3, 5]
9.7 fp=[5] true=[3] merged=[3, 5]
10.0 fp=[5] true=[3] merged=[3, 5]
10.3 fp=[5] true=[3] merged=[3, 5]
10.7 fp=[5] true=[3] merged=[3, 5]
11.0 fp=[5] true=[3] merged=[3, 5]
11.3 fp=[2] true=[3] merged=[2, 3]
11.6 fp=[2] true=[3] merged=[2, 3]
11.9 fp=[2] true=[3] merged=[2, 3]
12.2 fp=[2] true=[3] merged=[2, 3]
12.5 fp=[2] true=[3] merged=[2, 3]
12.9 fp=[2] true=[3] merged=[2, 3]
13.2 fp=[2] true=[3] merged=[2, 3]
13.5 fp=[2] true=[3] merged=[2, 3]
13.8 fp=[2] true=[3] merged=[2, 3]
14.1 fp=[2] true=[3] merged=[2, 3]
14.4 fp=[2] true=[3] merged=[2, 3]
14.7 fp=[2] true=[3] merged=[2, 3]
15.0 fp=[2] true=[3] merged=[2, 3]
15.3 fp=[2] true=[3] merged=[2, 3]
15.6 fp=[2] true=[3] merged=[2, 3]
16.0 fp=[2] true=[3] merged=[2, 3]
16.3 fp=[2] true=[3] merged=[2, 3]
16.6 fp=[2] true=[3] merged=[2, 3]
16.9 fp=[2] true=[3] merged=[2, 3]
17.2 fp=[2] true=[3] merged=[2, 3]
17.5 fp=[2] true=[3] merged=[2, 3]
17.8 fp=[2] true=[3] merged=[2, 3]
18.1 fp=[2] true=[3] merged=[2, 3]
18.4 fp=[2] true=[3] merged=[2, 3]
18.8 fp=[2] true=[3] merged=[2, 3]
19.1 fp=[2] true=[3] merged=[2, 3]
19.4 fp=[2] true=[3] merged=[2, 3]
19.7 fp=[2] true=[3] merged=[2, 3]
20.0 fp=[2] true=[3] merged=[2, 3]
20.3 fp=[2] true=[3] merged=[2, 3]
20.6 fp=[2] true=[3] merged=[2, 3]
21.0 fp=[2] true=[3] merged=[2, 3]
21.3 fp=[2] true=[3] merged=[2, 3]
21.6 fp=[2] true=[3] merged=[2, 3]
21.9 fp=[2] true=[3] merged=[2, 3]
22.2 fp=[2] true=[3] merged=[2, 3]
22.5 fp=[2] true=[3] merged=[2, 3]
22.8 fp=[2] true=[3] merged=[2, 3]
23.1 fp=[2] true=[3] merged=[2, 3]
23.4 fp=[2] true=[3] merged=[2, 3]
23.7 fp=[2] true=[3] merged=[2, 3]
24.1 fp=[2] true=[3] merged=[2, 3]
24.4 fp=[2] true=[3] merged=[2, 3]
24.7 fp=[2] true=[3] merged=[2, 3]
25.0 fp=[2] true=[3] merged=[2, 3]
25.3 fp=[2] true=[3] merged=[2, 3]
25.6 fp=[2] true=[3] merged=[2, 3]
25.9 fp=[2] true=[3] merged=[2, 3]
26.2 fp=[2] true=[3] merged=[2, 3]
26.5 fp=[2] true=[3] merged=[2, 3]
26.9 fp=[2] true=[3] merged=[2, 3]
27.2 fp=[2] true=[3] merged=[2, 3]
27.5 fp=[2] true=[3] merged=[2, 3]
27.8 fp=[2] true=[3] merged=[2, 3]
28.1 fp=[2] true=[3] merged=[2, 3]
28.5 fp=[2] true=[3] merged=[2, 3]
28.8 fp=[2] true=[3] merged=[2, 3]
29.1 fp=[2] true=[3] merged=[2, 3]
29.4 fp=[2] true=[3] merged=[2, 3]
29.7 fp=[2] true=[3] merged=[2, 3]
30.0 fp=[1] true=[3] merged=[1, 3]
30.3 fp=[1] true=[3] merged=[1, 3]
30.6 fp=[1] true=[3] merged=[1, 3]
30.9 fp=[1] true=[3] merged=[1, 3]
31.2 fp=[1] true=[3] merged=[1, 3]
31.6 fp=[1] true=[3] merged=[1, 3]
31.9 fp=[1] true=[3] merged=[1, 3]
32.2 fp=[1] true=[3] merged=[1, 3]
32.5 fp=[1] true=[3] merged=[1, 3]
32.8 fp=[1] true=[3] merged=[1, 3]
33.1 fp=[1] true=[3] merged=[1, 3]
33.4 fp=[1] true=[3] merged=[1, 3]
33.7 fp=[1] true=[3] merged=[1, 3]
34.1 fp=[1] true=[3] merged=[1, 3]
34.4 fp=[1] true=[3] merged=[1, 3]
34.7 fp=[1] true=[3] merged=[1, 3]
35.0 fp=[1] true=[3] merged=[1, 3]
35.3 fp=[1] true=[3] merged=[1, 3]
35.6 fp=[1] true=[3] merged=[1, 3]
35.9 fp=[1] true=[3] merged=[1, 3]
36.3 fp=[1] true=[3] merged=[1, 3]
36.6 fp=[1] true=[3] merged=[1, 3]
36.9 fp=[1] true=[3] merged=[1, 3]
37.2 fp=[1] true=[3] merged=[1, 3]
37.5 fp=[1] true=[3] merged=[1, 3]
37.8 fp=[1] true=[3] merged=[1, 3]
38.1 fp=[1] true=[3] merged=[1, 3]
38.5 fp=[1] true=[3] merged=[1, 3]
38.8 fp=[1] true=[3] merged=[1, 3]
39.1 fp=[1] true=[3] merged=[1, 3]
39.4 fp=[1] true=[3] merged=[1, 3]
39.7 fp=[1] true=[3] merged=[1, 3]
40.0 fp=[1] true=[3] merged=[1, 3]
40.3 fp=[1] true=[3] merged=[1, 3]
40.6 fp=[1] true=[3] merged=[1, 3]
40.9 fp=[1] true=[3] merged=[1, 3]
41.3 fp=[1] true=[3] merged=[1, 3]
41.6 fp=[1] true=[3] merged=[1, 3]
41.9 fp=[1] true=[3] merged=[1, 3]
42.2 fp=[1] true=[3] merged=[1, 3]
42.5 fp=[1] true=[3] merged=[1, 3]
42.8 fp=[1] true=[3] merged=[1, 3]
43.1 fp=[1] true=[3] merged=[1, 3]
43.4 fp=[1] true=[3] merged=[1, 3]
43.7 fp=[1] true=[3] merged=[1, 3]
44.1 fp=[1] true=[3] merged=[1, 3]
44.4 fp=[1] true=[3] merged=[1, 3]
44.7 fp=[1] true=[3] merged=[1, 3]
45.0 fp=[1] true=[3] merged=[1, 3]
45.3 fp=[1] true=[3] merged=[1, 3]
45.6 fp=[1] true=[3] merged=[1, 3]
45.9 fp=[1] true=[3] merged=[1, 3]
46.2 fp=[1] true=[3] merged=[1, 3]
46.5 fp=[1] true=[3] merged=[1, 3]
46.9 fp=[1] true=[3] merged=[1, 3]
47.2 fp=[1] true=[3] merged=[1, 3]
47.5 fp=[1] true=[3] merged=[1, 3]
47.8 fp=[1] true=[3] merged=[1, 3]
48.1 fp=[1] true=[3] merged=[1, 3]
48.4 fp=[1] true=[3] merged=[1, 3]
48.8 fp=[1] true=[3] merged=[1, 3]
49.1 fp=[1] true=[3] merged=[1, 3]
49.4 fp=[1] true=[3] merged=[1, 3]
49.7 fp=[1] true=[3] merged=[1, 3]
50.0 fp=[4] true=[3] merged=[3, 4]
50.3 fp=[4] true=[3] merged=[3, 4]
50.6 fp=[4] true=[3] merged=[3, 4]
50.9 fp=[4] true=[3] merged=[3, 4]
51.3 fp=[4] true=[3] merged=[3, 4]
51.6 fp=[4] true=[3] merged=[3, 4]
51.9 fp=[4] true=[3] merged=[3, 4]
52.2 fp=[4] true=[3] merged=[3, 4]
52.5 fp=[4] true=[3] merged=[3, 4]
52.8 fp=[4] true=[3] merged=[3, 4]
53.1 fp=[4] true=[3] merged=[3, 4]
53.5 fp=[4] true=[3] merged=[3, 4]
53.8 fp=[4] true=[3] merged=[3, 4]
54.1 fp=[4] true=[3] merged=[3, 4]
54.4 fp=[4] true=[3] merged=[3, 4]
54.7 fp=[4] true=[3] merged=[3, 4]
55.0 fp=[4] true=[3] merged=[3, 4]
55.4 fp=[4] true=[3] merged=[3, 4]
55.7 fp=[4] true=[3] merged=[3, 4]
56.0 fp=[4] true=[3] merged=[3, 4]
56.3 fp=[4] true=[3] merged=[3, 4]
56.6 fp=[4] true=[3] merged=[3, 4]
56.9 fp=[4] true=[3] merged=[3, 4]
57.2 fp=[4] true=[3] merged=[3, 4]
57.5 fp=[4] true=[3] merged=[3, 4]
57.9 fp=[4] true=[3] merged=[3, 4]
58.2 fp=[4] true=[3] merged=[3, 4]
58.5 fp=[4] true=[3] merged=[3, 4]
58.8 fp=[4] true=[3] merged=[3, 4]
59.1 fp=[4] true=[3] merged=[3, 4]
59.4 fp=[4] true=[3] merged=[3, 4]
59.7 fp=[4] true=[3] merged=[3, 4]
60.0 fp=[4] true=[3] merged=[3, 4]
60.3 fp=[4] true=[3] merged=[3, 4]
60.6 fp=[4] true=[3] merged=[3, 4]
61.0 fp=[4] true=[3] merged=[3, 4]
61.3 fp=[4] true=[3] merged=[3, 4]
61.6 fp=[4] true=[3] merged=[3, 4]
61.9 fp=[4] true=[3] merged=[3, 4]
62.2 fp=[4] true=[3] merged=[3, 4]
62.5 fp=[4] true=[3] merged=[3, 4]
62.8 fp=[4] true=[3] merged=[3, 4]
63.2 fp=[4] true=[3] merged=[3, 4]
63.5 fp=[4] true=[3] merged=[3, 4]
63.8 fp=[4] true=[3] merged=[3, 4]
64.1 fp=[4] true=[3] merged=[3, 4]
64.4 fp=[4] true=[3] merged=[3, 4]
64.7 fp=[4] true=[3] merged=[3, 4]
65.0 fp=[4] true=[3] merged=[3, 4]
65.3 fp=[4] true=[3] merged=[3, 4]
65.6 fp=[4] true=[3] merged=[3, 4]
66.0 fp=[4] true=[3] merged=[3, 4]
66.3 fp=[4] true=[3] merged=[3, 4]
66.6 fp=[4] true=[3] merged=[3, 4]
66.9 fp=[4] true=[3] merged=[3, 4]
67.2 fp=[4] true=[3] merged=[3, 4]
67.5 fp=[4] true=[3] merged=[3, 4]
67.8 fp=[4] true=[3] merged=[3, 4]
68.1 fp=[4] true=[3] merged=[3, 4]
68.5 fp=[4] true=[3] merged=[3, 4]
68.8 fp=[4] true=[3] merged=[3, 4]
69.1 fp=[4] true=[3] merged=[3, 4]
69.4 fp=[4] true=[3] merged=[3, 4]
69.7 fp=[4] true=[3] merged=[3, 4]
70.1 fp=[4] true=[3] merged=[3, 4]
70.4 fp=[4] true=[3] merged=[3, 4]
70.7 fp=[4] true=[3] merged=[3, 4]
71.0 fp=[4] true=[3] merged=[3, 4]
71.3 fp=[4] true=[3] merged=[3, 4]
71.6 fp=[4] true=[3] merged=[3, 4]
71.9 fp=[4] true=[3] merged=[3, 4]
72.3 fp=[4] true=[3] merged=[3, 4]
72.6 fp=[4] true=[3] merged=[3, 4]
72.9 fp=[4] true=[3] merged=[3, 4]
73.2 fp=[4] true=[3] merged=[3, 4]
73.5 fp=[4] true=[3] merged=[3, 4]
73.8 fp=[4] true=[3] merged=[3, 4]
74.1 fp=[4] true=[3] merged=[3, 4]
74.4 fp=[4] true=[3] merged=[3, 4]
74.7 fp=[4] true=[3] merged=[3, 4]
75.1 fp=[4] true=[3] merged=[3, 4]
75.4 fp=[4] true=[3] merged=[3, 4]
75.7 fp=[4] true=[3] merged=[3, 4]
76.0 fp=[4] true=[3] merged=[3, 4]
76.3 fp=[4] true=[3] merged=[3, 4]
76.6 fp=[4] true=[3] merged=[3, 4]
76.9 fp=[4] true=[3] merged=[3, 4]
77.2 fp=[4] true=[3] merged=[3, 4]
77.6 fp=[4] true=[3] merged=[3, 4]
77.9 fp=[4] true=[3] merged=[3, 4]
78.2 fp=[4] true=[3] merged=[3, 4]
78.5 fp=[4] true=[3] merged=[3, 4]
78.8 fp=[4] true=[3] merged=[3, 4]
79.1 fp=[4] true=[3] merged=[3, 4]
79.4 fp=[4] true=[3] merged=[3, 4]
79.7 fp=[4] true=[3] merged=[3, 4]
80.0 fp=[4] true=[3] merged=[3, 4]
80.4 fp=[4] true=[3] merged=[3, 4]
80.7 fp=[4] true=[3] merged=[3, 4]
81.0 fp=[2] true=[3] merged=[2, 3]
81.3 fp=[2] true=[3] merged=[2, 3]
81.7 fp=[2] true=[3] merged=[2, 3]
82.0 fp=[2] true=[3] merged=[2, 3]
82.3 fp=[2] true=[3] merged=[2, 3]
82.6 fp=[2] true=[3] merged=[2, 3]
82.9 fp=[2] true=[3] merged=[2, 3]
83.2 fp=[2] true=[3] merged=[2, 3]
83.5 fp=[2] true=[3] merged=[2, 3]
83.8 fp=[2] true=[3] merged=[2, 3]
84.2 fp=[2] true=[3] merged=[2, 3]
84.5 fp=[2] true=[3] merged=[2, 3]
84.8 fp=[2] true=[3] merged=[2, 3]
85.1 fp=[2] true=[3] merged=[2, 3]
85.4 fp=[2] true=[3] merged=[2, 3]
85.7 fp=[2] true=[3] merged=[2, 3]
86.0 fp=[2] true=[3] merged=[2, 3]
86.3 fp=[2] true=[3] merged=[2, 3]
86.6 fp=[2] true=[3] merged=[2, 3]
87.0 fp=[2] true=[3] merged=[2, 3]
87.3 fp=[2] true=[3] merged=[2, 3]
87.6 fp=[2] true=[3] merged=[2, 3]
87.9 fp=[2] true=[3] merged=[2, 3]
88.2 fp=[2] true=[3] merged=[2, 3]
88.6 fp=[2] true=[3] merged=[2, 3]
88.9 fp=[2] true=[3] merged=[2, 3]
89.2 fp=[2] true=[3] merged=[2, 3]
89.5 fp=[2] true=[3] merged=[2, 3]
89.8 fp=[2] true=[3] merged=[2, 3]
90.1 fp=[2] true=[3] merged=[2, 3]
90.4 fp=[2] true=[3] merged=[2, 3]
90.7 fp=[2] true=[3] merged=[2, 3]
91.0 fp=[2] true=[3] merged=[2, 3]
91.4 fp=[2] true=[3] merged=[2, 3]
91.7 fp=[2] true=[3] merged=[2, 3]
92.0 fp=[2] true=[3] merged=[2, 3]
92.3 fp=[2] true=[3] merged=[2, 3]
92.6 fp=[2] true=[3] merged=[2, 3]
93.0 fp=[2] true=[3] merged=[2, 3]
93.3 fp=[1] true=[3] merged=[1, 3]
93.6 fp=[1] true=[3] merged=[1, 3]
93.9 fp=[1] true=[3] merged=[1, 3]
94.2 fp=[1] true=[3] merged=[1, 3]
94.5 fp=[1] true=[3] merged=[1, 3]
94.8 fp=[1] true=[3] merged=[1, 3]
95.1 fp=[1] true=[3] merged=[1, 3]
95.4 fp=[1] true=[3] merged=[1, 3]
95.8 fp=[1] true=[3] merged=[1, 3]
96.1 fp=[1] true=[3] merged=[1, 3]
96.4 fp=[1] true=[3] merged=[1, 3]
96.7 fp=[1] true=[3] merged=[1, 3]
97.0 fp=[1] true=[3] merged=[1, 3]
97.3 fp=[1] true=[3] merged=[1, 3]
97.6 fp=[1] true=[3] merged=[1, 3]
97.9 fp=[1] true=[3] merged=[1, 3]
98.3 fp=[1] true=[3] merged=[1, 3]
98.6 fp=[1] true=[3] merged=[1, 3]
98.9 fp=[1] true=[3] merged=[1, 3]
99.2 fp=[1] true=[3] merged=[1, 3]
99.5 fp=[1] true=[3] merged=[1, 3]
99.8 fp=[1] true=[3] merged=[1, 3]
100.2 fp=[1] true=[3] merged=[1, 3]
100.5 fp=[1] true=[3] merged=[1, 3]
100.8 fp=[1] true=[3] merged=[1, 3]
101.1 fp=[1] true=[3] merged=[1, 3]
101.4 fp=[1] true=[3] merged=[1, 3]
101.7 fp=[1] true=[3] merged=[1, 3]
102.0 fp=[1] true=[3] merged=[1, 3]
102.4 fp=[1] true=[3] merged=[1, 3]
102.7 fp=[1] true=[3] merged=[1, 3]
103.0 fp=[1] true=[3] merged=[1, 3]
103.3 fp=[1] true=[3] merged=[1, 3]
103.6 fp=[1] true=[3] merged=[1, 3]
103.9 fp=[1] true=[3] merged=[1, 3]
104.2 fp=[1] true=[3] merged=[1, 3]
104.5 fp=[1] true=[3] merged=[1, 3]
104.8 fp=[1] true=[3] merged=[1, 3]
105.2 fp=[1] true=[3] merged=[1, 3]
105.5 fp=[1] true=[3] merged=[1, 3]
105.8 fp=[1] true=[3] merged=[1, 3]
106.1 fp=[1] true=[3] merged=[1, 3]
106.4 fp=[1] true=[3] merged=[1, 3]
106.8 fp=[1] true=[3] merged=[1, 3]
107.1 fp=[1] true=[3] merged=[1, 3]
107.4 fp=[1] true=[3] merged=[1, 3]
107.7 fp=[1] true=[3] merged=[1, 3]
108.0 fp=[1] true=[3] merged=[1, 3]
108.3 fp=[1] true=[3] merged=[1, 3]
108.6 fp=[1] true=[3] merged=[1, 3]
108.9 fp=[1] true=[3] merged=[1, 3]
109.3 fp=[1] true=[3] merged=[1, 3]
109.6 fp=[1] true=[3] merged=[1, 3]
109.9 fp=[1] true=[3] merged=[1, 3]
110.2 fp=[1] true=[3] merged=[1, 3]
110.5 fp=[1] true=[3] merged=[1, 3]
110.8 fp=[1] true=[3] merged=[1, 3]
111.1 fp=[1] true=[3] merged=[1, 3]
111.5 fp=[1] true=[3] merged=[1, 3]
111.8 fp=[1] true=[3] merged=[1, 3]
112.1 fp=[1] true=[3] merged=[1, 3]
112.4 fp=[1] true=[3] merged=[1, 3]
112.7 fp=[1] true=[3] merged=[1, 3]
113.0 fp=[7] true=[3] merged=[3, 7]
113.3 fp=[7] true=[3] merged=[3, 7]
113.6 fp=[7] true=[3] merged=[3, 7]
113.9 fp=[7] true=[3] merged=[3, 7]
114.3 fp=[7] true=[3] merged=[3, 7]
114.6 fp=[7] true=[3] merged=[3, 7]
114.9 fp=[7] true=[3] merged=[3, 7]
115.2 fp=[7] true=[3] merged=[3, 7]
115.5 fp=[7] true=[3] merged=[3, 7]
115.8 fp=[7] true=[3] merged=[3, 7]
116.1 fp=[7] true=[3] merged=[3, 7]
116.4 fp=[7] true=[3] merged=[3, 7]
116.8 fp=[7] true=[3] merged=[3, 7]
117.1 fp=[7] true=[3] merged=[3, 7]
117.4 fp=[7] true=[3] merged=[3, 7]
117.7 fp=[7] true=[3] merged=[3, 7]
118.0 fp=[7] true=[3] merged=[3, 7]
118.4 fp=[7] true=[3] merged=[3, 7]
118.7 fp=[7] true=[3] merged=[3, 7]
119.0 fp=[7] true=[3] merged=[3, 7]
119.3 fp=[7] true=[3] merged=[3, 7]
119.6 fp=[7] true=[3] merged=[3, 7]
119.9 fp=[7] true=[3] merged=[3, 7]
120.2 fp=[4] true=[3] merged=[3, 4]
120.6 fp=[4] true=[3] merged=[3, 4]
120.9 fp=[4] true=[3] merged=[3, 4]
121.2 fp=[4] true=[3] merged=[3, 4]
121.5 fp=[4] true=[3] merged=[3, 4]
121.8 fp=[4] true=[3] merged=[3, 4]
122.1 fp=[2] true=[3] merged=[2, 3]
122.4 fp=[2] true=[3] merged=[2, 3]
122.8 fp=[2] true=[3] merged=[2, 3]
123.1 fp=[2] true=[3] merged=[2, 3]
123.4 fp=[2] true=[3] merged=[2, 3]
123.7 fp=[2] true=[3] merged=[2, 3]
124.0 fp=[2] true=[3] merged=[2, 3]
124.3 fp=[2] true=[3] merged=[2, 3]
124.6 fp=[2] true=[3] merged=[2, 3]
124.9 fp=[2] true=[3] merged=[2, 3]
125.3 fp=[2] true=[3] merged=[2, 3]
125.6 fp=[2] true=[3] merged=[2, 3]
125.9 fp=[2] true=[3] merged=[2, 3]
126.2 fp=[2] true=[3] merged=[2, 3]
126.5 fp=[2] true=[3] merged=[2, 3]
126.8 fp=[2] true=[3] merged=[2, 3]
127.1 fp=[2] true=[3] merged=[2, 3]
127.4 fp=[2] true=[3] merged=[2, 3]
127.7 fp=[2] true=[3] merged=[2, 3]
128.1 fp=[2] true=[3] merged=[2, 3]
128.4 fp=[2] true=[3] merged=[2, 3]
128.7 fp=[2] true=[3] merged=[2, 3]
129.0 fp=[2] true=[3] merged=[2, 3]
129.3 fp=[2] true=[3] merged=[2, 3]
129.7 fp=[2] true=[3] merged=[2, 3]
130.0 fp=[2] true=[3] merged=[2, 3]
130.3 fp=[2] true=[3] merged=[2, 3]
130.6 fp=[2] true=[3] merged=[2, 3]
130.9 fp=[2] true=[3] merged=[2, 3]
131.3 fp=[2] true=[3] merged=[2, 3]
131.6 fp=[2] true=[3] merged=[2, 3]
131.9 fp=[2] true=[3] merged=[2, 3]
132.2 fp=[2] true=[3] merged=[2, 3]
132.5 fp=[2] true=[3] merged=[2, 3]
132.8 fp=[2] true=[3] merged=[2, 3]
133.2 fp=[2] true=[3] merged=[2, 3]
133.5 fp=[2] true=[3] merged=[2, 3]
133.8 fp=[2] true=[3] merged=[2, 3]
134.1 fp=[2] true=[3] merged=[2, 3]
134.4 fp=[2] true=[3] merged=[2, 3]
134.7 fp=[2] true=[3] merged=[2, 3]
135.0 fp=[2] true=[3] merged=[2, 3]
135.4 fp=[2] true=[3] merged=[2, 3]
135.7 fp=[2] true=[3] merged=[2, 3]
136.0 fp=[2] true=[3] merged=[2, 3]
136.3 fp=[2] true=[3] merged=[2, 3]
136.6 fp=[2] true=[3] merged=[2, 3]
136.9 fp=[2] true=[3] merged=[2, 3]
137.2 fp=[2] true=[3] merged=[2, 3]
137.5 fp=[2] true=[3] merged=[2, 3]
137.9 fp=[2] true=[3] merged=[2, 3]
138.2 fp=[2] true=[3] merged=[2, 3]
138.5 fp=[2] true=[3] merged=[2, 3]
138.8 fp=[2] true=[3] merged=[2, 3]
139.1 fp=[2] true=[3] merged=[2, 3]
139.4 fp=[2] true=[3] merged=[2, 3]
139.7 fp=[2] true=[3] merged=[2, 3]
140.0 fp=[2] true=[3] merged=[2, 3]
140.4 fp=[2] true=[3] merged=[2, 3]
140.7 fp=[2] true=[3] merged=[2, 3]
141.0 fp=[2] true=[3] merged=[2, 3]
141.3 fp=[2] true=[3] merged=[2, 3]
141.6 fp=[2] true=[3] merged=[2, 3]
141.9 fp=[2] true=[3] merged=[2, 3]
142.2 fp=[4] true=[3] merged=[3, 4]
142.5 fp=[4] true=[3] merged=[3, 4]
142.9 fp=[4] true=[3] merged=[3, 4]
143.2 fp=[4] true=[3] merged=[3, 4]
143.5 fp=[4] true=[3] merged=[3, 4]
143.8 fp=[4] true=[3] merged=[3, 4]
144.1 fp=[4] true=[3] merged=[3, 4]
144.4 fp=[4] true=[3] merged=[3, 4]
144.7 fp=[4] true=[3] merged=[3, 4]
145.0 fp=[4] true=[3] merged=[3, 4]
145.3 fp=[4] true=[3] merged=[3, 4]
145.7 fp=[4] true=[3] merged=[3, 4]
146.0 fp=[4] true=[3] merged=[3, 4]
146.3 fp=[4] true=[3] merged=[3, 4]
146.7 fp=[4] true=[3] merged=[3, 4]
147.0 fp=[4] true=[3] merged=[3, 4]
147.3 fp=[4] true=[3] merged=[3, 4]
147.6 fp=[4] true=[3] merged=[3, 4]
147.9 fp=[4] true=[3] merged=[3, 4]
148.2 fp=[4] true=[3] merged=[3, 4]
148.5 fp=[4] true=[3] merged=[3, 4]
148.9 fp=[4] true=[3] merged=[3, 4]
149.2 fp=[4] true=[3] merged=[3, 4]
149.5 fp=[4] true=[3] merged=[3, 4]
149.8 fp=[4] true=[3] merged=[3, 4]
150.1 fp=[4] true=[3] merged=[3, 4]
150.4 fp=[4] true=[3] merged=[3, 4]
150.7 fp=[4] true=[3] merged=[3, 4]
151.1 fp=[4] true=[3] merged=[3, 4]
151.4 fp=[4] true=[3] merged=[3, 4]
151.7 fp=[4] true=[3] merged=[3, 4]
152.0 fp=[4] true=[3] merged=[3, 4]
152.3 fp=[4] true=[3] merged=[3, 4]
152.6 fp=[4] true=[3] merged=[3, 4]
153.0 fp=[4] true=[3] merged=[3, 4]
153.3 fp=[4] true=[3] merged=[3, 4]
153.6 fp=[4] true=[3] merged=[3, 4]
153.9 fp=[4] true=[3] merged=[3, 4]
154.2 fp=[4] true=[3] merged=[3, 4]
154.5 fp=[4] true=[3] merged=[3, 4]
154.8 fp=[4] true=[3] merged=[3, 4]
155.1 fp=[4] true=[3] merged=[3, 4]
155.4 fp=[4] true=[3] merged=[3, 4]
155.7 fp=[4] true=[3] merged=[3, 4]
156.1 fp=[4] true=[3] merged=[3, 4]
156.4 fp=[4] true=[3] merged=[3, 4]
156.7 fp=[4] true=[3] merged=[3, 4]
157.0 fp=[4] true=[3] merged=[3, 4]
157.3 fp=[4] true=[3] merged=[3, 4]
157.7 fp=[4] true=[3] merged=[3, 4]
158.0 fp=[4] true=[3] merged=[3, 4]
158.3 fp=[4] true=[3] merged=[3, 4]
158.6 fp=[4] true=[3] merged=[3, 4]
158.9 fp=[4] true=[3] merged=[3, 4]
159.2 fp=[4] true=[3] merged=[3, 4]
159.5 fp=[4] true=[3] merged=[3, 4]
159.8 fp=[4] true=[3] merged=[3, 4]
160.2 fp=[4] true=[3] merged=[3, 4]
160.5 fp=[4] true=[3] merged=[3, 4]
160.8 fp=[4] true=[3] merged=[3, 4]
161.1 fp=[5] true=[3] merged=[3, 5]
161.4 fp=[5] true=[3] merged=[3, 5]
161.7 fp=[5] true=[3] merged=[3, 5]
162.0 fp=[2] true=[3] merged=[2, 3]
162.3 fp=[2] true=[3] merged=[2, 3]
162.6 fp=[2] true=[3] merged=[2, 3]
162.9 fp=[2] true=[3] merged=[2, 3]
163.3 fp=[2] true=[3] merged=[2, 3]
163.6 fp=[2] true=[3] merged=[2, 3]
163.9 fp=[2] true=[3] merged=[2, 3]
164.2 fp=[2] true=[3] merged=[2, 3]
164.5 fp=[2] true=[3] merged=[2, 3]
164.8 fp=[2] true=[3] merged=[2, 3]
165.1 fp=[2] true=[3] merged=[2, 3]
165.4 fp=[2] true=[3] merged=[2, 3]
165.7 fp=[2] true=[3] merged=[2, 3]
166.1 fp=[2] true=[3] merged=[2, 3]
166.4 fp=[2] true=[3] merged=[2, 3]
166.7 fp=[2] true=[3] merged=[2, 3]
167.0 fp=[2] true=[3] merged=[2, 3]
167.3 fp=[2] true=[3] merged=[2, 3]
167.6 fp=[2] true=[3] merged=[2, 3]
168.0 fp=[2] true=[3] merged=[2, 3]
168.3 fp=[2] true=[3] merged=[2, 3]
168.6 fp=[2] true=[3] merged=[2, 3]
168.9 fp=[2] true=[3] merged=[2, 3]
169.2 fp=[2] true=[3] merged=[2, 3]
169.5 fp=[2] true=[3] merged=[2, 3]
169.8 fp=[2] true=[3] merged=[2, 3]
170.1 fp=[2] true=[3] merged=[2, 3]
170.5 fp=[2] true=[3] merged=[2, 3]
170.8 fp=[2] true=[3] merged=[2, 3]
171.1 fp=[2] true=[3] merged=[2, 3]
171.4 fp=[2] true=[3] merged=[2, 3]
171.7 fp=[2] true=[3] merged=[2, 3]
172.0 fp=[2] true=[3] merged=[2, 3]
172.3 fp=[2] true=[3] merged=[2, 3]
172.7 fp=[2] true=[3] merged=[2, 3]
173.0 fp=[2] true=[3] merged=[2, 3]
173.3 fp=[2] true=[3] merged=[2, 3]
173.6 fp=[2] true=[3] merged=[2, 3]
173.9 fp=[2] true=[3] merged=[2, 3]
174.2 fp=[2] true=[3] merged=[2, 3]
174.5 fp=[2] true=[3] merged=[2, 3]
174.8 fp=[2] true=[3] merged=[2, 3]
175.1 fp=[2] true=[3] merged=[2, 3]
175.5 fp=[2] true=[3] merged=[2, 3]
175.8 fp=[2] true=[3] merged=[2, 3]
176.1 fp=[2] true=[3] merged=[2, 3]
176.4 fp=[2] true=[3] merged=[2, 3]
176.7 fp=[2] true=[3] merged=[2, 3]
177.0 fp=[2] true=[3] merged=[2, 3]
177.4 fp=[2] true=[3] merged=[2, 3]
177.7 fp=[2] true=[3] merged=[2, 3]
178.0 fp=[2] true=[3] merged=[2, 3]
178.3 fp=[2] true=[3] merged=[2, 3]
178.6 fp=[2] true=[3] merged=[2, 3]
178.9 fp=[2] true=[3] merged=[2, 3]
179.2 fp=[2] true=[3] merged=[2, 3]
179.5 fp=[2] true=[3] merged=[2, 3]
179.8 fp=[2] true=[3] merged=[2, 3]
180.2 fp=[2] true=[3] merged=[2, 3]
180.5 fp=[2] true=[3] merged=[2, 3]
180.8 fp=[2] true=[3] merged=[2, 3]
181.1 fp=[2] true=[3] merged=[2, 3]
181.4 fp=[2] true=[3] merged=[2, 3]
181.7 fp=[2] true=[3] merged=[2, 3]
182.0 fp=[5] true=[3] merged=[3, 5]
182.4 fp=[5] true=[3] merged=[3, 5]
182.7 fp=[5] true=[3] merged=[3, 5]
183.0 fp=[5] true=[3] merged=[3, 5]
183.3 fp=[5] true=[3] merged=[3, 5]
183.6 fp=[5] true=[3] merged=[3, 5]
183.9 fp=[5] true=[3] merged=[3, 5]
184.2 fp=[5] true=[3] merged=[3, 5]
184.5 fp=[5] true=[3] merged=[3, 5]
184.9 fp=[5] true=[3] merged=[3, 5]
185.2 fp=[5] true=[3] merged=[3, 5]
185.5 fp=[5] true=[3] merged=[3, 5]
185.8 fp=[5] true=[3] merged=[3, 5]
186.1 fp=[5] true=[3] merged=[3, 5]
186.4 fp=[5] true=[3] merged=[3, 5]
186.7 fp=[5] true=[3] merged=[3, 5]
187.0 fp=[5] true=[3] merged=[3, 5]
187.3 fp=[5] true=[3] merged=[3, 5]
187.7 fp=[5] true=[3] merged=[3, 5]
188.0 fp=[5] true=[3] merged=[3, 5]
188.3 fp=[5] true=[3] merged=[3, 5]
188.6 fp=[5] true=[3] merged=[3, 5]
189.0 fp=[5] true=[3] merged=[3, 5]
189.3 fp=[5] true=[3] merged=[3, 5]
189.6 fp=[5] true=[3] merged=[3, 5]
189.9 fp=[5] true=[3] merged=[3, 5]
190.2 fp=[5] true=[3] merged=[3, 5]
190.5 fp=[5] true=[3] merged=[3, 5]
190.8 fp=[5] true=[3] merged=[3, 5]
191.1 fp=[5] true=[3] merged=[3, 5]
191.4 fp=[5] true=[3] merged=[3, 5]
191.8 fp=[5] true=[3] merged=[3, 5]
192.1 fp=[7] true=[3] merged=[3, 7]
192.4 fp=[7] true=[3] merged=[3, 7]
192.7 fp=[7] true=[3] merged=[3, 7]
193.0 fp=[7] true=[3] merged=[3, 7]
193.3 fp=[7] true=[3] merged=[3, 7]
193.6 fp=[7] true=[3] merged=[3, 7]
193.9 fp=[7] true=[3] merged=[3, 7]
194.3 fp=[7] true=[3] merged=[3, 7]
194.6 fp=[7] true=[3] merged=[3, 7]
194.9 fp=[7] true=[3] merged=[3, 7]
195.2 fp=[4] true=[3] merged=[3, 4]
195.5 fp=[4] true=[3] merged=[3, 4]
195.8 fp=[4] true=[3] merged=[3, 4]
196.1 fp=[4] true=[3] merged=[3, 4]
196.5 fp=[4] true=[3] merged=[3, 4]
196.8 fp=[4] true=[3] merged=[3, 4]
197.1 fp=[4] true=[3] merged=[3, 4]
197.4 fp=[4] true=[3] merged=[3, 4]
197.7 fp=[4] true=[3] merged=[3, 4]
198.0 fp=[4] true=[3] merged=[3, 4]
198.3 fp=[4] true=[3] merged=[3, 4]
198.6 fp=[4] true=[3] merged=[3, 4]
198.9 fp=[4] true=[3] merged=[3, 4]
199.2 fp=[4] true=[3] merged=[3, 4]
199.6 fp=[4] true=[3] merged=[3, 4]
199.9 fp=[4] true=[3] merged=[3, 4]
200.2 fp=[4] true=[3] merged=[3, 4]
200.5 fp=[4] true=[3] merged=[3, 4]
200.8 fp=[4] true=[3] merged=[3, 4]
201.1 fp=[4] true=[3] merged=[3, 4]
201.4 fp=[4] true=[3] merged=[3, 4]
201.7 fp=[4] true=[3] merged=[3, 4]
202.1 fp=[4] true=[3] merged=[3, 4]
202.4 fp=[4] true=[3] merged=[3, 4]
202.7 fp=[4] true=[3] merged=[3, 4]
203.0 fp=[4] true=[3] merged=[3, 4]
203.3 fp=[4] true=[3] merged=[3, 4]
203.6 fp=[4] true=[3] merged=[3, 4]
203.9 fp=[4] true=[3] merged=[3, 4]
204.2 fp=[4] true=[3] merged=[3, 4]
204.5 fp=[4] true=[3] merged=[3, 4]
204.8 fp=[4] true=[3] merged=[3, 4]
205.2 fp=[4] true=[3] merged=[3, 4]
205.5 fp=[4] true=[3] merged=[3, 4]
205.8 fp=[4] true=[3] merged=[3, 4]
206.1 fp=[4] true=[3] merged=[3, 4]
206.4 fp=[4] true=[3] merged=[3, 4]
206.7 fp=[4] true=[3] merged=[3, 4]
207.0 fp=[4] true=[3] merged=[3, 4]
207.3 fp=[4] true=[3] merged=[3, 4]
207.7 fp=[4] true=[3] merged=[3, 4]
208.0 fp=[4] true=[3] merged=[3, 4]
208.3 fp=[4] true=[3] merged=[3, 4]
208.6 fp=[4] true=[3] merged=[3, 4]
208.9 fp=[4] true=[3] merged=[3, 4]
209.2 fp=[4] true=[3] merged=[3, 4]
209.5 fp=[4] true=[3] merged=[3, 4]
209.9 fp=[4] true=[3] merged=[3, 4]
210.2 fp=[4] true=[3] merged=[3, 4]
210.5 fp=[4] true=[3] merged=[3, 4]
210.8 fp=[4] true=[3] merged=[3, 4]
211.1 fp=[4] true=[3] merged=[3, 4]
211.5 fp=[4] true=[3] merged=[3, 4]
211.8 fp=[4] true=[3] merged=[3, 4]
212.1 fp=[4] true=[3] merged=[3, 4]
212.4 fp=[4] true=[3] merged=[3, 4]
212.7 fp=[4] true=[3] merged=[3, 4]
213.0 fp=[4] true=[3] merged=[3, 4]
213.3 fp=[4] true=[3] merged=[3, 4]
213.6 fp=[4] true=[3] merged=[3, 4]
214.0 fp=[4] true=[3] merged=[3, 4]
214.3 fp=[4] true=[3] merged=[3, 4]
214.6 fp=[4] true=[3] merged=[3, 4]
214.9 fp=[4] true=[3] merged=[3, 4]
215.2 fp=[5] true=[3] merged=[3, 5]
215.5 fp=[5] true=[3] merged=[3, 5]
215.8 fp=[5] true=[3] merged=[3, 5]
216.1 fp=[5] true=[3] merged=[3, 5]
216.5 fp=[5] true=[3] merged=[3, 5]
216.8 fp=[5] true=[3] merged=[3, 5]
217.1 fp=[5] true=[3] merged=[3, 5]
217.4 fp=[5] true=[3] merged=[3, 5]
217.7 fp=[5] true=[3] merged=[3, 5]
218.0 fp=[5] true=[3] merged=[3, 5]
218.4 fp=[5] true=[3] merged=[3, 5]
218.7 fp=[5] true=[3] merged=[3, 5]
219.0 fp=[4] true=[3] merged=[3, 4]
219.3 fp=[4] true=[3] merged=[3, 4]
219.6 fp=[4] true=[3] merged=[3, 4]
219.9 fp=[4] true=[3] merged=[3, 4]
220.3 fp=[1] true=[3] merged=[1, 3]
220.6 fp=[1] true=[3] merged=[1, 3]
220.9 fp=[1] true=[3] merged=[1, 3]
221.2 fp=[1] true=[3] merged=[1, 3]
221.5 fp=[1] true=[3] merged=[1, 3]
221.8 fp=[1] true=[3] merged=[1, 3]
222.1 fp=[1] true=[3] merged=[1, 3]
222.4 fp=[1] true=[3] merged=[1, 3]
222.7 fp=[1] true=[3] merged=[1, 3]
223.0 fp=[1] true=[3] merged=[1, 3]
223.4 fp=[1] true=[3] merged=[1, 3]
223.7 fp=[1] true=[3] merged=[1, 3]
224.0 fp=[1] true=[3] merged=[1, 3]
224.3 fp=[1] true=[3] merged=[1, 3]
224.6 fp=[1] true=[3] merged=[1, 3]
225.0 fp=[1] true=[3] merged=[1, 3]
225.3 fp=[1] true=[3] merged=[1, 3]
225.6 fp=[1] true=[3] merged=[1, 3]
225.9 fp=[1] true=[3] merged=[1, 3]
226.2 fp=[1] true=[3] merged=[1, 3]
226.5 fp=[1] true=[3] merged=[1, 3]
226.8 fp=[1] true=[3] merged=[1, 3]
227.1 fp=[1] true=[3] merged=[1, 3]
227.4 fp=[1] true=[3] merged=[1, 3]
227.8 fp=[1] true=[3] merged=[1, 3]
228.1 fp=[1] true=[3] merged=[1, 3]
228.4 fp=[1] true=[3] merged=[1, 3]
228.7 fp=[1] true=[3] merged=[1, 3]
229.0 fp=[1] true=[3] merged=[1, 3]
229.3 fp=[1] true=[3] merged=[1, 3]
229.6 fp=[1] true=[3] merged=[1, 3]
230.0 fp=[1] true=[3] merged=[1, 3]
230.3 fp=[1] true=[3] merged=[1, 3]
230.6 fp=[1] true=[3] merged=[1, 3]
230.9 fp=[1] true=[3] merged=[1, 3]
231.2 fp=[1] true=[3] merged=[1, 3]
231.5 fp=[1] true=[3] merged=[1, 3]
231.8 fp=[1] true=[3] merged=[1, 3]
232.1 fp=[1] true=[3] merged=[1, 3]
232.4 fp=[1] true=[3] merged=[1, 3]
232.7 fp=[1] true=[3] merged=[1, 3]
233.0 fp=[1] true=[3] merged=[1, 3]
233.4 fp=[1] true=[3] merged=[1, 3]
233.7 fp=[1] true=[3] merged=[1, 3]
234.0 fp=[1] true=[3] merged=[1, 3]
234.3 fp=[1] true=[3] merged=[1, 3]
234.6 fp=[1] true=[3] merged=[1, 3]
234.9 fp=[1] true=[3] merged=[1, 3]
235.2 fp=[1] true=[3] merged=[1, 3]
235.5 fp=[1] true=[3] merged=[1, 3]
235.8 fp=[1] true=[3] merged=[1, 3]
236.1 fp=[1] true=[3] merged=[1, 3]
236.5 fp=[1] true=[3] merged=[1, 3]
236.8 fp=[1] true=[3] merged=[1, 3]
237.1 fp=[1] true=[3] merged=[1, 3]
237.4 fp=[1] true=[3] merged=[1, 3]
237.7 fp=[1] true=[3] merged=[1, 3]
238.0 fp=[1] true=[3] merged=[1, 3]
238.3 fp=[1] true=[3] merged=[1, 3]
238.7 fp=[1] true=[3] merged=[1, 3]
239.0 fp=[1] true=[3] merged=[1, 3]
239.3 fp=[1] true=[3] merged=[1, 3]
239.6 fp=[1] true=[3] merged=[1, 3]
239.9 fp=[1] true=[3] merged=[1, 3]
240.2 fp=[1] true=[3] merged=[1, 3]
240.5 fp=[1] true=[3] merged=[1, 3]
240.8 fp=[1] true=[3] merged=[1, 3]
241.1 fp=[1] true=[3] merged=[1, 3]
241.5 fp=[1] true=[3] merged=[1, 3]
241.8 fp=[1] true=[3] merged=[1, 3]
242.1 fp=[1] true=[3] merged=[1, 3]
242.4 fp=[1] true=[3] merged=[1, 3]
242.8 fp=[1] true=[3] merged=[1, 3]
243.1 fp=[1] true=[3] merged=[1, 3]
243.4 fp=[1] true=[3] merged=[1, 3]
243.7 fp=[1] true=[3] merged=[1, 3]
244.0 fp=[1] true=[3] merged=[1, 3]
244.3 fp=[1] true=[3] merged=[1, 3]
244.6 fp=[1] true=[3] merged=[1, 3]
244.9 fp=[1] true=[3] merged=[1, 3]
245.2 fp=[1] true=[3] merged=[1, 3]
245.6 fp=[1] true=[3] merged=[1, 3]
245.9 fp=[1] true=[3] merged=[1, 3]
246.2 fp=[1] true=[3] merged=[1, 3]
246.5 fp=[1] true=[3] merged=[1, 3]
246.8 fp=[1] true=[3] merged=[1, 3]
247.1 fp=[1] true=[3] merged=[1, 3]
247.5 fp=[1] true=[3] merged=[1, 3]
247.8 fp=[1] true=[3] merged=[1, 3]
248.1 fp=[1] true=[3] merged=[1, 3]
248.4 fp=[1] true=[3] merged=[1, 3]
248.7 fp=[1] true=[3] merged=[1, 3]
249.0 fp=[1] true=[3] merged=[1, 3]
249.3 fp=[1] true=[3] merged=[1, 3]
249.7 fp=[1] true=[3] merged=[1, 3]
250.0 fp=[1] true=[3] merged=[1, 3]
250.3 fp=[1] true=[3] merged=[1, 3]
250.6 fp=[1] true=[3] merged=[1, 3]
250.9 fp=[1] true=[3] merged=[1, 3]
251.2 fp=[1] true=[3] merged=[1, 3]
251.5 fp=[1] true=[3] merged=[1, 3]
251.8 fp=[1] true=[3] merged=[1, 3]
252.2 fp=[1] true=[3] merged=[1, 3]
252.5 fp=[1] true=[3] merged=[1, 3]
252.8 fp=[1] true=[3] merged=[1, 3]
253.1 fp=[1] true=[3] merged=[1, 3]
253.4 fp=[1] true=[3] merged=[1, 3]
253.7 fp=[1] true=[3] merged=[1, 3]
254.1 fp=[1] true=[3] merged=[1, 3]
254.4 fp=[1] true=[3] merged=[1, 3]
254.7 fp=[1] true=[3] merged=[1, 3]
255.0 fp=[1] true=[3] merged=[1, 3]
255.3 fp=[1] true=[3] merged=[1, 3]
255.6 fp=[1] true=[3] merged=[1, 3]
255.9 fp=[1] true=[3] merged=[1, 3]
256.2 fp=[1] true=[3] merged=[1, 3]
256.6 fp=[1] true=[3] merged=[1, 3]
256.9 fp=[1] true=[3] merged=[1, 3]
257.2 fp=[1] true=[3] merged=[1, 3]
257.5 fp=[1] true=[3] merged=[1, 3]
257.9 fp=[1] true=[3] merged=[1, 3]
258.2 fp=[1] true=[3] merged=[1, 3]
258.5 fp=[1] true=[3] merged=[1, 3]
258.8 fp=[1] true=[3] merged=[1, 3]
259.1 fp=[1] true=[3] merged=[1, 3]
259.4 fp=[1] true=[3] merged=[1, 3]
259.7 fp=[1] true=[3] merged=[1, 3]
260.0 fp=[1] true=[3] merged=[1, 3]
260.4 fp=[1] true=[3] merged=[1, 3]
260.7 fp=[1] true=[3] merged=[1, 3]
261.0 fp=[1] true=[3] merged=[1, 3]
261.3 fp=[1] true=[3] merged=[1, 3]
261.6 fp=[1] true=[3] merged=[1, 3]
261.9 fp=[1] true=[3] merged=[1, 3]
262.2 fp=[1] true=[3] merged=[1, 3]
262.6 fp=[1] true=[3] merged=[1, 3]
262.9 fp=[1] true=[3] merged=[1, 3]
263.2 fp=[1] true=[3] merged=[1, 3]
263.5 fp=[1] true=[3] merged=[1, 3]
263.8 fp=[1] true=[3] merged=[1, 3]
264.1 fp=[1] true=[3] merged=[1, 3]
264.4 fp=[1] true=[3] merged=[1, 3]
264.7 fp=[1] true=[3] merged=[1, 3]
265.0 fp=[1] true=[3] merged=[1, 3]
265.4 fp=[1] true=[3] merged=[1, 3]
265.7 fp=[1] true=[3] merged=[1, 3]
266.0 fp=[1] true=[3] merged=[1, 3]
266.3 fp=[1] true=[3] merged=[1, 3]
266.6 fp=[1] true=[3] merged=[1, 3]
266.9 fp=[1] true=[3] merged=[1, 3]
267.2 fp=[1] true=[3] merged=[1, 3]
267.5 fp=[1] true=[3] merged=[1, 3]
267.9 fp=[1] true=[3] merged=[1, 3]
268.2 fp=[1] true=[3] merged=[1, 3]
268.5 fp=[1] true=[3] merged=[1, 3]
268.8 fp=[1] true=[3] merged=[1, 3]
269.1 fp=[1] true=[3] merged=[1, 3]
269.4 fp=[1] true=[3] merged=[1, 3]
269.7 fp=[1] true=[3] merged=[1, 3]
270.0 fp=[1] true=[3] merged=[1, 3]
270.3 fp=[1] true=[3] merged=[1, 3]
270.7 fp=[1] true=[3] merged=[1, 3]
271.0 fp=[1] true=[3] merged=[1, 3]
271.3 fp=[1] true=[3] merged=[1, 3]
271.6 fp=[1] true=[3] merged=[1, 3]
271.9 fp=[1] true=[3] merged=[1, 3]
272.2 fp=[1] true=[3] merged=[1, 3]
272.5 fp=[1] true=[3] merged=[1, 3]
272.9 fp=[1] true=[3] merged=[1, 3]
273.2 fp=[2] true=[3] merged=[2, 3]
273.5 fp=[2] true=[3] merged=[2, 3]
273.8 fp=[2] true=[3] merged=[2, 3]
274.1 fp=[2] true=[3] merged=[2, 3]
274.4 fp=[2] true=[3] merged=[2, 3]
274.8 fp=[2] true=[3] merged=[2, 3]
275.1 fp=[2] true=[3] merged=[2, 3]
275.4 fp=[2] true=[3] merged=[2, 3]
275.7 fp=[2] true=[3] merged=[2, 3]
276.0 fp=[2] true=[3] merged=[2, 3]
276.3 fp=[2] true=[3] merged=[2, 3]
276.6 fp=[2] true=[3] merged=[2, 3]
276.9 fp=[2] true=[3] merged=[2, 3]
277.3 fp=[2] true=[3] merged=[2, 3]
277.6 fp=[2] true=[3] merged=[2, 3]
277.9 fp=[2] true=[3] merged=[2, 3]
278.2 fp=[4] true=[3] merged=[3, 4]
278.5 fp=[4] true=[3] merged=[3, 4]
278.8 fp=[4] true=[3] merged=[3, 4]
279.1 fp=[4] true=[3] merged=[3, 4]
279.5 fp=[4] true=[3] merged=[3, 4]
279.8 fp=[4] true=[3] merged=[3, 4]
280.1 fp=[4] true=[3] merged=[3, 4]
280.4 fp=[4] true=[3] merged=[3, 4]
280.7 fp=[4] true=[3] merged=[3, 4]
281.0 fp=[4] true=[3] merged=[3, 4]
281.3 fp=[4] true=[3] merged=[3, 4]
281.6 fp=[4] true=[3] merged=[3, 4]
281.9 fp=[4] true=[3] merged=[3, 4]
282.3 fp=[4] true=[3] merged=[3, 4]
282.6 fp=[4] true=[3] merged=[3, 4]
282.9 fp=[4] true=[3] merged=[3, 4]
283.2 fp=[4] true=[3] merged=[3, 4]
283.5 fp=[4] true=[3] merged=[3, 4]
283.8 fp=[4] true=[3] merged=[3, 4]
284.1 fp=[4] true=[3] merged=[3, 4]
284.4 fp=[4] true=[3] merged=[3, 4]
284.8 fp=[4] true=[3] merged=[3, 4]
285.1 fp=[4] true=[3] merged=[3, 4]
285.4 fp=[4] true=[3] merged=[3, 4]
285.7 fp=[4] true=[3] merged=[3, 4]
286.0 fp=[4] true=[3] merged=[3, 4]
286.4 fp=[4] true=[3] merged=[3, 4]
286.7 fp=[4] true=[3] merged=[3, 4]
287.0 fp=[4] true=[3] merged=[3, 4]
287.3 fp=[4] true=[3] merged=[3, 4]
287.6 fp=[4] true=[3] merged=[3, 4]
287.9 fp=[4] true=[3] merged=[3, 4]
288.2 fp=[4] true=[3] merged=[3, 4]
288.5 fp=[4] true=[3] merged=[3, 4]
288.9 fp=[4] true=[3] merged=[3, 4]
289.2 fp=[4] true=[3] merged=[3, 4]
289.5 fp=[4] true=[3] merged=[3, 4]
289.8 fp=[4] true=[3] merged=[3, 4]
290.1 fp=[4] true=[3] merged=[3, 4]
290.4 fp=[4] true=[3] merged=[3, 4]
290.7 fp=[4] true=[3] merged=[3, 4]
291.0 fp=[4] true=[3] merged=[3, 4]
291.4 fp=[4] true=[3] merged=[3, 4]
291.7 fp=[4] true=[3] merged=[3, 4]
292.0 fp=[4] true=[3] merged=[3, 4]
292.3 fp=[4] true=[3] merged=[3, 4]
292.6 fp=[4] true=[3] merged=[3, 4]
292.9 fp=[4] true=[3] merged=[3, 4]
293.2 fp=[4] true=[3] merged=[3, 4]
293.5 fp=[4] true=[3] merged=[3, 4]
293.9 fp=[4] true=[3] merged=[3, 4]
294.2 fp=[4] true=[3] merged=[3, 4]
294.5 fp=[4] true=[3] merged=[3, 4]
294.8 fp=[4] true=[3] merged=[3, 4]
295.1 fp=[4] true=[3] merged=[3, 4]
295.4 fp=[4] true=[3] merged=[3, 4]
295.7 fp=[4] true=[3] merged=[3, 4]
296.0 fp=[4] true=[3] merged=[3, 4]
296.4 fp=[4] true=[3] merged=[3, 4]
296.7 fp=[4] true=[3] merged=[3, 4]
297.0 fp=[4] true=[3] merged=[3, 4]
297.3 fp=[1] true=[3] merged=[1, 3]
297.6 fp=[1] true=[3] merged=[1, 3]
298.0 fp=[1] true=[3] merged=[1, 3]
298.3 fp=[1] true=[3] merged=[1, 3]
298.6 fp=[1] true=[3] merged=[1, 3]
298.9 fp=[1] true=[3] merged=[1, 3]
299.2 fp=[1] true=[3] merged=[1, 3]
299.5 fp=[1] true=[3] merged=[1, 3]
299.8 fp=[1] true=[3] merged=[1, 3]
300.2 fp=[1] true=[3] merged=[1, 3]
300.5 fp=[1] true=[3] merged=[1, 3]
300.8 fp=[1] true=[3] merged=[1, 3]
301.1 fp=[1] true=[3] merged=[1, 3]
301.4 fp=[1] true=[3] merged=[1, 3]
301.8 fp=[1] true=[3] merged=[1, 3]
302.1 fp=[1] true=[3] merged=[1, 3]
302.4 fp=[1] true=[3] merged=[1, 3]
302.7 fp=[1] true=[3] merged=[1, 3]
303.0 fp=[1] true=[3] merged=[1, 3]
303.3 fp=[1] true=[3] merged=[1, 3]
303.6 fp=[1] true=[3] merged=[1, 3]
304.0 fp=[1] true=[3] merged=[1, 3]
304.3 fp=[1] true=[3] merged=[1, 3]
304.6 fp=[1] true=[3] merged=[1, 3]
304.9 fp=[1] true=[3] merged=[1, 3]
