# start rate=10 seed=2 dur=420 n=7 target=3 events=48
25.0 fp=[7] true=[3] merged=[3, 7]
25.3 fp=[7] true=[3] merged=[3, 7]
25.6 fp=[7] true=[3] merged=[3, 7]
25.9 fp=[7] true=[3] merged=[3, 7]
26.3 fp=[7] true=[3] merged=[3, 7]
26.6 fp=[7] true=[3] merged=[3, 7]
26.9 fp=[7] true=[3] merged=[3, 7]
27.2 fp=[7] true=[3] merged=[3, 7]
27.5 fp=[7] true=[3] merged=[3, 7]
27.8 fp=[7] true=[3] merged=[3, 7]
28.1 fp=[7] true=[3] merged=[3, 7]
28.4 fp=[7] true=[3] merged=[3, 7]
28.7 fp=[7] true=[3] merged=[3, 7]
29.1 fp=[7] true=[3] merged=[3, 7]
29.4 fp=[7] true=[3] merged=[3, 7]
29.7 fp=[7] true=[3] merged=[3, 7]
30.0 fp=[7] true=[3] merged=[3, 7]
30.3 fp=[7] true=[3] merged=[3, 7]
30.6 fp=[7] true=[3] merged=[3, 7]
30.9 fp=[7] true=[3] merged=[3, 7]
31.3 fp=[7] true=[3] merged=[3, 7]
31.6 fp=[7] true=[3] merged=[3, 7]
31.9 fp=[7] true=[3] merged=[3, 7]
32.2 fp=[7] true=[3] merged=[3, 7]
32.5 fp=[7] true=[3] merged=[3, 7]
32.8 fp=[7] true=[3] merged=[3, 7]
33.1 fp=[7] true=[3] merged=[3, 7]
33.4 fp=[7] true=[3] merged=[3, 7]
33.8 fp=[7] true=[3] merged=[3, 7]
34.1 fp=[7] true=[3] merged=[3, 7]
34.4 fp=[7] true=[3] merged=[3, 7]
34.7 fp=[7] true=[3] merged=[3, 7]
35.0 fp=[7] true=[3] merged=[3, 7]
35.3 fp=[2] true=[3] merged=[2, 3]
35.6 fp=[2] true=[3] merged=[2, 3]
35.9 fp=[2] true=[3] merged=[2, 3]
36.2 fp=[2] true=[3] merged=[2, 3]
36.6 fp=[2] true=[3] merged=[2, 3]
36.9 fp=[2] true=[3] merged=[2, 3]
37.2 fp=[2] true=[3] merged=[2, 3]
37.5 fp=[2] true=[3] merged=[2, 3]
37.8 fp=[2] true=[3] merged=[2, 3]
38.1 fp=[1] true=[3] merged=[1, 3]
38.5 fp=[1] true=[3] merged=[1, 3]
38.8 fp=[1] true=[3] merged=[1, 3]
39.1 fp=[1] true=[3] merged=[1, 3]
39.4 fp=[1] true=[3] merged=[1, 3]
39.7 fp=[1] true=[3] merged=[1, 3]
40.0 fp=[1] true=[3] merged=[1, 3]
40.3 fp=[1] true=[3] merged=[1, 3]
40.6 fp=[1] true=[3] merged=[1, 3]
41.0 fp=[1] true=[3] merged=[1, 3]
41.3 fp=[1] true=[3] merged=[1, 3]
41.6 fp=[1] true=[3] merged=[1, 3]
41.9 fp=[1] true=[3] merged=[1, 3]
42.2 fp=[1] true=[3] merged=[1, 3]
42.6 fp=[1] true=[3] merged=[1, 3]
42.9 fp=[1] true=[3] merged=[1, 3]
43.2 fp=[1] true=[3] merged=[1, 3]
43.5 fp=[1] true=[3] merged=[1, 3]
43.8 fp=[1] true=[3] merged=[1, 3]
44.1 fp=[1] true=[3] merged=[1, 3]
44.4 fp=[1] true=[3] merged=[1, 3]
44.7 fp=[1] true=[3] merged=[1, 3]
45.0 fp=[1] true=[3] merged=[1, 3]
45.4 fp=[1] true=[3] merged=[1, 3]
45.7 fp=[1] true=[3] merged=[1, 3]
46.0 fp=[1] true=[3] merged=[1, 3]
46.3 fp=[1] true=[3] merged=[1, 3]
46.6 fp=[1] true=[3] merged=[1, 3]
46.9 fp=[1] true=[3] merged=[1, 3]
47.2 fp=[1] true=[3] merged=[1, 3]
47.5 fp=[1] true=[3] merged=[1, 3]
47.9 fp=[1] true=[3] merged=[1, 3]
48.2 fp=[1] true=[3] merged=[1, 3]
48.5 fp=[1] true=[3] merged=[1, 3]
48.8 fp=[1] true=[3] merged=[1, 3]
49.1 fp=[1] true=[3] merged=[1, 3]
49.5 fp=[1] true=[3] merged=[1, 3]
49.8 fp=[1] true=[3] merged=[1, 3]
50.1 fp=[1] true=[3] merged=[1, 3]
50.4 fp=[1] true=[3] merged=[1, 3]
50.7 fp=[1] true=[3] merged=[1, 3]
51.0 fp=[1] true=[3] merged=[1, 3]
51.4 fp=[1] true=[3] merged=[1, 3]
51.7 fp=[1] true=[3] merged=[1, 3]
52.0 fp=[1] true=[3] merged=[1, 3]
52.3 fp=[1] true=[3] merged=[1, 3]
52.6 fp=[1] true=[3] merged=[1, 3]
52.9 fp=[1] true=[3] merged=[1, 3]
53.2 fp=[1] true=[3] merged=[1, 3]
53.6 fp=[1] true=[3] merged=[1, 3]
53.9 fp=[1] true=[3] merged=[1, 3]
54.2 fp=[1] true=[3] merged=[1, 3]
54.5 fp=[1] true=[3] merged=[1, 3]
54.8 fp=[1] true=[3] merged=[1, 3]
55.1 fp=[1] true=[3] merged=[1, 3]
55.5 fp=[1] true=[3] merged=[1, 3]
55.8 fp=[1] true=[3] merged=[1, 3]
56.1 fp=[1] true=[3] merged=[1, 3]
56.4 fp=[1] true=[3] merged=[1, 3]
56.7 fp=[1] true=[3] merged=[1, 3]
57.0 fp=[1] true=[3] merged=[1, 3]
57.3 fp=[1] true=[3] merged=[1, 3]
57.7 fp=[1] true=[3] merged=[1, 3]
58.0 fp=[1] true=[3] merged=[1, 3]
58.3 fp=[5] true=[3] merged=[3, 5]
58.7 fp=[5] true=[3] merged=[3, 5]
59.0 fp=[5] true=[3] merged=[3, 5]
59.3 fp=[5] true=[3] merged=[3, 5]
59.6 fp=[5] true=[3] merged=[3, 5]
59.9 fp=[5] true=[3] merged=[3, 5]
60.2 fp=[5] true=[3] merged=[3, 5]
60.6 fp=[5] true=[3] merged=[3, 5]
60.9 fp=[5] true=[3] merged=[3, 5]
61.2 fp=[5] true=[3] merged=[3, 5]
61.5 fp=[5] true=[3] merged=[3, 5]
61.8 fp=[5] true=[3] merged=[3, 5]
62.1 fp=[5] true=[3] merged=[3, 5]
62.5 fp=[5] true=[3] merged=[3, 5]
62.8 fp=[5] true=[3] merged=[3, 5]
63.1 fp=[5] true=[3] merged=[3, 5]
63.4 fp=[5] true=[3] merged=[3, 5]
63.7 fp=[5] true=[3] merged=[3, 5]
64.0 fp=[5] true=[3] merged=[3, 5]
64.3 fp=[5] true=[3] merged=[3, 5]
64.6 fp=[5] true=[3] merged=[3, 5]
65.0 fp=[5] true=[3] merged=[3, 5]
65.3 fp=[5] true=[3] merged=[3, 5]
65.6 fp=[5] true=[3] merged=[3, 5]
65.9 fp=[5] true=[3] merged=[3, 5]
66.2 fp=[5] true=[3] merged=[3, 5]
66.5 fp=[5] true=[3] merged=[3, 5]
66.8 fp=[5] true=[3] merged=[3, 5]
67.1 fp=[5] true=[3] merged=[3, 5]
67.5 fp=[5] true=[3] merged=[3, 5]
67.8 fp=[5] true=[3] merged=[3, 5]
68.1 fp=[5] true=[3] merged=[3, 5]
68.4 fp=[5] true=[3] merged=[3, 5]
68.8 fp=[5] true=[3] merged=[3, 5]
69.1 fp=[5] true=[3] merged=[3, 5]
69.4 fp=[5] true=[3] merged=[3, 5]
69.7 fp=[5] true=[3] merged=[3, 5]
70.0 fp=[5] true=[3] merged=[3, 5]
70.4 fp=[5] true=[3] merged=[3, 5]
70.7 fp=[5] true=[3] merged=[3, 5]
71.0 fp=[5] true=[3] merged=[3, 5]
71.3 fp=[5] true=[3] merged=[3, 5]
71.6 fp=[5] true=[3] merged=[3, 5]
71.9 fp=[5] true=[3] merged=[3, 5]
72.2 fp=[5] true=[3] merged=[3, 5]
72.5 fp=[5] true=[3] merged=[3, 5]
72.9 fp=[5] true=[3] merged=[3, 5]
79.1 fp=[6] true=[3] merged=[3, 6]
79.4 fp=[6] true=[3] merged=[3, 6]
79.7 fp=[6] true=[3] merged=[3, 6]
80.1 fp=[6] true=[3] merged=[3, 6]
80.4 fp=[6] true=[3] merged=[3, 6]
80.7 fp=[6] true=[3] merged=[3, 6]
81.0 fp=[6] true=[3] merged=[3, 6]
81.3 fp=[6] true=[3] merged=[3, 6]
81.6 fp=[6] true=[3] merged=[3, 6]
81.9 fp=[6] true=[3] merged=[3, 6]
82.2 fp=[6] true=[3] merged=[3, 6]
82.5 fp=[6] true=[3] merged=[3, 6]
82.8 fp=[6] true=[3] merged=[3, 6]
83.2 fp=[6] true=[3] merged=[3, 6]
83.5 fp=[6] true=[3] merged=[3, 6]
83.8 fp=[6] true=[3] merged=[3, 6]
84.1 fp=[6] true=[3] merged=[3, 6]
84.4 fp=[6] true=[3] merged=[3, 6]
84.7 fp=[6] true=[3] merged=[3, 6]
85.0 fp=[6] true=[3] merged=[3, 6]
85.3 fp=[6] true=[3] merged=[3, 6]
85.6 fp=[6] true=[3] merged=[3, 6]
86.0 fp=[6] true=[3] merged=[3, 6]
86.3 fp=[6] true=[3] merged=[3, 6]
86.6 fp=[6] true=[3] merged=[3, 6]
86.9 fp=[6] true=[3] merged=[3, 6]
87.2 fp=[2] true=[3] merged=[2, 3]
87.5 fp=[2] true=[3] merged=[2, 3]
87.8 fp=[2] true=[3] merged=[2, 3]
88.2 fp=[2] true=[3] merged=[2, 3]
88.5 fp=[2] true=[3] merged=[2, 3]
88.8 fp=[2] true=[3] merged=[2, 3]
89.1 fp=[2] true=[3] merged=[2, 3]
89.4 fp=[2] true=[3] merged=[2, 3]
89.7 fp=[2] true=[3] merged=[2, 3]
90.0 fp=[2] true=[3] merged=[2, 3]
90.4 fp=[2] true=[3] merged=[2, 3]
90.7 fp=[2] true=[3] merged=[2, 3]
91.0 fp=[2] true=[3] merged=[2, 3]
91.3 fp=[2] true=[3] merged=[2, 3]
91.6 fp=[2] true=[3] merged=[2, 3]
91.9 fp=[2] true=[3] merged=[2, 3]
92.2 fp=[2] true=[3] merged=[2, 3]
92.5 fp=[2] true=[3] merged=[2, 3]
92.8 fp=[2] true=[3] merged=[2, 3]
93.2 fp=[2] true=[3] merged=[2, 3]
93.5 fp=[2] true=[3] merged=[2, 3]
93.8 fp=[2] true=[3] merged=[2, 3]
94.1 fp=[2] true=[3] merged=[2, 3]
94.4 fp=[2] true=[3] merged=[2, 3]
94.7 fp=[2] true=[3] merged=[2, 3]
95.0 fp=[2] true=[3] merged=[2, 3]
95.3 fp=[2] true=[3] merged=[2, 3]
95.7 fp=[2] true=[3] merged=[2, 3]
96.0 fp=[2] true=[3] merged=[2, 3]
96.3 fp=[2] true=[3] merged=[2, 3]
96.6 fp=[2] true=[3] merged=[2, 3]
96.9 fp=[2] true=[3] merged=[2, 3]
97.2 fp=[2] true=[3] merged=[2, 3]
97.5 fp=[2] true=[3] merged=[2, 3]
97.8 fp=[2] true=[3] merged=[2, 3]
98.2 fp=[2] true=[3] merged=[2, 3]
98.5 fp=[2] true=[3] merged=[2, 3]
98.8 fp=[2] true=[3] merged=[2, 3]
99.1 fp=[2] true=[3] merged=[2, 3]
99.4 fp=[2] true=[3] merged=[2, 3]
99.7 fp=[2] true=[3] merged=[2, 3]
100.0 fp=[2] true=[3] merged=[2, 3]
100.3 fp=[2] true=[3] merged=[2, 3]
100.7 fp=[2] true=[3] merged=[2, 3]
101.0 fp=[2] true=[3] merged=[2, 3]
101.3 fp=[2] true=[3] merged=[2, 3]
101.6 fp=[2] true=[3] merged=[2, 3]
101.9 fp=[2] true=[3] merged=[2, 3]
102.2 fp=[2] true=[3] merged=[2, 3]
102.6 fp=[2] true=[3] merged=[2, 3]
102.9 fp=[2] true=[3] merged=[2, 3]
103.2 fp=[2] true=[3] merged=[2, 3]
103.5 fp=[2] true=[3] merged=[2, 3]
103.8 fp=[2] true=[3] merged=[2, 3]
104.1 fp=[2] true=[3] merged=[2, 3]
104.4 fp=[2] true=[3] merged=[2, 3]
104.7 fp=[2] true=[3] merged=[2, 3]
105.1 fp=[2] true=[3] merged=[2, 3]
105.4 fp=[2] true=[3] merged=[2, 3]
105.7 fp=[2] true=[3] merged=[2, 3]
106.0 fp=[2] true=[3] merged=[2, 3]
106.3 fp=[2] true=[3] merged=[2, 3]
106.6 fp=[2] true=[3] merged=[2, 3]
106.9 fp=[2] true=[3] merged=[2, 3]
107.3 fp=[2] true=[3] merged=[2, 3]
107.6 fp=[2] true=[3] merged=[2, 3]
107.9 fp=[2] true=[3] merged=[2, 3]
108.2 fp=[2] true=[3] merged=[2, 3]
108.5 fp=[2] true=[3] merged=[2, 3]
108.8 fp=[2] true=[3] merged=[2, 3]
109.2 fp=[6] true=[3] merged=[3, 6]
109.5 fp=[6] true=[3] merged=[3, 6]
109.8 fp=[6] true=[3] merged=[3, 6]
110.1 fp=[6] true=[3] merged=[3, 6]
110.5 fp=[6] true=[3] merged=[3, 6]
110.8 fp=[6] true=[3] merged=[3, 6]
111.1 fp=[6] true=[3] merged=[3, 6]
111.4 fp=[6] true=[3] merged=[3, 6]
111.7 fp=[6] true=[3] merged=[3, 6]
112.0 fp=[6] true=[3] merged=[3, 6]
112.3 fp=[6] true=[3] merged=[3, 6]
112.6 fp=[6] true=[3] merged=[3, 6]
113.0 fp=[6] true=[3] merged=[3, 6]
113.3 fp=[6] true=[3] merged=[3, 6]
113.6 fp=[6] true=[3] merged=[3, 6]
113.9 fp=[6] true=[3] merged=[3, 6]
114.2 fp=[6] true=[3] merged=[3, 6]
114.5 fp=[6] true=[3] merged=[3, 6]
114.9 fp=[6] true=[3] merged=[3, 6]
115.2 fp=[6] true=[3] merged=[3, 6]
115.5 fp=[6] true=[3] merged=[3, 6]
115.8 fp=[6] true=[3] merged=[3, 6]
116.1 fp=[7] true=[3] merged=[3, 7]
116.4 fp=[7] true=[3] merged=[3, 7]
116.8 fp=[7] true=[3] merged=[3, 7]
117.1 fp=[7] true=[3] merged=[3, 7]
117.4 fp=[7] true=[3] merged=[3, 7]
117.7 fp=[7] true=[3] merged=[3, 7]
121.2 fp=[6] true=[3] merged=[3, 6]
121.5 fp=[6] true=[3] merged=[3, 6]
121.8 fp=[6] true=[3] merged=[3, 6]
122.1 fp=[6] true=[3] merged=[3, 6]
122.4 fp=[6] true=[3] merged=[3, 6]
122.7 fp=[6] true=[3] merged=[3, 6]
123.0 fp=[2] true=[3] merged=[2, 3]
123.3 fp=[2] true=[3] merged=[2, 3]
123.6 fp=[2] true=[3] merged=[2, 3]
123.9 fp=[2] true=[3] merged=[2, 3]
124.3 fp=[2] true=[3] merged=[2, 3]
124.6 fp=[2] true=[3] merged=[2, 3]
124.9 fp=[2] true=[3] merged=[2, 3]
125.2 fp=[2] true=[3] merged=[2, 3]
125.5 fp=[2] true=[3] merged=[2, 3]
125.8 fp=[2] true=[3] merged=[2, 3]
126.1 fp=[2] true=[3] merged=[2, 3]
126.4 fp=[2] true=[3] merged=[2, 3]
126.7 fp=[2] true=[3] merged=[2, 3]
127.1 fp=[2] true=[3] merged=[2, 3]
127.4 fp=[2] true=[3] merged=[2, 3]
127.7 fp=[2] true=[3] merged=[2, 3]
128.0 fp=[2] true=[3] merged=[2, 3]
128.3 fp=[2] true=[3] merged=[2, 3]
128.6 fp=[2] true=[3] merged=[2, 3]
128.9 fp=[2] true=[3] merged=[2, 3]
129.3 fp=[2] true=[3] merged=[2, 3]
129.6 fp=[2] true=[3] merged=[2, 3]
129.9 fp=[2] true=[3] merged=[2, 3]
130.2 fp=[2] true=[3] merged=[2, 3]
130.5 fp=[2] true=[3] merged=[2, 3]
130.8 fp=[2] true=[3] merged=[2, 3]
131.1 fp=[2] true=[3] merged=[2, 3]
131.4 fp=[2] true=[3] merged=[2, 3]
131.7 fp=[2] true=[3] merged=[2, 3]
132.0 fp=[2] true=[3] merged=[2, 3]
132.4 fp=[2] true=[3] merged=[2, 3]
132.7 fp=[2] true=[3] merged=[2, 3]
133.0 fp=[2] true=[3] merged=[2, 3]
133.3 fp=[2] true=[3] merged=[2, 3]
133.6 fp=[2] true=[3] merged=[2, 3]
133.9 fp=[2] true=[3] merged=[2, 3]
134.3 fp=[2] true=[3] merged=[2, 3]
134.6 fp=[2] true=[3] merged=[2, 3]
134.9 fp=[2] true=[3] merged=[2, 3]
135.2 fp=[2] true=[3] merged=[2, 3]
135.5 fp=[2] true=[3] merged=[2, 3]
135.8 fp=[2] true=[3] merged=[2, 3]
136.1 fp=[2] true=[3] merged=[2, 3]
136.5 fp=[2] true=[3] merged=[2, 3]
136.8 fp=[2] true=[3] merged=[2, 3]
137.1 fp=[2] true=[3] merged=[2, 3]
137.4 fp=[2] true=[3] merged=[2, 3]
137.7 fp=[2] true=[3] merged=[2, 3]
138.0 fp=[2] true=[3] merged=[2, 3]
138.3 fp=[2] true=[3] merged=[2, 3]
138.6 fp=[2] true=[3] merged=[2, 3]
139.0 fp=[2] true=[3] merged=[2, 3]
139.3 fp=[2] true=[3] merged=[2, 3]
139.6 fp=[2] true=[3] merged=[2, 3]
139.9 fp=[2] true=[3] merged=[2, 3]
140.2 fp=[2] true=[3] merged=[2, 3]
140.5 fp=[2] true=[3] merged=[2, 3]
140.8 fp=[2] true=[3] merged=[2, 3]
141.1 fp=[2] true=[3] merged=[2, 3]
141.5 fp=[2] true=[3] merged=[2, 3]
141.8 fp=[2] true=[3] merged=[2, 3]
142.1 fp=[2] true=[3] merged=[2, 3]
142.4 fp=[2] true=[3] merged=[2, 3]
142.7 fp=[2] true=[3] merged=[2, 3]
156.1 fp=[5] true=[3] merged=[3, 5]
156.5 fp=[5] true=[3] merged=[3, 5]
156.8 fp=[5] true=[3] merged=[3, 5]
157.1 fp=[5] true=[3] merged=[3, 5]
157.4 fp=[5] true=[3] merged=[3, 5]
157.7 fp=[5] true=[3] merged=[3, 5]
158.0 fp=[5] true=[3] merged=[3, 5]
158.4 fp=[5] true=[3] merged=[3, 5]
158.7 fp=[5] true=[3] merged=[3, 5]
159.0 fp=[5] true=[3] merged=[3, 5]
159.3 fp=[5] true=[3] merged=[3, 5]
159.6 fp=[5] true=[3] merged=[3, 5]
160.0 fp=[5] true=[3] merged=[3, 5]
160.3 fp=[2] true=[3] merged=[2, 3]
160.6 fp=[2] true=[3] merged=[2, 3]
160.9 fp=[2] true=[3] merged=[2, 3]
161.2 fp=[2] true=[3] merged=[2, 3]
161.5 fp=[2] true=[3] merged=[2, 3]
161.8 fp=[2] true=[3] merged=[2, 3]
162.1 fp=[2] true=[3] merged=[2, 3]
162.4 fp=[2] true=[3] merged=[2, 3]
162.8 fp=[2] true=[3] merged=[2, 3]
163.1 fp=[2] true=[3] merged=[2, 3]
163.4 fp=[2] true=[3] merged=[2, 3]
163.7 fp=[2] true=[3] merged=[2, 3]
164.0 fp=[2] true=[3] merged=[2, 3]
164.3 fp=[2] true=[3] merged=[2, 3]
164.6 fp=[2] true=[3] merged=[2, 3]
165.0 fp=[2] true=[3] merged=[2, 3]
165.3 fp=[2] true=[3] merged=[2, 3]
165.6 fp=[2] true=[3] merged=[2, 3]
165.9 fp=[2] true=[3] merged=[2, 3]
166.2 fp=[2] true=[3] merged=[2, 3]
166.5 fp=[2] true=[3] merged=[2, 3]
166.8 fp=[2] true=[3] merged=[2, 3]
167.1 fp=[2] true=[3] merged=[2, 3]
167.4 fp=[2] true=[3] merged=[2, 3]
167.8 fp=[2] true=[3] merged=[2, 3]
168.1 fp=[2] true=[3] merged=[2, 3]
168.4 fp=[2] true=[3] merged=[2, 3]
168.7 fp=[2] true=[3] merged=[2, 3]
169.0 fp=[2] true=[3] merged=[2, 3]
169.3 fp=[2] true=[3] merged=[2, 3]
169.6 fp=[2] true=[3] merged=[2, 3]
170.0 fp=[2] true=[3] merged=[2, 3]
170.3 fp=[2] true=[3] merged=[2, 3]
170.6 fp=[2] true=[3] merged=[2, 3]
170.9 fp=[2] true=[3] merged=[2, 3]
171.2 fp=[2] true=[3] merged=[2, 3]
171.5 fp=[2] true=[3] merged=[2, 3]
171.8 fp=[2] true=[3] merged=[2, 3]
172.1 fp=[2] true=[3] merged=[2, 3]
172.5 fp=[2] true=[3] merged=[2, 3]
172.8 fp=[2] true=[3] merged=[2, 3]
173.1 fp=[2] true=[3] merged=[2, 3]
173.4 fp=[2] true=[3] merged=[2, 3]
173.7 fp=[2] true=[3] merged=[2, 3]
174.0 fp=[2] true=[3] merged=[2, 3]
174.3 fp=[2] true=[3] merged=[2, 3]
174.6 fp=[2] true=[3] merged=[2, 3]
174.9 fp=[2] true=[3] merged=[2, 3]
175.3 fp=[2] true=[3] merged=[2, 3]
175.6 fp=[2] true=[3] merged=[2, 3]
175.9 fp=[2] true=[3] merged=[2, 3]
176.2 fp=[2] true=[3] merged=[2, 3]
176.5 fp=[2] true=[3] merged=[2, 3]
176.8 fp=[2] true=[3] merged=[2, 3]
177.2 fp=[2] true=[3] merged=[2, 3]
177.5 fp=[2] true=[3] merged=[2, 3]
177.8 fp=[2] true=[3] merged=[2, 3]
178.1 fp=[2] true=[3] merged=[2, 3]
178.4 fp=[2] true=[3] merged=[2, 3]
178.7 fp=[2] true=[3] merged=[2, 3]
179.0 fp=[2] true=[3] merged=[2, 3]
179.4 fp=[2] true=[3] merged=[2, 3]
179.7 fp=[2] true=[3] merged=[2, 3]
180.0 fp=[2] true=[3] merged=[2, 3]
180.3 fp=[4] true=[3] merged=[3, 4]
180.6 fp=[4] true=[3] merged=[3, 4]
180.9 fp=[4] true=[3] merged=[3, 4]
181.3 fp=[4] true=[3] merged=[3, 4]
181.6 fp=[4] true=[3] merged=[3, 4]
181.9 fp=[4] true=[3] merged=[3, 4]
182.2 fp=[4] true=[3] merged=[3, 4]
182.5 fp=[4] true=[3] merged=[3, 4]
182.8 fp=[4] true=[3] merged=[3, 4]
183.1 fp=[4] true=[3] merged=[3, 4]
183.4 fp=[4] true=[3] merged=[3, 4]
183.8 fp=[4] true=[3] merged=[3, 4]
184.1 fp=[4] true=[3] merged=[3, 4]
184.4 fp=[4] true=[3] merged=[3, 4]
184.7 fp=[4] true=[3] merged=[3, 4]
185.0 fp=[4] true=[3] merged=[3, 4]
185.3 fp=[4] true=[3] merged=[3, 4]
185.6 fp=[4] true=[3] merged=[3, 4]
185.9 fp=[4] true=[3] merged=[3, 4]
186.3 fp=[4] true=[3] merged=[3, 4]
186.6 fp=[4] true=[3] merged=[3, 4]
186.9 fp=[4] true=[3] merged=[3, 4]
187.2 fp=[6] true=[3] merged=[3, 6]
187.5 fp=[6] true=[3] merged=[3, 6]
187.9 fp=[6] true=[3] merged=[3, 6]
188.2 fp=[6] true=[3] merged=[3, 6]
188.5 fp=[6] true=[3] merged=[3, 6]
188.8 fp=[6] true=[3] merged=[3, 6]
189.1 fp=[6] true=[3] merged=[3, 6]
189.4 fp=[6] true=[3] merged=[3, 6]
189.7 fp=[6] true=[3] merged=[3, 6]
190.1 fp=[6] true=[3] merged=[3, 6]
190.4 fp=[6] true=[3] merged=[3, 6]
190.7 fp=[6] true=[3] merged=[3, 6]
191.0 fp=[6] true=[3] merged=[3, 6]
191.3 fp=[6] true=[3] merged=[3, 6]
191.6 fp=[6] true=[3] merged=[3, 6]
191.9 fp=[6] true=[3] merged=[3, 6]
192.3 fp=[6] true=[3] merged=[3, 6]
192.6 fp=[6] true=[3] merged=[3, 6]
192.9 fp=[6] true=[3] merged=[3, 6]
193.2 fp=[6] true=[3] merged=[3, 6]
193.5 fp=[6] true=[3] merged=[3, 6]
193.8 fp=[6] true=[3] merged=[3, 6]
194.1 fp=[6] true=[3] merged=[3, 6]
194.5 fp=[6] true=[3] merged=[3, 6]
194.8 fp=[6] true=[3] merged=[3, 6]
195.1 fp=[6] true=[3] merged=[3, 6]
195.4 fp=[6] true=[3] merged=[3, 6]
195.7 fp=[6] true=[3] merged=[3, 6]
198.2 fp=[1] true=[3] merged=[1, 3]
198.5 fp=[1] true=[3] merged=[1, 3]
198.9 fp=[1] true=[3] merged=[1, 3]
199.2 fp=[1] true=[3] merged=[1, 3]
199.5 fp=[1] true=[3] merged=[1, 3]
199.8 fp=[1] true=[3] merged=[1, 3]
200.1 fp=[1] true=[3] merged=[1, 3]
200.4 fp=[1] true=[3] merged=[1, 3]
200.7 fp=[1] true=[3] merged=[1, 3]
201.0 fp=[1] true=[3] merged=[1, 3]
201.3 fp=[1] true=[3] merged=[1, 3]
201.6 fp=[1] true=[3] merged=[1, 3]
202.0 fp=[1] true=[3] merged=[1, 3]
202.3 fp=[1] true=[3] merged=[1, 3]
202.6 fp=[1] true=[3] merged=[1, 3]
202.9 fp=[1] true=[3] merged=[1, 3]
203.2 fp=[1] true=[3] merged=[1, 3]
203.5 fp=[1] true=[3] merged=[1, 3]
203.9 fp=[1] true=[3] merged=[1, 3]
204.2 fp=[1] true=[3] merged=[1, 3]
204.5 fp=[1] true=[3] merged=[1, 3]
204.8 fp=[1] true=[3] merged=[1, 3]
205.1 fp=[1] true=[3] merged=[1, 3]
205.4 fp=[1] true=[3] merged=[1, 3]
205.7 fp=[1] true=[3] merged=[1, 3]
206.1 fp=[1] true=[3] merged=[1, 3]
206.4 fp=[1] true=[3] merged=[1, 3]
206.7 fp=[1] true=[3] merged=[1, 3]
207.0 fp=[1] true=[3] merged=[1, 3]
207.3 fp=[1] true=[3] merged=[1, 3]
207.6 fp=[1] true=[3] merged=[1, 3]
207.9 fp=[1] true=[3] merged=[1, 3]
208.2 fp=[1] true=[3] merged=[1, 3]
208.5 fp=[1] true=[3] merged=[1, 3]
208.9 fp=[1] true=[3] merged=[1, 3]
209.2 fp=[1] true=[3] merged=[1, 3]
209.5 fp=[1] true=[3] merged=[1, 3]
209.8 fp=[1] true=[3] merged=[1, 3]
210.2 fp=[1] true=[3] merged=[1, 3]
210.5 fp=[1] true=[3] merged=[1, 3]
210.8 fp=[1] true=[3] merged=[1, 3]
211.1 fp=[1] true=[3] merged=[1, 3]
211.4 fp=[1] true=[3] merged=[1, 3]
211.7 fp=[1] true=[3] merged=[1, 3]
212.0 fp=[1] true=[3] merged=[1, 3]
212.3 fp=[1] true=[3] merged=[1, 3]
212.6 fp=[1] true=[3] merged=[1, 3]
212.9 fp=[1] true=[3] merged=[1, 3]
213.2 fp=[1] true=[3] merged=[1, 3]
213.6 fp=[1] true=[3] merged=[1, 3]
213.9 fp=[1] true=[3] merged=[1, 3]
214.2 fp=[1] true=[3] merged=[1, 3]
214.5 fp=[1] true=[3] merged=[1, 3]
214.8 fp=[1] true=[3] merged=[1, 3]
215.1 fp=[1] true=[3] merged=[1, 3]
215.4 fp=[1] true=[3] merged=[1, 3]
215.8 fp=[1] true=[3] merged=[1, 3]
216.1 fp=[1] true=[3] merged=[1, 3]
216.4 fp=[1] true=[3] merged=[1, 3]
216.7 fp=[1] true=[3] merged=[1, 3]
217.0 fp=[1] true=[3] merged=[1, 3]
217.3 fp=[1] true=[3] merged=[1, 3]
217.6 fp=[1] true=[3] merged=[1, 3]
217.9 fp=[1] true=[3] merged=[1, 3]
218.2 fp=[5] true=[3] merged=[3, 5]
218.6 fp=[5] true=[3] merged=[3, 5]
218.9 fp=[5] true=[3] merged=[3, 5]
219.2 fp=[5] true=[3] merged=[3, 5]
219.5 fp=[5] true=[3] merged=[3, 5]
219.8 fp=[5] true=[3] merged=[3, 5]
220.1 fp=[5] true=[3] merged=[3, 5]
220.4 fp=[5] true=[3] merged=[3, 5]
220.7 fp=[5] true=[3] merged=[3, 5]
221.1 fp=[5] true=[3] merged=[3, 5]
221.4 fp=[5] true=[3] merged=[3, 5]
221.7 fp=[5] true=[3] merged=[3, 5]
222.0 fp=[5] true=[3] merged=[3, 5]
222.3 fp=[5] true=[3] merged=[3, 5]
222.6 fp=[5] true=[3] merged=[3, 5]
222.9 fp=[5] true=[3] merged=[3, 5]
223.3 fp=[5] true=[3] merged=[3, 5]
223.6 fp=[5] true=[3] merged=[3, 5]
223.9 fp=[5] true=[3] merged=[3, 5]
224.2 fp=[5] true=[3] merged=[3, 5]
224.5 fp=[5] true=[3] merged=[3, 5]
224.9 fp=[5] true=[3] merged=[3, 5]
225.2 fp=[5] true=[3] merged=[3, 5]
225.5 fp=[5] true=[3] merged=[3, 5]
225.8 fp=[5] true=[3] merged=[3, 5]
226.1 fp=[5] true=[3] merged=[3, 5]
226.4 fp=[5] true=[3] merged=[3, 5]
226.8 fp=[5] true=[3] merged=[3, 5]
227.1 fp=[5] true=[3] merged=[3, 5]
227.4 fp=[5] true=[3] merged=[3, 5]
227.7 fp=[5] true=[3] merged=[3, 5]
228.0 fp=[5] true=[3] merged=[3, 5]
228.3 fp=[5] true=[3] merged=[3, 5]
228.7 fp=[5] true=[3] merged=[3, 5]
229.0 fp=[5] true=[3] merged=[3, 5]
229.3 fp=[6] true=[3] merged=[3, 6]
229.6 fp=[6] true=[3] merged=[3, 6]
229.9 fp=[6] true=[3] merged=[3, 6]
230.2 fp=[6] true=[3] merged=[3, 6]
230.5 fp=[6] true=[3] merged=[3, 6]
230.8 fp=[6] true=[3] merged=[3, 6]
231.2 fp=[1] true=[3] merged=[1, 3]
231.5 fp=[1] true=[3] merged=[1, 3]
231.8 fp=[1] true=[3] merged=[1, 3]
232.1 fp=[1] true=[3] merged=[1, 3]
232.4 fp=[1] true=[3] merged=[1, 3]
232.7 fp=[1] true=[3] merged=[1, 3]
233.0 fp=[1] true=[3] merged=[1, 3]
233.3 fp=[1] true=[3] merged=[1, 3]
233.6 fp=[1] true=[3] merged=[1, 3]
233.9 fp=[1] true=[3] merged=[1, 3]
234.3 fp=[1] true=[3] merged=[1, 3]
234.6 fp=[1] true=[3] merged=[1, 3]
234.9 fp=[1] true=[3] merged=[1, 3]
235.2 fp=[1] true=[3] merged=[1, 3]
235.5 fp=[1] true=[3] merged=[1, 3]
235.8 fp=[1] true=[3] merged=[1, 3]
236.1 fp=[1] true=[3] merged=[1, 3]
236.4 fp=[1] true=[3] merged=[1, 3]
236.8 fp=[1] true=[3] merged=[1, 3]
237.1 fp=[1] true=[3] merged=[1, 3]
237.4 fp=[1] true=[3] merged=[1, 3]
237.7 fp=[1] true=[3] merged=[1, 3]
238.0 fp=[1] true=[3] merged=[1, 3]
238.3 fp=[1] true=[3] merged=[1, 3]
238.6 fp=[1] true=[3] merged=[1, 3]
238.9 fp=[1] true=[3] merged=[1, 3]
239.3 fp=[1] true=[3] merged=[1, 3]
239.6 fp=[1] true=[3] merged=[1, 3]
239.9 fp=[1] true=[3] merged=[1, 3]
240.2 fp=[1] true=[3] merged=[1, 3]
240.5 fp=[1] true=[3] merged=[1, 3]
240.8 fp=[1] true=[3] merged=[1, 3]
241.1 fp=[1] true=[3] merged=[1, 3]
241.4 fp=[1] true=[3] merged=[1, 3]
241.8 fp=[1] true=[3] merged=[1, 3]
242.1 fp=[1] true=[3] merged=[1, 3]
242.4 fp=[1] true=[3] merged=[1, 3]
242.7 fp=[1] true=[3] merged=[1, 3]
243.0 fp=[1] true=[3] merged=[1, 3]
243.3 fp=[1] true=[3] merged=[1, 3]
243.6 fp=[1] true=[3] merged=[1, 3]
243.9 fp=[1] true=[3] merged=[1, 3]
244.2 fp=[1] true=[3] merged=[1, 3]
244.6 fp=[1] true=[3] merged=[1, 3]
244.9 fp=[1] true=[3] merged=[1, 3]
245.2 fp=[1] true=[3] merged=[1, 3]
245.5 fp=[1] true=[3] merged=[1, 3]
245.8 fp=[1] true=[3] merged=[1, 3]
246.1 fp=[1] true=[3] merged=[1, 3]
246.4 fp=[1] true=[3] merged=[1, 3]
246.7 fp=[1] true=[3] merged=[1, 3]
247.0 fp=[1] true=[3] merged=[1, 3]
247.3 fp=[1] true=[3] merged=[1, 3]
247.7 fp=[1] true=[3] merged=[1, 3]
248.0 fp=[1] true=[3] merged=[1, 3]
248.3 fp=[1] true=[3] merged=[1, 3]
248.6 fp=[1] true=[3] merged=[1, 3]
248.9 fp=[1] true=[3] merged=[1, 3]
249.2 fp=[1] true=[3] merged=[1, 3]
249.5 fp=[1] true=[3] merged=[1, 3]
249.8 fp=[1] true=[3] merged=[1, 3]
250.2 fp=[1] true=[3] merged=[1, 3]
250.5 fp=[1] true=[3] merged=[1, 3]
250.8 fp=[1] true=[3] merged=[1, 3]
251.1 fp=[5] true=[3] merged=[3, 5]
251.4 fp=[5] true=[3] merged=[3, 5]
251.7 fp=[5] true=[3] merged=[3, 5]
252.0 fp=[5] true=[3] merged=[3, 5]
252.3 fp=[5] true=[3] merged=[3, 5]
252.7 fp=[5] true=[3] merged=[3, 5]
253.0 fp=[5] true=[3] merged=[3, 5]
253.3 fp=[5] true=[3] merged=[3, 5]
253.6 fp=[5] true=[3] merged=[3, 5]
253.9 fp=[5] true=[3] merged=[3, 5]
254.2 fp=[5] true=[3] merged=[3, 5]
254.5 fp=[5] true=[3] merged=[3, 5]
254.8 fp=[5] true=[3] merged=[3, 5]
255.1 fp=[5] true=[3] merged=[3, 5]
255.5 fp=[5] true=[3] merged=[3, 5]
255.8 fp=[5] true=[3] merged=[3, 5]
256.1 fp=[5] true=[3] merged=[3, 5]
256.4 fp=[5] true=[3] merged=[3, 5]
256.7 fp=[5] true=[3] merged=[3, 5]
257.0 fp=[5] true=[3] merged=[3, 5]
257.3 fp=[5] true=[3] merged=[3, 5]
257.7 fp=[5] true=[3] merged=[3, 5]
258.0 fp=[5] true=[3] merged=[3, 5]
258.3 fp=[4] true=[3] merged=[3, 4]
258.6 fp=[4] true=[3] merged=[3, 4]
258.9 fp=[4] true=[3] merged=[3, 4]
259.2 fp=[4] true=[3] merged=[3, 4]
259.6 fp=[4] true=[3] merged=[3, 4]
259.9 fp=[4] true=[3] merged=[3, 4]
260.2 fp=[4] true=[3] merged=[3, 4]
260.5 fp=[4] true=[3] merged=[3, 4]
260.8 fp=[4] true=[3] merged=[3, 4]
261.2 fp=[4] true=[3] merged=[3, 4]
261.5 fp=[4] true=[3] merged=[3, 4]
261.8 fp=[4] true=[3] merged=[3, 4]
262.1 fp=[4] true=[3] merged=[3, 4]
262.4 fp=[4] true=[3] merged=[3, 4]
262.7 fp=[4] true=[3] merged=[3, 4]
263.0 fp=[4] true=[3] merged=[3, 4]
263.3 fp=[4] true=[3] merged=[3, 4]
263.7 fp=[4] true=[3] merged=[3, 4]
264.0 fp=[4] true=[3] merged=[3, 4]
264.3 fp=[4] true=[3] merged=[3, 4]
264.6 fp=[4] true=[3] merged=[3, 4]
264.9 fp=[4] true=[3] merged=[3, 4]
265.2 fp=[4] true=[3] merged=[3, 4]
265.5 fp=[4] true=[3] merged=[3, 4]
265.8 fp=[4] true=[3] merged=[3, 4]
266.2 fp=[4] true=[3] merged=[3, 4]
266.5 fp=[4] true=[3] merged=[3, 4]
266.8 fp=[4] true=[3] merged=[3, 4]
267.1 fp=[4] true=[3] merged=[3, 4]
267.4 fp=[4] true=[3] merged=[3, 4]
267.7 fp=[4] true=[3] merged=[3, 4]
268.0 fp=[4] true=[3] merged=[3, 4]
268.4 fp=[4] true=[3] merged=[3, 4]
268.7 fp=[4] true=[3] merged=[3, 4]
269.0 fp=[4] true=[3] merged=[3, 4]
269.3 fp=[4] true=[3] merged=[3, 4]
269.6 fp=[4] true=[3] merged=[3, 4]
269.9 fp=[4] true=[3] merged=[3, 4]
270.2 fp=[4] true=[3] merged=[3, 4]
270.6 fp=[4] true=[3] merged=[3, 4]
270.9 fp=[4] true=[3] merged=[3, 4]
271.2 fp=[4] true=[3] merged=[3, 4]
271.5 fp=[4] true=[3] merged=[3, 4]
271.8 fp=[4] true=[3] merged=[3, 4]
272.1 fp=[1] true=[3] merged=[1, 3]
272.4 fp=[1] true=[3] merged=[1, 3]
272.7 fp=[1] true=[3] merged=[1, 3]
273.1 fp=[1] true=[3] merged=[1, 3]
273.4 fp=[1] true=[3] merged=[1, 3]
273.7 fp=[1] true=[3] merged=[1, 3]
274.0 fp=[1] true=[3] merged=[1, 3]
274.3 fp=[1] true=[3] merged=[1, 3]
274.6 fp=[1] true=[3] merged=[1, 3]
275.0 fp=[1] true=[3] merged=[1, 3]
275.3 fp=[1] true=[3] merged=[1, 3]
275.6 fp=[1] true=[3] merged=[1, 3]
275.9 fp=[1] true=[3] merged=[1, 3]
276.2 fp=[1] true=[3] merged=[1, 3]
276.5 fp=[1] true=[3] merged=[1, 3]
276.9 fp=[1] true=[3] merged=[1, 3]
277.2 fp=[1] true=[3] merged=[1, 3]
277.5 fp=[1] true=[3] merged=[1, 3]
277.8 fp=[1] true=[3] merged=[1, 3]
278.1 fp=[1] true=[3] merged=[1, 3]
278.5 fp=[1] true=[3] merged=[1, 3]
278.8 fp=[1] true=[3] merged=[1, 3]
279.1 fp=[1] true=[3] merged=[1, 3]
279.4 fp=[1] true=[3] merged=[1, 3]
279.7 fp=[1] true=[3] merged=[1, 3]
280.1 fp=[1] true=[3] merged=[1, 3]
280.4 fp=[1] true=[3] merged=[1, 3]
280.7 fp=[1] true=[3] merged=[1, 3]
281.0 fp=[1] true=[3] merged=[1, 3]
281.3 fp=[1] true=[3] merged=[1, 3]
281.6 fp=[1] true=[3] merged=[1, 3]
281.9 fp=[1] true=[3] merged=[1, 3]
282.2 fp=[1] true=[3] merged=[1, 3]
282.6 fp=[1] true=[3] merged=[1, 3]
282.9 fp=[1] true=[3] merged=[1, 3]
283.2 fp=[1] true=[3] merged=[1, 3]
283.5 fp=[1] true=[3] merged=[1, 3]
283.8 fp=[1] true=[3] merged=[1, 3]
284.1 fp=[1] true=[3] merged=[1, 3]
284.4 fp=[1] true=[3] merged=[1, 3]
284.7 fp=[1] true=[3] merged=[1, 3]
285.1 fp=[1] true=[3] merged=[1, 3]
285.4 fp=[1] true=[3] merged=[1, 3]
285.7 fp=[1] true=[3] merged=[1, 3]
286.0 fp=[1] true=[3] merged=[1, 3]
286.3 fp=[1] true=[3] merged=[1, 3]
286.6 fp=[1] true=[3] merged=[1, 3]
286.9 fp=[1] true=[3] merged=[1, 3]
287.2 fp=[1] true=[3] merged=[1, 3]
287.5 fp=[1] true=[3] merged=[1, 3]
287.9 fp=[1] true=[3] merged=[1, 3]
288.2 fp=[1] true=[3] merged=[1, 3]
288.5 fp=[1] true=[3] merged=[1, 3]
288.9 fp=[1] true=[3] merged=[1, 3]
289.2 fp=[1] true=[3] merged=[1, 3]
289.5 fp=[1] true=[3] merged=[1, 3]
289.8 fp=[1] true=[3] merged=[1, 3]
290.1 fp=[1] true=[3] merged=[1, 3]
290.4 fp=[1] true=[3] merged=[1, 3]
290.8 fp=[1] true=[3] merged=[1, 3]
291.1 fp=[1] true=[3] merged=[1, 3]
291.4 fp=[1] true=[3] merged=[1, 3]
291.7 fp=[1] true=[3] merged=[1, 3]
292.0 fp=[1] true=[3] merged=[1, 3]
292.3 fp=[1] true=[3] merged=[1, 3]
292.6 fp=[1] true=[3] merged=[1, 3]
293.0 fp=[1] true=[3] merged=[1, 3]
293.3 fp=[1] true=[3] merged=[1, 3]
293.6 fp=[1] true=[3] merged=[1, 3]
293.9 fp=[1] true=[3] merged=[1, 3]
294.2 fp=[1] true=[3] merged=[1, 3]
294.5 fp=[1] true=[3] merged=[1, 3]
294.8 fp=[1] true=[3] merged=[1, 3]
295.1 fp=[1] true=[3] merged=[1, 3]
295.4 fp=[1] true=[3] merged=[1, 3]
295.8 fp=[1] true=[3] merged=[1, 3]
296.1 fp=[1] true=[3] merged=[1, 3]
296.4 fp=[1] true=[3] merged=[1, 3]
296.7 fp=[1] true=[3] merged=[1, 3]
297.0 fp=[1] true=[3] merged=[1, 3]
297.3 fp=[1] true=[3] merged=[1, 3]
297.6 fp=[1] true=[3] merged=[1, 3]
297.9 fp=[1] true=[3] merged=[1, 3]
298.3 fp=[1] true=[3] merged=[1, 3]
298.6 fp=[1] true=[3] merged=[1, 3]
298.9 fp=[1] true=[3] merged=[1, 3]
299.3 fp=[1] true=[3] merged=[1, 3]
299.6 fp=[1] true=[3] merged=[1, 3]
299.9 fp=[1] true=[3] merged=[1, 3]
300.2 fp=[1] true=[3] merged=[1, 3]
300.5 fp=[1] true=[3] merged=[1, 3]
300.8 fp=[1] true=[3] merged=[1, 3]
301.1 fp=[1] true=[3] merged=[1, 3]
301.4 fp=[1] true=[3] merged=[1, 3]
301.7 fp=[1] true=[3] merged=[1, 3]
302.1 fp=[1] true=[3] merged=[1, 3]
302.4 fp=[1] true=[3] merged=[1, 3]
302.7 fp=[1] true=[3] merged=[1, 3]
303.0 fp=[1] true=[3] merged=[1, 3]
303.3 fp=[1] true=[3] merged=[1, 3]
303.6 fp=[1] true=[3] merged=[1, 3]
303.9 fp=[1] true=[3] merged=[1, 3]
304.2 fp=[1] true=[3] merged=[1, 3]
304.5 fp=[1] true=[3] merged=[1, 3]
304.9 fp=[1] true=[3] merged=[1, 3]
305.2 fp=[1] true=[3] merged=[1, 3]
305.5 fp=[1] true=[3] merged=[1, 3]
305.8 fp=[1] true=[3] merged=[1, 3]
306.1 fp=[1] true=[3] merged=[1, 3]
306.4 fp=[1] true=[3] merged=[1, 3]
306.8 fp=[1] true=[3] merged=[1, 3]
307.1 fp=[1] true=[3] merged=[1, 3]
307.4 fp=[1] true=[3] merged=[1, 3]
307.7 fp=[1] true=[3] merged=[1, 3]
308.0 fp=[1] true=[3] merged=[1, 3]
308.3 fp=[1] true=[3] merged=[1, 3]
308.6 fp=[1] true=[3] merged=[1, 3]
308.9 fp=[1] true=[3] merged=[1, 3]
309.3 fp=[1] true=[3] merged=[1, 3]
309.6 fp=[1] true=[3] merged=[1, 3]
309.9 fp=[1] true=[3] merged=[1, 3]
310.2 fp=[1] true=[3] merged=[1, 3]
310.5 fp=[1] true=[3] merged=[1, 3]
310.8 fp=[1] true=[3] merged=[1, 3]
311.1 fp=[2] true=[3] merged=[2, 3]
311.4 fp=[2] true=[3] merged=[2, 3]
311.7 fp=[2] true=[3] merged=[2, 3]
312.1 fp=[4] true=[3] merged=[3, 4]
312.4 fp=[4] true=[3] merged=[3, 4]
312.7 fp=[4] true=[3] merged=[3, 4]
313.0 fp=[4] true=[3] merged=[3, 4]
313.3 fp=[4] true=[3] merged=[3, 4]
313.6 fp=[4] true=[3] merged=[3, 4]
314.0 fp=[4] true=[3] merged=[3, 4]
314.3 fp=[4] true=[3] merged=[3, 4]
314.6 fp=[4] true=[3] merged=[3, 4]
314.9 fp=[4] true=[3] merged=[3, 4]
315.2 fp=[4] true=[3] merged=[3, 4]
315.5 fp=[4] true=[3] merged=[3, 4]
315.8 fp=[4] true=[3] merged=[3, 4]
316.1 fp=[4] true=[3] merged=[3, 4]
316.4 fp=[4] true=[3] merged=[3, 4]
316.8 fp=[4] true=[3] merged=[3, 4]
317.1 fp=[4] true=[3] merged=[3, 4]
317.4 fp=[4] true=[3] merged=[3, 4]
317.7 fp=[4] true=[3] merged=[3, 4]
318.0 fp=[4] true=[3] merged=[3, 4]
318.3 fp=[4] true=[3] merged=[3, 4]
318.6 fp=[4] true=[3] merged=[3, 4]
318.9 fp=[4] true=[3] merged=[3, 4]
319.3 fp=[4] true=[3] merged=[3, 4]
319.6 fp=[4] true=[3] merged=[3, 4]
319.9 fp=[4] true=[3] merged=[3, 4]
320.2 fp=[4] true=[3] merged=[3, 4]
320.5 fp=[4] true=[3] merged=[3, 4]
320.8 fp=[4] true=[3] merged=[3, 4]
321.1 fp=[4] true=[3] merged=[3, 4]
321.5 fp=[4] true=[3] merged=[3, 4]
321.8 fp=[4] true=[3] merged=[3, 4]
322.1 fp=[4] true=[3] merged=[3, 4]
322.4 fp=[4] true=[3] merged=[3, 4]
322.7 fp=[4] true=[3] merged=[3, 4]
323.0 fp=[4] true=[3] merged=[3, 4]
323.3 fp=[4] true=[3] merged=[3, 4]
323.7 fp=[4] true=[3] merged=[3, 4]
324.0 fp=[4] true=[3] merged=[3, 4]
324.3 fp=[7] true=[3] merged=[3, 7]
324.6 fp=[7] true=[3] merged=[3, 7]
324.9 fp=[7] true=[3] merged=[3, 7]
325.2 fp=[7] true=[3] merged=[3, 7]
325.5 fp=[7] true=[3] merged=[3, 7]
325.9 fp=[7] true=[3] merged=[3, 7]
326.2 fp=[7] true=[3] merged=[3, 7]
326.5 fp=[7] true=[3] merged=[3, 7]
326.8 fp=[7] true=[3] merged=[3, 7]
327.1 fp=[7] true=[3] merged=[3, 7]
327.4 fp=[7] true=[3] merged=[3, 7]
327.8 fp=[7] true=[3] merged=[3, 7]
328.1 fp=[7] true=[3] merged=[3, 7]
328.4 fp=[7] true=[3] merged=[3, 7]
328.7 fp=[7] true=[3] merged=[3, 7]
329.0 fp=[6] true=[3] merged=[3, 6]
329.4 fp=[6] true=[3] merged=[3, 6]
329.7 fp=[6] true=[3] merged=[3, 6]
330.0 fp=[6] true=[3] merged=[3, 6]
330.3 fp=[6] true=[3] merged=[3, 6]
330.6 fp=[6] true=[3] merged=[3, 6]
330.9 fp=[6] true=[3] merged=[3, 6]
331.2 fp=[6] true=[3] merged=[3, 6]
331.5 fp=[6] true=[3] merged=[3, 6]
331.8 fp=[6] true=[3] merged=[3, 6]
332.2 fp=[6] true=[3] merged=[3, 6]
332.5 fp=[6] true=[3] merged=[3, 6]
332.8 fp=[6] true=[3] merged=[3, 6]
333.1 fp=[6] true=[3] merged=[3, 6]
333.4 fp=[6] true=[3] merged=[3, 6]
333.7 fp=[6] true=[3] merged=[3, 6]
334.0 fp=[6] true=[3] merged=[3, 6]
334.3 fp=[6] true=[3] merged=[3, 6]
334.7 fp=[6] true=[3] merged=[3, 6]
335.0 fp=[6] true=[3] merged=[3, 6]
335.3 fp=[6] true=[3] merged=[3, 6]
335.6 fp=[6] true=[3] merged=[3, 6]
335.9 fp=[6] true=[3] merged=[3, 6]
336.3 fp=[6] true=[3] merged=[3, 6]
336.6 fp=[6] true=[3] merged=[3, 6]
336.9 fp=[6] true=[3] merged=[3, 6]
337.2 fp=[6] true=[3] merged=[3, 6]
337.5 fp=[6] true=[3] merged=[3, 6]
337.8 fp=[6] true=[3] merged=[3, 6]
338.1 fp=[1] true=[3] merged=[1, 3]
338.4 fp=[1] true=[3] merged=[1, 3]
338.8 fp=[1] true=[3] merged=[1, 3]
339.1 fp=[1] true=[3] merged=[1, 3]
339.4 fp=[1] true=[3] merged=[1, 3]
339.7 fp=[1] true=[3] merged=[1, 3]
340.0 fp=[1] true=[3] merged=[1, 3]
340.3 fp=[1] true=[3] merged=[1, 3]
340.7 fp=[1] true=[3] merged=[1, 3]
341.0 fp=[1] true=[3] merged=[1, 3]
341.3 fp=[1] true=[3] merged=[1, 3]
341.6 fp=[1] true=[3] merged=[1, 3]
341.9 fp=[1] true=[3] merged=[1, 3]
342.3 fp=[1] true=[3] merged=[1, 3]
342.6 fp=[1] true=[3] merged=[1, 3]
342.9 fp=[1] true=[3] merged=[1, 3]
343.2 fp=[1] true=[3] merged=[1, 3]
343.5 fp=[1] true=[3] merged=[1, 3]
343.8 fp=[1] true=[3] merged=[1, 3]
344.1 fp=[1] true=[3] merged=[1, 3]
344.4 fp=[1] true=[3] merged=[1, 3]
344.8 fp=[1] true=[3] merged=[1, 3]
345.1 fp=[1] true=[3] merged=[1, 3]
345.4 fp=[1] true=[3] merged=[1, 3]
345.7 fp=[1] true=[3] merged=[1, 3]
346.0 fp=[1] true=[3] merged=[1, 3]
346.3 fp=[1] true=[3] merged=[1, 3]
346.6 fp=[1] true=[3] merged=[1, 3]
346.9 fp=[1] true=[3] merged=[1, 3]
347.3 fp=[1] true=[3] merged=[1, 3]
347.6 fp=[1] true=[3] merged=[1, 3]
347.9 fp=[1] true=[3] merged=[1, 3]
348.2 fp=[1] true=[3] merged=[1, 3]
348.5 fp=[1] true=[3] merged=[1, 3]
348.8 fp=[1] true=[3] merged=[1, 3]
349.1 fp=[1] true=[3] merged=[1, 3]
349.4 fp=[1] true=[3] merged=[1, 3]
349.8 fp=[1] true=[3] merged=[1, 3]
350.1 fp=[1] true=[3] merged=[1, 3]
350.4 fp=[1] true=[3] merged=[1, 3]
350.7 fp=[1] true=[3] merged=[1, 3]
351.0 fp=[1] true=[3] merged=[1, 3]
351.3 fp=[1] true=[3] merged=[1, 3]
351.6 fp=[1] true=[3] merged=[1, 3]
351.9 fp=[1] true=[3] merged=[1, 3]
352.2 fp=[1] true=[3] merged=[1, 3]
352.6 fp=[1] true=[3] merged=[1, 3]
352.9 fp=[1] true=[3] merged=[1, 3]
353.2 fp=[1] true=[3] merged=[1, 3]
353.5 fp=[1] true=[3] merged=[1, 3]
353.8 fp=[1] true=[3] merged=[1, 3]
354.1 fp=[1] true=[3] merged=[1, 3]
354.4 fp=[1] true=[3] merged=[1, 3]
354.7 fp=[1] true=[3] merged=[1, 3]
355.0 fp=[1] true=[3] merged=[1, 3]
355.3 fp=[1] true=[3] merged=[1, 3]
355.6 fp=[1] true=[3] merged=[1, 3]
356.0 fp=[1] true=[3] merged=[1, 3]
356.3 fp=[1] true=[3] merged=[1, 3]
356.6 fp=[1] true=[3] merged=[1, 3]
356.9 fp=[1] true=[3] merged=[1, 3]
357.2 fp=[1] true=[3] merged=[1, 3]
357.5 fp=[1] true=[3] merged=[1, 3]
357.8 fp=[1] true=[3] merged=[1, 3]
358.1 fp=[5] true=[3] merged=[3, 5]
358.4 fp=[5] true=[3] merged=[3, 5]
358.7 fp=[5] true=[3] merged=[3, 5]
359.0 fp=[5] true=[3] merged=[3, 5]
359.4 fp=[5] true=[3] merged=[3, 5]
359.7 fp=[5] true=[3] merged=[3, 5]
360.0 fp=[5] true=[3] merged=[3, 5]
360.3 fp=[5] true=[3] merged=[3, 5]
360.6 fp=[5] true=[3] merged=[3, 5]
360.9 fp=[5] true=[3] merged=[3, 5]
361.3 fp=[5] true=[3] merged=[3, 5]
361.6 fp=[5] true=[3] merged=[3, 5]
361.9 fp=[5] true=[3] merged=[3, 5]
362.2 fp=[5] true=[3] merged=[3, 5]
362.5 fp=[5] true=[3] merged=[3, 5]
362.8 fp=[5] true=[3] merged=[3, 5]
363.1 fp=[5] true=[3] merged=[3, 5]
363.4 fp=[5] true=[3] merged=[3, 5]
363.8 fp=[5] true=[3] merged=[3, 5]
364.1 fp=[5] true=[3] merged=[3, 5]
364.4 fp=[5] true=[3] merged=[3, 5]
364.7 fp=[5] true=[3] merged=[3, 5]
365.0 fp=[5] true=[3] merged=[3, 5]
365.3 fp=[5] true=[3] merged=[3, 5]
365.7 fp=[5] true=[3] merged=[3, 5]
366.0 fp=[5] true=[3] merged=[3, 5]
366.3 fp=[5] true=[3] merged=[3, 5]
366.6 fp=[5] true=[3] merged=[3, 5]
366.9 fp=[5] true=[3] merged=[3, 5]
367.2 fp=[5] true=[3] merged=[3, 5]
367.5 fp=[5] true=[3] merged=[3, 5]
367.9 fp=[5] true=[3] merged=[3, 5]
368.2 fp=[5] true=[3] merged=[3, 5]
368.5 fp=[5] true=[3] merged=[3, 5]
368.8 fp=[5] true=[3] merged=[3, 5]
369.1 fp=[5] true=[3] merged=[3, 5]
369.4 fp=[5] true=[3] merged=[3, 5]
369.7 fp=[5] true=[3] merged=[3, 5]
370.0 fp=[5] true=[3] merged=[3, 5]
370.3 fp=[5] true=[3] merged=[3, 5]
370.7 fp=[5] true=[3] merged=[3, 5]
371.0 fp=[5] true=[3] merged=[3, 5]
371.3 fp=[5] true=[3] merged=[3, 5]
371.6 fp=[5] true=[3] merged=[3, 5]
371.9 fp=[5] true=[3] merged=[3, 5]
372.2 fp=[5] true=[3] merged=[3, 5]
372.5 fp=[5] true=[3] merged=[3, 5]
372.9 fp=[5] true=[3] merged=[3, 5]
373.2 fp=[5] true=[3] merged=[3, 5]
373.5 fp=[5] true=[3] merged=[3, 5]
373.8 fp=[5] true=[3] merged=[3, 5]
374.1 fp=[5] true=[3] merged=[3, 5]
374.5 fp=[5] true=[3] merged=[3, 5]
374.8 fp=[5] true=[3] merged=[3, 5]
375.1 fp=[5] true=[3] merged=[3, 5]
375.5 fp=[5] true=[3] merged=[3, 5]
375.8 fp=[5] true=[3] merged=[3, 5]
376.1 fp=[5] true=[3] merged=[3, 5]
376.4 fp=[5] true=[3] merged=[3, 5]
376.7 fp=[5] true=[3] merged=[3, 5]
377.0 fp=[5] true=[3] merged=[3, 5]
377.3 fp=[5] true=[3] merged=[3, 5]
377.7 fp=[5] true=[3] merged=[3, 5]
378.0 fp=[5] true=[3] merged=[3, 5]
378.3 fp=[5] true=[3] merged=[3, 5]
378.6 fp=[5] true=[3] merged=[3, 5]
378.9 fp=[5] true=[3] merged=[3, 5]
379.2 fp=[5] true=[3] merged=[3, 5]
379.5 fp=[5] true=[3] merged=[3, 5]
379.8 fp=[5] true=[3] merged=[3, 5]
380.2 fp=[5] true=[3] merged=[3, 5]
380.5 fp=[5] true=[3] merged=[3, 5]
380.8 fp=[5] true=[3] merged=[3, 5]
381.1 fp=[5] true=[3] merged=[3, 5]
381.4 fp=[5] true=[3] merged=[3, 5]
381.7 fp=[5] true=[3] merged=[3, 5]
382.1 fp=[5] true=[3] merged=[3, 5]
382.4 fp=[5] true=[3] merged=[3, 5]
382.7 fp=[5] true=[3] merged=[3, 5]
383.0 fp=[5] true=[3] merged=[3, 5]
383.3 fp=[5] true=[3] merged=[3, 5]
383.6 fp=[5] true=[3] merged=[3, 5]
383.9 fp=[5] true=[3] merged=[3, 5]
384.2 fp=[5] true=[3] merged=[3, 5]
384.6 fp=[5] true=[3] merged=[3, 5]
384.9 fp=[5] true=[3] merged=[3, 5]
385.2 fp=[5] true=[3] merged=[3, 5]
385.5 fp=[5] true=[3] merged=[3, 5]
385.8 fp=[5] true=[3] merged=[3, 5]
386.1 fp=[5] true=[3] merged=[3, 5]
386.4 fp=[5] true=[3] merged=[3, 5]
386.8 fp=[5] true=[3] merged=[3, 5]
