BIG budget: train=3600 epochs=40 patience=6 width=32
  pilot per-node   lr=3e-04 val-selected test-auc=0.4887 (0.2 min)
  pilot per-node   lr=1e-03 val-selected test-auc=0.4814 (0.3 min)
  pilot deepsets   lr=3e-04 val-selected test-auc=0.3048 (1.0 min)
  pilot deepsets   lr=1e-03 val-selected test-auc=0.3039 (0.5 min)
  pilot relation   lr=3e-04 val-selected test-auc=0.3071 (0.7 min)
  pilot relation   lr=1e-03 val-selected test-auc=0.3331 (0.5 min)
  pilot gru-nodes  lr=3e-04 val-selected test-auc=0.3158 (2.7 min)
  pilot gru-nodes  lr=1e-03 val-selected test-auc=0.3292 (1.4 min)
  pilot attention  lr=3e-04 val-selected test-auc=0.3022 (0.7 min)
  pilot attention  lr=1e-03 val-selected test-auc=0.2882 (0.8 min)
LR {'per-node': 0.0003, 'deepsets': 0.0003, 'relation': 0.001, 'gru-nodes': 0.001, 'attention': 0.0003}
H1 held=F1_level   per-node   seed=0 auc=0.4839 (0.2 min)
H1 held=F1_level   deepsets   seed=0 auc=0.3100 (1.0 min)
H1 held=F1_level   relation   seed=0 auc=0.3420 (0.5 min)
H1 held=F1_level   gru-nodes  seed=0 auc=0.3250 (1.4 min)
H1 held=F1_level   attention  seed=0 auc=0.3032 (0.7 min)
H1 held=F1_level   per-node   seed=1 auc=0.4613 (0.2 min)
H1 held=F1_level   deepsets   seed=1 auc=0.3171 (0.9 min)
H1 held=F1_level   relation   seed=1 auc=0.3107 (0.4 min)
H1 held=F1_level   gru-nodes  seed=1 auc=0.3579 (1.5 min)
H1 held=F1_level   attention  seed=1 auc=0.2869 (0.7 min)
H1 held=F1_level   per-node   seed=2 auc=0.4748 (0.4 min)
H1 held=F1_level   deepsets   seed=2 auc=0.2973 (1.1 min)
H1 held=F1_level   relation   seed=2 auc=0.3424 (0.6 min)
H1 held=F1_level   gru-nodes  seed=2 auc=0.3425 (1.2 min)
H1 held=F1_level   attention  seed=2 auc=0.2763 (0.5 min)
H1 held=F2_decorr  per-node   seed=0 auc=0.3551 (0.5 min)
H1 held=F2_decorr  deepsets   seed=0 auc=1.0000 (1.8 min)
H1 held=F2_decorr  relation   seed=0 auc=1.0000 (0.9 min)
H1 held=F2_decorr  gru-nodes  seed=0 auc=1.0000 (1.2 min)
H1 held=F2_decorr  attention  seed=0 auc=1.0000 (1.2 min)
H1 held=F2_decorr  per-node   seed=1 auc=0.3540 (0.5 min)
H1 held=F2_decorr  deepsets   seed=1 auc=1.0000 (1.8 min)
H1 held=F2_decorr  relation   seed=1 auc=1.0000 (1.1 min)
H1 held=F2_decorr  gru-nodes  seed=1 auc=1.0000 (1.0 min)
H1 held=F2_decorr  attention  seed=1 auc=0.9999 (1.9 min)
H1 held=F2_decorr  per-node   seed=2 auc=0.3078 (0.3 min)
H1 held=F2_decorr  deepsets   seed=2 auc=1.0000 (1.8 min)
H1 held=F2_decorr  relation   seed=2 auc=1.0000 (1.5 min)
H1 held=F2_decorr  gru-nodes  seed=2 auc=1.0000 (1.8 min)
H1 held=F2_decorr  attention  seed=2 auc=1.0000 (1.9 min)
H1 held=F3_lag     per-node   seed=0 auc=0.5121 (0.3 min)
H1 held=F3_lag     deepsets   seed=0 auc=0.9887 (1.8 min)
H1 held=F3_lag     relation   seed=0 auc=0.9975 (1.1 min)
H1 held=F3_lag     gru-nodes  seed=0 auc=0.9972 (2.2 min)
H1 held=F3_lag     attention  seed=0 auc=0.9959 (1.9 min)
H1 held=F3_lag     per-node   seed=1 auc=0.5259 (0.2 min)
H1 held=F3_lag     deepsets   seed=1 auc=0.9926 (1.8 min)
H1 held=F3_lag     relation   seed=1 auc=0.9956 (1.5 min)
H1 held=F3_lag     gru-nodes  seed=1 auc=0.9935 (2.2 min)
H1 held=F3_lag     attention  seed=1 auc=0.9971 (1.7 min)
H1 held=F3_lag     per-node   seed=2 auc=0.5136 (0.3 min)
H1 held=F3_lag     deepsets   seed=2 auc=0.9941 (1.8 min)
H1 held=F3_lag     relation   seed=2 auc=1.0000 (1.1 min)
H1 held=F3_lag     gru-nodes  seed=2 auc=0.9944 (2.3 min)
H1 held=F3_lag     attention  seed=2 auc=0.9925 (1.9 min)
H1 held=F4_partial per-node   seed=0 auc=0.3609 (0.5 min)
H1 held=F4_partial deepsets   seed=0 auc=0.9982 (1.8 min)
H1 held=F4_partial relation   seed=0 auc=0.9996 (0.8 min)
H1 held=F4_partial gru-nodes  seed=0 auc=0.9990 (1.6 min)
H1 held=F4_partial attention  seed=0 auc=0.9987 (1.9 min)
H1 held=F4_partial per-node   seed=1 auc=0.3553 (0.3 min)
H1 held=F4_partial deepsets   seed=1 auc=0.9984 (1.8 min)
H1 held=F4_partial relation   seed=1 auc=0.9983 (0.9 min)
H1 held=F4_partial gru-nodes  seed=1 auc=0.9849 (2.2 min)
H1 held=F4_partial attention  seed=1 auc=0.9983 (1.9 min)
H1 held=F4_partial per-node   seed=2 auc=0.3591 (0.5 min)
H1 held=F4_partial deepsets   seed=2 auc=0.9989 (1.8 min)
H1 held=F4_partial relation   seed=2 auc=0.9998 (1.1 min)
H1 held=F4_partial gru-nodes  seed=2 auc=0.9933 (1.0 min)
H1 held=F4_partial attention  seed=2 auc=0.9919 (2.0 min)
H1 held=F5_burst   per-node   seed=0 auc=0.4655 (0.1 min)
H1 held=F5_burst   deepsets   seed=0 auc=0.9771 (1.8 min)
H1 held=F5_burst   relation   seed=0 auc=0.8098 (1.2 min)
H1 held=F5_burst   gru-nodes  seed=0 auc=0.9283 (0.8 min)
H1 held=F5_burst   attention  seed=0 auc=0.9578 (0.9 min)
H1 held=F5_burst   per-node   seed=1 auc=0.5152 (0.2 min)
H1 held=F5_burst   deepsets   seed=1 auc=0.9756 (0.4 min)
H1 held=F5_burst   relation   seed=1 auc=0.9503 (1.1 min)
H1 held=F5_burst   gru-nodes  seed=1 auc=0.7736 (2.5 min)
H1 held=F5_burst   attention  seed=1 auc=0.9673 (1.3 min)
H1 held=F5_burst   per-node   seed=2 auc=0.4627 (0.6 min)
H1 held=F5_burst   deepsets   seed=2 auc=0.9326 (1.7 min)
H1 held=F5_burst   relation   seed=2 auc=0.7288 (0.9 min)
H1 held=F5_burst   gru-nodes  seed=2 auc=0.7815 (2.4 min)
H1 held=F5_burst   attention  seed=2 auc=0.9622 (1.7 min)
H2 per-node   seed=0 {'3+2': 0.4686, '4+3': 0.5237, '6+5': 0.493} (0.2 min)
H2 deepsets   seed=0 {'3+2': 0.5144, '4+3': 0.5758, '6+5': 0.6177} (1.8 min)
H2 relation   seed=0 {'3+2': 0.505, '4+3': 0.5089, '6+5': 0.5377} (0.5 min)
H2 gru-nodes  seed=0 {'3+2': 0.4778, '4+3': 0.522, '6+5': 0.5049} (0.9 min)
H2 attention  seed=0 {'3+2': 0.4978, '4+3': 0.5204, '6+5': 0.529} (0.3 min)
H2 per-node   seed=1 {'3+2': 0.5063, '4+3': 0.5293, '6+5': 0.5093} (0.2 min)
H2 deepsets   seed=1 {'3+2': 0.5432, '4+3': 0.5913, '6+5': 0.5398} (0.5 min)
H2 relation   seed=1 {'3+2': 0.4722, '4+3': 0.5287, '6+5': 0.5122} (0.4 min)
H2 gru-nodes  seed=1 {'3+2': 0.4959, '4+3': 0.5235, '6+5': 0.5008} (1.0 min)
H2 attention  seed=1 {'3+2': 0.5261, '4+3': 0.5168, '6+5': 0.5471} (0.4 min)
H2 per-node   seed=2 {'3+2': 0.504, '4+3': 0.4978, '6+5': 0.5057} (0.4 min)
H2 deepsets   seed=2 {'3+2': 0.5142, '4+3': 0.5664, '6+5': 0.5853} (0.5 min)
H2 relation   seed=2 {'3+2': 0.5167, '4+3': 0.5125, '6+5': 0.5289} (0.8 min)
H2 gru-nodes  seed=2 {'3+2': 0.5094, '4+3': 0.5082, '6+5': 0.4906} (0.7 min)
H2 attention  seed=2 {'3+2': 0.5068, '4+3': 0.471, '6+5': 0.4866} (0.3 min)
H3 per-node   seed=0 {'N5': 0.486, 'N5-shuf': 0.481, 'N7': 0.457, 'N7-shuf': 0.493, 'N11': 0.457, 'N11-shuf': 0.461, 'N21': 0.432, 'N21-shuf': 0.432} (0.3 min)
H3 deepsets   seed=0 {'N5': 0.952, 'N5-shuf': 0.956, 'N7': 0.949, 'N7-shuf': 0.954, 'N11': 0.958, 'N11-shuf': 0.953, 'N21': 0.954, 'N21-shuf': 0.958} (1.9 min)
H3 relation   seed=0 {'N5': 0.958, 'N5-shuf': 0.959, 'N7': 0.951, 'N7-shuf': 0.958, 'N11': 0.961, 'N11-shuf': 0.961, 'N21': 0.956, 'N21-shuf': 0.958} (1.3 min)
H3 gru-nodes  seed=0 {'N5': 0.938, 'N5-shuf': 0.938, 'N7': 0.94, 'N7-shuf': 0.931, 'N11': 0.925, 'N11-shuf': 0.933, 'N21': 0.93, 'N21-shuf': 0.92} (1.3 min)
H3 attention  seed=0 {'N5': 0.962, 'N5-shuf': 0.954, 'N7': 0.954, 'N7-shuf': 0.963, 'N11': 0.965, 'N11-shuf': 0.958, 'N21': 0.964, 'N21-shuf': 0.965} (1.9 min)
H3 per-node   seed=1 {'N5': 0.507, 'N5-shuf': 0.476, 'N7': 0.464, 'N7-shuf': 0.467, 'N11': 0.413, 'N11-shuf': 0.454, 'N21': 0.395, 'N21-shuf': 0.421} (0.2 min)
H3 deepsets   seed=1 {'N5': 0.948, 'N5-shuf': 0.947, 'N7': 0.948, 'N7-shuf': 0.956, 'N11': 0.964, 'N11-shuf': 0.959, 'N21': 0.957, 'N21-shuf': 0.957} (1.8 min)
H3 relation   seed=1 {'N5': 0.958, 'N5-shuf': 0.96, 'N7': 0.958, 'N7-shuf': 0.959, 'N11': 0.96, 'N11-shuf': 0.963, 'N21': 0.964, 'N21-shuf': 0.961} (1.6 min)
H3 gru-nodes  seed=1 {'N5': 0.939, 'N5-shuf': 0.93, 'N7': 0.935, 'N7-shuf': 0.939, 'N11': 0.929, 'N11-shuf': 0.932, 'N21': 0.922, 'N21-shuf': 0.925} (1.1 min)
H3 attention  seed=1 {'N5': 0.943, 'N5-shuf': 0.947, 'N7': 0.951, 'N7-shuf': 0.952, 'N11': 0.952, 'N11-shuf': 0.96, 'N21': 0.953, 'N21-shuf': 0.959} (1.9 min)
H3 per-node   seed=2 {'N5': 0.491, 'N5-shuf': 0.469, 'N7': 0.48, 'N7-shuf': 0.48, 'N11': 0.458, 'N11-shuf': 0.451, 'N21': 0.408, 'N21-shuf': 0.398} (0.5 min)
H3 deepsets   seed=2 {'N5': 0.964, 'N5-shuf': 0.959, 'N7': 0.957, 'N7-shuf': 0.96, 'N11': 0.948, 'N11-shuf': 0.951, 'N21': 0.864, 'N21-shuf': 0.861} (1.8 min)
H3 relation   seed=2 {'N5': 0.956, 'N5-shuf': 0.947, 'N7': 0.951, 'N7-shuf': 0.959, 'N11': 0.947, 'N11-shuf': 0.947, 'N21': 0.929, 'N21-shuf': 0.927} (0.8 min)
H3 gru-nodes  seed=2 {'N5': 0.933, 'N5-shuf': 0.937, 'N7': 0.939, 'N7-shuf': 0.939, 'N11': 0.93, 'N11-shuf': 0.932, 'N21': 0.926, 'N21-shuf': 0.92} (1.1 min)
H3 attention  seed=2 {'N5': 0.954, 'N5-shuf': 0.948, 'N7': 0.948, 'N7-shuf': 0.96, 'N11': 0.952, 'N11-shuf': 0.956, 'N21': 0.954, 'N21-shuf': 0.953} (1.5 min)
done all
