segments: N=7 18, N=9 2
raw/seed0: train (3553, 7, 60) val (542, 7, 60)  N=9 test (196, 9, 60)
   hand   N9 1.000 (in-domain N7 1.000)
   per-node   N9 1.000 (in-domain N7 1.000)  (0.1 min)
   deepsets   N9 1.000 (in-domain N7 1.000)  (0.2 min)
   relation   N9 1.000 (in-domain N7 1.000)  (0.2 min)
   attention  N9 1.000 (in-domain N7 1.000)  (0.2 min)
raw/seed1: train (3289, 7, 60) val (806, 7, 60)  N=9 test (196, 9, 60)
   hand   N9 1.000 (in-domain N7 1.000)
   per-node   N9 1.000 (in-domain N7 1.000)  (0.1 min)
   deepsets   N9 1.000 (in-domain N7 1.000)  (0.2 min)
   relation   N9 1.000 (in-domain N7 1.000)  (0.2 min)
   attention  N9 1.000 (in-domain N7 1.000)  (0.2 min)
raw/seed2: train (3165, 7, 60) val (930, 7, 60)  N=9 test (196, 9, 60)
   hand   N9 1.000 (in-domain N7 1.000)
   per-node   N9 1.000 (in-domain N7 1.000)  (0.1 min)
   deepsets   N9 1.000 (in-domain N7 1.000)  (0.1 min)
   relation   N9 1.000 (in-domain N7 1.000)  (0.2 min)
   attention  N9 1.000 (in-domain N7 1.000)  (0.2 min)
norm/seed0: train (3553, 7, 60) val (542, 7, 60)  N=9 test (196, 9, 60)
   hand   N9 0.418 (in-domain N7 0.317)
   per-node   N9 0.913 (in-domain N7 0.923)  (0.1 min)
   deepsets   N9 0.908 (in-domain N7 0.919)  (0.3 min)
   relation   N9 0.913 (in-domain N7 0.921)  (0.4 min)
   attention  N9 0.908 (in-domain N7 0.919)  (0.3 min)
norm/seed1: train (3289, 7, 60) val (806, 7, 60)  N=9 test (196, 9, 60)
   hand   N9 0.439 (in-domain N7 0.017)
   per-node   N9 0.913 (in-domain N7 0.066)  (0.1 min)
   deepsets   N9 0.918 (in-domain N7 0.062)  (0.2 min)
   relation   N9 0.903 (in-domain N7 0.066)  (0.2 min)
   attention  N9 0.898 (in-domain N7 0.061)  (0.2 min)
norm/seed2: train (3165, 7, 60) val (930, 7, 60)  N=9 test (196, 9, 60)
   hand   N9 0.418 (in-domain N7 0.183)
   per-node   N9 0.913 (in-domain N7 0.583)  (0.1 min)
   deepsets   N9 0.908 (in-domain N7 0.570)  (0.2 min)
   relation   N9 0.908 (in-domain N7 0.573)  (0.2 min)
   attention  N9 0.898 (in-domain N7 0.580)  (0.2 min)

E-E summary: top-1 at N=9 after training at N=7 only
  raw   hand       N9 1.000 +- 0.000   (N7 in-domain 1.000)
  raw   per-node   N9 1.000 +- 0.000   (N7 in-domain 1.000)
  raw   deepsets   N9 1.000 +- 0.000   (N7 in-domain 1.000)
  raw   relation   N9 1.000 +- 0.000   (N7 in-domain 1.000)
  raw   attention  N9 1.000 +- 0.000   (N7 in-domain 1.000)
  norm  hand       N9 0.425 +- 0.012   (N7 in-domain 0.173)
  norm  per-node   N9 0.913 +- 0.000   (N7 in-domain 0.524)
  norm  deepsets   N9 0.912 +- 0.006   (N7 in-domain 0.517)
  norm  relation   N9 0.908 +- 0.005   (N7 in-domain 0.520)
  norm  attention  N9 0.901 +- 0.006   (N7 in-domain 0.520)
