  pilot per-node   lr=3e-04 val-selected test-auc=0.4625 (0.1 min)
  pilot per-node   lr=1e-03 val-selected test-auc=0.4643 (0.1 min)
  pilot deepsets   lr=3e-04 val-selected test-auc=0.3500 (0.2 min)
  pilot deepsets   lr=1e-03 val-selected test-auc=0.3245 (0.1 min)
  pilot relation   lr=3e-04 val-selected test-auc=0.3479 (0.2 min)
  pilot relation   lr=1e-03 val-selected test-auc=0.3196 (0.1 min)
  pilot gru-nodes  lr=3e-04 val-selected test-auc=0.4890 (0.1 min)
  pilot gru-nodes  lr=1e-03 val-selected test-auc=0.3473 (0.3 min)
  pilot attention  lr=3e-04 val-selected test-auc=0.5414 (0.1 min)
  pilot attention  lr=1e-03 val-selected test-auc=0.3091 (0.2 min)
LR {'per-node': 0.001, 'deepsets': 0.0003, 'relation': 0.0003, 'gru-nodes': 0.0003, 'attention': 0.0003}
H1 held=F1_level   per-node   seed=0 auc=0.4784 (0.1 min)
H1 held=F1_level   deepsets   seed=0 auc=0.3600 (0.2 min)
H1 held=F1_level   relation   seed=0 auc=0.3636 (0.2 min)
H1 held=F1_level   gru-nodes  seed=0 auc=0.4872 (0.1 min)
H1 held=F1_level   attention  seed=0 auc=0.5408 (0.1 min)
H1 held=F1_level   per-node   seed=1 auc=0.4858 (0.0 min)
H1 held=F1_level   deepsets   seed=1 auc=0.3460 (0.2 min)
H1 held=F1_level   relation   seed=1 auc=0.5308 (0.1 min)
H1 held=F1_level   gru-nodes  seed=1 auc=0.5141 (0.1 min)
H1 held=F1_level   attention  seed=1 auc=0.5223 (0.1 min)
H1 held=F1_level   per-node   seed=2 auc=0.4477 (0.1 min)
H1 held=F1_level   deepsets   seed=2 auc=0.3401 (0.2 min)
H1 held=F1_level   relation   seed=2 auc=0.3503 (0.2 min)
H1 held=F1_level   gru-nodes  seed=2 auc=0.5141 (0.1 min)
H1 held=F1_level   attention  seed=2 auc=0.3928 (0.2 min)
H1 held=F2_decorr  per-node   seed=0 auc=0.3347 (0.1 min)
H1 held=F2_decorr  deepsets   seed=0 auc=0.9999 (0.1 min)
H1 held=F2_decorr  relation   seed=0 auc=0.9999 (0.2 min)
H1 held=F2_decorr  gru-nodes  seed=0 auc=0.8765 (0.1 min)
H1 held=F2_decorr  attention  seed=0 auc=0.9971 (0.2 min)
H1 held=F2_decorr  per-node   seed=1 auc=0.3186 (0.1 min)
H1 held=F2_decorr  deepsets   seed=1 auc=1.0000 (0.2 min)
H1 held=F2_decorr  relation   seed=1 auc=0.9128 (0.1 min)
H1 held=F2_decorr  gru-nodes  seed=1 auc=0.9915 (0.2 min)
H1 held=F2_decorr  attention  seed=1 auc=0.9778 (0.1 min)
H1 held=F2_decorr  per-node   seed=2 auc=0.3455 (0.1 min)
H1 held=F2_decorr  deepsets   seed=2 auc=0.9999 (0.2 min)
H1 held=F2_decorr  relation   seed=2 auc=0.9842 (0.1 min)
H1 held=F2_decorr  gru-nodes  seed=2 auc=0.9707 (0.3 min)
H1 held=F2_decorr  attention  seed=2 auc=0.9993 (0.1 min)
H1 held=F3_lag     per-node   seed=0 auc=0.5474 (0.1 min)
H1 held=F3_lag     deepsets   seed=0 auc=0.9987 (0.1 min)
H1 held=F3_lag     relation   seed=0 auc=0.0920 (0.0 min)
H1 held=F3_lag     gru-nodes  seed=0 auc=0.0607 (0.1 min)
H1 held=F3_lag     attention  seed=0 auc=0.1183 (0.1 min)
H1 held=F3_lag     per-node   seed=1 auc=0.4915 (0.0 min)
H1 held=F3_lag     deepsets   seed=1 auc=0.9994 (0.2 min)
H1 held=F3_lag     relation   seed=1 auc=0.1607 (0.0 min)
H1 held=F3_lag     gru-nodes  seed=1 auc=0.1110 (0.1 min)
H1 held=F3_lag     attention  seed=1 auc=0.1860 (0.1 min)
H1 held=F3_lag     per-node   seed=2 auc=0.5238 (0.1 min)
H1 held=F3_lag     deepsets   seed=2 auc=0.9999 (0.2 min)
H1 held=F3_lag     relation   seed=2 auc=0.1250 (0.0 min)
H1 held=F3_lag     gru-nodes  seed=2 auc=0.2372 (0.1 min)
H1 held=F3_lag     attention  seed=2 auc=0.0765 (0.1 min)
H1 held=F4_partial per-node   seed=0 auc=0.3480 (0.1 min)
H1 held=F4_partial deepsets   seed=0 auc=0.9957 (0.1 min)
H1 held=F4_partial relation   seed=0 auc=0.9654 (0.2 min)
H1 held=F4_partial gru-nodes  seed=0 auc=0.8750 (0.3 min)
H1 held=F4_partial attention  seed=0 auc=0.9790 (0.2 min)
H1 held=F4_partial per-node   seed=1 auc=0.3443 (0.1 min)
H1 held=F4_partial deepsets   seed=1 auc=0.9978 (0.2 min)
H1 held=F4_partial relation   seed=1 auc=0.9193 (0.2 min)
H1 held=F4_partial gru-nodes  seed=1 auc=0.9507 (0.1 min)
H1 held=F4_partial attention  seed=1 auc=0.9330 (0.1 min)
H1 held=F4_partial per-node   seed=2 auc=0.3410 (0.1 min)
H1 held=F4_partial deepsets   seed=2 auc=0.9947 (0.1 min)
H1 held=F4_partial relation   seed=2 auc=0.7660 (0.0 min)
H1 held=F4_partial gru-nodes  seed=2 auc=0.8366 (0.1 min)
H1 held=F4_partial attention  seed=2 auc=0.9895 (0.2 min)
H1 held=F5_burst   per-node   seed=0 auc=0.5023 (0.1 min)
H1 held=F5_burst   deepsets   seed=0 auc=0.9650 (0.1 min)
H1 held=F5_burst   relation   seed=0 auc=0.3734 (0.0 min)
H1 held=F5_burst   gru-nodes  seed=0 auc=0.3891 (0.1 min)
H1 held=F5_burst   attention  seed=0 auc=0.3683 (0.1 min)
H1 held=F5_burst   per-node   seed=1 auc=0.4571 (0.0 min)
H1 held=F5_burst   deepsets   seed=1 auc=0.9688 (0.1 min)
H1 held=F5_burst   relation   seed=1 auc=0.5737 (0.0 min)
H1 held=F5_burst   gru-nodes  seed=1 auc=0.3473 (0.1 min)
H1 held=F5_burst   attention  seed=1 auc=0.5263 (0.1 min)
H1 held=F5_burst   per-node   seed=2 auc=0.5289 (0.1 min)
H1 held=F5_burst   deepsets   seed=2 auc=0.9477 (0.1 min)
H1 held=F5_burst   relation   seed=2 auc=0.4995 (0.1 min)
H1 held=F5_burst   gru-nodes  seed=2 auc=0.5554 (0.1 min)
H1 held=F5_burst   attention  seed=2 auc=0.9015 (0.2 min)
H2 per-node   seed=0 {'3+2': 0.5099, '4+3': 0.5075, '6+5': 0.5202} (0.0 min)
H2 deepsets   seed=0 {'3+2': 0.504, '4+3': 0.4955, '6+5': 0.5183} (0.1 min)
H2 relation   seed=0 {'3+2': 0.483, '4+3': 0.4801, '6+5': 0.4739} (0.0 min)
H2 gru-nodes  seed=0 {'3+2': 0.4946, '4+3': 0.4999, '6+5': 0.5041} (0.1 min)
H2 attention  seed=0 {'3+2': 0.503, '4+3': 0.5045, '6+5': 0.4596} (0.1 min)
H2 per-node   seed=1 {'3+2': 0.4918, '4+3': 0.4602, '6+5': 0.4796} (0.0 min)
H2 deepsets   seed=1 {'3+2': 0.505, '4+3': 0.5349, '6+5': 0.5152} (0.1 min)
H2 relation   seed=1 {'3+2': 0.4896, '4+3': 0.4757, '6+5': 0.4751} (0.1 min)
H2 gru-nodes  seed=1 {'3+2': 0.5161, '4+3': 0.5034, '6+5': 0.5242} (0.3 min)
H2 attention  seed=1 {'3+2': 0.4798, '4+3': 0.4895, '6+5': 0.485} (0.1 min)
H2 per-node   seed=2 {'3+2': 0.5087, '4+3': 0.5271, '6+5': 0.5279} (0.1 min)
H2 deepsets   seed=2 {'3+2': 0.503, '4+3': 0.5133, '6+5': 0.5716} (0.2 min)
H2 relation   seed=2 {'3+2': 0.5104, '4+3': 0.488, '6+5': 0.5563} (0.2 min)
H2 gru-nodes  seed=2 {'3+2': 0.4809, '4+3': 0.4881, '6+5': 0.5137} (0.3 min)
H2 attention  seed=2 {'3+2': 0.5143, '4+3': 0.54, '6+5': 0.5459} (0.1 min)
H3 per-node   seed=0 {'N5': 0.446, 'N5-shuf': 0.45, 'N7': 0.416, 'N7-shuf': 0.45, 'N11': 0.417, 'N11-shuf': 0.402, 'N21': 0.352, 'N21-shuf': 0.388} (0.1 min)
H3 deepsets   seed=0 {'N5': 0.923, 'N5-shuf': 0.922, 'N7': 0.93, 'N7-shuf': 0.923, 'N11': 0.917, 'N11-shuf': 0.922, 'N21': 0.905, 'N21-shuf': 0.892} (0.1 min)
H3 relation   seed=0 {'N5': 0.923, 'N5-shuf': 0.931, 'N7': 0.93, 'N7-shuf': 0.926, 'N11': 0.916, 'N11-shuf': 0.917, 'N21': 0.891, 'N21-shuf': 0.88} (0.2 min)
H3 gru-nodes  seed=0 {'N5': 0.586, 'N5-shuf': 0.58, 'N7': 0.608, 'N7-shuf': 0.62, 'N11': 0.647, 'N11-shuf': 0.62, 'N21': 0.656, 'N21-shuf': 0.667} (0.1 min)
H3 attention  seed=0 {'N5': 0.605, 'N5-shuf': 0.63, 'N7': 0.64, 'N7-shuf': 0.642, 'N11': 0.676, 'N11-shuf': 0.643, 'N21': 0.684, 'N21-shuf': 0.689} (0.1 min)
H3 per-node   seed=1 {'N5': 0.473, 'N5-shuf': 0.483, 'N7': 0.462, 'N7-shuf': 0.426, 'N11': 0.459, 'N11-shuf': 0.475, 'N21': 0.401, 'N21-shuf': 0.425} (0.1 min)
H3 deepsets   seed=1 {'N5': 0.928, 'N5-shuf': 0.925, 'N7': 0.928, 'N7-shuf': 0.932, 'N11': 0.917, 'N11-shuf': 0.918, 'N21': 0.881, 'N21-shuf': 0.876} (0.2 min)
H3 relation   seed=1 {'N5': 0.634, 'N5-shuf': 0.622, 'N7': 0.663, 'N7-shuf': 0.655, 'N11': 0.672, 'N11-shuf': 0.664, 'N21': 0.677, 'N21-shuf': 0.703} (0.1 min)
H3 gru-nodes  seed=1 {'N5': 0.582, 'N5-shuf': 0.57, 'N7': 0.624, 'N7-shuf': 0.617, 'N11': 0.669, 'N11-shuf': 0.644, 'N21': 0.702, 'N21-shuf': 0.68} (0.1 min)
H3 attention  seed=1 {'N5': 0.64, 'N5-shuf': 0.616, 'N7': 0.663, 'N7-shuf': 0.654, 'N11': 0.686, 'N11-shuf': 0.673, 'N21': 0.697, 'N21-shuf': 0.71} (0.1 min)
H3 per-node   seed=2 {'N5': 0.485, 'N5-shuf': 0.482, 'N7': 0.451, 'N7-shuf': 0.462, 'N11': 0.432, 'N11-shuf': 0.426, 'N21': 0.425, 'N21-shuf': 0.395} (0.1 min)
H3 deepsets   seed=2 {'N5': 0.927, 'N5-shuf': 0.924, 'N7': 0.937, 'N7-shuf': 0.93, 'N11': 0.932, 'N11-shuf': 0.922, 'N21': 0.904, 'N21-shuf': 0.901} (0.2 min)
H3 relation   seed=2 {'N5': 0.618, 'N5-shuf': 0.615, 'N7': 0.637, 'N7-shuf': 0.661, 'N11': 0.659, 'N11-shuf': 0.651, 'N21': 0.701, 'N21-shuf': 0.699} (0.1 min)
H3 gru-nodes  seed=2 {'N5': 0.634, 'N5-shuf': 0.623, 'N7': 0.617, 'N7-shuf': 0.662, 'N11': 0.672, 'N11-shuf': 0.647, 'N21': 0.691, 'N21-shuf': 0.68} (0.1 min)
H3 attention  seed=2 {'N5': 0.57, 'N5-shuf': 0.559, 'N7': 0.585, 'N7-shuf': 0.592, 'N11': 0.622, 'N11-shuf': 0.613, 'N21': 0.664, 'N21-shuf': 0.675} (0.1 min)
done all
