# start rate=10 seed=5 dur=420 n=7 target=3 events=37
4.1 fp=[2] true=[3] merged=[2, 3]
4.4 fp=[2] true=[3] merged=[2, 3]
4.7 fp=[2] true=[3] merged=[2, 3]
5.0 fp=[2] true=[3] merged=[2, 3]
5.3 fp=[2] true=[3] merged=[2, 3]
5.6 fp=[2] true=[3] merged=[2, 3]
5.9 fp=[2] true=[3] merged=[2, 3]
6.2 fp=[2] true=[3] merged=[2, 3]
6.5 fp=[2] true=[3] merged=[2, 3]
6.9 fp=[2] true=[3] merged=[2, 3]
7.2 fp=[2] true=[3] merged=[2, 3]
7.5 fp=[2] true=[3] merged=[2, 3]
7.8 fp=[2] true=[3] merged=[2, 3]
8.1 fp=[2] true=[3] merged=[2, 3]
8.4 fp=[2] true=[3] merged=[2, 3]
8.7 fp=[2] true=[3] merged=[2, 3]
9.0 fp=[2] true=[3] merged=[2, 3]
9.3 fp=[2] true=[3] merged=[2, 3]
9.6 fp=[2] true=[3] merged=[2, 3]
10.0 fp=[2] true=[3] merged=[2, 3]
10.3 fp=[2] true=[3] merged=[2, 3]
10.6 fp=[2] true=[3] merged=[2, 3]
10.9 fp=[2] true=[3] merged=[2, 3]
11.2 fp=[2] true=[3] merged=[2, 3]
11.5 fp=[2] true=[3] merged=[2, 3]
11.8 fp=[2] true=[3] merged=[2, 3]
12.2 fp=[2] true=[3] merged=[2, 3]
12.5 fp=[2] true=[3] merged=[2, 3]
12.8 fp=[2] true=[3] merged=[2, 3]
13.1 fp=[2] true=[3] merged=[2, 3]
13.4 fp=[2] true=[3] merged=[2, 3]
13.7 fp=[2] true=[3] merged=[2, 3]
14.0 fp=[2] true=[3] merged=[2, 3]
14.3 fp=[2] true=[3] merged=[2, 3]
14.7 fp=[2] true=[3] merged=[2, 3]
15.0 fp=[2] true=[3] merged=[2, 3]
15.3 fp=[2] true=[3] merged=[2, 3]
15.6 fp=[2] true=[3] merged=[2, 3]
15.9 fp=[2] true=[3] merged=[2, 3]
16.2 fp=[2] true=[3] merged=[2, 3]
16.5 fp=[2] true=[3] merged=[2, 3]
16.8 fp=[2] true=[3] merged=[2, 3]
17.2 fp=[2] true=[3] merged=[2, 3]
17.5 fp=[2] true=[3] merged=[2, 3]
17.8 fp=[2] true=[3] merged=[2, 3]
18.1 fp=[2] true=[3] merged=[2, 3]
18.4 fp=[2] true=[3] merged=[2, 3]
18.7 fp=[2] true=[3] merged=[2, 3]
19.1 fp=[2] true=[3] merged=[2, 3]
19.4 fp=[2] true=[3] merged=[2, 3]
19.7 fp=[2] true=[3] merged=[2, 3]
20.0 fp=[2] true=[3] merged=[2, 3]
20.3 fp=[2] true=[3] merged=[2, 3]
20.6 fp=[2] true=[3] merged=[2, 3]
21.0 fp=[2] true=[3] merged=[2, 3]
21.3 fp=[2] true=[3] merged=[2, 3]
21.6 fp=[2] true=[3] merged=[2, 3]
21.9 fp=[2] true=[3] merged=[2, 3]
22.2 fp=[2] true=[3] merged=[2, 3]
22.5 fp=[2] true=[3] merged=[2, 3]
22.8 fp=[2] true=[3] merged=[2, 3]
23.1 fp=[2] true=[3] merged=[2, 3]
23.4 fp=[2] true=[3] merged=[2, 3]
23.8 fp=[2] true=[3] merged=[2, 3]
27.2 fp=[2] true=[3] merged=[2, 3]
27.5 fp=[2] true=[3] merged=[2, 3]
27.8 fp=[2] true=[3] merged=[2, 3]
28.1 fp=[2] true=[3] merged=[2, 3]
28.4 fp=[2] true=[3] merged=[2, 3]
28.8 fp=[2] true=[3] merged=[2, 3]
29.1 fp=[2] true=[3] merged=[2, 3]
29.4 fp=[2] true=[3] merged=[2, 3]
29.7 fp=[2] true=[3] merged=[2, 3]
30.0 fp=[2] true=[3] merged=[2, 3]
30.4 fp=[2] true=[3] merged=[2, 3]
30.7 fp=[2] true=[3] merged=[2, 3]
31.0 fp=[2] true=[3] merged=[2, 3]
31.3 fp=[2] true=[3] merged=[2, 3]
31.6 fp=[2] true=[3] merged=[2, 3]
31.9 fp=[2] true=[3] merged=[2, 3]
32.2 fp=[2] true=[3] merged=[2, 3]
32.5 fp=[2] true=[3] merged=[2, 3]
32.8 fp=[2] true=[3] merged=[2, 3]
33.1 fp=[2] true=[3] merged=[2, 3]
33.5 fp=[2] true=[3] merged=[2, 3]
33.8 fp=[2] true=[3] merged=[2, 3]
34.1 fp=[2] true=[3] merged=[2, 3]
34.4 fp=[2] true=[3] merged=[2, 3]
34.7 fp=[2] true=[3] merged=[2, 3]
35.0 fp=[2] true=[3] merged=[2, 3]
35.3 fp=[2] true=[3] merged=[2, 3]
35.6 fp=[2] true=[3] merged=[2, 3]
35.9 fp=[2] true=[3] merged=[2, 3]
36.3 fp=[2] true=[3] merged=[2, 3]
36.6 fp=[2] true=[3] merged=[2, 3]
36.9 fp=[2] true=[3] merged=[2, 3]
37.2 fp=[2] true=[3] merged=[2, 3]
37.5 fp=[2] true=[3] merged=[2, 3]
37.8 fp=[2] true=[3] merged=[2, 3]
38.1 fp=[1] true=[3] merged=[1, 3]
38.4 fp=[1] true=[3] merged=[1, 3]
38.8 fp=[1] true=[3] merged=[1, 3]
39.1 fp=[1] true=[3] merged=[1, 3]
39.4 fp=[1] true=[3] merged=[1, 3]
39.7 fp=[1] true=[3] merged=[1, 3]
40.0 fp=[1] true=[3] merged=[1, 3]
40.3 fp=[1] true=[3] merged=[1, 3]
40.6 fp=[1] true=[3] merged=[1, 3]
40.9 fp=[1] true=[3] merged=[1, 3]
41.3 fp=[1] true=[3] merged=[1, 3]
41.6 fp=[1] true=[3] merged=[1, 3]
41.9 fp=[1] true=[3] merged=[1, 3]
42.2 fp=[1] true=[3] merged=[1, 3]
42.5 fp=[1] true=[3] merged=[1, 3]
42.8 fp=[1] true=[3] merged=[1, 3]
43.1 fp=[1] true=[3] merged=[1, 3]
43.4 fp=[1] true=[3] merged=[1, 3]
43.8 fp=[1] true=[3] merged=[1, 3]
44.1 fp=[1] true=[3] merged=[1, 3]
44.4 fp=[1] true=[3] merged=[1, 3]
44.7 fp=[1] true=[3] merged=[1, 3]
45.0 fp=[1] true=[3] merged=[1, 3]
45.3 fp=[1] true=[3] merged=[1, 3]
45.6 fp=[1] true=[3] merged=[1, 3]
46.0 fp=[1] true=[3] merged=[1, 3]
46.3 fp=[1] true=[3] merged=[1, 3]
46.6 fp=[1] true=[3] merged=[1, 3]
46.9 fp=[1] true=[3] merged=[1, 3]
47.2 fp=[1] true=[3] merged=[1, 3]
47.6 fp=[1] true=[3] merged=[1, 3]
47.9 fp=[1] true=[3] merged=[1, 3]
48.2 fp=[1] true=[3] merged=[1, 3]
48.5 fp=[1] true=[3] merged=[1, 3]
48.8 fp=[1] true=[3] merged=[1, 3]
49.1 fp=[1] true=[3] merged=[1, 3]
49.5 fp=[1] true=[3] merged=[1, 3]
49.8 fp=[1] true=[3] merged=[1, 3]
50.1 fp=[1] true=[3] merged=[1, 3]
50.4 fp=[1] true=[3] merged=[1, 3]
50.7 fp=[1] true=[3] merged=[1, 3]
51.0 fp=[1] true=[3] merged=[1, 3]
51.3 fp=[1] true=[3] merged=[1, 3]
51.6 fp=[1] true=[3] merged=[1, 3]
52.0 fp=[1] true=[3] merged=[1, 3]
52.3 fp=[1] true=[3] merged=[1, 3]
52.6 fp=[1] true=[3] merged=[1, 3]
52.9 fp=[1] true=[3] merged=[1, 3]
53.2 fp=[1] true=[3] merged=[1, 3]
53.5 fp=[1] true=[3] merged=[1, 3]
53.8 fp=[1] true=[3] merged=[1, 3]
54.1 fp=[1] true=[3] merged=[1, 3]
54.4 fp=[1] true=[3] merged=[1, 3]
54.8 fp=[1] true=[3] merged=[1, 3]
55.1 fp=[1] true=[3] merged=[1, 3]
55.4 fp=[1] true=[3] merged=[1, 3]
55.7 fp=[1] true=[3] merged=[1, 3]
56.0 fp=[1] true=[3] merged=[1, 3]
56.3 fp=[1] true=[3] merged=[1, 3]
56.6 fp=[1] true=[3] merged=[1, 3]
56.9 fp=[1] true=[3] merged=[1, 3]
57.2 fp=[1] true=[3] merged=[1, 3]
57.6 fp=[1] true=[3] merged=[1, 3]
57.9 fp=[1] true=[3] merged=[1, 3]
58.2 fp=[1] true=[3] merged=[1, 3]
58.5 fp=[1] true=[3] merged=[1, 3]
58.8 fp=[1] true=[3] merged=[1, 3]
59.1 fp=[1] true=[3] merged=[1, 3]
59.4 fp=[1] true=[3] merged=[1, 3]
59.7 fp=[1] true=[3] merged=[1, 3]
60.1 fp=[1] true=[3] merged=[1, 3]
60.4 fp=[1] true=[3] merged=[1, 3]
60.7 fp=[1] true=[3] merged=[1, 3]
61.0 fp=[1] true=[3] merged=[1, 3]
61.3 fp=[1] true=[3] merged=[1, 3]
61.6 fp=[1] true=[3] merged=[1, 3]
61.9 fp=[1] true=[3] merged=[1, 3]
62.2 fp=[1] true=[3] merged=[1, 3]
62.6 fp=[1] true=[3] merged=[1, 3]
62.9 fp=[1] true=[3] merged=[1, 3]
63.2 fp=[1] true=[3] merged=[1, 3]
63.5 fp=[1] true=[3] merged=[1, 3]
63.8 fp=[1] true=[3] merged=[1, 3]
64.1 fp=[1] true=[3] merged=[1, 3]
64.4 fp=[1] true=[3] merged=[1, 3]
64.7 fp=[1] true=[3] merged=[1, 3]
65.1 fp=[1] true=[3] merged=[1, 3]
65.4 fp=[1] true=[3] merged=[1, 3]
65.7 fp=[1] true=[3] merged=[1, 3]
66.0 fp=[1] true=[3] merged=[1, 3]
66.3 fp=[1] true=[3] merged=[1, 3]
66.6 fp=[1] true=[3] merged=[1, 3]
67.0 fp=[1] true=[3] merged=[1, 3]
81.1 fp=[2] true=[3] merged=[2, 3]
81.4 fp=[2] true=[3] merged=[2, 3]
81.7 fp=[2] true=[3] merged=[2, 3]
82.0 fp=[2] true=[3] merged=[2, 3]
82.3 fp=[2] true=[3] merged=[2, 3]
82.7 fp=[2] true=[3] merged=[2, 3]
83.0 fp=[2] true=[3] merged=[2, 3]
83.3 fp=[2] true=[3] merged=[2, 3]
83.6 fp=[2] true=[3] merged=[2, 3]
83.9 fp=[2] true=[3] merged=[2, 3]
84.2 fp=[2] true=[3] merged=[2, 3]
84.5 fp=[2] true=[3] merged=[2, 3]
84.8 fp=[2] true=[3] merged=[2, 3]
85.2 fp=[2] true=[3] merged=[2, 3]
85.5 fp=[2] true=[3] merged=[2, 3]
85.8 fp=[2] true=[3] merged=[2, 3]
86.1 fp=[2] true=[3] merged=[2, 3]
86.4 fp=[2] true=[3] merged=[2, 3]
86.7 fp=[2] true=[3] merged=[2, 3]
87.0 fp=[2] true=[3] merged=[2, 3]
87.3 fp=[2] true=[3] merged=[2, 3]
87.6 fp=[2] true=[3] merged=[2, 3]
88.0 fp=[2] true=[3] merged=[2, 3]
88.3 fp=[2] true=[3] merged=[2, 3]
88.6 fp=[2] true=[3] merged=[2, 3]
88.9 fp=[2] true=[3] merged=[2, 3]
89.2 fp=[2] true=[3] merged=[2, 3]
89.6 fp=[2] true=[3] merged=[2, 3]
89.9 fp=[2] true=[3] merged=[2, 3]
90.2 fp=[2] true=[3] merged=[2, 3]
90.5 fp=[2] true=[3] merged=[2, 3]
90.8 fp=[2] true=[3] merged=[2, 3]
91.1 fp=[2] true=[3] merged=[2, 3]
91.4 fp=[2] true=[3] merged=[2, 3]
91.7 fp=[2] true=[3] merged=[2, 3]
92.1 fp=[2] true=[3] merged=[2, 3]
92.4 fp=[2] true=[3] merged=[2, 3]
92.7 fp=[2] true=[3] merged=[2, 3]
93.0 fp=[2] true=[3] merged=[2, 3]
93.3 fp=[2] true=[3] merged=[2, 3]
93.7 fp=[2] true=[3] merged=[2, 3]
94.0 fp=[2] true=[3] merged=[2, 3]
94.3 fp=[1] true=[3] merged=[1, 3]
94.6 fp=[1] true=[3] merged=[1, 3]
94.9 fp=[1] true=[3] merged=[1, 3]
95.2 fp=[1] true=[3] merged=[1, 3]
95.5 fp=[1] true=[3] merged=[1, 3]
95.8 fp=[1] true=[3] merged=[1, 3]
96.1 fp=[1] true=[3] merged=[1, 3]
96.5 fp=[1] true=[3] merged=[1, 3]
96.8 fp=[1] true=[3] merged=[1, 3]
97.1 fp=[1] true=[3] merged=[1, 3]
97.4 fp=[1] true=[3] merged=[1, 3]
97.7 fp=[1] true=[3] merged=[1, 3]
98.0 fp=[1] true=[3] merged=[1, 3]
98.3 fp=[1] true=[3] merged=[1, 3]
98.6 fp=[1] true=[3] merged=[1, 3]
99.0 fp=[1] true=[3] merged=[1, 3]
99.3 fp=[1] true=[3] merged=[1, 3]
99.6 fp=[1] true=[3] merged=[1, 3]
99.9 fp=[1] true=[3] merged=[1, 3]
100.2 fp=[1] true=[3] merged=[1, 3]
100.5 fp=[1] true=[3] merged=[1, 3]
100.8 fp=[1] true=[3] merged=[1, 3]
101.1 fp=[1] true=[3] merged=[1, 3]
101.5 fp=[1] true=[3] merged=[1, 3]
101.8 fp=[1] true=[3] merged=[1, 3]
102.1 fp=[1] true=[3] merged=[1, 3]
102.4 fp=[1] true=[3] merged=[1, 3]
102.7 fp=[1] true=[3] merged=[1, 3]
103.0 fp=[1] true=[3] merged=[1, 3]
103.3 fp=[1] true=[3] merged=[1, 3]
103.6 fp=[1] true=[3] merged=[1, 3]
103.9 fp=[1] true=[3] merged=[1, 3]
104.3 fp=[1] true=[3] merged=[1, 3]
104.6 fp=[1] true=[3] merged=[1, 3]
104.9 fp=[1] true=[3] merged=[1, 3]
105.2 fp=[1] true=[3] merged=[1, 3]
105.5 fp=[1] true=[3] merged=[1, 3]
105.8 fp=[1] true=[3] merged=[1, 3]
106.1 fp=[1] true=[3] merged=[1, 3]
106.4 fp=[1] true=[3] merged=[1, 3]
106.7 fp=[1] true=[3] merged=[1, 3]
107.1 fp=[1] true=[3] merged=[1, 3]
107.4 fp=[1] true=[3] merged=[1, 3]
107.7 fp=[1] true=[3] merged=[1, 3]
108.0 fp=[1] true=[3] merged=[1, 3]
108.3 fp=[1] true=[3] merged=[1, 3]
108.6 fp=[1] true=[3] merged=[1, 3]
108.9 fp=[1] true=[3] merged=[1, 3]
109.2 fp=[1] true=[3] merged=[1, 3]
109.5 fp=[1] true=[3] merged=[1, 3]
109.9 fp=[1] true=[3] merged=[1, 3]
110.2 fp=[1] true=[3] merged=[1, 3]
110.5 fp=[1] true=[3] merged=[1, 3]
110.8 fp=[1] true=[3] merged=[1, 3]
111.1 fp=[1] true=[3] merged=[1, 3]
111.4 fp=[1] true=[3] merged=[1, 3]
111.7 fp=[1] true=[3] merged=[1, 3]
112.0 fp=[1] true=[3] merged=[1, 3]
112.4 fp=[1] true=[3] merged=[1, 3]
112.7 fp=[1] true=[3] merged=[1, 3]
113.0 fp=[1] true=[3] merged=[1, 3]
113.3 fp=[1] true=[3] merged=[1, 3]
113.6 fp=[1] true=[3] merged=[1, 3]
113.9 fp=[1] true=[3] merged=[1, 3]
114.2 fp=[5] true=[3] merged=[3, 5]
114.5 fp=[5] true=[3] merged=[3, 5]
114.8 fp=[5] true=[3] merged=[3, 5]
115.2 fp=[5] true=[3] merged=[3, 5]
115.5 fp=[5] true=[3] merged=[3, 5]
115.8 fp=[5] true=[3] merged=[3, 5]
116.1 fp=[5] true=[3] merged=[3, 5]
116.4 fp=[5] true=[3] merged=[3, 5]
116.7 fp=[5] true=[3] merged=[3, 5]
117.0 fp=[5] true=[3] merged=[3, 5]
117.4 fp=[5] true=[3] merged=[3, 5]
117.7 fp=[5] true=[3] merged=[3, 5]
118.0 fp=[5] true=[3] merged=[3, 5]
138.1 fp=[4] true=[3] merged=[3, 4]
138.4 fp=[4] true=[3] merged=[3, 4]
138.7 fp=[4] true=[3] merged=[3, 4]
139.0 fp=[4] true=[3] merged=[3, 4]
139.3 fp=[4] true=[3] merged=[3, 4]
139.7 fp=[4] true=[3] merged=[3, 4]
140.0 fp=[4] true=[3] merged=[3, 4]
140.3 fp=[4] true=[3] merged=[3, 4]
140.6 fp=[4] true=[3] merged=[3, 4]
140.9 fp=[4] true=[3] merged=[3, 4]
141.3 fp=[4] true=[3] merged=[3, 4]
141.6 fp=[4] true=[3] merged=[3, 4]
141.9 fp=[4] true=[3] merged=[3, 4]
142.2 fp=[4] true=[3] merged=[3, 4]
142.5 fp=[4] true=[3] merged=[3, 4]
142.8 fp=[4] true=[3] merged=[3, 4]
143.1 fp=[4] true=[3] merged=[3, 4]
143.5 fp=[4] true=[3] merged=[3, 4]
143.8 fp=[4] true=[3] merged=[3, 4]
144.1 fp=[4] true=[3] merged=[3, 4]
144.4 fp=[4] true=[3] merged=[3, 4]
144.7 fp=[4] true=[3] merged=[3, 4]
145.0 fp=[4] true=[3] merged=[3, 4]
145.4 fp=[4] true=[3] merged=[3, 4]
145.7 fp=[4] true=[3] merged=[3, 4]
146.0 fp=[4] true=[3] merged=[3, 4]
146.3 fp=[4] true=[3] merged=[3, 4]
146.6 fp=[4] true=[3] merged=[3, 4]
146.9 fp=[4] true=[3] merged=[3, 4]
147.2 fp=[4] true=[3] merged=[3, 4]
147.5 fp=[4] true=[3] merged=[3, 4]
147.9 fp=[4] true=[3] merged=[3, 4]
148.2 fp=[4] true=[3] merged=[3, 4]
148.5 fp=[4] true=[3] merged=[3, 4]
148.8 fp=[4] true=[3] merged=[3, 4]
149.1 fp=[2] true=[3] merged=[2, 3]
149.4 fp=[2] true=[3] merged=[2, 3]
149.7 fp=[2] true=[3] merged=[2, 3]
150.1 fp=[2] true=[3] merged=[2, 3]
150.4 fp=[2] true=[3] merged=[2, 3]
150.7 fp=[2] true=[3] merged=[2, 3]
151.0 fp=[2] true=[3] merged=[2, 3]
151.3 fp=[2] true=[3] merged=[2, 3]
151.6 fp=[2] true=[3] merged=[2, 3]
151.9 fp=[2] true=[3] merged=[2, 3]
152.2 fp=[2] true=[3] merged=[2, 3]
152.6 fp=[2] true=[3] merged=[2, 3]
152.9 fp=[2] true=[3] merged=[2, 3]
153.2 fp=[2] true=[3] merged=[2, 3]
153.5 fp=[2] true=[3] merged=[2, 3]
153.8 fp=[2] true=[3] merged=[2, 3]
154.1 fp=[2] true=[3] merged=[2, 3]
154.4 fp=[2] true=[3] merged=[2, 3]
154.8 fp=[2] true=[3] merged=[2, 3]
155.1 fp=[2] true=[3] merged=[2, 3]
155.4 fp=[2] true=[3] merged=[2, 3]
155.7 fp=[2] true=[3] merged=[2, 3]
156.0 fp=[2] true=[3] merged=[2, 3]
156.3 fp=[2] true=[3] merged=[2, 3]
156.6 fp=[2] true=[3] merged=[2, 3]
156.9 fp=[2] true=[3] merged=[2, 3]
157.3 fp=[2] true=[3] merged=[2, 3]
157.6 fp=[2] true=[3] merged=[2, 3]
157.9 fp=[2] true=[3] merged=[2, 3]
158.2 fp=[2] true=[3] merged=[2, 3]
158.5 fp=[2] true=[3] merged=[2, 3]
158.8 fp=[2] true=[3] merged=[2, 3]
159.1 fp=[2] true=[3] merged=[2, 3]
159.4 fp=[2] true=[3] merged=[2, 3]
159.8 fp=[2] true=[3] merged=[2, 3]
160.1 fp=[2] true=[3] merged=[2, 3]
160.4 fp=[2] true=[3] merged=[2, 3]
160.7 fp=[2] true=[3] merged=[2, 3]
161.0 fp=[2] true=[3] merged=[2, 3]
161.3 fp=[2] true=[3] merged=[2, 3]
161.7 fp=[2] true=[3] merged=[2, 3]
162.0 fp=[2] true=[3] merged=[2, 3]
162.3 fp=[2] true=[3] merged=[2, 3]
162.6 fp=[2] true=[3] merged=[2, 3]
162.9 fp=[2] true=[3] merged=[2, 3]
163.2 fp=[2] true=[3] merged=[2, 3]
163.5 fp=[2] true=[3] merged=[2, 3]
163.8 fp=[2] true=[3] merged=[2, 3]
164.1 fp=[2] true=[3] merged=[2, 3]
164.5 fp=[2] true=[3] merged=[2, 3]
164.8 fp=[2] true=[3] merged=[2, 3]
165.1 fp=[2] true=[3] merged=[2, 3]
165.4 fp=[2] true=[3] merged=[2, 3]
165.7 fp=[2] true=[3] merged=[2, 3]
166.0 fp=[2] true=[3] merged=[2, 3]
166.3 fp=[2] true=[3] merged=[2, 3]
166.6 fp=[2] true=[3] merged=[2, 3]
167.0 fp=[2] true=[3] merged=[2, 3]
167.3 fp=[2] true=[3] merged=[2, 3]
167.6 fp=[2] true=[3] merged=[2, 3]
167.9 fp=[2] true=[3] merged=[2, 3]
168.2 fp=[2] true=[3] merged=[2, 3]
168.5 fp=[2] true=[3] merged=[2, 3]
168.8 fp=[2] true=[3] merged=[2, 3]
169.1 fp=[4] true=[3] merged=[3, 4]
169.4 fp=[4] true=[3] merged=[3, 4]
169.8 fp=[4] true=[3] merged=[3, 4]
170.1 fp=[4] true=[3] merged=[3, 4]
170.4 fp=[4] true=[3] merged=[3, 4]
170.7 fp=[4] true=[3] merged=[3, 4]
171.0 fp=[4] true=[3] merged=[3, 4]
171.4 fp=[4] true=[3] merged=[3, 4]
171.7 fp=[4] true=[3] merged=[3, 4]
172.0 fp=[4] true=[3] merged=[3, 4]
172.3 fp=[4] true=[3] merged=[3, 4]
172.6 fp=[4] true=[3] merged=[3, 4]
172.9 fp=[4] true=[3] merged=[3, 4]
173.2 fp=[4] true=[3] merged=[3, 4]
173.5 fp=[4] true=[3] merged=[3, 4]
173.9 fp=[4] true=[3] merged=[3, 4]
174.2 fp=[4] true=[3] merged=[3, 4]
174.5 fp=[4] true=[3] merged=[3, 4]
174.8 fp=[4] true=[3] merged=[3, 4]
175.1 fp=[4] true=[3] merged=[3, 4]
175.4 fp=[4] true=[3] merged=[3, 4]
175.7 fp=[4] true=[3] merged=[3, 4]
176.0 fp=[4] true=[3] merged=[3, 4]
176.4 fp=[4] true=[3] merged=[3, 4]
176.7 fp=[4] true=[3] merged=[3, 4]
177.0 fp=[4] true=[3] merged=[3, 4]
177.3 fp=[4] true=[3] merged=[3, 4]
177.7 fp=[4] true=[3] merged=[3, 4]
178.0 fp=[4] true=[3] merged=[3, 4]
178.3 fp=[4] true=[3] merged=[3, 4]
178.6 fp=[4] true=[3] merged=[3, 4]
178.9 fp=[4] true=[3] merged=[3, 4]
179.2 fp=[4] true=[3] merged=[3, 4]
179.5 fp=[4] true=[3] merged=[3, 4]
179.9 fp=[4] true=[3] merged=[3, 4]
180.2 fp=[1] true=[3] merged=[1, 3]
180.5 fp=[1] true=[3] merged=[1, 3]
180.8 fp=[1] true=[3] merged=[1, 3]
181.1 fp=[1] true=[3] merged=[1, 3]
181.4 fp=[1] true=[3] merged=[1, 3]
181.8 fp=[1] true=[3] merged=[1, 3]
182.1 fp=[1] true=[3] merged=[1, 3]
182.4 fp=[1] true=[3] merged=[1, 3]
182.7 fp=[1] true=[3] merged=[1, 3]
183.0 fp=[1] true=[3] merged=[1, 3]
183.3 fp=[1] true=[3] merged=[1, 3]
183.6 fp=[1] true=[3] merged=[1, 3]
183.9 fp=[1] true=[3] merged=[1, 3]
184.3 fp=[1] true=[3] merged=[1, 3]
184.6 fp=[1] true=[3] merged=[1, 3]
184.9 fp=[1] true=[3] merged=[1, 3]
185.2 fp=[1] true=[3] merged=[1, 3]
185.5 fp=[1] true=[3] merged=[1, 3]
185.8 fp=[1] true=[3] merged=[1, 3]
186.1 fp=[1] true=[3] merged=[1, 3]
186.5 fp=[1] true=[3] merged=[1, 3]
186.8 fp=[1] true=[3] merged=[1, 3]
187.1 fp=[1] true=[3] merged=[1, 3]
187.4 fp=[1] true=[3] merged=[1, 3]
187.7 fp=[1] true=[3] merged=[1, 3]
188.0 fp=[1] true=[3] merged=[1, 3]
188.3 fp=[1] true=[3] merged=[1, 3]
188.6 fp=[1] true=[3] merged=[1, 3]
189.0 fp=[1] true=[3] merged=[1, 3]
189.3 fp=[1] true=[3] merged=[1, 3]
189.6 fp=[1] true=[3] merged=[1, 3]
189.9 fp=[1] true=[3] merged=[1, 3]
190.2 fp=[1] true=[3] merged=[1, 3]
190.6 fp=[1] true=[3] merged=[1, 3]
190.9 fp=[1] true=[3] merged=[1, 3]
191.2 fp=[1] true=[3] merged=[1, 3]
191.5 fp=[1] true=[3] merged=[1, 3]
191.8 fp=[1] true=[3] merged=[1, 3]
192.1 fp=[1] true=[3] merged=[1, 3]
192.4 fp=[1] true=[3] merged=[1, 3]
192.7 fp=[1] true=[3] merged=[1, 3]
193.0 fp=[1] true=[3] merged=[1, 3]
193.4 fp=[1] true=[3] merged=[1, 3]
193.7 fp=[1] true=[3] merged=[1, 3]
194.0 fp=[1] true=[3] merged=[1, 3]
194.3 fp=[1] true=[3] merged=[1, 3]
194.6 fp=[1] true=[3] merged=[1, 3]
194.9 fp=[1] true=[3] merged=[1, 3]
195.2 fp=[1] true=[3] merged=[1, 3]
195.5 fp=[1] true=[3] merged=[1, 3]
195.9 fp=[1] true=[3] merged=[1, 3]
196.2 fp=[1] true=[3] merged=[1, 3]
196.5 fp=[1] true=[3] merged=[1, 3]
196.8 fp=[1] true=[3] merged=[1, 3]
197.1 fp=[1] true=[3] merged=[1, 3]
197.4 fp=[1] true=[3] merged=[1, 3]
197.8 fp=[1] true=[3] merged=[1, 3]
198.1 fp=[1] true=[3] merged=[1, 3]
198.4 fp=[1] true=[3] merged=[1, 3]
198.7 fp=[1] true=[3] merged=[1, 3]
199.0 fp=[1] true=[3] merged=[1, 3]
199.3 fp=[1] true=[3] merged=[1, 3]
199.6 fp=[1] true=[3] merged=[1, 3]
199.9 fp=[1] true=[3] merged=[1, 3]
200.2 fp=[5] true=[3] merged=[3, 5]
200.5 fp=[5] true=[3] merged=[3, 5]
200.9 fp=[5] true=[3] merged=[3, 5]
201.2 fp=[5] true=[3] merged=[3, 5]
201.5 fp=[5] true=[3] merged=[3, 5]
201.8 fp=[5] true=[3] merged=[3, 5]
202.1 fp=[5] true=[3] merged=[3, 5]
202.4 fp=[5] true=[3] merged=[3, 5]
202.7 fp=[5] true=[3] merged=[3, 5]
203.0 fp=[5] true=[3] merged=[3, 5]
203.4 fp=[5] true=[3] merged=[3, 5]
203.7 fp=[5] true=[3] merged=[3, 5]
204.0 fp=[5] true=[3] merged=[3, 5]
204.3 fp=[5] true=[3] merged=[3, 5]
204.6 fp=[5] true=[3] merged=[3, 5]
204.9 fp=[5] true=[3] merged=[3, 5]
205.2 fp=[5] true=[3] merged=[3, 5]
205.5 fp=[5] true=[3] merged=[3, 5]
205.8 fp=[5] true=[3] merged=[3, 5]
206.1 fp=[5] true=[3] merged=[3, 5]
206.4 fp=[5] true=[3] merged=[3, 5]
206.8 fp=[5] true=[3] merged=[3, 5]
207.1 fp=[5] true=[3] merged=[3, 5]
207.4 fp=[5] true=[3] merged=[3, 5]
207.7 fp=[5] true=[3] merged=[3, 5]
208.0 fp=[5] true=[3] merged=[3, 5]
208.3 fp=[5] true=[3] merged=[3, 5]
208.6 fp=[5] true=[3] merged=[3, 5]
208.9 fp=[5] true=[3] merged=[3, 5]
209.2 fp=[5] true=[3] merged=[3, 5]
209.5 fp=[5] true=[3] merged=[3, 5]
209.9 fp=[5] true=[3] merged=[3, 5]
210.2 fp=[5] true=[3] merged=[3, 5]
210.5 fp=[5] true=[3] merged=[3, 5]
210.8 fp=[5] true=[3] merged=[3, 5]
211.1 fp=[5] true=[3] merged=[3, 5]
211.4 fp=[5] true=[3] merged=[3, 5]
211.7 fp=[5] true=[3] merged=[3, 5]
212.0 fp=[5] true=[3] merged=[3, 5]
212.4 fp=[5] true=[3] merged=[3, 5]
212.7 fp=[5] true=[3] merged=[3, 5]
213.0 fp=[5] true=[3] merged=[3, 5]
213.3 fp=[5] true=[3] merged=[3, 5]
213.6 fp=[5] true=[3] merged=[3, 5]
213.9 fp=[5] true=[3] merged=[3, 5]
214.2 fp=[5] true=[3] merged=[3, 5]
214.6 fp=[5] true=[3] merged=[3, 5]
214.9 fp=[5] true=[3] merged=[3, 5]
215.2 fp=[4] true=[3] merged=[3, 4]
215.5 fp=[4] true=[3] merged=[3, 4]
215.8 fp=[4] true=[3] merged=[3, 4]
216.1 fp=[4] true=[3] merged=[3, 4]
216.4 fp=[4] true=[3] merged=[3, 4]
216.7 fp=[4] true=[3] merged=[3, 4]
217.0 fp=[4] true=[3] merged=[3, 4]
217.4 fp=[4] true=[3] merged=[3, 4]
217.7 fp=[4] true=[3] merged=[3, 4]
218.0 fp=[4] true=[3] merged=[3, 4]
218.3 fp=[4] true=[3] merged=[3, 4]
218.6 fp=[4] true=[3] merged=[3, 4]
218.9 fp=[4] true=[3] merged=[3, 4]
219.3 fp=[4] true=[3] merged=[3, 4]
219.6 fp=[4] true=[3] merged=[3, 4]
219.9 fp=[4] true=[3] merged=[3, 4]
220.2 fp=[4] true=[3] merged=[3, 4]
220.6 fp=[4] true=[3] merged=[3, 4]
220.9 fp=[4] true=[3] merged=[3, 4]
221.2 fp=[4] true=[3] merged=[3, 4]
221.5 fp=[4] true=[3] merged=[3, 4]
221.8 fp=[4] true=[3] merged=[3, 4]
222.1 fp=[4] true=[3] merged=[3, 4]
222.4 fp=[4] true=[3] merged=[3, 4]
222.8 fp=[4] true=[3] merged=[3, 4]
223.1 fp=[4] true=[3] merged=[3, 4]
223.4 fp=[4] true=[3] merged=[3, 4]
223.7 fp=[4] true=[3] merged=[3, 4]
224.0 fp=[4] true=[3] merged=[3, 4]
224.3 fp=[4] true=[3] merged=[3, 4]
224.6 fp=[4] true=[3] merged=[3, 4]
224.9 fp=[4] true=[3] merged=[3, 4]
225.3 fp=[4] true=[3] merged=[3, 4]
225.6 fp=[4] true=[3] merged=[3, 4]
225.9 fp=[4] true=[3] merged=[3, 4]
226.2 fp=[4] true=[3] merged=[3, 4]
226.5 fp=[4] true=[3] merged=[3, 4]
226.8 fp=[4] true=[3] merged=[3, 4]
227.1 fp=[4] true=[3] merged=[3, 4]
227.4 fp=[4] true=[3] merged=[3, 4]
227.8 fp=[4] true=[3] merged=[3, 4]
228.1 fp=[4] true=[3] merged=[3, 4]
228.4 fp=[4] true=[3] merged=[3, 4]
228.7 fp=[4] true=[3] merged=[3, 4]
229.0 fp=[4] true=[3] merged=[3, 4]
229.3 fp=[4] true=[3] merged=[3, 4]
229.6 fp=[4] true=[3] merged=[3, 4]
229.9 fp=[4] true=[3] merged=[3, 4]
230.3 fp=[4] true=[3] merged=[3, 4]
230.6 fp=[4] true=[3] merged=[3, 4]
230.9 fp=[4] true=[3] merged=[3, 4]
231.2 fp=[4] true=[3] merged=[3, 4]
231.5 fp=[4] true=[3] merged=[3, 4]
231.8 fp=[4] true=[3] merged=[3, 4]
232.1 fp=[4] true=[3] merged=[3, 4]
232.4 fp=[4] true=[3] merged=[3, 4]
232.8 fp=[4] true=[3] merged=[3, 4]
233.1 fp=[4] true=[3] merged=[3, 4]
233.4 fp=[4] true=[3] merged=[3, 4]
233.7 fp=[4] true=[3] merged=[3, 4]
234.0 fp=[4] true=[3] merged=[3, 4]
234.3 fp=[4] true=[3] merged=[3, 4]
234.6 fp=[4] true=[3] merged=[3, 4]
234.9 fp=[4] true=[3] merged=[3, 4]
247.2 fp=[6] true=[3] merged=[3, 6]
247.5 fp=[6] true=[3] merged=[3, 6]
247.8 fp=[6] true=[3] merged=[3, 6]
248.1 fp=[6] true=[3] merged=[3, 6]
248.4 fp=[6] true=[3] merged=[3, 6]
248.7 fp=[6] true=[3] merged=[3, 6]
249.0 fp=[6] true=[3] merged=[3, 6]
249.4 fp=[6] true=[3] merged=[3, 6]
249.7 fp=[6] true=[3] merged=[3, 6]
250.0 fp=[6] true=[3] merged=[3, 6]
250.3 fp=[6] true=[3] merged=[3, 6]
250.6 fp=[6] true=[3] merged=[3, 6]
251.0 fp=[6] true=[3] merged=[3, 6]
251.3 fp=[6] true=[3] merged=[3, 6]
251.6 fp=[6] true=[3] merged=[3, 6]
251.9 fp=[6] true=[3] merged=[3, 6]
252.2 fp=[6] true=[3] merged=[3, 6]
252.5 fp=[6] true=[3] merged=[3, 6]
252.8 fp=[6] true=[3] merged=[3, 6]
253.2 fp=[6] true=[3] merged=[3, 6]
253.5 fp=[6] true=[3] merged=[3, 6]
253.8 fp=[6] true=[3] merged=[3, 6]
254.1 fp=[6] true=[3] merged=[3, 6]
254.4 fp=[6] true=[3] merged=[3, 6]
254.7 fp=[6] true=[3] merged=[3, 6]
255.0 fp=[6] true=[3] merged=[3, 6]
255.4 fp=[6] true=[3] merged=[3, 6]
255.7 fp=[6] true=[3] merged=[3, 6]
256.0 fp=[6] true=[3] merged=[3, 6]
256.3 fp=[4] true=[3] merged=[3, 4]
256.6 fp=[4] true=[3] merged=[3, 4]
256.9 fp=[4] true=[3] merged=[3, 4]
257.2 fp=[4] true=[3] merged=[3, 4]
257.5 fp=[4] true=[3] merged=[3, 4]
257.9 fp=[4] true=[3] merged=[3, 4]
258.2 fp=[4] true=[3] merged=[3, 4]
258.5 fp=[4] true=[3] merged=[3, 4]
258.8 fp=[4] true=[3] merged=[3, 4]
259.1 fp=[4] true=[3] merged=[3, 4]
259.4 fp=[4] true=[3] merged=[3, 4]
259.7 fp=[4] true=[3] merged=[3, 4]
260.1 fp=[4] true=[3] merged=[3, 4]
260.4 fp=[4] true=[3] merged=[3, 4]
260.7 fp=[4] true=[3] merged=[3, 4]
261.0 fp=[4] true=[3] merged=[3, 4]
261.3 fp=[4] true=[3] merged=[3, 4]
261.6 fp=[4] true=[3] merged=[3, 4]
261.9 fp=[4] true=[3] merged=[3, 4]
262.3 fp=[4] true=[3] merged=[3, 4]
262.6 fp=[4] true=[3] merged=[3, 4]
262.9 fp=[4] true=[3] merged=[3, 4]
263.2 fp=[2] true=[3] merged=[2, 3]
263.5 fp=[2] true=[3] merged=[2, 3]
263.8 fp=[2] true=[3] merged=[2, 3]
264.1 fp=[2] true=[3] merged=[2, 3]
264.4 fp=[2] true=[3] merged=[2, 3]
264.7 fp=[2] true=[3] merged=[2, 3]
265.0 fp=[2] true=[3] merged=[2, 3]
265.4 fp=[2] true=[3] merged=[2, 3]
265.7 fp=[2] true=[3] merged=[2, 3]
266.0 fp=[2] true=[3] merged=[2, 3]
266.3 fp=[2] true=[3] merged=[2, 3]
266.6 fp=[2] true=[3] merged=[2, 3]
266.9 fp=[2] true=[3] merged=[2, 3]
267.2 fp=[2] true=[3] merged=[2, 3]
267.5 fp=[2] true=[3] merged=[2, 3]
267.8 fp=[2] true=[3] merged=[2, 3]
268.2 fp=[2] true=[3] merged=[2, 3]
268.5 fp=[2] true=[3] merged=[2, 3]
268.8 fp=[2] true=[3] merged=[2, 3]
269.1 fp=[2] true=[3] merged=[2, 3]
269.4 fp=[2] true=[3] merged=[2, 3]
269.8 fp=[2] true=[3] merged=[2, 3]
270.1 fp=[2] true=[3] merged=[2, 3]
270.4 fp=[2] true=[3] merged=[2, 3]
270.7 fp=[2] true=[3] merged=[2, 3]
271.0 fp=[2] true=[3] merged=[2, 3]
271.3 fp=[2] true=[3] merged=[2, 3]
271.6 fp=[2] true=[3] merged=[2, 3]
272.0 fp=[2] true=[3] merged=[2, 3]
272.3 fp=[2] true=[3] merged=[2, 3]
272.6 fp=[2] true=[3] merged=[2, 3]
272.9 fp=[2] true=[3] merged=[2, 3]
273.2 fp=[2] true=[3] merged=[2, 3]
273.5 fp=[2] true=[3] merged=[2, 3]
273.8 fp=[2] true=[3] merged=[2, 3]
274.1 fp=[2] true=[3] merged=[2, 3]
274.4 fp=[2] true=[3] merged=[2, 3]
274.7 fp=[2] true=[3] merged=[2, 3]
275.1 fp=[2] true=[3] merged=[2, 3]
275.4 fp=[2] true=[3] merged=[2, 3]
275.7 fp=[2] true=[3] merged=[2, 3]
276.0 fp=[2] true=[3] merged=[2, 3]
276.3 fp=[2] true=[3] merged=[2, 3]
276.6 fp=[2] true=[3] merged=[2, 3]
276.9 fp=[2] true=[3] merged=[2, 3]
277.2 fp=[2] true=[3] merged=[2, 3]
277.5 fp=[2] true=[3] merged=[2, 3]
277.9 fp=[2] true=[3] merged=[2, 3]
278.2 fp=[2] true=[3] merged=[2, 3]
278.5 fp=[2] true=[3] merged=[2, 3]
278.8 fp=[2] true=[3] merged=[2, 3]
279.1 fp=[2] true=[3] merged=[2, 3]
279.5 fp=[2] true=[3] merged=[2, 3]
279.8 fp=[2] true=[3] merged=[2, 3]
280.1 fp=[2] true=[3] merged=[2, 3]
280.4 fp=[2] true=[3] merged=[2, 3]
280.7 fp=[2] true=[3] merged=[2, 3]
281.0 fp=[2] true=[3] merged=[2, 3]
281.4 fp=[2] true=[3] merged=[2, 3]
281.7 fp=[2] true=[3] merged=[2, 3]
282.0 fp=[2] true=[3] merged=[2, 3]
282.3 fp=[2] true=[3] merged=[2, 3]
282.6 fp=[2] true=[3] merged=[2, 3]
282.9 fp=[2] true=[3] merged=[2, 3]
283.2 fp=[5] true=[3] merged=[3, 5]
283.5 fp=[5] true=[3] merged=[3, 5]
283.9 fp=[5] true=[3] merged=[3, 5]
284.2 fp=[4] true=[3] merged=[3, 4]
284.5 fp=[4] true=[3] merged=[3, 4]
284.8 fp=[4] true=[3] merged=[3, 4]
285.1 fp=[4] true=[3] merged=[3, 4]
285.4 fp=[4] true=[3] merged=[3, 4]
285.7 fp=[4] true=[3] merged=[3, 4]
286.0 fp=[4] true=[3] merged=[3, 4]
286.4 fp=[4] true=[3] merged=[3, 4]
286.7 fp=[4] true=[3] merged=[3, 4]
287.0 fp=[4] true=[3] merged=[3, 4]
287.3 fp=[4] true=[3] merged=[3, 4]
287.6 fp=[4] true=[3] merged=[3, 4]
287.9 fp=[4] true=[3] merged=[3, 4]
288.2 fp=[4] true=[3] merged=[3, 4]
288.6 fp=[4] true=[3] merged=[3, 4]
288.9 fp=[4] true=[3] merged=[3, 4]
289.2 fp=[4] true=[3] merged=[3, 4]
289.5 fp=[4] true=[3] merged=[3, 4]
289.8 fp=[4] true=[3] merged=[3, 4]
290.1 fp=[4] true=[3] merged=[3, 4]
290.5 fp=[4] true=[3] merged=[3, 4]
290.8 fp=[4] true=[3] merged=[3, 4]
291.1 fp=[4] true=[3] merged=[3, 4]
291.4 fp=[4] true=[3] merged=[3, 4]
291.7 fp=[4] true=[3] merged=[3, 4]
292.0 fp=[4] true=[3] merged=[3, 4]
292.3 fp=[4] true=[3] merged=[3, 4]
292.6 fp=[4] true=[3] merged=[3, 4]
292.9 fp=[4] true=[3] merged=[3, 4]
293.2 fp=[4] true=[3] merged=[3, 4]
293.5 fp=[4] true=[3] merged=[3, 4]
293.9 fp=[4] true=[3] merged=[3, 4]
294.2 fp=[4] true=[3] merged=[3, 4]
294.5 fp=[4] true=[3] merged=[3, 4]
294.8 fp=[4] true=[3] merged=[3, 4]
295.1 fp=[4] true=[3] merged=[3, 4]
295.4 fp=[4] true=[3] merged=[3, 4]
295.7 fp=[4] true=[3] merged=[3, 4]
296.1 fp=[4] true=[3] merged=[3, 4]
296.4 fp=[4] true=[3] merged=[3, 4]
296.7 fp=[4] true=[3] merged=[3, 4]
297.0 fp=[4] true=[3] merged=[3, 4]
297.3 fp=[4] true=[3] merged=[3, 4]
297.6 fp=[4] true=[3] merged=[3, 4]
297.9 fp=[4] true=[3] merged=[3, 4]
298.3 fp=[4] true=[3] merged=[3, 4]
298.6 fp=[4] true=[3] merged=[3, 4]
298.9 fp=[4] true=[3] merged=[3, 4]
299.2 fp=[4] true=[3] merged=[3, 4]
299.5 fp=[4] true=[3] merged=[3, 4]
299.8 fp=[4] true=[3] merged=[3, 4]
300.1 fp=[4] true=[3] merged=[3, 4]
300.4 fp=[4] true=[3] merged=[3, 4]
300.7 fp=[4] true=[3] merged=[3, 4]
301.1 fp=[4] true=[3] merged=[3, 4]
301.4 fp=[4] true=[3] merged=[3, 4]
301.7 fp=[4] true=[3] merged=[3, 4]
302.0 fp=[4] true=[3] merged=[3, 4]
302.3 fp=[4] true=[3] merged=[3, 4]
302.7 fp=[4] true=[3] merged=[3, 4]
303.0 fp=[4] true=[3] merged=[3, 4]
303.3 fp=[4] true=[3] merged=[3, 4]
303.6 fp=[4] true=[3] merged=[3, 4]
303.9 fp=[4] true=[3] merged=[3, 4]
306.1 fp=[2] true=[3] merged=[2, 3]
306.4 fp=[2] true=[3] merged=[2, 3]
306.7 fp=[2] true=[3] merged=[2, 3]
307.0 fp=[2] true=[3] merged=[2, 3]
307.3 fp=[2] true=[3] merged=[2, 3]
307.6 fp=[2] true=[3] merged=[2, 3]
308.0 fp=[2] true=[3] merged=[2, 3]
308.3 fp=[2] true=[3] merged=[2, 3]
308.6 fp=[2] true=[3] merged=[2, 3]
308.9 fp=[2] true=[3] merged=[2, 3]
309.2 fp=[2] true=[3] merged=[2, 3]
309.5 fp=[2] true=[3] merged=[2, 3]
309.8 fp=[2] true=[3] merged=[2, 3]
310.1 fp=[2] true=[3] merged=[2, 3]
310.5 fp=[2] true=[3] merged=[2, 3]
310.8 fp=[2] true=[3] merged=[2, 3]
311.1 fp=[2] true=[3] merged=[2, 3]
311.4 fp=[2] true=[3] merged=[2, 3]
311.7 fp=[2] true=[3] merged=[2, 3]
312.0 fp=[2] true=[3] merged=[2, 3]
312.3 fp=[2] true=[3] merged=[2, 3]
312.6 fp=[2] true=[3] merged=[2, 3]
313.0 fp=[2] true=[3] merged=[2, 3]
313.3 fp=[2] true=[3] merged=[2, 3]
313.6 fp=[2] true=[3] merged=[2, 3]
313.9 fp=[2] true=[3] merged=[2, 3]
314.2 fp=[2] true=[3] merged=[2, 3]
314.5 fp=[2] true=[3] merged=[2, 3]
314.8 fp=[2] true=[3] merged=[2, 3]
315.2 fp=[2] true=[3] merged=[2, 3]
315.5 fp=[2] true=[3] merged=[2, 3]
315.8 fp=[2] true=[3] merged=[2, 3]
316.1 fp=[2] true=[3] merged=[2, 3]
316.4 fp=[2] true=[3] merged=[2, 3]
316.7 fp=[2] true=[3] merged=[2, 3]
317.0 fp=[2] true=[3] merged=[2, 3]
317.3 fp=[2] true=[3] merged=[2, 3]
317.7 fp=[2] true=[3] merged=[2, 3]
318.0 fp=[2] true=[3] merged=[2, 3]
318.3 fp=[2] true=[3] merged=[2, 3]
318.6 fp=[2] true=[3] merged=[2, 3]
319.0 fp=[2] true=[3] merged=[2, 3]
319.3 fp=[2] true=[3] merged=[2, 3]
319.6 fp=[2] true=[3] merged=[2, 3]
319.9 fp=[2] true=[3] merged=[2, 3]
320.2 fp=[2] true=[3] merged=[2, 3]
320.5 fp=[2] true=[3] merged=[2, 3]
320.9 fp=[2] true=[3] merged=[2, 3]
321.2 fp=[2] true=[3] merged=[2, 3]
321.5 fp=[2] true=[3] merged=[2, 3]
321.8 fp=[2] true=[3] merged=[2, 3]
322.1 fp=[2] true=[3] merged=[2, 3]
322.5 fp=[2] true=[3] merged=[2, 3]
322.8 fp=[2] true=[3] merged=[2, 3]
323.1 fp=[2] true=[3] merged=[2, 3]
323.4 fp=[2] true=[3] merged=[2, 3]
323.7 fp=[2] true=[3] merged=[2, 3]
324.0 fp=[2] true=[3] merged=[2, 3]
324.3 fp=[2] true=[3] merged=[2, 3]
324.6 fp=[2] true=[3] merged=[2, 3]
324.9 fp=[2] true=[3] merged=[2, 3]
325.3 fp=[2] true=[3] merged=[2, 3]
325.6 fp=[2] true=[3] merged=[2, 3]
325.9 fp=[2] true=[3] merged=[2, 3]
326.2 fp=[5] true=[3] merged=[3, 5]
326.5 fp=[5] true=[3] merged=[3, 5]
326.8 fp=[5] true=[3] merged=[3, 5]
327.1 fp=[5] true=[3] merged=[3, 5]
327.4 fp=[5] true=[3] merged=[3, 5]
327.8 fp=[5] true=[3] merged=[3, 5]
328.1 fp=[5] true=[3] merged=[3, 5]
328.4 fp=[5] true=[3] merged=[3, 5]
328.7 fp=[5] true=[3] merged=[3, 5]
329.0 fp=[5] true=[3] merged=[3, 5]
329.3 fp=[5] true=[3] merged=[3, 5]
329.6 fp=[5] true=[3] merged=[3, 5]
330.0 fp=[5] true=[3] merged=[3, 5]
330.3 fp=[5] true=[3] merged=[3, 5]
330.6 fp=[5] true=[3] merged=[3, 5]
330.9 fp=[5] true=[3] merged=[3, 5]
331.2 fp=[5] true=[3] merged=[3, 5]
331.5 fp=[5] true=[3] merged=[3, 5]
331.8 fp=[5] true=[3] merged=[3, 5]
332.1 fp=[5] true=[3] merged=[3, 5]
332.5 fp=[5] true=[3] merged=[3, 5]
332.8 fp=[5] true=[3] merged=[3, 5]
333.1 fp=[5] true=[3] merged=[3, 5]
333.4 fp=[5] true=[3] merged=[3, 5]
333.7 fp=[5] true=[3] merged=[3, 5]
334.0 fp=[5] true=[3] merged=[3, 5]
334.3 fp=[5] true=[3] merged=[3, 5]
334.6 fp=[5] true=[3] merged=[3, 5]
334.9 fp=[5] true=[3] merged=[3, 5]
335.3 fp=[5] true=[3] merged=[3, 5]
335.6 fp=[5] true=[3] merged=[3, 5]
335.9 fp=[5] true=[3] merged=[3, 5]
336.2 fp=[5] true=[3] merged=[3, 5]
336.5 fp=[5] true=[3] merged=[3, 5]
336.8 fp=[5] true=[3] merged=[3, 5]
337.1 fp=[5] true=[3] merged=[3, 5]
337.4 fp=[5] true=[3] merged=[3, 5]
337.7 fp=[5] true=[3] merged=[3, 5]
338.1 fp=[5] true=[3] merged=[3, 5]
338.4 fp=[5] true=[3] merged=[3, 5]
338.7 fp=[5] true=[3] merged=[3, 5]
339.0 fp=[5] true=[3] merged=[3, 5]
339.3 fp=[5] true=[3] merged=[3, 5]
339.6 fp=[5] true=[3] merged=[3, 5]
340.0 fp=[5] true=[3] merged=[3, 5]
340.3 fp=[5] true=[3] merged=[3, 5]
340.6 fp=[5] true=[3] merged=[3, 5]
340.9 fp=[5] true=[3] merged=[3, 5]
341.2 fp=[5] true=[3] merged=[3, 5]
341.5 fp=[5] true=[3] merged=[3, 5]
341.8 fp=[5] true=[3] merged=[3, 5]
342.2 fp=[5] true=[3] merged=[3, 5]
342.5 fp=[5] true=[3] merged=[3, 5]
342.8 fp=[5] true=[3] merged=[3, 5]
344.0 fp=[5] true=[3] merged=[3, 5]
344.3 fp=[5] true=[3] merged=[3, 5]
344.6 fp=[5] true=[3] merged=[3, 5]
344.9 fp=[5] true=[3] merged=[3, 5]
345.3 fp=[5] true=[3] merged=[3, 5]
345.6 fp=[5] true=[3] merged=[3, 5]
345.9 fp=[5] true=[3] merged=[3, 5]
346.2 fp=[5] true=[3] merged=[3, 5]
346.5 fp=[5] true=[3] merged=[3, 5]
346.8 fp=[5] true=[3] merged=[3, 5]
347.1 fp=[5] true=[3] merged=[3, 5]
347.5 fp=[5] true=[3] merged=[3, 5]
347.8 fp=[5] true=[3] merged=[3, 5]
348.1 fp=[5] true=[3] merged=[3, 5]
348.4 fp=[5] true=[3] merged=[3, 5]
348.7 fp=[5] true=[3] merged=[3, 5]
349.0 fp=[5] true=[3] merged=[3, 5]
349.3 fp=[5] true=[3] merged=[3, 5]
349.6 fp=[5] true=[3] merged=[3, 5]
349.9 fp=[5] true=[3] merged=[3, 5]
350.2 fp=[5] true=[3] merged=[3, 5]
350.5 fp=[5] true=[3] merged=[3, 5]
350.9 fp=[5] true=[3] merged=[3, 5]
351.2 fp=[5] true=[3] merged=[3, 5]
351.5 fp=[5] true=[3] merged=[3, 5]
351.8 fp=[5] true=[3] merged=[3, 5]
352.1 fp=[5] true=[3] merged=[3, 5]
352.4 fp=[5] true=[3] merged=[3, 5]
352.7 fp=[5] true=[3] merged=[3, 5]
353.0 fp=[5] true=[3] merged=[3, 5]
353.4 fp=[5] true=[3] merged=[3, 5]
353.7 fp=[5] true=[3] merged=[3, 5]
354.0 fp=[5] true=[3] merged=[3, 5]
354.3 fp=[5] true=[3] merged=[3, 5]
354.6 fp=[5] true=[3] merged=[3, 5]
354.9 fp=[5] true=[3] merged=[3, 5]
355.2 fp=[5] true=[3] merged=[3, 5]
355.5 fp=[5] true=[3] merged=[3, 5]
355.8 fp=[5] true=[3] merged=[3, 5]
356.2 fp=[5] true=[3] merged=[3, 5]
356.5 fp=[5] true=[3] merged=[3, 5]
356.8 fp=[5] true=[3] merged=[3, 5]
357.1 fp=[5] true=[3] merged=[3, 5]
357.4 fp=[5] true=[3] merged=[3, 5]
357.7 fp=[5] true=[3] merged=[3, 5]
358.0 fp=[5] true=[3] merged=[3, 5]
358.4 fp=[5] true=[3] merged=[3, 5]
358.7 fp=[5] true=[3] merged=[3, 5]
359.0 fp=[5] true=[3] merged=[3, 5]
359.3 fp=[5] true=[3] merged=[3, 5]
359.6 fp=[5] true=[3] merged=[3, 5]
359.9 fp=[5] true=[3] merged=[3, 5]
360.2 fp=[5] true=[3] merged=[3, 5]
360.5 fp=[5] true=[3] merged=[3, 5]
360.8 fp=[5] true=[3] merged=[3, 5]
361.1 fp=[5] true=[3] merged=[3, 5]
361.5 fp=[5] true=[3] merged=[3, 5]
361.8 fp=[5] true=[3] merged=[3, 5]
362.1 fp=[5] true=[3] merged=[3, 5]
362.4 fp=[5] true=[3] merged=[3, 5]
362.7 fp=[5] true=[3] merged=[3, 5]
363.0 fp=[5] true=[3] merged=[3, 5]
363.3 fp=[5] true=[3] merged=[3, 5]
363.7 fp=[5] true=[3] merged=[3, 5]
364.0 fp=[5] true=[3] merged=[3, 5]
364.3 fp=[5] true=[3] merged=[3, 5]
364.6 fp=[5] true=[3] merged=[3, 5]
364.9 fp=[5] true=[3] merged=[3, 5]
365.2 fp=[5] true=[3] merged=[3, 5]
365.5 fp=[5] true=[3] merged=[3, 5]
365.9 fp=[5] true=[3] merged=[3, 5]
366.2 fp=[5] true=[3] merged=[3, 5]
366.5 fp=[5] true=[3] merged=[3, 5]
366.8 fp=[5] true=[3] merged=[3, 5]
367.1 fp=[5] true=[3] merged=[3, 5]
367.4 fp=[5] true=[3] merged=[3, 5]
367.7 fp=[5] true=[3] merged=[3, 5]
368.1 fp=[1] true=[3] merged=[1, 3]
368.4 fp=[1] true=[3] merged=[1, 3]
368.7 fp=[1] true=[3] merged=[1, 3]
369.0 fp=[1] true=[3] merged=[1, 3]
369.3 fp=[1] true=[3] merged=[1, 3]
369.6 fp=[1] true=[3] merged=[1, 3]
369.9 fp=[1] true=[3] merged=[1, 3]
370.3 fp=[1] true=[3] merged=[1, 3]
370.6 fp=[1] true=[3] merged=[1, 3]
370.9 fp=[1] true=[3] merged=[1, 3]
371.2 fp=[1] true=[3] merged=[1, 3]
371.5 fp=[1] true=[3] merged=[1, 3]
371.8 fp=[1] true=[3] merged=[1, 3]
372.1 fp=[1] true=[3] merged=[1, 3]
372.4 fp=[1] true=[3] merged=[1, 3]
372.8 fp=[1] true=[3] merged=[1, 3]
373.1 fp=[1] true=[3] merged=[1, 3]
373.4 fp=[1] true=[3] merged=[1, 3]
373.7 fp=[1] true=[3] merged=[1, 3]
374.0 fp=[1] true=[3] merged=[1, 3]
374.3 fp=[1] true=[3] merged=[1, 3]
374.6 fp=[1] true=[3] merged=[1, 3]
375.0 fp=[1] true=[3] merged=[1, 3]
375.3 fp=[1] true=[3] merged=[1, 3]
375.6 fp=[1] true=[3] merged=[1, 3]
375.9 fp=[1] true=[3] merged=[1, 3]
376.2 fp=[1] true=[3] merged=[1, 3]
376.5 fp=[1] true=[3] merged=[1, 3]
376.8 fp=[1] true=[3] merged=[1, 3]
377.1 fp=[1] true=[3] merged=[1, 3]
377.5 fp=[1] true=[3] merged=[1, 3]
377.8 fp=[1] true=[3] merged=[1, 3]
378.1 fp=[1] true=[3] merged=[1, 3]
378.4 fp=[1] true=[3] merged=[1, 3]
378.7 fp=[1] true=[3] merged=[1, 3]
379.0 fp=[1] true=[3] merged=[1, 3]
379.4 fp=[1] true=[3] merged=[1, 3]
379.7 fp=[1] true=[3] merged=[1, 3]
380.0 fp=[1] true=[3] merged=[1, 3]
380.3 fp=[1] true=[3] merged=[1, 3]
380.6 fp=[1] true=[3] merged=[1, 3]
380.9 fp=[1] true=[3] merged=[1, 3]
381.2 fp=[1] true=[3] merged=[1, 3]
381.6 fp=[1] true=[3] merged=[1, 3]
381.9 fp=[1] true=[3] merged=[1, 3]
382.2 fp=[1] true=[3] merged=[1, 3]
382.5 fp=[1] true=[3] merged=[1, 3]
382.8 fp=[1] true=[3] merged=[1, 3]
383.1 fp=[1] true=[3] merged=[1, 3]
383.4 fp=[1] true=[3] merged=[1, 3]
383.7 fp=[1] true=[3] merged=[1, 3]
384.0 fp=[1] true=[3] merged=[1, 3]
384.4 fp=[1] true=[3] merged=[1, 3]
384.7 fp=[1] true=[3] merged=[1, 3]
385.0 fp=[1] true=[3] merged=[1, 3]
385.3 fp=[1] true=[3] merged=[1, 3]
385.6 fp=[1] true=[3] merged=[1, 3]
