# start rate=20 seed=2 dur=420 n=7 target=3 events=77
2.2 fp=[1] true=[3] merged=[1, 3]
2.5 fp=[1] true=[3] merged=[1, 3]
2.8 fp=[1] true=[3] merged=[1, 3]
3.1 fp=[1] true=[3] merged=[1, 3]
3.4 fp=[1] true=[3] merged=[1, 3]
3.7 fp=[1] true=[3] merged=[1, 3]
4.1 fp=[1] true=[3] merged=[1, 3]
4.4 fp=[1] true=[3] merged=[1, 3]
4.7 fp=[1] true=[3] merged=[1, 3]
5.0 fp=[1] true=[3] merged=[1, 3]
5.3 fp=[1] true=[3] merged=[1, 3]
5.6 fp=[1] true=[3] merged=[1, 3]
5.9 fp=[1] true=[3] merged=[1, 3]
6.2 fp=[1] true=[3] merged=[1, 3]
6.5 fp=[1] true=[3] merged=[1, 3]
6.9 fp=[1] true=[3] merged=[1, 3]
7.2 fp=[1] true=[3] merged=[1, 3]
7.5 fp=[1] true=[3] merged=[1, 3]
7.8 fp=[1] true=[3] merged=[1, 3]
8.1 fp=[1] true=[3] merged=[1, 3]
8.4 fp=[1] true=[3] merged=[1, 3]
8.7 fp=[1] true=[3] merged=[1, 3]
9.0 fp=[1] true=[3] merged=[1, 3]
9.4 fp=[1] true=[3] merged=[1, 3]
9.7 fp=[1] true=[3] merged=[1, 3]
10.0 fp=[1] true=[3] merged=[1, 3]
10.3 fp=[1] true=[3] merged=[1, 3]
10.6 fp=[1] true=[3] merged=[1, 3]
10.9 fp=[1] true=[3] merged=[1, 3]
11.2 fp=[1] true=[3] merged=[1, 3]
11.5 fp=[1] true=[3] merged=[1, 3]
11.8 fp=[1] true=[3] merged=[1, 3]
12.1 fp=[1] true=[3] merged=[1, 3]
12.5 fp=[1] true=[3] merged=[1, 3]
12.8 fp=[1] true=[3] merged=[1, 3]
13.1 fp=[1] true=[3] merged=[1, 3]
13.4 fp=[1] true=[3] merged=[1, 3]
13.7 fp=[1] true=[3] merged=[1, 3]
14.0 fp=[1] true=[3] merged=[1, 3]
14.3 fp=[1] true=[3] merged=[1, 3]
14.7 fp=[1] true=[3] merged=[1, 3]
15.0 fp=[1] true=[3] merged=[1, 3]
15.3 fp=[1] true=[3] merged=[1, 3]
15.6 fp=[1] true=[3] merged=[1, 3]
15.9 fp=[1] true=[3] merged=[1, 3]
16.2 fp=[1] true=[3] merged=[1, 3]
16.5 fp=[1] true=[3] merged=[1, 3]
16.8 fp=[1] true=[3] merged=[1, 3]
17.1 fp=[1] true=[3] merged=[1, 3]
17.4 fp=[1] true=[3] merged=[1, 3]
17.8 fp=[1] true=[3] merged=[1, 3]
18.1 fp=[1] true=[3] merged=[1, 3]
18.4 fp=[1] true=[3] merged=[1, 3]
18.7 fp=[1] true=[3] merged=[1, 3]
19.0 fp=[1] true=[3] merged=[1, 3]
19.3 fp=[1] true=[3] merged=[1, 3]
19.6 fp=[1] true=[3] merged=[1, 3]
20.0 fp=[1] true=[3] merged=[1, 3]
20.3 fp=[1] true=[3] merged=[1, 3]
20.6 fp=[1] true=[3] merged=[1, 3]
20.9 fp=[1] true=[3] merged=[1, 3]
21.2 fp=[1] true=[3] merged=[1, 3]
21.5 fp=[1] true=[3] merged=[1, 3]
21.8 fp=[1] true=[3] merged=[1, 3]
25.3 fp=[5] true=[3] merged=[3, 5]
25.6 fp=[5] true=[3] merged=[3, 5]
25.9 fp=[5] true=[3] merged=[3, 5]
26.2 fp=[5] true=[3] merged=[3, 5]
26.5 fp=[5] true=[3] merged=[3, 5]
26.8 fp=[5] true=[3] merged=[3, 5]
27.1 fp=[5] true=[3] merged=[3, 5]
27.5 fp=[5] true=[3] merged=[3, 5]
27.8 fp=[5] true=[3] merged=[3, 5]
28.1 fp=[5] true=[3] merged=[3, 5]
28.4 fp=[5] true=[3] merged=[3, 5]
28.7 fp=[5] true=[3] merged=[3, 5]
29.0 fp=[5] true=[3] merged=[3, 5]
29.3 fp=[5] true=[3] merged=[3, 5]
29.6 fp=[5] true=[3] merged=[3, 5]
30.0 fp=[5] true=[3] merged=[3, 5]
30.3 fp=[4] true=[3] merged=[3, 4]
30.6 fp=[4] true=[3] merged=[3, 4]
30.9 fp=[4] true=[3] merged=[3, 4]
31.2 fp=[4] true=[3] merged=[3, 4]
31.5 fp=[4] true=[3] merged=[3, 4]
31.8 fp=[4] true=[3] merged=[3, 4]
32.1 fp=[4] true=[3] merged=[3, 4]
32.5 fp=[4] true=[3] merged=[3, 4]
32.8 fp=[4] true=[3] merged=[3, 4]
33.1 fp=[4] true=[3] merged=[3, 4]
33.4 fp=[4] true=[3] merged=[3, 4]
33.7 fp=[4] true=[3] merged=[3, 4]
34.0 fp=[4] true=[3] merged=[3, 4]
34.3 fp=[4] true=[3] merged=[3, 4]
34.7 fp=[4] true=[3] merged=[3, 4]
35.0 fp=[4] true=[3] merged=[3, 4]
35.3 fp=[4] true=[3] merged=[3, 4]
35.6 fp=[4] true=[3] merged=[3, 4]
35.9 fp=[4] true=[3] merged=[3, 4]
36.2 fp=[4] true=[3] merged=[3, 4]
36.5 fp=[4] true=[3] merged=[3, 4]
36.8 fp=[4] true=[3] merged=[3, 4]
37.1 fp=[4] true=[3] merged=[3, 4]
37.5 fp=[4] true=[3] merged=[3, 4]
37.8 fp=[4] true=[3] merged=[3, 4]
38.1 fp=[4] true=[3] merged=[3, 4]
38.4 fp=[4] true=[3] merged=[3, 4]
38.7 fp=[4] true=[3] merged=[3, 4]
39.1 fp=[1] true=[3] merged=[1, 3]
39.4 fp=[1] true=[3] merged=[1, 3]
39.7 fp=[1] true=[3] merged=[1, 3]
40.0 fp=[1] true=[3] merged=[1, 3]
40.3 fp=[1] true=[3] merged=[1, 3]
40.6 fp=[1] true=[3] merged=[1, 3]
40.9 fp=[1] true=[3] merged=[1, 3]
41.2 fp=[1] true=[3] merged=[1, 3]
41.6 fp=[1] true=[3] merged=[1, 3]
41.9 fp=[1] true=[3] merged=[1, 3]
42.2 fp=[1] true=[3] merged=[1, 3]
42.5 fp=[1] true=[3] merged=[1, 3]
42.8 fp=[1] true=[3] merged=[1, 3]
43.1 fp=[1] true=[3] merged=[1, 3]
43.4 fp=[1] true=[3] merged=[1, 3]
43.7 fp=[1] true=[3] merged=[1, 3]
44.0 fp=[1] true=[3] merged=[1, 3]
44.4 fp=[1] true=[3] merged=[1, 3]
44.7 fp=[1] true=[3] merged=[1, 3]
45.0 fp=[1] true=[3] merged=[1, 3]
45.3 fp=[1] true=[3] merged=[1, 3]
45.6 fp=[1] true=[3] merged=[1, 3]
45.9 fp=[1] true=[3] merged=[1, 3]
46.3 fp=[1] true=[3] merged=[1, 3]
46.6 fp=[1] true=[3] merged=[1, 3]
46.9 fp=[1] true=[3] merged=[1, 3]
47.2 fp=[1] true=[3] merged=[1, 3]
47.5 fp=[1] true=[3] merged=[1, 3]
47.8 fp=[1] true=[3] merged=[1, 3]
48.1 fp=[1] true=[3] merged=[1, 3]
48.4 fp=[1] true=[3] merged=[1, 3]
48.7 fp=[1] true=[3] merged=[1, 3]
49.1 fp=[1] true=[3] merged=[1, 3]
49.4 fp=[1] true=[3] merged=[1, 3]
49.7 fp=[1] true=[3] merged=[1, 3]
50.0 fp=[1] true=[3] merged=[1, 3]
50.3 fp=[1] true=[3] merged=[1, 3]
50.6 fp=[1] true=[3] merged=[1, 3]
50.9 fp=[1] true=[3] merged=[1, 3]
51.3 fp=[1] true=[3] merged=[1, 3]
51.6 fp=[1] true=[3] merged=[1, 3]
51.9 fp=[1] true=[3] merged=[1, 3]
52.2 fp=[1] true=[3] merged=[1, 3]
52.5 fp=[1] true=[3] merged=[1, 3]
52.8 fp=[1] true=[3] merged=[1, 3]
53.1 fp=[1] true=[3] merged=[1, 3]
53.5 fp=[1] true=[3] merged=[1, 3]
53.8 fp=[1] true=[3] merged=[1, 3]
54.1 fp=[1] true=[3] merged=[1, 3]
54.4 fp=[1] true=[3] merged=[1, 3]
54.7 fp=[1] true=[3] merged=[1, 3]
55.0 fp=[1] true=[3] merged=[1, 3]
55.4 fp=[1] true=[3] merged=[1, 3]
55.7 fp=[1] true=[3] merged=[1, 3]
56.0 fp=[1] true=[3] merged=[1, 3]
56.3 fp=[1] true=[3] merged=[1, 3]
56.7 fp=[1] true=[3] merged=[1, 3]
57.0 fp=[1] true=[3] merged=[1, 3]
57.3 fp=[1] true=[3] merged=[1, 3]
57.6 fp=[1] true=[3] merged=[1, 3]
57.9 fp=[1] true=[3] merged=[1, 3]
58.2 fp=[1] true=[3] merged=[1, 3]
58.5 fp=[1] true=[3] merged=[1, 3]
58.8 fp=[1] true=[3] merged=[1, 3]
59.1 fp=[1] true=[3] merged=[1, 3]
59.4 fp=[1] true=[3] merged=[1, 3]
59.8 fp=[1] true=[3] merged=[1, 3]
60.1 fp=[1] true=[3] merged=[1, 3]
60.4 fp=[1] true=[3] merged=[1, 3]
60.7 fp=[1] true=[3] merged=[1, 3]
61.0 fp=[1] true=[3] merged=[1, 3]
61.3 fp=[1] true=[3] merged=[1, 3]
61.6 fp=[1] true=[3] merged=[1, 3]
61.9 fp=[1] true=[3] merged=[1, 3]
62.2 fp=[1] true=[3] merged=[1, 3]
62.6 fp=[1] true=[3] merged=[1, 3]
62.9 fp=[1] true=[3] merged=[1, 3]
63.2 fp=[1] true=[3] merged=[1, 3]
63.5 fp=[1] true=[3] merged=[1, 3]
63.8 fp=[1] true=[3] merged=[1, 3]
64.1 fp=[1] true=[3] merged=[1, 3]
64.5 fp=[1] true=[3] merged=[1, 3]
64.8 fp=[1] true=[3] merged=[1, 3]
65.1 fp=[1] true=[3] merged=[1, 3]
65.4 fp=[1] true=[3] merged=[1, 3]
65.7 fp=[1] true=[3] merged=[1, 3]
66.0 fp=[1] true=[3] merged=[1, 3]
66.3 fp=[1] true=[3] merged=[1, 3]
66.6 fp=[1] true=[3] merged=[1, 3]
66.9 fp=[1] true=[3] merged=[1, 3]
67.3 fp=[1] true=[3] merged=[1, 3]
67.6 fp=[1] true=[3] merged=[1, 3]
67.9 fp=[1] true=[3] merged=[1, 3]
68.2 fp=[1] true=[3] merged=[1, 3]
68.5 fp=[1] true=[3] merged=[1, 3]
68.8 fp=[1] true=[3] merged=[1, 3]
69.1 fp=[1] true=[3] merged=[1, 3]
69.5 fp=[1] true=[3] merged=[1, 3]
69.8 fp=[1] true=[3] merged=[1, 3]
70.1 fp=[1] true=[3] merged=[1, 3]
70.4 fp=[1] true=[3] merged=[1, 3]
70.7 fp=[1] true=[3] merged=[1, 3]
71.0 fp=[1] true=[3] merged=[1, 3]
71.3 fp=[1] true=[3] merged=[1, 3]
71.6 fp=[1] true=[3] merged=[1, 3]
71.9 fp=[1] true=[3] merged=[1, 3]
72.3 fp=[1] true=[3] merged=[1, 3]
72.6 fp=[1] true=[3] merged=[1, 3]
72.9 fp=[1] true=[3] merged=[1, 3]
73.2 fp=[1] true=[3] merged=[1, 3]
73.5 fp=[1] true=[3] merged=[1, 3]
73.8 fp=[1] true=[3] merged=[1, 3]
74.2 fp=[1] true=[3] merged=[1, 3]
74.5 fp=[1] true=[3] merged=[1, 3]
74.8 fp=[1] true=[3] merged=[1, 3]
75.1 fp=[1] true=[3] merged=[1, 3]
75.4 fp=[1] true=[3] merged=[1, 3]
75.7 fp=[1] true=[3] merged=[1, 3]
76.1 fp=[1] true=[3] merged=[1, 3]
76.4 fp=[1] true=[3] merged=[1, 3]
76.7 fp=[1] true=[3] merged=[1, 3]
77.0 fp=[1] true=[3] merged=[1, 3]
77.3 fp=[1] true=[3] merged=[1, 3]
77.6 fp=[1] true=[3] merged=[1, 3]
77.9 fp=[1] true=[3] merged=[1, 3]
78.2 fp=[1] true=[3] merged=[1, 3]
78.5 fp=[1] true=[3] merged=[1, 3]
78.8 fp=[1] true=[3] merged=[1, 3]
79.2 fp=[1] true=[3] merged=[1, 3]
79.5 fp=[1] true=[3] merged=[1, 3]
79.8 fp=[1] true=[3] merged=[1, 3]
80.1 fp=[1] true=[3] merged=[1, 3]
80.4 fp=[1] true=[3] merged=[1, 3]
80.7 fp=[1] true=[3] merged=[1, 3]
81.0 fp=[1] true=[3] merged=[1, 3]
81.3 fp=[1] true=[3] merged=[1, 3]
81.6 fp=[1] true=[3] merged=[1, 3]
81.9 fp=[1] true=[3] merged=[1, 3]
82.3 fp=[1] true=[3] merged=[1, 3]
82.6 fp=[1] true=[3] merged=[1, 3]
82.9 fp=[1] true=[3] merged=[1, 3]
83.2 fp=[1] true=[3] merged=[1, 3]
83.5 fp=[1] true=[3] merged=[1, 3]
83.8 fp=[1] true=[3] merged=[1, 3]
84.1 fp=[1] true=[3] merged=[1, 3]
84.5 fp=[1] true=[3] merged=[1, 3]
84.8 fp=[1] true=[3] merged=[1, 3]
85.1 fp=[1] true=[3] merged=[1, 3]
85.4 fp=[1] true=[3] merged=[1, 3]
85.7 fp=[1] true=[3] merged=[1, 3]
86.0 fp=[1] true=[3] merged=[1, 3]
86.3 fp=[1] true=[3] merged=[1, 3]
86.7 fp=[1] true=[3] merged=[1, 3]
87.0 fp=[1] true=[3] merged=[1, 3]
87.3 fp=[1] true=[3] merged=[1, 3]
87.6 fp=[1] true=[3] merged=[1, 3]
87.9 fp=[1] true=[3] merged=[1, 3]
88.2 fp=[1] true=[3] merged=[1, 3]
88.5 fp=[1] true=[3] merged=[1, 3]
88.8 fp=[1] true=[3] merged=[1, 3]
89.1 fp=[1] true=[3] merged=[1, 3]
89.4 fp=[1] true=[3] merged=[1, 3]
89.8 fp=[1] true=[3] merged=[1, 3]
90.1 fp=[1] true=[3] merged=[1, 3]
90.4 fp=[1] true=[3] merged=[1, 3]
90.7 fp=[1] true=[3] merged=[1, 3]
91.0 fp=[1] true=[3] merged=[1, 3]
91.3 fp=[1] true=[3] merged=[1, 3]
91.6 fp=[1] true=[3] merged=[1, 3]
91.9 fp=[1] true=[3] merged=[1, 3]
92.3 fp=[1] true=[3] merged=[1, 3]
92.6 fp=[1] true=[3] merged=[1, 3]
92.9 fp=[1] true=[3] merged=[1, 3]
93.2 fp=[1] true=[3] merged=[1, 3]
93.5 fp=[1] true=[3] merged=[1, 3]
93.8 fp=[1] true=[3] merged=[1, 3]
94.1 fp=[1] true=[3] merged=[1, 3]
94.5 fp=[1] true=[3] merged=[1, 3]
94.8 fp=[1] true=[3] merged=[1, 3]
95.1 fp=[1] true=[3] merged=[1, 3]
95.4 fp=[1] true=[3] merged=[1, 3]
95.7 fp=[1] true=[3] merged=[1, 3]
96.1 fp=[1] true=[3] merged=[1, 3]
96.4 fp=[1] true=[3] merged=[1, 3]
96.7 fp=[1] true=[3] merged=[1, 3]
97.0 fp=[1] true=[3] merged=[1, 3]
97.3 fp=[1] true=[3] merged=[1, 3]
97.6 fp=[1] true=[3] merged=[1, 3]
97.9 fp=[1] true=[3] merged=[1, 3]
98.3 fp=[1] true=[3] merged=[1, 3]
98.6 fp=[1] true=[3] merged=[1, 3]
98.9 fp=[1] true=[3] merged=[1, 3]
99.2 fp=[1] true=[3] merged=[1, 3]
99.5 fp=[1] true=[3] merged=[1, 3]
99.8 fp=[1] true=[3] merged=[1, 3]
100.1 fp=[1] true=[3] merged=[1, 3]
100.4 fp=[1] true=[3] merged=[1, 3]
100.7 fp=[1] true=[3] merged=[1, 3]
101.1 fp=[1] true=[3] merged=[1, 3]
101.4 fp=[1] true=[3] merged=[1, 3]
101.7 fp=[1] true=[3] merged=[1, 3]
102.0 fp=[5] true=[3] merged=[3, 5]
102.3 fp=[5] true=[3] merged=[3, 5]
102.6 fp=[5] true=[3] merged=[3, 5]
103.0 fp=[5] true=[3] merged=[3, 5]
103.3 fp=[5] true=[3] merged=[3, 5]
103.6 fp=[5] true=[3] merged=[3, 5]
103.9 fp=[5] true=[3] merged=[3, 5]
104.2 fp=[5] true=[3] merged=[3, 5]
104.5 fp=[5] true=[3] merged=[3, 5]
104.9 fp=[5] true=[3] merged=[3, 5]
105.2 fp=[5] true=[3] merged=[3, 5]
105.5 fp=[5] true=[3] merged=[3, 5]
105.8 fp=[5] true=[3] merged=[3, 5]
106.1 fp=[5] true=[3] merged=[3, 5]
106.4 fp=[5] true=[3] merged=[3, 5]
106.7 fp=[5] true=[3] merged=[3, 5]
107.0 fp=[5] true=[3] merged=[3, 5]
107.3 fp=[5] true=[3] merged=[3, 5]
107.7 fp=[5] true=[3] merged=[3, 5]
108.0 fp=[5] true=[3] merged=[3, 5]
108.3 fp=[5] true=[3] merged=[3, 5]
108.6 fp=[5] true=[3] merged=[3, 5]
108.9 fp=[5] true=[3] merged=[3, 5]
109.3 fp=[5] true=[3] merged=[3, 5]
109.6 fp=[5] true=[3] merged=[3, 5]
109.9 fp=[5] true=[3] merged=[3, 5]
110.2 fp=[5] true=[3] merged=[3, 5]
110.5 fp=[5] true=[3] merged=[3, 5]
110.8 fp=[5] true=[3] merged=[3, 5]
111.1 fp=[5] true=[3] merged=[3, 5]
111.4 fp=[5] true=[3] merged=[3, 5]
111.8 fp=[5] true=[3] merged=[3, 5]
112.1 fp=[5] true=[3] merged=[3, 5]
112.4 fp=[5] true=[3] merged=[3, 5]
112.7 fp=[5] true=[3] merged=[3, 5]
113.0 fp=[5] true=[3] merged=[3, 5]
113.3 fp=[5] true=[3] merged=[3, 5]
113.6 fp=[5] true=[3] merged=[3, 5]
113.9 fp=[5] true=[3] merged=[3, 5]
114.2 fp=[5] true=[3] merged=[3, 5]
114.5 fp=[5] true=[3] merged=[3, 5]
114.9 fp=[5] true=[3] merged=[3, 5]
115.2 fp=[4] true=[3] merged=[3, 4]
115.5 fp=[4] true=[3] merged=[3, 4]
115.8 fp=[4] true=[3] merged=[3, 4]
116.1 fp=[4] true=[3] merged=[3, 4]
116.4 fp=[4] true=[3] merged=[3, 4]
116.7 fp=[4] true=[3] merged=[3, 4]
117.1 fp=[4] true=[3] merged=[3, 4]
117.4 fp=[4] true=[3] merged=[3, 4]
117.7 fp=[4] true=[3] merged=[3, 4]
118.0 fp=[4] true=[3] merged=[3, 4]
118.3 fp=[4] true=[3] merged=[3, 4]
118.6 fp=[4] true=[3] merged=[3, 4]
118.9 fp=[4] true=[3] merged=[3, 4]
119.2 fp=[4] true=[3] merged=[3, 4]
119.6 fp=[4] true=[3] merged=[3, 4]
119.9 fp=[4] true=[3] merged=[3, 4]
120.2 fp=[4] true=[3] merged=[3, 4]
120.5 fp=[4] true=[3] merged=[3, 4]
120.8 fp=[4] true=[3] merged=[3, 4]
121.1 fp=[4] true=[3] merged=[3, 4]
121.4 fp=[4] true=[3] merged=[3, 4]
121.8 fp=[4] true=[3] merged=[3, 4]
122.1 fp=[4] true=[3] merged=[3, 4]
122.4 fp=[4] true=[3] merged=[3, 4]
122.7 fp=[4] true=[3] merged=[3, 4]
123.0 fp=[4] true=[3] merged=[3, 4]
123.3 fp=[4] true=[3] merged=[3, 4]
123.6 fp=[4] true=[3] merged=[3, 4]
123.9 fp=[4] true=[3] merged=[3, 4]
124.2 fp=[4] true=[3] merged=[3, 4]
124.5 fp=[4] true=[3] merged=[3, 4]
124.9 fp=[4] true=[3] merged=[3, 4]
125.2 fp=[4] true=[3] merged=[3, 4]
125.5 fp=[4] true=[3] merged=[3, 4]
125.8 fp=[4] true=[3] merged=[3, 4]
126.1 fp=[4] true=[3] merged=[3, 4]
126.4 fp=[4] true=[3] merged=[3, 4]
126.8 fp=[4] true=[3] merged=[3, 4]
127.1 fp=[4] true=[3] merged=[3, 4]
127.4 fp=[4] true=[3] merged=[3, 4]
127.7 fp=[4] true=[3] merged=[3, 4]
128.0 fp=[4] true=[3] merged=[3, 4]
128.3 fp=[4] true=[3] merged=[3, 4]
128.6 fp=[4] true=[3] merged=[3, 4]
129.0 fp=[4] true=[3] merged=[3, 4]
129.3 fp=[4] true=[3] merged=[3, 4]
129.6 fp=[4] true=[3] merged=[3, 4]
129.9 fp=[4] true=[3] merged=[3, 4]
130.2 fp=[4] true=[3] merged=[3, 4]
130.5 fp=[4] true=[3] merged=[3, 4]
130.8 fp=[4] true=[3] merged=[3, 4]
131.1 fp=[4] true=[3] merged=[3, 4]
131.5 fp=[4] true=[3] merged=[3, 4]
131.8 fp=[4] true=[3] merged=[3, 4]
132.1 fp=[4] true=[3] merged=[3, 4]
132.4 fp=[4] true=[3] merged=[3, 4]
132.7 fp=[4] true=[3] merged=[3, 4]
133.0 fp=[4] true=[3] merged=[3, 4]
133.3 fp=[4] true=[3] merged=[3, 4]
133.6 fp=[4] true=[3] merged=[3, 4]
133.9 fp=[4] true=[3] merged=[3, 4]
134.3 fp=[4] true=[3] merged=[3, 4]
134.6 fp=[4] true=[3] merged=[3, 4]
134.9 fp=[4] true=[3] merged=[3, 4]
135.2 fp=[5] true=[3] merged=[3, 5]
135.5 fp=[5] true=[3] merged=[3, 5]
135.8 fp=[5] true=[3] merged=[3, 5]
136.1 fp=[5] true=[3] merged=[3, 5]
136.4 fp=[5] true=[3] merged=[3, 5]
136.8 fp=[5] true=[3] merged=[3, 5]
137.1 fp=[5] true=[3] merged=[3, 5]
137.4 fp=[5] true=[3] merged=[3, 5]
137.7 fp=[5] true=[3] merged=[3, 5]
138.0 fp=[5] true=[3] merged=[3, 5]
138.3 fp=[5] true=[3] merged=[3, 5]
138.7 fp=[5] true=[3] merged=[3, 5]
139.0 fp=[5] true=[3] merged=[3, 5]
139.3 fp=[5] true=[3] merged=[3, 5]
139.6 fp=[5] true=[3] merged=[3, 5]
139.9 fp=[5] true=[3] merged=[3, 5]
140.2 fp=[5] true=[3] merged=[3, 5]
140.5 fp=[5] true=[3] merged=[3, 5]
140.8 fp=[5] true=[3] merged=[3, 5]
141.1 fp=[5] true=[3] merged=[3, 5]
141.5 fp=[5] true=[3] merged=[3, 5]
141.8 fp=[5] true=[3] merged=[3, 5]
142.1 fp=[5] true=[3] merged=[3, 5]
142.4 fp=[5] true=[3] merged=[3, 5]
142.7 fp=[5] true=[3] merged=[3, 5]
143.0 fp=[4] true=[3] merged=[3, 4]
143.3 fp=[4] true=[3] merged=[3, 4]
143.6 fp=[4] true=[3] merged=[3, 4]
143.9 fp=[4] true=[3] merged=[3, 4]
144.3 fp=[4] true=[3] merged=[3, 4]
144.6 fp=[4] true=[3] merged=[3, 4]
144.9 fp=[4] true=[3] merged=[3, 4]
145.2 fp=[4] true=[3] merged=[3, 4]
145.5 fp=[4] true=[3] merged=[3, 4]
145.8 fp=[4] true=[3] merged=[3, 4]
146.1 fp=[4] true=[3] merged=[3, 4]
146.5 fp=[4] true=[3] merged=[3, 4]
146.8 fp=[4] true=[3] merged=[3, 4]
147.1 fp=[4] true=[3] merged=[3, 4]
147.4 fp=[4] true=[3] merged=[3, 4]
147.7 fp=[4] true=[3] merged=[3, 4]
148.0 fp=[2] true=[3] merged=[2, 3]
148.3 fp=[2] true=[3] merged=[2, 3]
148.6 fp=[2] true=[3] merged=[2, 3]
149.0 fp=[2] true=[3] merged=[2, 3]
149.3 fp=[2] true=[3] merged=[2, 3]
149.6 fp=[2] true=[3] merged=[2, 3]
149.9 fp=[2] true=[3] merged=[2, 3]
150.2 fp=[2] true=[3] merged=[2, 3]
150.5 fp=[2] true=[3] merged=[2, 3]
150.8 fp=[2] true=[3] merged=[2, 3]
151.1 fp=[2] true=[3] merged=[2, 3]
151.5 fp=[2] true=[3] merged=[2, 3]
151.8 fp=[2] true=[3] merged=[2, 3]
152.1 fp=[2] true=[3] merged=[2, 3]
152.4 fp=[2] true=[3] merged=[2, 3]
152.7 fp=[2] true=[3] merged=[2, 3]
153.0 fp=[2] true=[3] merged=[2, 3]
153.3 fp=[2] true=[3] merged=[2, 3]
153.6 fp=[2] true=[3] merged=[2, 3]
153.9 fp=[2] true=[3] merged=[2, 3]
154.3 fp=[2] true=[3] merged=[2, 3]
154.6 fp=[2] true=[3] merged=[2, 3]
154.9 fp=[2] true=[3] merged=[2, 3]
155.2 fp=[2] true=[3] merged=[2, 3]
155.5 fp=[2] true=[3] merged=[2, 3]
155.8 fp=[2] true=[3] merged=[2, 3]
156.1 fp=[2] true=[3] merged=[2, 3]
156.5 fp=[2] true=[3] merged=[2, 3]
156.8 fp=[2] true=[3] merged=[2, 3]
157.1 fp=[2] true=[3] merged=[2, 3]
157.4 fp=[2] true=[3] merged=[2, 3]
157.7 fp=[2] true=[3] merged=[2, 3]
158.0 fp=[2] true=[3] merged=[2, 3]
158.3 fp=[2] true=[3] merged=[2, 3]
158.6 fp=[2] true=[3] merged=[2, 3]
158.9 fp=[2] true=[3] merged=[2, 3]
159.3 fp=[2] true=[3] merged=[2, 3]
159.6 fp=[2] true=[3] merged=[2, 3]
159.9 fp=[2] true=[3] merged=[2, 3]
160.2 fp=[2] true=[3] merged=[2, 3]
160.5 fp=[2] true=[3] merged=[2, 3]
160.9 fp=[2] true=[3] merged=[2, 3]
161.2 fp=[2] true=[3] merged=[2, 3]
161.5 fp=[2] true=[3] merged=[2, 3]
161.8 fp=[2] true=[3] merged=[2, 3]
162.1 fp=[2] true=[3] merged=[2, 3]
162.4 fp=[2] true=[3] merged=[2, 3]
162.7 fp=[2] true=[3] merged=[2, 3]
163.1 fp=[2] true=[3] merged=[2, 3]
163.4 fp=[2] true=[3] merged=[2, 3]
163.7 fp=[2] true=[3] merged=[2, 3]
164.0 fp=[2] true=[3] merged=[2, 3]
164.3 fp=[2] true=[3] merged=[2, 3]
164.6 fp=[2] true=[3] merged=[2, 3]
165.0 fp=[2] true=[3] merged=[2, 3]
165.3 fp=[2] true=[3] merged=[2, 3]
165.6 fp=[2] true=[3] merged=[2, 3]
165.9 fp=[2] true=[3] merged=[2, 3]
166.2 fp=[2] true=[3] merged=[2, 3]
166.5 fp=[2] true=[3] merged=[2, 3]
166.8 fp=[2] true=[3] merged=[2, 3]
167.1 fp=[2] true=[3] merged=[2, 3]
167.4 fp=[2] true=[3] merged=[2, 3]
167.8 fp=[2] true=[3] merged=[2, 3]
168.1 fp=[4] true=[3] merged=[3, 4]
168.4 fp=[4] true=[3] merged=[3, 4]
168.7 fp=[4] true=[3] merged=[3, 4]
169.0 fp=[2] true=[3] merged=[2, 3]
169.4 fp=[2] true=[3] merged=[2, 3]
169.7 fp=[2] true=[3] merged=[2, 3]
170.0 fp=[2] true=[3] merged=[2, 3]
170.3 fp=[2] true=[3] merged=[2, 3]
170.6 fp=[2] true=[3] merged=[2, 3]
170.9 fp=[2] true=[3] merged=[2, 3]
171.2 fp=[2] true=[3] merged=[2, 3]
171.5 fp=[2] true=[3] merged=[2, 3]
171.9 fp=[2] true=[3] merged=[2, 3]
172.2 fp=[2] true=[3] merged=[2, 3]
172.5 fp=[2] true=[3] merged=[2, 3]
172.8 fp=[2] true=[3] merged=[2, 3]
173.1 fp=[2] true=[3] merged=[2, 3]
173.4 fp=[2] true=[3] merged=[2, 3]
173.7 fp=[2] true=[3] merged=[2, 3]
174.0 fp=[2] true=[3] merged=[2, 3]
174.4 fp=[2] true=[3] merged=[2, 3]
174.7 fp=[2] true=[3] merged=[2, 3]
175.0 fp=[2] true=[3] merged=[2, 3]
175.3 fp=[2] true=[3] merged=[2, 3]
175.6 fp=[2] true=[3] merged=[2, 3]
175.9 fp=[2] true=[3] merged=[2, 3]
176.2 fp=[2] true=[3] merged=[2, 3]
176.6 fp=[2] true=[3] merged=[2, 3]
176.9 fp=[2] true=[3] merged=[2, 3]
177.2 fp=[2] true=[3] merged=[2, 3]
177.5 fp=[2] true=[3] merged=[2, 3]
177.8 fp=[2] true=[3] merged=[2, 3]
178.1 fp=[2] true=[3] merged=[2, 3]
178.4 fp=[2] true=[3] merged=[2, 3]
178.7 fp=[2] true=[3] merged=[2, 3]
179.0 fp=[2] true=[3] merged=[2, 3]
179.4 fp=[2] true=[3] merged=[2, 3]
179.7 fp=[2] true=[3] merged=[2, 3]
180.0 fp=[2] true=[3] merged=[2, 3]
180.3 fp=[2] true=[3] merged=[2, 3]
180.6 fp=[2] true=[3] merged=[2, 3]
180.9 fp=[2] true=[3] merged=[2, 3]
181.2 fp=[2] true=[3] merged=[2, 3]
181.5 fp=[2] true=[3] merged=[2, 3]
181.9 fp=[2] true=[3] merged=[2, 3]
182.2 fp=[2] true=[3] merged=[2, 3]
182.5 fp=[2] true=[3] merged=[2, 3]
182.8 fp=[2] true=[3] merged=[2, 3]
183.1 fp=[2] true=[3] merged=[2, 3]
183.4 fp=[2] true=[3] merged=[2, 3]
183.8 fp=[2] true=[3] merged=[2, 3]
184.1 fp=[2] true=[3] merged=[2, 3]
184.4 fp=[2] true=[3] merged=[2, 3]
184.8 fp=[2] true=[3] merged=[2, 3]
185.1 fp=[2] true=[3] merged=[2, 3]
185.4 fp=[2] true=[3] merged=[2, 3]
185.7 fp=[2] true=[3] merged=[2, 3]
186.0 fp=[2] true=[3] merged=[2, 3]
186.3 fp=[2] true=[3] merged=[2, 3]
186.6 fp=[2] true=[3] merged=[2, 3]
187.0 fp=[2] true=[3] merged=[2, 3]
187.3 fp=[2] true=[3] merged=[2, 3]
187.6 fp=[2] true=[3] merged=[2, 3]
187.9 fp=[2] true=[3] merged=[2, 3]
188.2 fp=[2] true=[3] merged=[2, 3]
188.5 fp=[2] true=[3] merged=[2, 3]
188.8 fp=[2] true=[3] merged=[2, 3]
189.1 fp=[2] true=[3] merged=[2, 3]
189.4 fp=[2] true=[3] merged=[2, 3]
189.8 fp=[2] true=[3] merged=[2, 3]
190.1 fp=[2] true=[3] merged=[2, 3]
190.4 fp=[2] true=[3] merged=[2, 3]
190.7 fp=[2] true=[3] merged=[2, 3]
191.0 fp=[2] true=[3] merged=[2, 3]
191.3 fp=[2] true=[3] merged=[2, 3]
191.6 fp=[2] true=[3] merged=[2, 3]
191.9 fp=[2] true=[3] merged=[2, 3]
192.2 fp=[2] true=[3] merged=[2, 3]
192.6 fp=[2] true=[3] merged=[2, 3]
192.9 fp=[2] true=[3] merged=[2, 3]
193.2 fp=[1] true=[3] merged=[1, 3]
193.5 fp=[1] true=[3] merged=[1, 3]
193.8 fp=[1] true=[3] merged=[1, 3]
194.1 fp=[1] true=[3] merged=[1, 3]
194.4 fp=[1] true=[3] merged=[1, 3]
194.7 fp=[1] true=[3] merged=[1, 3]
195.0 fp=[1] true=[3] merged=[1, 3]
195.3 fp=[1] true=[3] merged=[1, 3]
195.7 fp=[1] true=[3] merged=[1, 3]
196.0 fp=[1] true=[3] merged=[1, 3]
196.3 fp=[1] true=[3] merged=[1, 3]
196.6 fp=[1] true=[3] merged=[1, 3]
196.9 fp=[1] true=[3] merged=[1, 3]
197.2 fp=[1] true=[3] merged=[1, 3]
197.5 fp=[1] true=[3] merged=[1, 3]
197.8 fp=[1] true=[3] merged=[1, 3]
198.2 fp=[1] true=[3] merged=[1, 3]
198.5 fp=[1] true=[3] merged=[1, 3]
198.8 fp=[1] true=[3] merged=[1, 3]
199.1 fp=[1] true=[3] merged=[1, 3]
199.4 fp=[1] true=[3] merged=[1, 3]
199.7 fp=[1] true=[3] merged=[1, 3]
200.0 fp=[1] true=[3] merged=[1, 3]
200.3 fp=[1] true=[3] merged=[1, 3]
200.6 fp=[1] true=[3] merged=[1, 3]
201.0 fp=[1] true=[3] merged=[1, 3]
201.3 fp=[1] true=[3] merged=[1, 3]
201.6 fp=[1] true=[3] merged=[1, 3]
201.9 fp=[1] true=[3] merged=[1, 3]
202.2 fp=[1] true=[3] merged=[1, 3]
202.5 fp=[1] true=[3] merged=[1, 3]
202.8 fp=[1] true=[3] merged=[1, 3]
203.1 fp=[1] true=[3] merged=[1, 3]
203.5 fp=[1] true=[3] merged=[1, 3]
203.8 fp=[1] true=[3] merged=[1, 3]
204.1 fp=[1] true=[3] merged=[1, 3]
204.4 fp=[1] true=[3] merged=[1, 3]
204.8 fp=[1] true=[3] merged=[1, 3]
205.1 fp=[1] true=[3] merged=[1, 3]
205.4 fp=[1] true=[3] merged=[1, 3]
205.7 fp=[1] true=[3] merged=[1, 3]
206.0 fp=[1] true=[3] merged=[1, 3]
206.3 fp=[1] true=[3] merged=[1, 3]
206.7 fp=[1] true=[3] merged=[1, 3]
207.0 fp=[1] true=[3] merged=[1, 3]
207.3 fp=[1] true=[3] merged=[1, 3]
207.6 fp=[1] true=[3] merged=[1, 3]
207.9 fp=[1] true=[3] merged=[1, 3]
208.2 fp=[1] true=[3] merged=[1, 3]
208.5 fp=[1] true=[3] merged=[1, 3]
208.9 fp=[1] true=[3] merged=[1, 3]
209.2 fp=[1] true=[3] merged=[1, 3]
209.5 fp=[1] true=[3] merged=[1, 3]
209.8 fp=[1] true=[3] merged=[1, 3]
210.1 fp=[1] true=[3] merged=[1, 3]
210.4 fp=[1] true=[3] merged=[1, 3]
210.7 fp=[1] true=[3] merged=[1, 3]
211.0 fp=[1] true=[3] merged=[1, 3]
211.3 fp=[1] true=[3] merged=[1, 3]
211.6 fp=[1] true=[3] merged=[1, 3]
211.9 fp=[1] true=[3] merged=[1, 3]
212.3 fp=[1] true=[3] merged=[1, 3]
212.6 fp=[1] true=[3] merged=[1, 3]
212.9 fp=[1] true=[3] merged=[1, 3]
213.2 fp=[1] true=[3] merged=[1, 3]
213.5 fp=[1] true=[3] merged=[1, 3]
213.8 fp=[1] true=[3] merged=[1, 3]
214.1 fp=[1] true=[3] merged=[1, 3]
214.4 fp=[1] true=[3] merged=[1, 3]
214.8 fp=[1] true=[3] merged=[1, 3]
215.1 fp=[2] true=[3] merged=[2, 3]
215.4 fp=[2] true=[3] merged=[2, 3]
215.7 fp=[2] true=[3] merged=[2, 3]
216.1 fp=[4] true=[3] merged=[3, 4]
216.4 fp=[4] true=[3] merged=[3, 4]
216.7 fp=[4] true=[3] merged=[3, 4]
217.0 fp=[4] true=[3] merged=[3, 4]
217.3 fp=[4] true=[3] merged=[3, 4]
217.6 fp=[4] true=[3] merged=[3, 4]
217.9 fp=[4] true=[3] merged=[3, 4]
218.2 fp=[4] true=[3] merged=[3, 4]
218.6 fp=[4] true=[3] merged=[3, 4]
218.9 fp=[4] true=[3] merged=[3, 4]
219.2 fp=[4] true=[3] merged=[3, 4]
219.5 fp=[4] true=[3] merged=[3, 4]
219.8 fp=[4] true=[3] merged=[3, 4]
220.1 fp=[4] true=[3] merged=[3, 4]
220.4 fp=[4] true=[3] merged=[3, 4]
220.7 fp=[4] true=[3] merged=[3, 4]
221.1 fp=[4] true=[3] merged=[3, 4]
221.4 fp=[4] true=[3] merged=[3, 4]
221.7 fp=[4] true=[3] merged=[3, 4]
222.0 fp=[4] true=[3] merged=[3, 4]
222.3 fp=[4] true=[3] merged=[3, 4]
222.6 fp=[4] true=[3] merged=[3, 4]
222.9 fp=[4] true=[3] merged=[3, 4]
223.3 fp=[4] true=[3] merged=[3, 4]
223.6 fp=[4] true=[3] merged=[3, 4]
223.9 fp=[4] true=[3] merged=[3, 4]
224.2 fp=[4] true=[3] merged=[3, 4]
224.5 fp=[4] true=[3] merged=[3, 4]
224.8 fp=[4] true=[3] merged=[3, 4]
225.1 fp=[4] true=[3] merged=[3, 4]
225.5 fp=[4] true=[3] merged=[3, 4]
225.8 fp=[4] true=[3] merged=[3, 4]
226.1 fp=[4] true=[3] merged=[3, 4]
226.4 fp=[4] true=[3] merged=[3, 4]
226.7 fp=[4] true=[3] merged=[3, 4]
227.0 fp=[4] true=[3] merged=[3, 4]
227.3 fp=[1] true=[3] merged=[1, 3]
227.6 fp=[1] true=[3] merged=[1, 3]
227.9 fp=[1] true=[3] merged=[1, 3]
228.3 fp=[1] true=[3] merged=[1, 3]
228.6 fp=[1] true=[3] merged=[1, 3]
228.9 fp=[1] true=[3] merged=[1, 3]
229.2 fp=[1] true=[3] merged=[1, 3]
229.5 fp=[1] true=[3] merged=[1, 3]
229.8 fp=[1] true=[3] merged=[1, 3]
230.1 fp=[1] true=[3] merged=[1, 3]
230.4 fp=[1] true=[3] merged=[1, 3]
230.7 fp=[1] true=[3] merged=[1, 3]
231.1 fp=[1] true=[3] merged=[1, 3]
231.4 fp=[1] true=[3] merged=[1, 3]
231.7 fp=[1] true=[3] merged=[1, 3]
232.0 fp=[1] true=[3] merged=[1, 3]
232.3 fp=[1] true=[3] merged=[1, 3]
232.6 fp=[1] true=[3] merged=[1, 3]
232.9 fp=[1] true=[3] merged=[1, 3]
233.2 fp=[1] true=[3] merged=[1, 3]
233.6 fp=[1] true=[3] merged=[1, 3]
233.9 fp=[1] true=[3] merged=[1, 3]
234.2 fp=[1] true=[3] merged=[1, 3]
234.5 fp=[1] true=[3] merged=[1, 3]
234.8 fp=[1] true=[3] merged=[1, 3]
235.2 fp=[1] true=[3] merged=[1, 3]
235.5 fp=[1] true=[3] merged=[1, 3]
235.8 fp=[1] true=[3] merged=[1, 3]
236.1 fp=[1] true=[3] merged=[1, 3]
236.4 fp=[1] true=[3] merged=[1, 3]
236.7 fp=[1] true=[3] merged=[1, 3]
237.0 fp=[1] true=[3] merged=[1, 3]
237.4 fp=[1] true=[3] merged=[1, 3]
237.7 fp=[1] true=[3] merged=[1, 3]
238.0 fp=[1] true=[3] merged=[1, 3]
238.3 fp=[1] true=[3] merged=[1, 3]
238.6 fp=[1] true=[3] merged=[1, 3]
238.9 fp=[1] true=[3] merged=[1, 3]
239.2 fp=[1] true=[3] merged=[1, 3]
239.6 fp=[1] true=[3] merged=[1, 3]
239.9 fp=[1] true=[3] merged=[1, 3]
240.2 fp=[1] true=[3] merged=[1, 3]
240.5 fp=[1] true=[3] merged=[1, 3]
240.8 fp=[1] true=[3] merged=[1, 3]
241.1 fp=[1] true=[3] merged=[1, 3]
241.4 fp=[1] true=[3] merged=[1, 3]
241.7 fp=[1] true=[3] merged=[1, 3]
242.1 fp=[1] true=[3] merged=[1, 3]
242.4 fp=[1] true=[3] merged=[1, 3]
242.7 fp=[1] true=[3] merged=[1, 3]
243.0 fp=[1] true=[3] merged=[1, 3]
243.4 fp=[1] true=[3] merged=[1, 3]
243.7 fp=[1] true=[3] merged=[1, 3]
244.0 fp=[1] true=[3] merged=[1, 3]
244.3 fp=[1] true=[3] merged=[1, 3]
244.6 fp=[1] true=[3] merged=[1, 3]
245.0 fp=[1] true=[3] merged=[1, 3]
245.3 fp=[1] true=[3] merged=[1, 3]
245.6 fp=[1] true=[3] merged=[1, 3]
245.9 fp=[1] true=[3] merged=[1, 3]
246.2 fp=[1] true=[3] merged=[1, 3]
246.5 fp=[1] true=[3] merged=[1, 3]
246.8 fp=[1] true=[3] merged=[1, 3]
247.1 fp=[1] true=[3] merged=[1, 3]
247.5 fp=[1] true=[3] merged=[1, 3]
247.8 fp=[1] true=[3] merged=[1, 3]
248.1 fp=[1] true=[3] merged=[1, 3]
248.4 fp=[1] true=[3] merged=[1, 3]
248.7 fp=[1] true=[3] merged=[1, 3]
249.0 fp=[1] true=[3] merged=[1, 3]
249.3 fp=[1] true=[3] merged=[1, 3]
249.6 fp=[1] true=[3] merged=[1, 3]
249.9 fp=[1] true=[3] merged=[1, 3]
250.3 fp=[1] true=[3] merged=[1, 3]
250.6 fp=[1] true=[3] merged=[1, 3]
250.9 fp=[1] true=[3] merged=[1, 3]
251.2 fp=[1] true=[3] merged=[1, 3]
251.5 fp=[1] true=[3] merged=[1, 3]
251.8 fp=[1] true=[3] merged=[1, 3]
252.1 fp=[1] true=[3] merged=[1, 3]
252.5 fp=[1] true=[3] merged=[1, 3]
252.8 fp=[1] true=[3] merged=[1, 3]
253.1 fp=[1] true=[3] merged=[1, 3]
253.4 fp=[1] true=[3] merged=[1, 3]
253.7 fp=[1] true=[3] merged=[1, 3]
254.0 fp=[1] true=[3] merged=[1, 3]
254.3 fp=[1] true=[3] merged=[1, 3]
254.7 fp=[1] true=[3] merged=[1, 3]
255.0 fp=[1] true=[3] merged=[1, 3]
255.3 fp=[1] true=[3] merged=[1, 3]
255.6 fp=[1] true=[3] merged=[1, 3]
255.9 fp=[1] true=[3] merged=[1, 3]
256.2 fp=[1] true=[3] merged=[1, 3]
256.6 fp=[1] true=[3] merged=[1, 3]
256.9 fp=[1] true=[3] merged=[1, 3]
257.2 fp=[1] true=[3] merged=[1, 3]
257.5 fp=[1] true=[3] merged=[1, 3]
257.8 fp=[1] true=[3] merged=[1, 3]
258.1 fp=[1] true=[3] merged=[1, 3]
258.4 fp=[1] true=[3] merged=[1, 3]
258.7 fp=[1] true=[3] merged=[1, 3]
259.1 fp=[1] true=[3] merged=[1, 3]
259.4 fp=[1] true=[3] merged=[1, 3]
259.7 fp=[1] true=[3] merged=[1, 3]
260.0 fp=[1] true=[3] merged=[1, 3]
260.3 fp=[1] true=[3] merged=[1, 3]
260.6 fp=[1] true=[3] merged=[1, 3]
260.9 fp=[1] true=[3] merged=[1, 3]
261.2 fp=[1] true=[3] merged=[1, 3]
261.6 fp=[1] true=[3] merged=[1, 3]
261.9 fp=[1] true=[3] merged=[1, 3]
262.2 fp=[1] true=[3] merged=[1, 3]
262.5 fp=[1] true=[3] merged=[1, 3]
262.8 fp=[1] true=[3] merged=[1, 3]
263.1 fp=[1] true=[3] merged=[1, 3]
263.4 fp=[1] true=[3] merged=[1, 3]
263.7 fp=[1] true=[3] merged=[1, 3]
264.1 fp=[1] true=[3] merged=[1, 3]
264.4 fp=[1] true=[3] merged=[1, 3]
264.7 fp=[1] true=[3] merged=[1, 3]
265.0 fp=[1] true=[3] merged=[1, 3]
265.3 fp=[1] true=[3] merged=[1, 3]
265.6 fp=[1] true=[3] merged=[1, 3]
266.0 fp=[1] true=[3] merged=[1, 3]
266.3 fp=[1] true=[3] merged=[1, 3]
266.6 fp=[1] true=[3] merged=[1, 3]
266.9 fp=[1] true=[3] merged=[1, 3]
267.2 fp=[1] true=[3] merged=[1, 3]
267.5 fp=[1] true=[3] merged=[1, 3]
267.9 fp=[1] true=[3] merged=[1, 3]
268.2 fp=[1] true=[3] merged=[1, 3]
268.5 fp=[1] true=[3] merged=[1, 3]
268.8 fp=[1] true=[3] merged=[1, 3]
269.1 fp=[1] true=[3] merged=[1, 3]
269.4 fp=[1] true=[3] merged=[1, 3]
269.8 fp=[1] true=[3] merged=[1, 3]
270.1 fp=[1] true=[3] merged=[1, 3]
270.4 fp=[1] true=[3] merged=[1, 3]
270.7 fp=[1] true=[3] merged=[1, 3]
271.0 fp=[1] true=[3] merged=[1, 3]
271.3 fp=[1] true=[3] merged=[1, 3]
271.6 fp=[1] true=[3] merged=[1, 3]
272.0 fp=[1] true=[3] merged=[1, 3]
272.3 fp=[1] true=[3] merged=[1, 3]
272.6 fp=[1] true=[3] merged=[1, 3]
272.9 fp=[1] true=[3] merged=[1, 3]
273.2 fp=[1] true=[3] merged=[1, 3]
273.5 fp=[1] true=[3] merged=[1, 3]
273.8 fp=[1] true=[3] merged=[1, 3]
274.1 fp=[1] true=[3] merged=[1, 3]
274.4 fp=[1] true=[3] merged=[1, 3]
274.8 fp=[1] true=[3] merged=[1, 3]
275.1 fp=[1] true=[3] merged=[1, 3]
275.4 fp=[1] true=[3] merged=[1, 3]
275.7 fp=[1] true=[3] merged=[1, 3]
276.0 fp=[1] true=[3] merged=[1, 3]
276.3 fp=[1] true=[3] merged=[1, 3]
276.6 fp=[1] true=[3] merged=[1, 3]
276.9 fp=[1] true=[3] merged=[1, 3]
277.3 fp=[1] true=[3] merged=[1, 3]
277.6 fp=[1] true=[3] merged=[1, 3]
277.9 fp=[1] true=[3] merged=[1, 3]
278.2 fp=[1] true=[3] merged=[1, 3]
278.5 fp=[1] true=[3] merged=[1, 3]
278.8 fp=[1] true=[3] merged=[1, 3]
279.1 fp=[1] true=[3] merged=[1, 3]
279.4 fp=[1] true=[3] merged=[1, 3]
279.8 fp=[1] true=[3] merged=[1, 3]
280.1 fp=[1] true=[3] merged=[1, 3]
280.4 fp=[1] true=[3] merged=[1, 3]
280.7 fp=[1] true=[3] merged=[1, 3]
281.0 fp=[1] true=[3] merged=[1, 3]
281.3 fp=[1] true=[3] merged=[1, 3]
281.6 fp=[1] true=[3] merged=[1, 3]
281.9 fp=[1] true=[3] merged=[1, 3]
282.3 fp=[1] true=[3] merged=[1, 3]
282.6 fp=[1] true=[3] merged=[1, 3]
282.9 fp=[1] true=[3] merged=[1, 3]
283.2 fp=[1] true=[3] merged=[1, 3]
283.5 fp=[1] true=[3] merged=[1, 3]
283.8 fp=[1] true=[3] merged=[1, 3]
284.1 fp=[1] true=[3] merged=[1, 3]
284.4 fp=[1] true=[3] merged=[1, 3]
284.8 fp=[1] true=[3] merged=[1, 3]
285.1 fp=[1] true=[3] merged=[1, 3]
285.4 fp=[1] true=[3] merged=[1, 3]
285.7 fp=[1] true=[3] merged=[1, 3]
286.0 fp=[1] true=[3] merged=[1, 3]
286.3 fp=[1] true=[3] merged=[1, 3]
286.6 fp=[1] true=[3] merged=[1, 3]
287.0 fp=[1] true=[3] merged=[1, 3]
287.3 fp=[1] true=[3] merged=[1, 3]
287.6 fp=[1] true=[3] merged=[1, 3]
287.9 fp=[1] true=[3] merged=[1, 3]
288.2 fp=[1] true=[3] merged=[1, 3]
288.5 fp=[1] true=[3] merged=[1, 3]
288.8 fp=[1] true=[3] merged=[1, 3]
289.1 fp=[1] true=[3] merged=[1, 3]
289.4 fp=[1] true=[3] merged=[1, 3]
289.7 fp=[1] true=[3] merged=[1, 3]
290.0 fp=[1] true=[3] merged=[1, 3]
290.4 fp=[1] true=[3] merged=[1, 3]
290.7 fp=[1] true=[3] merged=[1, 3]
291.0 fp=[1] true=[3] merged=[1, 3]
291.3 fp=[1] true=[3] merged=[1, 3]
291.6 fp=[1] true=[3] merged=[1, 3]
291.9 fp=[1] true=[3] merged=[1, 3]
292.2 fp=[1] true=[3] merged=[1, 3]
292.5 fp=[1] true=[3] merged=[1, 3]
292.9 fp=[1] true=[3] merged=[1, 3]
293.2 fp=[1] true=[3] merged=[1, 3]
293.5 fp=[1] true=[3] merged=[1, 3]
293.8 fp=[1] true=[3] merged=[1, 3]
294.1 fp=[1] true=[3] merged=[1, 3]
294.4 fp=[1] true=[3] merged=[1, 3]
294.7 fp=[1] true=[3] merged=[1, 3]
295.0 fp=[1] true=[3] merged=[1, 3]
295.4 fp=[1] true=[3] merged=[1, 3]
295.7 fp=[1] true=[3] merged=[1, 3]
296.0 fp=[1] true=[3] merged=[1, 3]
296.3 fp=[1] true=[3] merged=[1, 3]
296.6 fp=[1] true=[3] merged=[1, 3]
296.9 fp=[1] true=[3] merged=[1, 3]
297.3 fp=[1] true=[3] merged=[1, 3]
297.6 fp=[1] true=[3] merged=[1, 3]
297.9 fp=[1] true=[3] merged=[1, 3]
298.2 fp=[1] true=[3] merged=[1, 3]
298.5 fp=[1] true=[3] merged=[1, 3]
298.8 fp=[1] true=[3] merged=[1, 3]
299.1 fp=[1] true=[3] merged=[1, 3]
299.5 fp=[1] true=[3] merged=[1, 3]
299.8 fp=[1] true=[3] merged=[1, 3]
300.1 fp=[1] true=[3] merged=[1, 3]
300.4 fp=[1] true=[3] merged=[1, 3]
300.7 fp=[1] true=[3] merged=[1, 3]
301.0 fp=[1] true=[3] merged=[1, 3]
301.4 fp=[1] true=[3] merged=[1, 3]
301.7 fp=[1] true=[3] merged=[1, 3]
302.0 fp=[1] true=[3] merged=[1, 3]
302.3 fp=[1] true=[3] merged=[1, 3]
302.6 fp=[1] true=[3] merged=[1, 3]
302.9 fp=[1] true=[3] merged=[1, 3]
303.2 fp=[1] true=[3] merged=[1, 3]
303.5 fp=[1] true=[3] merged=[1, 3]
303.9 fp=[1] true=[3] merged=[1, 3]
304.2 fp=[1] true=[3] merged=[1, 3]
304.5 fp=[1] true=[3] merged=[1, 3]
304.8 fp=[1] true=[3] merged=[1, 3]
305.1 fp=[1] true=[3] merged=[1, 3]
305.4 fp=[1] true=[3] merged=[1, 3]
305.7 fp=[1] true=[3] merged=[1, 3]
306.0 fp=[1] true=[3] merged=[1, 3]
306.3 fp=[1] true=[3] merged=[1, 3]
306.7 fp=[1] true=[3] merged=[1, 3]
307.0 fp=[1] true=[3] merged=[1, 3]
307.3 fp=[1] true=[3] merged=[1, 3]
307.6 fp=[1] true=[3] merged=[1, 3]
307.9 fp=[1] true=[3] merged=[1, 3]
308.2 fp=[1] true=[3] merged=[1, 3]
308.5 fp=[1] true=[3] merged=[1, 3]
308.8 fp=[1] true=[3] merged=[1, 3]
309.2 fp=[6] true=[3] merged=[3, 6]
309.5 fp=[6] true=[3] merged=[3, 6]
309.8 fp=[6] true=[3] merged=[3, 6]
310.1 fp=[6] true=[3] merged=[3, 6]
310.4 fp=[6] true=[3] merged=[3, 6]
310.7 fp=[6] true=[3] merged=[3, 6]
311.0 fp=[5] true=[3] merged=[3, 5]
311.3 fp=[5] true=[3] merged=[3, 5]
311.7 fp=[5] true=[3] merged=[3, 5]
312.0 fp=[5] true=[3] merged=[3, 5]
312.3 fp=[5] true=[3] merged=[3, 5]
312.6 fp=[5] true=[3] merged=[3, 5]
313.0 fp=[5] true=[3] merged=[3, 5]
313.3 fp=[5] true=[3] merged=[3, 5]
313.6 fp=[5] true=[3] merged=[3, 5]
313.9 fp=[5] true=[3] merged=[3, 5]
314.2 fp=[4] true=[3] merged=[3, 4]
314.5 fp=[4] true=[3] merged=[3, 4]
314.8 fp=[4] true=[3] merged=[3, 4]
315.2 fp=[4] true=[3] merged=[3, 4]
315.5 fp=[4] true=[3] merged=[3, 4]
315.8 fp=[4] true=[3] merged=[3, 4]
316.1 fp=[4] true=[3] merged=[3, 4]
316.4 fp=[4] true=[3] merged=[3, 4]
316.7 fp=[4] true=[3] merged=[3, 4]
317.0 fp=[4] true=[3] merged=[3, 4]
317.3 fp=[4] true=[3] merged=[3, 4]
317.7 fp=[4] true=[3] merged=[3, 4]
318.0 fp=[4] true=[3] merged=[3, 4]
318.3 fp=[4] true=[3] merged=[3, 4]
318.6 fp=[4] true=[3] merged=[3, 4]
318.9 fp=[4] true=[3] merged=[3, 4]
319.2 fp=[4] true=[3] merged=[3, 4]
319.5 fp=[4] true=[3] merged=[3, 4]
319.8 fp=[4] true=[3] merged=[3, 4]
320.1 fp=[4] true=[3] merged=[3, 4]
320.5 fp=[4] true=[3] merged=[3, 4]
320.8 fp=[4] true=[3] merged=[3, 4]
321.1 fp=[4] true=[3] merged=[3, 4]
321.4 fp=[4] true=[3] merged=[3, 4]
321.7 fp=[4] true=[3] merged=[3, 4]
322.0 fp=[4] true=[3] merged=[3, 4]
322.3 fp=[4] true=[3] merged=[3, 4]
322.6 fp=[4] true=[3] merged=[3, 4]
322.9 fp=[4] true=[3] merged=[3, 4]
323.3 fp=[4] true=[3] merged=[3, 4]
323.6 fp=[4] true=[3] merged=[3, 4]
323.9 fp=[4] true=[3] merged=[3, 4]
324.2 fp=[4] true=[3] merged=[3, 4]
324.5 fp=[4] true=[3] merged=[3, 4]
324.8 fp=[4] true=[3] merged=[3, 4]
325.1 fp=[4] true=[3] merged=[3, 4]
325.5 fp=[4] true=[3] merged=[3, 4]
325.8 fp=[4] true=[3] merged=[3, 4]
326.1 fp=[4] true=[3] merged=[3, 4]
326.4 fp=[4] true=[3] merged=[3, 4]
326.7 fp=[4] true=[3] merged=[3, 4]
327.0 fp=[4] true=[3] merged=[3, 4]
327.3 fp=[4] true=[3] merged=[3, 4]
327.6 fp=[4] true=[3] merged=[3, 4]
327.9 fp=[4] true=[3] merged=[3, 4]
328.2 fp=[4] true=[3] merged=[3, 4]
328.6 fp=[4] true=[3] merged=[3, 4]
328.9 fp=[4] true=[3] merged=[3, 4]
329.2 fp=[4] true=[3] merged=[3, 4]
329.5 fp=[4] true=[3] merged=[3, 4]
329.8 fp=[4] true=[3] merged=[3, 4]
330.1 fp=[4] true=[3] merged=[3, 4]
330.4 fp=[4] true=[3] merged=[3, 4]
330.7 fp=[4] true=[3] merged=[3, 4]
331.0 fp=[1] true=[3] merged=[1, 3]
331.4 fp=[1] true=[3] merged=[1, 3]
331.7 fp=[1] true=[3] merged=[1, 3]
332.0 fp=[1] true=[3] merged=[1, 3]
332.3 fp=[1] true=[3] merged=[1, 3]
332.6 fp=[1] true=[3] merged=[1, 3]
332.9 fp=[1] true=[3] merged=[1, 3]
333.2 fp=[1] true=[3] merged=[1, 3]
333.5 fp=[1] true=[3] merged=[1, 3]
333.9 fp=[1] true=[3] merged=[1, 3]
334.2 fp=[1] true=[3] merged=[1, 3]
334.5 fp=[1] true=[3] merged=[1, 3]
334.8 fp=[1] true=[3] merged=[1, 3]
335.1 fp=[1] true=[3] merged=[1, 3]
335.4 fp=[1] true=[3] merged=[1, 3]
335.7 fp=[1] true=[3] merged=[1, 3]
336.0 fp=[1] true=[3] merged=[1, 3]
336.4 fp=[1] true=[3] merged=[1, 3]
336.7 fp=[1] true=[3] merged=[1, 3]
337.0 fp=[1] true=[3] merged=[1, 3]
337.3 fp=[1] true=[3] merged=[1, 3]
337.6 fp=[1] true=[3] merged=[1, 3]
337.9 fp=[1] true=[3] merged=[1, 3]
338.2 fp=[1] true=[3] merged=[1, 3]
338.5 fp=[1] true=[3] merged=[1, 3]
338.8 fp=[1] true=[3] merged=[1, 3]
339.2 fp=[1] true=[3] merged=[1, 3]
339.5 fp=[1] true=[3] merged=[1, 3]
339.8 fp=[1] true=[3] merged=[1, 3]
340.1 fp=[1] true=[3] merged=[1, 3]
340.4 fp=[1] true=[3] merged=[1, 3]
340.7 fp=[1] true=[3] merged=[1, 3]
341.0 fp=[1] true=[3] merged=[1, 3]
341.3 fp=[1] true=[3] merged=[1, 3]
341.6 fp=[1] true=[3] merged=[1, 3]
342.0 fp=[1] true=[3] merged=[1, 3]
342.3 fp=[1] true=[3] merged=[1, 3]
342.6 fp=[1] true=[3] merged=[1, 3]
342.9 fp=[1] true=[3] merged=[1, 3]
343.2 fp=[1] true=[3] merged=[1, 3]
343.5 fp=[1] true=[3] merged=[1, 3]
343.8 fp=[1] true=[3] merged=[1, 3]
344.1 fp=[1] true=[3] merged=[1, 3]
344.5 fp=[1] true=[3] merged=[1, 3]
344.8 fp=[1] true=[3] merged=[1, 3]
345.1 fp=[1] true=[3] merged=[1, 3]
345.4 fp=[1] true=[3] merged=[1, 3]
345.7 fp=[1] true=[3] merged=[1, 3]
346.0 fp=[1] true=[3] merged=[1, 3]
346.3 fp=[1] true=[3] merged=[1, 3]
346.7 fp=[1] true=[3] merged=[1, 3]
347.0 fp=[1] true=[3] merged=[1, 3]
347.3 fp=[1] true=[3] merged=[1, 3]
347.6 fp=[1] true=[3] merged=[1, 3]
347.9 fp=[1] true=[3] merged=[1, 3]
348.2 fp=[1] true=[3] merged=[1, 3]
348.5 fp=[1] true=[3] merged=[1, 3]
348.8 fp=[1] true=[3] merged=[1, 3]
349.1 fp=[1] true=[3] merged=[1, 3]
349.4 fp=[1] true=[3] merged=[1, 3]
349.8 fp=[1] true=[3] merged=[1, 3]
350.1 fp=[1] true=[3] merged=[1, 3]
350.4 fp=[1] true=[3] merged=[1, 3]
350.7 fp=[1] true=[3] merged=[1, 3]
351.0 fp=[1] true=[3] merged=[1, 3]
351.3 fp=[1] true=[3] merged=[1, 3]
351.6 fp=[1] true=[3] merged=[1, 3]
352.0 fp=[1] true=[3] merged=[1, 3]
352.3 fp=[1] true=[3] merged=[1, 3]
352.6 fp=[1] true=[3] merged=[1, 3]
352.9 fp=[1] true=[3] merged=[1, 3]
353.2 fp=[1] true=[3] merged=[1, 3]
353.5 fp=[1] true=[3] merged=[1, 3]
353.8 fp=[1] true=[3] merged=[1, 3]
354.1 fp=[1] true=[3] merged=[1, 3]
354.4 fp=[1] true=[3] merged=[1, 3]
354.7 fp=[1] true=[3] merged=[1, 3]
355.1 fp=[1] true=[3] merged=[1, 3]
355.4 fp=[1] true=[3] merged=[1, 3]
355.7 fp=[1] true=[3] merged=[1, 3]
356.0 fp=[1] true=[3] merged=[1, 3]
356.3 fp=[1] true=[3] merged=[1, 3]
356.7 fp=[1] true=[3] merged=[1, 3]
357.0 fp=[1] true=[3] merged=[1, 3]
357.3 fp=[1] true=[3] merged=[1, 3]
357.6 fp=[1] true=[3] merged=[1, 3]
357.9 fp=[1] true=[3] merged=[1, 3]
358.2 fp=[1] true=[3] merged=[1, 3]
358.5 fp=[1] true=[3] merged=[1, 3]
358.9 fp=[1] true=[3] merged=[1, 3]
359.2 fp=[1] true=[3] merged=[1, 3]
359.5 fp=[1] true=[3] merged=[1, 3]
359.8 fp=[1] true=[3] merged=[1, 3]
360.1 fp=[1] true=[3] merged=[1, 3]
360.4 fp=[1] true=[3] merged=[1, 3]
360.7 fp=[1] true=[3] merged=[1, 3]
361.1 fp=[1] true=[3] merged=[1, 3]
361.4 fp=[1] true=[3] merged=[1, 3]
361.7 fp=[1] true=[3] merged=[1, 3]
362.0 fp=[1] true=[3] merged=[1, 3]
362.3 fp=[1] true=[3] merged=[1, 3]
362.6 fp=[1] true=[3] merged=[1, 3]
362.9 fp=[1] true=[3] merged=[1, 3]
363.2 fp=[1] true=[3] merged=[1, 3]
363.5 fp=[1] true=[3] merged=[1, 3]
363.9 fp=[1] true=[3] merged=[1, 3]
364.2 fp=[2] true=[3] merged=[2, 3]
364.5 fp=[2] true=[3] merged=[2, 3]
364.8 fp=[2] true=[3] merged=[2, 3]
365.1 fp=[2] true=[3] merged=[2, 3]
365.4 fp=[2] true=[3] merged=[2, 3]
365.7 fp=[2] true=[3] merged=[2, 3]
366.0 fp=[2] true=[3] merged=[2, 3]
366.3 fp=[2] true=[3] merged=[2, 3]
366.7 fp=[2] true=[3] merged=[2, 3]
367.0 fp=[2] true=[3] merged=[2, 3]
367.3 fp=[2] true=[3] merged=[2, 3]
367.6 fp=[2] true=[3] merged=[2, 3]
367.9 fp=[2] true=[3] merged=[2, 3]
368.2 fp=[2] true=[3] merged=[2, 3]
368.5 fp=[2] true=[3] merged=[2, 3]
368.8 fp=[2] true=[3] merged=[2, 3]
369.2 fp=[2] true=[3] merged=[2, 3]
369.5 fp=[2] true=[3] merged=[2, 3]
369.8 fp=[2] true=[3] merged=[2, 3]
370.1 fp=[2] true=[3] merged=[2, 3]
370.4 fp=[2] true=[3] merged=[2, 3]
370.7 fp=[2] true=[3] merged=[2, 3]
371.0 fp=[2] true=[3] merged=[2, 3]
371.3 fp=[2] true=[3] merged=[2, 3]
371.7 fp=[2] true=[3] merged=[2, 3]
372.0 fp=[2] true=[3] merged=[2, 3]
372.3 fp=[2] true=[3] merged=[2, 3]
372.6 fp=[2] true=[3] merged=[2, 3]
372.9 fp=[2] true=[3] merged=[2, 3]
373.2 fp=[2] true=[3] merged=[2, 3]
373.5 fp=[2] true=[3] merged=[2, 3]
373.9 fp=[2] true=[3] merged=[2, 3]
374.2 fp=[2] true=[3] merged=[2, 3]
374.5 fp=[2] true=[3] merged=[2, 3]
374.8 fp=[2] true=[3] merged=[2, 3]
375.1 fp=[2] true=[3] merged=[2, 3]
375.4 fp=[2] true=[3] merged=[2, 3]
375.7 fp=[2] true=[3] merged=[2, 3]
376.0 fp=[2] true=[3] merged=[2, 3]
376.4 fp=[2] true=[3] merged=[2, 3]
376.7 fp=[2] true=[3] merged=[2, 3]
377.0 fp=[2] true=[3] merged=[2, 3]
377.3 fp=[2] true=[3] merged=[2, 3]
377.6 fp=[2] true=[3] merged=[2, 3]
377.9 fp=[2] true=[3] merged=[2, 3]
378.2 fp=[1] true=[3] merged=[1, 3]
378.5 fp=[1] true=[3] merged=[1, 3]
378.8 fp=[1] true=[3] merged=[1, 3]
379.2 fp=[1] true=[3] merged=[1, 3]
379.5 fp=[1] true=[3] merged=[1, 3]
379.8 fp=[1] true=[3] merged=[1, 3]
380.1 fp=[1] true=[3] merged=[1, 3]
380.4 fp=[1] true=[3] merged=[1, 3]
380.7 fp=[1] true=[3] merged=[1, 3]
381.0 fp=[1] true=[3] merged=[1, 3]
381.4 fp=[1] true=[3] merged=[1, 3]
381.7 fp=[1] true=[3] merged=[1, 3]
382.0 fp=[1] true=[3] merged=[1, 3]
382.3 fp=[1] true=[3] merged=[1, 3]
382.6 fp=[1] true=[3] merged=[1, 3]
382.9 fp=[1] true=[3] merged=[1, 3]
383.2 fp=[1] true=[3] merged=[1, 3]
383.5 fp=[1] true=[3] merged=[1, 3]
383.8 fp=[1] true=[3] merged=[1, 3]
384.2 fp=[1] true=[3] merged=[1, 3]
384.5 fp=[1] true=[3] merged=[1, 3]
384.8 fp=[1] true=[3] merged=[1, 3]
385.1 fp=[1] true=[3] merged=[1, 3]
385.4 fp=[1] true=[3] merged=[1, 3]
385.7 fp=[1] true=[3] merged=[1, 3]
386.0 fp=[1] true=[3] merged=[1, 3]
386.3 fp=[1] true=[3] merged=[1, 3]
386.7 fp=[1] true=[3] merged=[1, 3]
387.0 fp=[1] true=[3] merged=[1, 3]
387.3 fp=[1] true=[3] merged=[1, 3]
387.6 fp=[1] true=[3] merged=[1, 3]
387.9 fp=[1] true=[3] merged=[1, 3]
