# start rate=10 seed=5 dur=420 n=7 target=3 events=37
4.1 fp=[2] true=[3] merged=[2, 3]
4.4 fp=[2] true=[3] merged=[2, 3]
4.7 fp=[2] true=[3] merged=[2, 3]
5.1 fp=[2] true=[3] merged=[2, 3]
5.4 fp=[2] true=[3] merged=[2, 3]
5.7 fp=[2] true=[3] merged=[2, 3]
6.0 fp=[2] true=[3] merged=[2, 3]
6.3 fp=[2] true=[3] merged=[2, 3]
6.6 fp=[2] true=[3] merged=[2, 3]
6.9 fp=[2] true=[3] merged=[2, 3]
7.3 fp=[2] true=[3] merged=[2, 3]
7.6 fp=[2] true=[3] merged=[2, 3]
7.9 fp=[2] true=[3] merged=[2, 3]
8.2 fp=[2] true=[3] merged=[2, 3]
8.5 fp=[2] true=[3] merged=[2, 3]
8.8 fp=[2] true=[3] merged=[2, 3]
9.1 fp=[2] true=[3] merged=[2, 3]
9.4 fp=[2] true=[3] merged=[2, 3]
9.8 fp=[2] true=[3] merged=[2, 3]
10.1 fp=[2] true=[3] merged=[2, 3]
10.4 fp=[2] true=[3] merged=[2, 3]
10.7 fp=[2] true=[3] merged=[2, 3]
11.0 fp=[2] true=[3] merged=[2, 3]
11.3 fp=[2] true=[3] merged=[2, 3]
11.6 fp=[2] true=[3] merged=[2, 3]
11.9 fp=[2] true=[3] merged=[2, 3]
12.2 fp=[2] true=[3] merged=[2, 3]
12.6 fp=[2] true=[3] merged=[2, 3]
12.9 fp=[2] true=[3] merged=[2, 3]
13.2 fp=[2] true=[3] merged=[2, 3]
13.5 fp=[2] true=[3] merged=[2, 3]
13.8 fp=[2] true=[3] merged=[2, 3]
14.2 fp=[2] true=[3] merged=[2, 3]
14.5 fp=[2] true=[3] merged=[2, 3]
14.8 fp=[2] true=[3] merged=[2, 3]
15.1 fp=[2] true=[3] merged=[2, 3]
15.4 fp=[2] true=[3] merged=[2, 3]
15.7 fp=[2] true=[3] merged=[2, 3]
16.0 fp=[2] true=[3] merged=[2, 3]
16.3 fp=[2] true=[3] merged=[2, 3]
16.7 fp=[2] true=[3] merged=[2, 3]
17.0 fp=[2] true=[3] merged=[2, 3]
17.3 fp=[2] true=[3] merged=[2, 3]
17.6 fp=[2] true=[3] merged=[2, 3]
17.9 fp=[2] true=[3] merged=[2, 3]
18.2 fp=[2] true=[3] merged=[2, 3]
18.5 fp=[2] true=[3] merged=[2, 3]
18.9 fp=[2] true=[3] merged=[2, 3]
19.2 fp=[2] true=[3] merged=[2, 3]
19.5 fp=[2] true=[3] merged=[2, 3]
19.8 fp=[2] true=[3] merged=[2, 3]
20.1 fp=[2] true=[3] merged=[2, 3]
20.4 fp=[2] true=[3] merged=[2, 3]
20.7 fp=[2] true=[3] merged=[2, 3]
21.0 fp=[2] true=[3] merged=[2, 3]
21.4 fp=[2] true=[3] merged=[2, 3]
21.7 fp=[2] true=[3] merged=[2, 3]
22.0 fp=[2] true=[3] merged=[2, 3]
22.3 fp=[2] true=[3] merged=[2, 3]
22.6 fp=[2] true=[3] merged=[2, 3]
22.9 fp=[2] true=[3] merged=[2, 3]
23.3 fp=[2] true=[3] merged=[2, 3]
23.6 fp=[2] true=[3] merged=[2, 3]
23.9 fp=[2] true=[3] merged=[2, 3]
27.3 fp=[2] true=[3] merged=[2, 3]
27.6 fp=[2] true=[3] merged=[2, 3]
27.9 fp=[2] true=[3] merged=[2, 3]
28.2 fp=[2] true=[3] merged=[2, 3]
28.5 fp=[2] true=[3] merged=[2, 3]
28.9 fp=[2] true=[3] merged=[2, 3]
29.2 fp=[2] true=[3] merged=[2, 3]
29.5 fp=[2] true=[3] merged=[2, 3]
29.8 fp=[2] true=[3] merged=[2, 3]
30.1 fp=[2] true=[3] merged=[2, 3]
30.4 fp=[2] true=[3] merged=[2, 3]
30.7 fp=[2] true=[3] merged=[2, 3]
31.0 fp=[2] true=[3] merged=[2, 3]
31.3 fp=[2] true=[3] merged=[2, 3]
31.7 fp=[2] true=[3] merged=[2, 3]
32.0 fp=[2] true=[3] merged=[2, 3]
32.3 fp=[2] true=[3] merged=[2, 3]
32.6 fp=[2] true=[3] merged=[2, 3]
32.9 fp=[2] true=[3] merged=[2, 3]
33.3 fp=[2] true=[3] merged=[2, 3]
33.6 fp=[2] true=[3] merged=[2, 3]
33.9 fp=[2] true=[3] merged=[2, 3]
34.2 fp=[2] true=[3] merged=[2, 3]
34.5 fp=[2] true=[3] merged=[2, 3]
34.9 fp=[2] true=[3] merged=[2, 3]
35.2 fp=[2] true=[3] merged=[2, 3]
35.5 fp=[2] true=[3] merged=[2, 3]
35.8 fp=[2] true=[3] merged=[2, 3]
36.1 fp=[2] true=[3] merged=[2, 3]
36.4 fp=[2] true=[3] merged=[2, 3]
36.7 fp=[2] true=[3] merged=[2, 3]
37.0 fp=[2] true=[3] merged=[2, 3]
37.3 fp=[2] true=[3] merged=[2, 3]
37.7 fp=[2] true=[3] merged=[2, 3]
38.0 fp=[2] true=[3] merged=[2, 3]
38.3 fp=[1] true=[3] merged=[1, 3]
38.6 fp=[1] true=[3] merged=[1, 3]
38.9 fp=[1] true=[3] merged=[1, 3]
39.2 fp=[1] true=[3] merged=[1, 3]
39.5 fp=[1] true=[3] merged=[1, 3]
39.8 fp=[1] true=[3] merged=[1, 3]
40.2 fp=[1] true=[3] merged=[1, 3]
40.5 fp=[1] true=[3] merged=[1, 3]
40.8 fp=[1] true=[3] merged=[1, 3]
41.1 fp=[1] true=[3] merged=[1, 3]
41.4 fp=[1] true=[3] merged=[1, 3]
41.7 fp=[1] true=[3] merged=[1, 3]
42.0 fp=[1] true=[3] merged=[1, 3]
42.4 fp=[1] true=[3] merged=[1, 3]
42.7 fp=[1] true=[3] merged=[1, 3]
43.0 fp=[1] true=[3] merged=[1, 3]
43.3 fp=[1] true=[3] merged=[1, 3]
43.6 fp=[1] true=[3] merged=[1, 3]
43.9 fp=[1] true=[3] merged=[1, 3]
44.3 fp=[1] true=[3] merged=[1, 3]
44.6 fp=[1] true=[3] merged=[1, 3]
44.9 fp=[1] true=[3] merged=[1, 3]
45.2 fp=[1] true=[3] merged=[1, 3]
45.5 fp=[1] true=[3] merged=[1, 3]
45.8 fp=[1] true=[3] merged=[1, 3]
46.1 fp=[1] true=[3] merged=[1, 3]
46.4 fp=[1] true=[3] merged=[1, 3]
46.8 fp=[1] true=[3] merged=[1, 3]
47.1 fp=[1] true=[3] merged=[1, 3]
47.4 fp=[1] true=[3] merged=[1, 3]
47.7 fp=[1] true=[3] merged=[1, 3]
48.0 fp=[1] true=[3] merged=[1, 3]
48.3 fp=[1] true=[3] merged=[1, 3]
48.6 fp=[1] true=[3] merged=[1, 3]
48.9 fp=[1] true=[3] merged=[1, 3]
49.2 fp=[1] true=[3] merged=[1, 3]
49.6 fp=[1] true=[3] merged=[1, 3]
49.9 fp=[1] true=[3] merged=[1, 3]
50.2 fp=[1] true=[3] merged=[1, 3]
50.5 fp=[1] true=[3] merged=[1, 3]
50.8 fp=[1] true=[3] merged=[1, 3]
51.1 fp=[1] true=[3] merged=[1, 3]
51.4 fp=[1] true=[3] merged=[1, 3]
51.7 fp=[1] true=[3] merged=[1, 3]
52.0 fp=[1] true=[3] merged=[1, 3]
52.3 fp=[1] true=[3] merged=[1, 3]
52.6 fp=[1] true=[3] merged=[1, 3]
53.0 fp=[1] true=[3] merged=[1, 3]
53.3 fp=[1] true=[3] merged=[1, 3]
53.6 fp=[1] true=[3] merged=[1, 3]
53.9 fp=[1] true=[3] merged=[1, 3]
54.2 fp=[1] true=[3] merged=[1, 3]
54.5 fp=[1] true=[3] merged=[1, 3]
54.8 fp=[1] true=[3] merged=[1, 3]
55.1 fp=[1] true=[3] merged=[1, 3]
55.4 fp=[1] true=[3] merged=[1, 3]
55.8 fp=[1] true=[3] merged=[1, 3]
56.1 fp=[1] true=[3] merged=[1, 3]
56.4 fp=[1] true=[3] merged=[1, 3]
56.7 fp=[1] true=[3] merged=[1, 3]
57.0 fp=[1] true=[3] merged=[1, 3]
57.3 fp=[1] true=[3] merged=[1, 3]
57.6 fp=[1] true=[3] merged=[1, 3]
57.9 fp=[1] true=[3] merged=[1, 3]
58.2 fp=[1] true=[3] merged=[1, 3]
58.6 fp=[1] true=[3] merged=[1, 3]
58.9 fp=[1] true=[3] merged=[1, 3]
59.2 fp=[1] true=[3] merged=[1, 3]
59.5 fp=[1] true=[3] merged=[1, 3]
59.8 fp=[1] true=[3] merged=[1, 3]
60.1 fp=[1] true=[3] merged=[1, 3]
60.4 fp=[1] true=[3] merged=[1, 3]
60.7 fp=[1] true=[3] merged=[1, 3]
61.0 fp=[1] true=[3] merged=[1, 3]
61.4 fp=[1] true=[3] merged=[1, 3]
61.7 fp=[1] true=[3] merged=[1, 3]
62.0 fp=[1] true=[3] merged=[1, 3]
62.3 fp=[1] true=[3] merged=[1, 3]
62.6 fp=[1] true=[3] merged=[1, 3]
62.9 fp=[1] true=[3] merged=[1, 3]
63.3 fp=[1] true=[3] merged=[1, 3]
63.6 fp=[1] true=[3] merged=[1, 3]
63.9 fp=[1] true=[3] merged=[1, 3]
64.2 fp=[1] true=[3] merged=[1, 3]
64.5 fp=[1] true=[3] merged=[1, 3]
64.8 fp=[1] true=[3] merged=[1, 3]
65.2 fp=[1] true=[3] merged=[1, 3]
65.5 fp=[1] true=[3] merged=[1, 3]
65.8 fp=[1] true=[3] merged=[1, 3]
66.1 fp=[1] true=[3] merged=[1, 3]
66.4 fp=[1] true=[3] merged=[1, 3]
66.7 fp=[1] true=[3] merged=[1, 3]
81.1 fp=[2] true=[3] merged=[2, 3]
81.4 fp=[2] true=[3] merged=[2, 3]
81.8 fp=[2] true=[3] merged=[2, 3]
82.1 fp=[2] true=[3] merged=[2, 3]
82.4 fp=[2] true=[3] merged=[2, 3]
82.7 fp=[2] true=[3] merged=[2, 3]
83.0 fp=[2] true=[3] merged=[2, 3]
83.4 fp=[2] true=[3] merged=[2, 3]
83.7 fp=[2] true=[3] merged=[2, 3]
84.0 fp=[2] true=[3] merged=[2, 3]
84.3 fp=[2] true=[3] merged=[2, 3]
84.6 fp=[2] true=[3] merged=[2, 3]
84.9 fp=[2] true=[3] merged=[2, 3]
85.2 fp=[2] true=[3] merged=[2, 3]
85.5 fp=[2] true=[3] merged=[2, 3]
85.8 fp=[2] true=[3] merged=[2, 3]
86.2 fp=[2] true=[3] merged=[2, 3]
86.5 fp=[2] true=[3] merged=[2, 3]
86.8 fp=[2] true=[3] merged=[2, 3]
87.1 fp=[2] true=[3] merged=[2, 3]
87.4 fp=[2] true=[3] merged=[2, 3]
87.7 fp=[2] true=[3] merged=[2, 3]
88.0 fp=[2] true=[3] merged=[2, 3]
88.3 fp=[2] true=[3] merged=[2, 3]
88.6 fp=[2] true=[3] merged=[2, 3]
89.0 fp=[2] true=[3] merged=[2, 3]
89.3 fp=[2] true=[3] merged=[2, 3]
89.6 fp=[2] true=[3] merged=[2, 3]
89.9 fp=[2] true=[3] merged=[2, 3]
90.2 fp=[2] true=[3] merged=[2, 3]
90.5 fp=[2] true=[3] merged=[2, 3]
90.8 fp=[2] true=[3] merged=[2, 3]
91.2 fp=[2] true=[3] merged=[2, 3]
91.5 fp=[2] true=[3] merged=[2, 3]
91.8 fp=[2] true=[3] merged=[2, 3]
92.1 fp=[2] true=[3] merged=[2, 3]
92.5 fp=[2] true=[3] merged=[2, 3]
92.8 fp=[2] true=[3] merged=[2, 3]
93.1 fp=[2] true=[3] merged=[2, 3]
93.4 fp=[2] true=[3] merged=[2, 3]
93.7 fp=[2] true=[3] merged=[2, 3]
94.0 fp=[1] true=[3] merged=[1, 3]
94.3 fp=[1] true=[3] merged=[1, 3]
94.6 fp=[1] true=[3] merged=[1, 3]
94.9 fp=[1] true=[3] merged=[1, 3]
95.3 fp=[1] true=[3] merged=[1, 3]
95.6 fp=[1] true=[3] merged=[1, 3]
95.9 fp=[1] true=[3] merged=[1, 3]
96.2 fp=[1] true=[3] merged=[1, 3]
96.5 fp=[1] true=[3] merged=[1, 3]
96.8 fp=[1] true=[3] merged=[1, 3]
97.1 fp=[1] true=[3] merged=[1, 3]
97.5 fp=[1] true=[3] merged=[1, 3]
97.8 fp=[1] true=[3] merged=[1, 3]
98.1 fp=[1] true=[3] merged=[1, 3]
98.4 fp=[1] true=[3] merged=[1, 3]
98.7 fp=[1] true=[3] merged=[1, 3]
99.0 fp=[1] true=[3] merged=[1, 3]
99.3 fp=[1] true=[3] merged=[1, 3]
99.7 fp=[1] true=[3] merged=[1, 3]
100.0 fp=[1] true=[3] merged=[1, 3]
100.3 fp=[1] true=[3] merged=[1, 3]
100.6 fp=[1] true=[3] merged=[1, 3]
100.9 fp=[1] true=[3] merged=[1, 3]
101.3 fp=[1] true=[3] merged=[1, 3]
101.6 fp=[1] true=[3] merged=[1, 3]
101.9 fp=[1] true=[3] merged=[1, 3]
102.2 fp=[1] true=[3] merged=[1, 3]
102.6 fp=[1] true=[3] merged=[1, 3]
102.9 fp=[1] true=[3] merged=[1, 3]
103.2 fp=[1] true=[3] merged=[1, 3]
103.5 fp=[1] true=[3] merged=[1, 3]
103.8 fp=[1] true=[3] merged=[1, 3]
104.1 fp=[1] true=[3] merged=[1, 3]
104.4 fp=[1] true=[3] merged=[1, 3]
104.7 fp=[1] true=[3] merged=[1, 3]
105.1 fp=[1] true=[3] merged=[1, 3]
105.4 fp=[1] true=[3] merged=[1, 3]
105.7 fp=[1] true=[3] merged=[1, 3]
106.0 fp=[1] true=[3] merged=[1, 3]
106.3 fp=[1] true=[3] merged=[1, 3]
106.6 fp=[1] true=[3] merged=[1, 3]
106.9 fp=[1] true=[3] merged=[1, 3]
107.2 fp=[1] true=[3] merged=[1, 3]
107.6 fp=[1] true=[3] merged=[1, 3]
107.9 fp=[1] true=[3] merged=[1, 3]
108.2 fp=[1] true=[3] merged=[1, 3]
108.5 fp=[1] true=[3] merged=[1, 3]
108.8 fp=[1] true=[3] merged=[1, 3]
109.1 fp=[1] true=[3] merged=[1, 3]
109.4 fp=[1] true=[3] merged=[1, 3]
109.7 fp=[1] true=[3] merged=[1, 3]
110.0 fp=[1] true=[3] merged=[1, 3]
110.4 fp=[1] true=[3] merged=[1, 3]
110.7 fp=[1] true=[3] merged=[1, 3]
111.0 fp=[1] true=[3] merged=[1, 3]
111.3 fp=[1] true=[3] merged=[1, 3]
111.6 fp=[1] true=[3] merged=[1, 3]
111.9 fp=[1] true=[3] merged=[1, 3]
112.2 fp=[1] true=[3] merged=[1, 3]
112.6 fp=[1] true=[3] merged=[1, 3]
112.9 fp=[1] true=[3] merged=[1, 3]
113.2 fp=[1] true=[3] merged=[1, 3]
113.6 fp=[1] true=[3] merged=[1, 3]
113.9 fp=[1] true=[3] merged=[1, 3]
114.2 fp=[5] true=[3] merged=[3, 5]
114.5 fp=[5] true=[3] merged=[3, 5]
114.8 fp=[5] true=[3] merged=[3, 5]
115.1 fp=[5] true=[3] merged=[3, 5]
115.4 fp=[5] true=[3] merged=[3, 5]
115.8 fp=[5] true=[3] merged=[3, 5]
116.1 fp=[5] true=[3] merged=[3, 5]
116.4 fp=[5] true=[3] merged=[3, 5]
116.7 fp=[5] true=[3] merged=[3, 5]
117.0 fp=[5] true=[3] merged=[3, 5]
117.3 fp=[5] true=[3] merged=[3, 5]
117.6 fp=[5] true=[3] merged=[3, 5]
117.9 fp=[5] true=[3] merged=[3, 5]
138.2 fp=[4] true=[3] merged=[3, 4]
138.5 fp=[4] true=[3] merged=[3, 4]
138.8 fp=[4] true=[3] merged=[3, 4]
139.2 fp=[4] true=[3] merged=[3, 4]
139.5 fp=[4] true=[3] merged=[3, 4]
139.8 fp=[4] true=[3] merged=[3, 4]
140.1 fp=[4] true=[3] merged=[3, 4]
140.4 fp=[4] true=[3] merged=[3, 4]
140.8 fp=[4] true=[3] merged=[3, 4]
141.1 fp=[4] true=[3] merged=[3, 4]
141.4 fp=[4] true=[3] merged=[3, 4]
141.7 fp=[4] true=[3] merged=[3, 4]
142.0 fp=[4] true=[3] merged=[3, 4]
142.3 fp=[4] true=[3] merged=[3, 4]
142.7 fp=[4] true=[3] merged=[3, 4]
143.0 fp=[4] true=[3] merged=[3, 4]
143.3 fp=[4] true=[3] merged=[3, 4]
143.6 fp=[4] true=[3] merged=[3, 4]
143.9 fp=[4] true=[3] merged=[3, 4]
144.2 fp=[4] true=[3] merged=[3, 4]
144.5 fp=[4] true=[3] merged=[3, 4]
144.8 fp=[4] true=[3] merged=[3, 4]
145.2 fp=[4] true=[3] merged=[3, 4]
145.5 fp=[4] true=[3] merged=[3, 4]
145.8 fp=[4] true=[3] merged=[3, 4]
146.1 fp=[4] true=[3] merged=[3, 4]
146.4 fp=[4] true=[3] merged=[3, 4]
146.7 fp=[4] true=[3] merged=[3, 4]
147.0 fp=[4] true=[3] merged=[3, 4]
147.3 fp=[4] true=[3] merged=[3, 4]
147.6 fp=[4] true=[3] merged=[3, 4]
148.0 fp=[4] true=[3] merged=[3, 4]
148.3 fp=[4] true=[3] merged=[3, 4]
148.6 fp=[4] true=[3] merged=[3, 4]
148.9 fp=[4] true=[3] merged=[3, 4]
149.2 fp=[2] true=[3] merged=[2, 3]
149.5 fp=[2] true=[3] merged=[2, 3]
149.8 fp=[2] true=[3] merged=[2, 3]
150.1 fp=[2] true=[3] merged=[2, 3]
150.5 fp=[2] true=[3] merged=[2, 3]
150.8 fp=[2] true=[3] merged=[2, 3]
151.1 fp=[2] true=[3] merged=[2, 3]
151.4 fp=[2] true=[3] merged=[2, 3]
151.7 fp=[2] true=[3] merged=[2, 3]
152.0 fp=[2] true=[3] merged=[2, 3]
152.3 fp=[2] true=[3] merged=[2, 3]
152.6 fp=[2] true=[3] merged=[2, 3]
153.0 fp=[2] true=[3] merged=[2, 3]
153.3 fp=[2] true=[3] merged=[2, 3]
153.6 fp=[2] true=[3] merged=[2, 3]
153.9 fp=[2] true=[3] merged=[2, 3]
154.2 fp=[2] true=[3] merged=[2, 3]
154.5 fp=[2] true=[3] merged=[2, 3]
154.8 fp=[2] true=[3] merged=[2, 3]
155.2 fp=[2] true=[3] merged=[2, 3]
155.5 fp=[2] true=[3] merged=[2, 3]
155.8 fp=[2] true=[3] merged=[2, 3]
156.1 fp=[2] true=[3] merged=[2, 3]
156.4 fp=[2] true=[3] merged=[2, 3]
156.7 fp=[2] true=[3] merged=[2, 3]
157.0 fp=[2] true=[3] merged=[2, 3]
157.3 fp=[2] true=[3] merged=[2, 3]
157.7 fp=[2] true=[3] merged=[2, 3]
158.0 fp=[2] true=[3] merged=[2, 3]
158.3 fp=[2] true=[3] merged=[2, 3]
158.6 fp=[2] true=[3] merged=[2, 3]
158.9 fp=[2] true=[3] merged=[2, 3]
159.2 fp=[2] true=[3] merged=[2, 3]
159.5 fp=[2] true=[3] merged=[2, 3]
159.8 fp=[2] true=[3] merged=[2, 3]
160.1 fp=[2] true=[3] merged=[2, 3]
160.5 fp=[2] true=[3] merged=[2, 3]
160.8 fp=[2] true=[3] merged=[2, 3]
161.1 fp=[2] true=[3] merged=[2, 3]
161.4 fp=[2] true=[3] merged=[2, 3]
161.7 fp=[2] true=[3] merged=[2, 3]
162.0 fp=[2] true=[3] merged=[2, 3]
162.3 fp=[2] true=[3] merged=[2, 3]
162.6 fp=[2] true=[3] merged=[2, 3]
163.0 fp=[2] true=[3] merged=[2, 3]
163.3 fp=[2] true=[3] merged=[2, 3]
163.6 fp=[2] true=[3] merged=[2, 3]
163.9 fp=[2] true=[3] merged=[2, 3]
164.2 fp=[2] true=[3] merged=[2, 3]
164.5 fp=[2] true=[3] merged=[2, 3]
164.8 fp=[2] true=[3] merged=[2, 3]
165.1 fp=[2] true=[3] merged=[2, 3]
165.5 fp=[2] true=[3] merged=[2, 3]
165.8 fp=[2] true=[3] merged=[2, 3]
166.1 fp=[2] true=[3] merged=[2, 3]
166.4 fp=[2] true=[3] merged=[2, 3]
166.7 fp=[2] true=[3] merged=[2, 3]
167.0 fp=[2] true=[3] merged=[2, 3]
167.3 fp=[2] true=[3] merged=[2, 3]
167.6 fp=[2] true=[3] merged=[2, 3]
167.9 fp=[2] true=[3] merged=[2, 3]
168.3 fp=[2] true=[3] merged=[2, 3]
168.6 fp=[2] true=[3] merged=[2, 3]
168.9 fp=[2] true=[3] merged=[2, 3]
169.2 fp=[4] true=[3] merged=[3, 4]
169.5 fp=[4] true=[3] merged=[3, 4]
169.8 fp=[4] true=[3] merged=[3, 4]
170.1 fp=[4] true=[3] merged=[3, 4]
170.5 fp=[4] true=[3] merged=[3, 4]
170.8 fp=[4] true=[3] merged=[3, 4]
171.1 fp=[4] true=[3] merged=[3, 4]
171.4 fp=[4] true=[3] merged=[3, 4]
171.7 fp=[4] true=[3] merged=[3, 4]
172.0 fp=[4] true=[3] merged=[3, 4]
172.3 fp=[4] true=[3] merged=[3, 4]
172.7 fp=[4] true=[3] merged=[3, 4]
173.0 fp=[4] true=[3] merged=[3, 4]
173.3 fp=[4] true=[3] merged=[3, 4]
173.6 fp=[4] true=[3] merged=[3, 4]
173.9 fp=[4] true=[3] merged=[3, 4]
174.2 fp=[4] true=[3] merged=[3, 4]
174.5 fp=[4] true=[3] merged=[3, 4]
174.9 fp=[4] true=[3] merged=[3, 4]
175.2 fp=[4] true=[3] merged=[3, 4]
175.5 fp=[4] true=[3] merged=[3, 4]
175.8 fp=[4] true=[3] merged=[3, 4]
176.1 fp=[4] true=[3] merged=[3, 4]
176.4 fp=[4] true=[3] merged=[3, 4]
176.7 fp=[4] true=[3] merged=[3, 4]
177.1 fp=[4] true=[3] merged=[3, 4]
177.4 fp=[4] true=[3] merged=[3, 4]
177.7 fp=[4] true=[3] merged=[3, 4]
178.0 fp=[4] true=[3] merged=[3, 4]
178.3 fp=[4] true=[3] merged=[3, 4]
178.6 fp=[4] true=[3] merged=[3, 4]
179.0 fp=[4] true=[3] merged=[3, 4]
179.3 fp=[4] true=[3] merged=[3, 4]
179.6 fp=[4] true=[3] merged=[3, 4]
179.9 fp=[4] true=[3] merged=[3, 4]
180.2 fp=[1] true=[3] merged=[1, 3]
180.5 fp=[1] true=[3] merged=[1, 3]
180.8 fp=[1] true=[3] merged=[1, 3]
181.1 fp=[1] true=[3] merged=[1, 3]
181.4 fp=[1] true=[3] merged=[1, 3]
181.7 fp=[1] true=[3] merged=[1, 3]
182.1 fp=[1] true=[3] merged=[1, 3]
182.4 fp=[1] true=[3] merged=[1, 3]
182.7 fp=[1] true=[3] merged=[1, 3]
183.1 fp=[1] true=[3] merged=[1, 3]
183.4 fp=[1] true=[3] merged=[1, 3]
183.7 fp=[1] true=[3] merged=[1, 3]
184.0 fp=[1] true=[3] merged=[1, 3]
184.3 fp=[1] true=[3] merged=[1, 3]
184.6 fp=[1] true=[3] merged=[1, 3]
185.0 fp=[1] true=[3] merged=[1, 3]
185.3 fp=[1] true=[3] merged=[1, 3]
185.6 fp=[1] true=[3] merged=[1, 3]
185.9 fp=[1] true=[3] merged=[1, 3]
186.2 fp=[1] true=[3] merged=[1, 3]
186.5 fp=[1] true=[3] merged=[1, 3]
186.8 fp=[1] true=[3] merged=[1, 3]
187.1 fp=[1] true=[3] merged=[1, 3]
187.5 fp=[1] true=[3] merged=[1, 3]
187.8 fp=[1] true=[3] merged=[1, 3]
188.1 fp=[1] true=[3] merged=[1, 3]
188.4 fp=[1] true=[3] merged=[1, 3]
188.7 fp=[1] true=[3] merged=[1, 3]
189.1 fp=[1] true=[3] merged=[1, 3]
189.4 fp=[1] true=[3] merged=[1, 3]
189.7 fp=[1] true=[3] merged=[1, 3]
190.0 fp=[1] true=[3] merged=[1, 3]
190.3 fp=[1] true=[3] merged=[1, 3]
190.6 fp=[1] true=[3] merged=[1, 3]
190.9 fp=[1] true=[3] merged=[1, 3]
191.3 fp=[1] true=[3] merged=[1, 3]
191.6 fp=[1] true=[3] merged=[1, 3]
191.9 fp=[1] true=[3] merged=[1, 3]
192.2 fp=[1] true=[3] merged=[1, 3]
192.5 fp=[1] true=[3] merged=[1, 3]
192.8 fp=[1] true=[3] merged=[1, 3]
193.2 fp=[1] true=[3] merged=[1, 3]
193.5 fp=[1] true=[3] merged=[1, 3]
193.8 fp=[1] true=[3] merged=[1, 3]
194.1 fp=[1] true=[3] merged=[1, 3]
194.4 fp=[1] true=[3] merged=[1, 3]
194.7 fp=[1] true=[3] merged=[1, 3]
195.1 fp=[1] true=[3] merged=[1, 3]
195.4 fp=[1] true=[3] merged=[1, 3]
195.7 fp=[1] true=[3] merged=[1, 3]
196.0 fp=[1] true=[3] merged=[1, 3]
196.3 fp=[1] true=[3] merged=[1, 3]
196.6 fp=[1] true=[3] merged=[1, 3]
196.9 fp=[1] true=[3] merged=[1, 3]
197.2 fp=[1] true=[3] merged=[1, 3]
197.6 fp=[1] true=[3] merged=[1, 3]
197.9 fp=[1] true=[3] merged=[1, 3]
198.2 fp=[1] true=[3] merged=[1, 3]
198.5 fp=[1] true=[3] merged=[1, 3]
198.8 fp=[1] true=[3] merged=[1, 3]
199.1 fp=[1] true=[3] merged=[1, 3]
199.4 fp=[1] true=[3] merged=[1, 3]
199.7 fp=[1] true=[3] merged=[1, 3]
200.1 fp=[5] true=[3] merged=[3, 5]
200.4 fp=[5] true=[3] merged=[3, 5]
200.7 fp=[5] true=[3] merged=[3, 5]
201.0 fp=[5] true=[3] merged=[3, 5]
201.3 fp=[5] true=[3] merged=[3, 5]
201.6 fp=[5] true=[3] merged=[3, 5]
201.9 fp=[5] true=[3] merged=[3, 5]
202.3 fp=[5] true=[3] merged=[3, 5]
202.6 fp=[5] true=[3] merged=[3, 5]
202.9 fp=[5] true=[3] merged=[3, 5]
203.2 fp=[5] true=[3] merged=[3, 5]
203.5 fp=[5] true=[3] merged=[3, 5]
203.8 fp=[5] true=[3] merged=[3, 5]
204.1 fp=[5] true=[3] merged=[3, 5]
204.5 fp=[5] true=[3] merged=[3, 5]
204.8 fp=[5] true=[3] merged=[3, 5]
205.1 fp=[5] true=[3] merged=[3, 5]
205.4 fp=[5] true=[3] merged=[3, 5]
205.7 fp=[5] true=[3] merged=[3, 5]
206.0 fp=[5] true=[3] merged=[3, 5]
206.3 fp=[5] true=[3] merged=[3, 5]
206.6 fp=[5] true=[3] merged=[3, 5]
206.9 fp=[5] true=[3] merged=[3, 5]
207.3 fp=[5] true=[3] merged=[3, 5]
207.6 fp=[5] true=[3] merged=[3, 5]
207.9 fp=[5] true=[3] merged=[3, 5]
208.2 fp=[5] true=[3] merged=[3, 5]
208.5 fp=[5] true=[3] merged=[3, 5]
208.8 fp=[5] true=[3] merged=[3, 5]
209.2 fp=[5] true=[3] merged=[3, 5]
209.5 fp=[5] true=[3] merged=[3, 5]
209.8 fp=[5] true=[3] merged=[3, 5]
210.1 fp=[5] true=[3] merged=[3, 5]
210.4 fp=[5] true=[3] merged=[3, 5]
210.7 fp=[5] true=[3] merged=[3, 5]
211.0 fp=[5] true=[3] merged=[3, 5]
211.3 fp=[5] true=[3] merged=[3, 5]
211.7 fp=[5] true=[3] merged=[3, 5]
212.0 fp=[5] true=[3] merged=[3, 5]
212.3 fp=[5] true=[3] merged=[3, 5]
212.6 fp=[5] true=[3] merged=[3, 5]
212.9 fp=[5] true=[3] merged=[3, 5]
213.2 fp=[5] true=[3] merged=[3, 5]
213.5 fp=[5] true=[3] merged=[3, 5]
213.9 fp=[5] true=[3] merged=[3, 5]
214.2 fp=[5] true=[3] merged=[3, 5]
214.5 fp=[5] true=[3] merged=[3, 5]
214.8 fp=[5] true=[3] merged=[3, 5]
215.1 fp=[4] true=[3] merged=[3, 4]
215.4 fp=[4] true=[3] merged=[3, 4]
215.7 fp=[4] true=[3] merged=[3, 4]
216.0 fp=[4] true=[3] merged=[3, 4]
216.3 fp=[4] true=[3] merged=[3, 4]
216.6 fp=[4] true=[3] merged=[3, 4]
216.9 fp=[4] true=[3] merged=[3, 4]
217.3 fp=[4] true=[3] merged=[3, 4]
217.6 fp=[4] true=[3] merged=[3, 4]
217.9 fp=[4] true=[3] merged=[3, 4]
218.2 fp=[4] true=[3] merged=[3, 4]
218.5 fp=[4] true=[3] merged=[3, 4]
218.9 fp=[4] true=[3] merged=[3, 4]
219.2 fp=[4] true=[3] merged=[3, 4]
219.5 fp=[4] true=[3] merged=[3, 4]
219.8 fp=[4] true=[3] merged=[3, 4]
220.1 fp=[4] true=[3] merged=[3, 4]
220.4 fp=[4] true=[3] merged=[3, 4]
220.7 fp=[4] true=[3] merged=[3, 4]
221.0 fp=[4] true=[3] merged=[3, 4]
221.3 fp=[4] true=[3] merged=[3, 4]
221.6 fp=[4] true=[3] merged=[3, 4]
222.0 fp=[4] true=[3] merged=[3, 4]
222.3 fp=[4] true=[3] merged=[3, 4]
222.6 fp=[4] true=[3] merged=[3, 4]
222.9 fp=[4] true=[3] merged=[3, 4]
223.2 fp=[4] true=[3] merged=[3, 4]
223.5 fp=[4] true=[3] merged=[3, 4]
223.8 fp=[4] true=[3] merged=[3, 4]
224.1 fp=[4] true=[3] merged=[3, 4]
224.5 fp=[4] true=[3] merged=[3, 4]
224.8 fp=[4] true=[3] merged=[3, 4]
225.1 fp=[4] true=[3] merged=[3, 4]
225.4 fp=[4] true=[3] merged=[3, 4]
225.7 fp=[4] true=[3] merged=[3, 4]
226.0 fp=[4] true=[3] merged=[3, 4]
226.3 fp=[4] true=[3] merged=[3, 4]
226.7 fp=[4] true=[3] merged=[3, 4]
227.0 fp=[4] true=[3] merged=[3, 4]
227.3 fp=[4] true=[3] merged=[3, 4]
227.6 fp=[4] true=[3] merged=[3, 4]
227.9 fp=[4] true=[3] merged=[3, 4]
228.2 fp=[4] true=[3] merged=[3, 4]
228.5 fp=[4] true=[3] merged=[3, 4]
228.8 fp=[4] true=[3] merged=[3, 4]
229.2 fp=[4] true=[3] merged=[3, 4]
229.5 fp=[4] true=[3] merged=[3, 4]
229.8 fp=[4] true=[3] merged=[3, 4]
230.1 fp=[4] true=[3] merged=[3, 4]
230.4 fp=[4] true=[3] merged=[3, 4]
230.7 fp=[4] true=[3] merged=[3, 4]
231.0 fp=[4] true=[3] merged=[3, 4]
231.3 fp=[4] true=[3] merged=[3, 4]
231.7 fp=[4] true=[3] merged=[3, 4]
232.0 fp=[4] true=[3] merged=[3, 4]
232.3 fp=[4] true=[3] merged=[3, 4]
232.6 fp=[4] true=[3] merged=[3, 4]
232.9 fp=[4] true=[3] merged=[3, 4]
233.3 fp=[4] true=[3] merged=[3, 4]
233.6 fp=[4] true=[3] merged=[3, 4]
233.9 fp=[4] true=[3] merged=[3, 4]
234.2 fp=[4] true=[3] merged=[3, 4]
234.5 fp=[4] true=[3] merged=[3, 4]
234.8 fp=[4] true=[3] merged=[3, 4]
247.3 fp=[6] true=[3] merged=[3, 6]
247.6 fp=[6] true=[3] merged=[3, 6]
247.9 fp=[6] true=[3] merged=[3, 6]
248.2 fp=[6] true=[3] merged=[3, 6]
248.5 fp=[6] true=[3] merged=[3, 6]
248.8 fp=[6] true=[3] merged=[3, 6]
249.1 fp=[6] true=[3] merged=[3, 6]
249.4 fp=[6] true=[3] merged=[3, 6]
249.8 fp=[6] true=[3] merged=[3, 6]
250.1 fp=[6] true=[3] merged=[3, 6]
250.4 fp=[6] true=[3] merged=[3, 6]
250.7 fp=[6] true=[3] merged=[3, 6]
251.0 fp=[6] true=[3] merged=[3, 6]
251.3 fp=[6] true=[3] merged=[3, 6]
251.6 fp=[6] true=[3] merged=[3, 6]
252.0 fp=[6] true=[3] merged=[3, 6]
252.3 fp=[6] true=[3] merged=[3, 6]
252.6 fp=[6] true=[3] merged=[3, 6]
252.9 fp=[6] true=[3] merged=[3, 6]
253.2 fp=[6] true=[3] merged=[3, 6]
253.5 fp=[6] true=[3] merged=[3, 6]
253.8 fp=[6] true=[3] merged=[3, 6]
254.1 fp=[6] true=[3] merged=[3, 6]
254.4 fp=[6] true=[3] merged=[3, 6]
254.8 fp=[6] true=[3] merged=[3, 6]
255.1 fp=[6] true=[3] merged=[3, 6]
255.4 fp=[6] true=[3] merged=[3, 6]
255.7 fp=[6] true=[3] merged=[3, 6]
256.0 fp=[4] true=[3] merged=[3, 4]
256.3 fp=[4] true=[3] merged=[3, 4]
256.7 fp=[4] true=[3] merged=[3, 4]
257.0 fp=[4] true=[3] merged=[3, 4]
257.3 fp=[4] true=[3] merged=[3, 4]
257.6 fp=[4] true=[3] merged=[3, 4]
257.9 fp=[4] true=[3] merged=[3, 4]
258.2 fp=[4] true=[3] merged=[3, 4]
258.5 fp=[4] true=[3] merged=[3, 4]
258.9 fp=[4] true=[3] merged=[3, 4]
259.2 fp=[4] true=[3] merged=[3, 4]
259.5 fp=[4] true=[3] merged=[3, 4]
259.8 fp=[4] true=[3] merged=[3, 4]
260.1 fp=[4] true=[3] merged=[3, 4]
260.4 fp=[4] true=[3] merged=[3, 4]
260.7 fp=[4] true=[3] merged=[3, 4]
261.0 fp=[4] true=[3] merged=[3, 4]
261.3 fp=[4] true=[3] merged=[3, 4]
261.6 fp=[4] true=[3] merged=[3, 4]
262.0 fp=[4] true=[3] merged=[3, 4]
262.3 fp=[4] true=[3] merged=[3, 4]
262.6 fp=[4] true=[3] merged=[3, 4]
262.9 fp=[4] true=[3] merged=[3, 4]
263.3 fp=[2] true=[3] merged=[2, 3]
263.6 fp=[2] true=[3] merged=[2, 3]
263.9 fp=[2] true=[3] merged=[2, 3]
264.2 fp=[2] true=[3] merged=[2, 3]
264.5 fp=[2] true=[3] merged=[2, 3]
264.8 fp=[2] true=[3] merged=[2, 3]
265.1 fp=[2] true=[3] merged=[2, 3]
265.4 fp=[2] true=[3] merged=[2, 3]
265.7 fp=[2] true=[3] merged=[2, 3]
266.0 fp=[2] true=[3] merged=[2, 3]
266.4 fp=[2] true=[3] merged=[2, 3]
266.7 fp=[2] true=[3] merged=[2, 3]
267.0 fp=[2] true=[3] merged=[2, 3]
267.3 fp=[2] true=[3] merged=[2, 3]
267.6 fp=[2] true=[3] merged=[2, 3]
267.9 fp=[2] true=[3] merged=[2, 3]
268.2 fp=[2] true=[3] merged=[2, 3]
268.6 fp=[2] true=[3] merged=[2, 3]
268.9 fp=[2] true=[3] merged=[2, 3]
269.2 fp=[2] true=[3] merged=[2, 3]
269.5 fp=[2] true=[3] merged=[2, 3]
269.8 fp=[2] true=[3] merged=[2, 3]
270.1 fp=[2] true=[3] merged=[2, 3]
270.4 fp=[2] true=[3] merged=[2, 3]
270.8 fp=[2] true=[3] merged=[2, 3]
271.1 fp=[2] true=[3] merged=[2, 3]
271.4 fp=[2] true=[3] merged=[2, 3]
271.7 fp=[2] true=[3] merged=[2, 3]
272.0 fp=[2] true=[3] merged=[2, 3]
272.3 fp=[2] true=[3] merged=[2, 3]
272.6 fp=[2] true=[3] merged=[2, 3]
272.9 fp=[2] true=[3] merged=[2, 3]
273.2 fp=[2] true=[3] merged=[2, 3]
273.6 fp=[2] true=[3] merged=[2, 3]
273.9 fp=[2] true=[3] merged=[2, 3]
274.2 fp=[2] true=[3] merged=[2, 3]
274.5 fp=[2] true=[3] merged=[2, 3]
274.8 fp=[2] true=[3] merged=[2, 3]
275.1 fp=[2] true=[3] merged=[2, 3]
275.4 fp=[2] true=[3] merged=[2, 3]
275.8 fp=[2] true=[3] merged=[2, 3]
276.1 fp=[2] true=[3] merged=[2, 3]
276.4 fp=[2] true=[3] merged=[2, 3]
276.7 fp=[2] true=[3] merged=[2, 3]
277.0 fp=[2] true=[3] merged=[2, 3]
277.3 fp=[2] true=[3] merged=[2, 3]
277.6 fp=[2] true=[3] merged=[2, 3]
278.0 fp=[2] true=[3] merged=[2, 3]
278.3 fp=[2] true=[3] merged=[2, 3]
278.6 fp=[2] true=[3] merged=[2, 3]
278.9 fp=[2] true=[3] merged=[2, 3]
279.2 fp=[2] true=[3] merged=[2, 3]
279.5 fp=[2] true=[3] merged=[2, 3]
279.8 fp=[2] true=[3] merged=[2, 3]
280.2 fp=[2] true=[3] merged=[2, 3]
280.5 fp=[2] true=[3] merged=[2, 3]
280.8 fp=[2] true=[3] merged=[2, 3]
281.1 fp=[2] true=[3] merged=[2, 3]
281.4 fp=[2] true=[3] merged=[2, 3]
281.7 fp=[2] true=[3] merged=[2, 3]
282.0 fp=[2] true=[3] merged=[2, 3]
282.3 fp=[2] true=[3] merged=[2, 3]
282.7 fp=[2] true=[3] merged=[2, 3]
283.0 fp=[2] true=[3] merged=[2, 3]
283.3 fp=[5] true=[3] merged=[3, 5]
283.6 fp=[5] true=[3] merged=[3, 5]
283.9 fp=[5] true=[3] merged=[3, 5]
284.2 fp=[4] true=[3] merged=[3, 4]
284.5 fp=[4] true=[3] merged=[3, 4]
284.9 fp=[4] true=[3] merged=[3, 4]
285.2 fp=[4] true=[3] merged=[3, 4]
285.5 fp=[4] true=[3] merged=[3, 4]
285.8 fp=[4] true=[3] merged=[3, 4]
286.1 fp=[4] true=[3] merged=[3, 4]
286.4 fp=[4] true=[3] merged=[3, 4]
286.7 fp=[4] true=[3] merged=[3, 4]
287.0 fp=[4] true=[3] merged=[3, 4]
287.4 fp=[4] true=[3] merged=[3, 4]
287.7 fp=[4] true=[3] merged=[3, 4]
288.0 fp=[4] true=[3] merged=[3, 4]
288.3 fp=[4] true=[3] merged=[3, 4]
288.6 fp=[4] true=[3] merged=[3, 4]
288.9 fp=[4] true=[3] merged=[3, 4]
289.2 fp=[4] true=[3] merged=[3, 4]
289.5 fp=[4] true=[3] merged=[3, 4]
289.8 fp=[4] true=[3] merged=[3, 4]
290.2 fp=[4] true=[3] merged=[3, 4]
290.5 fp=[4] true=[3] merged=[3, 4]
290.8 fp=[4] true=[3] merged=[3, 4]
291.1 fp=[4] true=[3] merged=[3, 4]
291.4 fp=[4] true=[3] merged=[3, 4]
291.7 fp=[4] true=[3] merged=[3, 4]
292.0 fp=[4] true=[3] merged=[3, 4]
292.3 fp=[4] true=[3] merged=[3, 4]
292.7 fp=[4] true=[3] merged=[3, 4]
293.0 fp=[4] true=[3] merged=[3, 4]
293.3 fp=[4] true=[3] merged=[3, 4]
293.6 fp=[4] true=[3] merged=[3, 4]
293.9 fp=[4] true=[3] merged=[3, 4]
294.2 fp=[4] true=[3] merged=[3, 4]
294.5 fp=[4] true=[3] merged=[3, 4]
294.8 fp=[4] true=[3] merged=[3, 4]
295.2 fp=[4] true=[3] merged=[3, 4]
295.5 fp=[4] true=[3] merged=[3, 4]
295.8 fp=[4] true=[3] merged=[3, 4]
296.1 fp=[4] true=[3] merged=[3, 4]
296.4 fp=[4] true=[3] merged=[3, 4]
296.7 fp=[4] true=[3] merged=[3, 4]
297.0 fp=[4] true=[3] merged=[3, 4]
297.3 fp=[4] true=[3] merged=[3, 4]
297.7 fp=[4] true=[3] merged=[3, 4]
298.0 fp=[4] true=[3] merged=[3, 4]
298.3 fp=[4] true=[3] merged=[3, 4]
298.6 fp=[4] true=[3] merged=[3, 4]
298.9 fp=[4] true=[3] merged=[3, 4]
299.2 fp=[4] true=[3] merged=[3, 4]
299.5 fp=[4] true=[3] merged=[3, 4]
299.8 fp=[4] true=[3] merged=[3, 4]
300.1 fp=[4] true=[3] merged=[3, 4]
300.4 fp=[4] true=[3] merged=[3, 4]
300.8 fp=[4] true=[3] merged=[3, 4]
301.1 fp=[4] true=[3] merged=[3, 4]
301.4 fp=[4] true=[3] merged=[3, 4]
301.7 fp=[4] true=[3] merged=[3, 4]
302.0 fp=[4] true=[3] merged=[3, 4]
302.3 fp=[4] true=[3] merged=[3, 4]
302.6 fp=[4] true=[3] merged=[3, 4]
302.9 fp=[4] true=[3] merged=[3, 4]
303.3 fp=[4] true=[3] merged=[3, 4]
303.6 fp=[4] true=[3] merged=[3, 4]
303.9 fp=[4] true=[3] merged=[3, 4]
306.1 fp=[2] true=[3] merged=[2, 3]
306.4 fp=[2] true=[3] merged=[2, 3]
306.7 fp=[2] true=[3] merged=[2, 3]
307.0 fp=[2] true=[3] merged=[2, 3]
307.3 fp=[2] true=[3] merged=[2, 3]
307.6 fp=[2] true=[3] merged=[2, 3]
307.9 fp=[2] true=[3] merged=[2, 3]
308.3 fp=[2] true=[3] merged=[2, 3]
308.6 fp=[2] true=[3] merged=[2, 3]
308.9 fp=[2] true=[3] merged=[2, 3]
309.2 fp=[2] true=[3] merged=[2, 3]
309.5 fp=[2] true=[3] merged=[2, 3]
309.8 fp=[2] true=[3] merged=[2, 3]
310.1 fp=[2] true=[3] merged=[2, 3]
310.5 fp=[2] true=[3] merged=[2, 3]
310.8 fp=[2] true=[3] merged=[2, 3]
311.1 fp=[2] true=[3] merged=[2, 3]
311.4 fp=[2] true=[3] merged=[2, 3]
311.7 fp=[2] true=[3] merged=[2, 3]
312.0 fp=[2] true=[3] merged=[2, 3]
312.3 fp=[2] true=[3] merged=[2, 3]
312.6 fp=[2] true=[3] merged=[2, 3]
313.0 fp=[2] true=[3] merged=[2, 3]
313.3 fp=[2] true=[3] merged=[2, 3]
313.6 fp=[2] true=[3] merged=[2, 3]
313.9 fp=[2] true=[3] merged=[2, 3]
314.2 fp=[2] true=[3] merged=[2, 3]
314.5 fp=[2] true=[3] merged=[2, 3]
314.8 fp=[2] true=[3] merged=[2, 3]
315.2 fp=[2] true=[3] merged=[2, 3]
315.5 fp=[2] true=[3] merged=[2, 3]
315.8 fp=[2] true=[3] merged=[2, 3]
316.1 fp=[2] true=[3] merged=[2, 3]
316.4 fp=[2] true=[3] merged=[2, 3]
316.7 fp=[2] true=[3] merged=[2, 3]
317.1 fp=[2] true=[3] merged=[2, 3]
317.4 fp=[2] true=[3] merged=[2, 3]
317.7 fp=[2] true=[3] merged=[2, 3]
318.0 fp=[2] true=[3] merged=[2, 3]
318.3 fp=[2] true=[3] merged=[2, 3]
318.6 fp=[2] true=[3] merged=[2, 3]
318.9 fp=[2] true=[3] merged=[2, 3]
319.3 fp=[2] true=[3] merged=[2, 3]
319.6 fp=[2] true=[3] merged=[2, 3]
319.9 fp=[2] true=[3] merged=[2, 3]
320.2 fp=[2] true=[3] merged=[2, 3]
320.5 fp=[2] true=[3] merged=[2, 3]
320.8 fp=[2] true=[3] merged=[2, 3]
321.1 fp=[2] true=[3] merged=[2, 3]
321.4 fp=[2] true=[3] merged=[2, 3]
321.8 fp=[2] true=[3] merged=[2, 3]
322.1 fp=[2] true=[3] merged=[2, 3]
322.4 fp=[2] true=[3] merged=[2, 3]
322.7 fp=[2] true=[3] merged=[2, 3]
323.0 fp=[2] true=[3] merged=[2, 3]
323.3 fp=[2] true=[3] merged=[2, 3]
323.7 fp=[2] true=[3] merged=[2, 3]
324.0 fp=[2] true=[3] merged=[2, 3]
324.3 fp=[2] true=[3] merged=[2, 3]
324.6 fp=[2] true=[3] merged=[2, 3]
324.9 fp=[2] true=[3] merged=[2, 3]
325.2 fp=[2] true=[3] merged=[2, 3]
325.5 fp=[2] true=[3] merged=[2, 3]
325.8 fp=[2] true=[3] merged=[2, 3]
326.2 fp=[5] true=[3] merged=[3, 5]
326.5 fp=[5] true=[3] merged=[3, 5]
326.8 fp=[5] true=[3] merged=[3, 5]
327.1 fp=[5] true=[3] merged=[3, 5]
327.4 fp=[5] true=[3] merged=[3, 5]
327.8 fp=[5] true=[3] merged=[3, 5]
328.1 fp=[5] true=[3] merged=[3, 5]
328.4 fp=[5] true=[3] merged=[3, 5]
328.7 fp=[5] true=[3] merged=[3, 5]
329.0 fp=[5] true=[3] merged=[3, 5]
329.3 fp=[5] true=[3] merged=[3, 5]
329.6 fp=[5] true=[3] merged=[3, 5]
329.9 fp=[5] true=[3] merged=[3, 5]
330.3 fp=[5] true=[3] merged=[3, 5]
330.6 fp=[5] true=[3] merged=[3, 5]
330.9 fp=[5] true=[3] merged=[3, 5]
331.2 fp=[5] true=[3] merged=[3, 5]
331.5 fp=[5] true=[3] merged=[3, 5]
331.8 fp=[5] true=[3] merged=[3, 5]
332.1 fp=[5] true=[3] merged=[3, 5]
332.5 fp=[5] true=[3] merged=[3, 5]
332.8 fp=[5] true=[3] merged=[3, 5]
333.1 fp=[5] true=[3] merged=[3, 5]
333.4 fp=[5] true=[3] merged=[3, 5]
333.7 fp=[5] true=[3] merged=[3, 5]
334.0 fp=[5] true=[3] merged=[3, 5]
334.3 fp=[5] true=[3] merged=[3, 5]
334.6 fp=[5] true=[3] merged=[3, 5]
335.0 fp=[5] true=[3] merged=[3, 5]
335.3 fp=[5] true=[3] merged=[3, 5]
335.6 fp=[5] true=[3] merged=[3, 5]
335.9 fp=[5] true=[3] merged=[3, 5]
336.2 fp=[5] true=[3] merged=[3, 5]
336.5 fp=[5] true=[3] merged=[3, 5]
336.8 fp=[5] true=[3] merged=[3, 5]
337.2 fp=[5] true=[3] merged=[3, 5]
337.5 fp=[5] true=[3] merged=[3, 5]
337.8 fp=[5] true=[3] merged=[3, 5]
338.1 fp=[5] true=[3] merged=[3, 5]
338.4 fp=[5] true=[3] merged=[3, 5]
338.7 fp=[5] true=[3] merged=[3, 5]
339.0 fp=[5] true=[3] merged=[3, 5]
339.3 fp=[5] true=[3] merged=[3, 5]
339.6 fp=[5] true=[3] merged=[3, 5]
340.0 fp=[5] true=[3] merged=[3, 5]
340.3 fp=[5] true=[3] merged=[3, 5]
340.6 fp=[5] true=[3] merged=[3, 5]
340.9 fp=[5] true=[3] merged=[3, 5]
341.2 fp=[5] true=[3] merged=[3, 5]
341.5 fp=[5] true=[3] merged=[3, 5]
341.8 fp=[5] true=[3] merged=[3, 5]
342.1 fp=[5] true=[3] merged=[3, 5]
342.4 fp=[5] true=[3] merged=[3, 5]
342.8 fp=[5] true=[3] merged=[3, 5]
344.1 fp=[5] true=[3] merged=[3, 5]
344.4 fp=[5] true=[3] merged=[3, 5]
344.7 fp=[5] true=[3] merged=[3, 5]
345.0 fp=[5] true=[3] merged=[3, 5]
345.3 fp=[5] true=[3] merged=[3, 5]
345.6 fp=[5] true=[3] merged=[3, 5]
345.9 fp=[5] true=[3] merged=[3, 5]
346.2 fp=[5] true=[3] merged=[3, 5]
346.5 fp=[5] true=[3] merged=[3, 5]
346.9 fp=[5] true=[3] merged=[3, 5]
347.2 fp=[5] true=[3] merged=[3, 5]
347.5 fp=[5] true=[3] merged=[3, 5]
347.8 fp=[5] true=[3] merged=[3, 5]
348.1 fp=[5] true=[3] merged=[3, 5]
348.4 fp=[5] true=[3] merged=[3, 5]
348.7 fp=[5] true=[3] merged=[3, 5]
349.0 fp=[5] true=[3] merged=[3, 5]
349.3 fp=[5] true=[3] merged=[3, 5]
349.7 fp=[5] true=[3] merged=[3, 5]
350.0 fp=[5] true=[3] merged=[3, 5]
350.3 fp=[5] true=[3] merged=[3, 5]
350.6 fp=[5] true=[3] merged=[3, 5]
351.0 fp=[5] true=[3] merged=[3, 5]
351.3 fp=[5] true=[3] merged=[3, 5]
351.6 fp=[5] true=[3] merged=[3, 5]
351.9 fp=[5] true=[3] merged=[3, 5]
352.2 fp=[5] true=[3] merged=[3, 5]
352.5 fp=[5] true=[3] merged=[3, 5]
352.8 fp=[5] true=[3] merged=[3, 5]
353.2 fp=[5] true=[3] merged=[3, 5]
353.5 fp=[5] true=[3] merged=[3, 5]
353.8 fp=[5] true=[3] merged=[3, 5]
354.1 fp=[5] true=[3] merged=[3, 5]
354.4 fp=[5] true=[3] merged=[3, 5]
354.7 fp=[5] true=[3] merged=[3, 5]
355.0 fp=[5] true=[3] merged=[3, 5]
355.3 fp=[5] true=[3] merged=[3, 5]
355.7 fp=[5] true=[3] merged=[3, 5]
356.0 fp=[5] true=[3] merged=[3, 5]
356.3 fp=[5] true=[3] merged=[3, 5]
356.6 fp=[5] true=[3] merged=[3, 5]
356.9 fp=[5] true=[3] merged=[3, 5]
357.2 fp=[5] true=[3] merged=[3, 5]
357.5 fp=[5] true=[3] merged=[3, 5]
357.8 fp=[5] true=[3] merged=[3, 5]
358.1 fp=[5] true=[3] merged=[3, 5]
358.4 fp=[5] true=[3] merged=[3, 5]
358.7 fp=[5] true=[3] merged=[3, 5]
359.0 fp=[5] true=[3] merged=[3, 5]
359.4 fp=[5] true=[3] merged=[3, 5]
359.7 fp=[5] true=[3] merged=[3, 5]
360.0 fp=[5] true=[3] merged=[3, 5]
360.3 fp=[5] true=[3] merged=[3, 5]
360.6 fp=[5] true=[3] merged=[3, 5]
360.9 fp=[5] true=[3] merged=[3, 5]
361.2 fp=[5] true=[3] merged=[3, 5]
361.5 fp=[5] true=[3] merged=[3, 5]
361.8 fp=[5] true=[3] merged=[3, 5]
362.2 fp=[5] true=[3] merged=[3, 5]
362.5 fp=[5] true=[3] merged=[3, 5]
362.8 fp=[5] true=[3] merged=[3, 5]
363.1 fp=[5] true=[3] merged=[3, 5]
363.4 fp=[5] true=[3] merged=[3, 5]
363.7 fp=[5] true=[3] merged=[3, 5]
364.0 fp=[5] true=[3] merged=[3, 5]
364.3 fp=[5] true=[3] merged=[3, 5]
364.6 fp=[5] true=[3] merged=[3, 5]
365.0 fp=[5] true=[3] merged=[3, 5]
365.3 fp=[5] true=[3] merged=[3, 5]
365.6 fp=[5] true=[3] merged=[3, 5]
365.9 fp=[5] true=[3] merged=[3, 5]
366.2 fp=[5] true=[3] merged=[3, 5]
366.5 fp=[5] true=[3] merged=[3, 5]
366.8 fp=[5] true=[3] merged=[3, 5]
367.2 fp=[5] true=[3] merged=[3, 5]
367.5 fp=[5] true=[3] merged=[3, 5]
367.8 fp=[5] true=[3] merged=[3, 5]
368.1 fp=[1] true=[3] merged=[1, 3]
368.4 fp=[1] true=[3] merged=[1, 3]
368.7 fp=[1] true=[3] merged=[1, 3]
369.0 fp=[1] true=[3] merged=[1, 3]
369.3 fp=[1] true=[3] merged=[1, 3]
369.7 fp=[1] true=[3] merged=[1, 3]
370.0 fp=[1] true=[3] merged=[1, 3]
370.3 fp=[1] true=[3] merged=[1, 3]
370.6 fp=[1] true=[3] merged=[1, 3]
370.9 fp=[1] true=[3] merged=[1, 3]
371.2 fp=[1] true=[3] merged=[1, 3]
371.6 fp=[1] true=[3] merged=[1, 3]
371.9 fp=[1] true=[3] merged=[1, 3]
372.2 fp=[1] true=[3] merged=[1, 3]
372.5 fp=[1] true=[3] merged=[1, 3]
372.8 fp=[1] true=[3] merged=[1, 3]
373.1 fp=[1] true=[3] merged=[1, 3]
373.5 fp=[1] true=[3] merged=[1, 3]
373.8 fp=[1] true=[3] merged=[1, 3]
374.1 fp=[1] true=[3] merged=[1, 3]
374.4 fp=[1] true=[3] merged=[1, 3]
374.7 fp=[1] true=[3] merged=[1, 3]
375.0 fp=[1] true=[3] merged=[1, 3]
375.3 fp=[1] true=[3] merged=[1, 3]
375.6 fp=[1] true=[3] merged=[1, 3]
375.9 fp=[1] true=[3] merged=[1, 3]
376.2 fp=[1] true=[3] merged=[1, 3]
376.5 fp=[1] true=[3] merged=[1, 3]
376.9 fp=[1] true=[3] merged=[1, 3]
377.2 fp=[1] true=[3] merged=[1, 3]
377.5 fp=[1] true=[3] merged=[1, 3]
377.8 fp=[1] true=[3] merged=[1, 3]
378.1 fp=[1] true=[3] merged=[1, 3]
378.4 fp=[1] true=[3] merged=[1, 3]
378.7 fp=[1] true=[3] merged=[1, 3]
379.0 fp=[1] true=[3] merged=[1, 3]
379.3 fp=[1] true=[3] merged=[1, 3]
379.7 fp=[1] true=[3] merged=[1, 3]
380.0 fp=[1] true=[3] merged=[1, 3]
380.3 fp=[1] true=[3] merged=[1, 3]
380.6 fp=[1] true=[3] merged=[1, 3]
380.9 fp=[1] true=[3] merged=[1, 3]
381.2 fp=[1] true=[3] merged=[1, 3]
381.5 fp=[1] true=[3] merged=[1, 3]
381.8 fp=[1] true=[3] merged=[1, 3]
382.1 fp=[1] true=[3] merged=[1, 3]
382.5 fp=[1] true=[3] merged=[1, 3]
382.8 fp=[1] true=[3] merged=[1, 3]
383.1 fp=[1] true=[3] merged=[1, 3]
383.4 fp=[1] true=[3] merged=[1, 3]
383.7 fp=[1] true=[3] merged=[1, 3]
384.0 fp=[1] true=[3] merged=[1, 3]
384.3 fp=[1] true=[3] merged=[1, 3]
384.7 fp=[1] true=[3] merged=[1, 3]
385.0 fp=[1] true=[3] merged=[1, 3]
385.3 fp=[1] true=[3] merged=[1, 3]
385.6 fp=[1] true=[3] merged=[1, 3]
385.9 fp=[1] true=[3] merged=[1, 3]
386.2 fp=[1] true=[3] merged=[1, 3]
386.5 fp=[1] true=[3] merged=[1, 3]
386.9 fp=[1] true=[3] merged=[1, 3]
