# start rate=20 seed=6 dur=420 n=7 target=3 events=91
1.3 fp=[5] true=[3] merged=[3, 5]
1.6 fp=[5] true=[3] merged=[3, 5]
1.9 fp=[5] true=[3] merged=[3, 5]
2.2 fp=[5] true=[3] merged=[3, 5]
2.6 fp=[5] true=[3] merged=[3, 5]
2.9 fp=[5] true=[3] merged=[3, 5]
3.2 fp=[5] true=[3] merged=[3, 5]
3.5 fp=[5] true=[3] merged=[3, 5]
3.8 fp=[5] true=[3] merged=[3, 5]
4.1 fp=[5] true=[3] merged=[3, 5]
4.4 fp=[5] true=[3] merged=[3, 5]
4.8 fp=[5] true=[3] merged=[3, 5]
5.1 fp=[5] true=[3] merged=[3, 5]
5.4 fp=[5] true=[3] merged=[3, 5]
5.7 fp=[5] true=[3] merged=[3, 5]
6.1 fp=[5] true=[3] merged=[3, 5]
6.4 fp=[5] true=[3] merged=[3, 5]
6.7 fp=[5] true=[3] merged=[3, 5]
7.0 fp=[5] true=[3] merged=[3, 5]
7.4 fp=[5] true=[3] merged=[3, 5]
7.7 fp=[5] true=[3] merged=[3, 5]
8.0 fp=[5] true=[3] merged=[3, 5]
8.3 fp=[5] true=[3] merged=[3, 5]
8.6 fp=[5] true=[3] merged=[3, 5]
9.0 fp=[5] true=[3] merged=[3, 5]
9.3 fp=[5] true=[3] merged=[3, 5]
9.6 fp=[5] true=[3] merged=[3, 5]
9.9 fp=[5] true=[3] merged=[3, 5]
10.2 fp=[4] true=[3] merged=[3, 4]
10.6 fp=[4] true=[3] merged=[3, 4]
10.9 fp=[4] true=[3] merged=[3, 4]
11.2 fp=[4] true=[3] merged=[3, 4]
11.5 fp=[4] true=[3] merged=[3, 4]
11.8 fp=[4] true=[3] merged=[3, 4]
12.2 fp=[4] true=[3] merged=[3, 4]
12.5 fp=[4] true=[3] merged=[3, 4]
12.8 fp=[4] true=[3] merged=[3, 4]
13.1 fp=[4] true=[3] merged=[3, 4]
13.4 fp=[4] true=[3] merged=[3, 4]
13.7 fp=[4] true=[3] merged=[3, 4]
14.1 fp=[4] true=[3] merged=[3, 4]
14.4 fp=[4] true=[3] merged=[3, 4]
14.7 fp=[4] true=[3] merged=[3, 4]
15.1 fp=[4] true=[3] merged=[3, 4]
15.4 fp=[4] true=[3] merged=[3, 4]
15.7 fp=[4] true=[3] merged=[3, 4]
16.0 fp=[1] true=[3] merged=[1, 3]
16.3 fp=[1] true=[3] merged=[1, 3]
16.6 fp=[1] true=[3] merged=[1, 3]
16.9 fp=[1] true=[3] merged=[1, 3]
17.2 fp=[1] true=[3] merged=[1, 3]
17.6 fp=[1] true=[3] merged=[1, 3]
17.9 fp=[1] true=[3] merged=[1, 3]
18.2 fp=[1] true=[3] merged=[1, 3]
18.5 fp=[1] true=[3] merged=[1, 3]
18.8 fp=[1] true=[3] merged=[1, 3]
19.1 fp=[1] true=[3] merged=[1, 3]
19.4 fp=[1] true=[3] merged=[1, 3]
19.8 fp=[1] true=[3] merged=[1, 3]
20.1 fp=[1] true=[3] merged=[1, 3]
20.4 fp=[1] true=[3] merged=[1, 3]
20.7 fp=[1] true=[3] merged=[1, 3]
21.0 fp=[1] true=[3] merged=[1, 3]
21.3 fp=[1] true=[3] merged=[1, 3]
21.7 fp=[1] true=[3] merged=[1, 3]
22.0 fp=[1] true=[3] merged=[1, 3]
22.3 fp=[1] true=[3] merged=[1, 3]
22.6 fp=[1] true=[3] merged=[1, 3]
22.9 fp=[1] true=[3] merged=[1, 3]
23.3 fp=[1] true=[3] merged=[1, 3]
23.6 fp=[1] true=[3] merged=[1, 3]
23.9 fp=[1] true=[3] merged=[1, 3]
24.2 fp=[1] true=[3] merged=[1, 3]
24.5 fp=[1] true=[3] merged=[1, 3]
24.9 fp=[1] true=[3] merged=[1, 3]
25.2 fp=[1] true=[3] merged=[1, 3]
25.5 fp=[1] true=[3] merged=[1, 3]
25.8 fp=[1] true=[3] merged=[1, 3]
26.2 fp=[1] true=[3] merged=[1, 3]
26.5 fp=[1] true=[3] merged=[1, 3]
26.8 fp=[1] true=[3] merged=[1, 3]
27.1 fp=[1] true=[3] merged=[1, 3]
27.4 fp=[1] true=[3] merged=[1, 3]
27.7 fp=[1] true=[3] merged=[1, 3]
28.1 fp=[1] true=[3] merged=[1, 3]
28.4 fp=[1] true=[3] merged=[1, 3]
28.7 fp=[1] true=[3] merged=[1, 3]
29.0 fp=[1] true=[3] merged=[1, 3]
29.3 fp=[1] true=[3] merged=[1, 3]
29.7 fp=[1] true=[3] merged=[1, 3]
30.0 fp=[1] true=[3] merged=[1, 3]
30.3 fp=[1] true=[3] merged=[1, 3]
30.6 fp=[1] true=[3] merged=[1, 3]
31.0 fp=[1] true=[3] merged=[1, 3]
31.3 fp=[1] true=[3] merged=[1, 3]
31.6 fp=[1] true=[3] merged=[1, 3]
31.9 fp=[1] true=[3] merged=[1, 3]
32.2 fp=[1] true=[3] merged=[1, 3]
32.5 fp=[1] true=[3] merged=[1, 3]
32.9 fp=[1] true=[3] merged=[1, 3]
33.2 fp=[1] true=[3] merged=[1, 3]
33.5 fp=[1] true=[3] merged=[1, 3]
33.8 fp=[1] true=[3] merged=[1, 3]
34.1 fp=[1] true=[3] merged=[1, 3]
34.4 fp=[1] true=[3] merged=[1, 3]
34.8 fp=[1] true=[3] merged=[1, 3]
35.1 fp=[1] true=[3] merged=[1, 3]
35.4 fp=[1] true=[3] merged=[1, 3]
35.7 fp=[1] true=[3] merged=[1, 3]
36.1 fp=[2] true=[3] merged=[2, 3]
36.4 fp=[2] true=[3] merged=[2, 3]
36.8 fp=[2] true=[3] merged=[2, 3]
37.1 fp=[2] true=[3] merged=[2, 3]
37.4 fp=[2] true=[3] merged=[2, 3]
37.7 fp=[2] true=[3] merged=[2, 3]
38.0 fp=[2] true=[3] merged=[2, 3]
38.3 fp=[2] true=[3] merged=[2, 3]
38.7 fp=[2] true=[3] merged=[2, 3]
39.0 fp=[2] true=[3] merged=[2, 3]
39.3 fp=[2] true=[3] merged=[2, 3]
39.6 fp=[2] true=[3] merged=[2, 3]
39.9 fp=[2] true=[3] merged=[2, 3]
40.3 fp=[2] true=[3] merged=[2, 3]
40.6 fp=[2] true=[3] merged=[2, 3]
40.9 fp=[2] true=[3] merged=[2, 3]
41.2 fp=[2] true=[3] merged=[2, 3]
41.5 fp=[2] true=[3] merged=[2, 3]
41.8 fp=[2] true=[3] merged=[2, 3]
42.2 fp=[2] true=[3] merged=[2, 3]
42.5 fp=[2] true=[3] merged=[2, 3]
42.8 fp=[2] true=[3] merged=[2, 3]
43.1 fp=[2] true=[3] merged=[2, 3]
43.4 fp=[2] true=[3] merged=[2, 3]
43.7 fp=[2] true=[3] merged=[2, 3]
44.1 fp=[2] true=[3] merged=[2, 3]
44.4 fp=[2] true=[3] merged=[2, 3]
44.7 fp=[2] true=[3] merged=[2, 3]
45.0 fp=[2] true=[3] merged=[2, 3]
45.4 fp=[2] true=[3] merged=[2, 3]
45.7 fp=[2] true=[3] merged=[2, 3]
46.0 fp=[2] true=[3] merged=[2, 3]
46.3 fp=[2] true=[3] merged=[2, 3]
46.6 fp=[2] true=[3] merged=[2, 3]
47.0 fp=[2] true=[3] merged=[2, 3]
47.3 fp=[2] true=[3] merged=[2, 3]
47.6 fp=[2] true=[3] merged=[2, 3]
47.9 fp=[2] true=[3] merged=[2, 3]
48.2 fp=[2] true=[3] merged=[2, 3]
48.5 fp=[2] true=[3] merged=[2, 3]
48.9 fp=[2] true=[3] merged=[2, 3]
49.2 fp=[2] true=[3] merged=[2, 3]
49.5 fp=[2] true=[3] merged=[2, 3]
49.8 fp=[2] true=[3] merged=[2, 3]
50.1 fp=[2] true=[3] merged=[2, 3]
50.4 fp=[2] true=[3] merged=[2, 3]
50.7 fp=[2] true=[3] merged=[2, 3]
51.0 fp=[2] true=[3] merged=[2, 3]
51.3 fp=[2] true=[3] merged=[2, 3]
51.7 fp=[2] true=[3] merged=[2, 3]
52.0 fp=[2] true=[3] merged=[2, 3]
52.3 fp=[2] true=[3] merged=[2, 3]
52.6 fp=[2] true=[3] merged=[2, 3]
53.0 fp=[2] true=[3] merged=[2, 3]
53.3 fp=[4] true=[3] merged=[3, 4]
53.6 fp=[4] true=[3] merged=[3, 4]
53.9 fp=[4] true=[3] merged=[3, 4]
54.2 fp=[4] true=[3] merged=[3, 4]
54.5 fp=[4] true=[3] merged=[3, 4]
54.9 fp=[4] true=[3] merged=[3, 4]
55.2 fp=[4] true=[3] merged=[3, 4]
55.5 fp=[4] true=[3] merged=[3, 4]
55.8 fp=[4] true=[3] merged=[3, 4]
56.1 fp=[6] true=[3] merged=[3, 6]
56.4 fp=[6] true=[3] merged=[3, 6]
56.8 fp=[6] true=[3] merged=[3, 6]
57.1 fp=[6] true=[3] merged=[3, 6]
57.4 fp=[6] true=[3] merged=[3, 6]
57.7 fp=[6] true=[3] merged=[3, 6]
58.1 fp=[6] true=[3] merged=[3, 6]
58.4 fp=[6] true=[3] merged=[3, 6]
58.7 fp=[6] true=[3] merged=[3, 6]
59.0 fp=[6] true=[3] merged=[3, 6]
59.4 fp=[6] true=[3] merged=[3, 6]
59.7 fp=[6] true=[3] merged=[3, 6]
60.0 fp=[6] true=[3] merged=[3, 6]
60.3 fp=[6] true=[3] merged=[3, 6]
60.7 fp=[6] true=[3] merged=[3, 6]
61.0 fp=[6] true=[3] merged=[3, 6]
61.3 fp=[6] true=[3] merged=[3, 6]
61.6 fp=[6] true=[3] merged=[3, 6]
62.0 fp=[6] true=[3] merged=[3, 6]
62.3 fp=[2] true=[3] merged=[2, 3]
62.6 fp=[2] true=[3] merged=[2, 3]
62.9 fp=[2] true=[3] merged=[2, 3]
63.2 fp=[2] true=[3] merged=[2, 3]
63.6 fp=[2] true=[3] merged=[2, 3]
63.9 fp=[2] true=[3] merged=[2, 3]
64.2 fp=[1] true=[3] merged=[1, 3]
64.5 fp=[1] true=[3] merged=[1, 3]
64.8 fp=[1] true=[3] merged=[1, 3]
65.1 fp=[1] true=[3] merged=[1, 3]
65.5 fp=[1] true=[3] merged=[1, 3]
65.8 fp=[1] true=[3] merged=[1, 3]
66.1 fp=[1] true=[3] merged=[1, 3]
66.4 fp=[1] true=[3] merged=[1, 3]
66.7 fp=[1] true=[3] merged=[1, 3]
67.1 fp=[1] true=[3] merged=[1, 3]
67.4 fp=[1] true=[3] merged=[1, 3]
67.7 fp=[1] true=[3] merged=[1, 3]
68.0 fp=[1] true=[3] merged=[1, 3]
68.3 fp=[1] true=[3] merged=[1, 3]
68.6 fp=[1] true=[3] merged=[1, 3]
68.9 fp=[1] true=[3] merged=[1, 3]
69.3 fp=[1] true=[3] merged=[1, 3]
69.6 fp=[1] true=[3] merged=[1, 3]
69.9 fp=[1] true=[3] merged=[1, 3]
70.2 fp=[1] true=[3] merged=[1, 3]
70.5 fp=[1] true=[3] merged=[1, 3]
70.9 fp=[1] true=[3] merged=[1, 3]
71.2 fp=[1] true=[3] merged=[1, 3]
71.5 fp=[1] true=[3] merged=[1, 3]
71.8 fp=[1] true=[3] merged=[1, 3]
72.1 fp=[1] true=[3] merged=[1, 3]
72.4 fp=[1] true=[3] merged=[1, 3]
72.8 fp=[1] true=[3] merged=[1, 3]
73.1 fp=[1] true=[3] merged=[1, 3]
73.4 fp=[1] true=[3] merged=[1, 3]
73.7 fp=[1] true=[3] merged=[1, 3]
74.0 fp=[1] true=[3] merged=[1, 3]
74.3 fp=[1] true=[3] merged=[1, 3]
74.6 fp=[1] true=[3] merged=[1, 3]
74.9 fp=[1] true=[3] merged=[1, 3]
75.2 fp=[1] true=[3] merged=[1, 3]
75.6 fp=[1] true=[3] merged=[1, 3]
75.9 fp=[1] true=[3] merged=[1, 3]
76.2 fp=[1] true=[3] merged=[1, 3]
76.5 fp=[1] true=[3] merged=[1, 3]
76.8 fp=[1] true=[3] merged=[1, 3]
77.1 fp=[1] true=[3] merged=[1, 3]
77.5 fp=[1] true=[3] merged=[1, 3]
77.8 fp=[1] true=[3] merged=[1, 3]
78.1 fp=[1] true=[3] merged=[1, 3]
78.4 fp=[1] true=[3] merged=[1, 3]
78.7 fp=[1] true=[3] merged=[1, 3]
79.1 fp=[1] true=[3] merged=[1, 3]
79.4 fp=[1] true=[3] merged=[1, 3]
79.7 fp=[1] true=[3] merged=[1, 3]
80.1 fp=[1] true=[3] merged=[1, 3]
80.6 fp=[1] true=[3] merged=[1, 3]
80.9 fp=[1] true=[3] merged=[1, 3]
81.2 fp=[1] true=[3] merged=[1, 3]
81.6 fp=[1] true=[3] merged=[1, 3]
82.0 fp=[1] true=[3] merged=[1, 3]
82.3 fp=[1] true=[3] merged=[1, 3]
83.0 fp=[1] true=[3] merged=[1, 3]
83.7 fp=[1] true=[3] merged=[1, 3]
84.4 fp=[1] true=[3] merged=[1, 3]
85.0 fp=[1] true=[3] merged=[1, 3]
85.6 fp=[1] true=[3] merged=[1, 3]
86.2 fp=[1] true=[3] merged=[1, 3]
86.8 fp=[1] true=[3] merged=[1, 3]
87.4 fp=[1] true=[3] merged=[1, 3]
88.0 fp=[1] true=[3] merged=[1, 3]
88.7 fp=[1] true=[3] merged=[1, 3]
89.4 fp=[1] true=[3] merged=[1, 3]
90.0 fp=[1] true=[3] merged=[1, 3]
90.7 fp=[1] true=[3] merged=[1, 3]
91.4 fp=[1] true=[3] merged=[1, 3]
92.0 fp=[1] true=[3] merged=[1, 3]
92.7 fp=[1] true=[3] merged=[1, 3]
93.4 fp=[1] true=[3] merged=[1, 3]
94.1 fp=[1] true=[3] merged=[1, 3]
94.7 fp=[1] true=[3] merged=[1, 3]
95.4 fp=[1] true=[3] merged=[1, 3]
96.0 fp=[1] true=[3] merged=[1, 3]
96.6 fp=[1] true=[3] merged=[1, 3]
97.3 fp=[1] true=[3] merged=[1, 3]
97.9 fp=[1] true=[3] merged=[1, 3]
98.6 fp=[1] true=[3] merged=[1, 3]
99.2 fp=[1] true=[3] merged=[1, 3]
99.8 fp=[1] true=[3] merged=[1, 3]
100.4 fp=[1] true=[3] merged=[1, 3]
101.1 fp=[1] true=[3] merged=[1, 3]
101.8 fp=[1] true=[3] merged=[1, 3]
102.4 fp=[1] true=[3] merged=[1, 3]
103.1 fp=[1] true=[3] merged=[1, 3]
103.7 fp=[1] true=[3] merged=[1, 3]
104.4 fp=[1] true=[3] merged=[1, 3]
105.3 fp=[5] true=[3] merged=[3, 5]
106.1 fp=[5] true=[3] merged=[3, 5]
106.9 fp=[5] true=[3] merged=[3, 5]
107.6 fp=[5] true=[3] merged=[3, 5]
108.2 fp=[5] true=[3] merged=[3, 5]
108.8 fp=[5] true=[3] merged=[3, 5]
109.4 fp=[5] true=[3] merged=[3, 5]
110.1 fp=[5] true=[3] merged=[3, 5]
110.7 fp=[5] true=[3] merged=[3, 5]
111.4 fp=[5] true=[3] merged=[3, 5]
112.0 fp=[1] true=[3] merged=[1, 3]
112.6 fp=[1] true=[3] merged=[1, 3]
113.2 fp=[1] true=[3] merged=[1, 3]
113.9 fp=[1] true=[3] merged=[1, 3]
114.5 fp=[1] true=[3] merged=[1, 3]
115.2 fp=[1] true=[3] merged=[1, 3]
115.8 fp=[1] true=[3] merged=[1, 3]
116.5 fp=[1] true=[3] merged=[1, 3]
117.2 fp=[1] true=[3] merged=[1, 3]
117.8 fp=[1] true=[3] merged=[1, 3]
118.2 fp=[1] true=[3] merged=[1, 3]
118.5 fp=[1] true=[3] merged=[1, 3]
118.8 fp=[1] true=[3] merged=[1, 3]
119.1 fp=[1] true=[3] merged=[1, 3]
119.4 fp=[1] true=[3] merged=[1, 3]
119.7 fp=[1] true=[3] merged=[1, 3]
120.1 fp=[1] true=[3] merged=[1, 3]
120.5 fp=[1] true=[3] merged=[1, 3]
120.9 fp=[1] true=[3] merged=[1, 3]
121.3 fp=[1] true=[3] merged=[1, 3]
121.6 fp=[1] true=[3] merged=[1, 3]
121.9 fp=[1] true=[3] merged=[1, 3]
122.2 fp=[1] true=[3] merged=[1, 3]
122.9 fp=[1] true=[3] merged=[1, 3]
123.6 fp=[1] true=[3] merged=[1, 3]
124.3 fp=[1] true=[3] merged=[1, 3]
125.0 fp=[1] true=[3] merged=[1, 3]
125.7 fp=[1] true=[3] merged=[1, 3]
126.3 fp=[1] true=[3] merged=[1, 3]
127.1 fp=[1] true=[3] merged=[1, 3]
127.7 fp=[1] true=[3] merged=[1, 3]
128.4 fp=[1] true=[3] merged=[1, 3]
129.0 fp=[1] true=[3] merged=[1, 3]
129.7 fp=[1] true=[3] merged=[1, 3]
130.4 fp=[1] true=[3] merged=[1, 3]
131.0 fp=[1] true=[3] merged=[1, 3]
131.6 fp=[1] true=[3] merged=[1, 3]
132.3 fp=[1] true=[3] merged=[1, 3]
133.0 fp=[1] true=[3] merged=[1, 3]
133.7 fp=[1] true=[3] merged=[1, 3]
134.3 fp=[1] true=[3] merged=[1, 3]
135.0 fp=[1] true=[3] merged=[1, 3]
135.6 fp=[1] true=[3] merged=[1, 3]
136.3 fp=[1] true=[3] merged=[1, 3]
136.9 fp=[1] true=[3] merged=[1, 3]
137.6 fp=[1] true=[3] merged=[1, 3]
138.2 fp=[1] true=[3] merged=[1, 3]
138.9 fp=[1] true=[3] merged=[1, 3]
139.5 fp=[1] true=[3] merged=[1, 3]
140.2 fp=[1] true=[3] merged=[1, 3]
140.8 fp=[1] true=[3] merged=[1, 3]
141.5 fp=[1] true=[3] merged=[1, 3]
142.2 fp=[1] true=[3] merged=[1, 3]
142.8 fp=[1] true=[3] merged=[1, 3]
143.5 fp=[1] true=[3] merged=[1, 3]
144.1 fp=[1] true=[3] merged=[1, 3]
144.7 fp=[1] true=[3] merged=[1, 3]
145.4 fp=[1] true=[3] merged=[1, 3]
146.0 fp=[1] true=[3] merged=[1, 3]
146.6 fp=[1] true=[3] merged=[1, 3]
147.3 fp=[1] true=[3] merged=[1, 3]
148.0 fp=[1] true=[3] merged=[1, 3]
148.6 fp=[1] true=[3] merged=[1, 3]
149.3 fp=[1] true=[3] merged=[1, 3]
149.9 fp=[1] true=[3] merged=[1, 3]
150.6 fp=[1] true=[3] merged=[1, 3]
151.3 fp=[1] true=[3] merged=[1, 3]
152.0 fp=[1] true=[3] merged=[1, 3]
152.6 fp=[1] true=[3] merged=[1, 3]
153.3 fp=[1] true=[3] merged=[1, 3]
154.0 fp=[1] true=[3] merged=[1, 3]
154.6 fp=[1] true=[3] merged=[1, 3]
155.1 fp=[1] true=[3] merged=[1, 3]
155.8 fp=[1] true=[3] merged=[1, 3]
156.4 fp=[6] true=[3] merged=[3, 6]
157.0 fp=[6] true=[3] merged=[3, 6]
157.7 fp=[6] true=[3] merged=[3, 6]
158.3 fp=[6] true=[3] merged=[3, 6]
158.9 fp=[6] true=[3] merged=[3, 6]
159.6 fp=[6] true=[3] merged=[3, 6]
160.3 fp=[6] true=[3] merged=[3, 6]
160.8 fp=[6] true=[3] merged=[3, 6]
161.4 fp=[6] true=[3] merged=[3, 6]
162.1 fp=[5] true=[3] merged=[3, 5]
162.6 fp=[5] true=[3] merged=[3, 5]
163.2 fp=[5] true=[3] merged=[3, 5]
164.0 fp=[5] true=[3] merged=[3, 5]
164.5 fp=[5] true=[3] merged=[3, 5]
165.1 fp=[5] true=[3] merged=[3, 5]
165.7 fp=[5] true=[3] merged=[3, 5]
166.4 fp=[5] true=[3] merged=[3, 5]
167.0 fp=[5] true=[3] merged=[3, 5]
167.5 fp=[5] true=[3] merged=[3, 5]
168.0 fp=[1] true=[3] merged=[1, 3]
168.7 fp=[1] true=[3] merged=[1, 3]
169.4 fp=[1] true=[3] merged=[1, 3]
170.0 fp=[1] true=[3] merged=[1, 3]
170.7 fp=[1] true=[3] merged=[1, 3]
171.3 fp=[1] true=[3] merged=[1, 3]
171.9 fp=[1] true=[3] merged=[1, 3]
172.5 fp=[1] true=[3] merged=[1, 3]
173.2 fp=[1] true=[3] merged=[1, 3]
173.9 fp=[1] true=[3] merged=[1, 3]
174.6 fp=[1] true=[3] merged=[1, 3]
175.2 fp=[1] true=[3] merged=[1, 3]
175.9 fp=[1] true=[3] merged=[1, 3]
176.6 fp=[1] true=[3] merged=[1, 3]
177.2 fp=[1] true=[3] merged=[1, 3]
177.8 fp=[1] true=[3] merged=[1, 3]
178.5 fp=[1] true=[3] merged=[1, 3]
179.2 fp=[1] true=[3] merged=[1, 3]
179.9 fp=[1] true=[3] merged=[1, 3]
180.4 fp=[1] true=[3] merged=[1, 3]
181.1 fp=[1] true=[3] merged=[1, 3]
181.6 fp=[1] true=[3] merged=[1, 3]
182.2 fp=[1] true=[3] merged=[1, 3]
182.8 fp=[1] true=[3] merged=[1, 3]
183.5 fp=[1] true=[3] merged=[1, 3]
184.2 fp=[1] true=[3] merged=[1, 3]
184.9 fp=[1] true=[3] merged=[1, 3]
185.4 fp=[1] true=[3] merged=[1, 3]
186.1 fp=[1] true=[3] merged=[1, 3]
186.8 fp=[1] true=[3] merged=[1, 3]
187.4 fp=[1] true=[3] merged=[1, 3]
188.0 fp=[1] true=[3] merged=[1, 3]
188.7 fp=[1] true=[3] merged=[1, 3]
189.3 fp=[1] true=[3] merged=[1, 3]
189.9 fp=[1] true=[3] merged=[1, 3]
190.6 fp=[2] true=[3] merged=[2, 3]
191.2 fp=[2] true=[3] merged=[2, 3]
191.9 fp=[2] true=[3] merged=[2, 3]
192.5 fp=[2] true=[3] merged=[2, 3]
193.2 fp=[2] true=[3] merged=[2, 3]
193.7 fp=[2] true=[3] merged=[2, 3]
194.5 fp=[2] true=[3] merged=[2, 3]
195.2 fp=[2] true=[3] merged=[2, 3]
196.3 fp=[2] true=[3] merged=[2, 3]
196.8 fp=[2] true=[3] merged=[2, 3]
197.5 fp=[2] true=[3] merged=[2, 3]
198.0 fp=[2] true=[3] merged=[2, 3]
198.6 fp=[2] true=[3] merged=[2, 3]
199.2 fp=[2] true=[3] merged=[2, 3]
199.8 fp=[2] true=[3] merged=[2, 3]
200.3 fp=[2] true=[3] merged=[2, 3]
200.9 fp=[2] true=[3] merged=[2, 3]
201.5 fp=[2] true=[3] merged=[2, 3]
202.1 fp=[2] true=[3] merged=[2, 3]
202.8 fp=[2] true=[3] merged=[2, 3]
204.5 fp=[2] true=[3] merged=[2, 3]
205.1 fp=[2] true=[3] merged=[2, 3]
205.7 fp=[2] true=[3] merged=[2, 3]
206.3 fp=[2] true=[3] merged=[2, 3]
206.9 fp=[2] true=[3] merged=[2, 3]
207.4 fp=[2] true=[3] merged=[2, 3]
208.0 fp=[2] true=[3] merged=[2, 3]
208.6 fp=[2] true=[3] merged=[2, 3]
209.6 fp=[2] true=[3] merged=[2, 3]
210.1 fp=[2] true=[3] merged=[2, 3]
210.7 fp=[2] true=[3] merged=[2, 3]
211.1 fp=[2] true=[3] merged=[2, 3]
211.6 fp=[2] true=[3] merged=[2, 3]
212.2 fp=[2] true=[3] merged=[2, 3]
212.8 fp=[2] true=[3] merged=[2, 3]
213.4 fp=[2] true=[3] merged=[2, 3]
213.9 fp=[2] true=[3] merged=[2, 3]
214.4 fp=[2] true=[3] merged=[2, 3]
214.9 fp=[2] true=[3] merged=[2, 3]
215.5 fp=[2] true=[3] merged=[2, 3]
216.1 fp=[2] true=[3] merged=[2, 3]
216.6 fp=[2] true=[3] merged=[2, 3]
217.3 fp=[2] true=[3] merged=[2, 3]
217.9 fp=[2] true=[3] merged=[2, 3]
218.9 fp=[2] true=[3] merged=[2, 3]
219.5 fp=[2] true=[3] merged=[2, 3]
220.0 fp=[2] true=[3] merged=[2, 3]
220.7 fp=[2] true=[3] merged=[2, 3]
221.3 fp=[2] true=[3] merged=[2, 3]
221.8 fp=[2] true=[3] merged=[2, 3]
222.4 fp=[2] true=[3] merged=[2, 3]
222.9 fp=[2] true=[3] merged=[2, 3]
223.6 fp=[2] true=[3] merged=[2, 3]
224.2 fp=[4] true=[3] merged=[3, 4]
224.8 fp=[4] true=[3] merged=[3, 4]
225.3 fp=[4] true=[3] merged=[3, 4]
226.0 fp=[4] true=[3] merged=[3, 4]
226.5 fp=[4] true=[3] merged=[3, 4]
227.0 fp=[4] true=[3] merged=[3, 4]
227.7 fp=[4] true=[3] merged=[3, 4]
228.2 fp=[4] true=[3] merged=[3, 4]
228.8 fp=[4] true=[3] merged=[3, 4]
229.3 fp=[4] true=[3] merged=[3, 4]
229.9 fp=[4] true=[3] merged=[3, 4]
230.5 fp=[4] true=[3] merged=[3, 4]
231.1 fp=[4] true=[3] merged=[3, 4]
231.6 fp=[4] true=[3] merged=[3, 4]
232.2 fp=[4] true=[3] merged=[3, 4]
232.7 fp=[4] true=[3] merged=[3, 4]
233.6 fp=[4] true=[3] merged=[3, 4]
234.2 fp=[4] true=[3] merged=[3, 4]
234.7 fp=[4] true=[3] merged=[3, 4]
235.3 fp=[6] true=[3] merged=[3, 6]
235.9 fp=[6] true=[3] merged=[3, 6]
236.5 fp=[6] true=[3] merged=[3, 6]
237.1 fp=[6] true=[3] merged=[3, 6]
237.6 fp=[6] true=[3] merged=[3, 6]
238.1 fp=[6] true=[3] merged=[3, 6]
238.7 fp=[6] true=[3] merged=[3, 6]
239.4 fp=[6] true=[3] merged=[3, 6]
239.9 fp=[6] true=[3] merged=[3, 6]
240.4 fp=[6] true=[3] merged=[3, 6]
241.0 fp=[6] true=[3] merged=[3, 6]
241.5 fp=[6] true=[3] merged=[3, 6]
242.0 fp=[4] true=[3] merged=[3, 4]
242.6 fp=[4] true=[3] merged=[3, 4]
243.2 fp=[4] true=[3] merged=[3, 4]
243.7 fp=[4] true=[3] merged=[3, 4]
244.3 fp=[4] true=[3] merged=[3, 4]
244.8 fp=[4] true=[3] merged=[3, 4]
245.3 fp=[4] true=[3] merged=[3, 4]
246.0 fp=[4] true=[3] merged=[3, 4]
246.5 fp=[4] true=[3] merged=[3, 4]
247.0 fp=[4] true=[3] merged=[3, 4]
247.6 fp=[4] true=[3] merged=[3, 4]
248.5 fp=[4] true=[3] merged=[3, 4]
249.0 fp=[4] true=[3] merged=[3, 4]
249.6 fp=[4] true=[3] merged=[3, 4]
250.2 fp=[4] true=[3] merged=[3, 4]
250.8 fp=[4] true=[3] merged=[3, 4]
251.3 fp=[2] true=[3] merged=[2, 3]
251.9 fp=[2] true=[3] merged=[2, 3]
252.5 fp=[2] true=[3] merged=[2, 3]
253.2 fp=[1] true=[3] merged=[1, 3]
253.8 fp=[1] true=[3] merged=[1, 3]
254.4 fp=[1] true=[3] merged=[1, 3]
254.9 fp=[1] true=[3] merged=[1, 3]
255.5 fp=[1] true=[3] merged=[1, 3]
256.2 fp=[1] true=[3] merged=[1, 3]
256.7 fp=[1] true=[3] merged=[1, 3]
257.2 fp=[1] true=[3] merged=[1, 3]
257.8 fp=[1] true=[3] merged=[1, 3]
258.3 fp=[1] true=[3] merged=[1, 3]
259.0 fp=[1] true=[3] merged=[1, 3]
259.6 fp=[1] true=[3] merged=[1, 3]
260.3 fp=[1] true=[3] merged=[1, 3]
261.0 fp=[1] true=[3] merged=[1, 3]
261.5 fp=[1] true=[3] merged=[1, 3]
262.2 fp=[1] true=[3] merged=[1, 3]
262.7 fp=[1] true=[3] merged=[1, 3]
263.4 fp=[1] true=[3] merged=[1, 3]
264.0 fp=[1] true=[3] merged=[1, 3]
264.6 fp=[1] true=[3] merged=[1, 3]
265.1 fp=[1] true=[3] merged=[1, 3]
265.7 fp=[1] true=[3] merged=[1, 3]
266.2 fp=[1] true=[3] merged=[1, 3]
266.8 fp=[1] true=[3] merged=[1, 3]
267.4 fp=[1] true=[3] merged=[1, 3]
267.8 fp=[1] true=[3] merged=[1, 3]
268.5 fp=[1] true=[3] merged=[1, 3]
269.0 fp=[1] true=[3] merged=[1, 3]
269.6 fp=[1] true=[3] merged=[1, 3]
270.2 fp=[1] true=[3] merged=[1, 3]
270.8 fp=[1] true=[3] merged=[1, 3]
271.5 fp=[1] true=[3] merged=[1, 3]
272.0 fp=[1] true=[3] merged=[1, 3]
272.6 fp=[1] true=[3] merged=[1, 3]
273.2 fp=[1] true=[3] merged=[1, 3]
273.8 fp=[1] true=[3] merged=[1, 3]
274.4 fp=[1] true=[3] merged=[1, 3]
275.0 fp=[1] true=[3] merged=[1, 3]
275.6 fp=[1] true=[3] merged=[1, 3]
276.1 fp=[1] true=[3] merged=[1, 3]
276.6 fp=[1] true=[3] merged=[1, 3]
277.2 fp=[1] true=[3] merged=[1, 3]
277.7 fp=[1] true=[3] merged=[1, 3]
278.5 fp=[1] true=[3] merged=[1, 3]
279.2 fp=[1] true=[3] merged=[1, 3]
279.7 fp=[1] true=[3] merged=[1, 3]
280.3 fp=[1] true=[3] merged=[1, 3]
280.9 fp=[1] true=[3] merged=[1, 3]
281.5 fp=[1] true=[3] merged=[1, 3]
282.0 fp=[1] true=[3] merged=[1, 3]
282.6 fp=[1] true=[3] merged=[1, 3]
283.1 fp=[1] true=[3] merged=[1, 3]
283.7 fp=[1] true=[3] merged=[1, 3]
284.3 fp=[1] true=[3] merged=[1, 3]
285.0 fp=[1] true=[3] merged=[1, 3]
285.5 fp=[1] true=[3] merged=[1, 3]
286.1 fp=[1] true=[3] merged=[1, 3]
286.8 fp=[1] true=[3] merged=[1, 3]
287.4 fp=[1] true=[3] merged=[1, 3]
287.9 fp=[1] true=[3] merged=[1, 3]
288.4 fp=[1] true=[3] merged=[1, 3]
289.0 fp=[1] true=[3] merged=[1, 3]
289.6 fp=[1] true=[3] merged=[1, 3]
290.2 fp=[1] true=[3] merged=[1, 3]
290.7 fp=[1] true=[3] merged=[1, 3]
291.3 fp=[1] true=[3] merged=[1, 3]
291.9 fp=[1] true=[3] merged=[1, 3]
292.6 fp=[1] true=[3] merged=[1, 3]
293.3 fp=[1] true=[3] merged=[1, 3]
293.9 fp=[1] true=[3] merged=[1, 3]
294.6 fp=[1] true=[3] merged=[1, 3]
295.1 fp=[1] true=[3] merged=[1, 3]
295.6 fp=[1] true=[3] merged=[1, 3]
296.2 fp=[1] true=[3] merged=[1, 3]
296.8 fp=[1] true=[3] merged=[1, 3]
297.5 fp=[1] true=[3] merged=[1, 3]
298.0 fp=[1] true=[3] merged=[1, 3]
298.5 fp=[1] true=[3] merged=[1, 3]
299.2 fp=[1] true=[3] merged=[1, 3]
299.8 fp=[1] true=[3] merged=[1, 3]
300.4 fp=[1] true=[3] merged=[1, 3]
300.9 fp=[1] true=[3] merged=[1, 3]
301.5 fp=[1] true=[3] merged=[1, 3]
301.9 fp=[1] true=[3] merged=[1, 3]
302.5 fp=[1] true=[3] merged=[1, 3]
303.1 fp=[1] true=[3] merged=[1, 3]
303.7 fp=[1] true=[3] merged=[1, 3]
304.4 fp=[4] true=[3] merged=[3, 4]
304.9 fp=[4] true=[3] merged=[3, 4]
305.5 fp=[4] true=[3] merged=[3, 4]
306.1 fp=[4] true=[3] merged=[3, 4]
306.7 fp=[4] true=[3] merged=[3, 4]
307.3 fp=[4] true=[3] merged=[3, 4]
308.1 fp=[4] true=[3] merged=[3, 4]
308.6 fp=[4] true=[3] merged=[3, 4]
309.2 fp=[4] true=[3] merged=[3, 4]
309.8 fp=[4] true=[3] merged=[3, 4]
310.4 fp=[4] true=[3] merged=[3, 4]
311.0 fp=[4] true=[3] merged=[3, 4]
311.5 fp=[4] true=[3] merged=[3, 4]
312.0 fp=[4] true=[3] merged=[3, 4]
312.6 fp=[4] true=[3] merged=[3, 4]
313.2 fp=[4] true=[3] merged=[3, 4]
313.8 fp=[4] true=[3] merged=[3, 4]
314.5 fp=[1] true=[3] merged=[1, 3]
315.1 fp=[1] true=[3] merged=[1, 3]
315.6 fp=[1] true=[3] merged=[1, 3]
316.2 fp=[1] true=[3] merged=[1, 3]
316.8 fp=[1] true=[3] merged=[1, 3]
317.4 fp=[1] true=[3] merged=[1, 3]
318.0 fp=[1] true=[3] merged=[1, 3]
318.5 fp=[1] true=[3] merged=[1, 3]
319.1 fp=[1] true=[3] merged=[1, 3]
319.7 fp=[1] true=[3] merged=[1, 3]
320.3 fp=[1] true=[3] merged=[1, 3]
320.8 fp=[1] true=[3] merged=[1, 3]
321.4 fp=[1] true=[3] merged=[1, 3]
322.0 fp=[1] true=[3] merged=[1, 3]
322.6 fp=[1] true=[3] merged=[1, 3]
323.4 fp=[1] true=[3] merged=[1, 3]
324.0 fp=[1] true=[3] merged=[1, 3]
324.6 fp=[1] true=[3] merged=[1, 3]
325.2 fp=[1] true=[3] merged=[1, 3]
325.8 fp=[1] true=[3] merged=[1, 3]
326.4 fp=[1] true=[3] merged=[1, 3]
327.0 fp=[1] true=[3] merged=[1, 3]
327.6 fp=[1] true=[3] merged=[1, 3]
328.3 fp=[1] true=[3] merged=[1, 3]
328.9 fp=[1] true=[3] merged=[1, 3]
329.5 fp=[1] true=[3] merged=[1, 3]
330.2 fp=[1] true=[3] merged=[1, 3]
330.8 fp=[1] true=[3] merged=[1, 3]
331.4 fp=[1] true=[3] merged=[1, 3]
332.0 fp=[1] true=[3] merged=[1, 3]
332.6 fp=[1] true=[3] merged=[1, 3]
333.1 fp=[1] true=[3] merged=[1, 3]
333.7 fp=[1] true=[3] merged=[1, 3]
334.3 fp=[1] true=[3] merged=[1, 3]
334.9 fp=[1] true=[3] merged=[1, 3]
335.5 fp=[1] true=[3] merged=[1, 3]
336.1 fp=[1] true=[3] merged=[1, 3]
336.7 fp=[1] true=[3] merged=[1, 3]
337.3 fp=[1] true=[3] merged=[1, 3]
338.2 fp=[1] true=[3] merged=[1, 3]
338.7 fp=[1] true=[3] merged=[1, 3]
339.3 fp=[1] true=[3] merged=[1, 3]
340.0 fp=[1] true=[3] merged=[1, 3]
340.6 fp=[2] true=[3] merged=[2, 3]
341.1 fp=[2] true=[3] merged=[2, 3]
341.7 fp=[2] true=[3] merged=[2, 3]
342.3 fp=[2] true=[3] merged=[2, 3]
342.8 fp=[2] true=[3] merged=[2, 3]
343.4 fp=[2] true=[3] merged=[2, 3]
344.0 fp=[2] true=[3] merged=[2, 3]
344.6 fp=[2] true=[3] merged=[2, 3]
345.3 fp=[2] true=[3] merged=[2, 3]
345.8 fp=[2] true=[3] merged=[2, 3]
346.5 fp=[2] true=[3] merged=[2, 3]
347.1 fp=[2] true=[3] merged=[2, 3]
347.8 fp=[2] true=[3] merged=[2, 3]
348.3 fp=[2] true=[3] merged=[2, 3]
348.8 fp=[2] true=[3] merged=[2, 3]
349.5 fp=[2] true=[3] merged=[2, 3]
350.1 fp=[1] true=[3] merged=[1, 3]
350.7 fp=[1] true=[3] merged=[1, 3]
351.4 fp=[1] true=[3] merged=[1, 3]
351.9 fp=[1] true=[3] merged=[1, 3]
352.4 fp=[1] true=[3] merged=[1, 3]
353.3 fp=[1] true=[3] merged=[1, 3]
353.9 fp=[1] true=[3] merged=[1, 3]
354.5 fp=[1] true=[3] merged=[1, 3]
355.1 fp=[1] true=[3] merged=[1, 3]
355.7 fp=[1] true=[3] merged=[1, 3]
356.3 fp=[1] true=[3] merged=[1, 3]
356.9 fp=[1] true=[3] merged=[1, 3]
357.5 fp=[1] true=[3] merged=[1, 3]
358.1 fp=[1] true=[3] merged=[1, 3]
358.7 fp=[1] true=[3] merged=[1, 3]
359.2 fp=[1] true=[3] merged=[1, 3]
359.8 fp=[1] true=[3] merged=[1, 3]
360.4 fp=[1] true=[3] merged=[1, 3]
360.9 fp=[1] true=[3] merged=[1, 3]
361.5 fp=[1] true=[3] merged=[1, 3]
362.0 fp=[1] true=[3] merged=[1, 3]
362.6 fp=[1] true=[3] merged=[1, 3]
363.0 fp=[1] true=[3] merged=[1, 3]
363.6 fp=[1] true=[3] merged=[1, 3]
364.3 fp=[1] true=[3] merged=[1, 3]
364.9 fp=[1] true=[3] merged=[1, 3]
365.5 fp=[1] true=[3] merged=[1, 3]
366.0 fp=[1] true=[3] merged=[1, 3]
366.6 fp=[1] true=[3] merged=[1, 3]
367.2 fp=[1] true=[3] merged=[1, 3]
367.8 fp=[1] true=[3] merged=[1, 3]
368.4 fp=[1] true=[3] merged=[1, 3]
369.0 fp=[1] true=[3] merged=[1, 3]
369.6 fp=[1] true=[3] merged=[1, 3]
370.2 fp=[1] true=[3] merged=[1, 3]
370.8 fp=[1] true=[3] merged=[1, 3]
371.4 fp=[1] true=[3] merged=[1, 3]
372.0 fp=[2] true=[3] merged=[2, 3]
372.6 fp=[2] true=[3] merged=[2, 3]
373.2 fp=[2] true=[3] merged=[2, 3]
373.9 fp=[2] true=[3] merged=[2, 3]
374.4 fp=[2] true=[3] merged=[2, 3]
375.0 fp=[2] true=[3] merged=[2, 3]
375.6 fp=[2] true=[3] merged=[2, 3]
376.2 fp=[2] true=[3] merged=[2, 3]
376.8 fp=[2] true=[3] merged=[2, 3]
377.4 fp=[2] true=[3] merged=[2, 3]
378.0 fp=[2] true=[3] merged=[2, 3]
378.5 fp=[2] true=[3] merged=[2, 3]
379.1 fp=[2] true=[3] merged=[2, 3]
379.6 fp=[2] true=[3] merged=[2, 3]
380.2 fp=[2] true=[3] merged=[2, 3]
380.8 fp=[2] true=[3] merged=[2, 3]
381.3 fp=[2] true=[3] merged=[2, 3]
382.0 fp=[2] true=[3] merged=[2, 3]
382.6 fp=[2] true=[3] merged=[2, 3]
383.3 fp=[2] true=[3] merged=[2, 3]
383.9 fp=[2] true=[3] merged=[2, 3]
384.4 fp=[2] true=[3] merged=[2, 3]
385.0 fp=[2] true=[3] merged=[2, 3]
385.6 fp=[2] true=[3] merged=[2, 3]
386.2 fp=[2] true=[3] merged=[2, 3]
386.7 fp=[2] true=[3] merged=[2, 3]
387.2 fp=[2] true=[3] merged=[2, 3]
