# start rate=20 seed=1 dur=420 n=7 target=3 events=76
3.1 fp=[5] true=[3] merged=[3, 5]
3.4 fp=[5] true=[3] merged=[3, 5]
3.8 fp=[5] true=[3] merged=[3, 5]
4.1 fp=[5] true=[3] merged=[3, 5]
4.4 fp=[5] true=[3] merged=[3, 5]
4.7 fp=[5] true=[3] merged=[3, 5]
5.0 fp=[5] true=[3] merged=[3, 5]
5.3 fp=[5] true=[3] merged=[3, 5]
5.6 fp=[5] true=[3] merged=[3, 5]
5.9 fp=[5] true=[3] merged=[3, 5]
6.3 fp=[5] true=[3] merged=[3, 5]
6.6 fp=[5] true=[3] merged=[3, 5]
6.9 fp=[5] true=[3] merged=[3, 5]
7.2 fp=[5] true=[3] merged=[3, 5]
7.5 fp=[5] true=[3] merged=[3, 5]
7.8 fp=[5] true=[3] merged=[3, 5]
8.1 fp=[5] true=[3] merged=[3, 5]
8.4 fp=[5] true=[3] merged=[3, 5]
8.7 fp=[5] true=[3] merged=[3, 5]
9.1 fp=[5] true=[3] merged=[3, 5]
9.4 fp=[5] true=[3] merged=[3, 5]
9.7 fp=[5] true=[3] merged=[3, 5]
10.0 fp=[5] true=[3] merged=[3, 5]
10.3 fp=[5] true=[3] merged=[3, 5]
10.6 fp=[5] true=[3] merged=[3, 5]
10.9 fp=[5] true=[3] merged=[3, 5]
11.2 fp=[2] true=[3] merged=[2, 3]
11.6 fp=[2] true=[3] merged=[2, 3]
11.9 fp=[2] true=[3] merged=[2, 3]
12.2 fp=[2] true=[3] merged=[2, 3]
12.5 fp=[2] true=[3] merged=[2, 3]
12.8 fp=[2] true=[3] merged=[2, 3]
13.1 fp=[2] true=[3] merged=[2, 3]
13.4 fp=[2] true=[3] merged=[2, 3]
13.8 fp=[2] true=[3] merged=[2, 3]
14.1 fp=[2] true=[3] merged=[2, 3]
14.4 fp=[2] true=[3] merged=[2, 3]
14.7 fp=[2] true=[3] merged=[2, 3]
15.0 fp=[2] true=[3] merged=[2, 3]
15.3 fp=[2] true=[3] merged=[2, 3]
15.6 fp=[2] true=[3] merged=[2, 3]
15.9 fp=[2] true=[3] merged=[2, 3]
16.3 fp=[2] true=[3] merged=[2, 3]
16.6 fp=[2] true=[3] merged=[2, 3]
16.9 fp=[2] true=[3] merged=[2, 3]
17.2 fp=[2] true=[3] merged=[2, 3]
17.5 fp=[2] true=[3] merged=[2, 3]
17.8 fp=[2] true=[3] merged=[2, 3]
18.1 fp=[2] true=[3] merged=[2, 3]
18.4 fp=[2] true=[3] merged=[2, 3]
18.8 fp=[2] true=[3] merged=[2, 3]
19.1 fp=[2] true=[3] merged=[2, 3]
19.4 fp=[2] true=[3] merged=[2, 3]
19.7 fp=[2] true=[3] merged=[2, 3]
20.0 fp=[2] true=[3] merged=[2, 3]
20.3 fp=[2] true=[3] merged=[2, 3]
20.6 fp=[2] true=[3] merged=[2, 3]
21.0 fp=[2] true=[3] merged=[2, 3]
21.3 fp=[2] true=[3] merged=[2, 3]
21.6 fp=[2] true=[3] merged=[2, 3]
21.9 fp=[2] true=[3] merged=[2, 3]
22.2 fp=[2] true=[3] merged=[2, 3]
22.5 fp=[2] true=[3] merged=[2, 3]
22.8 fp=[2] true=[3] merged=[2, 3]
23.2 fp=[2] true=[3] merged=[2, 3]
23.5 fp=[2] true=[3] merged=[2, 3]
23.8 fp=[2] true=[3] merged=[2, 3]
24.1 fp=[2] true=[3] merged=[2, 3]
24.4 fp=[2] true=[3] merged=[2, 3]
24.7 fp=[2] true=[3] merged=[2, 3]
25.1 fp=[2] true=[3] merged=[2, 3]
25.4 fp=[2] true=[3] merged=[2, 3]
25.7 fp=[2] true=[3] merged=[2, 3]
26.0 fp=[2] true=[3] merged=[2, 3]
26.3 fp=[2] true=[3] merged=[2, 3]
26.6 fp=[2] true=[3] merged=[2, 3]
26.9 fp=[2] true=[3] merged=[2, 3]
27.3 fp=[2] true=[3] merged=[2, 3]
27.6 fp=[2] true=[3] merged=[2, 3]
27.9 fp=[2] true=[3] merged=[2, 3]
28.2 fp=[2] true=[3] merged=[2, 3]
28.5 fp=[2] true=[3] merged=[2, 3]
28.8 fp=[2] true=[3] merged=[2, 3]
29.2 fp=[2] true=[3] merged=[2, 3]
29.5 fp=[2] true=[3] merged=[2, 3]
29.8 fp=[2] true=[3] merged=[2, 3]
30.1 fp=[1] true=[3] merged=[1, 3]
30.4 fp=[1] true=[3] merged=[1, 3]
30.7 fp=[1] true=[3] merged=[1, 3]
31.1 fp=[1] true=[3] merged=[1, 3]
31.4 fp=[1] true=[3] merged=[1, 3]
31.7 fp=[1] true=[3] merged=[1, 3]
32.0 fp=[1] true=[3] merged=[1, 3]
32.3 fp=[1] true=[3] merged=[1, 3]
32.7 fp=[1] true=[3] merged=[1, 3]
33.0 fp=[1] true=[3] merged=[1, 3]
33.3 fp=[1] true=[3] merged=[1, 3]
33.6 fp=[1] true=[3] merged=[1, 3]
33.9 fp=[1] true=[3] merged=[1, 3]
34.2 fp=[1] true=[3] merged=[1, 3]
34.5 fp=[1] true=[3] merged=[1, 3]
34.8 fp=[1] true=[3] merged=[1, 3]
35.2 fp=[1] true=[3] merged=[1, 3]
35.5 fp=[1] true=[3] merged=[1, 3]
35.8 fp=[1] true=[3] merged=[1, 3]
36.1 fp=[1] true=[3] merged=[1, 3]
36.4 fp=[1] true=[3] merged=[1, 3]
36.7 fp=[1] true=[3] merged=[1, 3]
37.0 fp=[1] true=[3] merged=[1, 3]
37.3 fp=[1] true=[3] merged=[1, 3]
37.6 fp=[1] true=[3] merged=[1, 3]
38.0 fp=[1] true=[3] merged=[1, 3]
38.3 fp=[1] true=[3] merged=[1, 3]
38.6 fp=[1] true=[3] merged=[1, 3]
38.9 fp=[1] true=[3] merged=[1, 3]
39.2 fp=[1] true=[3] merged=[1, 3]
39.5 fp=[1] true=[3] merged=[1, 3]
39.8 fp=[1] true=[3] merged=[1, 3]
40.1 fp=[1] true=[3] merged=[1, 3]
40.5 fp=[1] true=[3] merged=[1, 3]
40.8 fp=[1] true=[3] merged=[1, 3]
41.1 fp=[1] true=[3] merged=[1, 3]
41.4 fp=[1] true=[3] merged=[1, 3]
41.7 fp=[1] true=[3] merged=[1, 3]
42.0 fp=[1] true=[3] merged=[1, 3]
42.3 fp=[1] true=[3] merged=[1, 3]
42.6 fp=[1] true=[3] merged=[1, 3]
43.0 fp=[1] true=[3] merged=[1, 3]
43.3 fp=[1] true=[3] merged=[1, 3]
43.6 fp=[1] true=[3] merged=[1, 3]
43.9 fp=[1] true=[3] merged=[1, 3]
44.2 fp=[1] true=[3] merged=[1, 3]
44.5 fp=[1] true=[3] merged=[1, 3]
44.8 fp=[1] true=[3] merged=[1, 3]
45.1 fp=[1] true=[3] merged=[1, 3]
45.5 fp=[1] true=[3] merged=[1, 3]
45.8 fp=[1] true=[3] merged=[1, 3]
46.1 fp=[1] true=[3] merged=[1, 3]
46.4 fp=[1] true=[3] merged=[1, 3]
46.7 fp=[1] true=[3] merged=[1, 3]
47.0 fp=[1] true=[3] merged=[1, 3]
47.3 fp=[1] true=[3] merged=[1, 3]
47.7 fp=[1] true=[3] merged=[1, 3]
48.0 fp=[1] true=[3] merged=[1, 3]
48.3 fp=[1] true=[3] merged=[1, 3]
48.6 fp=[1] true=[3] merged=[1, 3]
48.9 fp=[1] true=[3] merged=[1, 3]
49.2 fp=[1] true=[3] merged=[1, 3]
49.5 fp=[1] true=[3] merged=[1, 3]
49.8 fp=[1] true=[3] merged=[1, 3]
50.1 fp=[4] true=[3] merged=[3, 4]
50.5 fp=[4] true=[3] merged=[3, 4]
50.8 fp=[4] true=[3] merged=[3, 4]
51.1 fp=[4] true=[3] merged=[3, 4]
51.4 fp=[4] true=[3] merged=[3, 4]
51.7 fp=[4] true=[3] merged=[3, 4]
52.0 fp=[4] true=[3] merged=[3, 4]
52.3 fp=[4] true=[3] merged=[3, 4]
52.6 fp=[4] true=[3] merged=[3, 4]
53.0 fp=[4] true=[3] merged=[3, 4]
53.3 fp=[4] true=[3] merged=[3, 4]
53.6 fp=[4] true=[3] merged=[3, 4]
53.9 fp=[4] true=[3] merged=[3, 4]
54.2 fp=[4] true=[3] merged=[3, 4]
54.5 fp=[4] true=[3] merged=[3, 4]
54.8 fp=[4] true=[3] merged=[3, 4]
55.1 fp=[4] true=[3] merged=[3, 4]
55.4 fp=[4] true=[3] merged=[3, 4]
55.8 fp=[4] true=[3] merged=[3, 4]
56.1 fp=[4] true=[3] merged=[3, 4]
56.4 fp=[4] true=[3] merged=[3, 4]
56.7 fp=[4] true=[3] merged=[3, 4]
57.0 fp=[4] true=[3] merged=[3, 4]
57.3 fp=[4] true=[3] merged=[3, 4]
57.7 fp=[4] true=[3] merged=[3, 4]
58.0 fp=[4] true=[3] merged=[3, 4]
58.3 fp=[4] true=[3] merged=[3, 4]
58.6 fp=[4] true=[3] merged=[3, 4]
58.9 fp=[4] true=[3] merged=[3, 4]
59.2 fp=[4] true=[3] merged=[3, 4]
59.6 fp=[4] true=[3] merged=[3, 4]
59.9 fp=[4] true=[3] merged=[3, 4]
60.2 fp=[4] true=[3] merged=[3, 4]
60.5 fp=[4] true=[3] merged=[3, 4]
60.8 fp=[4] true=[3] merged=[3, 4]
61.1 fp=[4] true=[3] merged=[3, 4]
61.4 fp=[4] true=[3] merged=[3, 4]
61.7 fp=[4] true=[3] merged=[3, 4]
62.1 fp=[4] true=[3] merged=[3, 4]
62.4 fp=[4] true=[3] merged=[3, 4]
62.7 fp=[4] true=[3] merged=[3, 4]
63.0 fp=[4] true=[3] merged=[3, 4]
63.3 fp=[4] true=[3] merged=[3, 4]
63.6 fp=[4] true=[3] merged=[3, 4]
64.0 fp=[4] true=[3] merged=[3, 4]
64.3 fp=[4] true=[3] merged=[3, 4]
64.6 fp=[4] true=[3] merged=[3, 4]
64.9 fp=[4] true=[3] merged=[3, 4]
65.2 fp=[4] true=[3] merged=[3, 4]
65.5 fp=[4] true=[3] merged=[3, 4]
65.8 fp=[4] true=[3] merged=[3, 4]
66.1 fp=[4] true=[3] merged=[3, 4]
66.5 fp=[4] true=[3] merged=[3, 4]
66.8 fp=[4] true=[3] merged=[3, 4]
67.1 fp=[4] true=[3] merged=[3, 4]
67.4 fp=[4] true=[3] merged=[3, 4]
67.7 fp=[4] true=[3] merged=[3, 4]
68.1 fp=[4] true=[3] merged=[3, 4]
68.4 fp=[4] true=[3] merged=[3, 4]
68.7 fp=[4] true=[3] merged=[3, 4]
69.0 fp=[4] true=[3] merged=[3, 4]
69.3 fp=[4] true=[3] merged=[3, 4]
69.6 fp=[4] true=[3] merged=[3, 4]
69.9 fp=[4] true=[3] merged=[3, 4]
70.2 fp=[4] true=[3] merged=[3, 4]
70.5 fp=[4] true=[3] merged=[3, 4]
70.8 fp=[4] true=[3] merged=[3, 4]
71.2 fp=[4] true=[3] merged=[3, 4]
71.5 fp=[4] true=[3] merged=[3, 4]
71.8 fp=[4] true=[3] merged=[3, 4]
72.1 fp=[4] true=[3] merged=[3, 4]
72.4 fp=[4] true=[3] merged=[3, 4]
72.7 fp=[4] true=[3] merged=[3, 4]
73.0 fp=[4] true=[3] merged=[3, 4]
73.3 fp=[4] true=[3] merged=[3, 4]
73.7 fp=[4] true=[3] merged=[3, 4]
74.0 fp=[4] true=[3] merged=[3, 4]
74.3 fp=[4] true=[3] merged=[3, 4]
74.6 fp=[4] true=[3] merged=[3, 4]
74.9 fp=[4] true=[3] merged=[3, 4]
75.2 fp=[4] true=[3] merged=[3, 4]
75.5 fp=[4] true=[3] merged=[3, 4]
75.8 fp=[4] true=[3] merged=[3, 4]
76.1 fp=[4] true=[3] merged=[3, 4]
76.5 fp=[4] true=[3] merged=[3, 4]
76.8 fp=[4] true=[3] merged=[3, 4]
77.1 fp=[4] true=[3] merged=[3, 4]
77.4 fp=[4] true=[3] merged=[3, 4]
77.7 fp=[4] true=[3] merged=[3, 4]
78.0 fp=[4] true=[3] merged=[3, 4]
78.3 fp=[4] true=[3] merged=[3, 4]
78.6 fp=[4] true=[3] merged=[3, 4]
79.0 fp=[4] true=[3] merged=[3, 4]
79.3 fp=[4] true=[3] merged=[3, 4]
79.6 fp=[4] true=[3] merged=[3, 4]
79.9 fp=[4] true=[3] merged=[3, 4]
80.3 fp=[4] true=[3] merged=[3, 4]
80.6 fp=[4] true=[3] merged=[3, 4]
80.9 fp=[4] true=[3] merged=[3, 4]
81.2 fp=[2] true=[3] merged=[2, 3]
81.5 fp=[2] true=[3] merged=[2, 3]
81.8 fp=[2] true=[3] merged=[2, 3]
82.1 fp=[2] true=[3] merged=[2, 3]
82.5 fp=[2] true=[3] merged=[2, 3]
82.8 fp=[2] true=[3] merged=[2, 3]
83.1 fp=[2] true=[3] merged=[2, 3]
83.4 fp=[2] true=[3] merged=[2, 3]
83.7 fp=[2] true=[3] merged=[2, 3]
84.0 fp=[2] true=[3] merged=[2, 3]
84.3 fp=[2] true=[3] merged=[2, 3]
84.7 fp=[2] true=[3] merged=[2, 3]
85.0 fp=[2] true=[3] merged=[2, 3]
85.3 fp=[2] true=[3] merged=[2, 3]
85.6 fp=[2] true=[3] merged=[2, 3]
85.9 fp=[2] true=[3] merged=[2, 3]
86.2 fp=[2] true=[3] merged=[2, 3]
86.5 fp=[2] true=[3] merged=[2, 3]
86.8 fp=[2] true=[3] merged=[2, 3]
87.2 fp=[2] true=[3] merged=[2, 3]
87.5 fp=[2] true=[3] merged=[2, 3]
87.8 fp=[2] true=[3] merged=[2, 3]
88.1 fp=[2] true=[3] merged=[2, 3]
88.4 fp=[2] true=[3] merged=[2, 3]
88.8 fp=[2] true=[3] merged=[2, 3]
89.1 fp=[2] true=[3] merged=[2, 3]
89.4 fp=[2] true=[3] merged=[2, 3]
89.7 fp=[2] true=[3] merged=[2, 3]
90.1 fp=[2] true=[3] merged=[2, 3]
90.4 fp=[2] true=[3] merged=[2, 3]
90.7 fp=[2] true=[3] merged=[2, 3]
91.0 fp=[2] true=[3] merged=[2, 3]
91.3 fp=[2] true=[3] merged=[2, 3]
91.6 fp=[2] true=[3] merged=[2, 3]
91.9 fp=[2] true=[3] merged=[2, 3]
92.3 fp=[2] true=[3] merged=[2, 3]
92.6 fp=[2] true=[3] merged=[2, 3]
92.9 fp=[2] true=[3] merged=[2, 3]
93.2 fp=[1] true=[3] merged=[1, 3]
93.5 fp=[1] true=[3] merged=[1, 3]
93.8 fp=[1] true=[3] merged=[1, 3]
94.2 fp=[1] true=[3] merged=[1, 3]
94.5 fp=[1] true=[3] merged=[1, 3]
94.8 fp=[1] true=[3] merged=[1, 3]
95.1 fp=[1] true=[3] merged=[1, 3]
95.4 fp=[1] true=[3] merged=[1, 3]
95.7 fp=[1] true=[3] merged=[1, 3]
96.0 fp=[1] true=[3] merged=[1, 3]
96.3 fp=[1] true=[3] merged=[1, 3]
96.6 fp=[1] true=[3] merged=[1, 3]
97.0 fp=[1] true=[3] merged=[1, 3]
97.3 fp=[1] true=[3] merged=[1, 3]
97.6 fp=[1] true=[3] merged=[1, 3]
97.9 fp=[1] true=[3] merged=[1, 3]
98.2 fp=[1] true=[3] merged=[1, 3]
98.5 fp=[1] true=[3] merged=[1, 3]
98.8 fp=[1] true=[3] merged=[1, 3]
99.2 fp=[1] true=[3] merged=[1, 3]
99.5 fp=[1] true=[3] merged=[1, 3]
99.8 fp=[1] true=[3] merged=[1, 3]
100.1 fp=[1] true=[3] merged=[1, 3]
100.4 fp=[1] true=[3] merged=[1, 3]
100.8 fp=[1] true=[3] merged=[1, 3]
101.1 fp=[1] true=[3] merged=[1, 3]
101.4 fp=[1] true=[3] merged=[1, 3]
101.7 fp=[1] true=[3] merged=[1, 3]
102.0 fp=[1] true=[3] merged=[1, 3]
102.3 fp=[1] true=[3] merged=[1, 3]
102.6 fp=[1] true=[3] merged=[1, 3]
102.9 fp=[1] true=[3] merged=[1, 3]
103.2 fp=[1] true=[3] merged=[1, 3]
103.5 fp=[1] true=[3] merged=[1, 3]
103.9 fp=[1] true=[3] merged=[1, 3]
104.2 fp=[1] true=[3] merged=[1, 3]
104.5 fp=[1] true=[3] merged=[1, 3]
104.8 fp=[1] true=[3] merged=[1, 3]
105.1 fp=[1] true=[3] merged=[1, 3]
105.4 fp=[1] true=[3] merged=[1, 3]
105.7 fp=[1] true=[3] merged=[1, 3]
106.1 fp=[1] true=[3] merged=[1, 3]
106.4 fp=[1] true=[3] merged=[1, 3]
106.7 fp=[1] true=[3] merged=[1, 3]
107.0 fp=[1] true=[3] merged=[1, 3]
107.3 fp=[1] true=[3] merged=[1, 3]
107.6 fp=[1] true=[3] merged=[1, 3]
107.9 fp=[1] true=[3] merged=[1, 3]
108.3 fp=[1] true=[3] merged=[1, 3]
108.6 fp=[1] true=[3] merged=[1, 3]
108.9 fp=[1] true=[3] merged=[1, 3]
109.2 fp=[1] true=[3] merged=[1, 3]
109.5 fp=[1] true=[3] merged=[1, 3]
109.9 fp=[1] true=[3] merged=[1, 3]
110.2 fp=[1] true=[3] merged=[1, 3]
110.5 fp=[1] true=[3] merged=[1, 3]
110.8 fp=[1] true=[3] merged=[1, 3]
111.1 fp=[1] true=[3] merged=[1, 3]
111.4 fp=[1] true=[3] merged=[1, 3]
111.7 fp=[1] true=[3] merged=[1, 3]
112.0 fp=[1] true=[3] merged=[1, 3]
112.4 fp=[1] true=[3] merged=[1, 3]
112.7 fp=[1] true=[3] merged=[1, 3]
113.0 fp=[1] true=[3] merged=[1, 3]
113.3 fp=[7] true=[3] merged=[3, 7]
113.6 fp=[7] true=[3] merged=[3, 7]
113.9 fp=[7] true=[3] merged=[3, 7]
114.2 fp=[7] true=[3] merged=[3, 7]
114.5 fp=[7] true=[3] merged=[3, 7]
114.8 fp=[7] true=[3] merged=[3, 7]
115.2 fp=[7] true=[3] merged=[3, 7]
115.5 fp=[7] true=[3] merged=[3, 7]
115.8 fp=[7] true=[3] merged=[3, 7]
116.1 fp=[7] true=[3] merged=[3, 7]
116.4 fp=[7] true=[3] merged=[3, 7]
116.7 fp=[7] true=[3] merged=[3, 7]
117.0 fp=[7] true=[3] merged=[3, 7]
117.3 fp=[7] true=[3] merged=[3, 7]
117.6 fp=[7] true=[3] merged=[3, 7]
117.9 fp=[7] true=[3] merged=[3, 7]
118.3 fp=[7] true=[3] merged=[3, 7]
118.6 fp=[7] true=[3] merged=[3, 7]
118.9 fp=[7] true=[3] merged=[3, 7]
119.2 fp=[7] true=[3] merged=[3, 7]
119.5 fp=[7] true=[3] merged=[3, 7]
119.8 fp=[7] true=[3] merged=[3, 7]
120.1 fp=[4] true=[3] merged=[3, 4]
120.5 fp=[4] true=[3] merged=[3, 4]
120.8 fp=[4] true=[3] merged=[3, 4]
121.1 fp=[4] true=[3] merged=[3, 4]
121.4 fp=[4] true=[3] merged=[3, 4]
121.8 fp=[4] true=[3] merged=[3, 4]
122.1 fp=[2] true=[3] merged=[2, 3]
122.4 fp=[2] true=[3] merged=[2, 3]
122.7 fp=[2] true=[3] merged=[2, 3]
123.0 fp=[2] true=[3] merged=[2, 3]
123.3 fp=[2] true=[3] merged=[2, 3]
123.6 fp=[2] true=[3] merged=[2, 3]
123.9 fp=[2] true=[3] merged=[2, 3]
124.2 fp=[2] true=[3] merged=[2, 3]
124.6 fp=[2] true=[3] merged=[2, 3]
124.9 fp=[2] true=[3] merged=[2, 3]
125.2 fp=[2] true=[3] merged=[2, 3]
125.5 fp=[2] true=[3] merged=[2, 3]
125.8 fp=[2] true=[3] merged=[2, 3]
126.1 fp=[2] true=[3] merged=[2, 3]
126.4 fp=[2] true=[3] merged=[2, 3]
126.7 fp=[2] true=[3] merged=[2, 3]
127.1 fp=[2] true=[3] merged=[2, 3]
127.4 fp=[2] true=[3] merged=[2, 3]
127.7 fp=[2] true=[3] merged=[2, 3]
128.0 fp=[2] true=[3] merged=[2, 3]
128.3 fp=[2] true=[3] merged=[2, 3]
128.6 fp=[2] true=[3] merged=[2, 3]
128.9 fp=[2] true=[3] merged=[2, 3]
129.3 fp=[2] true=[3] merged=[2, 3]
129.6 fp=[2] true=[3] merged=[2, 3]
129.9 fp=[2] true=[3] merged=[2, 3]
130.2 fp=[2] true=[3] merged=[2, 3]
130.5 fp=[2] true=[3] merged=[2, 3]
130.8 fp=[2] true=[3] merged=[2, 3]
131.2 fp=[2] true=[3] merged=[2, 3]
131.5 fp=[2] true=[3] merged=[2, 3]
131.8 fp=[2] true=[3] merged=[2, 3]
132.1 fp=[2] true=[3] merged=[2, 3]
132.4 fp=[2] true=[3] merged=[2, 3]
132.7 fp=[2] true=[3] merged=[2, 3]
133.0 fp=[2] true=[3] merged=[2, 3]
133.4 fp=[2] true=[3] merged=[2, 3]
133.7 fp=[2] true=[3] merged=[2, 3]
134.0 fp=[2] true=[3] merged=[2, 3]
134.3 fp=[2] true=[3] merged=[2, 3]
134.6 fp=[2] true=[3] merged=[2, 3]
135.0 fp=[2] true=[3] merged=[2, 3]
135.3 fp=[2] true=[3] merged=[2, 3]
135.6 fp=[2] true=[3] merged=[2, 3]
135.9 fp=[2] true=[3] merged=[2, 3]
136.2 fp=[2] true=[3] merged=[2, 3]
136.5 fp=[2] true=[3] merged=[2, 3]
136.8 fp=[2] true=[3] merged=[2, 3]
137.1 fp=[2] true=[3] merged=[2, 3]
137.4 fp=[2] true=[3] merged=[2, 3]
137.8 fp=[2] true=[3] merged=[2, 3]
138.1 fp=[2] true=[3] merged=[2, 3]
138.4 fp=[2] true=[3] merged=[2, 3]
138.7 fp=[2] true=[3] merged=[2, 3]
139.0 fp=[2] true=[3] merged=[2, 3]
139.3 fp=[2] true=[3] merged=[2, 3]
139.6 fp=[2] true=[3] merged=[2, 3]
139.9 fp=[2] true=[3] merged=[2, 3]
140.2 fp=[2] true=[3] merged=[2, 3]
140.6 fp=[2] true=[3] merged=[2, 3]
140.9 fp=[2] true=[3] merged=[2, 3]
141.2 fp=[2] true=[3] merged=[2, 3]
141.5 fp=[2] true=[3] merged=[2, 3]
141.8 fp=[2] true=[3] merged=[2, 3]
142.1 fp=[4] true=[3] merged=[3, 4]
142.4 fp=[4] true=[3] merged=[3, 4]
142.8 fp=[4] true=[3] merged=[3, 4]
143.1 fp=[4] true=[3] merged=[3, 4]
143.4 fp=[4] true=[3] merged=[3, 4]
143.7 fp=[4] true=[3] merged=[3, 4]
144.0 fp=[4] true=[3] merged=[3, 4]
144.3 fp=[4] true=[3] merged=[3, 4]
144.6 fp=[4] true=[3] merged=[3, 4]
145.0 fp=[4] true=[3] merged=[3, 4]
145.3 fp=[4] true=[3] merged=[3, 4]
145.6 fp=[4] true=[3] merged=[3, 4]
145.9 fp=[4] true=[3] merged=[3, 4]
146.2 fp=[4] true=[3] merged=[3, 4]
146.5 fp=[4] true=[3] merged=[3, 4]
146.8 fp=[4] true=[3] merged=[3, 4]
147.1 fp=[4] true=[3] merged=[3, 4]
147.5 fp=[4] true=[3] merged=[3, 4]
147.8 fp=[4] true=[3] merged=[3, 4]
148.1 fp=[4] true=[3] merged=[3, 4]
148.4 fp=[4] true=[3] merged=[3, 4]
148.7 fp=[4] true=[3] merged=[3, 4]
149.0 fp=[4] true=[3] merged=[3, 4]
149.3 fp=[4] true=[3] merged=[3, 4]
149.7 fp=[4] true=[3] merged=[3, 4]
150.0 fp=[4] true=[3] merged=[3, 4]
150.3 fp=[4] true=[3] merged=[3, 4]
150.6 fp=[4] true=[3] merged=[3, 4]
150.9 fp=[4] true=[3] merged=[3, 4]
151.2 fp=[4] true=[3] merged=[3, 4]
151.5 fp=[4] true=[3] merged=[3, 4]
151.8 fp=[4] true=[3] merged=[3, 4]
152.2 fp=[4] true=[3] merged=[3, 4]
152.5 fp=[4] true=[3] merged=[3, 4]
152.8 fp=[4] true=[3] merged=[3, 4]
153.1 fp=[4] true=[3] merged=[3, 4]
153.4 fp=[4] true=[3] merged=[3, 4]
153.7 fp=[4] true=[3] merged=[3, 4]
154.0 fp=[4] true=[3] merged=[3, 4]
154.4 fp=[4] true=[3] merged=[3, 4]
154.7 fp=[4] true=[3] merged=[3, 4]
155.0 fp=[4] true=[3] merged=[3, 4]
155.3 fp=[4] true=[3] merged=[3, 4]
155.6 fp=[4] true=[3] merged=[3, 4]
155.9 fp=[4] true=[3] merged=[3, 4]
156.2 fp=[4] true=[3] merged=[3, 4]
156.5 fp=[4] true=[3] merged=[3, 4]
156.9 fp=[4] true=[3] merged=[3, 4]
157.2 fp=[4] true=[3] merged=[3, 4]
157.5 fp=[4] true=[3] merged=[3, 4]
157.8 fp=[4] true=[3] merged=[3, 4]
158.1 fp=[4] true=[3] merged=[3, 4]
158.4 fp=[4] true=[3] merged=[3, 4]
158.7 fp=[4] true=[3] merged=[3, 4]
159.0 fp=[4] true=[3] merged=[3, 4]
159.4 fp=[4] true=[3] merged=[3, 4]
159.7 fp=[4] true=[3] merged=[3, 4]
160.0 fp=[4] true=[3] merged=[3, 4]
160.3 fp=[4] true=[3] merged=[3, 4]
160.6 fp=[4] true=[3] merged=[3, 4]
160.9 fp=[4] true=[3] merged=[3, 4]
161.3 fp=[5] true=[3] merged=[3, 5]
161.6 fp=[5] true=[3] merged=[3, 5]
161.9 fp=[5] true=[3] merged=[3, 5]
162.2 fp=[2] true=[3] merged=[2, 3]
162.5 fp=[2] true=[3] merged=[2, 3]
162.8 fp=[2] true=[3] merged=[2, 3]
163.1 fp=[2] true=[3] merged=[2, 3]
163.4 fp=[2] true=[3] merged=[2, 3]
163.7 fp=[2] true=[3] merged=[2, 3]
164.1 fp=[2] true=[3] merged=[2, 3]
164.4 fp=[2] true=[3] merged=[2, 3]
164.7 fp=[2] true=[3] merged=[2, 3]
165.0 fp=[2] true=[3] merged=[2, 3]
165.3 fp=[2] true=[3] merged=[2, 3]
165.6 fp=[2] true=[3] merged=[2, 3]
165.9 fp=[2] true=[3] merged=[2, 3]
166.3 fp=[2] true=[3] merged=[2, 3]
166.6 fp=[2] true=[3] merged=[2, 3]
166.9 fp=[2] true=[3] merged=[2, 3]
167.3 fp=[2] true=[3] merged=[2, 3]
167.6 fp=[2] true=[3] merged=[2, 3]
167.9 fp=[2] true=[3] merged=[2, 3]
168.2 fp=[2] true=[3] merged=[2, 3]
168.5 fp=[2] true=[3] merged=[2, 3]
168.8 fp=[2] true=[3] merged=[2, 3]
169.1 fp=[2] true=[3] merged=[2, 3]
169.4 fp=[2] true=[3] merged=[2, 3]
169.8 fp=[2] true=[3] merged=[2, 3]
170.1 fp=[2] true=[3] merged=[2, 3]
170.4 fp=[2] true=[3] merged=[2, 3]
170.7 fp=[2] true=[3] merged=[2, 3]
171.0 fp=[2] true=[3] merged=[2, 3]
171.3 fp=[2] true=[3] merged=[2, 3]
171.6 fp=[2] true=[3] merged=[2, 3]
171.9 fp=[2] true=[3] merged=[2, 3]
172.2 fp=[2] true=[3] merged=[2, 3]
172.5 fp=[2] true=[3] merged=[2, 3]
172.9 fp=[2] true=[3] merged=[2, 3]
173.2 fp=[2] true=[3] merged=[2, 3]
173.5 fp=[2] true=[3] merged=[2, 3]
173.8 fp=[2] true=[3] merged=[2, 3]
174.1 fp=[2] true=[3] merged=[2, 3]
174.4 fp=[2] true=[3] merged=[2, 3]
174.8 fp=[2] true=[3] merged=[2, 3]
175.1 fp=[2] true=[3] merged=[2, 3]
175.4 fp=[2] true=[3] merged=[2, 3]
175.7 fp=[2] true=[3] merged=[2, 3]
176.0 fp=[2] true=[3] merged=[2, 3]
176.3 fp=[2] true=[3] merged=[2, 3]
176.6 fp=[2] true=[3] merged=[2, 3]
176.9 fp=[2] true=[3] merged=[2, 3]
177.3 fp=[2] true=[3] merged=[2, 3]
177.6 fp=[2] true=[3] merged=[2, 3]
177.9 fp=[2] true=[3] merged=[2, 3]
178.2 fp=[2] true=[3] merged=[2, 3]
178.5 fp=[2] true=[3] merged=[2, 3]
178.8 fp=[2] true=[3] merged=[2, 3]
179.2 fp=[2] true=[3] merged=[2, 3]
179.5 fp=[2] true=[3] merged=[2, 3]
179.8 fp=[2] true=[3] merged=[2, 3]
180.1 fp=[2] true=[3] merged=[2, 3]
180.4 fp=[2] true=[3] merged=[2, 3]
180.7 fp=[2] true=[3] merged=[2, 3]
181.0 fp=[2] true=[3] merged=[2, 3]
181.3 fp=[2] true=[3] merged=[2, 3]
181.7 fp=[2] true=[3] merged=[2, 3]
182.0 fp=[2] true=[3] merged=[2, 3]
182.3 fp=[5] true=[3] merged=[3, 5]
182.6 fp=[5] true=[3] merged=[3, 5]
182.9 fp=[5] true=[3] merged=[3, 5]
183.2 fp=[5] true=[3] merged=[3, 5]
183.5 fp=[5] true=[3] merged=[3, 5]
183.9 fp=[5] true=[3] merged=[3, 5]
184.2 fp=[5] true=[3] merged=[3, 5]
184.5 fp=[5] true=[3] merged=[3, 5]
184.8 fp=[5] true=[3] merged=[3, 5]
185.1 fp=[5] true=[3] merged=[3, 5]
185.4 fp=[5] true=[3] merged=[3, 5]
185.8 fp=[5] true=[3] merged=[3, 5]
186.1 fp=[5] true=[3] merged=[3, 5]
186.4 fp=[5] true=[3] merged=[3, 5]
186.7 fp=[5] true=[3] merged=[3, 5]
187.0 fp=[5] true=[3] merged=[3, 5]
187.3 fp=[5] true=[3] merged=[3, 5]
187.6 fp=[5] true=[3] merged=[3, 5]
187.9 fp=[5] true=[3] merged=[3, 5]
188.3 fp=[5] true=[3] merged=[3, 5]
188.6 fp=[5] true=[3] merged=[3, 5]
188.9 fp=[5] true=[3] merged=[3, 5]
189.2 fp=[5] true=[3] merged=[3, 5]
189.5 fp=[5] true=[3] merged=[3, 5]
189.8 fp=[5] true=[3] merged=[3, 5]
190.1 fp=[5] true=[3] merged=[3, 5]
190.5 fp=[5] true=[3] merged=[3, 5]
190.8 fp=[5] true=[3] merged=[3, 5]
191.1 fp=[5] true=[3] merged=[3, 5]
191.4 fp=[5] true=[3] merged=[3, 5]
191.7 fp=[5] true=[3] merged=[3, 5]
192.0 fp=[7] true=[3] merged=[3, 7]
192.3 fp=[7] true=[3] merged=[3, 7]
192.7 fp=[7] true=[3] merged=[3, 7]
193.0 fp=[7] true=[3] merged=[3, 7]
193.3 fp=[7] true=[3] merged=[3, 7]
193.6 fp=[7] true=[3] merged=[3, 7]
193.9 fp=[7] true=[3] merged=[3, 7]
194.2 fp=[7] true=[3] merged=[3, 7]
194.5 fp=[7] true=[3] merged=[3, 7]
194.8 fp=[7] true=[3] merged=[3, 7]
195.1 fp=[4] true=[3] merged=[3, 4]
195.5 fp=[4] true=[3] merged=[3, 4]
195.8 fp=[4] true=[3] merged=[3, 4]
196.1 fp=[4] true=[3] merged=[3, 4]
196.4 fp=[4] true=[3] merged=[3, 4]
196.7 fp=[4] true=[3] merged=[3, 4]
197.0 fp=[4] true=[3] merged=[3, 4]
197.3 fp=[4] true=[3] merged=[3, 4]
197.6 fp=[4] true=[3] merged=[3, 4]
197.9 fp=[4] true=[3] merged=[3, 4]
198.3 fp=[4] true=[3] merged=[3, 4]
198.6 fp=[4] true=[3] merged=[3, 4]
198.9 fp=[4] true=[3] merged=[3, 4]
199.2 fp=[4] true=[3] merged=[3, 4]
199.5 fp=[4] true=[3] merged=[3, 4]
199.8 fp=[4] true=[3] merged=[3, 4]
200.1 fp=[4] true=[3] merged=[3, 4]
200.4 fp=[4] true=[3] merged=[3, 4]
200.8 fp=[4] true=[3] merged=[3, 4]
201.1 fp=[4] true=[3] merged=[3, 4]
201.4 fp=[4] true=[3] merged=[3, 4]
201.7 fp=[4] true=[3] merged=[3, 4]
202.0 fp=[4] true=[3] merged=[3, 4]
202.3 fp=[4] true=[3] merged=[3, 4]
202.6 fp=[4] true=[3] merged=[3, 4]
202.9 fp=[4] true=[3] merged=[3, 4]
203.2 fp=[4] true=[3] merged=[3, 4]
203.5 fp=[4] true=[3] merged=[3, 4]
203.9 fp=[4] true=[3] merged=[3, 4]
204.2 fp=[4] true=[3] merged=[3, 4]
204.5 fp=[4] true=[3] merged=[3, 4]
204.8 fp=[4] true=[3] merged=[3, 4]
205.1 fp=[4] true=[3] merged=[3, 4]
205.4 fp=[4] true=[3] merged=[3, 4]
205.7 fp=[4] true=[3] merged=[3, 4]
206.1 fp=[4] true=[3] merged=[3, 4]
206.4 fp=[4] true=[3] merged=[3, 4]
206.7 fp=[4] true=[3] merged=[3, 4]
207.0 fp=[4] true=[3] merged=[3, 4]
207.3 fp=[4] true=[3] merged=[3, 4]
207.6 fp=[4] true=[3] merged=[3, 4]
207.9 fp=[4] true=[3] merged=[3, 4]
208.2 fp=[4] true=[3] merged=[3, 4]
208.6 fp=[4] true=[3] merged=[3, 4]
208.9 fp=[4] true=[3] merged=[3, 4]
209.2 fp=[4] true=[3] merged=[3, 4]
209.5 fp=[4] true=[3] merged=[3, 4]
209.8 fp=[4] true=[3] merged=[3, 4]
210.1 fp=[4] true=[3] merged=[3, 4]
210.4 fp=[4] true=[3] merged=[3, 4]
210.7 fp=[4] true=[3] merged=[3, 4]
211.1 fp=[4] true=[3] merged=[3, 4]
211.4 fp=[4] true=[3] merged=[3, 4]
211.7 fp=[4] true=[3] merged=[3, 4]
212.0 fp=[4] true=[3] merged=[3, 4]
212.3 fp=[4] true=[3] merged=[3, 4]
212.6 fp=[4] true=[3] merged=[3, 4]
213.0 fp=[4] true=[3] merged=[3, 4]
213.3 fp=[4] true=[3] merged=[3, 4]
213.6 fp=[4] true=[3] merged=[3, 4]
213.9 fp=[4] true=[3] merged=[3, 4]
214.2 fp=[4] true=[3] merged=[3, 4]
214.5 fp=[4] true=[3] merged=[3, 4]
214.8 fp=[4] true=[3] merged=[3, 4]
215.2 fp=[5] true=[3] merged=[3, 5]
215.5 fp=[5] true=[3] merged=[3, 5]
215.8 fp=[5] true=[3] merged=[3, 5]
216.1 fp=[5] true=[3] merged=[3, 5]
216.4 fp=[5] true=[3] merged=[3, 5]
216.7 fp=[5] true=[3] merged=[3, 5]
217.0 fp=[5] true=[3] merged=[3, 5]
217.3 fp=[5] true=[3] merged=[3, 5]
217.7 fp=[5] true=[3] merged=[3, 5]
218.0 fp=[5] true=[3] merged=[3, 5]
218.3 fp=[5] true=[3] merged=[3, 5]
218.6 fp=[5] true=[3] merged=[3, 5]
218.9 fp=[5] true=[3] merged=[3, 5]
219.2 fp=[4] true=[3] merged=[3, 4]
219.6 fp=[4] true=[3] merged=[3, 4]
219.9 fp=[4] true=[3] merged=[3, 4]
220.2 fp=[1] true=[3] merged=[1, 3]
220.5 fp=[1] true=[3] merged=[1, 3]
220.8 fp=[1] true=[3] merged=[1, 3]
221.1 fp=[1] true=[3] merged=[1, 3]
221.4 fp=[1] true=[3] merged=[1, 3]
221.7 fp=[1] true=[3] merged=[1, 3]
222.1 fp=[1] true=[3] merged=[1, 3]
222.4 fp=[1] true=[3] merged=[1, 3]
222.7 fp=[1] true=[3] merged=[1, 3]
223.0 fp=[1] true=[3] merged=[1, 3]
223.3 fp=[1] true=[3] merged=[1, 3]
223.6 fp=[1] true=[3] merged=[1, 3]
223.9 fp=[1] true=[3] merged=[1, 3]
224.2 fp=[1] true=[3] merged=[1, 3]
224.5 fp=[1] true=[3] merged=[1, 3]
224.9 fp=[1] true=[3] merged=[1, 3]
225.2 fp=[1] true=[3] merged=[1, 3]
225.5 fp=[1] true=[3] merged=[1, 3]
225.8 fp=[1] true=[3] merged=[1, 3]
226.1 fp=[1] true=[3] merged=[1, 3]
226.4 fp=[1] true=[3] merged=[1, 3]
226.7 fp=[1] true=[3] merged=[1, 3]
227.1 fp=[1] true=[3] merged=[1, 3]
227.4 fp=[1] true=[3] merged=[1, 3]
227.7 fp=[1] true=[3] merged=[1, 3]
228.0 fp=[1] true=[3] merged=[1, 3]
228.3 fp=[1] true=[3] merged=[1, 3]
228.6 fp=[1] true=[3] merged=[1, 3]
228.9 fp=[1] true=[3] merged=[1, 3]
229.2 fp=[1] true=[3] merged=[1, 3]
229.6 fp=[1] true=[3] merged=[1, 3]
229.9 fp=[1] true=[3] merged=[1, 3]
230.2 fp=[1] true=[3] merged=[1, 3]
230.5 fp=[1] true=[3] merged=[1, 3]
230.8 fp=[1] true=[3] merged=[1, 3]
231.1 fp=[1] true=[3] merged=[1, 3]
231.4 fp=[1] true=[3] merged=[1, 3]
231.7 fp=[1] true=[3] merged=[1, 3]
232.1 fp=[1] true=[3] merged=[1, 3]
232.4 fp=[1] true=[3] merged=[1, 3]
232.7 fp=[1] true=[3] merged=[1, 3]
233.0 fp=[1] true=[3] merged=[1, 3]
233.3 fp=[1] true=[3] merged=[1, 3]
233.6 fp=[1] true=[3] merged=[1, 3]
234.0 fp=[1] true=[3] merged=[1, 3]
234.3 fp=[1] true=[3] merged=[1, 3]
234.6 fp=[1] true=[3] merged=[1, 3]
234.9 fp=[1] true=[3] merged=[1, 3]
235.2 fp=[1] true=[3] merged=[1, 3]
235.5 fp=[1] true=[3] merged=[1, 3]
235.8 fp=[1] true=[3] merged=[1, 3]
236.2 fp=[1] true=[3] merged=[1, 3]
236.5 fp=[1] true=[3] merged=[1, 3]
236.8 fp=[1] true=[3] merged=[1, 3]
237.1 fp=[1] true=[3] merged=[1, 3]
237.4 fp=[1] true=[3] merged=[1, 3]
237.7 fp=[1] true=[3] merged=[1, 3]
238.1 fp=[1] true=[3] merged=[1, 3]
238.4 fp=[1] true=[3] merged=[1, 3]
238.7 fp=[1] true=[3] merged=[1, 3]
239.0 fp=[1] true=[3] merged=[1, 3]
239.3 fp=[1] true=[3] merged=[1, 3]
239.7 fp=[1] true=[3] merged=[1, 3]
240.0 fp=[1] true=[3] merged=[1, 3]
240.3 fp=[1] true=[3] merged=[1, 3]
240.6 fp=[1] true=[3] merged=[1, 3]
240.9 fp=[1] true=[3] merged=[1, 3]
241.2 fp=[1] true=[3] merged=[1, 3]
241.5 fp=[1] true=[3] merged=[1, 3]
241.8 fp=[1] true=[3] merged=[1, 3]
242.2 fp=[1] true=[3] merged=[1, 3]
242.5 fp=[1] true=[3] merged=[1, 3]
242.8 fp=[1] true=[3] merged=[1, 3]
243.2 fp=[1] true=[3] merged=[1, 3]
243.5 fp=[1] true=[3] merged=[1, 3]
243.8 fp=[1] true=[3] merged=[1, 3]
244.1 fp=[1] true=[3] merged=[1, 3]
244.4 fp=[1] true=[3] merged=[1, 3]
244.7 fp=[1] true=[3] merged=[1, 3]
245.0 fp=[1] true=[3] merged=[1, 3]
245.3 fp=[1] true=[3] merged=[1, 3]
245.7 fp=[1] true=[3] merged=[1, 3]
246.0 fp=[1] true=[3] merged=[1, 3]
246.3 fp=[1] true=[3] merged=[1, 3]
246.6 fp=[1] true=[3] merged=[1, 3]
246.9 fp=[1] true=[3] merged=[1, 3]
247.2 fp=[1] true=[3] merged=[1, 3]
247.6 fp=[1] true=[3] merged=[1, 3]
247.9 fp=[1] true=[3] merged=[1, 3]
248.2 fp=[1] true=[3] merged=[1, 3]
248.5 fp=[1] true=[3] merged=[1, 3]
248.8 fp=[1] true=[3] merged=[1, 3]
249.1 fp=[1] true=[3] merged=[1, 3]
249.4 fp=[1] true=[3] merged=[1, 3]
249.7 fp=[1] true=[3] merged=[1, 3]
250.0 fp=[1] true=[3] merged=[1, 3]
250.4 fp=[1] true=[3] merged=[1, 3]
250.7 fp=[1] true=[3] merged=[1, 3]
251.0 fp=[1] true=[3] merged=[1, 3]
251.3 fp=[1] true=[3] merged=[1, 3]
251.6 fp=[1] true=[3] merged=[1, 3]
251.9 fp=[1] true=[3] merged=[1, 3]
252.3 fp=[1] true=[3] merged=[1, 3]
252.6 fp=[1] true=[3] merged=[1, 3]
252.9 fp=[1] true=[3] merged=[1, 3]
253.2 fp=[1] true=[3] merged=[1, 3]
253.5 fp=[1] true=[3] merged=[1, 3]
253.9 fp=[1] true=[3] merged=[1, 3]
254.2 fp=[1] true=[3] merged=[1, 3]
254.5 fp=[1] true=[3] merged=[1, 3]
254.8 fp=[1] true=[3] merged=[1, 3]
255.1 fp=[1] true=[3] merged=[1, 3]
255.4 fp=[1] true=[3] merged=[1, 3]
255.7 fp=[1] true=[3] merged=[1, 3]
256.0 fp=[1] true=[3] merged=[1, 3]
256.4 fp=[1] true=[3] merged=[1, 3]
256.7 fp=[1] true=[3] merged=[1, 3]
257.0 fp=[1] true=[3] merged=[1, 3]
257.3 fp=[1] true=[3] merged=[1, 3]
257.6 fp=[1] true=[3] merged=[1, 3]
257.9 fp=[1] true=[3] merged=[1, 3]
258.3 fp=[1] true=[3] merged=[1, 3]
258.6 fp=[1] true=[3] merged=[1, 3]
258.9 fp=[1] true=[3] merged=[1, 3]
259.2 fp=[1] true=[3] merged=[1, 3]
259.5 fp=[1] true=[3] merged=[1, 3]
259.8 fp=[1] true=[3] merged=[1, 3]
260.1 fp=[1] true=[3] merged=[1, 3]
260.5 fp=[1] true=[3] merged=[1, 3]
260.8 fp=[1] true=[3] merged=[1, 3]
261.1 fp=[1] true=[3] merged=[1, 3]
261.4 fp=[1] true=[3] merged=[1, 3]
261.7 fp=[1] true=[3] merged=[1, 3]
262.0 fp=[1] true=[3] merged=[1, 3]
262.3 fp=[1] true=[3] merged=[1, 3]
262.7 fp=[1] true=[3] merged=[1, 3]
263.0 fp=[1] true=[3] merged=[1, 3]
263.3 fp=[1] true=[3] merged=[1, 3]
263.6 fp=[1] true=[3] merged=[1, 3]
263.9 fp=[1] true=[3] merged=[1, 3]
264.2 fp=[1] true=[3] merged=[1, 3]
264.5 fp=[1] true=[3] merged=[1, 3]
264.9 fp=[1] true=[3] merged=[1, 3]
265.2 fp=[1] true=[3] merged=[1, 3]
265.5 fp=[1] true=[3] merged=[1, 3]
265.8 fp=[1] true=[3] merged=[1, 3]
266.1 fp=[1] true=[3] merged=[1, 3]
266.4 fp=[1] true=[3] merged=[1, 3]
266.8 fp=[1] true=[3] merged=[1, 3]
267.1 fp=[1] true=[3] merged=[1, 3]
267.4 fp=[1] true=[3] merged=[1, 3]
267.7 fp=[1] true=[3] merged=[1, 3]
268.0 fp=[1] true=[3] merged=[1, 3]
268.3 fp=[1] true=[3] merged=[1, 3]
268.6 fp=[1] true=[3] merged=[1, 3]
268.9 fp=[1] true=[3] merged=[1, 3]
269.2 fp=[1] true=[3] merged=[1, 3]
269.6 fp=[1] true=[3] merged=[1, 3]
269.9 fp=[1] true=[3] merged=[1, 3]
270.2 fp=[1] true=[3] merged=[1, 3]
270.5 fp=[1] true=[3] merged=[1, 3]
270.8 fp=[1] true=[3] merged=[1, 3]
271.1 fp=[1] true=[3] merged=[1, 3]
271.4 fp=[1] true=[3] merged=[1, 3]
271.8 fp=[1] true=[3] merged=[1, 3]
272.1 fp=[1] true=[3] merged=[1, 3]
272.4 fp=[1] true=[3] merged=[1, 3]
272.7 fp=[1] true=[3] merged=[1, 3]
273.0 fp=[2] true=[3] merged=[2, 3]
273.3 fp=[2] true=[3] merged=[2, 3]
273.6 fp=[2] true=[3] merged=[2, 3]
274.0 fp=[2] true=[3] merged=[2, 3]
274.3 fp=[2] true=[3] merged=[2, 3]
274.6 fp=[2] true=[3] merged=[2, 3]
274.9 fp=[2] true=[3] merged=[2, 3]
275.2 fp=[2] true=[3] merged=[2, 3]
275.5 fp=[2] true=[3] merged=[2, 3]
275.8 fp=[2] true=[3] merged=[2, 3]
276.1 fp=[2] true=[3] merged=[2, 3]
276.4 fp=[2] true=[3] merged=[2, 3]
276.8 fp=[2] true=[3] merged=[2, 3]
277.1 fp=[2] true=[3] merged=[2, 3]
277.4 fp=[2] true=[3] merged=[2, 3]
277.7 fp=[2] true=[3] merged=[2, 3]
278.0 fp=[4] true=[3] merged=[3, 4]
278.3 fp=[4] true=[3] merged=[3, 4]
278.6 fp=[4] true=[3] merged=[3, 4]
279.0 fp=[4] true=[3] merged=[3, 4]
279.3 fp=[4] true=[3] merged=[3, 4]
279.6 fp=[4] true=[3] merged=[3, 4]
279.9 fp=[4] true=[3] merged=[3, 4]
280.2 fp=[4] true=[3] merged=[3, 4]
280.5 fp=[4] true=[3] merged=[3, 4]
280.8 fp=[4] true=[3] merged=[3, 4]
281.2 fp=[4] true=[3] merged=[3, 4]
281.5 fp=[4] true=[3] merged=[3, 4]
281.8 fp=[4] true=[3] merged=[3, 4]
282.1 fp=[4] true=[3] merged=[3, 4]
282.4 fp=[4] true=[3] merged=[3, 4]
282.7 fp=[4] true=[3] merged=[3, 4]
283.0 fp=[4] true=[3] merged=[3, 4]
283.4 fp=[4] true=[3] merged=[3, 4]
283.7 fp=[4] true=[3] merged=[3, 4]
284.0 fp=[4] true=[3] merged=[3, 4]
284.3 fp=[4] true=[3] merged=[3, 4]
284.6 fp=[4] true=[3] merged=[3, 4]
284.9 fp=[4] true=[3] merged=[3, 4]
285.2 fp=[4] true=[3] merged=[3, 4]
285.5 fp=[4] true=[3] merged=[3, 4]
285.9 fp=[4] true=[3] merged=[3, 4]
286.2 fp=[4] true=[3] merged=[3, 4]
286.5 fp=[4] true=[3] merged=[3, 4]
286.8 fp=[4] true=[3] merged=[3, 4]
287.1 fp=[4] true=[3] merged=[3, 4]
287.4 fp=[4] true=[3] merged=[3, 4]
287.8 fp=[4] true=[3] merged=[3, 4]
288.1 fp=[4] true=[3] merged=[3, 4]
288.4 fp=[4] true=[3] merged=[3, 4]
288.7 fp=[4] true=[3] merged=[3, 4]
289.0 fp=[4] true=[3] merged=[3, 4]
289.3 fp=[4] true=[3] merged=[3, 4]
289.6 fp=[4] true=[3] merged=[3, 4]
289.9 fp=[4] true=[3] merged=[3, 4]
290.3 fp=[4] true=[3] merged=[3, 4]
290.6 fp=[4] true=[3] merged=[3, 4]
290.9 fp=[4] true=[3] merged=[3, 4]
291.2 fp=[4] true=[3] merged=[3, 4]
291.5 fp=[4] true=[3] merged=[3, 4]
291.8 fp=[4] true=[3] merged=[3, 4]
292.1 fp=[4] true=[3] merged=[3, 4]
292.4 fp=[4] true=[3] merged=[3, 4]
292.8 fp=[4] true=[3] merged=[3, 4]
293.1 fp=[4] true=[3] merged=[3, 4]
293.4 fp=[4] true=[3] merged=[3, 4]
293.7 fp=[4] true=[3] merged=[3, 4]
294.0 fp=[4] true=[3] merged=[3, 4]
294.3 fp=[4] true=[3] merged=[3, 4]
294.6 fp=[4] true=[3] merged=[3, 4]
295.0 fp=[4] true=[3] merged=[3, 4]
295.3 fp=[4] true=[3] merged=[3, 4]
295.6 fp=[4] true=[3] merged=[3, 4]
295.9 fp=[4] true=[3] merged=[3, 4]
296.2 fp=[4] true=[3] merged=[3, 4]
296.5 fp=[4] true=[3] merged=[3, 4]
296.8 fp=[4] true=[3] merged=[3, 4]
297.1 fp=[1] true=[3] merged=[1, 3]
297.4 fp=[1] true=[3] merged=[1, 3]
297.8 fp=[1] true=[3] merged=[1, 3]
298.1 fp=[1] true=[3] merged=[1, 3]
298.4 fp=[1] true=[3] merged=[1, 3]
298.7 fp=[1] true=[3] merged=[1, 3]
299.1 fp=[1] true=[3] merged=[1, 3]
299.4 fp=[1] true=[3] merged=[1, 3]
299.7 fp=[1] true=[3] merged=[1, 3]
300.0 fp=[1] true=[3] merged=[1, 3]
300.3 fp=[1] true=[3] merged=[1, 3]
300.6 fp=[1] true=[3] merged=[1, 3]
300.9 fp=[1] true=[3] merged=[1, 3]
301.2 fp=[1] true=[3] merged=[1, 3]
301.5 fp=[1] true=[3] merged=[1, 3]
301.9 fp=[1] true=[3] merged=[1, 3]
302.2 fp=[1] true=[3] merged=[1, 3]
302.5 fp=[1] true=[3] merged=[1, 3]
302.8 fp=[1] true=[3] merged=[1, 3]
303.1 fp=[1] true=[3] merged=[1, 3]
303.4 fp=[1] true=[3] merged=[1, 3]
303.7 fp=[1] true=[3] merged=[1, 3]
304.0 fp=[1] true=[3] merged=[1, 3]
304.4 fp=[1] true=[3] merged=[1, 3]
304.7 fp=[1] true=[3] merged=[1, 3]
