# start rate=10 seed=3 dur=420 n=7 target=3 events=41
4.0 fp=[5] true=[3] merged=[3, 5]
4.4 fp=[5] true=[3] merged=[3, 5]
4.7 fp=[5] true=[3] merged=[3, 5]
5.0 fp=[5] true=[3] merged=[3, 5]
5.3 fp=[5] true=[3] merged=[3, 5]
5.7 fp=[5] true=[3] merged=[3, 5]
6.0 fp=[5] true=[3] merged=[3, 5]
6.3 fp=[5] true=[3] merged=[3, 5]
6.6 fp=[5] true=[3] merged=[3, 5]
6.9 fp=[5] true=[3] merged=[3, 5]
7.2 fp=[5] true=[3] merged=[3, 5]
7.5 fp=[5] true=[3] merged=[3, 5]
7.8 fp=[5] true=[3] merged=[3, 5]
8.1 fp=[5] true=[3] merged=[3, 5]
8.5 fp=[5] true=[3] merged=[3, 5]
8.8 fp=[5] true=[3] merged=[3, 5]
9.1 fp=[5] true=[3] merged=[3, 5]
9.4 fp=[5] true=[3] merged=[3, 5]
9.7 fp=[5] true=[3] merged=[3, 5]
10.0 fp=[5] true=[3] merged=[3, 5]
10.3 fp=[5] true=[3] merged=[3, 5]
10.6 fp=[5] true=[3] merged=[3, 5]
10.9 fp=[5] true=[3] merged=[3, 5]
11.3 fp=[5] true=[3] merged=[3, 5]
11.6 fp=[5] true=[3] merged=[3, 5]
11.9 fp=[5] true=[3] merged=[3, 5]
12.2 fp=[5] true=[3] merged=[3, 5]
12.5 fp=[5] true=[3] merged=[3, 5]
12.8 fp=[5] true=[3] merged=[3, 5]
13.1 fp=[5] true=[3] merged=[3, 5]
13.4 fp=[5] true=[3] merged=[3, 5]
13.7 fp=[5] true=[3] merged=[3, 5]
14.1 fp=[5] true=[3] merged=[3, 5]
14.4 fp=[5] true=[3] merged=[3, 5]
14.7 fp=[5] true=[3] merged=[3, 5]
15.0 fp=[5] true=[3] merged=[3, 5]
15.3 fp=[4] true=[3] merged=[3, 4]
15.6 fp=[4] true=[3] merged=[3, 4]
15.9 fp=[4] true=[3] merged=[3, 4]
16.2 fp=[4] true=[3] merged=[3, 4]
16.5 fp=[4] true=[3] merged=[3, 4]
16.8 fp=[4] true=[3] merged=[3, 4]
17.2 fp=[4] true=[3] merged=[3, 4]
17.5 fp=[4] true=[3] merged=[3, 4]
17.8 fp=[4] true=[3] merged=[3, 4]
18.1 fp=[4] true=[3] merged=[3, 4]
18.4 fp=[4] true=[3] merged=[3, 4]
18.7 fp=[4] true=[3] merged=[3, 4]
19.0 fp=[4] true=[3] merged=[3, 4]
19.3 fp=[4] true=[3] merged=[3, 4]
19.7 fp=[4] true=[3] merged=[3, 4]
20.0 fp=[4] true=[3] merged=[3, 4]
20.3 fp=[4] true=[3] merged=[3, 4]
20.6 fp=[4] true=[3] merged=[3, 4]
20.9 fp=[4] true=[3] merged=[3, 4]
21.2 fp=[4] true=[3] merged=[3, 4]
21.5 fp=[4] true=[3] merged=[3, 4]
21.9 fp=[4] true=[3] merged=[3, 4]
22.2 fp=[4] true=[3] merged=[3, 4]
22.5 fp=[4] true=[3] merged=[3, 4]
22.8 fp=[4] true=[3] merged=[3, 4]
23.1 fp=[4] true=[3] merged=[3, 4]
23.4 fp=[4] true=[3] merged=[3, 4]
23.7 fp=[4] true=[3] merged=[3, 4]
24.0 fp=[4] true=[3] merged=[3, 4]
24.3 fp=[4] true=[3] merged=[3, 4]
24.7 fp=[4] true=[3] merged=[3, 4]
25.0 fp=[4] true=[3] merged=[3, 4]
25.3 fp=[4] true=[3] merged=[3, 4]
25.7 fp=[4] true=[3] merged=[3, 4]
26.0 fp=[4] true=[3] merged=[3, 4]
26.3 fp=[4] true=[3] merged=[3, 4]
26.6 fp=[4] true=[3] merged=[3, 4]
26.9 fp=[4] true=[3] merged=[3, 4]
27.3 fp=[4] true=[3] merged=[3, 4]
27.6 fp=[4] true=[3] merged=[3, 4]
27.9 fp=[4] true=[3] merged=[3, 4]
28.2 fp=[4] true=[3] merged=[3, 4]
28.5 fp=[4] true=[3] merged=[3, 4]
28.8 fp=[4] true=[3] merged=[3, 4]
29.1 fp=[4] true=[3] merged=[3, 4]
29.4 fp=[4] true=[3] merged=[3, 4]
29.7 fp=[4] true=[3] merged=[3, 4]
30.0 fp=[4] true=[3] merged=[3, 4]
30.4 fp=[4] true=[3] merged=[3, 4]
30.7 fp=[4] true=[3] merged=[3, 4]
31.0 fp=[4] true=[3] merged=[3, 4]
31.3 fp=[4] true=[3] merged=[3, 4]
31.6 fp=[4] true=[3] merged=[3, 4]
31.9 fp=[4] true=[3] merged=[3, 4]
32.3 fp=[4] true=[3] merged=[3, 4]
32.6 fp=[4] true=[3] merged=[3, 4]
32.9 fp=[4] true=[3] merged=[3, 4]
33.2 fp=[4] true=[3] merged=[3, 4]
33.5 fp=[4] true=[3] merged=[3, 4]
33.8 fp=[4] true=[3] merged=[3, 4]
34.1 fp=[4] true=[3] merged=[3, 4]
34.4 fp=[4] true=[3] merged=[3, 4]
34.7 fp=[4] true=[3] merged=[3, 4]
35.1 fp=[6] true=[3] merged=[3, 6]
35.4 fp=[6] true=[3] merged=[3, 6]
35.7 fp=[6] true=[3] merged=[3, 6]
36.0 fp=[6] true=[3] merged=[3, 6]
36.3 fp=[5] true=[3] merged=[3, 5]
36.6 fp=[5] true=[3] merged=[3, 5]
36.9 fp=[5] true=[3] merged=[3, 5]
37.2 fp=[5] true=[3] merged=[3, 5]
37.6 fp=[5] true=[3] merged=[3, 5]
37.9 fp=[5] true=[3] merged=[3, 5]
38.2 fp=[5] true=[3] merged=[3, 5]
38.5 fp=[5] true=[3] merged=[3, 5]
38.8 fp=[5] true=[3] merged=[3, 5]
39.1 fp=[5] true=[3] merged=[3, 5]
39.4 fp=[5] true=[3] merged=[3, 5]
39.8 fp=[5] true=[3] merged=[3, 5]
40.1 fp=[5] true=[3] merged=[3, 5]
40.4 fp=[5] true=[3] merged=[3, 5]
40.7 fp=[5] true=[3] merged=[3, 5]
41.0 fp=[5] true=[3] merged=[3, 5]
41.3 fp=[5] true=[3] merged=[3, 5]
41.6 fp=[5] true=[3] merged=[3, 5]
41.9 fp=[5] true=[3] merged=[3, 5]
42.2 fp=[5] true=[3] merged=[3, 5]
42.6 fp=[5] true=[3] merged=[3, 5]
42.9 fp=[5] true=[3] merged=[3, 5]
43.2 fp=[1] true=[3] merged=[1, 3]
43.5 fp=[1] true=[3] merged=[1, 3]
43.8 fp=[1] true=[3] merged=[1, 3]
44.1 fp=[1] true=[3] merged=[1, 3]
44.5 fp=[1] true=[3] merged=[1, 3]
44.8 fp=[1] true=[3] merged=[1, 3]
45.1 fp=[1] true=[3] merged=[1, 3]
45.4 fp=[1] true=[3] merged=[1, 3]
45.7 fp=[1] true=[3] merged=[1, 3]
46.0 fp=[1] true=[3] merged=[1, 3]
46.3 fp=[1] true=[3] merged=[1, 3]
46.6 fp=[1] true=[3] merged=[1, 3]
46.9 fp=[1] true=[3] merged=[1, 3]
47.3 fp=[1] true=[3] merged=[1, 3]
47.6 fp=[1] true=[3] merged=[1, 3]
47.9 fp=[1] true=[3] merged=[1, 3]
48.2 fp=[1] true=[3] merged=[1, 3]
48.5 fp=[1] true=[3] merged=[1, 3]
48.8 fp=[1] true=[3] merged=[1, 3]
49.1 fp=[1] true=[3] merged=[1, 3]
49.4 fp=[1] true=[3] merged=[1, 3]
49.8 fp=[1] true=[3] merged=[1, 3]
50.1 fp=[1] true=[3] merged=[1, 3]
50.4 fp=[1] true=[3] merged=[1, 3]
50.7 fp=[1] true=[3] merged=[1, 3]
51.0 fp=[1] true=[3] merged=[1, 3]
51.3 fp=[1] true=[3] merged=[1, 3]
51.6 fp=[1] true=[3] merged=[1, 3]
51.9 fp=[1] true=[3] merged=[1, 3]
52.2 fp=[1] true=[3] merged=[1, 3]
52.5 fp=[1] true=[3] merged=[1, 3]
52.8 fp=[1] true=[3] merged=[1, 3]
53.2 fp=[1] true=[3] merged=[1, 3]
53.5 fp=[1] true=[3] merged=[1, 3]
53.8 fp=[1] true=[3] merged=[1, 3]
54.1 fp=[1] true=[3] merged=[1, 3]
54.4 fp=[1] true=[3] merged=[1, 3]
54.7 fp=[1] true=[3] merged=[1, 3]
55.1 fp=[1] true=[3] merged=[1, 3]
55.4 fp=[1] true=[3] merged=[1, 3]
55.7 fp=[1] true=[3] merged=[1, 3]
56.0 fp=[1] true=[3] merged=[1, 3]
56.3 fp=[1] true=[3] merged=[1, 3]
56.6 fp=[1] true=[3] merged=[1, 3]
57.0 fp=[1] true=[3] merged=[1, 3]
57.3 fp=[1] true=[3] merged=[1, 3]
57.6 fp=[1] true=[3] merged=[1, 3]
57.9 fp=[1] true=[3] merged=[1, 3]
58.2 fp=[1] true=[3] merged=[1, 3]
58.5 fp=[1] true=[3] merged=[1, 3]
58.8 fp=[1] true=[3] merged=[1, 3]
59.1 fp=[1] true=[3] merged=[1, 3]
59.5 fp=[1] true=[3] merged=[1, 3]
59.8 fp=[1] true=[3] merged=[1, 3]
60.1 fp=[1] true=[3] merged=[1, 3]
60.4 fp=[1] true=[3] merged=[1, 3]
60.7 fp=[1] true=[3] merged=[1, 3]
61.0 fp=[1] true=[3] merged=[1, 3]
61.4 fp=[1] true=[3] merged=[1, 3]
61.7 fp=[1] true=[3] merged=[1, 3]
62.0 fp=[1] true=[3] merged=[1, 3]
62.3 fp=[1] true=[3] merged=[1, 3]
62.6 fp=[1] true=[3] merged=[1, 3]
63.0 fp=[7] true=[3] merged=[3, 7]
63.3 fp=[7] true=[3] merged=[3, 7]
63.6 fp=[7] true=[3] merged=[3, 7]
64.0 fp=[7] true=[3] merged=[3, 7]
65.2 fp=[7] true=[3] merged=[3, 7]
65.5 fp=[7] true=[3] merged=[3, 7]
65.8 fp=[7] true=[3] merged=[3, 7]
66.2 fp=[7] true=[3] merged=[3, 7]
66.5 fp=[7] true=[3] merged=[3, 7]
66.8 fp=[7] true=[3] merged=[3, 7]
67.1 fp=[7] true=[3] merged=[3, 7]
67.4 fp=[7] true=[3] merged=[3, 7]
67.7 fp=[7] true=[3] merged=[3, 7]
68.0 fp=[7] true=[3] merged=[3, 7]
68.4 fp=[7] true=[3] merged=[3, 7]
68.7 fp=[7] true=[3] merged=[3, 7]
69.0 fp=[7] true=[3] merged=[3, 7]
69.3 fp=[7] true=[3] merged=[3, 7]
69.6 fp=[7] true=[3] merged=[3, 7]
69.9 fp=[7] true=[3] merged=[3, 7]
70.2 fp=[7] true=[3] merged=[3, 7]
70.5 fp=[7] true=[3] merged=[3, 7]
70.8 fp=[7] true=[3] merged=[3, 7]
71.1 fp=[7] true=[3] merged=[3, 7]
71.5 fp=[7] true=[3] merged=[3, 7]
71.8 fp=[7] true=[3] merged=[3, 7]
72.1 fp=[7] true=[3] merged=[3, 7]
72.4 fp=[7] true=[3] merged=[3, 7]
72.7 fp=[7] true=[3] merged=[3, 7]
73.0 fp=[7] true=[3] merged=[3, 7]
73.3 fp=[7] true=[3] merged=[3, 7]
73.7 fp=[7] true=[3] merged=[3, 7]
74.0 fp=[7] true=[3] merged=[3, 7]
74.3 fp=[7] true=[3] merged=[3, 7]
74.6 fp=[7] true=[3] merged=[3, 7]
74.9 fp=[7] true=[3] merged=[3, 7]
75.2 fp=[1] true=[3] merged=[1, 3]
75.5 fp=[1] true=[3] merged=[1, 3]
75.8 fp=[1] true=[3] merged=[1, 3]
76.1 fp=[1] true=[3] merged=[1, 3]
76.5 fp=[1] true=[3] merged=[1, 3]
76.8 fp=[1] true=[3] merged=[1, 3]
77.1 fp=[1] true=[3] merged=[1, 3]
77.4 fp=[1] true=[3] merged=[1, 3]
77.7 fp=[1] true=[3] merged=[1, 3]
78.0 fp=[1] true=[3] merged=[1, 3]
78.3 fp=[1] true=[3] merged=[1, 3]
78.7 fp=[1] true=[3] merged=[1, 3]
79.0 fp=[1] true=[3] merged=[1, 3]
79.3 fp=[1] true=[3] merged=[1, 3]
79.6 fp=[1] true=[3] merged=[1, 3]
79.9 fp=[1] true=[3] merged=[1, 3]
80.2 fp=[1] true=[3] merged=[1, 3]
80.5 fp=[1] true=[3] merged=[1, 3]
80.8 fp=[1] true=[3] merged=[1, 3]
81.1 fp=[1] true=[3] merged=[1, 3]
81.5 fp=[1] true=[3] merged=[1, 3]
81.8 fp=[1] true=[3] merged=[1, 3]
82.1 fp=[1] true=[3] merged=[1, 3]
82.4 fp=[1] true=[3] merged=[1, 3]
82.7 fp=[1] true=[3] merged=[1, 3]
83.0 fp=[1] true=[3] merged=[1, 3]
83.3 fp=[1] true=[3] merged=[1, 3]
83.6 fp=[1] true=[3] merged=[1, 3]
84.0 fp=[1] true=[3] merged=[1, 3]
84.3 fp=[1] true=[3] merged=[1, 3]
84.6 fp=[1] true=[3] merged=[1, 3]
84.9 fp=[1] true=[3] merged=[1, 3]
85.2 fp=[1] true=[3] merged=[1, 3]
85.5 fp=[1] true=[3] merged=[1, 3]
85.8 fp=[1] true=[3] merged=[1, 3]
86.2 fp=[1] true=[3] merged=[1, 3]
86.5 fp=[1] true=[3] merged=[1, 3]
86.8 fp=[1] true=[3] merged=[1, 3]
87.1 fp=[1] true=[3] merged=[1, 3]
87.4 fp=[1] true=[3] merged=[1, 3]
87.7 fp=[1] true=[3] merged=[1, 3]
88.1 fp=[1] true=[3] merged=[1, 3]
88.4 fp=[1] true=[3] merged=[1, 3]
88.7 fp=[1] true=[3] merged=[1, 3]
89.0 fp=[1] true=[3] merged=[1, 3]
89.3 fp=[1] true=[3] merged=[1, 3]
89.6 fp=[1] true=[3] merged=[1, 3]
89.9 fp=[1] true=[3] merged=[1, 3]
90.2 fp=[1] true=[3] merged=[1, 3]
90.6 fp=[1] true=[3] merged=[1, 3]
90.9 fp=[1] true=[3] merged=[1, 3]
91.2 fp=[1] true=[3] merged=[1, 3]
91.5 fp=[1] true=[3] merged=[1, 3]
91.8 fp=[1] true=[3] merged=[1, 3]
92.1 fp=[1] true=[3] merged=[1, 3]
92.4 fp=[1] true=[3] merged=[1, 3]
92.7 fp=[1] true=[3] merged=[1, 3]
93.1 fp=[1] true=[3] merged=[1, 3]
93.4 fp=[1] true=[3] merged=[1, 3]
93.7 fp=[1] true=[3] merged=[1, 3]
94.0 fp=[1] true=[3] merged=[1, 3]
94.3 fp=[1] true=[3] merged=[1, 3]
94.6 fp=[1] true=[3] merged=[1, 3]
94.9 fp=[1] true=[3] merged=[1, 3]
95.3 fp=[5] true=[3] merged=[3, 5]
95.6 fp=[5] true=[3] merged=[3, 5]
95.9 fp=[5] true=[3] merged=[3, 5]
96.2 fp=[5] true=[3] merged=[3, 5]
96.5 fp=[5] true=[3] merged=[3, 5]
96.8 fp=[5] true=[3] merged=[3, 5]
97.1 fp=[5] true=[3] merged=[3, 5]
97.4 fp=[5] true=[3] merged=[3, 5]
97.8 fp=[5] true=[3] merged=[3, 5]
98.1 fp=[5] true=[3] merged=[3, 5]
98.4 fp=[5] true=[3] merged=[3, 5]
98.7 fp=[5] true=[3] merged=[3, 5]
99.0 fp=[5] true=[3] merged=[3, 5]
99.3 fp=[5] true=[3] merged=[3, 5]
99.6 fp=[5] true=[3] merged=[3, 5]
100.0 fp=[5] true=[3] merged=[3, 5]
100.3 fp=[5] true=[3] merged=[3, 5]
100.6 fp=[5] true=[3] merged=[3, 5]
100.9 fp=[5] true=[3] merged=[3, 5]
101.2 fp=[2] true=[3] merged=[2, 3]
101.5 fp=[2] true=[3] merged=[2, 3]
101.8 fp=[2] true=[3] merged=[2, 3]
102.2 fp=[2] true=[3] merged=[2, 3]
102.5 fp=[2] true=[3] merged=[2, 3]
102.8 fp=[2] true=[3] merged=[2, 3]
103.1 fp=[2] true=[3] merged=[2, 3]
103.4 fp=[2] true=[3] merged=[2, 3]
103.7 fp=[2] true=[3] merged=[2, 3]
104.0 fp=[2] true=[3] merged=[2, 3]
104.3 fp=[2] true=[3] merged=[2, 3]
104.7 fp=[2] true=[3] merged=[2, 3]
105.0 fp=[2] true=[3] merged=[2, 3]
105.3 fp=[2] true=[3] merged=[2, 3]
105.6 fp=[2] true=[3] merged=[2, 3]
105.9 fp=[2] true=[3] merged=[2, 3]
106.2 fp=[2] true=[3] merged=[2, 3]
106.5 fp=[2] true=[3] merged=[2, 3]
106.8 fp=[2] true=[3] merged=[2, 3]
107.2 fp=[2] true=[3] merged=[2, 3]
107.5 fp=[2] true=[3] merged=[2, 3]
107.8 fp=[2] true=[3] merged=[2, 3]
108.1 fp=[2] true=[3] merged=[2, 3]
108.4 fp=[2] true=[3] merged=[2, 3]
108.7 fp=[2] true=[3] merged=[2, 3]
109.0 fp=[2] true=[3] merged=[2, 3]
109.3 fp=[2] true=[3] merged=[2, 3]
109.7 fp=[2] true=[3] merged=[2, 3]
110.0 fp=[2] true=[3] merged=[2, 3]
110.3 fp=[2] true=[3] merged=[2, 3]
110.6 fp=[2] true=[3] merged=[2, 3]
110.9 fp=[2] true=[3] merged=[2, 3]
111.2 fp=[2] true=[3] merged=[2, 3]
111.5 fp=[2] true=[3] merged=[2, 3]
111.8 fp=[2] true=[3] merged=[2, 3]
112.1 fp=[2] true=[3] merged=[2, 3]
112.5 fp=[2] true=[3] merged=[2, 3]
112.8 fp=[2] true=[3] merged=[2, 3]
113.1 fp=[2] true=[3] merged=[2, 3]
113.5 fp=[2] true=[3] merged=[2, 3]
113.8 fp=[2] true=[3] merged=[2, 3]
114.1 fp=[2] true=[3] merged=[2, 3]
114.4 fp=[2] true=[3] merged=[2, 3]
114.7 fp=[2] true=[3] merged=[2, 3]
115.0 fp=[2] true=[3] merged=[2, 3]
115.3 fp=[2] true=[3] merged=[2, 3]
115.7 fp=[2] true=[3] merged=[2, 3]
116.0 fp=[2] true=[3] merged=[2, 3]
116.3 fp=[2] true=[3] merged=[2, 3]
116.6 fp=[2] true=[3] merged=[2, 3]
116.9 fp=[2] true=[3] merged=[2, 3]
117.2 fp=[2] true=[3] merged=[2, 3]
117.5 fp=[2] true=[3] merged=[2, 3]
117.9 fp=[2] true=[3] merged=[2, 3]
118.2 fp=[2] true=[3] merged=[2, 3]
118.5 fp=[2] true=[3] merged=[2, 3]
118.8 fp=[2] true=[3] merged=[2, 3]
119.1 fp=[2] true=[3] merged=[2, 3]
119.4 fp=[2] true=[3] merged=[2, 3]
119.7 fp=[2] true=[3] merged=[2, 3]
120.0 fp=[2] true=[3] merged=[2, 3]
120.3 fp=[2] true=[3] merged=[2, 3]
120.6 fp=[2] true=[3] merged=[2, 3]
120.9 fp=[2] true=[3] merged=[2, 3]
121.3 fp=[2] true=[3] merged=[2, 3]
121.6 fp=[2] true=[3] merged=[2, 3]
121.9 fp=[2] true=[3] merged=[2, 3]
122.2 fp=[2] true=[3] merged=[2, 3]
122.5 fp=[2] true=[3] merged=[2, 3]
122.8 fp=[2] true=[3] merged=[2, 3]
123.1 fp=[2] true=[3] merged=[2, 3]
123.5 fp=[2] true=[3] merged=[2, 3]
123.8 fp=[2] true=[3] merged=[2, 3]
124.2 fp=[2] true=[3] merged=[2, 3]
124.5 fp=[2] true=[3] merged=[2, 3]
124.8 fp=[2] true=[3] merged=[2, 3]
125.1 fp=[2] true=[3] merged=[2, 3]
125.4 fp=[2] true=[3] merged=[2, 3]
125.8 fp=[2] true=[3] merged=[2, 3]
126.1 fp=[2] true=[3] merged=[2, 3]
126.4 fp=[2] true=[3] merged=[2, 3]
126.7 fp=[2] true=[3] merged=[2, 3]
127.0 fp=[5] true=[3] merged=[3, 5]
127.3 fp=[5] true=[3] merged=[3, 5]
127.6 fp=[5] true=[3] merged=[3, 5]
127.9 fp=[5] true=[3] merged=[3, 5]
128.2 fp=[5] true=[3] merged=[3, 5]
128.6 fp=[5] true=[3] merged=[3, 5]
128.9 fp=[5] true=[3] merged=[3, 5]
129.2 fp=[5] true=[3] merged=[3, 5]
129.5 fp=[5] true=[3] merged=[3, 5]
129.8 fp=[5] true=[3] merged=[3, 5]
130.1 fp=[5] true=[3] merged=[3, 5]
130.4 fp=[5] true=[3] merged=[3, 5]
130.7 fp=[5] true=[3] merged=[3, 5]
131.1 fp=[5] true=[3] merged=[3, 5]
131.4 fp=[5] true=[3] merged=[3, 5]
131.7 fp=[5] true=[3] merged=[3, 5]
132.0 fp=[5] true=[3] merged=[3, 5]
132.3 fp=[6] true=[3] merged=[3, 6]
132.6 fp=[6] true=[3] merged=[3, 6]
132.9 fp=[6] true=[3] merged=[3, 6]
133.2 fp=[6] true=[3] merged=[3, 6]
133.6 fp=[6] true=[3] merged=[3, 6]
133.9 fp=[6] true=[3] merged=[3, 6]
134.2 fp=[6] true=[3] merged=[3, 6]
134.5 fp=[6] true=[3] merged=[3, 6]
134.8 fp=[6] true=[3] merged=[3, 6]
135.1 fp=[6] true=[3] merged=[3, 6]
135.4 fp=[6] true=[3] merged=[3, 6]
135.8 fp=[6] true=[3] merged=[3, 6]
136.1 fp=[6] true=[3] merged=[3, 6]
136.4 fp=[6] true=[3] merged=[3, 6]
136.7 fp=[6] true=[3] merged=[3, 6]
146.2 fp=[7] true=[3] merged=[3, 7]
146.5 fp=[7] true=[3] merged=[3, 7]
146.8 fp=[7] true=[3] merged=[3, 7]
147.1 fp=[7] true=[3] merged=[3, 7]
147.4 fp=[7] true=[3] merged=[3, 7]
147.7 fp=[7] true=[3] merged=[3, 7]
148.0 fp=[7] true=[3] merged=[3, 7]
148.4 fp=[7] true=[3] merged=[3, 7]
148.7 fp=[7] true=[3] merged=[3, 7]
149.0 fp=[7] true=[3] merged=[3, 7]
149.3 fp=[7] true=[3] merged=[3, 7]
149.6 fp=[7] true=[3] merged=[3, 7]
149.9 fp=[7] true=[3] merged=[3, 7]
150.3 fp=[7] true=[3] merged=[3, 7]
150.6 fp=[7] true=[3] merged=[3, 7]
150.9 fp=[7] true=[3] merged=[3, 7]
151.2 fp=[7] true=[3] merged=[3, 7]
151.5 fp=[7] true=[3] merged=[3, 7]
151.8 fp=[7] true=[3] merged=[3, 7]
152.1 fp=[7] true=[3] merged=[3, 7]
152.4 fp=[7] true=[3] merged=[3, 7]
152.8 fp=[7] true=[3] merged=[3, 7]
153.1 fp=[7] true=[3] merged=[3, 7]
153.4 fp=[7] true=[3] merged=[3, 7]
153.7 fp=[7] true=[3] merged=[3, 7]
154.0 fp=[7] true=[3] merged=[3, 7]
154.3 fp=[7] true=[3] merged=[3, 7]
154.6 fp=[7] true=[3] merged=[3, 7]
155.0 fp=[7] true=[3] merged=[3, 7]
155.3 fp=[7] true=[3] merged=[3, 7]
155.6 fp=[7] true=[3] merged=[3, 7]
155.9 fp=[7] true=[3] merged=[3, 7]
156.2 fp=[7] true=[3] merged=[3, 7]
156.5 fp=[7] true=[3] merged=[3, 7]
156.8 fp=[7] true=[3] merged=[3, 7]
157.2 fp=[7] true=[3] merged=[3, 7]
157.5 fp=[7] true=[3] merged=[3, 7]
157.8 fp=[7] true=[3] merged=[3, 7]
158.1 fp=[7] true=[3] merged=[3, 7]
158.4 fp=[7] true=[3] merged=[3, 7]
158.7 fp=[7] true=[3] merged=[3, 7]
159.1 fp=[7] true=[3] merged=[3, 7]
159.4 fp=[7] true=[3] merged=[3, 7]
159.7 fp=[7] true=[3] merged=[3, 7]
160.0 fp=[7] true=[3] merged=[3, 7]
160.3 fp=[7] true=[3] merged=[3, 7]
160.6 fp=[7] true=[3] merged=[3, 7]
160.9 fp=[7] true=[3] merged=[3, 7]
161.2 fp=[7] true=[3] merged=[3, 7]
161.6 fp=[7] true=[3] merged=[3, 7]
161.9 fp=[7] true=[3] merged=[3, 7]
162.2 fp=[7] true=[3] merged=[3, 7]
162.5 fp=[7] true=[3] merged=[3, 7]
162.8 fp=[7] true=[3] merged=[3, 7]
163.1 fp=[7] true=[3] merged=[3, 7]
163.5 fp=[7] true=[3] merged=[3, 7]
163.8 fp=[7] true=[3] merged=[3, 7]
164.1 fp=[7] true=[3] merged=[3, 7]
164.4 fp=[7] true=[3] merged=[3, 7]
164.7 fp=[7] true=[3] merged=[3, 7]
165.1 fp=[7] true=[3] merged=[3, 7]
165.4 fp=[7] true=[3] merged=[3, 7]
165.7 fp=[7] true=[3] merged=[3, 7]
166.0 fp=[7] true=[3] merged=[3, 7]
174.1 fp=[5] true=[3] merged=[3, 5]
174.4 fp=[5] true=[3] merged=[3, 5]
174.7 fp=[5] true=[3] merged=[3, 5]
175.0 fp=[5] true=[3] merged=[3, 5]
175.3 fp=[5] true=[3] merged=[3, 5]
175.6 fp=[5] true=[3] merged=[3, 5]
175.9 fp=[5] true=[3] merged=[3, 5]
176.2 fp=[5] true=[3] merged=[3, 5]
176.6 fp=[5] true=[3] merged=[3, 5]
176.9 fp=[5] true=[3] merged=[3, 5]
177.2 fp=[5] true=[3] merged=[3, 5]
177.5 fp=[5] true=[3] merged=[3, 5]
177.8 fp=[5] true=[3] merged=[3, 5]
178.1 fp=[5] true=[3] merged=[3, 5]
178.4 fp=[5] true=[3] merged=[3, 5]
178.7 fp=[5] true=[3] merged=[3, 5]
179.1 fp=[5] true=[3] merged=[3, 5]
179.4 fp=[5] true=[3] merged=[3, 5]
179.7 fp=[5] true=[3] merged=[3, 5]
180.0 fp=[5] true=[3] merged=[3, 5]
180.3 fp=[5] true=[3] merged=[3, 5]
180.6 fp=[5] true=[3] merged=[3, 5]
180.9 fp=[5] true=[3] merged=[3, 5]
181.2 fp=[5] true=[3] merged=[3, 5]
181.6 fp=[5] true=[3] merged=[3, 5]
181.9 fp=[5] true=[3] merged=[3, 5]
182.2 fp=[5] true=[3] merged=[3, 5]
182.5 fp=[5] true=[3] merged=[3, 5]
182.8 fp=[5] true=[3] merged=[3, 5]
183.1 fp=[5] true=[3] merged=[3, 5]
183.4 fp=[5] true=[3] merged=[3, 5]
183.8 fp=[5] true=[3] merged=[3, 5]
184.1 fp=[5] true=[3] merged=[3, 5]
184.4 fp=[5] true=[3] merged=[3, 5]
184.7 fp=[5] true=[3] merged=[3, 5]
185.0 fp=[5] true=[3] merged=[3, 5]
185.3 fp=[5] true=[3] merged=[3, 5]
185.6 fp=[5] true=[3] merged=[3, 5]
185.9 fp=[5] true=[3] merged=[3, 5]
186.2 fp=[5] true=[3] merged=[3, 5]
186.5 fp=[5] true=[3] merged=[3, 5]
186.9 fp=[5] true=[3] merged=[3, 5]
187.2 fp=[5] true=[3] merged=[3, 5]
187.5 fp=[5] true=[3] merged=[3, 5]
187.8 fp=[5] true=[3] merged=[3, 5]
188.1 fp=[5] true=[3] merged=[3, 5]
188.4 fp=[5] true=[3] merged=[3, 5]
188.7 fp=[5] true=[3] merged=[3, 5]
189.0 fp=[5] true=[3] merged=[3, 5]
189.3 fp=[5] true=[3] merged=[3, 5]
189.7 fp=[5] true=[3] merged=[3, 5]
190.0 fp=[5] true=[3] merged=[3, 5]
190.3 fp=[5] true=[3] merged=[3, 5]
190.6 fp=[5] true=[3] merged=[3, 5]
190.9 fp=[5] true=[3] merged=[3, 5]
191.2 fp=[5] true=[3] merged=[3, 5]
191.5 fp=[5] true=[3] merged=[3, 5]
191.9 fp=[5] true=[3] merged=[3, 5]
192.2 fp=[5] true=[3] merged=[3, 5]
192.5 fp=[5] true=[3] merged=[3, 5]
192.8 fp=[5] true=[3] merged=[3, 5]
193.1 fp=[5] true=[3] merged=[3, 5]
193.4 fp=[5] true=[3] merged=[3, 5]
193.7 fp=[5] true=[3] merged=[3, 5]
212.1 fp=[7] true=[3] merged=[3, 7]
212.5 fp=[7] true=[3] merged=[3, 7]
212.8 fp=[7] true=[3] merged=[3, 7]
213.1 fp=[7] true=[3] merged=[3, 7]
213.4 fp=[7] true=[3] merged=[3, 7]
213.7 fp=[7] true=[3] merged=[3, 7]
214.0 fp=[7] true=[3] merged=[3, 7]
214.4 fp=[7] true=[3] merged=[3, 7]
214.7 fp=[7] true=[3] merged=[3, 7]
215.0 fp=[7] true=[3] merged=[3, 7]
215.3 fp=[7] true=[3] merged=[3, 7]
215.6 fp=[7] true=[3] merged=[3, 7]
215.9 fp=[7] true=[3] merged=[3, 7]
216.2 fp=[7] true=[3] merged=[3, 7]
216.5 fp=[7] true=[3] merged=[3, 7]
216.8 fp=[7] true=[3] merged=[3, 7]
217.2 fp=[7] true=[3] merged=[3, 7]
217.5 fp=[7] true=[3] merged=[3, 7]
217.8 fp=[7] true=[3] merged=[3, 7]
218.1 fp=[7] true=[3] merged=[3, 7]
218.4 fp=[7] true=[3] merged=[3, 7]
218.7 fp=[7] true=[3] merged=[3, 7]
219.0 fp=[7] true=[3] merged=[3, 7]
219.3 fp=[7] true=[3] merged=[3, 7]
219.7 fp=[7] true=[3] merged=[3, 7]
220.0 fp=[7] true=[3] merged=[3, 7]
220.3 fp=[7] true=[3] merged=[3, 7]
220.6 fp=[7] true=[3] merged=[3, 7]
220.9 fp=[7] true=[3] merged=[3, 7]
221.2 fp=[7] true=[3] merged=[3, 7]
221.6 fp=[7] true=[3] merged=[3, 7]
221.9 fp=[7] true=[3] merged=[3, 7]
222.2 fp=[7] true=[3] merged=[3, 7]
222.5 fp=[7] true=[3] merged=[3, 7]
222.8 fp=[7] true=[3] merged=[3, 7]
223.1 fp=[7] true=[3] merged=[3, 7]
223.4 fp=[7] true=[3] merged=[3, 7]
223.7 fp=[7] true=[3] merged=[3, 7]
224.1 fp=[7] true=[3] merged=[3, 7]
224.4 fp=[7] true=[3] merged=[3, 7]
224.7 fp=[7] true=[3] merged=[3, 7]
225.0 fp=[7] true=[3] merged=[3, 7]
225.3 fp=[7] true=[3] merged=[3, 7]
225.6 fp=[7] true=[3] merged=[3, 7]
225.9 fp=[7] true=[3] merged=[3, 7]
226.2 fp=[4] true=[3] merged=[3, 4]
226.5 fp=[4] true=[3] merged=[3, 4]
226.9 fp=[4] true=[3] merged=[3, 4]
227.2 fp=[4] true=[3] merged=[3, 4]
227.5 fp=[4] true=[3] merged=[3, 4]
227.8 fp=[4] true=[3] merged=[3, 4]
228.1 fp=[4] true=[3] merged=[3, 4]
228.4 fp=[4] true=[3] merged=[3, 4]
228.7 fp=[4] true=[3] merged=[3, 4]
229.0 fp=[4] true=[3] merged=[3, 4]
229.4 fp=[4] true=[3] merged=[3, 4]
229.7 fp=[4] true=[3] merged=[3, 4]
230.0 fp=[4] true=[3] merged=[3, 4]
230.3 fp=[4] true=[3] merged=[3, 4]
230.6 fp=[4] true=[3] merged=[3, 4]
230.9 fp=[4] true=[3] merged=[3, 4]
231.2 fp=[4] true=[3] merged=[3, 4]
231.6 fp=[4] true=[3] merged=[3, 4]
231.9 fp=[4] true=[3] merged=[3, 4]
232.2 fp=[1] true=[3] merged=[1, 3]
232.5 fp=[1] true=[3] merged=[1, 3]
232.8 fp=[1] true=[3] merged=[1, 3]
233.1 fp=[1] true=[3] merged=[1, 3]
233.4 fp=[1] true=[3] merged=[1, 3]
233.7 fp=[1] true=[3] merged=[1, 3]
234.0 fp=[1] true=[3] merged=[1, 3]
234.4 fp=[1] true=[3] merged=[1, 3]
234.7 fp=[1] true=[3] merged=[1, 3]
235.0 fp=[1] true=[3] merged=[1, 3]
235.3 fp=[1] true=[3] merged=[1, 3]
235.6 fp=[1] true=[3] merged=[1, 3]
235.9 fp=[1] true=[3] merged=[1, 3]
236.2 fp=[1] true=[3] merged=[1, 3]
236.6 fp=[1] true=[3] merged=[1, 3]
236.9 fp=[1] true=[3] merged=[1, 3]
237.2 fp=[1] true=[3] merged=[1, 3]
237.5 fp=[1] true=[3] merged=[1, 3]
237.8 fp=[1] true=[3] merged=[1, 3]
238.1 fp=[1] true=[3] merged=[1, 3]
238.4 fp=[1] true=[3] merged=[1, 3]
238.7 fp=[1] true=[3] merged=[1, 3]
239.1 fp=[1] true=[3] merged=[1, 3]
239.4 fp=[1] true=[3] merged=[1, 3]
239.7 fp=[1] true=[3] merged=[1, 3]
240.0 fp=[1] true=[3] merged=[1, 3]
240.3 fp=[1] true=[3] merged=[1, 3]
240.6 fp=[1] true=[3] merged=[1, 3]
240.9 fp=[1] true=[3] merged=[1, 3]
241.3 fp=[1] true=[3] merged=[1, 3]
241.6 fp=[1] true=[3] merged=[1, 3]
241.9 fp=[1] true=[3] merged=[1, 3]
242.2 fp=[1] true=[3] merged=[1, 3]
242.5 fp=[1] true=[3] merged=[1, 3]
242.8 fp=[1] true=[3] merged=[1, 3]
243.1 fp=[1] true=[3] merged=[1, 3]
243.4 fp=[1] true=[3] merged=[1, 3]
243.7 fp=[1] true=[3] merged=[1, 3]
244.0 fp=[1] true=[3] merged=[1, 3]
244.4 fp=[1] true=[3] merged=[1, 3]
244.7 fp=[1] true=[3] merged=[1, 3]
245.0 fp=[1] true=[3] merged=[1, 3]
245.3 fp=[1] true=[3] merged=[1, 3]
245.6 fp=[1] true=[3] merged=[1, 3]
245.9 fp=[1] true=[3] merged=[1, 3]
246.2 fp=[1] true=[3] merged=[1, 3]
246.6 fp=[1] true=[3] merged=[1, 3]
246.9 fp=[1] true=[3] merged=[1, 3]
247.2 fp=[1] true=[3] merged=[1, 3]
247.5 fp=[1] true=[3] merged=[1, 3]
247.8 fp=[1] true=[3] merged=[1, 3]
248.1 fp=[1] true=[3] merged=[1, 3]
248.4 fp=[1] true=[3] merged=[1, 3]
248.7 fp=[1] true=[3] merged=[1, 3]
249.1 fp=[1] true=[3] merged=[1, 3]
249.4 fp=[1] true=[3] merged=[1, 3]
249.7 fp=[1] true=[3] merged=[1, 3]
250.0 fp=[1] true=[3] merged=[1, 3]
250.3 fp=[1] true=[3] merged=[1, 3]
250.6 fp=[1] true=[3] merged=[1, 3]
250.9 fp=[1] true=[3] merged=[1, 3]
251.2 fp=[1] true=[3] merged=[1, 3]
251.5 fp=[1] true=[3] merged=[1, 3]
251.8 fp=[1] true=[3] merged=[1, 3]
252.2 fp=[4] true=[3] merged=[3, 4]
252.5 fp=[4] true=[3] merged=[3, 4]
252.8 fp=[4] true=[3] merged=[3, 4]
253.1 fp=[4] true=[3] merged=[3, 4]
253.4 fp=[4] true=[3] merged=[3, 4]
253.7 fp=[4] true=[3] merged=[3, 4]
254.0 fp=[4] true=[3] merged=[3, 4]
254.3 fp=[4] true=[3] merged=[3, 4]
254.6 fp=[4] true=[3] merged=[3, 4]
254.9 fp=[4] true=[3] merged=[3, 4]
255.3 fp=[4] true=[3] merged=[3, 4]
255.6 fp=[4] true=[3] merged=[3, 4]
255.9 fp=[4] true=[3] merged=[3, 4]
256.2 fp=[4] true=[3] merged=[3, 4]
256.5 fp=[4] true=[3] merged=[3, 4]
256.8 fp=[4] true=[3] merged=[3, 4]
257.1 fp=[4] true=[3] merged=[3, 4]
257.5 fp=[4] true=[3] merged=[3, 4]
257.8 fp=[4] true=[3] merged=[3, 4]
258.1 fp=[4] true=[3] merged=[3, 4]
258.4 fp=[4] true=[3] merged=[3, 4]
258.8 fp=[4] true=[3] merged=[3, 4]
259.1 fp=[4] true=[3] merged=[3, 4]
259.4 fp=[4] true=[3] merged=[3, 4]
259.7 fp=[4] true=[3] merged=[3, 4]
260.0 fp=[4] true=[3] merged=[3, 4]
260.3 fp=[4] true=[3] merged=[3, 4]
260.6 fp=[4] true=[3] merged=[3, 4]
260.9 fp=[4] true=[3] merged=[3, 4]
261.3 fp=[4] true=[3] merged=[3, 4]
261.6 fp=[4] true=[3] merged=[3, 4]
261.9 fp=[4] true=[3] merged=[3, 4]
262.2 fp=[4] true=[3] merged=[3, 4]
262.5 fp=[4] true=[3] merged=[3, 4]
262.8 fp=[4] true=[3] merged=[3, 4]
263.1 fp=[4] true=[3] merged=[3, 4]
263.4 fp=[4] true=[3] merged=[3, 4]
263.7 fp=[4] true=[3] merged=[3, 4]
264.1 fp=[4] true=[3] merged=[3, 4]
264.4 fp=[4] true=[3] merged=[3, 4]
264.7 fp=[4] true=[3] merged=[3, 4]
265.0 fp=[4] true=[3] merged=[3, 4]
265.3 fp=[4] true=[3] merged=[3, 4]
265.6 fp=[4] true=[3] merged=[3, 4]
266.0 fp=[4] true=[3] merged=[3, 4]
266.3 fp=[4] true=[3] merged=[3, 4]
266.6 fp=[4] true=[3] merged=[3, 4]
266.9 fp=[4] true=[3] merged=[3, 4]
267.2 fp=[4] true=[3] merged=[3, 4]
267.5 fp=[4] true=[3] merged=[3, 4]
267.8 fp=[4] true=[3] merged=[3, 4]
268.2 fp=[5] true=[3] merged=[3, 5]
268.5 fp=[5] true=[3] merged=[3, 5]
268.8 fp=[5] true=[3] merged=[3, 5]
269.1 fp=[5] true=[3] merged=[3, 5]
269.4 fp=[5] true=[3] merged=[3, 5]
269.7 fp=[5] true=[3] merged=[3, 5]
270.0 fp=[5] true=[3] merged=[3, 5]
270.3 fp=[5] true=[3] merged=[3, 5]
270.7 fp=[5] true=[3] merged=[3, 5]
271.0 fp=[5] true=[3] merged=[3, 5]
271.3 fp=[5] true=[3] merged=[3, 5]
271.6 fp=[5] true=[3] merged=[3, 5]
271.9 fp=[5] true=[3] merged=[3, 5]
272.2 fp=[5] true=[3] merged=[3, 5]
272.5 fp=[5] true=[3] merged=[3, 5]
272.8 fp=[5] true=[3] merged=[3, 5]
273.1 fp=[5] true=[3] merged=[3, 5]
273.5 fp=[5] true=[3] merged=[3, 5]
273.8 fp=[5] true=[3] merged=[3, 5]
274.1 fp=[5] true=[3] merged=[3, 5]
274.4 fp=[5] true=[3] merged=[3, 5]
274.7 fp=[5] true=[3] merged=[3, 5]
275.0 fp=[5] true=[3] merged=[3, 5]
275.3 fp=[5] true=[3] merged=[3, 5]
275.7 fp=[5] true=[3] merged=[3, 5]
276.0 fp=[5] true=[3] merged=[3, 5]
276.3 fp=[5] true=[3] merged=[3, 5]
276.6 fp=[5] true=[3] merged=[3, 5]
276.9 fp=[5] true=[3] merged=[3, 5]
277.2 fp=[5] true=[3] merged=[3, 5]
277.5 fp=[5] true=[3] merged=[3, 5]
277.9 fp=[5] true=[3] merged=[3, 5]
278.2 fp=[6] true=[3] merged=[3, 6]
278.5 fp=[6] true=[3] merged=[3, 6]
278.8 fp=[6] true=[3] merged=[3, 6]
279.1 fp=[6] true=[3] merged=[3, 6]
279.4 fp=[6] true=[3] merged=[3, 6]
279.7 fp=[6] true=[3] merged=[3, 6]
280.0 fp=[6] true=[3] merged=[3, 6]
280.4 fp=[6] true=[3] merged=[3, 6]
280.7 fp=[6] true=[3] merged=[3, 6]
281.0 fp=[6] true=[3] merged=[3, 6]
281.3 fp=[6] true=[3] merged=[3, 6]
281.6 fp=[6] true=[3] merged=[3, 6]
281.9 fp=[6] true=[3] merged=[3, 6]
282.2 fp=[6] true=[3] merged=[3, 6]
282.5 fp=[6] true=[3] merged=[3, 6]
282.9 fp=[6] true=[3] merged=[3, 6]
283.2 fp=[6] true=[3] merged=[3, 6]
283.5 fp=[6] true=[3] merged=[3, 6]
283.8 fp=[6] true=[3] merged=[3, 6]
284.1 fp=[6] true=[3] merged=[3, 6]
284.4 fp=[6] true=[3] merged=[3, 6]
284.8 fp=[6] true=[3] merged=[3, 6]
285.1 fp=[6] true=[3] merged=[3, 6]
285.4 fp=[6] true=[3] merged=[3, 6]
285.7 fp=[6] true=[3] merged=[3, 6]
286.0 fp=[6] true=[3] merged=[3, 6]
286.4 fp=[6] true=[3] merged=[3, 6]
286.7 fp=[6] true=[3] merged=[3, 6]
287.0 fp=[6] true=[3] merged=[3, 6]
287.3 fp=[6] true=[3] merged=[3, 6]
287.6 fp=[6] true=[3] merged=[3, 6]
287.9 fp=[6] true=[3] merged=[3, 6]
288.2 fp=[6] true=[3] merged=[3, 6]
288.6 fp=[6] true=[3] merged=[3, 6]
288.9 fp=[6] true=[3] merged=[3, 6]
289.2 fp=[6] true=[3] merged=[3, 6]
289.5 fp=[6] true=[3] merged=[3, 6]
289.8 fp=[6] true=[3] merged=[3, 6]
290.1 fp=[6] true=[3] merged=[3, 6]
290.4 fp=[6] true=[3] merged=[3, 6]
290.8 fp=[6] true=[3] merged=[3, 6]
291.1 fp=[6] true=[3] merged=[3, 6]
291.4 fp=[6] true=[3] merged=[3, 6]
291.7 fp=[6] true=[3] merged=[3, 6]
292.0 fp=[6] true=[3] merged=[3, 6]
292.3 fp=[6] true=[3] merged=[3, 6]
292.6 fp=[6] true=[3] merged=[3, 6]
292.9 fp=[6] true=[3] merged=[3, 6]
297.1 fp=[4] true=[3] merged=[3, 4]
297.4 fp=[4] true=[3] merged=[3, 4]
297.7 fp=[4] true=[3] merged=[3, 4]
298.0 fp=[4] true=[3] merged=[3, 4]
298.3 fp=[4] true=[3] merged=[3, 4]
298.6 fp=[4] true=[3] merged=[3, 4]
298.9 fp=[4] true=[3] merged=[3, 4]
299.2 fp=[1] true=[3] merged=[1, 3]
299.5 fp=[1] true=[3] merged=[1, 3]
299.9 fp=[1] true=[3] merged=[1, 3]
300.2 fp=[1] true=[3] merged=[1, 3]
300.5 fp=[1] true=[3] merged=[1, 3]
300.8 fp=[1] true=[3] merged=[1, 3]
301.1 fp=[1] true=[3] merged=[1, 3]
301.4 fp=[1] true=[3] merged=[1, 3]
301.8 fp=[1] true=[3] merged=[1, 3]
302.1 fp=[1] true=[3] merged=[1, 3]
302.4 fp=[1] true=[3] merged=[1, 3]
302.7 fp=[1] true=[3] merged=[1, 3]
303.0 fp=[1] true=[3] merged=[1, 3]
303.3 fp=[1] true=[3] merged=[1, 3]
303.6 fp=[1] true=[3] merged=[1, 3]
303.9 fp=[1] true=[3] merged=[1, 3]
304.3 fp=[1] true=[3] merged=[1, 3]
304.6 fp=[1] true=[3] merged=[1, 3]
304.9 fp=[1] true=[3] merged=[1, 3]
305.2 fp=[1] true=[3] merged=[1, 3]
305.5 fp=[1] true=[3] merged=[1, 3]
305.8 fp=[1] true=[3] merged=[1, 3]
306.1 fp=[1] true=[3] merged=[1, 3]
306.4 fp=[1] true=[3] merged=[1, 3]
306.8 fp=[1] true=[3] merged=[1, 3]
307.1 fp=[1] true=[3] merged=[1, 3]
307.4 fp=[1] true=[3] merged=[1, 3]
307.7 fp=[1] true=[3] merged=[1, 3]
308.0 fp=[1] true=[3] merged=[1, 3]
308.3 fp=[1] true=[3] merged=[1, 3]
308.6 fp=[1] true=[3] merged=[1, 3]
308.9 fp=[1] true=[3] merged=[1, 3]
309.3 fp=[1] true=[3] merged=[1, 3]
309.6 fp=[1] true=[3] merged=[1, 3]
309.9 fp=[1] true=[3] merged=[1, 3]
310.2 fp=[1] true=[3] merged=[1, 3]
310.5 fp=[1] true=[3] merged=[1, 3]
310.8 fp=[1] true=[3] merged=[1, 3]
311.2 fp=[1] true=[3] merged=[1, 3]
311.5 fp=[1] true=[3] merged=[1, 3]
311.8 fp=[1] true=[3] merged=[1, 3]
312.1 fp=[1] true=[3] merged=[1, 3]
312.4 fp=[1] true=[3] merged=[1, 3]
312.7 fp=[1] true=[3] merged=[1, 3]
313.0 fp=[1] true=[3] merged=[1, 3]
313.3 fp=[1] true=[3] merged=[1, 3]
313.6 fp=[1] true=[3] merged=[1, 3]
313.9 fp=[1] true=[3] merged=[1, 3]
314.3 fp=[1] true=[3] merged=[1, 3]
314.6 fp=[1] true=[3] merged=[1, 3]
314.9 fp=[1] true=[3] merged=[1, 3]
315.2 fp=[1] true=[3] merged=[1, 3]
315.5 fp=[1] true=[3] merged=[1, 3]
315.8 fp=[1] true=[3] merged=[1, 3]
316.2 fp=[1] true=[3] merged=[1, 3]
316.5 fp=[1] true=[3] merged=[1, 3]
316.8 fp=[1] true=[3] merged=[1, 3]
317.1 fp=[1] true=[3] merged=[1, 3]
317.4 fp=[1] true=[3] merged=[1, 3]
317.7 fp=[1] true=[3] merged=[1, 3]
318.0 fp=[1] true=[3] merged=[1, 3]
318.3 fp=[1] true=[3] merged=[1, 3]
318.6 fp=[1] true=[3] merged=[1, 3]
318.9 fp=[1] true=[3] merged=[1, 3]
319.3 fp=[4] true=[3] merged=[3, 4]
319.6 fp=[4] true=[3] merged=[3, 4]
319.9 fp=[4] true=[3] merged=[3, 4]
320.2 fp=[4] true=[3] merged=[3, 4]
320.5 fp=[4] true=[3] merged=[3, 4]
320.8 fp=[4] true=[3] merged=[3, 4]
321.1 fp=[4] true=[3] merged=[3, 4]
321.5 fp=[4] true=[3] merged=[3, 4]
321.8 fp=[4] true=[3] merged=[3, 4]
322.1 fp=[4] true=[3] merged=[3, 4]
322.4 fp=[4] true=[3] merged=[3, 4]
322.7 fp=[4] true=[3] merged=[3, 4]
323.0 fp=[4] true=[3] merged=[3, 4]
323.4 fp=[4] true=[3] merged=[3, 4]
323.7 fp=[4] true=[3] merged=[3, 4]
324.0 fp=[4] true=[3] merged=[3, 4]
324.3 fp=[4] true=[3] merged=[3, 4]
324.6 fp=[4] true=[3] merged=[3, 4]
324.9 fp=[4] true=[3] merged=[3, 4]
325.2 fp=[4] true=[3] merged=[3, 4]
325.5 fp=[4] true=[3] merged=[3, 4]
325.9 fp=[4] true=[3] merged=[3, 4]
326.2 fp=[4] true=[3] merged=[3, 4]
326.5 fp=[4] true=[3] merged=[3, 4]
326.8 fp=[4] true=[3] merged=[3, 4]
332.1 fp=[6] true=[3] merged=[3, 6]
332.4 fp=[6] true=[3] merged=[3, 6]
332.7 fp=[6] true=[3] merged=[3, 6]
333.0 fp=[6] true=[3] merged=[3, 6]
333.4 fp=[6] true=[3] merged=[3, 6]
333.7 fp=[6] true=[3] merged=[3, 6]
334.0 fp=[6] true=[3] merged=[3, 6]
334.3 fp=[6] true=[3] merged=[3, 6]
334.6 fp=[6] true=[3] merged=[3, 6]
334.9 fp=[6] true=[3] merged=[3, 6]
335.2 fp=[6] true=[3] merged=[3, 6]
335.5 fp=[6] true=[3] merged=[3, 6]
335.8 fp=[6] true=[3] merged=[3, 6]
336.2 fp=[6] true=[3] merged=[3, 6]
336.5 fp=[6] true=[3] merged=[3, 6]
336.8 fp=[6] true=[3] merged=[3, 6]
337.1 fp=[6] true=[3] merged=[3, 6]
337.4 fp=[6] true=[3] merged=[3, 6]
337.7 fp=[6] true=[3] merged=[3, 6]
338.0 fp=[6] true=[3] merged=[3, 6]
338.4 fp=[6] true=[3] merged=[3, 6]
338.7 fp=[6] true=[3] merged=[3, 6]
339.0 fp=[6] true=[3] merged=[3, 6]
339.3 fp=[6] true=[3] merged=[3, 6]
339.6 fp=[6] true=[3] merged=[3, 6]
339.9 fp=[6] true=[3] merged=[3, 6]
340.2 fp=[6] true=[3] merged=[3, 6]
340.6 fp=[6] true=[3] merged=[3, 6]
340.9 fp=[6] true=[3] merged=[3, 6]
341.2 fp=[6] true=[3] merged=[3, 6]
341.5 fp=[6] true=[3] merged=[3, 6]
341.8 fp=[6] true=[3] merged=[3, 6]
342.1 fp=[6] true=[3] merged=[3, 6]
342.4 fp=[6] true=[3] merged=[3, 6]
342.7 fp=[6] true=[3] merged=[3, 6]
343.1 fp=[6] true=[3] merged=[3, 6]
343.4 fp=[6] true=[3] merged=[3, 6]
343.7 fp=[6] true=[3] merged=[3, 6]
344.0 fp=[6] true=[3] merged=[3, 6]
344.3 fp=[6] true=[3] merged=[3, 6]
344.7 fp=[6] true=[3] merged=[3, 6]
345.0 fp=[6] true=[3] merged=[3, 6]
345.3 fp=[6] true=[3] merged=[3, 6]
345.6 fp=[6] true=[3] merged=[3, 6]
345.9 fp=[6] true=[3] merged=[3, 6]
346.3 fp=[2] true=[3] merged=[2, 3]
346.6 fp=[2] true=[3] merged=[2, 3]
346.9 fp=[2] true=[3] merged=[2, 3]
347.2 fp=[2] true=[3] merged=[2, 3]
347.5 fp=[2] true=[3] merged=[2, 3]
347.8 fp=[2] true=[3] merged=[2, 3]
348.1 fp=[2] true=[3] merged=[2, 3]
348.4 fp=[2] true=[3] merged=[2, 3]
348.7 fp=[2] true=[3] merged=[2, 3]
349.1 fp=[2] true=[3] merged=[2, 3]
349.4 fp=[2] true=[3] merged=[2, 3]
349.7 fp=[2] true=[3] merged=[2, 3]
350.0 fp=[2] true=[3] merged=[2, 3]
350.3 fp=[2] true=[3] merged=[2, 3]
350.7 fp=[2] true=[3] merged=[2, 3]
351.0 fp=[2] true=[3] merged=[2, 3]
351.3 fp=[2] true=[3] merged=[2, 3]
351.6 fp=[2] true=[3] merged=[2, 3]
351.9 fp=[2] true=[3] merged=[2, 3]
352.2 fp=[2] true=[3] merged=[2, 3]
352.5 fp=[2] true=[3] merged=[2, 3]
352.8 fp=[2] true=[3] merged=[2, 3]
353.2 fp=[2] true=[3] merged=[2, 3]
353.5 fp=[2] true=[3] merged=[2, 3]
353.8 fp=[2] true=[3] merged=[2, 3]
354.1 fp=[2] true=[3] merged=[2, 3]
354.4 fp=[2] true=[3] merged=[2, 3]
354.7 fp=[2] true=[3] merged=[2, 3]
355.0 fp=[2] true=[3] merged=[2, 3]
355.3 fp=[2] true=[3] merged=[2, 3]
355.6 fp=[2] true=[3] merged=[2, 3]
356.0 fp=[2] true=[3] merged=[2, 3]
356.3 fp=[2] true=[3] merged=[2, 3]
356.6 fp=[2] true=[3] merged=[2, 3]
356.9 fp=[2] true=[3] merged=[2, 3]
357.2 fp=[2] true=[3] merged=[2, 3]
357.5 fp=[2] true=[3] merged=[2, 3]
357.8 fp=[2] true=[3] merged=[2, 3]
358.1 fp=[2] true=[3] merged=[2, 3]
358.4 fp=[2] true=[3] merged=[2, 3]
358.8 fp=[2] true=[3] merged=[2, 3]
359.1 fp=[2] true=[3] merged=[2, 3]
359.4 fp=[2] true=[3] merged=[2, 3]
359.7 fp=[2] true=[3] merged=[2, 3]
360.0 fp=[2] true=[3] merged=[2, 3]
360.3 fp=[2] true=[3] merged=[2, 3]
360.6 fp=[2] true=[3] merged=[2, 3]
360.9 fp=[2] true=[3] merged=[2, 3]
361.3 fp=[2] true=[3] merged=[2, 3]
361.6 fp=[2] true=[3] merged=[2, 3]
361.9 fp=[2] true=[3] merged=[2, 3]
362.2 fp=[2] true=[3] merged=[2, 3]
362.5 fp=[2] true=[3] merged=[2, 3]
362.8 fp=[2] true=[3] merged=[2, 3]
363.1 fp=[2] true=[3] merged=[2, 3]
363.4 fp=[2] true=[3] merged=[2, 3]
363.8 fp=[2] true=[3] merged=[2, 3]
364.1 fp=[2] true=[3] merged=[2, 3]
364.4 fp=[2] true=[3] merged=[2, 3]
364.7 fp=[2] true=[3] merged=[2, 3]
365.0 fp=[2] true=[3] merged=[2, 3]
365.3 fp=[2] true=[3] merged=[2, 3]
365.6 fp=[2] true=[3] merged=[2, 3]
365.9 fp=[2] true=[3] merged=[2, 3]
366.2 fp=[2] true=[3] merged=[2, 3]
366.6 fp=[2] true=[3] merged=[2, 3]
366.9 fp=[2] true=[3] merged=[2, 3]
367.2 fp=[2] true=[3] merged=[2, 3]
367.5 fp=[2] true=[3] merged=[2, 3]
367.8 fp=[2] true=[3] merged=[2, 3]
368.1 fp=[2] true=[3] merged=[2, 3]
368.4 fp=[2] true=[3] merged=[2, 3]
368.7 fp=[2] true=[3] merged=[2, 3]
369.1 fp=[2] true=[3] merged=[2, 3]
369.4 fp=[2] true=[3] merged=[2, 3]
369.7 fp=[2] true=[3] merged=[2, 3]
370.0 fp=[2] true=[3] merged=[2, 3]
370.3 fp=[2] true=[3] merged=[2, 3]
370.6 fp=[2] true=[3] merged=[2, 3]
371.0 fp=[2] true=[3] merged=[2, 3]
371.3 fp=[2] true=[3] merged=[2, 3]
371.6 fp=[2] true=[3] merged=[2, 3]
371.9 fp=[2] true=[3] merged=[2, 3]
372.2 fp=[2] true=[3] merged=[2, 3]
372.5 fp=[2] true=[3] merged=[2, 3]
372.8 fp=[2] true=[3] merged=[2, 3]
373.1 fp=[2] true=[3] merged=[2, 3]
373.4 fp=[2] true=[3] merged=[2, 3]
373.8 fp=[2] true=[3] merged=[2, 3]
374.1 fp=[2] true=[3] merged=[2, 3]
374.4 fp=[2] true=[3] merged=[2, 3]
374.7 fp=[2] true=[3] merged=[2, 3]
375.0 fp=[2] true=[3] merged=[2, 3]
375.3 fp=[2] true=[3] merged=[2, 3]
375.6 fp=[2] true=[3] merged=[2, 3]
375.9 fp=[2] true=[3] merged=[2, 3]
376.3 fp=[2] true=[3] merged=[2, 3]
376.6 fp=[2] true=[3] merged=[2, 3]
376.9 fp=[2] true=[3] merged=[2, 3]
377.2 fp=[6] true=[3] merged=[3, 6]
377.5 fp=[6] true=[3] merged=[3, 6]
377.8 fp=[6] true=[3] merged=[3, 6]
378.1 fp=[5] true=[3] merged=[3, 5]
378.4 fp=[5] true=[3] merged=[3, 5]
378.8 fp=[5] true=[3] merged=[3, 5]
379.1 fp=[5] true=[3] merged=[3, 5]
379.4 fp=[5] true=[3] merged=[3, 5]
379.7 fp=[5] true=[3] merged=[3, 5]
380.0 fp=[5] true=[3] merged=[3, 5]
380.3 fp=[5] true=[3] merged=[3, 5]
380.6 fp=[5] true=[3] merged=[3, 5]
380.9 fp=[5] true=[3] merged=[3, 5]
381.3 fp=[5] true=[3] merged=[3, 5]
381.6 fp=[5] true=[3] merged=[3, 5]
381.9 fp=[5] true=[3] merged=[3, 5]
382.2 fp=[5] true=[3] merged=[3, 5]
382.5 fp=[5] true=[3] merged=[3, 5]
382.8 fp=[5] true=[3] merged=[3, 5]
383.1 fp=[5] true=[3] merged=[3, 5]
383.4 fp=[5] true=[3] merged=[3, 5]
383.7 fp=[5] true=[3] merged=[3, 5]
384.1 fp=[5] true=[3] merged=[3, 5]
384.4 fp=[5] true=[3] merged=[3, 5]
384.7 fp=[5] true=[3] merged=[3, 5]
385.0 fp=[5] true=[3] merged=[3, 5]
385.3 fp=[5] true=[3] merged=[3, 5]
385.6 fp=[5] true=[3] merged=[3, 5]
385.9 fp=[5] true=[3] merged=[3, 5]
386.2 fp=[4] true=[3] merged=[3, 4]
386.6 fp=[4] true=[3] merged=[3, 4]
386.9 fp=[4] true=[3] merged=[3, 4]
