# start rate=10 seed=1 dur=420 n=7 target=3 events=43
2.2 fp=[1] true=[3] merged=[1, 3]
2.5 fp=[1] true=[3] merged=[1, 3]
2.8 fp=[1] true=[3] merged=[1, 3]
3.1 fp=[1] true=[3] merged=[1, 3]
3.5 fp=[1] true=[3] merged=[1, 3]
3.8 fp=[1] true=[3] merged=[1, 3]
4.1 fp=[1] true=[3] merged=[1, 3]
4.4 fp=[1] true=[3] merged=[1, 3]
4.7 fp=[1] true=[3] merged=[1, 3]
5.0 fp=[1] true=[3] merged=[1, 3]
5.3 fp=[1] true=[3] merged=[1, 3]
5.7 fp=[1] true=[3] merged=[1, 3]
6.0 fp=[1] true=[3] merged=[1, 3]
6.3 fp=[1] true=[3] merged=[1, 3]
6.6 fp=[1] true=[3] merged=[1, 3]
6.9 fp=[1] true=[3] merged=[1, 3]
7.2 fp=[1] true=[3] merged=[1, 3]
7.5 fp=[1] true=[3] merged=[1, 3]
7.8 fp=[1] true=[3] merged=[1, 3]
8.2 fp=[1] true=[3] merged=[1, 3]
8.5 fp=[1] true=[3] merged=[1, 3]
8.8 fp=[1] true=[3] merged=[1, 3]
9.1 fp=[1] true=[3] merged=[1, 3]
9.4 fp=[1] true=[3] merged=[1, 3]
9.7 fp=[1] true=[3] merged=[1, 3]
10.0 fp=[1] true=[3] merged=[1, 3]
10.3 fp=[1] true=[3] merged=[1, 3]
10.7 fp=[1] true=[3] merged=[1, 3]
11.0 fp=[1] true=[3] merged=[1, 3]
11.3 fp=[1] true=[3] merged=[1, 3]
11.6 fp=[1] true=[3] merged=[1, 3]
11.9 fp=[1] true=[3] merged=[1, 3]
12.3 fp=[1] true=[3] merged=[1, 3]
12.6 fp=[1] true=[3] merged=[1, 3]
12.9 fp=[1] true=[3] merged=[1, 3]
13.2 fp=[1] true=[3] merged=[1, 3]
13.5 fp=[1] true=[3] merged=[1, 3]
13.8 fp=[1] true=[3] merged=[1, 3]
14.1 fp=[1] true=[3] merged=[1, 3]
14.4 fp=[1] true=[3] merged=[1, 3]
14.8 fp=[1] true=[3] merged=[1, 3]
15.1 fp=[1] true=[3] merged=[1, 3]
15.4 fp=[1] true=[3] merged=[1, 3]
15.7 fp=[1] true=[3] merged=[1, 3]
16.0 fp=[1] true=[3] merged=[1, 3]
16.3 fp=[1] true=[3] merged=[1, 3]
16.6 fp=[1] true=[3] merged=[1, 3]
17.0 fp=[1] true=[3] merged=[1, 3]
17.3 fp=[1] true=[3] merged=[1, 3]
17.6 fp=[1] true=[3] merged=[1, 3]
17.9 fp=[1] true=[3] merged=[1, 3]
18.2 fp=[1] true=[3] merged=[1, 3]
18.5 fp=[1] true=[3] merged=[1, 3]
18.8 fp=[1] true=[3] merged=[1, 3]
19.1 fp=[1] true=[3] merged=[1, 3]
19.4 fp=[1] true=[3] merged=[1, 3]
19.8 fp=[1] true=[3] merged=[1, 3]
20.1 fp=[1] true=[3] merged=[1, 3]
20.4 fp=[1] true=[3] merged=[1, 3]
20.7 fp=[1] true=[3] merged=[1, 3]
21.0 fp=[1] true=[3] merged=[1, 3]
21.3 fp=[1] true=[3] merged=[1, 3]
21.6 fp=[1] true=[3] merged=[1, 3]
21.9 fp=[1] true=[3] merged=[1, 3]
22.3 fp=[1] true=[3] merged=[1, 3]
22.6 fp=[1] true=[3] merged=[1, 3]
22.9 fp=[1] true=[3] merged=[1, 3]
23.2 fp=[1] true=[3] merged=[1, 3]
23.5 fp=[1] true=[3] merged=[1, 3]
23.8 fp=[1] true=[3] merged=[1, 3]
24.1 fp=[1] true=[3] merged=[1, 3]
24.4 fp=[1] true=[3] merged=[1, 3]
24.8 fp=[1] true=[3] merged=[1, 3]
25.1 fp=[1] true=[3] merged=[1, 3]
25.4 fp=[1] true=[3] merged=[1, 3]
25.7 fp=[1] true=[3] merged=[1, 3]
26.0 fp=[1] true=[3] merged=[1, 3]
26.3 fp=[1] true=[3] merged=[1, 3]
26.6 fp=[1] true=[3] merged=[1, 3]
26.9 fp=[1] true=[3] merged=[1, 3]
27.3 fp=[1] true=[3] merged=[1, 3]
27.6 fp=[1] true=[3] merged=[1, 3]
27.9 fp=[1] true=[3] merged=[1, 3]
28.2 fp=[1] true=[3] merged=[1, 3]
28.5 fp=[1] true=[3] merged=[1, 3]
28.8 fp=[1] true=[3] merged=[1, 3]
29.1 fp=[1] true=[3] merged=[1, 3]
29.4 fp=[1] true=[3] merged=[1, 3]
29.8 fp=[1] true=[3] merged=[1, 3]
30.1 fp=[1] true=[3] merged=[1, 3]
30.4 fp=[1] true=[3] merged=[1, 3]
30.7 fp=[1] true=[3] merged=[1, 3]
31.0 fp=[1] true=[3] merged=[1, 3]
31.3 fp=[1] true=[3] merged=[1, 3]
31.7 fp=[1] true=[3] merged=[1, 3]
32.0 fp=[1] true=[3] merged=[1, 3]
32.3 fp=[1] true=[3] merged=[1, 3]
32.6 fp=[1] true=[3] merged=[1, 3]
32.9 fp=[1] true=[3] merged=[1, 3]
33.2 fp=[1] true=[3] merged=[1, 3]
33.5 fp=[1] true=[3] merged=[1, 3]
33.9 fp=[1] true=[3] merged=[1, 3]
34.2 fp=[1] true=[3] merged=[1, 3]
34.5 fp=[1] true=[3] merged=[1, 3]
34.8 fp=[1] true=[3] merged=[1, 3]
35.1 fp=[1] true=[3] merged=[1, 3]
35.4 fp=[1] true=[3] merged=[1, 3]
35.8 fp=[1] true=[3] merged=[1, 3]
36.1 fp=[1] true=[3] merged=[1, 3]
36.4 fp=[1] true=[3] merged=[1, 3]
36.7 fp=[1] true=[3] merged=[1, 3]
37.0 fp=[1] true=[3] merged=[1, 3]
37.3 fp=[1] true=[3] merged=[1, 3]
37.6 fp=[1] true=[3] merged=[1, 3]
37.9 fp=[1] true=[3] merged=[1, 3]
38.3 fp=[1] true=[3] merged=[1, 3]
38.6 fp=[1] true=[3] merged=[1, 3]
38.9 fp=[1] true=[3] merged=[1, 3]
39.2 fp=[1] true=[3] merged=[1, 3]
39.5 fp=[1] true=[3] merged=[1, 3]
39.8 fp=[1] true=[3] merged=[1, 3]
40.1 fp=[1] true=[3] merged=[1, 3]
40.4 fp=[1] true=[3] merged=[1, 3]
40.8 fp=[1] true=[3] merged=[1, 3]
41.1 fp=[7] true=[3] merged=[3, 7]
41.4 fp=[7] true=[3] merged=[3, 7]
41.7 fp=[7] true=[3] merged=[3, 7]
42.0 fp=[7] true=[3] merged=[3, 7]
42.3 fp=[7] true=[3] merged=[3, 7]
42.6 fp=[7] true=[3] merged=[3, 7]
42.9 fp=[7] true=[3] merged=[3, 7]
43.2 fp=[7] true=[3] merged=[3, 7]
43.6 fp=[7] true=[3] merged=[3, 7]
43.9 fp=[7] true=[3] merged=[3, 7]
44.2 fp=[7] true=[3] merged=[3, 7]
44.5 fp=[7] true=[3] merged=[3, 7]
44.8 fp=[7] true=[3] merged=[3, 7]
45.1 fp=[7] true=[3] merged=[3, 7]
45.4 fp=[7] true=[3] merged=[3, 7]
45.8 fp=[7] true=[3] merged=[3, 7]
46.1 fp=[7] true=[3] merged=[3, 7]
46.4 fp=[7] true=[3] merged=[3, 7]
46.7 fp=[7] true=[3] merged=[3, 7]
47.0 fp=[7] true=[3] merged=[3, 7]
47.3 fp=[7] true=[3] merged=[3, 7]
47.6 fp=[7] true=[3] merged=[3, 7]
47.9 fp=[7] true=[3] merged=[3, 7]
48.2 fp=[7] true=[3] merged=[3, 7]
48.6 fp=[7] true=[3] merged=[3, 7]
48.9 fp=[7] true=[3] merged=[3, 7]
49.2 fp=[7] true=[3] merged=[3, 7]
49.5 fp=[7] true=[3] merged=[3, 7]
49.8 fp=[7] true=[3] merged=[3, 7]
50.1 fp=[7] true=[3] merged=[3, 7]
50.4 fp=[7] true=[3] merged=[3, 7]
50.8 fp=[7] true=[3] merged=[3, 7]
51.1 fp=[7] true=[3] merged=[3, 7]
51.4 fp=[7] true=[3] merged=[3, 7]
51.7 fp=[7] true=[3] merged=[3, 7]
52.0 fp=[7] true=[3] merged=[3, 7]
52.3 fp=[7] true=[3] merged=[3, 7]
52.6 fp=[7] true=[3] merged=[3, 7]
53.0 fp=[7] true=[3] merged=[3, 7]
53.3 fp=[7] true=[3] merged=[3, 7]
53.6 fp=[7] true=[3] merged=[3, 7]
53.9 fp=[7] true=[3] merged=[3, 7]
54.2 fp=[7] true=[3] merged=[3, 7]
54.5 fp=[7] true=[3] merged=[3, 7]
54.8 fp=[7] true=[3] merged=[3, 7]
55.1 fp=[4] true=[3] merged=[3, 4]
55.5 fp=[4] true=[3] merged=[3, 4]
55.8 fp=[4] true=[3] merged=[3, 4]
56.1 fp=[2] true=[3] merged=[2, 3]
56.4 fp=[2] true=[3] merged=[2, 3]
56.7 fp=[2] true=[3] merged=[2, 3]
57.0 fp=[2] true=[3] merged=[2, 3]
57.4 fp=[2] true=[3] merged=[2, 3]
57.7 fp=[2] true=[3] merged=[2, 3]
58.0 fp=[2] true=[3] merged=[2, 3]
58.3 fp=[2] true=[3] merged=[2, 3]
58.6 fp=[2] true=[3] merged=[2, 3]
58.9 fp=[2] true=[3] merged=[2, 3]
59.3 fp=[2] true=[3] merged=[2, 3]
59.6 fp=[2] true=[3] merged=[2, 3]
59.9 fp=[2] true=[3] merged=[2, 3]
60.2 fp=[2] true=[3] merged=[2, 3]
60.5 fp=[2] true=[3] merged=[2, 3]
60.8 fp=[2] true=[3] merged=[2, 3]
61.1 fp=[2] true=[3] merged=[2, 3]
61.4 fp=[2] true=[3] merged=[2, 3]
61.8 fp=[2] true=[3] merged=[2, 3]
62.1 fp=[2] true=[3] merged=[2, 3]
62.4 fp=[2] true=[3] merged=[2, 3]
62.7 fp=[2] true=[3] merged=[2, 3]
63.0 fp=[2] true=[3] merged=[2, 3]
63.3 fp=[2] true=[3] merged=[2, 3]
63.6 fp=[2] true=[3] merged=[2, 3]
64.0 fp=[2] true=[3] merged=[2, 3]
64.3 fp=[1] true=[3] merged=[1, 3]
64.6 fp=[1] true=[3] merged=[1, 3]
64.9 fp=[1] true=[3] merged=[1, 3]
65.2 fp=[1] true=[3] merged=[1, 3]
65.5 fp=[1] true=[3] merged=[1, 3]
65.9 fp=[1] true=[3] merged=[1, 3]
66.2 fp=[1] true=[3] merged=[1, 3]
66.5 fp=[1] true=[3] merged=[1, 3]
66.8 fp=[1] true=[3] merged=[1, 3]
67.1 fp=[1] true=[3] merged=[1, 3]
67.4 fp=[1] true=[3] merged=[1, 3]
67.7 fp=[1] true=[3] merged=[1, 3]
68.0 fp=[1] true=[3] merged=[1, 3]
68.4 fp=[1] true=[3] merged=[1, 3]
68.7 fp=[1] true=[3] merged=[1, 3]
69.0 fp=[1] true=[3] merged=[1, 3]
69.3 fp=[1] true=[3] merged=[1, 3]
69.6 fp=[1] true=[3] merged=[1, 3]
69.9 fp=[1] true=[3] merged=[1, 3]
70.2 fp=[1] true=[3] merged=[1, 3]
70.5 fp=[1] true=[3] merged=[1, 3]
70.8 fp=[1] true=[3] merged=[1, 3]
71.2 fp=[1] true=[3] merged=[1, 3]
71.5 fp=[1] true=[3] merged=[1, 3]
71.8 fp=[1] true=[3] merged=[1, 3]
72.1 fp=[1] true=[3] merged=[1, 3]
72.4 fp=[1] true=[3] merged=[1, 3]
72.7 fp=[1] true=[3] merged=[1, 3]
73.0 fp=[1] true=[3] merged=[1, 3]
73.4 fp=[1] true=[3] merged=[1, 3]
73.7 fp=[1] true=[3] merged=[1, 3]
74.0 fp=[1] true=[3] merged=[1, 3]
74.3 fp=[1] true=[3] merged=[1, 3]
74.6 fp=[1] true=[3] merged=[1, 3]
74.9 fp=[1] true=[3] merged=[1, 3]
75.2 fp=[1] true=[3] merged=[1, 3]
75.6 fp=[1] true=[3] merged=[1, 3]
75.9 fp=[1] true=[3] merged=[1, 3]
76.2 fp=[1] true=[3] merged=[1, 3]
76.5 fp=[1] true=[3] merged=[1, 3]
76.8 fp=[1] true=[3] merged=[1, 3]
77.1 fp=[1] true=[3] merged=[1, 3]
77.4 fp=[1] true=[3] merged=[1, 3]
77.8 fp=[1] true=[3] merged=[1, 3]
78.1 fp=[1] true=[3] merged=[1, 3]
78.4 fp=[1] true=[3] merged=[1, 3]
78.7 fp=[1] true=[3] merged=[1, 3]
79.0 fp=[1] true=[3] merged=[1, 3]
79.3 fp=[1] true=[3] merged=[1, 3]
79.6 fp=[1] true=[3] merged=[1, 3]
80.0 fp=[1] true=[3] merged=[1, 3]
80.3 fp=[1] true=[3] merged=[1, 3]
80.6 fp=[1] true=[3] merged=[1, 3]
80.9 fp=[1] true=[3] merged=[1, 3]
81.2 fp=[1] true=[3] merged=[1, 3]
81.5 fp=[1] true=[3] merged=[1, 3]
81.8 fp=[1] true=[3] merged=[1, 3]
82.1 fp=[1] true=[3] merged=[1, 3]
82.4 fp=[1] true=[3] merged=[1, 3]
82.8 fp=[1] true=[3] merged=[1, 3]
83.1 fp=[1] true=[3] merged=[1, 3]
83.4 fp=[1] true=[3] merged=[1, 3]
83.7 fp=[1] true=[3] merged=[1, 3]
84.0 fp=[1] true=[3] merged=[1, 3]
84.3 fp=[1] true=[3] merged=[1, 3]
84.6 fp=[1] true=[3] merged=[1, 3]
84.9 fp=[1] true=[3] merged=[1, 3]
85.2 fp=[1] true=[3] merged=[1, 3]
85.6 fp=[1] true=[3] merged=[1, 3]
85.9 fp=[1] true=[3] merged=[1, 3]
86.2 fp=[1] true=[3] merged=[1, 3]
86.5 fp=[1] true=[3] merged=[1, 3]
86.8 fp=[1] true=[3] merged=[1, 3]
87.1 fp=[1] true=[3] merged=[1, 3]
87.4 fp=[1] true=[3] merged=[1, 3]
87.7 fp=[1] true=[3] merged=[1, 3]
88.0 fp=[1] true=[3] merged=[1, 3]
88.4 fp=[1] true=[3] merged=[1, 3]
88.7 fp=[1] true=[3] merged=[1, 3]
89.0 fp=[1] true=[3] merged=[1, 3]
89.3 fp=[1] true=[3] merged=[1, 3]
89.6 fp=[1] true=[3] merged=[1, 3]
89.9 fp=[1] true=[3] merged=[1, 3]
90.2 fp=[1] true=[3] merged=[1, 3]
90.6 fp=[1] true=[3] merged=[1, 3]
90.9 fp=[1] true=[3] merged=[1, 3]
91.2 fp=[1] true=[3] merged=[1, 3]
91.5 fp=[1] true=[3] merged=[1, 3]
91.8 fp=[1] true=[3] merged=[1, 3]
92.1 fp=[1] true=[3] merged=[1, 3]
92.4 fp=[1] true=[3] merged=[1, 3]
92.8 fp=[1] true=[3] merged=[1, 3]
93.1 fp=[1] true=[3] merged=[1, 3]
93.4 fp=[1] true=[3] merged=[1, 3]
93.7 fp=[1] true=[3] merged=[1, 3]
94.0 fp=[1] true=[3] merged=[1, 3]
94.3 fp=[1] true=[3] merged=[1, 3]
94.6 fp=[1] true=[3] merged=[1, 3]
95.0 fp=[1] true=[3] merged=[1, 3]
95.3 fp=[1] true=[3] merged=[1, 3]
95.6 fp=[1] true=[3] merged=[1, 3]
95.9 fp=[1] true=[3] merged=[1, 3]
96.2 fp=[1] true=[3] merged=[1, 3]
96.5 fp=[1] true=[3] merged=[1, 3]
96.8 fp=[1] true=[3] merged=[1, 3]
97.1 fp=[1] true=[3] merged=[1, 3]
97.4 fp=[1] true=[3] merged=[1, 3]
97.8 fp=[1] true=[3] merged=[1, 3]
98.1 fp=[5] true=[3] merged=[3, 5]
98.4 fp=[5] true=[3] merged=[3, 5]
98.7 fp=[5] true=[3] merged=[3, 5]
99.0 fp=[5] true=[3] merged=[3, 5]
99.3 fp=[5] true=[3] merged=[3, 5]
99.6 fp=[5] true=[3] merged=[3, 5]
99.9 fp=[5] true=[3] merged=[3, 5]
100.3 fp=[5] true=[3] merged=[3, 5]
100.6 fp=[5] true=[3] merged=[3, 5]
100.9 fp=[5] true=[3] merged=[3, 5]
101.2 fp=[5] true=[3] merged=[3, 5]
101.6 fp=[5] true=[3] merged=[3, 5]
101.9 fp=[5] true=[3] merged=[3, 5]
102.2 fp=[4] true=[3] merged=[3, 4]
102.5 fp=[4] true=[3] merged=[3, 4]
102.8 fp=[4] true=[3] merged=[3, 4]
103.1 fp=[4] true=[3] merged=[3, 4]
103.5 fp=[4] true=[3] merged=[3, 4]
103.8 fp=[4] true=[3] merged=[3, 4]
104.1 fp=[4] true=[3] merged=[3, 4]
104.4 fp=[4] true=[3] merged=[3, 4]
104.7 fp=[4] true=[3] merged=[3, 4]
105.0 fp=[4] true=[3] merged=[3, 4]
105.4 fp=[4] true=[3] merged=[3, 4]
105.7 fp=[4] true=[3] merged=[3, 4]
106.0 fp=[4] true=[3] merged=[3, 4]
106.3 fp=[4] true=[3] merged=[3, 4]
106.7 fp=[4] true=[3] merged=[3, 4]
107.0 fp=[4] true=[3] merged=[3, 4]
107.3 fp=[4] true=[3] merged=[3, 4]
107.6 fp=[4] true=[3] merged=[3, 4]
107.9 fp=[4] true=[3] merged=[3, 4]
108.2 fp=[4] true=[3] merged=[3, 4]
108.5 fp=[4] true=[3] merged=[3, 4]
108.8 fp=[4] true=[3] merged=[3, 4]
109.2 fp=[4] true=[3] merged=[3, 4]
109.5 fp=[4] true=[3] merged=[3, 4]
109.8 fp=[4] true=[3] merged=[3, 4]
110.1 fp=[4] true=[3] merged=[3, 4]
110.4 fp=[4] true=[3] merged=[3, 4]
110.7 fp=[4] true=[3] merged=[3, 4]
111.0 fp=[4] true=[3] merged=[3, 4]
111.4 fp=[4] true=[3] merged=[3, 4]
111.7 fp=[4] true=[3] merged=[3, 4]
112.0 fp=[4] true=[3] merged=[3, 4]
112.3 fp=[4] true=[3] merged=[3, 4]
112.6 fp=[4] true=[3] merged=[3, 4]
112.9 fp=[4] true=[3] merged=[3, 4]
113.2 fp=[4] true=[3] merged=[3, 4]
113.5 fp=[4] true=[3] merged=[3, 4]
113.9 fp=[4] true=[3] merged=[3, 4]
114.2 fp=[4] true=[3] merged=[3, 4]
114.5 fp=[4] true=[3] merged=[3, 4]
114.8 fp=[4] true=[3] merged=[3, 4]
115.1 fp=[4] true=[3] merged=[3, 4]
115.5 fp=[4] true=[3] merged=[3, 4]
115.8 fp=[4] true=[3] merged=[3, 4]
116.1 fp=[4] true=[3] merged=[3, 4]
116.4 fp=[4] true=[3] merged=[3, 4]
116.7 fp=[4] true=[3] merged=[3, 4]
117.0 fp=[4] true=[3] merged=[3, 4]
117.3 fp=[4] true=[3] merged=[3, 4]
117.7 fp=[4] true=[3] merged=[3, 4]
118.0 fp=[4] true=[3] merged=[3, 4]
118.3 fp=[4] true=[3] merged=[3, 4]
118.6 fp=[4] true=[3] merged=[3, 4]
118.9 fp=[4] true=[3] merged=[3, 4]
119.3 fp=[4] true=[3] merged=[3, 4]
119.6 fp=[4] true=[3] merged=[3, 4]
119.9 fp=[4] true=[3] merged=[3, 4]
120.2 fp=[4] true=[3] merged=[3, 4]
120.5 fp=[4] true=[3] merged=[3, 4]
120.8 fp=[4] true=[3] merged=[3, 4]
121.1 fp=[4] true=[3] merged=[3, 4]
121.4 fp=[4] true=[3] merged=[3, 4]
121.8 fp=[4] true=[3] merged=[3, 4]
122.1 fp=[5] true=[3] merged=[3, 5]
122.4 fp=[5] true=[3] merged=[3, 5]
122.7 fp=[5] true=[3] merged=[3, 5]
123.0 fp=[5] true=[3] merged=[3, 5]
123.3 fp=[5] true=[3] merged=[3, 5]
123.6 fp=[5] true=[3] merged=[3, 5]
124.0 fp=[5] true=[3] merged=[3, 5]
124.3 fp=[5] true=[3] merged=[3, 5]
124.6 fp=[5] true=[3] merged=[3, 5]
124.9 fp=[5] true=[3] merged=[3, 5]
125.2 fp=[5] true=[3] merged=[3, 5]
125.5 fp=[5] true=[3] merged=[3, 5]
125.9 fp=[5] true=[3] merged=[3, 5]
126.2 fp=[5] true=[3] merged=[3, 5]
126.5 fp=[5] true=[3] merged=[3, 5]
126.8 fp=[5] true=[3] merged=[3, 5]
127.1 fp=[5] true=[3] merged=[3, 5]
127.4 fp=[5] true=[3] merged=[3, 5]
127.7 fp=[5] true=[3] merged=[3, 5]
129.3 fp=[5] true=[3] merged=[3, 5]
129.6 fp=[5] true=[3] merged=[3, 5]
129.9 fp=[5] true=[3] merged=[3, 5]
130.2 fp=[5] true=[3] merged=[3, 5]
130.6 fp=[5] true=[3] merged=[3, 5]
130.9 fp=[5] true=[3] merged=[3, 5]
131.2 fp=[5] true=[3] merged=[3, 5]
131.5 fp=[5] true=[3] merged=[3, 5]
131.8 fp=[5] true=[3] merged=[3, 5]
132.1 fp=[5] true=[3] merged=[3, 5]
132.4 fp=[5] true=[3] merged=[3, 5]
132.7 fp=[5] true=[3] merged=[3, 5]
133.1 fp=[5] true=[3] merged=[3, 5]
133.4 fp=[5] true=[3] merged=[3, 5]
133.8 fp=[5] true=[3] merged=[3, 5]
134.1 fp=[5] true=[3] merged=[3, 5]
134.4 fp=[5] true=[3] merged=[3, 5]
134.7 fp=[5] true=[3] merged=[3, 5]
135.0 fp=[5] true=[3] merged=[3, 5]
135.3 fp=[5] true=[3] merged=[3, 5]
135.6 fp=[5] true=[3] merged=[3, 5]
136.0 fp=[5] true=[3] merged=[3, 5]
136.3 fp=[5] true=[3] merged=[3, 5]
136.6 fp=[5] true=[3] merged=[3, 5]
136.9 fp=[5] true=[3] merged=[3, 5]
137.2 fp=[5] true=[3] merged=[3, 5]
137.5 fp=[5] true=[3] merged=[3, 5]
137.8 fp=[5] true=[3] merged=[3, 5]
138.1 fp=[5] true=[3] merged=[3, 5]
138.5 fp=[5] true=[3] merged=[3, 5]
138.8 fp=[5] true=[3] merged=[3, 5]
139.1 fp=[5] true=[3] merged=[3, 5]
139.4 fp=[5] true=[3] merged=[3, 5]
139.7 fp=[5] true=[3] merged=[3, 5]
140.0 fp=[5] true=[3] merged=[3, 5]
140.3 fp=[5] true=[3] merged=[3, 5]
140.6 fp=[5] true=[3] merged=[3, 5]
141.0 fp=[5] true=[3] merged=[3, 5]
141.3 fp=[5] true=[3] merged=[3, 5]
141.6 fp=[5] true=[3] merged=[3, 5]
141.9 fp=[5] true=[3] merged=[3, 5]
142.2 fp=[5] true=[3] merged=[3, 5]
142.5 fp=[5] true=[3] merged=[3, 5]
142.9 fp=[5] true=[3] merged=[3, 5]
143.2 fp=[5] true=[3] merged=[3, 5]
143.5 fp=[5] true=[3] merged=[3, 5]
143.8 fp=[5] true=[3] merged=[3, 5]
144.1 fp=[5] true=[3] merged=[3, 5]
144.4 fp=[5] true=[3] merged=[3, 5]
144.7 fp=[5] true=[3] merged=[3, 5]
145.1 fp=[5] true=[3] merged=[3, 5]
145.4 fp=[5] true=[3] merged=[3, 5]
145.7 fp=[5] true=[3] merged=[3, 5]
146.0 fp=[5] true=[3] merged=[3, 5]
146.3 fp=[5] true=[3] merged=[3, 5]
146.7 fp=[5] true=[3] merged=[3, 5]
147.0 fp=[5] true=[3] merged=[3, 5]
147.3 fp=[5] true=[3] merged=[3, 5]
147.6 fp=[5] true=[3] merged=[3, 5]
147.9 fp=[5] true=[3] merged=[3, 5]
148.2 fp=[5] true=[3] merged=[3, 5]
148.5 fp=[5] true=[3] merged=[3, 5]
148.9 fp=[5] true=[3] merged=[3, 5]
149.2 fp=[6] true=[3] merged=[3, 6]
149.5 fp=[6] true=[3] merged=[3, 6]
149.8 fp=[6] true=[3] merged=[3, 6]
150.1 fp=[6] true=[3] merged=[3, 6]
150.5 fp=[6] true=[3] merged=[3, 6]
150.8 fp=[6] true=[3] merged=[3, 6]
162.0 fp=[6] true=[3] merged=[3, 6]
162.3 fp=[6] true=[3] merged=[3, 6]
162.7 fp=[6] true=[3] merged=[3, 6]
163.0 fp=[6] true=[3] merged=[3, 6]
163.3 fp=[6] true=[3] merged=[3, 6]
163.6 fp=[6] true=[3] merged=[3, 6]
163.9 fp=[6] true=[3] merged=[3, 6]
164.2 fp=[6] true=[3] merged=[3, 6]
164.6 fp=[6] true=[3] merged=[3, 6]
164.9 fp=[6] true=[3] merged=[3, 6]
165.2 fp=[6] true=[3] merged=[3, 6]
165.5 fp=[6] true=[3] merged=[3, 6]
165.8 fp=[6] true=[3] merged=[3, 6]
166.1 fp=[6] true=[3] merged=[3, 6]
166.4 fp=[6] true=[3] merged=[3, 6]
166.7 fp=[6] true=[3] merged=[3, 6]
167.0 fp=[6] true=[3] merged=[3, 6]
167.3 fp=[6] true=[3] merged=[3, 6]
167.7 fp=[6] true=[3] merged=[3, 6]
168.0 fp=[6] true=[3] merged=[3, 6]
168.3 fp=[6] true=[3] merged=[3, 6]
168.6 fp=[6] true=[3] merged=[3, 6]
168.9 fp=[6] true=[3] merged=[3, 6]
169.2 fp=[6] true=[3] merged=[3, 6]
169.5 fp=[6] true=[3] merged=[3, 6]
169.9 fp=[6] true=[3] merged=[3, 6]
170.2 fp=[6] true=[3] merged=[3, 6]
170.5 fp=[6] true=[3] merged=[3, 6]
170.8 fp=[6] true=[3] merged=[3, 6]
171.1 fp=[6] true=[3] merged=[3, 6]
171.4 fp=[6] true=[3] merged=[3, 6]
171.7 fp=[6] true=[3] merged=[3, 6]
172.1 fp=[6] true=[3] merged=[3, 6]
172.4 fp=[6] true=[3] merged=[3, 6]
172.7 fp=[6] true=[3] merged=[3, 6]
173.0 fp=[6] true=[3] merged=[3, 6]
173.3 fp=[6] true=[3] merged=[3, 6]
173.6 fp=[6] true=[3] merged=[3, 6]
173.9 fp=[6] true=[3] merged=[3, 6]
174.2 fp=[6] true=[3] merged=[3, 6]
174.5 fp=[6] true=[3] merged=[3, 6]
174.9 fp=[6] true=[3] merged=[3, 6]
175.2 fp=[6] true=[3] merged=[3, 6]
175.5 fp=[6] true=[3] merged=[3, 6]
175.8 fp=[6] true=[3] merged=[3, 6]
176.1 fp=[6] true=[3] merged=[3, 6]
176.4 fp=[6] true=[3] merged=[3, 6]
176.7 fp=[6] true=[3] merged=[3, 6]
177.1 fp=[6] true=[3] merged=[3, 6]
177.4 fp=[6] true=[3] merged=[3, 6]
177.7 fp=[6] true=[3] merged=[3, 6]
178.0 fp=[6] true=[3] merged=[3, 6]
178.3 fp=[6] true=[3] merged=[3, 6]
178.6 fp=[6] true=[3] merged=[3, 6]
178.9 fp=[6] true=[3] merged=[3, 6]
179.3 fp=[6] true=[3] merged=[3, 6]
179.6 fp=[6] true=[3] merged=[3, 6]
179.9 fp=[6] true=[3] merged=[3, 6]
180.2 fp=[6] true=[3] merged=[3, 6]
180.5 fp=[6] true=[3] merged=[3, 6]
180.8 fp=[6] true=[3] merged=[3, 6]
181.1 fp=[6] true=[3] merged=[3, 6]
181.4 fp=[6] true=[3] merged=[3, 6]
181.8 fp=[6] true=[3] merged=[3, 6]
199.2 fp=[5] true=[3] merged=[3, 5]
199.6 fp=[5] true=[3] merged=[3, 5]
199.9 fp=[5] true=[3] merged=[3, 5]
200.2 fp=[5] true=[3] merged=[3, 5]
200.5 fp=[5] true=[3] merged=[3, 5]
200.8 fp=[5] true=[3] merged=[3, 5]
201.1 fp=[5] true=[3] merged=[3, 5]
201.4 fp=[5] true=[3] merged=[3, 5]
201.8 fp=[5] true=[3] merged=[3, 5]
202.1 fp=[5] true=[3] merged=[3, 5]
202.4 fp=[5] true=[3] merged=[3, 5]
202.7 fp=[5] true=[3] merged=[3, 5]
203.0 fp=[5] true=[3] merged=[3, 5]
203.3 fp=[5] true=[3] merged=[3, 5]
203.6 fp=[5] true=[3] merged=[3, 5]
204.0 fp=[5] true=[3] merged=[3, 5]
204.3 fp=[5] true=[3] merged=[3, 5]
204.6 fp=[5] true=[3] merged=[3, 5]
204.9 fp=[5] true=[3] merged=[3, 5]
205.2 fp=[5] true=[3] merged=[3, 5]
205.5 fp=[5] true=[3] merged=[3, 5]
205.8 fp=[5] true=[3] merged=[3, 5]
206.2 fp=[5] true=[3] merged=[3, 5]
206.5 fp=[5] true=[3] merged=[3, 5]
206.8 fp=[5] true=[3] merged=[3, 5]
207.1 fp=[5] true=[3] merged=[3, 5]
207.4 fp=[5] true=[3] merged=[3, 5]
207.7 fp=[5] true=[3] merged=[3, 5]
208.1 fp=[1] true=[3] merged=[1, 3]
208.4 fp=[1] true=[3] merged=[1, 3]
208.7 fp=[1] true=[3] merged=[1, 3]
209.0 fp=[1] true=[3] merged=[1, 3]
209.3 fp=[1] true=[3] merged=[1, 3]
209.6 fp=[1] true=[3] merged=[1, 3]
209.9 fp=[1] true=[3] merged=[1, 3]
210.3 fp=[1] true=[3] merged=[1, 3]
210.6 fp=[1] true=[3] merged=[1, 3]
210.9 fp=[1] true=[3] merged=[1, 3]
211.2 fp=[1] true=[3] merged=[1, 3]
211.5 fp=[1] true=[3] merged=[1, 3]
211.8 fp=[1] true=[3] merged=[1, 3]
212.1 fp=[1] true=[3] merged=[1, 3]
212.5 fp=[1] true=[3] merged=[1, 3]
212.8 fp=[1] true=[3] merged=[1, 3]
213.1 fp=[1] true=[3] merged=[1, 3]
213.4 fp=[1] true=[3] merged=[1, 3]
213.7 fp=[1] true=[3] merged=[1, 3]
214.0 fp=[1] true=[3] merged=[1, 3]
214.3 fp=[1] true=[3] merged=[1, 3]
214.6 fp=[1] true=[3] merged=[1, 3]
214.9 fp=[1] true=[3] merged=[1, 3]
215.2 fp=[1] true=[3] merged=[1, 3]
215.6 fp=[1] true=[3] merged=[1, 3]
215.9 fp=[1] true=[3] merged=[1, 3]
216.2 fp=[1] true=[3] merged=[1, 3]
216.5 fp=[1] true=[3] merged=[1, 3]
216.8 fp=[1] true=[3] merged=[1, 3]
217.1 fp=[1] true=[3] merged=[1, 3]
217.4 fp=[1] true=[3] merged=[1, 3]
217.7 fp=[1] true=[3] merged=[1, 3]
218.0 fp=[1] true=[3] merged=[1, 3]
218.4 fp=[1] true=[3] merged=[1, 3]
218.7 fp=[1] true=[3] merged=[1, 3]
219.0 fp=[1] true=[3] merged=[1, 3]
219.3 fp=[1] true=[3] merged=[1, 3]
219.6 fp=[1] true=[3] merged=[1, 3]
219.9 fp=[1] true=[3] merged=[1, 3]
220.2 fp=[1] true=[3] merged=[1, 3]
220.5 fp=[1] true=[3] merged=[1, 3]
220.9 fp=[1] true=[3] merged=[1, 3]
221.2 fp=[1] true=[3] merged=[1, 3]
221.5 fp=[1] true=[3] merged=[1, 3]
221.8 fp=[1] true=[3] merged=[1, 3]
222.1 fp=[1] true=[3] merged=[1, 3]
222.4 fp=[1] true=[3] merged=[1, 3]
222.8 fp=[1] true=[3] merged=[1, 3]
223.1 fp=[1] true=[3] merged=[1, 3]
223.4 fp=[1] true=[3] merged=[1, 3]
223.7 fp=[1] true=[3] merged=[1, 3]
224.0 fp=[1] true=[3] merged=[1, 3]
224.4 fp=[1] true=[3] merged=[1, 3]
224.7 fp=[1] true=[3] merged=[1, 3]
225.0 fp=[1] true=[3] merged=[1, 3]
225.3 fp=[1] true=[3] merged=[1, 3]
225.6 fp=[1] true=[3] merged=[1, 3]
225.9 fp=[1] true=[3] merged=[1, 3]
226.2 fp=[1] true=[3] merged=[1, 3]
226.5 fp=[1] true=[3] merged=[1, 3]
226.9 fp=[1] true=[3] merged=[1, 3]
227.2 fp=[1] true=[3] merged=[1, 3]
227.5 fp=[1] true=[3] merged=[1, 3]
227.8 fp=[1] true=[3] merged=[1, 3]
228.1 fp=[2] true=[3] merged=[2, 3]
228.4 fp=[2] true=[3] merged=[2, 3]
228.7 fp=[2] true=[3] merged=[2, 3]
229.0 fp=[2] true=[3] merged=[2, 3]
229.3 fp=[2] true=[3] merged=[2, 3]
229.7 fp=[2] true=[3] merged=[2, 3]
230.0 fp=[2] true=[3] merged=[2, 3]
230.3 fp=[2] true=[3] merged=[2, 3]
230.6 fp=[2] true=[3] merged=[2, 3]
230.9 fp=[2] true=[3] merged=[2, 3]
237.1 fp=[6] true=[3] merged=[3, 6]
237.5 fp=[6] true=[3] merged=[3, 6]
237.8 fp=[6] true=[3] merged=[3, 6]
238.1 fp=[6] true=[3] merged=[3, 6]
238.4 fp=[6] true=[3] merged=[3, 6]
238.7 fp=[6] true=[3] merged=[3, 6]
239.0 fp=[6] true=[3] merged=[3, 6]
239.3 fp=[6] true=[3] merged=[3, 6]
239.6 fp=[6] true=[3] merged=[3, 6]
239.9 fp=[6] true=[3] merged=[3, 6]
240.2 fp=[6] true=[3] merged=[3, 6]
240.6 fp=[6] true=[3] merged=[3, 6]
240.9 fp=[6] true=[3] merged=[3, 6]
241.2 fp=[6] true=[3] merged=[3, 6]
241.5 fp=[6] true=[3] merged=[3, 6]
241.8 fp=[6] true=[3] merged=[3, 6]
242.1 fp=[6] true=[3] merged=[3, 6]
242.4 fp=[6] true=[3] merged=[3, 6]
242.7 fp=[6] true=[3] merged=[3, 6]
243.0 fp=[6] true=[3] merged=[3, 6]
243.4 fp=[6] true=[3] merged=[3, 6]
243.7 fp=[6] true=[3] merged=[3, 6]
244.0 fp=[6] true=[3] merged=[3, 6]
244.3 fp=[6] true=[3] merged=[3, 6]
244.6 fp=[6] true=[3] merged=[3, 6]
244.9 fp=[6] true=[3] merged=[3, 6]
245.2 fp=[6] true=[3] merged=[3, 6]
245.6 fp=[6] true=[3] merged=[3, 6]
245.9 fp=[6] true=[3] merged=[3, 6]
246.2 fp=[6] true=[3] merged=[3, 6]
246.5 fp=[6] true=[3] merged=[3, 6]
246.8 fp=[6] true=[3] merged=[3, 6]
247.1 fp=[6] true=[3] merged=[3, 6]
247.4 fp=[6] true=[3] merged=[3, 6]
247.7 fp=[6] true=[3] merged=[3, 6]
248.1 fp=[6] true=[3] merged=[3, 6]
248.4 fp=[6] true=[3] merged=[3, 6]
248.7 fp=[6] true=[3] merged=[3, 6]
249.0 fp=[6] true=[3] merged=[3, 6]
249.3 fp=[6] true=[3] merged=[3, 6]
249.6 fp=[6] true=[3] merged=[3, 6]
249.9 fp=[6] true=[3] merged=[3, 6]
250.2 fp=[6] true=[3] merged=[3, 6]
250.6 fp=[6] true=[3] merged=[3, 6]
250.9 fp=[6] true=[3] merged=[3, 6]
251.2 fp=[6] true=[3] merged=[3, 6]
251.5 fp=[6] true=[3] merged=[3, 6]
251.8 fp=[6] true=[3] merged=[3, 6]
252.1 fp=[6] true=[3] merged=[3, 6]
252.4 fp=[6] true=[3] merged=[3, 6]
252.7 fp=[6] true=[3] merged=[3, 6]
253.0 fp=[6] true=[3] merged=[3, 6]
253.4 fp=[6] true=[3] merged=[3, 6]
253.7 fp=[6] true=[3] merged=[3, 6]
254.0 fp=[6] true=[3] merged=[3, 6]
254.3 fp=[6] true=[3] merged=[3, 6]
254.6 fp=[6] true=[3] merged=[3, 6]
254.9 fp=[6] true=[3] merged=[3, 6]
255.2 fp=[6] true=[3] merged=[3, 6]
255.5 fp=[6] true=[3] merged=[3, 6]
255.9 fp=[6] true=[3] merged=[3, 6]
256.2 fp=[6] true=[3] merged=[3, 6]
256.5 fp=[6] true=[3] merged=[3, 6]
256.8 fp=[6] true=[3] merged=[3, 6]
257.1 fp=[4] true=[3] merged=[3, 4]
257.4 fp=[4] true=[3] merged=[3, 4]
257.7 fp=[4] true=[3] merged=[3, 4]
258.0 fp=[4] true=[3] merged=[3, 4]
258.4 fp=[4] true=[3] merged=[3, 4]
258.7 fp=[4] true=[3] merged=[3, 4]
259.0 fp=[4] true=[3] merged=[3, 4]
259.3 fp=[4] true=[3] merged=[3, 4]
259.6 fp=[4] true=[3] merged=[3, 4]
259.9 fp=[4] true=[3] merged=[3, 4]
260.2 fp=[4] true=[3] merged=[3, 4]
260.5 fp=[4] true=[3] merged=[3, 4]
260.8 fp=[4] true=[3] merged=[3, 4]
261.2 fp=[4] true=[3] merged=[3, 4]
261.5 fp=[4] true=[3] merged=[3, 4]
261.8 fp=[4] true=[3] merged=[3, 4]
262.1 fp=[4] true=[3] merged=[3, 4]
262.4 fp=[4] true=[3] merged=[3, 4]
262.7 fp=[4] true=[3] merged=[3, 4]
263.0 fp=[4] true=[3] merged=[3, 4]
263.3 fp=[4] true=[3] merged=[3, 4]
263.7 fp=[4] true=[3] merged=[3, 4]
264.0 fp=[4] true=[3] merged=[3, 4]
264.3 fp=[4] true=[3] merged=[3, 4]
264.6 fp=[4] true=[3] merged=[3, 4]
264.9 fp=[4] true=[3] merged=[3, 4]
265.2 fp=[4] true=[3] merged=[3, 4]
265.5 fp=[4] true=[3] merged=[3, 4]
265.9 fp=[4] true=[3] merged=[3, 4]
266.2 fp=[4] true=[3] merged=[3, 4]
266.5 fp=[4] true=[3] merged=[3, 4]
266.8 fp=[4] true=[3] merged=[3, 4]
267.1 fp=[4] true=[3] merged=[3, 4]
267.4 fp=[4] true=[3] merged=[3, 4]
267.7 fp=[4] true=[3] merged=[3, 4]
268.1 fp=[4] true=[3] merged=[3, 4]
268.4 fp=[4] true=[3] merged=[3, 4]
268.7 fp=[4] true=[3] merged=[3, 4]
269.0 fp=[4] true=[3] merged=[3, 4]
269.3 fp=[4] true=[3] merged=[3, 4]
269.6 fp=[4] true=[3] merged=[3, 4]
269.9 fp=[4] true=[3] merged=[3, 4]
270.2 fp=[1] true=[3] merged=[1, 3]
270.5 fp=[1] true=[3] merged=[1, 3]
270.9 fp=[1] true=[3] merged=[1, 3]
271.2 fp=[1] true=[3] merged=[1, 3]
271.5 fp=[1] true=[3] merged=[1, 3]
271.8 fp=[1] true=[3] merged=[1, 3]
272.1 fp=[1] true=[3] merged=[1, 3]
272.4 fp=[1] true=[3] merged=[1, 3]
272.7 fp=[1] true=[3] merged=[1, 3]
273.1 fp=[1] true=[3] merged=[1, 3]
273.4 fp=[1] true=[3] merged=[1, 3]
273.7 fp=[1] true=[3] merged=[1, 3]
274.0 fp=[1] true=[3] merged=[1, 3]
274.3 fp=[1] true=[3] merged=[1, 3]
274.6 fp=[1] true=[3] merged=[1, 3]
274.9 fp=[1] true=[3] merged=[1, 3]
275.3 fp=[1] true=[3] merged=[1, 3]
275.6 fp=[1] true=[3] merged=[1, 3]
275.9 fp=[1] true=[3] merged=[1, 3]
276.2 fp=[1] true=[3] merged=[1, 3]
276.5 fp=[1] true=[3] merged=[1, 3]
276.8 fp=[1] true=[3] merged=[1, 3]
277.1 fp=[1] true=[3] merged=[1, 3]
277.5 fp=[1] true=[3] merged=[1, 3]
277.8 fp=[1] true=[3] merged=[1, 3]
278.1 fp=[1] true=[3] merged=[1, 3]
278.4 fp=[1] true=[3] merged=[1, 3]
278.7 fp=[1] true=[3] merged=[1, 3]
279.0 fp=[1] true=[3] merged=[1, 3]
279.3 fp=[1] true=[3] merged=[1, 3]
279.7 fp=[1] true=[3] merged=[1, 3]
280.0 fp=[1] true=[3] merged=[1, 3]
280.3 fp=[1] true=[3] merged=[1, 3]
280.6 fp=[1] true=[3] merged=[1, 3]
280.9 fp=[1] true=[3] merged=[1, 3]
281.2 fp=[1] true=[3] merged=[1, 3]
281.5 fp=[1] true=[3] merged=[1, 3]
281.8 fp=[1] true=[3] merged=[1, 3]
282.2 fp=[1] true=[3] merged=[1, 3]
282.5 fp=[1] true=[3] merged=[1, 3]
282.8 fp=[1] true=[3] merged=[1, 3]
283.1 fp=[1] true=[3] merged=[1, 3]
283.4 fp=[1] true=[3] merged=[1, 3]
283.7 fp=[1] true=[3] merged=[1, 3]
284.1 fp=[1] true=[3] merged=[1, 3]
284.4 fp=[1] true=[3] merged=[1, 3]
284.7 fp=[1] true=[3] merged=[1, 3]
285.0 fp=[1] true=[3] merged=[1, 3]
285.3 fp=[1] true=[3] merged=[1, 3]
285.6 fp=[1] true=[3] merged=[1, 3]
285.9 fp=[1] true=[3] merged=[1, 3]
286.2 fp=[1] true=[3] merged=[1, 3]
286.5 fp=[1] true=[3] merged=[1, 3]
286.9 fp=[1] true=[3] merged=[1, 3]
287.2 fp=[1] true=[3] merged=[1, 3]
287.5 fp=[1] true=[3] merged=[1, 3]
287.8 fp=[1] true=[3] merged=[1, 3]
288.1 fp=[1] true=[3] merged=[1, 3]
288.4 fp=[1] true=[3] merged=[1, 3]
288.7 fp=[1] true=[3] merged=[1, 3]
289.1 fp=[1] true=[3] merged=[1, 3]
289.4 fp=[1] true=[3] merged=[1, 3]
289.7 fp=[1] true=[3] merged=[1, 3]
290.0 fp=[7] true=[3] merged=[3, 7]
290.3 fp=[7] true=[3] merged=[3, 7]
290.6 fp=[7] true=[3] merged=[3, 7]
290.9 fp=[7] true=[3] merged=[3, 7]
291.3 fp=[7] true=[3] merged=[3, 7]
291.6 fp=[7] true=[3] merged=[3, 7]
291.9 fp=[7] true=[3] merged=[3, 7]
292.2 fp=[7] true=[3] merged=[3, 7]
292.5 fp=[7] true=[3] merged=[3, 7]
292.8 fp=[7] true=[3] merged=[3, 7]
293.1 fp=[7] true=[3] merged=[3, 7]
293.5 fp=[7] true=[3] merged=[3, 7]
293.8 fp=[7] true=[3] merged=[3, 7]
294.1 fp=[7] true=[3] merged=[3, 7]
294.4 fp=[7] true=[3] merged=[3, 7]
294.7 fp=[7] true=[3] merged=[3, 7]
295.0 fp=[7] true=[3] merged=[3, 7]
295.3 fp=[7] true=[3] merged=[3, 7]
295.6 fp=[7] true=[3] merged=[3, 7]
296.0 fp=[7] true=[3] merged=[3, 7]
296.3 fp=[7] true=[3] merged=[3, 7]
296.6 fp=[7] true=[3] merged=[3, 7]
296.9 fp=[7] true=[3] merged=[3, 7]
297.2 fp=[7] true=[3] merged=[3, 7]
297.5 fp=[7] true=[3] merged=[3, 7]
297.8 fp=[7] true=[3] merged=[3, 7]
298.2 fp=[7] true=[3] merged=[3, 7]
298.5 fp=[7] true=[3] merged=[3, 7]
298.8 fp=[7] true=[3] merged=[3, 7]
299.1 fp=[7] true=[3] merged=[3, 7]
299.4 fp=[7] true=[3] merged=[3, 7]
299.7 fp=[7] true=[3] merged=[3, 7]
