# start rate=20 seed=1 dur=420 n=7 target=3 events=76
3.1 fp=[5] true=[3] merged=[3, 5]
3.4 fp=[5] true=[3] merged=[3, 5]
3.7 fp=[5] true=[3] merged=[3, 5]
4.0 fp=[5] true=[3] merged=[3, 5]
4.4 fp=[5] true=[3] merged=[3, 5]
4.7 fp=[5] true=[3] merged=[3, 5]
5.0 fp=[5] true=[3] merged=[3, 5]
5.3 fp=[5] true=[3] merged=[3, 5]
5.6 fp=[5] true=[3] merged=[3, 5]
5.9 fp=[5] true=[3] merged=[3, 5]
6.2 fp=[5] true=[3] merged=[3, 5]
6.5 fp=[5] true=[3] merged=[3, 5]
6.8 fp=[5] true=[3] merged=[3, 5]
7.2 fp=[5] true=[3] merged=[3, 5]
7.5 fp=[5] true=[3] merged=[3, 5]
7.8 fp=[5] true=[3] merged=[3, 5]
8.2 fp=[5] true=[3] merged=[3, 5]
8.5 fp=[5] true=[3] merged=[3, 5]
8.8 fp=[5] true=[3] merged=[3, 5]
9.1 fp=[5] true=[3] merged=[3, 5]
9.4 fp=[5] true=[3] merged=[3, 5]
9.7 fp=[5] true=[3] merged=[3, 5]
10.0 fp=[5] true=[3] merged=[3, 5]
10.4 fp=[5] true=[3] merged=[3, 5]
10.7 fp=[5] true=[3] merged=[3, 5]
11.0 fp=[5] true=[3] merged=[3, 5]
11.3 fp=[2] true=[3] merged=[2, 3]
11.6 fp=[2] true=[3] merged=[2, 3]
11.9 fp=[2] true=[3] merged=[2, 3]
12.2 fp=[2] true=[3] merged=[2, 3]
12.5 fp=[2] true=[3] merged=[2, 3]
12.8 fp=[2] true=[3] merged=[2, 3]
13.2 fp=[2] true=[3] merged=[2, 3]
13.5 fp=[2] true=[3] merged=[2, 3]
13.8 fp=[2] true=[3] merged=[2, 3]
14.1 fp=[2] true=[3] merged=[2, 3]
14.4 fp=[2] true=[3] merged=[2, 3]
14.7 fp=[2] true=[3] merged=[2, 3]
15.0 fp=[2] true=[3] merged=[2, 3]
15.4 fp=[2] true=[3] merged=[2, 3]
15.7 fp=[2] true=[3] merged=[2, 3]
16.0 fp=[2] true=[3] merged=[2, 3]
16.3 fp=[2] true=[3] merged=[2, 3]
16.6 fp=[2] true=[3] merged=[2, 3]
17.1 fp=[2] true=[3] merged=[2, 3]
17.4 fp=[2] true=[3] merged=[2, 3]
17.7 fp=[2] true=[3] merged=[2, 3]
18.0 fp=[2] true=[3] merged=[2, 3]
18.3 fp=[2] true=[3] merged=[2, 3]
18.7 fp=[2] true=[3] merged=[2, 3]
19.0 fp=[2] true=[3] merged=[2, 3]
19.3 fp=[2] true=[3] merged=[2, 3]
19.6 fp=[2] true=[3] merged=[2, 3]
19.9 fp=[2] true=[3] merged=[2, 3]
20.2 fp=[2] true=[3] merged=[2, 3]
20.5 fp=[2] true=[3] merged=[2, 3]
20.8 fp=[2] true=[3] merged=[2, 3]
21.2 fp=[2] true=[3] merged=[2, 3]
21.5 fp=[2] true=[3] merged=[2, 3]
21.8 fp=[2] true=[3] merged=[2, 3]
22.1 fp=[2] true=[3] merged=[2, 3]
22.4 fp=[2] true=[3] merged=[2, 3]
22.7 fp=[2] true=[3] merged=[2, 3]
23.0 fp=[2] true=[3] merged=[2, 3]
23.4 fp=[2] true=[3] merged=[2, 3]
23.7 fp=[2] true=[3] merged=[2, 3]
24.0 fp=[2] true=[3] merged=[2, 3]
24.3 fp=[2] true=[3] merged=[2, 3]
24.6 fp=[2] true=[3] merged=[2, 3]
24.9 fp=[2] true=[3] merged=[2, 3]
25.2 fp=[2] true=[3] merged=[2, 3]
25.5 fp=[2] true=[3] merged=[2, 3]
25.8 fp=[2] true=[3] merged=[2, 3]
26.2 fp=[2] true=[3] merged=[2, 3]
26.5 fp=[2] true=[3] merged=[2, 3]
26.8 fp=[2] true=[3] merged=[2, 3]
27.1 fp=[2] true=[3] merged=[2, 3]
27.4 fp=[2] true=[3] merged=[2, 3]
27.8 fp=[2] true=[3] merged=[2, 3]
28.1 fp=[2] true=[3] merged=[2, 3]
28.4 fp=[2] true=[3] merged=[2, 3]
28.7 fp=[2] true=[3] merged=[2, 3]
29.0 fp=[2] true=[3] merged=[2, 3]
29.3 fp=[2] true=[3] merged=[2, 3]
29.6 fp=[2] true=[3] merged=[2, 3]
29.9 fp=[2] true=[3] merged=[2, 3]
30.3 fp=[1] true=[3] merged=[1, 3]
30.6 fp=[1] true=[3] merged=[1, 3]
30.9 fp=[1] true=[3] merged=[1, 3]
31.2 fp=[1] true=[3] merged=[1, 3]
31.5 fp=[1] true=[3] merged=[1, 3]
31.8 fp=[1] true=[3] merged=[1, 3]
32.1 fp=[1] true=[3] merged=[1, 3]
32.5 fp=[1] true=[3] merged=[1, 3]
32.8 fp=[1] true=[3] merged=[1, 3]
33.1 fp=[1] true=[3] merged=[1, 3]
33.4 fp=[1] true=[3] merged=[1, 3]
33.7 fp=[1] true=[3] merged=[1, 3]
34.0 fp=[1] true=[3] merged=[1, 3]
34.3 fp=[1] true=[3] merged=[1, 3]
34.6 fp=[1] true=[3] merged=[1, 3]
35.0 fp=[1] true=[3] merged=[1, 3]
35.3 fp=[1] true=[3] merged=[1, 3]
35.6 fp=[1] true=[3] merged=[1, 3]
35.9 fp=[1] true=[3] merged=[1, 3]
36.2 fp=[1] true=[3] merged=[1, 3]
36.5 fp=[1] true=[3] merged=[1, 3]
36.9 fp=[1] true=[3] merged=[1, 3]
37.2 fp=[1] true=[3] merged=[1, 3]
37.5 fp=[1] true=[3] merged=[1, 3]
37.8 fp=[1] true=[3] merged=[1, 3]
38.1 fp=[1] true=[3] merged=[1, 3]
38.4 fp=[1] true=[3] merged=[1, 3]
38.7 fp=[1] true=[3] merged=[1, 3]
39.1 fp=[1] true=[3] merged=[1, 3]
39.4 fp=[1] true=[3] merged=[1, 3]
39.7 fp=[1] true=[3] merged=[1, 3]
40.0 fp=[1] true=[3] merged=[1, 3]
40.3 fp=[1] true=[3] merged=[1, 3]
40.6 fp=[1] true=[3] merged=[1, 3]
40.9 fp=[1] true=[3] merged=[1, 3]
41.2 fp=[1] true=[3] merged=[1, 3]
41.5 fp=[1] true=[3] merged=[1, 3]
41.9 fp=[1] true=[3] merged=[1, 3]
42.2 fp=[1] true=[3] merged=[1, 3]
42.5 fp=[1] true=[3] merged=[1, 3]
42.8 fp=[1] true=[3] merged=[1, 3]
43.1 fp=[1] true=[3] merged=[1, 3]
43.4 fp=[1] true=[3] merged=[1, 3]
43.7 fp=[1] true=[3] merged=[1, 3]
44.0 fp=[1] true=[3] merged=[1, 3]
44.4 fp=[1] true=[3] merged=[1, 3]
44.7 fp=[1] true=[3] merged=[1, 3]
45.0 fp=[1] true=[3] merged=[1, 3]
45.3 fp=[1] true=[3] merged=[1, 3]
45.6 fp=[1] true=[3] merged=[1, 3]
45.9 fp=[1] true=[3] merged=[1, 3]
46.2 fp=[1] true=[3] merged=[1, 3]
46.5 fp=[1] true=[3] merged=[1, 3]
46.9 fp=[1] true=[3] merged=[1, 3]
47.2 fp=[1] true=[3] merged=[1, 3]
47.5 fp=[1] true=[3] merged=[1, 3]
47.8 fp=[1] true=[3] merged=[1, 3]
48.1 fp=[1] true=[3] merged=[1, 3]
48.4 fp=[1] true=[3] merged=[1, 3]
48.7 fp=[1] true=[3] merged=[1, 3]
49.1 fp=[1] true=[3] merged=[1, 3]
49.4 fp=[1] true=[3] merged=[1, 3]
49.7 fp=[1] true=[3] merged=[1, 3]
50.0 fp=[4] true=[3] merged=[3, 4]
50.3 fp=[4] true=[3] merged=[3, 4]
50.6 fp=[4] true=[3] merged=[3, 4]
50.9 fp=[4] true=[3] merged=[3, 4]
51.3 fp=[4] true=[3] merged=[3, 4]
51.6 fp=[4] true=[3] merged=[3, 4]
51.9 fp=[4] true=[3] merged=[3, 4]
52.2 fp=[4] true=[3] merged=[3, 4]
52.5 fp=[4] true=[3] merged=[3, 4]
52.8 fp=[4] true=[3] merged=[3, 4]
53.1 fp=[4] true=[3] merged=[3, 4]
53.5 fp=[4] true=[3] merged=[3, 4]
53.8 fp=[4] true=[3] merged=[3, 4]
54.1 fp=[4] true=[3] merged=[3, 4]
54.4 fp=[4] true=[3] merged=[3, 4]
54.7 fp=[4] true=[3] merged=[3, 4]
55.1 fp=[4] true=[3] merged=[3, 4]
55.4 fp=[4] true=[3] merged=[3, 4]
55.7 fp=[4] true=[3] merged=[3, 4]
56.0 fp=[4] true=[3] merged=[3, 4]
56.3 fp=[4] true=[3] merged=[3, 4]
56.6 fp=[4] true=[3] merged=[3, 4]
57.0 fp=[4] true=[3] merged=[3, 4]
57.3 fp=[4] true=[3] merged=[3, 4]
57.6 fp=[4] true=[3] merged=[3, 4]
57.9 fp=[4] true=[3] merged=[3, 4]
58.2 fp=[4] true=[3] merged=[3, 4]
58.5 fp=[4] true=[3] merged=[3, 4]
58.9 fp=[4] true=[3] merged=[3, 4]
59.2 fp=[4] true=[3] merged=[3, 4]
59.5 fp=[4] true=[3] merged=[3, 4]
59.8 fp=[4] true=[3] merged=[3, 4]
60.1 fp=[4] true=[3] merged=[3, 4]
60.4 fp=[4] true=[3] merged=[3, 4]
60.7 fp=[4] true=[3] merged=[3, 4]
61.1 fp=[4] true=[3] merged=[3, 4]
61.4 fp=[4] true=[3] merged=[3, 4]
61.7 fp=[4] true=[3] merged=[3, 4]
62.0 fp=[4] true=[3] merged=[3, 4]
62.3 fp=[4] true=[3] merged=[3, 4]
62.6 fp=[4] true=[3] merged=[3, 4]
63.0 fp=[4] true=[3] merged=[3, 4]
63.3 fp=[4] true=[3] merged=[3, 4]
63.6 fp=[4] true=[3] merged=[3, 4]
63.9 fp=[4] true=[3] merged=[3, 4]
64.2 fp=[4] true=[3] merged=[3, 4]
64.5 fp=[4] true=[3] merged=[3, 4]
64.8 fp=[4] true=[3] merged=[3, 4]
65.2 fp=[4] true=[3] merged=[3, 4]
65.5 fp=[4] true=[3] merged=[3, 4]
65.8 fp=[4] true=[3] merged=[3, 4]
66.1 fp=[4] true=[3] merged=[3, 4]
66.4 fp=[4] true=[3] merged=[3, 4]
66.7 fp=[4] true=[3] merged=[3, 4]
67.0 fp=[4] true=[3] merged=[3, 4]
67.4 fp=[4] true=[3] merged=[3, 4]
67.7 fp=[4] true=[3] merged=[3, 4]
68.0 fp=[4] true=[3] merged=[3, 4]
68.3 fp=[4] true=[3] merged=[3, 4]
68.6 fp=[4] true=[3] merged=[3, 4]
68.9 fp=[4] true=[3] merged=[3, 4]
69.3 fp=[4] true=[3] merged=[3, 4]
69.6 fp=[4] true=[3] merged=[3, 4]
69.9 fp=[4] true=[3] merged=[3, 4]
70.2 fp=[4] true=[3] merged=[3, 4]
70.5 fp=[4] true=[3] merged=[3, 4]
70.8 fp=[4] true=[3] merged=[3, 4]
71.1 fp=[4] true=[3] merged=[3, 4]
71.5 fp=[4] true=[3] merged=[3, 4]
71.8 fp=[4] true=[3] merged=[3, 4]
72.1 fp=[4] true=[3] merged=[3, 4]
72.4 fp=[4] true=[3] merged=[3, 4]
72.7 fp=[4] true=[3] merged=[3, 4]
73.0 fp=[4] true=[3] merged=[3, 4]
73.4 fp=[4] true=[3] merged=[3, 4]
73.7 fp=[4] true=[3] merged=[3, 4]
74.0 fp=[4] true=[3] merged=[3, 4]
74.3 fp=[4] true=[3] merged=[3, 4]
74.6 fp=[4] true=[3] merged=[3, 4]
74.9 fp=[4] true=[3] merged=[3, 4]
75.2 fp=[4] true=[3] merged=[3, 4]
75.5 fp=[4] true=[3] merged=[3, 4]
75.8 fp=[4] true=[3] merged=[3, 4]
76.1 fp=[4] true=[3] merged=[3, 4]
76.5 fp=[4] true=[3] merged=[3, 4]
76.8 fp=[4] true=[3] merged=[3, 4]
77.1 fp=[4] true=[3] merged=[3, 4]
77.5 fp=[4] true=[3] merged=[3, 4]
77.8 fp=[4] true=[3] merged=[3, 4]
78.1 fp=[4] true=[3] merged=[3, 4]
78.4 fp=[4] true=[3] merged=[3, 4]
78.7 fp=[4] true=[3] merged=[3, 4]
79.0 fp=[4] true=[3] merged=[3, 4]
79.3 fp=[4] true=[3] merged=[3, 4]
79.7 fp=[4] true=[3] merged=[3, 4]
80.0 fp=[4] true=[3] merged=[3, 4]
80.3 fp=[4] true=[3] merged=[3, 4]
80.6 fp=[4] true=[3] merged=[3, 4]
80.9 fp=[4] true=[3] merged=[3, 4]
81.2 fp=[2] true=[3] merged=[2, 3]
81.5 fp=[2] true=[3] merged=[2, 3]
81.8 fp=[2] true=[3] merged=[2, 3]
82.1 fp=[2] true=[3] merged=[2, 3]
82.5 fp=[2] true=[3] merged=[2, 3]
82.8 fp=[2] true=[3] merged=[2, 3]
83.1 fp=[2] true=[3] merged=[2, 3]
83.4 fp=[2] true=[3] merged=[2, 3]
83.7 fp=[2] true=[3] merged=[2, 3]
84.0 fp=[2] true=[3] merged=[2, 3]
84.3 fp=[2] true=[3] merged=[2, 3]
84.7 fp=[2] true=[3] merged=[2, 3]
85.0 fp=[2] true=[3] merged=[2, 3]
85.3 fp=[2] true=[3] merged=[2, 3]
85.6 fp=[2] true=[3] merged=[2, 3]
85.9 fp=[2] true=[3] merged=[2, 3]
86.2 fp=[2] true=[3] merged=[2, 3]
86.6 fp=[2] true=[3] merged=[2, 3]
86.9 fp=[2] true=[3] merged=[2, 3]
87.2 fp=[2] true=[3] merged=[2, 3]
87.5 fp=[2] true=[3] merged=[2, 3]
87.8 fp=[2] true=[3] merged=[2, 3]
88.1 fp=[2] true=[3] merged=[2, 3]
88.4 fp=[2] true=[3] merged=[2, 3]
88.8 fp=[2] true=[3] merged=[2, 3]
89.1 fp=[2] true=[3] merged=[2, 3]
89.4 fp=[2] true=[3] merged=[2, 3]
89.7 fp=[2] true=[3] merged=[2, 3]
90.0 fp=[2] true=[3] merged=[2, 3]
90.3 fp=[2] true=[3] merged=[2, 3]
90.6 fp=[2] true=[3] merged=[2, 3]
91.0 fp=[2] true=[3] merged=[2, 3]
91.3 fp=[2] true=[3] merged=[2, 3]
91.6 fp=[2] true=[3] merged=[2, 3]
91.9 fp=[2] true=[3] merged=[2, 3]
92.2 fp=[2] true=[3] merged=[2, 3]
92.5 fp=[2] true=[3] merged=[2, 3]
92.8 fp=[2] true=[3] merged=[2, 3]
93.1 fp=[1] true=[3] merged=[1, 3]
93.4 fp=[1] true=[3] merged=[1, 3]
93.7 fp=[1] true=[3] merged=[1, 3]
94.0 fp=[1] true=[3] merged=[1, 3]
94.3 fp=[1] true=[3] merged=[1, 3]
94.7 fp=[1] true=[3] merged=[1, 3]
95.0 fp=[1] true=[3] merged=[1, 3]
95.3 fp=[1] true=[3] merged=[1, 3]
95.6 fp=[1] true=[3] merged=[1, 3]
95.9 fp=[1] true=[3] merged=[1, 3]
96.3 fp=[1] true=[3] merged=[1, 3]
96.6 fp=[1] true=[3] merged=[1, 3]
96.9 fp=[1] true=[3] merged=[1, 3]
97.2 fp=[1] true=[3] merged=[1, 3]
97.5 fp=[1] true=[3] merged=[1, 3]
97.8 fp=[1] true=[3] merged=[1, 3]
98.1 fp=[1] true=[3] merged=[1, 3]
98.4 fp=[1] true=[3] merged=[1, 3]
98.7 fp=[1] true=[3] merged=[1, 3]
99.1 fp=[1] true=[3] merged=[1, 3]
99.4 fp=[1] true=[3] merged=[1, 3]
99.7 fp=[1] true=[3] merged=[1, 3]
100.0 fp=[1] true=[3] merged=[1, 3]
100.3 fp=[1] true=[3] merged=[1, 3]
100.6 fp=[1] true=[3] merged=[1, 3]
101.0 fp=[1] true=[3] merged=[1, 3]
101.3 fp=[1] true=[3] merged=[1, 3]
101.6 fp=[1] true=[3] merged=[1, 3]
101.9 fp=[1] true=[3] merged=[1, 3]
102.2 fp=[1] true=[3] merged=[1, 3]
102.5 fp=[1] true=[3] merged=[1, 3]
102.8 fp=[1] true=[3] merged=[1, 3]
103.2 fp=[1] true=[3] merged=[1, 3]
103.5 fp=[1] true=[3] merged=[1, 3]
103.8 fp=[1] true=[3] merged=[1, 3]
104.1 fp=[1] true=[3] merged=[1, 3]
104.4 fp=[1] true=[3] merged=[1, 3]
104.7 fp=[1] true=[3] merged=[1, 3]
105.0 fp=[1] true=[3] merged=[1, 3]
105.4 fp=[1] true=[3] merged=[1, 3]
105.7 fp=[1] true=[3] merged=[1, 3]
106.0 fp=[1] true=[3] merged=[1, 3]
106.3 fp=[1] true=[3] merged=[1, 3]
106.6 fp=[1] true=[3] merged=[1, 3]
106.9 fp=[1] true=[3] merged=[1, 3]
107.3 fp=[1] true=[3] merged=[1, 3]
107.6 fp=[1] true=[3] merged=[1, 3]
107.9 fp=[1] true=[3] merged=[1, 3]
108.2 fp=[1] true=[3] merged=[1, 3]
108.6 fp=[1] true=[3] merged=[1, 3]
108.9 fp=[1] true=[3] merged=[1, 3]
109.2 fp=[1] true=[3] merged=[1, 3]
109.5 fp=[1] true=[3] merged=[1, 3]
109.8 fp=[1] true=[3] merged=[1, 3]
110.1 fp=[1] true=[3] merged=[1, 3]
110.4 fp=[1] true=[3] merged=[1, 3]
110.7 fp=[1] true=[3] merged=[1, 3]
111.1 fp=[1] true=[3] merged=[1, 3]
111.4 fp=[1] true=[3] merged=[1, 3]
111.7 fp=[1] true=[3] merged=[1, 3]
112.0 fp=[1] true=[3] merged=[1, 3]
112.3 fp=[1] true=[3] merged=[1, 3]
112.6 fp=[1] true=[3] merged=[1, 3]
112.9 fp=[1] true=[3] merged=[1, 3]
113.2 fp=[7] true=[3] merged=[3, 7]
113.6 fp=[7] true=[3] merged=[3, 7]
113.9 fp=[7] true=[3] merged=[3, 7]
114.2 fp=[7] true=[3] merged=[3, 7]
114.5 fp=[7] true=[3] merged=[3, 7]
114.8 fp=[7] true=[3] merged=[3, 7]
115.1 fp=[7] true=[3] merged=[3, 7]
115.4 fp=[7] true=[3] merged=[3, 7]
115.7 fp=[7] true=[3] merged=[3, 7]
116.1 fp=[7] true=[3] merged=[3, 7]
116.4 fp=[7] true=[3] merged=[3, 7]
116.7 fp=[7] true=[3] merged=[3, 7]
117.0 fp=[7] true=[3] merged=[3, 7]
117.3 fp=[7] true=[3] merged=[3, 7]
117.6 fp=[7] true=[3] merged=[3, 7]
117.9 fp=[7] true=[3] merged=[3, 7]
118.3 fp=[7] true=[3] merged=[3, 7]
118.6 fp=[7] true=[3] merged=[3, 7]
118.9 fp=[7] true=[3] merged=[3, 7]
119.2 fp=[7] true=[3] merged=[3, 7]
119.5 fp=[7] true=[3] merged=[3, 7]
119.8 fp=[7] true=[3] merged=[3, 7]
120.1 fp=[4] true=[3] merged=[3, 4]
120.5 fp=[4] true=[3] merged=[3, 4]
120.8 fp=[4] true=[3] merged=[3, 4]
121.1 fp=[4] true=[3] merged=[3, 4]
121.4 fp=[4] true=[3] merged=[3, 4]
121.7 fp=[4] true=[3] merged=[3, 4]
122.0 fp=[2] true=[3] merged=[2, 3]
122.4 fp=[2] true=[3] merged=[2, 3]
122.7 fp=[2] true=[3] merged=[2, 3]
123.0 fp=[2] true=[3] merged=[2, 3]
123.3 fp=[2] true=[3] merged=[2, 3]
123.6 fp=[2] true=[3] merged=[2, 3]
123.9 fp=[2] true=[3] merged=[2, 3]
124.2 fp=[2] true=[3] merged=[2, 3]
124.5 fp=[2] true=[3] merged=[2, 3]
124.8 fp=[2] true=[3] merged=[2, 3]
125.2 fp=[2] true=[3] merged=[2, 3]
125.5 fp=[2] true=[3] merged=[2, 3]
125.8 fp=[2] true=[3] merged=[2, 3]
126.1 fp=[2] true=[3] merged=[2, 3]
126.4 fp=[2] true=[3] merged=[2, 3]
126.7 fp=[2] true=[3] merged=[2, 3]
127.0 fp=[2] true=[3] merged=[2, 3]
127.4 fp=[2] true=[3] merged=[2, 3]
127.7 fp=[2] true=[3] merged=[2, 3]
128.0 fp=[2] true=[3] merged=[2, 3]
128.3 fp=[2] true=[3] merged=[2, 3]
128.6 fp=[2] true=[3] merged=[2, 3]
128.9 fp=[2] true=[3] merged=[2, 3]
129.2 fp=[2] true=[3] merged=[2, 3]
129.6 fp=[2] true=[3] merged=[2, 3]
129.9 fp=[2] true=[3] merged=[2, 3]
130.2 fp=[2] true=[3] merged=[2, 3]
130.5 fp=[2] true=[3] merged=[2, 3]
130.8 fp=[2] true=[3] merged=[2, 3]
131.1 fp=[2] true=[3] merged=[2, 3]
131.4 fp=[2] true=[3] merged=[2, 3]
131.8 fp=[2] true=[3] merged=[2, 3]
132.1 fp=[2] true=[3] merged=[2, 3]
132.4 fp=[2] true=[3] merged=[2, 3]
132.7 fp=[2] true=[3] merged=[2, 3]
133.0 fp=[2] true=[3] merged=[2, 3]
133.3 fp=[2] true=[3] merged=[2, 3]
133.7 fp=[2] true=[3] merged=[2, 3]
134.0 fp=[2] true=[3] merged=[2, 3]
134.3 fp=[2] true=[3] merged=[2, 3]
134.6 fp=[2] true=[3] merged=[2, 3]
134.9 fp=[2] true=[3] merged=[2, 3]
135.2 fp=[2] true=[3] merged=[2, 3]
135.6 fp=[2] true=[3] merged=[2, 3]
135.9 fp=[2] true=[3] merged=[2, 3]
136.2 fp=[2] true=[3] merged=[2, 3]
136.5 fp=[2] true=[3] merged=[2, 3]
136.8 fp=[2] true=[3] merged=[2, 3]
137.2 fp=[2] true=[3] merged=[2, 3]
137.5 fp=[2] true=[3] merged=[2, 3]
137.8 fp=[2] true=[3] merged=[2, 3]
138.1 fp=[2] true=[3] merged=[2, 3]
138.4 fp=[2] true=[3] merged=[2, 3]
138.7 fp=[2] true=[3] merged=[2, 3]
139.0 fp=[2] true=[3] merged=[2, 3]
139.4 fp=[2] true=[3] merged=[2, 3]
139.7 fp=[2] true=[3] merged=[2, 3]
140.0 fp=[2] true=[3] merged=[2, 3]
140.3 fp=[2] true=[3] merged=[2, 3]
140.6 fp=[2] true=[3] merged=[2, 3]
140.9 fp=[2] true=[3] merged=[2, 3]
141.2 fp=[2] true=[3] merged=[2, 3]
141.5 fp=[2] true=[3] merged=[2, 3]
141.8 fp=[2] true=[3] merged=[2, 3]
142.1 fp=[4] true=[3] merged=[3, 4]
142.5 fp=[4] true=[3] merged=[3, 4]
142.8 fp=[4] true=[3] merged=[3, 4]
143.1 fp=[4] true=[3] merged=[3, 4]
143.4 fp=[4] true=[3] merged=[3, 4]
143.7 fp=[4] true=[3] merged=[3, 4]
144.0 fp=[4] true=[3] merged=[3, 4]
144.3 fp=[4] true=[3] merged=[3, 4]
144.6 fp=[4] true=[3] merged=[3, 4]
145.0 fp=[4] true=[3] merged=[3, 4]
145.3 fp=[4] true=[3] merged=[3, 4]
145.6 fp=[4] true=[3] merged=[3, 4]
145.9 fp=[4] true=[3] merged=[3, 4]
146.2 fp=[4] true=[3] merged=[3, 4]
146.5 fp=[4] true=[3] merged=[3, 4]
146.9 fp=[4] true=[3] merged=[3, 4]
147.2 fp=[4] true=[3] merged=[3, 4]
147.5 fp=[4] true=[3] merged=[3, 4]
147.8 fp=[4] true=[3] merged=[3, 4]
148.1 fp=[4] true=[3] merged=[3, 4]
148.4 fp=[4] true=[3] merged=[3, 4]
148.7 fp=[4] true=[3] merged=[3, 4]
149.0 fp=[4] true=[3] merged=[3, 4]
149.4 fp=[4] true=[3] merged=[3, 4]
149.7 fp=[4] true=[3] merged=[3, 4]
150.0 fp=[4] true=[3] merged=[3, 4]
150.3 fp=[4] true=[3] merged=[3, 4]
150.6 fp=[4] true=[3] merged=[3, 4]
150.9 fp=[4] true=[3] merged=[3, 4]
151.2 fp=[4] true=[3] merged=[3, 4]
151.6 fp=[4] true=[3] merged=[3, 4]
151.9 fp=[4] true=[3] merged=[3, 4]
152.2 fp=[4] true=[3] merged=[3, 4]
152.5 fp=[4] true=[3] merged=[3, 4]
152.8 fp=[4] true=[3] merged=[3, 4]
153.1 fp=[4] true=[3] merged=[3, 4]
153.5 fp=[4] true=[3] merged=[3, 4]
153.8 fp=[4] true=[3] merged=[3, 4]
154.1 fp=[4] true=[3] merged=[3, 4]
154.4 fp=[4] true=[3] merged=[3, 4]
154.7 fp=[4] true=[3] merged=[3, 4]
155.0 fp=[4] true=[3] merged=[3, 4]
155.3 fp=[4] true=[3] merged=[3, 4]
155.7 fp=[4] true=[3] merged=[3, 4]
156.0 fp=[4] true=[3] merged=[3, 4]
156.3 fp=[4] true=[3] merged=[3, 4]
156.6 fp=[4] true=[3] merged=[3, 4]
156.9 fp=[4] true=[3] merged=[3, 4]
157.2 fp=[4] true=[3] merged=[3, 4]
157.5 fp=[4] true=[3] merged=[3, 4]
157.9 fp=[4] true=[3] merged=[3, 4]
158.2 fp=[4] true=[3] merged=[3, 4]
158.5 fp=[4] true=[3] merged=[3, 4]
158.8 fp=[4] true=[3] merged=[3, 4]
159.1 fp=[4] true=[3] merged=[3, 4]
159.4 fp=[4] true=[3] merged=[3, 4]
159.7 fp=[4] true=[3] merged=[3, 4]
160.0 fp=[4] true=[3] merged=[3, 4]
160.4 fp=[4] true=[3] merged=[3, 4]
160.7 fp=[4] true=[3] merged=[3, 4]
161.0 fp=[4] true=[3] merged=[3, 4]
161.3 fp=[5] true=[3] merged=[3, 5]
161.6 fp=[5] true=[3] merged=[3, 5]
161.9 fp=[5] true=[3] merged=[3, 5]
162.3 fp=[2] true=[3] merged=[2, 3]
162.6 fp=[2] true=[3] merged=[2, 3]
162.9 fp=[2] true=[3] merged=[2, 3]
163.2 fp=[2] true=[3] merged=[2, 3]
163.5 fp=[2] true=[3] merged=[2, 3]
163.8 fp=[2] true=[3] merged=[2, 3]
164.1 fp=[2] true=[3] merged=[2, 3]
164.5 fp=[2] true=[3] merged=[2, 3]
164.8 fp=[2] true=[3] merged=[2, 3]
165.1 fp=[2] true=[3] merged=[2, 3]
165.4 fp=[2] true=[3] merged=[2, 3]
165.7 fp=[2] true=[3] merged=[2, 3]
166.0 fp=[2] true=[3] merged=[2, 3]
166.3 fp=[2] true=[3] merged=[2, 3]
166.6 fp=[2] true=[3] merged=[2, 3]
167.0 fp=[2] true=[3] merged=[2, 3]
167.3 fp=[2] true=[3] merged=[2, 3]
167.6 fp=[2] true=[3] merged=[2, 3]
168.0 fp=[2] true=[3] merged=[2, 3]
168.3 fp=[2] true=[3] merged=[2, 3]
168.6 fp=[2] true=[3] merged=[2, 3]
168.9 fp=[2] true=[3] merged=[2, 3]
169.2 fp=[2] true=[3] merged=[2, 3]
169.5 fp=[2] true=[3] merged=[2, 3]
169.8 fp=[2] true=[3] merged=[2, 3]
170.1 fp=[2] true=[3] merged=[2, 3]
170.4 fp=[2] true=[3] merged=[2, 3]
170.8 fp=[2] true=[3] merged=[2, 3]
171.1 fp=[2] true=[3] merged=[2, 3]
171.4 fp=[2] true=[3] merged=[2, 3]
171.7 fp=[2] true=[3] merged=[2, 3]
172.0 fp=[2] true=[3] merged=[2, 3]
172.3 fp=[2] true=[3] merged=[2, 3]
172.6 fp=[2] true=[3] merged=[2, 3]
172.9 fp=[2] true=[3] merged=[2, 3]
173.3 fp=[2] true=[3] merged=[2, 3]
173.6 fp=[2] true=[3] merged=[2, 3]
173.9 fp=[2] true=[3] merged=[2, 3]
174.2 fp=[2] true=[3] merged=[2, 3]
174.5 fp=[2] true=[3] merged=[2, 3]
174.8 fp=[2] true=[3] merged=[2, 3]
175.1 fp=[2] true=[3] merged=[2, 3]
175.4 fp=[2] true=[3] merged=[2, 3]
175.8 fp=[2] true=[3] merged=[2, 3]
176.1 fp=[2] true=[3] merged=[2, 3]
176.4 fp=[2] true=[3] merged=[2, 3]
176.7 fp=[2] true=[3] merged=[2, 3]
177.0 fp=[2] true=[3] merged=[2, 3]
177.4 fp=[2] true=[3] merged=[2, 3]
177.7 fp=[2] true=[3] merged=[2, 3]
178.0 fp=[2] true=[3] merged=[2, 3]
178.3 fp=[2] true=[3] merged=[2, 3]
178.6 fp=[2] true=[3] merged=[2, 3]
178.9 fp=[2] true=[3] merged=[2, 3]
179.2 fp=[2] true=[3] merged=[2, 3]
179.6 fp=[2] true=[3] merged=[2, 3]
179.9 fp=[2] true=[3] merged=[2, 3]
180.2 fp=[2] true=[3] merged=[2, 3]
180.5 fp=[2] true=[3] merged=[2, 3]
180.9 fp=[2] true=[3] merged=[2, 3]
181.2 fp=[2] true=[3] merged=[2, 3]
181.5 fp=[2] true=[3] merged=[2, 3]
181.8 fp=[2] true=[3] merged=[2, 3]
182.1 fp=[5] true=[3] merged=[3, 5]
182.4 fp=[5] true=[3] merged=[3, 5]
182.7 fp=[5] true=[3] merged=[3, 5]
183.0 fp=[5] true=[3] merged=[3, 5]
183.3 fp=[5] true=[3] merged=[3, 5]
183.7 fp=[5] true=[3] merged=[3, 5]
184.0 fp=[5] true=[3] merged=[3, 5]
184.3 fp=[5] true=[3] merged=[3, 5]
184.6 fp=[5] true=[3] merged=[3, 5]
185.0 fp=[5] true=[3] merged=[3, 5]
185.3 fp=[5] true=[3] merged=[3, 5]
185.6 fp=[5] true=[3] merged=[3, 5]
185.9 fp=[5] true=[3] merged=[3, 5]
186.2 fp=[5] true=[3] merged=[3, 5]
186.5 fp=[5] true=[3] merged=[3, 5]
186.8 fp=[5] true=[3] merged=[3, 5]
187.2 fp=[5] true=[3] merged=[3, 5]
187.5 fp=[5] true=[3] merged=[3, 5]
187.8 fp=[5] true=[3] merged=[3, 5]
188.1 fp=[5] true=[3] merged=[3, 5]
188.4 fp=[5] true=[3] merged=[3, 5]
188.7 fp=[5] true=[3] merged=[3, 5]
189.0 fp=[5] true=[3] merged=[3, 5]
189.3 fp=[5] true=[3] merged=[3, 5]
189.7 fp=[5] true=[3] merged=[3, 5]
190.0 fp=[5] true=[3] merged=[3, 5]
190.3 fp=[5] true=[3] merged=[3, 5]
190.6 fp=[5] true=[3] merged=[3, 5]
190.9 fp=[5] true=[3] merged=[3, 5]
191.2 fp=[5] true=[3] merged=[3, 5]
191.6 fp=[5] true=[3] merged=[3, 5]
191.9 fp=[5] true=[3] merged=[3, 5]
192.2 fp=[7] true=[3] merged=[3, 7]
192.5 fp=[7] true=[3] merged=[3, 7]
192.8 fp=[7] true=[3] merged=[3, 7]
193.1 fp=[7] true=[3] merged=[3, 7]
193.4 fp=[7] true=[3] merged=[3, 7]
193.8 fp=[7] true=[3] merged=[3, 7]
194.1 fp=[7] true=[3] merged=[3, 7]
194.4 fp=[7] true=[3] merged=[3, 7]
194.7 fp=[7] true=[3] merged=[3, 7]
195.0 fp=[4] true=[3] merged=[3, 4]
195.4 fp=[4] true=[3] merged=[3, 4]
195.7 fp=[4] true=[3] merged=[3, 4]
196.0 fp=[4] true=[3] merged=[3, 4]
196.3 fp=[4] true=[3] merged=[3, 4]
196.6 fp=[4] true=[3] merged=[3, 4]
196.9 fp=[4] true=[3] merged=[3, 4]
197.2 fp=[4] true=[3] merged=[3, 4]
197.6 fp=[4] true=[3] merged=[3, 4]
197.9 fp=[4] true=[3] merged=[3, 4]
198.2 fp=[4] true=[3] merged=[3, 4]
198.5 fp=[4] true=[3] merged=[3, 4]
198.8 fp=[4] true=[3] merged=[3, 4]
199.1 fp=[4] true=[3] merged=[3, 4]
199.5 fp=[4] true=[3] merged=[3, 4]
199.8 fp=[4] true=[3] merged=[3, 4]
200.1 fp=[4] true=[3] merged=[3, 4]
200.4 fp=[4] true=[3] merged=[3, 4]
200.7 fp=[4] true=[3] merged=[3, 4]
201.0 fp=[4] true=[3] merged=[3, 4]
201.3 fp=[4] true=[3] merged=[3, 4]
201.7 fp=[4] true=[3] merged=[3, 4]
202.0 fp=[4] true=[3] merged=[3, 4]
202.3 fp=[4] true=[3] merged=[3, 4]
202.6 fp=[4] true=[3] merged=[3, 4]
202.9 fp=[4] true=[3] merged=[3, 4]
203.3 fp=[4] true=[3] merged=[3, 4]
203.6 fp=[4] true=[3] merged=[3, 4]
203.9 fp=[4] true=[3] merged=[3, 4]
204.2 fp=[4] true=[3] merged=[3, 4]
204.5 fp=[4] true=[3] merged=[3, 4]
204.9 fp=[4] true=[3] merged=[3, 4]
205.2 fp=[4] true=[3] merged=[3, 4]
205.5 fp=[4] true=[3] merged=[3, 4]
205.8 fp=[4] true=[3] merged=[3, 4]
206.1 fp=[4] true=[3] merged=[3, 4]
206.4 fp=[4] true=[3] merged=[3, 4]
206.7 fp=[4] true=[3] merged=[3, 4]
207.1 fp=[4] true=[3] merged=[3, 4]
207.4 fp=[4] true=[3] merged=[3, 4]
207.7 fp=[4] true=[3] merged=[3, 4]
208.0 fp=[4] true=[3] merged=[3, 4]
208.3 fp=[4] true=[3] merged=[3, 4]
208.6 fp=[4] true=[3] merged=[3, 4]
208.9 fp=[4] true=[3] merged=[3, 4]
209.3 fp=[4] true=[3] merged=[3, 4]
209.6 fp=[4] true=[3] merged=[3, 4]
209.9 fp=[4] true=[3] merged=[3, 4]
210.2 fp=[4] true=[3] merged=[3, 4]
210.5 fp=[4] true=[3] merged=[3, 4]
210.8 fp=[4] true=[3] merged=[3, 4]
211.1 fp=[4] true=[3] merged=[3, 4]
211.4 fp=[4] true=[3] merged=[3, 4]
211.7 fp=[4] true=[3] merged=[3, 4]
212.0 fp=[4] true=[3] merged=[3, 4]
212.4 fp=[4] true=[3] merged=[3, 4]
212.7 fp=[4] true=[3] merged=[3, 4]
213.0 fp=[4] true=[3] merged=[3, 4]
213.3 fp=[4] true=[3] merged=[3, 4]
213.6 fp=[4] true=[3] merged=[3, 4]
213.9 fp=[4] true=[3] merged=[3, 4]
214.3 fp=[4] true=[3] merged=[3, 4]
214.6 fp=[4] true=[3] merged=[3, 4]
214.9 fp=[4] true=[3] merged=[3, 4]
215.2 fp=[5] true=[3] merged=[3, 5]
215.5 fp=[5] true=[3] merged=[3, 5]
215.8 fp=[5] true=[3] merged=[3, 5]
216.1 fp=[5] true=[3] merged=[3, 5]
216.5 fp=[5] true=[3] merged=[3, 5]
216.8 fp=[5] true=[3] merged=[3, 5]
217.1 fp=[5] true=[3] merged=[3, 5]
217.4 fp=[5] true=[3] merged=[3, 5]
217.7 fp=[5] true=[3] merged=[3, 5]
218.1 fp=[5] true=[3] merged=[3, 5]
218.4 fp=[5] true=[3] merged=[3, 5]
218.7 fp=[5] true=[3] merged=[3, 5]
219.0 fp=[5] true=[3] merged=[3, 5]
219.3 fp=[4] true=[3] merged=[3, 4]
219.6 fp=[4] true=[3] merged=[3, 4]
220.0 fp=[4] true=[3] merged=[3, 4]
220.3 fp=[1] true=[3] merged=[1, 3]
220.6 fp=[1] true=[3] merged=[1, 3]
220.9 fp=[1] true=[3] merged=[1, 3]
221.2 fp=[1] true=[3] merged=[1, 3]
221.5 fp=[1] true=[3] merged=[1, 3]
221.9 fp=[1] true=[3] merged=[1, 3]
222.2 fp=[1] true=[3] merged=[1, 3]
222.5 fp=[1] true=[3] merged=[1, 3]
222.8 fp=[1] true=[3] merged=[1, 3]
223.1 fp=[1] true=[3] merged=[1, 3]
223.4 fp=[1] true=[3] merged=[1, 3]
223.8 fp=[1] true=[3] merged=[1, 3]
224.1 fp=[1] true=[3] merged=[1, 3]
224.4 fp=[1] true=[3] merged=[1, 3]
224.7 fp=[1] true=[3] merged=[1, 3]
225.0 fp=[1] true=[3] merged=[1, 3]
225.3 fp=[1] true=[3] merged=[1, 3]
225.6 fp=[1] true=[3] merged=[1, 3]
225.9 fp=[1] true=[3] merged=[1, 3]
226.3 fp=[1] true=[3] merged=[1, 3]
226.6 fp=[1] true=[3] merged=[1, 3]
226.9 fp=[1] true=[3] merged=[1, 3]
227.2 fp=[1] true=[3] merged=[1, 3]
227.5 fp=[1] true=[3] merged=[1, 3]
227.8 fp=[1] true=[3] merged=[1, 3]
228.1 fp=[1] true=[3] merged=[1, 3]
228.4 fp=[1] true=[3] merged=[1, 3]
228.8 fp=[1] true=[3] merged=[1, 3]
229.1 fp=[1] true=[3] merged=[1, 3]
229.4 fp=[1] true=[3] merged=[1, 3]
229.7 fp=[1] true=[3] merged=[1, 3]
230.0 fp=[1] true=[3] merged=[1, 3]
230.3 fp=[1] true=[3] merged=[1, 3]
230.7 fp=[1] true=[3] merged=[1, 3]
231.0 fp=[1] true=[3] merged=[1, 3]
231.3 fp=[1] true=[3] merged=[1, 3]
231.6 fp=[1] true=[3] merged=[1, 3]
231.9 fp=[1] true=[3] merged=[1, 3]
232.2 fp=[1] true=[3] merged=[1, 3]
232.5 fp=[1] true=[3] merged=[1, 3]
232.9 fp=[1] true=[3] merged=[1, 3]
233.2 fp=[1] true=[3] merged=[1, 3]
233.5 fp=[1] true=[3] merged=[1, 3]
233.8 fp=[1] true=[3] merged=[1, 3]
234.1 fp=[1] true=[3] merged=[1, 3]
234.4 fp=[1] true=[3] merged=[1, 3]
234.7 fp=[1] true=[3] merged=[1, 3]
235.1 fp=[1] true=[3] merged=[1, 3]
235.4 fp=[1] true=[3] merged=[1, 3]
235.7 fp=[1] true=[3] merged=[1, 3]
236.0 fp=[1] true=[3] merged=[1, 3]
236.3 fp=[1] true=[3] merged=[1, 3]
236.6 fp=[1] true=[3] merged=[1, 3]
236.9 fp=[1] true=[3] merged=[1, 3]
237.2 fp=[1] true=[3] merged=[1, 3]
237.5 fp=[1] true=[3] merged=[1, 3]
237.8 fp=[1] true=[3] merged=[1, 3]
238.2 fp=[1] true=[3] merged=[1, 3]
238.5 fp=[1] true=[3] merged=[1, 3]
238.8 fp=[1] true=[3] merged=[1, 3]
239.1 fp=[1] true=[3] merged=[1, 3]
239.4 fp=[1] true=[3] merged=[1, 3]
239.7 fp=[1] true=[3] merged=[1, 3]
240.1 fp=[1] true=[3] merged=[1, 3]
240.4 fp=[1] true=[3] merged=[1, 3]
240.7 fp=[1] true=[3] merged=[1, 3]
241.0 fp=[1] true=[3] merged=[1, 3]
241.3 fp=[1] true=[3] merged=[1, 3]
241.6 fp=[1] true=[3] merged=[1, 3]
241.9 fp=[1] true=[3] merged=[1, 3]
242.2 fp=[1] true=[3] merged=[1, 3]
242.6 fp=[1] true=[3] merged=[1, 3]
242.9 fp=[1] true=[3] merged=[1, 3]
243.2 fp=[1] true=[3] merged=[1, 3]
243.5 fp=[1] true=[3] merged=[1, 3]
243.8 fp=[1] true=[3] merged=[1, 3]
244.1 fp=[1] true=[3] merged=[1, 3]
244.4 fp=[1] true=[3] merged=[1, 3]
244.8 fp=[1] true=[3] merged=[1, 3]
245.1 fp=[1] true=[3] merged=[1, 3]
245.4 fp=[1] true=[3] merged=[1, 3]
245.7 fp=[1] true=[3] merged=[1, 3]
246.0 fp=[1] true=[3] merged=[1, 3]
246.3 fp=[1] true=[3] merged=[1, 3]
246.6 fp=[1] true=[3] merged=[1, 3]
247.0 fp=[1] true=[3] merged=[1, 3]
247.3 fp=[1] true=[3] merged=[1, 3]
247.6 fp=[1] true=[3] merged=[1, 3]
247.9 fp=[1] true=[3] merged=[1, 3]
248.2 fp=[1] true=[3] merged=[1, 3]
248.5 fp=[1] true=[3] merged=[1, 3]
248.9 fp=[1] true=[3] merged=[1, 3]
249.2 fp=[1] true=[3] merged=[1, 3]
249.5 fp=[1] true=[3] merged=[1, 3]
249.8 fp=[1] true=[3] merged=[1, 3]
250.1 fp=[1] true=[3] merged=[1, 3]
250.4 fp=[1] true=[3] merged=[1, 3]
250.7 fp=[1] true=[3] merged=[1, 3]
251.0 fp=[1] true=[3] merged=[1, 3]
251.4 fp=[1] true=[3] merged=[1, 3]
251.7 fp=[1] true=[3] merged=[1, 3]
252.0 fp=[1] true=[3] merged=[1, 3]
252.3 fp=[1] true=[3] merged=[1, 3]
252.6 fp=[1] true=[3] merged=[1, 3]
252.9 fp=[1] true=[3] merged=[1, 3]
253.2 fp=[1] true=[3] merged=[1, 3]
253.6 fp=[1] true=[3] merged=[1, 3]
253.9 fp=[1] true=[3] merged=[1, 3]
254.2 fp=[1] true=[3] merged=[1, 3]
254.5 fp=[1] true=[3] merged=[1, 3]
254.8 fp=[1] true=[3] merged=[1, 3]
255.2 fp=[1] true=[3] merged=[1, 3]
255.5 fp=[1] true=[3] merged=[1, 3]
255.8 fp=[1] true=[3] merged=[1, 3]
256.1 fp=[1] true=[3] merged=[1, 3]
256.4 fp=[1] true=[3] merged=[1, 3]
256.7 fp=[1] true=[3] merged=[1, 3]
257.1 fp=[1] true=[3] merged=[1, 3]
257.4 fp=[1] true=[3] merged=[1, 3]
257.7 fp=[1] true=[3] merged=[1, 3]
258.0 fp=[1] true=[3] merged=[1, 3]
258.3 fp=[1] true=[3] merged=[1, 3]
258.6 fp=[1] true=[3] merged=[1, 3]
258.9 fp=[1] true=[3] merged=[1, 3]
259.2 fp=[1] true=[3] merged=[1, 3]
259.5 fp=[1] true=[3] merged=[1, 3]
259.8 fp=[1] true=[3] merged=[1, 3]
260.1 fp=[1] true=[3] merged=[1, 3]
260.5 fp=[1] true=[3] merged=[1, 3]
260.8 fp=[1] true=[3] merged=[1, 3]
261.1 fp=[1] true=[3] merged=[1, 3]
261.4 fp=[1] true=[3] merged=[1, 3]
261.8 fp=[1] true=[3] merged=[1, 3]
262.1 fp=[1] true=[3] merged=[1, 3]
262.4 fp=[1] true=[3] merged=[1, 3]
262.7 fp=[1] true=[3] merged=[1, 3]
263.0 fp=[1] true=[3] merged=[1, 3]
263.3 fp=[1] true=[3] merged=[1, 3]
263.6 fp=[1] true=[3] merged=[1, 3]
264.0 fp=[1] true=[3] merged=[1, 3]
264.3 fp=[1] true=[3] merged=[1, 3]
264.6 fp=[1] true=[3] merged=[1, 3]
264.9 fp=[1] true=[3] merged=[1, 3]
265.2 fp=[1] true=[3] merged=[1, 3]
265.6 fp=[1] true=[3] merged=[1, 3]
265.9 fp=[1] true=[3] merged=[1, 3]
266.2 fp=[1] true=[3] merged=[1, 3]
266.5 fp=[1] true=[3] merged=[1, 3]
266.8 fp=[1] true=[3] merged=[1, 3]
267.1 fp=[1] true=[3] merged=[1, 3]
267.4 fp=[1] true=[3] merged=[1, 3]
267.8 fp=[1] true=[3] merged=[1, 3]
268.1 fp=[1] true=[3] merged=[1, 3]
268.4 fp=[1] true=[3] merged=[1, 3]
268.7 fp=[1] true=[3] merged=[1, 3]
269.0 fp=[1] true=[3] merged=[1, 3]
269.3 fp=[1] true=[3] merged=[1, 3]
269.6 fp=[1] true=[3] merged=[1, 3]
270.0 fp=[1] true=[3] merged=[1, 3]
270.3 fp=[1] true=[3] merged=[1, 3]
270.6 fp=[1] true=[3] merged=[1, 3]
270.9 fp=[1] true=[3] merged=[1, 3]
271.2 fp=[1] true=[3] merged=[1, 3]
271.6 fp=[1] true=[3] merged=[1, 3]
271.9 fp=[1] true=[3] merged=[1, 3]
272.2 fp=[1] true=[3] merged=[1, 3]
272.5 fp=[1] true=[3] merged=[1, 3]
272.9 fp=[1] true=[3] merged=[1, 3]
273.2 fp=[2] true=[3] merged=[2, 3]
273.5 fp=[2] true=[3] merged=[2, 3]
273.8 fp=[2] true=[3] merged=[2, 3]
274.1 fp=[2] true=[3] merged=[2, 3]
274.4 fp=[2] true=[3] merged=[2, 3]
274.8 fp=[2] true=[3] merged=[2, 3]
275.1 fp=[2] true=[3] merged=[2, 3]
275.4 fp=[2] true=[3] merged=[2, 3]
275.7 fp=[2] true=[3] merged=[2, 3]
276.0 fp=[2] true=[3] merged=[2, 3]
276.3 fp=[2] true=[3] merged=[2, 3]
276.6 fp=[2] true=[3] merged=[2, 3]
277.0 fp=[2] true=[3] merged=[2, 3]
277.3 fp=[2] true=[3] merged=[2, 3]
277.6 fp=[2] true=[3] merged=[2, 3]
278.0 fp=[2] true=[3] merged=[2, 3]
278.3 fp=[4] true=[3] merged=[3, 4]
278.6 fp=[4] true=[3] merged=[3, 4]
278.9 fp=[4] true=[3] merged=[3, 4]
279.2 fp=[4] true=[3] merged=[3, 4]
279.5 fp=[4] true=[3] merged=[3, 4]
279.8 fp=[4] true=[3] merged=[3, 4]
280.1 fp=[4] true=[3] merged=[3, 4]
280.5 fp=[4] true=[3] merged=[3, 4]
280.8 fp=[4] true=[3] merged=[3, 4]
281.1 fp=[4] true=[3] merged=[3, 4]
281.4 fp=[4] true=[3] merged=[3, 4]
281.7 fp=[4] true=[3] merged=[3, 4]
282.1 fp=[4] true=[3] merged=[3, 4]
282.4 fp=[4] true=[3] merged=[3, 4]
282.7 fp=[4] true=[3] merged=[3, 4]
283.0 fp=[4] true=[3] merged=[3, 4]
283.3 fp=[4] true=[3] merged=[3, 4]
283.6 fp=[4] true=[3] merged=[3, 4]
283.9 fp=[4] true=[3] merged=[3, 4]
284.2 fp=[4] true=[3] merged=[3, 4]
284.6 fp=[4] true=[3] merged=[3, 4]
284.9 fp=[4] true=[3] merged=[3, 4]
285.2 fp=[4] true=[3] merged=[3, 4]
285.5 fp=[4] true=[3] merged=[3, 4]
285.8 fp=[4] true=[3] merged=[3, 4]
286.1 fp=[4] true=[3] merged=[3, 4]
286.4 fp=[4] true=[3] merged=[3, 4]
286.7 fp=[4] true=[3] merged=[3, 4]
287.1 fp=[4] true=[3] merged=[3, 4]
287.4 fp=[4] true=[3] merged=[3, 4]
287.7 fp=[4] true=[3] merged=[3, 4]
288.0 fp=[4] true=[3] merged=[3, 4]
288.3 fp=[4] true=[3] merged=[3, 4]
288.6 fp=[4] true=[3] merged=[3, 4]
288.9 fp=[4] true=[3] merged=[3, 4]
289.2 fp=[4] true=[3] merged=[3, 4]
289.6 fp=[4] true=[3] merged=[3, 4]
289.9 fp=[4] true=[3] merged=[3, 4]
290.2 fp=[4] true=[3] merged=[3, 4]
290.5 fp=[4] true=[3] merged=[3, 4]
290.8 fp=[4] true=[3] merged=[3, 4]
291.1 fp=[4] true=[3] merged=[3, 4]
291.4 fp=[4] true=[3] merged=[3, 4]
291.8 fp=[4] true=[3] merged=[3, 4]
292.1 fp=[4] true=[3] merged=[3, 4]
292.4 fp=[4] true=[3] merged=[3, 4]
292.7 fp=[4] true=[3] merged=[3, 4]
293.0 fp=[4] true=[3] merged=[3, 4]
293.3 fp=[4] true=[3] merged=[3, 4]
293.7 fp=[4] true=[3] merged=[3, 4]
294.0 fp=[4] true=[3] merged=[3, 4]
294.3 fp=[4] true=[3] merged=[3, 4]
294.6 fp=[4] true=[3] merged=[3, 4]
294.9 fp=[4] true=[3] merged=[3, 4]
295.2 fp=[4] true=[3] merged=[3, 4]
295.5 fp=[4] true=[3] merged=[3, 4]
295.9 fp=[4] true=[3] merged=[3, 4]
296.2 fp=[4] true=[3] merged=[3, 4]
296.5 fp=[4] true=[3] merged=[3, 4]
296.8 fp=[4] true=[3] merged=[3, 4]
297.1 fp=[1] true=[3] merged=[1, 3]
297.4 fp=[1] true=[3] merged=[1, 3]
297.8 fp=[1] true=[3] merged=[1, 3]
298.1 fp=[1] true=[3] merged=[1, 3]
298.4 fp=[1] true=[3] merged=[1, 3]
298.7 fp=[1] true=[3] merged=[1, 3]
299.0 fp=[1] true=[3] merged=[1, 3]
299.3 fp=[1] true=[3] merged=[1, 3]
299.6 fp=[1] true=[3] merged=[1, 3]
300.0 fp=[1] true=[3] merged=[1, 3]
300.3 fp=[1] true=[3] merged=[1, 3]
300.6 fp=[1] true=[3] merged=[1, 3]
300.9 fp=[1] true=[3] merged=[1, 3]
301.2 fp=[1] true=[3] merged=[1, 3]
301.5 fp=[1] true=[3] merged=[1, 3]
301.8 fp=[1] true=[3] merged=[1, 3]
302.2 fp=[1] true=[3] merged=[1, 3]
302.5 fp=[1] true=[3] merged=[1, 3]
302.8 fp=[1] true=[3] merged=[1, 3]
303.1 fp=[1] true=[3] merged=[1, 3]
303.4 fp=[1] true=[3] merged=[1, 3]
303.7 fp=[1] true=[3] merged=[1, 3]
304.0 fp=[1] true=[3] merged=[1, 3]
304.4 fp=[1] true=[3] merged=[1, 3]
304.7 fp=[1] true=[3] merged=[1, 3]
305.0 fp=[1] true=[3] merged=[1, 3]
305.3 fp=[1] true=[3] merged=[1, 3]
305.6 fp=[1] true=[3] merged=[1, 3]
305.9 fp=[1] true=[3] merged=[1, 3]
306.3 fp=[1] true=[3] merged=[1, 3]
306.6 fp=[1] true=[3] merged=[1, 3]
306.9 fp=[1] true=[3] merged=[1, 3]
307.2 fp=[1] true=[3] merged=[1, 3]
307.6 fp=[1] true=[3] merged=[1, 3]
307.9 fp=[1] true=[3] merged=[1, 3]
308.2 fp=[1] true=[3] merged=[1, 3]
308.5 fp=[1] true=[3] merged=[1, 3]
308.8 fp=[1] true=[3] merged=[1, 3]
309.1 fp=[1] true=[3] merged=[1, 3]
309.4 fp=[1] true=[3] merged=[1, 3]
309.7 fp=[1] true=[3] merged=[1, 3]
310.1 fp=[1] true=[3] merged=[1, 3]
310.4 fp=[1] true=[3] merged=[1, 3]
310.7 fp=[1] true=[3] merged=[1, 3]
311.0 fp=[1] true=[3] merged=[1, 3]
311.3 fp=[1] true=[3] merged=[1, 3]
311.7 fp=[1] true=[3] merged=[1, 3]
312.0 fp=[1] true=[3] merged=[1, 3]
312.3 fp=[1] true=[3] merged=[1, 3]
312.6 fp=[1] true=[3] merged=[1, 3]
312.9 fp=[1] true=[3] merged=[1, 3]
313.2 fp=[1] true=[3] merged=[1, 3]
313.5 fp=[1] true=[3] merged=[1, 3]
313.9 fp=[1] true=[3] merged=[1, 3]
314.2 fp=[1] true=[3] merged=[1, 3]
314.5 fp=[1] true=[3] merged=[1, 3]
314.8 fp=[1] true=[3] merged=[1, 3]
315.1 fp=[1] true=[3] merged=[1, 3]
315.4 fp=[1] true=[3] merged=[1, 3]
315.7 fp=[1] true=[3] merged=[1, 3]
316.1 fp=[1] true=[3] merged=[1, 3]
316.4 fp=[1] true=[3] merged=[1, 3]
316.7 fp=[1] true=[3] merged=[1, 3]
317.0 fp=[1] true=[3] merged=[1, 3]
317.3 fp=[4] true=[3] merged=[3, 4]
317.6 fp=[4] true=[3] merged=[3, 4]
317.9 fp=[4] true=[3] merged=[3, 4]
318.2 fp=[4] true=[3] merged=[3, 4]
318.6 fp=[4] true=[3] merged=[3, 4]
318.9 fp=[4] true=[3] merged=[3, 4]
319.2 fp=[1] true=[3] merged=[1, 3]
319.5 fp=[1] true=[3] merged=[1, 3]
319.8 fp=[1] true=[3] merged=[1, 3]
320.2 fp=[1] true=[3] merged=[1, 3]
320.5 fp=[1] true=[3] merged=[1, 3]
320.8 fp=[1] true=[3] merged=[1, 3]
321.1 fp=[1] true=[3] merged=[1, 3]
321.4 fp=[1] true=[3] merged=[1, 3]
321.7 fp=[1] true=[3] merged=[1, 3]
322.0 fp=[1] true=[3] merged=[1, 3]
322.3 fp=[1] true=[3] merged=[1, 3]
322.7 fp=[1] true=[3] merged=[1, 3]
323.0 fp=[1] true=[3] merged=[1, 3]
323.3 fp=[1] true=[3] merged=[1, 3]
323.6 fp=[1] true=[3] merged=[1, 3]
323.9 fp=[1] true=[3] merged=[1, 3]
324.2 fp=[1] true=[3] merged=[1, 3]
324.6 fp=[1] true=[3] merged=[1, 3]
324.9 fp=[1] true=[3] merged=[1, 3]
325.2 fp=[1] true=[3] merged=[1, 3]
325.5 fp=[1] true=[3] merged=[1, 3]
325.8 fp=[1] true=[3] merged=[1, 3]
326.1 fp=[1] true=[3] merged=[1, 3]
326.4 fp=[1] true=[3] merged=[1, 3]
326.7 fp=[1] true=[3] merged=[1, 3]
327.1 fp=[1] true=[3] merged=[1, 3]
327.4 fp=[1] true=[3] merged=[1, 3]
327.7 fp=[1] true=[3] merged=[1, 3]
328.0 fp=[1] true=[3] merged=[1, 3]
328.3 fp=[1] true=[3] merged=[1, 3]
328.7 fp=[1] true=[3] merged=[1, 3]
329.0 fp=[1] true=[3] merged=[1, 3]
329.3 fp=[1] true=[3] merged=[1, 3]
329.6 fp=[1] true=[3] merged=[1, 3]
329.9 fp=[1] true=[3] merged=[1, 3]
330.2 fp=[1] true=[3] merged=[1, 3]
330.5 fp=[1] true=[3] merged=[1, 3]
330.8 fp=[1] true=[3] merged=[1, 3]
331.2 fp=[1] true=[3] merged=[1, 3]
331.5 fp=[1] true=[3] merged=[1, 3]
331.8 fp=[1] true=[3] merged=[1, 3]
332.1 fp=[1] true=[3] merged=[1, 3]
332.4 fp=[1] true=[3] merged=[1, 3]
332.7 fp=[1] true=[3] merged=[1, 3]
333.0 fp=[1] true=[3] merged=[1, 3]
333.4 fp=[1] true=[3] merged=[1, 3]
333.7 fp=[1] true=[3] merged=[1, 3]
334.0 fp=[1] true=[3] merged=[1, 3]
334.3 fp=[1] true=[3] merged=[1, 3]
334.6 fp=[1] true=[3] merged=[1, 3]
334.9 fp=[1] true=[3] merged=[1, 3]
335.2 fp=[1] true=[3] merged=[1, 3]
335.6 fp=[1] true=[3] merged=[1, 3]
335.9 fp=[1] true=[3] merged=[1, 3]
336.2 fp=[1] true=[3] merged=[1, 3]
336.5 fp=[1] true=[3] merged=[1, 3]
336.8 fp=[1] true=[3] merged=[1, 3]
337.1 fp=[1] true=[3] merged=[1, 3]
337.4 fp=[1] true=[3] merged=[1, 3]
337.8 fp=[1] true=[3] merged=[1, 3]
338.1 fp=[1] true=[3] merged=[1, 3]
338.4 fp=[1] true=[3] merged=[1, 3]
338.7 fp=[1] true=[3] merged=[1, 3]
339.0 fp=[1] true=[3] merged=[1, 3]
339.3 fp=[1] true=[3] merged=[1, 3]
339.6 fp=[1] true=[3] merged=[1, 3]
340.0 fp=[1] true=[3] merged=[1, 3]
340.3 fp=[1] true=[3] merged=[1, 3]
340.6 fp=[1] true=[3] merged=[1, 3]
340.9 fp=[1] true=[3] merged=[1, 3]
341.2 fp=[1] true=[3] merged=[1, 3]
341.5 fp=[1] true=[3] merged=[1, 3]
341.8 fp=[1] true=[3] merged=[1, 3]
342.1 fp=[1] true=[3] merged=[1, 3]
342.4 fp=[1] true=[3] merged=[1, 3]
342.8 fp=[1] true=[3] merged=[1, 3]
343.1 fp=[1] true=[3] merged=[1, 3]
343.4 fp=[1] true=[3] merged=[1, 3]
343.7 fp=[1] true=[3] merged=[1, 3]
344.0 fp=[1] true=[3] merged=[1, 3]
344.3 fp=[1] true=[3] merged=[1, 3]
344.7 fp=[1] true=[3] merged=[1, 3]
345.0 fp=[1] true=[3] merged=[1, 3]
345.3 fp=[1] true=[3] merged=[1, 3]
345.6 fp=[1] true=[3] merged=[1, 3]
346.1 fp=[1] true=[3] merged=[1, 3]
346.4 fp=[1] true=[3] merged=[1, 3]
346.7 fp=[1] true=[3] merged=[1, 3]
347.0 fp=[1] true=[3] merged=[1, 3]
347.4 fp=[1] true=[3] merged=[1, 3]
347.7 fp=[1] true=[3] merged=[1, 3]
348.0 fp=[1] true=[3] merged=[1, 3]
348.3 fp=[1] true=[3] merged=[1, 3]
348.6 fp=[1] true=[3] merged=[1, 3]
348.9 fp=[1] true=[3] merged=[1, 3]
349.3 fp=[1] true=[3] merged=[1, 3]
349.6 fp=[1] true=[3] merged=[1, 3]
349.9 fp=[1] true=[3] merged=[1, 3]
350.2 fp=[1] true=[3] merged=[1, 3]
350.5 fp=[1] true=[3] merged=[1, 3]
350.8 fp=[1] true=[3] merged=[1, 3]
351.2 fp=[1] true=[3] merged=[1, 3]
351.5 fp=[1] true=[3] merged=[1, 3]
351.8 fp=[1] true=[3] merged=[1, 3]
352.1 fp=[1] true=[3] merged=[1, 3]
352.4 fp=[1] true=[3] merged=[1, 3]
352.7 fp=[1] true=[3] merged=[1, 3]
353.0 fp=[1] true=[3] merged=[1, 3]
353.3 fp=[1] true=[3] merged=[1, 3]
353.7 fp=[1] true=[3] merged=[1, 3]
354.0 fp=[1] true=[3] merged=[1, 3]
354.3 fp=[1] true=[3] merged=[1, 3]
354.6 fp=[1] true=[3] merged=[1, 3]
354.9 fp=[1] true=[3] merged=[1, 3]
355.2 fp=[1] true=[3] merged=[1, 3]
355.6 fp=[1] true=[3] merged=[1, 3]
355.9 fp=[1] true=[3] merged=[1, 3]
356.2 fp=[1] true=[3] merged=[1, 3]
356.5 fp=[1] true=[3] merged=[1, 3]
356.8 fp=[1] true=[3] merged=[1, 3]
357.1 fp=[1] true=[3] merged=[1, 3]
357.4 fp=[1] true=[3] merged=[1, 3]
357.8 fp=[1] true=[3] merged=[1, 3]
358.1 fp=[1] true=[3] merged=[1, 3]
358.4 fp=[1] true=[3] merged=[1, 3]
358.7 fp=[1] true=[3] merged=[1, 3]
359.0 fp=[1] true=[3] merged=[1, 3]
359.3 fp=[1] true=[3] merged=[1, 3]
359.6 fp=[1] true=[3] merged=[1, 3]
360.0 fp=[1] true=[3] merged=[1, 3]
360.3 fp=[1] true=[3] merged=[1, 3]
360.6 fp=[1] true=[3] merged=[1, 3]
360.9 fp=[1] true=[3] merged=[1, 3]
361.2 fp=[1] true=[3] merged=[1, 3]
361.5 fp=[1] true=[3] merged=[1, 3]
361.8 fp=[1] true=[3] merged=[1, 3]
362.1 fp=[1] true=[3] merged=[1, 3]
362.5 fp=[1] true=[3] merged=[1, 3]
362.8 fp=[1] true=[3] merged=[1, 3]
363.1 fp=[1] true=[3] merged=[1, 3]
363.4 fp=[1] true=[3] merged=[1, 3]
363.7 fp=[1] true=[3] merged=[1, 3]
364.0 fp=[1] true=[3] merged=[1, 3]
364.3 fp=[1] true=[3] merged=[1, 3]
364.6 fp=[1] true=[3] merged=[1, 3]
364.9 fp=[1] true=[3] merged=[1, 3]
365.3 fp=[1] true=[3] merged=[1, 3]
365.6 fp=[1] true=[3] merged=[1, 3]
365.9 fp=[1] true=[3] merged=[1, 3]
366.2 fp=[1] true=[3] merged=[1, 3]
366.5 fp=[1] true=[3] merged=[1, 3]
366.8 fp=[1] true=[3] merged=[1, 3]
367.2 fp=[1] true=[3] merged=[1, 3]
367.5 fp=[1] true=[3] merged=[1, 3]
367.8 fp=[1] true=[3] merged=[1, 3]
368.1 fp=[1] true=[3] merged=[1, 3]
368.4 fp=[1] true=[3] merged=[1, 3]
368.7 fp=[1] true=[3] merged=[1, 3]
369.0 fp=[1] true=[3] merged=[1, 3]
369.4 fp=[1] true=[3] merged=[1, 3]
369.7 fp=[1] true=[3] merged=[1, 3]
370.0 fp=[1] true=[3] merged=[1, 3]
370.3 fp=[1] true=[3] merged=[1, 3]
370.6 fp=[1] true=[3] merged=[1, 3]
370.9 fp=[1] true=[3] merged=[1, 3]
371.3 fp=[1] true=[3] merged=[1, 3]
371.6 fp=[1] true=[3] merged=[1, 3]
371.9 fp=[1] true=[3] merged=[1, 3]
372.2 fp=[1] true=[3] merged=[1, 3]
372.5 fp=[1] true=[3] merged=[1, 3]
372.8 fp=[1] true=[3] merged=[1, 3]
373.1 fp=[1] true=[3] merged=[1, 3]
373.5 fp=[1] true=[3] merged=[1, 3]
373.8 fp=[1] true=[3] merged=[1, 3]
374.1 fp=[1] true=[3] merged=[1, 3]
374.4 fp=[1] true=[3] merged=[1, 3]
374.7 fp=[1] true=[3] merged=[1, 3]
375.0 fp=[1] true=[3] merged=[1, 3]
375.4 fp=[1] true=[3] merged=[1, 3]
375.7 fp=[1] true=[3] merged=[1, 3]
376.0 fp=[1] true=[3] merged=[1, 3]
376.3 fp=[1] true=[3] merged=[1, 3]
376.6 fp=[1] true=[3] merged=[1, 3]
376.9 fp=[1] true=[3] merged=[1, 3]
377.2 fp=[1] true=[3] merged=[1, 3]
377.6 fp=[1] true=[3] merged=[1, 3]
377.9 fp=[1] true=[3] merged=[1, 3]
378.2 fp=[1] true=[3] merged=[1, 3]
378.5 fp=[1] true=[3] merged=[1, 3]
378.8 fp=[1] true=[3] merged=[1, 3]
379.2 fp=[1] true=[3] merged=[1, 3]
379.5 fp=[1] true=[3] merged=[1, 3]
379.8 fp=[1] true=[3] merged=[1, 3]
380.1 fp=[1] true=[3] merged=[1, 3]
380.4 fp=[1] true=[3] merged=[1, 3]
380.7 fp=[1] true=[3] merged=[1, 3]
381.0 fp=[1] true=[3] merged=[1, 3]
381.4 fp=[1] true=[3] merged=[1, 3]
381.7 fp=[1] true=[3] merged=[1, 3]
382.0 fp=[1] true=[3] merged=[1, 3]
382.3 fp=[1] true=[3] merged=[1, 3]
382.6 fp=[1] true=[3] merged=[1, 3]
382.9 fp=[1] true=[3] merged=[1, 3]
383.2 fp=[1] true=[3] merged=[1, 3]
383.6 fp=[1] true=[3] merged=[1, 3]
383.9 fp=[1] true=[3] merged=[1, 3]
384.2 fp=[1] true=[3] merged=[1, 3]
384.5 fp=[1] true=[3] merged=[1, 3]
384.8 fp=[1] true=[3] merged=[1, 3]
385.1 fp=[1] true=[3] merged=[1, 3]
385.5 fp=[1] true=[3] merged=[1, 3]
385.8 fp=[1] true=[3] merged=[1, 3]
386.1 fp=[1] true=[3] merged=[1, 3]
386.4 fp=[1] true=[3] merged=[1, 3]
386.7 fp=[1] true=[3] merged=[1, 3]
387.1 fp=[1] true=[3] merged=[1, 3]
387.4 fp=[1] true=[3] merged=[1, 3]
387.7 fp=[1] true=[3] merged=[1, 3]
388.0 fp=[1] true=[3] merged=[1, 3]
