# start rate=20 seed=3 dur=420 n=7 target=3 events=90
7.2 fp=[4] true=[3] merged=[3, 4]
7.5 fp=[4] true=[3] merged=[3, 4]
7.8 fp=[4] true=[3] merged=[3, 4]
8.1 fp=[4] true=[3] merged=[3, 4]
8.4 fp=[4] true=[3] merged=[3, 4]
8.8 fp=[4] true=[3] merged=[3, 4]
9.1 fp=[4] true=[3] merged=[3, 4]
9.4 fp=[4] true=[3] merged=[3, 4]
9.8 fp=[4] true=[3] merged=[3, 4]
10.1 fp=[4] true=[3] merged=[3, 4]
10.4 fp=[4] true=[3] merged=[3, 4]
10.7 fp=[4] true=[3] merged=[3, 4]
11.0 fp=[4] true=[3] merged=[3, 4]
11.3 fp=[4] true=[3] merged=[3, 4]
11.7 fp=[4] true=[3] merged=[3, 4]
12.0 fp=[4] true=[3] merged=[3, 4]
12.3 fp=[4] true=[3] merged=[3, 4]
12.6 fp=[4] true=[3] merged=[3, 4]
12.9 fp=[4] true=[3] merged=[3, 4]
13.2 fp=[4] true=[3] merged=[3, 4]
13.5 fp=[4] true=[3] merged=[3, 4]
13.8 fp=[4] true=[3] merged=[3, 4]
14.1 fp=[4] true=[3] merged=[3, 4]
14.5 fp=[4] true=[3] merged=[3, 4]
14.8 fp=[4] true=[3] merged=[3, 4]
15.1 fp=[4] true=[3] merged=[3, 4]
15.4 fp=[4] true=[3] merged=[3, 4]
15.7 fp=[4] true=[3] merged=[3, 4]
16.0 fp=[4] true=[3] merged=[3, 4]
16.3 fp=[4] true=[3] merged=[3, 4]
16.7 fp=[4] true=[3] merged=[3, 4]
17.0 fp=[4] true=[3] merged=[3, 4]
17.3 fp=[4] true=[3] merged=[3, 4]
17.6 fp=[4] true=[3] merged=[3, 4]
17.9 fp=[4] true=[3] merged=[3, 4]
18.2 fp=[1] true=[3] merged=[1, 3]
18.5 fp=[1] true=[3] merged=[1, 3]
18.9 fp=[1] true=[3] merged=[1, 3]
19.2 fp=[1] true=[3] merged=[1, 3]
19.5 fp=[1] true=[3] merged=[1, 3]
19.8 fp=[1] true=[3] merged=[1, 3]
20.1 fp=[1] true=[3] merged=[1, 3]
20.4 fp=[1] true=[3] merged=[1, 3]
20.7 fp=[1] true=[3] merged=[1, 3]
21.0 fp=[1] true=[3] merged=[1, 3]
21.4 fp=[1] true=[3] merged=[1, 3]
21.7 fp=[1] true=[3] merged=[1, 3]
22.0 fp=[1] true=[3] merged=[1, 3]
22.3 fp=[1] true=[3] merged=[1, 3]
22.6 fp=[1] true=[3] merged=[1, 3]
22.9 fp=[1] true=[3] merged=[1, 3]
23.3 fp=[1] true=[3] merged=[1, 3]
23.6 fp=[1] true=[3] merged=[1, 3]
23.9 fp=[1] true=[3] merged=[1, 3]
24.2 fp=[1] true=[3] merged=[1, 3]
24.5 fp=[1] true=[3] merged=[1, 3]
24.8 fp=[1] true=[3] merged=[1, 3]
25.1 fp=[1] true=[3] merged=[1, 3]
25.4 fp=[1] true=[3] merged=[1, 3]
25.8 fp=[1] true=[3] merged=[1, 3]
26.1 fp=[1] true=[3] merged=[1, 3]
26.4 fp=[1] true=[3] merged=[1, 3]
26.7 fp=[1] true=[3] merged=[1, 3]
27.0 fp=[1] true=[3] merged=[1, 3]
27.3 fp=[1] true=[3] merged=[1, 3]
27.6 fp=[1] true=[3] merged=[1, 3]
27.9 fp=[1] true=[3] merged=[1, 3]
28.3 fp=[1] true=[3] merged=[1, 3]
28.6 fp=[1] true=[3] merged=[1, 3]
28.9 fp=[1] true=[3] merged=[1, 3]
29.2 fp=[1] true=[3] merged=[1, 3]
29.5 fp=[1] true=[3] merged=[1, 3]
29.8 fp=[1] true=[3] merged=[1, 3]
30.2 fp=[1] true=[3] merged=[1, 3]
30.5 fp=[1] true=[3] merged=[1, 3]
30.8 fp=[1] true=[3] merged=[1, 3]
31.1 fp=[1] true=[3] merged=[1, 3]
31.4 fp=[1] true=[3] merged=[1, 3]
31.7 fp=[1] true=[3] merged=[1, 3]
32.1 fp=[1] true=[3] merged=[1, 3]
32.4 fp=[1] true=[3] merged=[1, 3]
32.7 fp=[1] true=[3] merged=[1, 3]
33.0 fp=[1] true=[3] merged=[1, 3]
33.3 fp=[1] true=[3] merged=[1, 3]
33.6 fp=[1] true=[3] merged=[1, 3]
33.9 fp=[1] true=[3] merged=[1, 3]
34.2 fp=[1] true=[3] merged=[1, 3]
34.5 fp=[1] true=[3] merged=[1, 3]
34.8 fp=[1] true=[3] merged=[1, 3]
35.2 fp=[1] true=[3] merged=[1, 3]
35.5 fp=[1] true=[3] merged=[1, 3]
35.8 fp=[1] true=[3] merged=[1, 3]
36.1 fp=[1] true=[3] merged=[1, 3]
36.4 fp=[1] true=[3] merged=[1, 3]
36.7 fp=[1] true=[3] merged=[1, 3]
37.0 fp=[1] true=[3] merged=[1, 3]
37.3 fp=[1] true=[3] merged=[1, 3]
37.7 fp=[1] true=[3] merged=[1, 3]
38.0 fp=[1] true=[3] merged=[1, 3]
38.3 fp=[2] true=[3] merged=[2, 3]
38.6 fp=[2] true=[3] merged=[2, 3]
38.9 fp=[2] true=[3] merged=[2, 3]
39.2 fp=[2] true=[3] merged=[2, 3]
39.5 fp=[2] true=[3] merged=[2, 3]
39.9 fp=[2] true=[3] merged=[2, 3]
40.2 fp=[2] true=[3] merged=[2, 3]
40.5 fp=[2] true=[3] merged=[2, 3]
40.8 fp=[2] true=[3] merged=[2, 3]
41.1 fp=[2] true=[3] merged=[2, 3]
41.4 fp=[2] true=[3] merged=[2, 3]
41.7 fp=[2] true=[3] merged=[2, 3]
42.1 fp=[2] true=[3] merged=[2, 3]
42.4 fp=[2] true=[3] merged=[2, 3]
42.7 fp=[2] true=[3] merged=[2, 3]
43.0 fp=[2] true=[3] merged=[2, 3]
43.3 fp=[2] true=[3] merged=[2, 3]
43.6 fp=[2] true=[3] merged=[2, 3]
43.9 fp=[2] true=[3] merged=[2, 3]
44.2 fp=[2] true=[3] merged=[2, 3]
44.5 fp=[2] true=[3] merged=[2, 3]
44.9 fp=[2] true=[3] merged=[2, 3]
45.2 fp=[2] true=[3] merged=[2, 3]
45.5 fp=[2] true=[3] merged=[2, 3]
45.8 fp=[2] true=[3] merged=[2, 3]
46.1 fp=[2] true=[3] merged=[2, 3]
46.4 fp=[2] true=[3] merged=[2, 3]
46.7 fp=[2] true=[3] merged=[2, 3]
47.0 fp=[2] true=[3] merged=[2, 3]
47.3 fp=[2] true=[3] merged=[2, 3]
47.6 fp=[2] true=[3] merged=[2, 3]
48.0 fp=[2] true=[3] merged=[2, 3]
48.3 fp=[2] true=[3] merged=[2, 3]
48.6 fp=[2] true=[3] merged=[2, 3]
49.0 fp=[2] true=[3] merged=[2, 3]
49.3 fp=[2] true=[3] merged=[2, 3]
49.6 fp=[2] true=[3] merged=[2, 3]
49.9 fp=[2] true=[3] merged=[2, 3]
50.2 fp=[2] true=[3] merged=[2, 3]
50.5 fp=[2] true=[3] merged=[2, 3]
50.8 fp=[2] true=[3] merged=[2, 3]
51.1 fp=[2] true=[3] merged=[2, 3]
51.5 fp=[2] true=[3] merged=[2, 3]
51.8 fp=[2] true=[3] merged=[2, 3]
52.1 fp=[2] true=[3] merged=[2, 3]
52.4 fp=[2] true=[3] merged=[2, 3]
52.7 fp=[2] true=[3] merged=[2, 3]
53.0 fp=[2] true=[3] merged=[2, 3]
53.3 fp=[2] true=[3] merged=[2, 3]
53.6 fp=[2] true=[3] merged=[2, 3]
54.0 fp=[2] true=[3] merged=[2, 3]
54.3 fp=[2] true=[3] merged=[2, 3]
54.6 fp=[2] true=[3] merged=[2, 3]
54.9 fp=[2] true=[3] merged=[2, 3]
55.2 fp=[2] true=[3] merged=[2, 3]
55.5 fp=[2] true=[3] merged=[2, 3]
55.8 fp=[2] true=[3] merged=[2, 3]
56.1 fp=[2] true=[3] merged=[2, 3]
56.4 fp=[2] true=[3] merged=[2, 3]
56.8 fp=[2] true=[3] merged=[2, 3]
57.1 fp=[2] true=[3] merged=[2, 3]
57.4 fp=[2] true=[3] merged=[2, 3]
57.7 fp=[2] true=[3] merged=[2, 3]
58.0 fp=[2] true=[3] merged=[2, 3]
58.3 fp=[2] true=[3] merged=[2, 3]
58.6 fp=[2] true=[3] merged=[2, 3]
58.9 fp=[2] true=[3] merged=[2, 3]
59.3 fp=[2] true=[3] merged=[2, 3]
59.6 fp=[2] true=[3] merged=[2, 3]
60.0 fp=[2] true=[3] merged=[2, 3]
60.3 fp=[2] true=[3] merged=[2, 3]
60.6 fp=[2] true=[3] merged=[2, 3]
60.9 fp=[2] true=[3] merged=[2, 3]
61.2 fp=[2] true=[3] merged=[2, 3]
61.5 fp=[2] true=[3] merged=[2, 3]
61.8 fp=[2] true=[3] merged=[2, 3]
62.1 fp=[2] true=[3] merged=[2, 3]
62.4 fp=[2] true=[3] merged=[2, 3]
62.8 fp=[2] true=[3] merged=[2, 3]
63.1 fp=[2] true=[3] merged=[2, 3]
63.4 fp=[2] true=[3] merged=[2, 3]
63.7 fp=[2] true=[3] merged=[2, 3]
64.0 fp=[4] true=[3] merged=[3, 4]
64.3 fp=[4] true=[3] merged=[3, 4]
64.7 fp=[4] true=[3] merged=[3, 4]
65.0 fp=[4] true=[3] merged=[3, 4]
65.3 fp=[4] true=[3] merged=[3, 4]
65.6 fp=[4] true=[3] merged=[3, 4]
65.9 fp=[4] true=[3] merged=[3, 4]
66.2 fp=[4] true=[3] merged=[3, 4]
66.5 fp=[4] true=[3] merged=[3, 4]
66.8 fp=[4] true=[3] merged=[3, 4]
67.2 fp=[4] true=[3] merged=[3, 4]
67.5 fp=[4] true=[3] merged=[3, 4]
67.8 fp=[4] true=[3] merged=[3, 4]
68.1 fp=[4] true=[3] merged=[3, 4]
68.4 fp=[4] true=[3] merged=[3, 4]
68.7 fp=[4] true=[3] merged=[3, 4]
69.1 fp=[2] true=[3] merged=[2, 3]
69.4 fp=[2] true=[3] merged=[2, 3]
69.7 fp=[2] true=[3] merged=[2, 3]
70.0 fp=[2] true=[3] merged=[2, 3]
70.3 fp=[2] true=[3] merged=[2, 3]
70.6 fp=[2] true=[3] merged=[2, 3]
70.9 fp=[2] true=[3] merged=[2, 3]
71.2 fp=[2] true=[3] merged=[2, 3]
71.5 fp=[2] true=[3] merged=[2, 3]
71.8 fp=[2] true=[3] merged=[2, 3]
72.2 fp=[2] true=[3] merged=[2, 3]
72.5 fp=[2] true=[3] merged=[2, 3]
72.8 fp=[2] true=[3] merged=[2, 3]
73.1 fp=[2] true=[3] merged=[2, 3]
73.4 fp=[2] true=[3] merged=[2, 3]
73.7 fp=[2] true=[3] merged=[2, 3]
74.0 fp=[1] true=[3] merged=[1, 3]
74.3 fp=[1] true=[3] merged=[1, 3]
74.7 fp=[1] true=[3] merged=[1, 3]
75.0 fp=[1] true=[3] merged=[1, 3]
75.3 fp=[1] true=[3] merged=[1, 3]
75.6 fp=[1] true=[3] merged=[1, 3]
75.9 fp=[1] true=[3] merged=[1, 3]
76.2 fp=[1] true=[3] merged=[1, 3]
76.5 fp=[1] true=[3] merged=[1, 3]
76.9 fp=[1] true=[3] merged=[1, 3]
77.2 fp=[1] true=[3] merged=[1, 3]
77.5 fp=[1] true=[3] merged=[1, 3]
77.8 fp=[1] true=[3] merged=[1, 3]
78.1 fp=[1] true=[3] merged=[1, 3]
78.4 fp=[1] true=[3] merged=[1, 3]
78.8 fp=[1] true=[3] merged=[1, 3]
79.1 fp=[1] true=[3] merged=[1, 3]
79.4 fp=[1] true=[3] merged=[1, 3]
79.7 fp=[1] true=[3] merged=[1, 3]
80.0 fp=[1] true=[3] merged=[1, 3]
80.3 fp=[1] true=[3] merged=[1, 3]
80.6 fp=[1] true=[3] merged=[1, 3]
80.9 fp=[1] true=[3] merged=[1, 3]
81.2 fp=[1] true=[3] merged=[1, 3]
81.5 fp=[1] true=[3] merged=[1, 3]
81.9 fp=[1] true=[3] merged=[1, 3]
82.2 fp=[1] true=[3] merged=[1, 3]
82.5 fp=[1] true=[3] merged=[1, 3]
82.8 fp=[1] true=[3] merged=[1, 3]
83.1 fp=[1] true=[3] merged=[1, 3]
83.4 fp=[1] true=[3] merged=[1, 3]
83.7 fp=[1] true=[3] merged=[1, 3]
84.0 fp=[1] true=[3] merged=[1, 3]
84.3 fp=[1] true=[3] merged=[1, 3]
84.7 fp=[1] true=[3] merged=[1, 3]
85.0 fp=[1] true=[3] merged=[1, 3]
85.3 fp=[1] true=[3] merged=[1, 3]
85.6 fp=[1] true=[3] merged=[1, 3]
85.9 fp=[1] true=[3] merged=[1, 3]
86.2 fp=[1] true=[3] merged=[1, 3]
86.5 fp=[1] true=[3] merged=[1, 3]
86.9 fp=[1] true=[3] merged=[1, 3]
87.2 fp=[1] true=[3] merged=[1, 3]
87.5 fp=[1] true=[3] merged=[1, 3]
87.8 fp=[1] true=[3] merged=[1, 3]
88.1 fp=[1] true=[3] merged=[1, 3]
88.5 fp=[1] true=[3] merged=[1, 3]
88.8 fp=[1] true=[3] merged=[1, 3]
89.1 fp=[1] true=[3] merged=[1, 3]
89.4 fp=[1] true=[3] merged=[1, 3]
89.7 fp=[1] true=[3] merged=[1, 3]
90.0 fp=[1] true=[3] merged=[1, 3]
90.3 fp=[1] true=[3] merged=[1, 3]
90.6 fp=[1] true=[3] merged=[1, 3]
91.0 fp=[1] true=[3] merged=[1, 3]
91.3 fp=[1] true=[3] merged=[1, 3]
91.6 fp=[1] true=[3] merged=[1, 3]
91.9 fp=[1] true=[3] merged=[1, 3]
92.2 fp=[1] true=[3] merged=[1, 3]
92.5 fp=[1] true=[3] merged=[1, 3]
92.9 fp=[1] true=[3] merged=[1, 3]
93.2 fp=[1] true=[3] merged=[1, 3]
93.5 fp=[1] true=[3] merged=[1, 3]
93.8 fp=[1] true=[3] merged=[1, 3]
94.1 fp=[1] true=[3] merged=[1, 3]
94.4 fp=[1] true=[3] merged=[1, 3]
94.7 fp=[1] true=[3] merged=[1, 3]
95.0 fp=[1] true=[3] merged=[1, 3]
95.4 fp=[1] true=[3] merged=[1, 3]
95.7 fp=[1] true=[3] merged=[1, 3]
96.0 fp=[1] true=[3] merged=[1, 3]
96.3 fp=[1] true=[3] merged=[1, 3]
96.6 fp=[1] true=[3] merged=[1, 3]
97.0 fp=[1] true=[3] merged=[1, 3]
97.3 fp=[1] true=[3] merged=[1, 3]
97.6 fp=[1] true=[3] merged=[1, 3]
97.9 fp=[1] true=[3] merged=[1, 3]
98.2 fp=[1] true=[3] merged=[1, 3]
98.5 fp=[1] true=[3] merged=[1, 3]
98.8 fp=[1] true=[3] merged=[1, 3]
99.2 fp=[1] true=[3] merged=[1, 3]
99.5 fp=[1] true=[3] merged=[1, 3]
99.8 fp=[1] true=[3] merged=[1, 3]
100.1 fp=[1] true=[3] merged=[1, 3]
100.4 fp=[1] true=[3] merged=[1, 3]
100.7 fp=[1] true=[3] merged=[1, 3]
101.0 fp=[1] true=[3] merged=[1, 3]
101.4 fp=[1] true=[3] merged=[1, 3]
101.7 fp=[1] true=[3] merged=[1, 3]
102.0 fp=[1] true=[3] merged=[1, 3]
102.3 fp=[1] true=[3] merged=[1, 3]
102.6 fp=[1] true=[3] merged=[1, 3]
102.9 fp=[1] true=[3] merged=[1, 3]
103.2 fp=[1] true=[3] merged=[1, 3]
103.5 fp=[1] true=[3] merged=[1, 3]
103.8 fp=[1] true=[3] merged=[1, 3]
104.2 fp=[1] true=[3] merged=[1, 3]
104.5 fp=[1] true=[3] merged=[1, 3]
104.8 fp=[1] true=[3] merged=[1, 3]
105.1 fp=[1] true=[3] merged=[1, 3]
105.4 fp=[1] true=[3] merged=[1, 3]
105.7 fp=[1] true=[3] merged=[1, 3]
106.1 fp=[1] true=[3] merged=[1, 3]
106.4 fp=[1] true=[3] merged=[1, 3]
106.7 fp=[1] true=[3] merged=[1, 3]
107.0 fp=[1] true=[3] merged=[1, 3]
107.3 fp=[1] true=[3] merged=[1, 3]
107.6 fp=[1] true=[3] merged=[1, 3]
108.0 fp=[1] true=[3] merged=[1, 3]
108.3 fp=[1] true=[3] merged=[1, 3]
108.6 fp=[1] true=[3] merged=[1, 3]
108.9 fp=[1] true=[3] merged=[1, 3]
109.3 fp=[1] true=[3] merged=[1, 3]
109.6 fp=[1] true=[3] merged=[1, 3]
109.9 fp=[1] true=[3] merged=[1, 3]
110.2 fp=[1] true=[3] merged=[1, 3]
110.5 fp=[1] true=[3] merged=[1, 3]
110.8 fp=[1] true=[3] merged=[1, 3]
111.1 fp=[1] true=[3] merged=[1, 3]
111.5 fp=[1] true=[3] merged=[1, 3]
111.8 fp=[1] true=[3] merged=[1, 3]
112.1 fp=[1] true=[3] merged=[1, 3]
112.4 fp=[1] true=[3] merged=[1, 3]
112.7 fp=[1] true=[3] merged=[1, 3]
113.0 fp=[1] true=[3] merged=[1, 3]
113.3 fp=[1] true=[3] merged=[1, 3]
113.6 fp=[1] true=[3] merged=[1, 3]
114.0 fp=[1] true=[3] merged=[1, 3]
114.3 fp=[1] true=[3] merged=[1, 3]
114.6 fp=[1] true=[3] merged=[1, 3]
114.9 fp=[1] true=[3] merged=[1, 3]
115.2 fp=[1] true=[3] merged=[1, 3]
115.5 fp=[1] true=[3] merged=[1, 3]
115.8 fp=[1] true=[3] merged=[1, 3]
116.2 fp=[1] true=[3] merged=[1, 3]
116.5 fp=[1] true=[3] merged=[1, 3]
116.8 fp=[1] true=[3] merged=[1, 3]
117.1 fp=[1] true=[3] merged=[1, 3]
117.4 fp=[1] true=[3] merged=[1, 3]
117.7 fp=[1] true=[3] merged=[1, 3]
118.0 fp=[1] true=[3] merged=[1, 3]
118.3 fp=[1] true=[3] merged=[1, 3]
118.6 fp=[1] true=[3] merged=[1, 3]
118.9 fp=[1] true=[3] merged=[1, 3]
119.3 fp=[1] true=[3] merged=[1, 3]
119.6 fp=[1] true=[3] merged=[1, 3]
119.9 fp=[1] true=[3] merged=[1, 3]
120.2 fp=[1] true=[3] merged=[1, 3]
120.5 fp=[1] true=[3] merged=[1, 3]
120.8 fp=[1] true=[3] merged=[1, 3]
121.1 fp=[1] true=[3] merged=[1, 3]
121.5 fp=[1] true=[3] merged=[1, 3]
121.8 fp=[1] true=[3] merged=[1, 3]
122.1 fp=[1] true=[3] merged=[1, 3]
122.4 fp=[1] true=[3] merged=[1, 3]
122.7 fp=[1] true=[3] merged=[1, 3]
123.0 fp=[1] true=[3] merged=[1, 3]
123.4 fp=[1] true=[3] merged=[1, 3]
123.7 fp=[1] true=[3] merged=[1, 3]
124.0 fp=[1] true=[3] merged=[1, 3]
124.3 fp=[1] true=[3] merged=[1, 3]
124.6 fp=[1] true=[3] merged=[1, 3]
124.9 fp=[1] true=[3] merged=[1, 3]
125.3 fp=[1] true=[3] merged=[1, 3]
125.6 fp=[1] true=[3] merged=[1, 3]
125.9 fp=[1] true=[3] merged=[1, 3]
126.2 fp=[1] true=[3] merged=[1, 3]
126.5 fp=[1] true=[3] merged=[1, 3]
126.8 fp=[1] true=[3] merged=[1, 3]
127.1 fp=[1] true=[3] merged=[1, 3]
127.5 fp=[1] true=[3] merged=[1, 3]
127.8 fp=[1] true=[3] merged=[1, 3]
128.1 fp=[1] true=[3] merged=[1, 3]
128.4 fp=[1] true=[3] merged=[1, 3]
128.7 fp=[1] true=[3] merged=[1, 3]
129.0 fp=[1] true=[3] merged=[1, 3]
129.4 fp=[1] true=[3] merged=[1, 3]
129.7 fp=[1] true=[3] merged=[1, 3]
130.0 fp=[1] true=[3] merged=[1, 3]
130.3 fp=[1] true=[3] merged=[1, 3]
130.6 fp=[1] true=[3] merged=[1, 3]
130.9 fp=[1] true=[3] merged=[1, 3]
131.3 fp=[1] true=[3] merged=[1, 3]
131.6 fp=[1] true=[3] merged=[1, 3]
131.9 fp=[1] true=[3] merged=[1, 3]
132.2 fp=[1] true=[3] merged=[1, 3]
132.5 fp=[1] true=[3] merged=[1, 3]
132.8 fp=[1] true=[3] merged=[1, 3]
133.2 fp=[1] true=[3] merged=[1, 3]
133.5 fp=[1] true=[3] merged=[1, 3]
133.8 fp=[1] true=[3] merged=[1, 3]
134.1 fp=[1] true=[3] merged=[1, 3]
134.4 fp=[1] true=[3] merged=[1, 3]
134.7 fp=[1] true=[3] merged=[1, 3]
135.0 fp=[1] true=[3] merged=[1, 3]
135.4 fp=[1] true=[3] merged=[1, 3]
135.7 fp=[1] true=[3] merged=[1, 3]
136.0 fp=[1] true=[3] merged=[1, 3]
136.3 fp=[1] true=[3] merged=[1, 3]
136.6 fp=[1] true=[3] merged=[1, 3]
136.9 fp=[1] true=[3] merged=[1, 3]
137.2 fp=[1] true=[3] merged=[1, 3]
137.6 fp=[1] true=[3] merged=[1, 3]
137.9 fp=[1] true=[3] merged=[1, 3]
138.2 fp=[1] true=[3] merged=[1, 3]
138.5 fp=[1] true=[3] merged=[1, 3]
138.8 fp=[1] true=[3] merged=[1, 3]
139.1 fp=[1] true=[3] merged=[1, 3]
139.4 fp=[1] true=[3] merged=[1, 3]
139.7 fp=[1] true=[3] merged=[1, 3]
140.0 fp=[1] true=[3] merged=[1, 3]
140.4 fp=[1] true=[3] merged=[1, 3]
140.7 fp=[1] true=[3] merged=[1, 3]
141.0 fp=[1] true=[3] merged=[1, 3]
141.3 fp=[1] true=[3] merged=[1, 3]
141.6 fp=[1] true=[3] merged=[1, 3]
141.9 fp=[1] true=[3] merged=[1, 3]
142.2 fp=[1] true=[3] merged=[1, 3]
142.5 fp=[1] true=[3] merged=[1, 3]
142.9 fp=[1] true=[3] merged=[1, 3]
143.2 fp=[1] true=[3] merged=[1, 3]
143.5 fp=[1] true=[3] merged=[1, 3]
143.8 fp=[1] true=[3] merged=[1, 3]
144.1 fp=[1] true=[3] merged=[1, 3]
144.4 fp=[1] true=[3] merged=[1, 3]
144.7 fp=[1] true=[3] merged=[1, 3]
145.0 fp=[1] true=[3] merged=[1, 3]
145.3 fp=[1] true=[3] merged=[1, 3]
145.7 fp=[1] true=[3] merged=[1, 3]
146.0 fp=[1] true=[3] merged=[1, 3]
146.3 fp=[1] true=[3] merged=[1, 3]
146.6 fp=[1] true=[3] merged=[1, 3]
146.9 fp=[1] true=[3] merged=[1, 3]
147.2 fp=[1] true=[3] merged=[1, 3]
147.5 fp=[1] true=[3] merged=[1, 3]
147.9 fp=[1] true=[3] merged=[1, 3]
148.2 fp=[4] true=[3] merged=[3, 4]
148.5 fp=[4] true=[3] merged=[3, 4]
148.8 fp=[4] true=[3] merged=[3, 4]
149.1 fp=[4] true=[3] merged=[3, 4]
149.4 fp=[4] true=[3] merged=[3, 4]
149.8 fp=[4] true=[3] merged=[3, 4]
150.1 fp=[4] true=[3] merged=[3, 4]
150.4 fp=[4] true=[3] merged=[3, 4]
150.7 fp=[4] true=[3] merged=[3, 4]
151.0 fp=[7] true=[3] merged=[3, 7]
151.3 fp=[7] true=[3] merged=[3, 7]
151.6 fp=[7] true=[3] merged=[3, 7]
152.0 fp=[7] true=[3] merged=[3, 7]
152.3 fp=[7] true=[3] merged=[3, 7]
152.6 fp=[7] true=[3] merged=[3, 7]
152.9 fp=[7] true=[3] merged=[3, 7]
153.2 fp=[7] true=[3] merged=[3, 7]
153.5 fp=[7] true=[3] merged=[3, 7]
153.8 fp=[7] true=[3] merged=[3, 7]
154.1 fp=[1] true=[3] merged=[1, 3]
154.4 fp=[1] true=[3] merged=[1, 3]
154.8 fp=[1] true=[3] merged=[1, 3]
155.1 fp=[1] true=[3] merged=[1, 3]
155.4 fp=[1] true=[3] merged=[1, 3]
155.7 fp=[1] true=[3] merged=[1, 3]
156.0 fp=[1] true=[3] merged=[1, 3]
156.3 fp=[1] true=[3] merged=[1, 3]
156.6 fp=[1] true=[3] merged=[1, 3]
157.0 fp=[1] true=[3] merged=[1, 3]
157.3 fp=[1] true=[3] merged=[1, 3]
157.6 fp=[1] true=[3] merged=[1, 3]
157.9 fp=[1] true=[3] merged=[1, 3]
158.2 fp=[1] true=[3] merged=[1, 3]
158.6 fp=[1] true=[3] merged=[1, 3]
158.9 fp=[1] true=[3] merged=[1, 3]
159.2 fp=[1] true=[3] merged=[1, 3]
159.5 fp=[1] true=[3] merged=[1, 3]
159.8 fp=[1] true=[3] merged=[1, 3]
160.1 fp=[1] true=[3] merged=[1, 3]
160.4 fp=[1] true=[3] merged=[1, 3]
160.8 fp=[1] true=[3] merged=[1, 3]
161.1 fp=[1] true=[3] merged=[1, 3]
161.4 fp=[1] true=[3] merged=[1, 3]
161.7 fp=[1] true=[3] merged=[1, 3]
162.0 fp=[1] true=[3] merged=[1, 3]
162.3 fp=[1] true=[3] merged=[1, 3]
162.7 fp=[1] true=[3] merged=[1, 3]
163.0 fp=[1] true=[3] merged=[1, 3]
163.3 fp=[1] true=[3] merged=[1, 3]
163.6 fp=[1] true=[3] merged=[1, 3]
163.9 fp=[1] true=[3] merged=[1, 3]
164.2 fp=[1] true=[3] merged=[1, 3]
164.5 fp=[1] true=[3] merged=[1, 3]
164.9 fp=[1] true=[3] merged=[1, 3]
165.2 fp=[1] true=[3] merged=[1, 3]
165.5 fp=[1] true=[3] merged=[1, 3]
165.8 fp=[1] true=[3] merged=[1, 3]
166.1 fp=[1] true=[3] merged=[1, 3]
166.4 fp=[1] true=[3] merged=[1, 3]
166.7 fp=[1] true=[3] merged=[1, 3]
167.0 fp=[1] true=[3] merged=[1, 3]
167.4 fp=[1] true=[3] merged=[1, 3]
167.7 fp=[1] true=[3] merged=[1, 3]
168.0 fp=[1] true=[3] merged=[1, 3]
168.3 fp=[1] true=[3] merged=[1, 3]
168.6 fp=[1] true=[3] merged=[1, 3]
168.9 fp=[1] true=[3] merged=[1, 3]
169.2 fp=[1] true=[3] merged=[1, 3]
169.5 fp=[1] true=[3] merged=[1, 3]
169.9 fp=[1] true=[3] merged=[1, 3]
170.2 fp=[1] true=[3] merged=[1, 3]
170.5 fp=[1] true=[3] merged=[1, 3]
170.8 fp=[1] true=[3] merged=[1, 3]
171.1 fp=[1] true=[3] merged=[1, 3]
171.4 fp=[1] true=[3] merged=[1, 3]
171.7 fp=[1] true=[3] merged=[1, 3]
172.0 fp=[1] true=[3] merged=[1, 3]
172.4 fp=[1] true=[3] merged=[1, 3]
172.7 fp=[1] true=[3] merged=[1, 3]
173.0 fp=[1] true=[3] merged=[1, 3]
173.3 fp=[1] true=[3] merged=[1, 3]
173.6 fp=[1] true=[3] merged=[1, 3]
173.9 fp=[1] true=[3] merged=[1, 3]
174.2 fp=[2] true=[3] merged=[2, 3]
174.5 fp=[2] true=[3] merged=[2, 3]
174.9 fp=[2] true=[3] merged=[2, 3]
175.2 fp=[2] true=[3] merged=[2, 3]
175.5 fp=[2] true=[3] merged=[2, 3]
175.8 fp=[2] true=[3] merged=[2, 3]
176.1 fp=[5] true=[3] merged=[3, 5]
176.4 fp=[5] true=[3] merged=[3, 5]
176.7 fp=[5] true=[3] merged=[3, 5]
177.0 fp=[5] true=[3] merged=[3, 5]
177.3 fp=[5] true=[3] merged=[3, 5]
177.7 fp=[5] true=[3] merged=[3, 5]
178.0 fp=[5] true=[3] merged=[3, 5]
178.3 fp=[5] true=[3] merged=[3, 5]
178.6 fp=[5] true=[3] merged=[3, 5]
178.9 fp=[5] true=[3] merged=[3, 5]
179.2 fp=[5] true=[3] merged=[3, 5]
179.5 fp=[5] true=[3] merged=[3, 5]
179.9 fp=[5] true=[3] merged=[3, 5]
180.2 fp=[5] true=[3] merged=[3, 5]
180.5 fp=[5] true=[3] merged=[3, 5]
180.8 fp=[5] true=[3] merged=[3, 5]
181.1 fp=[5] true=[3] merged=[3, 5]
181.4 fp=[5] true=[3] merged=[3, 5]
181.7 fp=[5] true=[3] merged=[3, 5]
182.0 fp=[1] true=[3] merged=[1, 3]
182.3 fp=[1] true=[3] merged=[1, 3]
182.7 fp=[1] true=[3] merged=[1, 3]
183.0 fp=[1] true=[3] merged=[1, 3]
183.3 fp=[1] true=[3] merged=[1, 3]
183.6 fp=[1] true=[3] merged=[1, 3]
183.9 fp=[1] true=[3] merged=[1, 3]
184.2 fp=[1] true=[3] merged=[1, 3]
184.5 fp=[1] true=[3] merged=[1, 3]
184.9 fp=[1] true=[3] merged=[1, 3]
185.2 fp=[1] true=[3] merged=[1, 3]
185.5 fp=[1] true=[3] merged=[1, 3]
185.8 fp=[1] true=[3] merged=[1, 3]
186.1 fp=[1] true=[3] merged=[1, 3]
186.4 fp=[1] true=[3] merged=[1, 3]
186.8 fp=[1] true=[3] merged=[1, 3]
187.1 fp=[1] true=[3] merged=[1, 3]
187.4 fp=[1] true=[3] merged=[1, 3]
187.7 fp=[1] true=[3] merged=[1, 3]
188.0 fp=[1] true=[3] merged=[1, 3]
188.3 fp=[1] true=[3] merged=[1, 3]
188.6 fp=[1] true=[3] merged=[1, 3]
188.9 fp=[1] true=[3] merged=[1, 3]
189.2 fp=[1] true=[3] merged=[1, 3]
189.6 fp=[1] true=[3] merged=[1, 3]
189.9 fp=[1] true=[3] merged=[1, 3]
190.2 fp=[1] true=[3] merged=[1, 3]
190.5 fp=[1] true=[3] merged=[1, 3]
190.8 fp=[1] true=[3] merged=[1, 3]
191.1 fp=[1] true=[3] merged=[1, 3]
191.5 fp=[1] true=[3] merged=[1, 3]
191.8 fp=[1] true=[3] merged=[1, 3]
192.1 fp=[1] true=[3] merged=[1, 3]
192.4 fp=[1] true=[3] merged=[1, 3]
192.7 fp=[1] true=[3] merged=[1, 3]
193.0 fp=[1] true=[3] merged=[1, 3]
193.3 fp=[1] true=[3] merged=[1, 3]
193.7 fp=[1] true=[3] merged=[1, 3]
194.0 fp=[1] true=[3] merged=[1, 3]
194.3 fp=[1] true=[3] merged=[1, 3]
194.6 fp=[1] true=[3] merged=[1, 3]
194.9 fp=[1] true=[3] merged=[1, 3]
195.2 fp=[1] true=[3] merged=[1, 3]
195.5 fp=[1] true=[3] merged=[1, 3]
195.8 fp=[1] true=[3] merged=[1, 3]
196.1 fp=[1] true=[3] merged=[1, 3]
196.4 fp=[1] true=[3] merged=[1, 3]
196.7 fp=[1] true=[3] merged=[1, 3]
197.1 fp=[1] true=[3] merged=[1, 3]
197.4 fp=[1] true=[3] merged=[1, 3]
197.7 fp=[1] true=[3] merged=[1, 3]
198.0 fp=[1] true=[3] merged=[1, 3]
198.3 fp=[1] true=[3] merged=[1, 3]
198.6 fp=[1] true=[3] merged=[1, 3]
199.0 fp=[1] true=[3] merged=[1, 3]
199.3 fp=[1] true=[3] merged=[1, 3]
199.6 fp=[1] true=[3] merged=[1, 3]
199.9 fp=[1] true=[3] merged=[1, 3]
200.2 fp=[1] true=[3] merged=[1, 3]
200.5 fp=[1] true=[3] merged=[1, 3]
200.8 fp=[1] true=[3] merged=[1, 3]
201.1 fp=[1] true=[3] merged=[1, 3]
201.4 fp=[1] true=[3] merged=[1, 3]
201.8 fp=[1] true=[3] merged=[1, 3]
202.1 fp=[1] true=[3] merged=[1, 3]
202.4 fp=[1] true=[3] merged=[1, 3]
202.7 fp=[1] true=[3] merged=[1, 3]
203.0 fp=[1] true=[3] merged=[1, 3]
203.3 fp=[1] true=[3] merged=[1, 3]
203.6 fp=[1] true=[3] merged=[1, 3]
204.0 fp=[1] true=[3] merged=[1, 3]
204.3 fp=[1] true=[3] merged=[1, 3]
204.6 fp=[1] true=[3] merged=[1, 3]
204.9 fp=[1] true=[3] merged=[1, 3]
205.2 fp=[1] true=[3] merged=[1, 3]
205.5 fp=[1] true=[3] merged=[1, 3]
205.9 fp=[1] true=[3] merged=[1, 3]
206.2 fp=[1] true=[3] merged=[1, 3]
206.5 fp=[1] true=[3] merged=[1, 3]
206.8 fp=[1] true=[3] merged=[1, 3]
207.1 fp=[1] true=[3] merged=[1, 3]
207.4 fp=[1] true=[3] merged=[1, 3]
207.7 fp=[1] true=[3] merged=[1, 3]
208.0 fp=[1] true=[3] merged=[1, 3]
208.3 fp=[1] true=[3] merged=[1, 3]
208.7 fp=[1] true=[3] merged=[1, 3]
209.0 fp=[1] true=[3] merged=[1, 3]
209.3 fp=[1] true=[3] merged=[1, 3]
209.6 fp=[1] true=[3] merged=[1, 3]
209.9 fp=[1] true=[3] merged=[1, 3]
210.2 fp=[1] true=[3] merged=[1, 3]
210.6 fp=[1] true=[3] merged=[1, 3]
210.9 fp=[1] true=[3] merged=[1, 3]
211.2 fp=[1] true=[3] merged=[1, 3]
211.5 fp=[1] true=[3] merged=[1, 3]
211.8 fp=[1] true=[3] merged=[1, 3]
212.1 fp=[1] true=[3] merged=[1, 3]
212.4 fp=[1] true=[3] merged=[1, 3]
212.7 fp=[1] true=[3] merged=[1, 3]
213.0 fp=[1] true=[3] merged=[1, 3]
213.3 fp=[1] true=[3] merged=[1, 3]
213.7 fp=[1] true=[3] merged=[1, 3]
214.0 fp=[1] true=[3] merged=[1, 3]
214.3 fp=[1] true=[3] merged=[1, 3]
214.6 fp=[1] true=[3] merged=[1, 3]
214.9 fp=[1] true=[3] merged=[1, 3]
215.2 fp=[1] true=[3] merged=[1, 3]
215.5 fp=[1] true=[3] merged=[1, 3]
215.8 fp=[1] true=[3] merged=[1, 3]
216.2 fp=[1] true=[3] merged=[1, 3]
216.5 fp=[1] true=[3] merged=[1, 3]
216.8 fp=[1] true=[3] merged=[1, 3]
217.1 fp=[1] true=[3] merged=[1, 3]
217.4 fp=[1] true=[3] merged=[1, 3]
217.7 fp=[1] true=[3] merged=[1, 3]
218.0 fp=[1] true=[3] merged=[1, 3]
218.4 fp=[1] true=[3] merged=[1, 3]
218.7 fp=[1] true=[3] merged=[1, 3]
219.0 fp=[1] true=[3] merged=[1, 3]
219.3 fp=[1] true=[3] merged=[1, 3]
219.6 fp=[1] true=[3] merged=[1, 3]
220.0 fp=[1] true=[3] merged=[1, 3]
220.3 fp=[1] true=[3] merged=[1, 3]
220.6 fp=[1] true=[3] merged=[1, 3]
220.9 fp=[1] true=[3] merged=[1, 3]
221.2 fp=[1] true=[3] merged=[1, 3]
221.5 fp=[1] true=[3] merged=[1, 3]
221.8 fp=[1] true=[3] merged=[1, 3]
222.1 fp=[1] true=[3] merged=[1, 3]
222.5 fp=[1] true=[3] merged=[1, 3]
222.8 fp=[1] true=[3] merged=[1, 3]
223.1 fp=[1] true=[3] merged=[1, 3]
223.4 fp=[1] true=[3] merged=[1, 3]
223.7 fp=[1] true=[3] merged=[1, 3]
224.0 fp=[1] true=[3] merged=[1, 3]
224.3 fp=[1] true=[3] merged=[1, 3]
224.7 fp=[1] true=[3] merged=[1, 3]
225.0 fp=[1] true=[3] merged=[1, 3]
225.3 fp=[1] true=[3] merged=[1, 3]
225.6 fp=[1] true=[3] merged=[1, 3]
225.9 fp=[1] true=[3] merged=[1, 3]
226.2 fp=[1] true=[3] merged=[1, 3]
226.5 fp=[1] true=[3] merged=[1, 3]
226.8 fp=[1] true=[3] merged=[1, 3]
227.1 fp=[1] true=[3] merged=[1, 3]
227.5 fp=[1] true=[3] merged=[1, 3]
227.8 fp=[1] true=[3] merged=[1, 3]
228.1 fp=[1] true=[3] merged=[1, 3]
228.4 fp=[1] true=[3] merged=[1, 3]
228.7 fp=[1] true=[3] merged=[1, 3]
229.0 fp=[1] true=[3] merged=[1, 3]
229.3 fp=[1] true=[3] merged=[1, 3]
229.7 fp=[1] true=[3] merged=[1, 3]
230.0 fp=[1] true=[3] merged=[1, 3]
230.3 fp=[1] true=[3] merged=[1, 3]
230.7 fp=[1] true=[3] merged=[1, 3]
231.0 fp=[1] true=[3] merged=[1, 3]
231.3 fp=[1] true=[3] merged=[1, 3]
231.6 fp=[1] true=[3] merged=[1, 3]
231.9 fp=[1] true=[3] merged=[1, 3]
232.2 fp=[1] true=[3] merged=[1, 3]
232.5 fp=[1] true=[3] merged=[1, 3]
232.9 fp=[1] true=[3] merged=[1, 3]
233.2 fp=[1] true=[3] merged=[1, 3]
233.5 fp=[1] true=[3] merged=[1, 3]
233.8 fp=[1] true=[3] merged=[1, 3]
234.1 fp=[1] true=[3] merged=[1, 3]
234.4 fp=[1] true=[3] merged=[1, 3]
234.7 fp=[1] true=[3] merged=[1, 3]
235.0 fp=[2] true=[3] merged=[2, 3]
235.3 fp=[2] true=[3] merged=[2, 3]
235.7 fp=[2] true=[3] merged=[2, 3]
236.0 fp=[2] true=[3] merged=[2, 3]
236.3 fp=[2] true=[3] merged=[2, 3]
236.6 fp=[2] true=[3] merged=[2, 3]
236.9 fp=[2] true=[3] merged=[2, 3]
237.2 fp=[2] true=[3] merged=[2, 3]
237.5 fp=[2] true=[3] merged=[2, 3]
237.8 fp=[2] true=[3] merged=[2, 3]
238.2 fp=[2] true=[3] merged=[2, 3]
238.5 fp=[2] true=[3] merged=[2, 3]
238.8 fp=[2] true=[3] merged=[2, 3]
239.1 fp=[2] true=[3] merged=[2, 3]
239.4 fp=[2] true=[3] merged=[2, 3]
239.7 fp=[2] true=[3] merged=[2, 3]
240.0 fp=[2] true=[3] merged=[2, 3]
240.4 fp=[2] true=[3] merged=[2, 3]
240.7 fp=[2] true=[3] merged=[2, 3]
241.0 fp=[2] true=[3] merged=[2, 3]
241.3 fp=[2] true=[3] merged=[2, 3]
241.6 fp=[2] true=[3] merged=[2, 3]
241.9 fp=[2] true=[3] merged=[2, 3]
242.3 fp=[2] true=[3] merged=[2, 3]
242.6 fp=[2] true=[3] merged=[2, 3]
242.9 fp=[2] true=[3] merged=[2, 3]
243.2 fp=[2] true=[3] merged=[2, 3]
243.5 fp=[2] true=[3] merged=[2, 3]
243.8 fp=[2] true=[3] merged=[2, 3]
244.1 fp=[2] true=[3] merged=[2, 3]
244.4 fp=[2] true=[3] merged=[2, 3]
244.7 fp=[2] true=[3] merged=[2, 3]
245.1 fp=[2] true=[3] merged=[2, 3]
245.4 fp=[2] true=[3] merged=[2, 3]
245.7 fp=[2] true=[3] merged=[2, 3]
246.0 fp=[2] true=[3] merged=[2, 3]
246.3 fp=[2] true=[3] merged=[2, 3]
246.6 fp=[2] true=[3] merged=[2, 3]
246.9 fp=[2] true=[3] merged=[2, 3]
247.2 fp=[2] true=[3] merged=[2, 3]
247.6 fp=[2] true=[3] merged=[2, 3]
247.9 fp=[2] true=[3] merged=[2, 3]
248.2 fp=[2] true=[3] merged=[2, 3]
248.5 fp=[2] true=[3] merged=[2, 3]
248.8 fp=[2] true=[3] merged=[2, 3]
249.2 fp=[2] true=[3] merged=[2, 3]
249.5 fp=[2] true=[3] merged=[2, 3]
249.8 fp=[2] true=[3] merged=[2, 3]
250.1 fp=[2] true=[3] merged=[2, 3]
250.5 fp=[2] true=[3] merged=[2, 3]
250.8 fp=[2] true=[3] merged=[2, 3]
251.1 fp=[4] true=[3] merged=[3, 4]
251.4 fp=[4] true=[3] merged=[3, 4]
251.7 fp=[4] true=[3] merged=[3, 4]
252.0 fp=[4] true=[3] merged=[3, 4]
252.4 fp=[4] true=[3] merged=[3, 4]
252.7 fp=[4] true=[3] merged=[3, 4]
253.0 fp=[4] true=[3] merged=[3, 4]
253.3 fp=[4] true=[3] merged=[3, 4]
253.6 fp=[4] true=[3] merged=[3, 4]
253.9 fp=[4] true=[3] merged=[3, 4]
254.3 fp=[4] true=[3] merged=[3, 4]
254.6 fp=[4] true=[3] merged=[3, 4]
254.9 fp=[4] true=[3] merged=[3, 4]
255.2 fp=[4] true=[3] merged=[3, 4]
255.5 fp=[4] true=[3] merged=[3, 4]
255.8 fp=[4] true=[3] merged=[3, 4]
256.1 fp=[4] true=[3] merged=[3, 4]
256.5 fp=[4] true=[3] merged=[3, 4]
256.8 fp=[4] true=[3] merged=[3, 4]
257.1 fp=[4] true=[3] merged=[3, 4]
257.4 fp=[4] true=[3] merged=[3, 4]
257.7 fp=[4] true=[3] merged=[3, 4]
258.0 fp=[4] true=[3] merged=[3, 4]
258.3 fp=[4] true=[3] merged=[3, 4]
258.6 fp=[4] true=[3] merged=[3, 4]
259.0 fp=[4] true=[3] merged=[3, 4]
259.3 fp=[4] true=[3] merged=[3, 4]
259.6 fp=[4] true=[3] merged=[3, 4]
259.9 fp=[4] true=[3] merged=[3, 4]
260.2 fp=[4] true=[3] merged=[3, 4]
260.5 fp=[4] true=[3] merged=[3, 4]
260.8 fp=[4] true=[3] merged=[3, 4]
261.2 fp=[4] true=[3] merged=[3, 4]
261.5 fp=[4] true=[3] merged=[3, 4]
261.8 fp=[4] true=[3] merged=[3, 4]
262.1 fp=[4] true=[3] merged=[3, 4]
262.4 fp=[4] true=[3] merged=[3, 4]
262.7 fp=[4] true=[3] merged=[3, 4]
263.0 fp=[4] true=[3] merged=[3, 4]
263.3 fp=[4] true=[3] merged=[3, 4]
263.6 fp=[4] true=[3] merged=[3, 4]
264.0 fp=[4] true=[3] merged=[3, 4]
264.3 fp=[4] true=[3] merged=[3, 4]
264.6 fp=[4] true=[3] merged=[3, 4]
264.9 fp=[4] true=[3] merged=[3, 4]
265.2 fp=[4] true=[3] merged=[3, 4]
265.5 fp=[4] true=[3] merged=[3, 4]
265.8 fp=[4] true=[3] merged=[3, 4]
266.1 fp=[4] true=[3] merged=[3, 4]
266.5 fp=[4] true=[3] merged=[3, 4]
266.8 fp=[4] true=[3] merged=[3, 4]
267.1 fp=[4] true=[3] merged=[3, 4]
267.4 fp=[4] true=[3] merged=[3, 4]
267.7 fp=[4] true=[3] merged=[3, 4]
268.0 fp=[4] true=[3] merged=[3, 4]
268.4 fp=[4] true=[3] merged=[3, 4]
268.7 fp=[4] true=[3] merged=[3, 4]
269.0 fp=[4] true=[3] merged=[3, 4]
269.3 fp=[4] true=[3] merged=[3, 4]
269.6 fp=[4] true=[3] merged=[3, 4]
269.9 fp=[4] true=[3] merged=[3, 4]
270.2 fp=[4] true=[3] merged=[3, 4]
270.5 fp=[4] true=[3] merged=[3, 4]
270.9 fp=[4] true=[3] merged=[3, 4]
271.2 fp=[4] true=[3] merged=[3, 4]
271.5 fp=[4] true=[3] merged=[3, 4]
271.8 fp=[4] true=[3] merged=[3, 4]
272.1 fp=[4] true=[3] merged=[3, 4]
272.4 fp=[4] true=[3] merged=[3, 4]
272.7 fp=[4] true=[3] merged=[3, 4]
273.1 fp=[4] true=[3] merged=[3, 4]
273.4 fp=[4] true=[3] merged=[3, 4]
273.7 fp=[4] true=[3] merged=[3, 4]
274.0 fp=[4] true=[3] merged=[3, 4]
274.3 fp=[4] true=[3] merged=[3, 4]
274.6 fp=[4] true=[3] merged=[3, 4]
274.9 fp=[4] true=[3] merged=[3, 4]
275.2 fp=[4] true=[3] merged=[3, 4]
275.5 fp=[4] true=[3] merged=[3, 4]
275.9 fp=[4] true=[3] merged=[3, 4]
276.2 fp=[4] true=[3] merged=[3, 4]
276.5 fp=[4] true=[3] merged=[3, 4]
276.8 fp=[4] true=[3] merged=[3, 4]
277.1 fp=[4] true=[3] merged=[3, 4]
277.4 fp=[4] true=[3] merged=[3, 4]
277.7 fp=[4] true=[3] merged=[3, 4]
278.1 fp=[4] true=[3] merged=[3, 4]
278.4 fp=[4] true=[3] merged=[3, 4]
278.7 fp=[4] true=[3] merged=[3, 4]
279.0 fp=[4] true=[3] merged=[3, 4]
279.3 fp=[4] true=[3] merged=[3, 4]
279.6 fp=[4] true=[3] merged=[3, 4]
279.9 fp=[4] true=[3] merged=[3, 4]
280.2 fp=[4] true=[3] merged=[3, 4]
280.5 fp=[4] true=[3] merged=[3, 4]
280.9 fp=[4] true=[3] merged=[3, 4]
281.2 fp=[4] true=[3] merged=[3, 4]
281.5 fp=[4] true=[3] merged=[3, 4]
281.8 fp=[4] true=[3] merged=[3, 4]
282.1 fp=[4] true=[3] merged=[3, 4]
282.4 fp=[4] true=[3] merged=[3, 4]
282.8 fp=[4] true=[3] merged=[3, 4]
283.1 fp=[4] true=[3] merged=[3, 4]
283.4 fp=[4] true=[3] merged=[3, 4]
283.7 fp=[4] true=[3] merged=[3, 4]
284.0 fp=[7] true=[3] merged=[3, 7]
284.3 fp=[7] true=[3] merged=[3, 7]
284.6 fp=[7] true=[3] merged=[3, 7]
284.9 fp=[7] true=[3] merged=[3, 7]
285.3 fp=[7] true=[3] merged=[3, 7]
285.6 fp=[7] true=[3] merged=[3, 7]
285.9 fp=[7] true=[3] merged=[3, 7]
286.2 fp=[7] true=[3] merged=[3, 7]
286.5 fp=[7] true=[3] merged=[3, 7]
286.8 fp=[7] true=[3] merged=[3, 7]
287.1 fp=[7] true=[3] merged=[3, 7]
287.4 fp=[7] true=[3] merged=[3, 7]
287.8 fp=[7] true=[3] merged=[3, 7]
288.1 fp=[7] true=[3] merged=[3, 7]
288.4 fp=[7] true=[3] merged=[3, 7]
288.7 fp=[7] true=[3] merged=[3, 7]
289.0 fp=[7] true=[3] merged=[3, 7]
289.3 fp=[7] true=[3] merged=[3, 7]
289.7 fp=[7] true=[3] merged=[3, 7]
290.0 fp=[7] true=[3] merged=[3, 7]
290.3 fp=[7] true=[3] merged=[3, 7]
290.6 fp=[7] true=[3] merged=[3, 7]
290.9 fp=[7] true=[3] merged=[3, 7]
291.2 fp=[2] true=[3] merged=[2, 3]
291.5 fp=[2] true=[3] merged=[2, 3]
291.8 fp=[2] true=[3] merged=[2, 3]
292.2 fp=[2] true=[3] merged=[2, 3]
292.5 fp=[2] true=[3] merged=[2, 3]
292.8 fp=[2] true=[3] merged=[2, 3]
293.1 fp=[2] true=[3] merged=[2, 3]
293.4 fp=[2] true=[3] merged=[2, 3]
293.8 fp=[2] true=[3] merged=[2, 3]
294.1 fp=[2] true=[3] merged=[2, 3]
294.4 fp=[2] true=[3] merged=[2, 3]
294.7 fp=[2] true=[3] merged=[2, 3]
295.0 fp=[2] true=[3] merged=[2, 3]
295.3 fp=[2] true=[3] merged=[2, 3]
295.6 fp=[2] true=[3] merged=[2, 3]
296.0 fp=[2] true=[3] merged=[2, 3]
296.3 fp=[2] true=[3] merged=[2, 3]
296.6 fp=[2] true=[3] merged=[2, 3]
296.9 fp=[2] true=[3] merged=[2, 3]
297.2 fp=[2] true=[3] merged=[2, 3]
297.5 fp=[2] true=[3] merged=[2, 3]
297.8 fp=[2] true=[3] merged=[2, 3]
298.1 fp=[2] true=[3] merged=[2, 3]
298.5 fp=[2] true=[3] merged=[2, 3]
298.8 fp=[2] true=[3] merged=[2, 3]
299.1 fp=[2] true=[3] merged=[2, 3]
299.4 fp=[2] true=[3] merged=[2, 3]
299.7 fp=[2] true=[3] merged=[2, 3]
300.0 fp=[2] true=[3] merged=[2, 3]
300.3 fp=[2] true=[3] merged=[2, 3]
300.6 fp=[2] true=[3] merged=[2, 3]
301.0 fp=[2] true=[3] merged=[2, 3]
301.3 fp=[2] true=[3] merged=[2, 3]
301.6 fp=[2] true=[3] merged=[2, 3]
301.9 fp=[2] true=[3] merged=[2, 3]
302.2 fp=[2] true=[3] merged=[2, 3]
302.5 fp=[2] true=[3] merged=[2, 3]
302.8 fp=[2] true=[3] merged=[2, 3]
303.1 fp=[2] true=[3] merged=[2, 3]
303.4 fp=[2] true=[3] merged=[2, 3]
303.8 fp=[2] true=[3] merged=[2, 3]
304.1 fp=[2] true=[3] merged=[2, 3]
304.4 fp=[2] true=[3] merged=[2, 3]
304.7 fp=[2] true=[3] merged=[2, 3]
305.0 fp=[2] true=[3] merged=[2, 3]
305.3 fp=[2] true=[3] merged=[2, 3]
305.6 fp=[2] true=[3] merged=[2, 3]
305.9 fp=[2] true=[3] merged=[2, 3]
306.3 fp=[2] true=[3] merged=[2, 3]
306.6 fp=[2] true=[3] merged=[2, 3]
306.9 fp=[2] true=[3] merged=[2, 3]
307.2 fp=[2] true=[3] merged=[2, 3]
307.5 fp=[2] true=[3] merged=[2, 3]
307.8 fp=[2] true=[3] merged=[2, 3]
308.1 fp=[2] true=[3] merged=[2, 3]
308.4 fp=[2] true=[3] merged=[2, 3]
308.7 fp=[2] true=[3] merged=[2, 3]
309.1 fp=[2] true=[3] merged=[2, 3]
309.4 fp=[2] true=[3] merged=[2, 3]
309.7 fp=[2] true=[3] merged=[2, 3]
310.0 fp=[2] true=[3] merged=[2, 3]
310.3 fp=[2] true=[3] merged=[2, 3]
310.6 fp=[2] true=[3] merged=[2, 3]
310.9 fp=[2] true=[3] merged=[2, 3]
311.2 fp=[2] true=[3] merged=[2, 3]
311.5 fp=[2] true=[3] merged=[2, 3]
311.9 fp=[2] true=[3] merged=[2, 3]
312.2 fp=[2] true=[3] merged=[2, 3]
312.5 fp=[2] true=[3] merged=[2, 3]
312.8 fp=[2] true=[3] merged=[2, 3]
313.1 fp=[2] true=[3] merged=[2, 3]
313.4 fp=[2] true=[3] merged=[2, 3]
313.7 fp=[2] true=[3] merged=[2, 3]
314.1 fp=[2] true=[3] merged=[2, 3]
314.4 fp=[2] true=[3] merged=[2, 3]
314.7 fp=[2] true=[3] merged=[2, 3]
315.0 fp=[2] true=[3] merged=[2, 3]
315.3 fp=[2] true=[3] merged=[2, 3]
315.6 fp=[2] true=[3] merged=[2, 3]
315.9 fp=[2] true=[3] merged=[2, 3]
316.3 fp=[2] true=[3] merged=[2, 3]
316.6 fp=[2] true=[3] merged=[2, 3]
316.9 fp=[2] true=[3] merged=[2, 3]
317.2 fp=[2] true=[3] merged=[2, 3]
317.5 fp=[2] true=[3] merged=[2, 3]
317.8 fp=[2] true=[3] merged=[2, 3]
318.1 fp=[2] true=[3] merged=[2, 3]
318.5 fp=[2] true=[3] merged=[2, 3]
318.8 fp=[2] true=[3] merged=[2, 3]
319.1 fp=[2] true=[3] merged=[2, 3]
319.4 fp=[2] true=[3] merged=[2, 3]
319.8 fp=[2] true=[3] merged=[2, 3]
320.1 fp=[4] true=[3] merged=[3, 4]
320.4 fp=[4] true=[3] merged=[3, 4]
320.8 fp=[4] true=[3] merged=[3, 4]
321.1 fp=[4] true=[3] merged=[3, 4]
321.4 fp=[4] true=[3] merged=[3, 4]
321.7 fp=[4] true=[3] merged=[3, 4]
322.0 fp=[4] true=[3] merged=[3, 4]
322.3 fp=[4] true=[3] merged=[3, 4]
322.6 fp=[4] true=[3] merged=[3, 4]
322.9 fp=[4] true=[3] merged=[3, 4]
323.2 fp=[2] true=[3] merged=[2, 3]
323.5 fp=[2] true=[3] merged=[2, 3]
323.9 fp=[2] true=[3] merged=[2, 3]
324.2 fp=[2] true=[3] merged=[2, 3]
324.5 fp=[2] true=[3] merged=[2, 3]
324.8 fp=[2] true=[3] merged=[2, 3]
325.1 fp=[2] true=[3] merged=[2, 3]
325.4 fp=[2] true=[3] merged=[2, 3]
325.7 fp=[2] true=[3] merged=[2, 3]
326.0 fp=[2] true=[3] merged=[2, 3]
326.4 fp=[2] true=[3] merged=[2, 3]
326.7 fp=[2] true=[3] merged=[2, 3]
327.0 fp=[2] true=[3] merged=[2, 3]
327.3 fp=[2] true=[3] merged=[2, 3]
327.6 fp=[2] true=[3] merged=[2, 3]
328.0 fp=[2] true=[3] merged=[2, 3]
328.3 fp=[2] true=[3] merged=[2, 3]
328.6 fp=[2] true=[3] merged=[2, 3]
328.9 fp=[2] true=[3] merged=[2, 3]
329.2 fp=[2] true=[3] merged=[2, 3]
329.5 fp=[2] true=[3] merged=[2, 3]
329.9 fp=[2] true=[3] merged=[2, 3]
330.2 fp=[2] true=[3] merged=[2, 3]
330.5 fp=[2] true=[3] merged=[2, 3]
330.8 fp=[2] true=[3] merged=[2, 3]
331.1 fp=[2] true=[3] merged=[2, 3]
331.4 fp=[2] true=[3] merged=[2, 3]
331.7 fp=[2] true=[3] merged=[2, 3]
332.0 fp=[2] true=[3] merged=[2, 3]
332.3 fp=[2] true=[3] merged=[2, 3]
332.7 fp=[2] true=[3] merged=[2, 3]
333.0 fp=[2] true=[3] merged=[2, 3]
333.3 fp=[2] true=[3] merged=[2, 3]
333.6 fp=[2] true=[3] merged=[2, 3]
333.9 fp=[2] true=[3] merged=[2, 3]
334.2 fp=[2] true=[3] merged=[2, 3]
334.5 fp=[2] true=[3] merged=[2, 3]
334.8 fp=[2] true=[3] merged=[2, 3]
335.2 fp=[1] true=[3] merged=[1, 3]
335.5 fp=[1] true=[3] merged=[1, 3]
335.8 fp=[1] true=[3] merged=[1, 3]
336.1 fp=[1] true=[3] merged=[1, 3]
336.4 fp=[1] true=[3] merged=[1, 3]
336.7 fp=[1] true=[3] merged=[1, 3]
337.1 fp=[1] true=[3] merged=[1, 3]
337.4 fp=[1] true=[3] merged=[1, 3]
337.7 fp=[1] true=[3] merged=[1, 3]
338.0 fp=[1] true=[3] merged=[1, 3]
338.3 fp=[1] true=[3] merged=[1, 3]
338.7 fp=[1] true=[3] merged=[1, 3]
339.0 fp=[1] true=[3] merged=[1, 3]
339.3 fp=[1] true=[3] merged=[1, 3]
339.6 fp=[1] true=[3] merged=[1, 3]
339.9 fp=[1] true=[3] merged=[1, 3]
340.2 fp=[1] true=[3] merged=[1, 3]
340.6 fp=[1] true=[3] merged=[1, 3]
340.9 fp=[1] true=[3] merged=[1, 3]
341.2 fp=[1] true=[3] merged=[1, 3]
341.5 fp=[1] true=[3] merged=[1, 3]
341.8 fp=[1] true=[3] merged=[1, 3]
342.1 fp=[1] true=[3] merged=[1, 3]
342.4 fp=[1] true=[3] merged=[1, 3]
342.8 fp=[1] true=[3] merged=[1, 3]
343.1 fp=[1] true=[3] merged=[1, 3]
343.4 fp=[1] true=[3] merged=[1, 3]
343.7 fp=[1] true=[3] merged=[1, 3]
344.0 fp=[1] true=[3] merged=[1, 3]
344.3 fp=[1] true=[3] merged=[1, 3]
344.6 fp=[1] true=[3] merged=[1, 3]
344.9 fp=[1] true=[3] merged=[1, 3]
345.2 fp=[1] true=[3] merged=[1, 3]
345.5 fp=[1] true=[3] merged=[1, 3]
345.9 fp=[1] true=[3] merged=[1, 3]
346.2 fp=[1] true=[3] merged=[1, 3]
346.5 fp=[1] true=[3] merged=[1, 3]
346.8 fp=[1] true=[3] merged=[1, 3]
347.1 fp=[1] true=[3] merged=[1, 3]
347.4 fp=[1] true=[3] merged=[1, 3]
347.7 fp=[1] true=[3] merged=[1, 3]
348.0 fp=[1] true=[3] merged=[1, 3]
348.3 fp=[1] true=[3] merged=[1, 3]
348.7 fp=[1] true=[3] merged=[1, 3]
349.0 fp=[1] true=[3] merged=[1, 3]
349.3 fp=[1] true=[3] merged=[1, 3]
349.6 fp=[1] true=[3] merged=[1, 3]
349.9 fp=[1] true=[3] merged=[1, 3]
350.2 fp=[1] true=[3] merged=[1, 3]
350.5 fp=[1] true=[3] merged=[1, 3]
350.8 fp=[1] true=[3] merged=[1, 3]
351.1 fp=[1] true=[3] merged=[1, 3]
351.5 fp=[1] true=[3] merged=[1, 3]
351.8 fp=[1] true=[3] merged=[1, 3]
352.1 fp=[1] true=[3] merged=[1, 3]
352.4 fp=[1] true=[3] merged=[1, 3]
352.7 fp=[1] true=[3] merged=[1, 3]
353.0 fp=[1] true=[3] merged=[1, 3]
353.4 fp=[1] true=[3] merged=[1, 3]
353.7 fp=[1] true=[3] merged=[1, 3]
354.0 fp=[1] true=[3] merged=[1, 3]
354.3 fp=[1] true=[3] merged=[1, 3]
354.6 fp=[1] true=[3] merged=[1, 3]
354.9 fp=[1] true=[3] merged=[1, 3]
355.2 fp=[1] true=[3] merged=[1, 3]
355.6 fp=[1] true=[3] merged=[1, 3]
355.9 fp=[1] true=[3] merged=[1, 3]
356.2 fp=[1] true=[3] merged=[1, 3]
356.5 fp=[1] true=[3] merged=[1, 3]
356.8 fp=[1] true=[3] merged=[1, 3]
357.1 fp=[1] true=[3] merged=[1, 3]
357.4 fp=[1] true=[3] merged=[1, 3]
357.7 fp=[1] true=[3] merged=[1, 3]
358.0 fp=[1] true=[3] merged=[1, 3]
358.4 fp=[1] true=[3] merged=[1, 3]
358.7 fp=[1] true=[3] merged=[1, 3]
359.0 fp=[1] true=[3] merged=[1, 3]
359.3 fp=[1] true=[3] merged=[1, 3]
359.6 fp=[1] true=[3] merged=[1, 3]
359.9 fp=[1] true=[3] merged=[1, 3]
360.3 fp=[1] true=[3] merged=[1, 3]
360.6 fp=[1] true=[3] merged=[1, 3]
360.9 fp=[1] true=[3] merged=[1, 3]
361.2 fp=[1] true=[3] merged=[1, 3]
361.5 fp=[1] true=[3] merged=[1, 3]
361.9 fp=[1] true=[3] merged=[1, 3]
362.2 fp=[1] true=[3] merged=[1, 3]
362.5 fp=[1] true=[3] merged=[1, 3]
362.8 fp=[1] true=[3] merged=[1, 3]
363.1 fp=[1] true=[3] merged=[1, 3]
363.4 fp=[1] true=[3] merged=[1, 3]
363.7 fp=[1] true=[3] merged=[1, 3]
364.0 fp=[1] true=[3] merged=[1, 3]
364.3 fp=[1] true=[3] merged=[1, 3]
364.7 fp=[1] true=[3] merged=[1, 3]
365.0 fp=[1] true=[3] merged=[1, 3]
365.3 fp=[1] true=[3] merged=[1, 3]
365.6 fp=[1] true=[3] merged=[1, 3]
365.9 fp=[1] true=[3] merged=[1, 3]
366.2 fp=[1] true=[3] merged=[1, 3]
366.5 fp=[1] true=[3] merged=[1, 3]
366.8 fp=[1] true=[3] merged=[1, 3]
367.2 fp=[1] true=[3] merged=[1, 3]
367.5 fp=[1] true=[3] merged=[1, 3]
367.8 fp=[1] true=[3] merged=[1, 3]
368.1 fp=[1] true=[3] merged=[1, 3]
368.4 fp=[1] true=[3] merged=[1, 3]
368.7 fp=[1] true=[3] merged=[1, 3]
369.0 fp=[1] true=[3] merged=[1, 3]
369.3 fp=[1] true=[3] merged=[1, 3]
369.6 fp=[1] true=[3] merged=[1, 3]
370.0 fp=[1] true=[3] merged=[1, 3]
370.3 fp=[1] true=[3] merged=[1, 3]
370.6 fp=[1] true=[3] merged=[1, 3]
371.0 fp=[1] true=[3] merged=[1, 3]
371.3 fp=[1] true=[3] merged=[1, 3]
371.6 fp=[1] true=[3] merged=[1, 3]
371.9 fp=[1] true=[3] merged=[1, 3]
372.3 fp=[1] true=[3] merged=[1, 3]
372.6 fp=[1] true=[3] merged=[1, 3]
372.9 fp=[1] true=[3] merged=[1, 3]
373.2 fp=[1] true=[3] merged=[1, 3]
373.5 fp=[1] true=[3] merged=[1, 3]
373.8 fp=[1] true=[3] merged=[1, 3]
374.1 fp=[1] true=[3] merged=[1, 3]
374.4 fp=[1] true=[3] merged=[1, 3]
374.7 fp=[1] true=[3] merged=[1, 3]
375.1 fp=[1] true=[3] merged=[1, 3]
375.4 fp=[1] true=[3] merged=[1, 3]
375.7 fp=[1] true=[3] merged=[1, 3]
376.0 fp=[1] true=[3] merged=[1, 3]
376.3 fp=[1] true=[3] merged=[1, 3]
376.6 fp=[1] true=[3] merged=[1, 3]
376.9 fp=[1] true=[3] merged=[1, 3]
377.2 fp=[1] true=[3] merged=[1, 3]
377.5 fp=[1] true=[3] merged=[1, 3]
377.9 fp=[1] true=[3] merged=[1, 3]
378.2 fp=[1] true=[3] merged=[1, 3]
378.5 fp=[1] true=[3] merged=[1, 3]
378.8 fp=[1] true=[3] merged=[1, 3]
379.1 fp=[1] true=[3] merged=[1, 3]
379.5 fp=[1] true=[3] merged=[1, 3]
379.8 fp=[1] true=[3] merged=[1, 3]
380.1 fp=[1] true=[3] merged=[1, 3]
380.4 fp=[1] true=[3] merged=[1, 3]
380.7 fp=[1] true=[3] merged=[1, 3]
381.0 fp=[1] true=[3] merged=[1, 3]
381.3 fp=[1] true=[3] merged=[1, 3]
381.6 fp=[1] true=[3] merged=[1, 3]
382.0 fp=[1] true=[3] merged=[1, 3]
382.3 fp=[1] true=[3] merged=[1, 3]
382.6 fp=[1] true=[3] merged=[1, 3]
382.9 fp=[1] true=[3] merged=[1, 3]
383.2 fp=[1] true=[3] merged=[1, 3]
383.5 fp=[1] true=[3] merged=[1, 3]
383.8 fp=[1] true=[3] merged=[1, 3]
384.1 fp=[1] true=[3] merged=[1, 3]
384.4 fp=[1] true=[3] merged=[1, 3]
384.7 fp=[1] true=[3] merged=[1, 3]
385.1 fp=[1] true=[3] merged=[1, 3]
385.4 fp=[1] true=[3] merged=[1, 3]
385.7 fp=[1] true=[3] merged=[1, 3]
386.0 fp=[1] true=[3] merged=[1, 3]
386.3 fp=[1] true=[3] merged=[1, 3]
386.6 fp=[1] true=[3] merged=[1, 3]
386.9 fp=[1] true=[3] merged=[1, 3]
