# start rate=20 seed=5 dur=420 n=7 target=3 events=74
0.0 fp=[7] true=[3] merged=[3, 7]
0.3 fp=[7] true=[3] merged=[3, 7]
0.6 fp=[7] true=[3] merged=[3, 7]
0.9 fp=[7] true=[3] merged=[3, 7]
1.2 fp=[7] true=[3] merged=[3, 7]
1.6 fp=[7] true=[3] merged=[3, 7]
1.9 fp=[7] true=[3] merged=[3, 7]
2.2 fp=[7] true=[3] merged=[3, 7]
2.5 fp=[7] true=[3] merged=[3, 7]
2.8 fp=[7] true=[3] merged=[3, 7]
3.1 fp=[7] true=[3] merged=[3, 7]
3.4 fp=[7] true=[3] merged=[3, 7]
3.7 fp=[7] true=[3] merged=[3, 7]
4.1 fp=[7] true=[3] merged=[3, 7]
4.4 fp=[7] true=[3] merged=[3, 7]
4.7 fp=[7] true=[3] merged=[3, 7]
5.0 fp=[7] true=[3] merged=[3, 7]
5.3 fp=[7] true=[3] merged=[3, 7]
5.6 fp=[7] true=[3] merged=[3, 7]
5.9 fp=[7] true=[3] merged=[3, 7]
6.2 fp=[7] true=[3] merged=[3, 7]
6.5 fp=[7] true=[3] merged=[3, 7]
6.8 fp=[7] true=[3] merged=[3, 7]
7.2 fp=[7] true=[3] merged=[3, 7]
7.5 fp=[7] true=[3] merged=[3, 7]
7.8 fp=[7] true=[3] merged=[3, 7]
8.1 fp=[5] true=[3] merged=[3, 5]
8.4 fp=[5] true=[3] merged=[3, 5]
8.7 fp=[5] true=[3] merged=[3, 5]
9.0 fp=[5] true=[3] merged=[3, 5]
9.3 fp=[5] true=[3] merged=[3, 5]
9.6 fp=[5] true=[3] merged=[3, 5]
10.0 fp=[5] true=[3] merged=[3, 5]
10.3 fp=[5] true=[3] merged=[3, 5]
10.6 fp=[5] true=[3] merged=[3, 5]
10.9 fp=[5] true=[3] merged=[3, 5]
11.2 fp=[5] true=[3] merged=[3, 5]
11.5 fp=[5] true=[3] merged=[3, 5]
11.8 fp=[5] true=[3] merged=[3, 5]
12.1 fp=[5] true=[3] merged=[3, 5]
12.5 fp=[5] true=[3] merged=[3, 5]
12.8 fp=[5] true=[3] merged=[3, 5]
13.1 fp=[5] true=[3] merged=[3, 5]
13.4 fp=[5] true=[3] merged=[3, 5]
13.7 fp=[5] true=[3] merged=[3, 5]
14.1 fp=[5] true=[3] merged=[3, 5]
14.4 fp=[5] true=[3] merged=[3, 5]
14.7 fp=[5] true=[3] merged=[3, 5]
15.0 fp=[5] true=[3] merged=[3, 5]
15.3 fp=[5] true=[3] merged=[3, 5]
15.6 fp=[5] true=[3] merged=[3, 5]
15.9 fp=[5] true=[3] merged=[3, 5]
16.2 fp=[5] true=[3] merged=[3, 5]
16.6 fp=[5] true=[3] merged=[3, 5]
16.9 fp=[5] true=[3] merged=[3, 5]
17.2 fp=[5] true=[3] merged=[3, 5]
17.5 fp=[5] true=[3] merged=[3, 5]
17.8 fp=[5] true=[3] merged=[3, 5]
18.1 fp=[5] true=[3] merged=[3, 5]
18.4 fp=[5] true=[3] merged=[3, 5]
18.7 fp=[5] true=[3] merged=[3, 5]
19.1 fp=[4] true=[3] merged=[3, 4]
19.4 fp=[4] true=[3] merged=[3, 4]
19.7 fp=[4] true=[3] merged=[3, 4]
20.0 fp=[4] true=[3] merged=[3, 4]
20.3 fp=[2] true=[3] merged=[2, 3]
20.6 fp=[2] true=[3] merged=[2, 3]
20.9 fp=[2] true=[3] merged=[2, 3]
21.2 fp=[2] true=[3] merged=[2, 3]
21.5 fp=[2] true=[3] merged=[2, 3]
21.8 fp=[2] true=[3] merged=[2, 3]
22.2 fp=[2] true=[3] merged=[2, 3]
22.5 fp=[2] true=[3] merged=[2, 3]
22.8 fp=[2] true=[3] merged=[2, 3]
23.1 fp=[2] true=[3] merged=[2, 3]
23.5 fp=[2] true=[3] merged=[2, 3]
23.8 fp=[2] true=[3] merged=[2, 3]
24.1 fp=[2] true=[3] merged=[2, 3]
24.4 fp=[2] true=[3] merged=[2, 3]
24.7 fp=[2] true=[3] merged=[2, 3]
25.0 fp=[2] true=[3] merged=[2, 3]
25.3 fp=[2] true=[3] merged=[2, 3]
25.6 fp=[2] true=[3] merged=[2, 3]
25.9 fp=[2] true=[3] merged=[2, 3]
26.3 fp=[2] true=[3] merged=[2, 3]
26.6 fp=[2] true=[3] merged=[2, 3]
26.9 fp=[2] true=[3] merged=[2, 3]
27.2 fp=[2] true=[3] merged=[2, 3]
27.5 fp=[2] true=[3] merged=[2, 3]
27.8 fp=[2] true=[3] merged=[2, 3]
28.1 fp=[2] true=[3] merged=[2, 3]
28.5 fp=[2] true=[3] merged=[2, 3]
28.8 fp=[2] true=[3] merged=[2, 3]
29.1 fp=[2] true=[3] merged=[2, 3]
29.4 fp=[2] true=[3] merged=[2, 3]
29.7 fp=[2] true=[3] merged=[2, 3]
30.1 fp=[2] true=[3] merged=[2, 3]
30.4 fp=[2] true=[3] merged=[2, 3]
30.7 fp=[2] true=[3] merged=[2, 3]
31.0 fp=[2] true=[3] merged=[2, 3]
31.3 fp=[2] true=[3] merged=[2, 3]
31.6 fp=[2] true=[3] merged=[2, 3]
31.9 fp=[2] true=[3] merged=[2, 3]
32.2 fp=[2] true=[3] merged=[2, 3]
32.5 fp=[2] true=[3] merged=[2, 3]
32.8 fp=[2] true=[3] merged=[2, 3]
33.2 fp=[2] true=[3] merged=[2, 3]
33.5 fp=[2] true=[3] merged=[2, 3]
33.8 fp=[2] true=[3] merged=[2, 3]
34.1 fp=[2] true=[3] merged=[2, 3]
34.4 fp=[2] true=[3] merged=[2, 3]
34.7 fp=[2] true=[3] merged=[2, 3]
35.0 fp=[1] true=[3] merged=[1, 3]
35.4 fp=[1] true=[3] merged=[1, 3]
35.7 fp=[1] true=[3] merged=[1, 3]
36.0 fp=[1] true=[3] merged=[1, 3]
36.3 fp=[1] true=[3] merged=[1, 3]
36.6 fp=[1] true=[3] merged=[1, 3]
36.9 fp=[1] true=[3] merged=[1, 3]
37.2 fp=[1] true=[3] merged=[1, 3]
37.6 fp=[1] true=[3] merged=[1, 3]
37.9 fp=[1] true=[3] merged=[1, 3]
38.2 fp=[1] true=[3] merged=[1, 3]
38.5 fp=[1] true=[3] merged=[1, 3]
38.8 fp=[1] true=[3] merged=[1, 3]
39.1 fp=[1] true=[3] merged=[1, 3]
39.4 fp=[1] true=[3] merged=[1, 3]
39.7 fp=[1] true=[3] merged=[1, 3]
40.1 fp=[1] true=[3] merged=[1, 3]
40.4 fp=[1] true=[3] merged=[1, 3]
40.7 fp=[1] true=[3] merged=[1, 3]
41.0 fp=[1] true=[3] merged=[1, 3]
41.3 fp=[1] true=[3] merged=[1, 3]
41.6 fp=[1] true=[3] merged=[1, 3]
41.9 fp=[1] true=[3] merged=[1, 3]
42.2 fp=[1] true=[3] merged=[1, 3]
42.5 fp=[1] true=[3] merged=[1, 3]
42.9 fp=[1] true=[3] merged=[1, 3]
43.2 fp=[1] true=[3] merged=[1, 3]
43.5 fp=[1] true=[3] merged=[1, 3]
43.8 fp=[1] true=[3] merged=[1, 3]
44.1 fp=[1] true=[3] merged=[1, 3]
44.4 fp=[1] true=[3] merged=[1, 3]
44.7 fp=[1] true=[3] merged=[1, 3]
45.0 fp=[1] true=[3] merged=[1, 3]
45.3 fp=[1] true=[3] merged=[1, 3]
45.6 fp=[1] true=[3] merged=[1, 3]
46.0 fp=[1] true=[3] merged=[1, 3]
46.3 fp=[1] true=[3] merged=[1, 3]
46.6 fp=[1] true=[3] merged=[1, 3]
46.9 fp=[1] true=[3] merged=[1, 3]
47.2 fp=[1] true=[3] merged=[1, 3]
47.5 fp=[1] true=[3] merged=[1, 3]
47.8 fp=[1] true=[3] merged=[1, 3]
48.1 fp=[1] true=[3] merged=[1, 3]
48.4 fp=[1] true=[3] merged=[1, 3]
48.8 fp=[1] true=[3] merged=[1, 3]
49.1 fp=[1] true=[3] merged=[1, 3]
49.4 fp=[1] true=[3] merged=[1, 3]
49.7 fp=[1] true=[3] merged=[1, 3]
50.1 fp=[1] true=[3] merged=[1, 3]
50.4 fp=[1] true=[3] merged=[1, 3]
50.7 fp=[1] true=[3] merged=[1, 3]
51.0 fp=[1] true=[3] merged=[1, 3]
51.3 fp=[1] true=[3] merged=[1, 3]
51.6 fp=[1] true=[3] merged=[1, 3]
51.9 fp=[1] true=[3] merged=[1, 3]
52.3 fp=[1] true=[3] merged=[1, 3]
52.6 fp=[1] true=[3] merged=[1, 3]
52.9 fp=[1] true=[3] merged=[1, 3]
53.2 fp=[1] true=[3] merged=[1, 3]
53.5 fp=[1] true=[3] merged=[1, 3]
53.8 fp=[1] true=[3] merged=[1, 3]
54.1 fp=[1] true=[3] merged=[1, 3]
54.5 fp=[1] true=[3] merged=[1, 3]
54.8 fp=[1] true=[3] merged=[1, 3]
55.1 fp=[1] true=[3] merged=[1, 3]
55.4 fp=[1] true=[3] merged=[1, 3]
55.7 fp=[1] true=[3] merged=[1, 3]
56.0 fp=[1] true=[3] merged=[1, 3]
56.3 fp=[1] true=[3] merged=[1, 3]
56.7 fp=[1] true=[3] merged=[1, 3]
57.0 fp=[1] true=[3] merged=[1, 3]
57.3 fp=[1] true=[3] merged=[1, 3]
57.6 fp=[1] true=[3] merged=[1, 3]
57.9 fp=[1] true=[3] merged=[1, 3]
58.2 fp=[1] true=[3] merged=[1, 3]
58.5 fp=[1] true=[3] merged=[1, 3]
58.8 fp=[1] true=[3] merged=[1, 3]
59.2 fp=[1] true=[3] merged=[1, 3]
59.5 fp=[1] true=[3] merged=[1, 3]
59.8 fp=[1] true=[3] merged=[1, 3]
60.2 fp=[1] true=[3] merged=[1, 3]
60.5 fp=[1] true=[3] merged=[1, 3]
60.8 fp=[1] true=[3] merged=[1, 3]
61.1 fp=[1] true=[3] merged=[1, 3]
61.4 fp=[1] true=[3] merged=[1, 3]
61.7 fp=[1] true=[3] merged=[1, 3]
62.0 fp=[1] true=[3] merged=[1, 3]
62.4 fp=[1] true=[3] merged=[1, 3]
62.7 fp=[1] true=[3] merged=[1, 3]
63.0 fp=[1] true=[3] merged=[1, 3]
63.3 fp=[1] true=[3] merged=[1, 3]
63.6 fp=[1] true=[3] merged=[1, 3]
63.9 fp=[1] true=[3] merged=[1, 3]
64.2 fp=[2] true=[3] merged=[2, 3]
64.5 fp=[2] true=[3] merged=[2, 3]
64.8 fp=[2] true=[3] merged=[2, 3]
65.2 fp=[2] true=[3] merged=[2, 3]
65.5 fp=[2] true=[3] merged=[2, 3]
65.8 fp=[2] true=[3] merged=[2, 3]
66.1 fp=[2] true=[3] merged=[2, 3]
66.4 fp=[2] true=[3] merged=[2, 3]
66.7 fp=[2] true=[3] merged=[2, 3]
67.0 fp=[2] true=[3] merged=[2, 3]
67.3 fp=[2] true=[3] merged=[2, 3]
67.7 fp=[2] true=[3] merged=[2, 3]
68.0 fp=[2] true=[3] merged=[2, 3]
68.3 fp=[1] true=[3] merged=[1, 3]
68.6 fp=[1] true=[3] merged=[1, 3]
68.9 fp=[1] true=[3] merged=[1, 3]
69.2 fp=[1] true=[3] merged=[1, 3]
69.5 fp=[1] true=[3] merged=[1, 3]
69.9 fp=[1] true=[3] merged=[1, 3]
70.2 fp=[1] true=[3] merged=[1, 3]
70.5 fp=[1] true=[3] merged=[1, 3]
70.8 fp=[1] true=[3] merged=[1, 3]
71.1 fp=[1] true=[3] merged=[1, 3]
71.5 fp=[1] true=[3] merged=[1, 3]
71.8 fp=[1] true=[3] merged=[1, 3]
72.1 fp=[1] true=[3] merged=[1, 3]
72.4 fp=[1] true=[3] merged=[1, 3]
72.7 fp=[1] true=[3] merged=[1, 3]
73.0 fp=[1] true=[3] merged=[1, 3]
73.3 fp=[1] true=[3] merged=[1, 3]
73.6 fp=[1] true=[3] merged=[1, 3]
74.0 fp=[1] true=[3] merged=[1, 3]
74.3 fp=[1] true=[3] merged=[1, 3]
74.6 fp=[1] true=[3] merged=[1, 3]
74.9 fp=[1] true=[3] merged=[1, 3]
75.2 fp=[1] true=[3] merged=[1, 3]
75.5 fp=[1] true=[3] merged=[1, 3]
75.8 fp=[1] true=[3] merged=[1, 3]
76.2 fp=[1] true=[3] merged=[1, 3]
76.5 fp=[1] true=[3] merged=[1, 3]
76.8 fp=[1] true=[3] merged=[1, 3]
77.1 fp=[1] true=[3] merged=[1, 3]
77.4 fp=[1] true=[3] merged=[1, 3]
77.7 fp=[1] true=[3] merged=[1, 3]
78.0 fp=[1] true=[3] merged=[1, 3]
78.3 fp=[1] true=[3] merged=[1, 3]
78.7 fp=[1] true=[3] merged=[1, 3]
79.0 fp=[1] true=[3] merged=[1, 3]
79.3 fp=[1] true=[3] merged=[1, 3]
79.6 fp=[1] true=[3] merged=[1, 3]
79.9 fp=[1] true=[3] merged=[1, 3]
80.3 fp=[1] true=[3] merged=[1, 3]
80.6 fp=[1] true=[3] merged=[1, 3]
80.9 fp=[1] true=[3] merged=[1, 3]
81.2 fp=[1] true=[3] merged=[1, 3]
81.5 fp=[1] true=[3] merged=[1, 3]
81.8 fp=[1] true=[3] merged=[1, 3]
82.1 fp=[1] true=[3] merged=[1, 3]
82.4 fp=[1] true=[3] merged=[1, 3]
82.8 fp=[1] true=[3] merged=[1, 3]
83.1 fp=[1] true=[3] merged=[1, 3]
83.4 fp=[1] true=[3] merged=[1, 3]
83.7 fp=[1] true=[3] merged=[1, 3]
84.0 fp=[1] true=[3] merged=[1, 3]
84.3 fp=[1] true=[3] merged=[1, 3]
84.6 fp=[1] true=[3] merged=[1, 3]
84.9 fp=[1] true=[3] merged=[1, 3]
85.3 fp=[1] true=[3] merged=[1, 3]
85.6 fp=[1] true=[3] merged=[1, 3]
85.9 fp=[1] true=[3] merged=[1, 3]
86.2 fp=[1] true=[3] merged=[1, 3]
86.5 fp=[1] true=[3] merged=[1, 3]
86.8 fp=[1] true=[3] merged=[1, 3]
87.1 fp=[1] true=[3] merged=[1, 3]
87.5 fp=[1] true=[3] merged=[1, 3]
87.8 fp=[1] true=[3] merged=[1, 3]
88.1 fp=[2] true=[3] merged=[2, 3]
88.4 fp=[2] true=[3] merged=[2, 3]
88.7 fp=[2] true=[3] merged=[2, 3]
89.0 fp=[2] true=[3] merged=[2, 3]
89.3 fp=[2] true=[3] merged=[2, 3]
89.6 fp=[2] true=[3] merged=[2, 3]
89.9 fp=[2] true=[3] merged=[2, 3]
90.3 fp=[2] true=[3] merged=[2, 3]
90.6 fp=[2] true=[3] merged=[2, 3]
90.9 fp=[2] true=[3] merged=[2, 3]
91.2 fp=[2] true=[3] merged=[2, 3]
91.5 fp=[2] true=[3] merged=[2, 3]
91.8 fp=[2] true=[3] merged=[2, 3]
92.1 fp=[2] true=[3] merged=[2, 3]
92.4 fp=[2] true=[3] merged=[2, 3]
92.8 fp=[2] true=[3] merged=[2, 3]
93.1 fp=[2] true=[3] merged=[2, 3]
93.4 fp=[2] true=[3] merged=[2, 3]
93.7 fp=[2] true=[3] merged=[2, 3]
94.0 fp=[2] true=[3] merged=[2, 3]
94.3 fp=[2] true=[3] merged=[2, 3]
94.6 fp=[2] true=[3] merged=[2, 3]
94.9 fp=[2] true=[3] merged=[2, 3]
95.3 fp=[2] true=[3] merged=[2, 3]
95.6 fp=[2] true=[3] merged=[2, 3]
95.9 fp=[2] true=[3] merged=[2, 3]
96.2 fp=[2] true=[3] merged=[2, 3]
96.5 fp=[2] true=[3] merged=[2, 3]
96.8 fp=[2] true=[3] merged=[2, 3]
97.1 fp=[2] true=[3] merged=[2, 3]
97.5 fp=[2] true=[3] merged=[2, 3]
97.8 fp=[2] true=[3] merged=[2, 3]
98.1 fp=[2] true=[3] merged=[2, 3]
98.4 fp=[2] true=[3] merged=[2, 3]
98.7 fp=[2] true=[3] merged=[2, 3]
99.0 fp=[2] true=[3] merged=[2, 3]
99.3 fp=[2] true=[3] merged=[2, 3]
99.7 fp=[2] true=[3] merged=[2, 3]
100.0 fp=[2] true=[3] merged=[2, 3]
100.3 fp=[2] true=[3] merged=[2, 3]
100.6 fp=[2] true=[3] merged=[2, 3]
100.9 fp=[2] true=[3] merged=[2, 3]
101.2 fp=[2] true=[3] merged=[2, 3]
101.5 fp=[2] true=[3] merged=[2, 3]
101.8 fp=[2] true=[3] merged=[2, 3]
102.2 fp=[2] true=[3] merged=[2, 3]
102.5 fp=[2] true=[3] merged=[2, 3]
102.8 fp=[2] true=[3] merged=[2, 3]
103.1 fp=[2] true=[3] merged=[2, 3]
103.4 fp=[2] true=[3] merged=[2, 3]
103.7 fp=[2] true=[3] merged=[2, 3]
104.0 fp=[2] true=[3] merged=[2, 3]
104.3 fp=[2] true=[3] merged=[2, 3]
104.6 fp=[2] true=[3] merged=[2, 3]
105.0 fp=[2] true=[3] merged=[2, 3]
105.3 fp=[2] true=[3] merged=[2, 3]
105.6 fp=[2] true=[3] merged=[2, 3]
105.9 fp=[2] true=[3] merged=[2, 3]
112.2 fp=[6] true=[3] merged=[3, 6]
112.5 fp=[6] true=[3] merged=[3, 6]
112.8 fp=[6] true=[3] merged=[3, 6]
113.2 fp=[6] true=[3] merged=[3, 6]
113.5 fp=[6] true=[3] merged=[3, 6]
113.8 fp=[6] true=[3] merged=[3, 6]
114.1 fp=[6] true=[3] merged=[3, 6]
114.4 fp=[6] true=[3] merged=[3, 6]
114.7 fp=[6] true=[3] merged=[3, 6]
115.0 fp=[6] true=[3] merged=[3, 6]
115.3 fp=[6] true=[3] merged=[3, 6]
115.7 fp=[6] true=[3] merged=[3, 6]
116.0 fp=[6] true=[3] merged=[3, 6]
116.3 fp=[6] true=[3] merged=[3, 6]
116.6 fp=[6] true=[3] merged=[3, 6]
116.9 fp=[6] true=[3] merged=[3, 6]
117.2 fp=[6] true=[3] merged=[3, 6]
117.5 fp=[6] true=[3] merged=[3, 6]
117.8 fp=[6] true=[3] merged=[3, 6]
118.1 fp=[6] true=[3] merged=[3, 6]
118.4 fp=[6] true=[3] merged=[3, 6]
118.8 fp=[6] true=[3] merged=[3, 6]
119.1 fp=[6] true=[3] merged=[3, 6]
119.4 fp=[6] true=[3] merged=[3, 6]
119.7 fp=[6] true=[3] merged=[3, 6]
120.0 fp=[6] true=[3] merged=[3, 6]
120.3 fp=[6] true=[3] merged=[3, 6]
120.7 fp=[6] true=[3] merged=[3, 6]
121.0 fp=[6] true=[3] merged=[3, 6]
121.3 fp=[6] true=[3] merged=[3, 6]
121.6 fp=[6] true=[3] merged=[3, 6]
121.9 fp=[6] true=[3] merged=[3, 6]
122.2 fp=[6] true=[3] merged=[3, 6]
122.5 fp=[6] true=[3] merged=[3, 6]
122.9 fp=[6] true=[3] merged=[3, 6]
123.2 fp=[6] true=[3] merged=[3, 6]
123.5 fp=[6] true=[3] merged=[3, 6]
123.8 fp=[6] true=[3] merged=[3, 6]
124.1 fp=[6] true=[3] merged=[3, 6]
124.4 fp=[6] true=[3] merged=[3, 6]
124.7 fp=[6] true=[3] merged=[3, 6]
125.0 fp=[6] true=[3] merged=[3, 6]
125.4 fp=[6] true=[3] merged=[3, 6]
125.7 fp=[6] true=[3] merged=[3, 6]
126.0 fp=[6] true=[3] merged=[3, 6]
126.3 fp=[6] true=[3] merged=[3, 6]
126.6 fp=[6] true=[3] merged=[3, 6]
126.9 fp=[6] true=[3] merged=[3, 6]
127.2 fp=[6] true=[3] merged=[3, 6]
127.5 fp=[6] true=[3] merged=[3, 6]
127.8 fp=[6] true=[3] merged=[3, 6]
128.2 fp=[6] true=[3] merged=[3, 6]
128.5 fp=[6] true=[3] merged=[3, 6]
128.8 fp=[6] true=[3] merged=[3, 6]
129.1 fp=[2] true=[3] merged=[2, 3]
129.4 fp=[2] true=[3] merged=[2, 3]
129.7 fp=[2] true=[3] merged=[2, 3]
130.0 fp=[2] true=[3] merged=[2, 3]
130.4 fp=[2] true=[3] merged=[2, 3]
130.7 fp=[2] true=[3] merged=[2, 3]
131.0 fp=[2] true=[3] merged=[2, 3]
131.3 fp=[2] true=[3] merged=[2, 3]
131.6 fp=[2] true=[3] merged=[2, 3]
131.9 fp=[2] true=[3] merged=[2, 3]
132.2 fp=[2] true=[3] merged=[2, 3]
132.5 fp=[2] true=[3] merged=[2, 3]
132.8 fp=[2] true=[3] merged=[2, 3]
133.2 fp=[2] true=[3] merged=[2, 3]
133.5 fp=[2] true=[3] merged=[2, 3]
133.8 fp=[2] true=[3] merged=[2, 3]
134.1 fp=[2] true=[3] merged=[2, 3]
134.4 fp=[2] true=[3] merged=[2, 3]
134.7 fp=[2] true=[3] merged=[2, 3]
135.0 fp=[2] true=[3] merged=[2, 3]
135.3 fp=[2] true=[3] merged=[2, 3]
135.6 fp=[2] true=[3] merged=[2, 3]
136.0 fp=[2] true=[3] merged=[2, 3]
136.3 fp=[2] true=[3] merged=[2, 3]
136.6 fp=[2] true=[3] merged=[2, 3]
136.9 fp=[2] true=[3] merged=[2, 3]
137.2 fp=[2] true=[3] merged=[2, 3]
137.5 fp=[2] true=[3] merged=[2, 3]
137.8 fp=[2] true=[3] merged=[2, 3]
138.1 fp=[2] true=[3] merged=[2, 3]
138.5 fp=[2] true=[3] merged=[2, 3]
138.8 fp=[2] true=[3] merged=[2, 3]
139.1 fp=[2] true=[3] merged=[2, 3]
139.4 fp=[2] true=[3] merged=[2, 3]
139.7 fp=[2] true=[3] merged=[2, 3]
140.0 fp=[2] true=[3] merged=[2, 3]
140.3 fp=[2] true=[3] merged=[2, 3]
140.7 fp=[2] true=[3] merged=[2, 3]
141.0 fp=[2] true=[3] merged=[2, 3]
141.3 fp=[2] true=[3] merged=[2, 3]
141.6 fp=[2] true=[3] merged=[2, 3]
141.9 fp=[2] true=[3] merged=[2, 3]
142.2 fp=[2] true=[3] merged=[2, 3]
142.5 fp=[2] true=[3] merged=[2, 3]
142.8 fp=[2] true=[3] merged=[2, 3]
143.2 fp=[2] true=[3] merged=[2, 3]
143.5 fp=[2] true=[3] merged=[2, 3]
143.8 fp=[2] true=[3] merged=[2, 3]
144.1 fp=[2] true=[3] merged=[2, 3]
144.4 fp=[2] true=[3] merged=[2, 3]
144.7 fp=[2] true=[3] merged=[2, 3]
145.0 fp=[2] true=[3] merged=[2, 3]
145.3 fp=[2] true=[3] merged=[2, 3]
145.7 fp=[2] true=[3] merged=[2, 3]
146.0 fp=[2] true=[3] merged=[2, 3]
146.3 fp=[2] true=[3] merged=[2, 3]
146.6 fp=[2] true=[3] merged=[2, 3]
146.9 fp=[2] true=[3] merged=[2, 3]
147.2 fp=[1] true=[3] merged=[1, 3]
147.5 fp=[1] true=[3] merged=[1, 3]
147.8 fp=[1] true=[3] merged=[1, 3]
148.1 fp=[1] true=[3] merged=[1, 3]
148.5 fp=[1] true=[3] merged=[1, 3]
148.8 fp=[1] true=[3] merged=[1, 3]
149.1 fp=[1] true=[3] merged=[1, 3]
149.4 fp=[1] true=[3] merged=[1, 3]
149.7 fp=[1] true=[3] merged=[1, 3]
150.0 fp=[1] true=[3] merged=[1, 3]
150.4 fp=[1] true=[3] merged=[1, 3]
150.7 fp=[1] true=[3] merged=[1, 3]
151.0 fp=[1] true=[3] merged=[1, 3]
151.3 fp=[1] true=[3] merged=[1, 3]
151.6 fp=[1] true=[3] merged=[1, 3]
151.9 fp=[1] true=[3] merged=[1, 3]
152.3 fp=[1] true=[3] merged=[1, 3]
152.6 fp=[1] true=[3] merged=[1, 3]
152.9 fp=[1] true=[3] merged=[1, 3]
153.2 fp=[1] true=[3] merged=[1, 3]
153.5 fp=[1] true=[3] merged=[1, 3]
153.8 fp=[1] true=[3] merged=[1, 3]
154.2 fp=[1] true=[3] merged=[1, 3]
154.5 fp=[1] true=[3] merged=[1, 3]
154.8 fp=[1] true=[3] merged=[1, 3]
155.1 fp=[1] true=[3] merged=[1, 3]
155.4 fp=[1] true=[3] merged=[1, 3]
155.7 fp=[1] true=[3] merged=[1, 3]
156.0 fp=[1] true=[3] merged=[1, 3]
156.3 fp=[1] true=[3] merged=[1, 3]
156.6 fp=[1] true=[3] merged=[1, 3]
157.0 fp=[1] true=[3] merged=[1, 3]
157.3 fp=[1] true=[3] merged=[1, 3]
157.6 fp=[1] true=[3] merged=[1, 3]
157.9 fp=[1] true=[3] merged=[1, 3]
158.2 fp=[1] true=[3] merged=[1, 3]
158.5 fp=[1] true=[3] merged=[1, 3]
158.8 fp=[1] true=[3] merged=[1, 3]
159.2 fp=[1] true=[3] merged=[1, 3]
159.5 fp=[1] true=[3] merged=[1, 3]
159.8 fp=[1] true=[3] merged=[1, 3]
160.1 fp=[1] true=[3] merged=[1, 3]
160.5 fp=[1] true=[3] merged=[1, 3]
160.8 fp=[1] true=[3] merged=[1, 3]
161.1 fp=[1] true=[3] merged=[1, 3]
161.4 fp=[1] true=[3] merged=[1, 3]
161.8 fp=[1] true=[3] merged=[1, 3]
162.1 fp=[1] true=[3] merged=[1, 3]
162.4 fp=[1] true=[3] merged=[1, 3]
162.7 fp=[1] true=[3] merged=[1, 3]
163.0 fp=[1] true=[3] merged=[1, 3]
163.3 fp=[1] true=[3] merged=[1, 3]
163.7 fp=[1] true=[3] merged=[1, 3]
164.0 fp=[1] true=[3] merged=[1, 3]
164.3 fp=[1] true=[3] merged=[1, 3]
164.6 fp=[1] true=[3] merged=[1, 3]
164.9 fp=[1] true=[3] merged=[1, 3]
165.2 fp=[1] true=[3] merged=[1, 3]
165.5 fp=[1] true=[3] merged=[1, 3]
165.9 fp=[1] true=[3] merged=[1, 3]
166.2 fp=[1] true=[3] merged=[1, 3]
166.5 fp=[1] true=[3] merged=[1, 3]
166.8 fp=[1] true=[3] merged=[1, 3]
167.1 fp=[2] true=[3] merged=[2, 3]
167.4 fp=[2] true=[3] merged=[2, 3]
167.7 fp=[2] true=[3] merged=[2, 3]
180.0 fp=[6] true=[3] merged=[3, 6]
180.3 fp=[6] true=[3] merged=[3, 6]
180.7 fp=[6] true=[3] merged=[3, 6]
181.0 fp=[6] true=[3] merged=[3, 6]
181.3 fp=[5] true=[3] merged=[3, 5]
181.6 fp=[5] true=[3] merged=[3, 5]
181.9 fp=[5] true=[3] merged=[3, 5]
182.3 fp=[5] true=[3] merged=[3, 5]
182.6 fp=[5] true=[3] merged=[3, 5]
182.9 fp=[5] true=[3] merged=[3, 5]
183.2 fp=[5] true=[3] merged=[3, 5]
183.5 fp=[5] true=[3] merged=[3, 5]
183.8 fp=[5] true=[3] merged=[3, 5]
184.1 fp=[5] true=[3] merged=[3, 5]
184.5 fp=[5] true=[3] merged=[3, 5]
184.8 fp=[5] true=[3] merged=[3, 5]
185.1 fp=[5] true=[3] merged=[3, 5]
185.4 fp=[5] true=[3] merged=[3, 5]
185.7 fp=[5] true=[3] merged=[3, 5]
186.0 fp=[5] true=[3] merged=[3, 5]
186.3 fp=[5] true=[3] merged=[3, 5]
186.7 fp=[5] true=[3] merged=[3, 5]
187.0 fp=[5] true=[3] merged=[3, 5]
187.3 fp=[5] true=[3] merged=[3, 5]
187.6 fp=[5] true=[3] merged=[3, 5]
187.9 fp=[5] true=[3] merged=[3, 5]
188.2 fp=[5] true=[3] merged=[3, 5]
188.5 fp=[5] true=[3] merged=[3, 5]
188.8 fp=[5] true=[3] merged=[3, 5]
189.2 fp=[5] true=[3] merged=[3, 5]
189.5 fp=[5] true=[3] merged=[3, 5]
189.8 fp=[5] true=[3] merged=[3, 5]
190.1 fp=[5] true=[3] merged=[3, 5]
190.4 fp=[5] true=[3] merged=[3, 5]
190.7 fp=[5] true=[3] merged=[3, 5]
191.1 fp=[5] true=[3] merged=[3, 5]
191.4 fp=[5] true=[3] merged=[3, 5]
191.7 fp=[5] true=[3] merged=[3, 5]
192.0 fp=[5] true=[3] merged=[3, 5]
192.3 fp=[5] true=[3] merged=[3, 5]
192.6 fp=[5] true=[3] merged=[3, 5]
192.9 fp=[5] true=[3] merged=[3, 5]
193.2 fp=[5] true=[3] merged=[3, 5]
193.6 fp=[5] true=[3] merged=[3, 5]
193.9 fp=[5] true=[3] merged=[3, 5]
194.2 fp=[1] true=[3] merged=[1, 3]
194.5 fp=[1] true=[3] merged=[1, 3]
194.8 fp=[1] true=[3] merged=[1, 3]
195.1 fp=[1] true=[3] merged=[1, 3]
195.5 fp=[1] true=[3] merged=[1, 3]
195.8 fp=[1] true=[3] merged=[1, 3]
196.1 fp=[1] true=[3] merged=[1, 3]
196.4 fp=[1] true=[3] merged=[1, 3]
196.7 fp=[1] true=[3] merged=[1, 3]
197.0 fp=[1] true=[3] merged=[1, 3]
197.3 fp=[1] true=[3] merged=[1, 3]
197.6 fp=[1] true=[3] merged=[1, 3]
197.9 fp=[1] true=[3] merged=[1, 3]
198.3 fp=[1] true=[3] merged=[1, 3]
198.6 fp=[1] true=[3] merged=[1, 3]
198.9 fp=[1] true=[3] merged=[1, 3]
199.2 fp=[1] true=[3] merged=[1, 3]
199.5 fp=[1] true=[3] merged=[1, 3]
199.8 fp=[1] true=[3] merged=[1, 3]
200.1 fp=[1] true=[3] merged=[1, 3]
200.5 fp=[1] true=[3] merged=[1, 3]
200.8 fp=[1] true=[3] merged=[1, 3]
201.1 fp=[1] true=[3] merged=[1, 3]
201.4 fp=[1] true=[3] merged=[1, 3]
201.7 fp=[1] true=[3] merged=[1, 3]
202.0 fp=[1] true=[3] merged=[1, 3]
202.3 fp=[1] true=[3] merged=[1, 3]
202.6 fp=[1] true=[3] merged=[1, 3]
202.9 fp=[1] true=[3] merged=[1, 3]
203.3 fp=[1] true=[3] merged=[1, 3]
203.6 fp=[1] true=[3] merged=[1, 3]
203.9 fp=[1] true=[3] merged=[1, 3]
204.2 fp=[1] true=[3] merged=[1, 3]
204.5 fp=[1] true=[3] merged=[1, 3]
204.8 fp=[1] true=[3] merged=[1, 3]
205.1 fp=[1] true=[3] merged=[1, 3]
205.4 fp=[1] true=[3] merged=[1, 3]
205.8 fp=[1] true=[3] merged=[1, 3]
206.1 fp=[1] true=[3] merged=[1, 3]
206.4 fp=[1] true=[3] merged=[1, 3]
206.7 fp=[1] true=[3] merged=[1, 3]
207.0 fp=[1] true=[3] merged=[1, 3]
207.3 fp=[1] true=[3] merged=[1, 3]
207.6 fp=[1] true=[3] merged=[1, 3]
207.9 fp=[1] true=[3] merged=[1, 3]
208.3 fp=[1] true=[3] merged=[1, 3]
208.6 fp=[1] true=[3] merged=[1, 3]
208.9 fp=[1] true=[3] merged=[1, 3]
209.2 fp=[1] true=[3] merged=[1, 3]
209.5 fp=[1] true=[3] merged=[1, 3]
209.8 fp=[1] true=[3] merged=[1, 3]
210.1 fp=[1] true=[3] merged=[1, 3]
210.4 fp=[1] true=[3] merged=[1, 3]
210.8 fp=[1] true=[3] merged=[1, 3]
211.1 fp=[1] true=[3] merged=[1, 3]
211.4 fp=[1] true=[3] merged=[1, 3]
211.7 fp=[1] true=[3] merged=[1, 3]
212.0 fp=[1] true=[3] merged=[1, 3]
212.3 fp=[1] true=[3] merged=[1, 3]
212.6 fp=[1] true=[3] merged=[1, 3]
212.9 fp=[1] true=[3] merged=[1, 3]
213.3 fp=[1] true=[3] merged=[1, 3]
213.6 fp=[1] true=[3] merged=[1, 3]
213.9 fp=[1] true=[3] merged=[1, 3]
214.2 fp=[1] true=[3] merged=[1, 3]
214.5 fp=[1] true=[3] merged=[1, 3]
214.8 fp=[1] true=[3] merged=[1, 3]
215.1 fp=[1] true=[3] merged=[1, 3]
215.5 fp=[1] true=[3] merged=[1, 3]
215.8 fp=[1] true=[3] merged=[1, 3]
216.1 fp=[1] true=[3] merged=[1, 3]
216.4 fp=[1] true=[3] merged=[1, 3]
216.7 fp=[1] true=[3] merged=[1, 3]
217.0 fp=[1] true=[3] merged=[1, 3]
217.3 fp=[1] true=[3] merged=[1, 3]
217.6 fp=[1] true=[3] merged=[1, 3]
218.0 fp=[1] true=[3] merged=[1, 3]
218.3 fp=[1] true=[3] merged=[1, 3]
218.6 fp=[1] true=[3] merged=[1, 3]
218.9 fp=[1] true=[3] merged=[1, 3]
219.2 fp=[1] true=[3] merged=[1, 3]
219.5 fp=[1] true=[3] merged=[1, 3]
219.9 fp=[1] true=[3] merged=[1, 3]
220.2 fp=[1] true=[3] merged=[1, 3]
220.5 fp=[1] true=[3] merged=[1, 3]
220.8 fp=[1] true=[3] merged=[1, 3]
221.1 fp=[1] true=[3] merged=[1, 3]
221.4 fp=[1] true=[3] merged=[1, 3]
221.8 fp=[1] true=[3] merged=[1, 3]
222.1 fp=[1] true=[3] merged=[1, 3]
222.4 fp=[1] true=[3] merged=[1, 3]
222.7 fp=[1] true=[3] merged=[1, 3]
223.0 fp=[1] true=[3] merged=[1, 3]
223.3 fp=[1] true=[3] merged=[1, 3]
223.6 fp=[1] true=[3] merged=[1, 3]
224.0 fp=[1] true=[3] merged=[1, 3]
224.3 fp=[1] true=[3] merged=[1, 3]
224.6 fp=[1] true=[3] merged=[1, 3]
224.9 fp=[1] true=[3] merged=[1, 3]
225.2 fp=[1] true=[3] merged=[1, 3]
225.5 fp=[1] true=[3] merged=[1, 3]
225.8 fp=[1] true=[3] merged=[1, 3]
226.1 fp=[1] true=[3] merged=[1, 3]
226.4 fp=[1] true=[3] merged=[1, 3]
226.8 fp=[1] true=[3] merged=[1, 3]
227.1 fp=[2] true=[3] merged=[2, 3]
227.4 fp=[2] true=[3] merged=[2, 3]
227.7 fp=[2] true=[3] merged=[2, 3]
228.0 fp=[2] true=[3] merged=[2, 3]
228.3 fp=[2] true=[3] merged=[2, 3]
228.6 fp=[2] true=[3] merged=[2, 3]
228.9 fp=[2] true=[3] merged=[2, 3]
229.3 fp=[2] true=[3] merged=[2, 3]
229.6 fp=[2] true=[3] merged=[2, 3]
229.9 fp=[2] true=[3] merged=[2, 3]
230.2 fp=[2] true=[3] merged=[2, 3]
230.5 fp=[2] true=[3] merged=[2, 3]
230.8 fp=[2] true=[3] merged=[2, 3]
231.2 fp=[2] true=[3] merged=[2, 3]
231.5 fp=[2] true=[3] merged=[2, 3]
231.8 fp=[2] true=[3] merged=[2, 3]
232.1 fp=[2] true=[3] merged=[2, 3]
232.4 fp=[2] true=[3] merged=[2, 3]
232.7 fp=[2] true=[3] merged=[2, 3]
233.1 fp=[2] true=[3] merged=[2, 3]
233.4 fp=[2] true=[3] merged=[2, 3]
233.7 fp=[2] true=[3] merged=[2, 3]
234.0 fp=[2] true=[3] merged=[2, 3]
234.3 fp=[2] true=[3] merged=[2, 3]
234.6 fp=[2] true=[3] merged=[2, 3]
234.9 fp=[2] true=[3] merged=[2, 3]
235.3 fp=[2] true=[3] merged=[2, 3]
235.6 fp=[2] true=[3] merged=[2, 3]
235.9 fp=[2] true=[3] merged=[2, 3]
236.2 fp=[2] true=[3] merged=[2, 3]
236.5 fp=[2] true=[3] merged=[2, 3]
236.8 fp=[2] true=[3] merged=[2, 3]
237.2 fp=[2] true=[3] merged=[2, 3]
237.5 fp=[2] true=[3] merged=[2, 3]
237.8 fp=[2] true=[3] merged=[2, 3]
238.1 fp=[2] true=[3] merged=[2, 3]
238.4 fp=[2] true=[3] merged=[2, 3]
238.7 fp=[2] true=[3] merged=[2, 3]
239.0 fp=[2] true=[3] merged=[2, 3]
239.4 fp=[2] true=[3] merged=[2, 3]
239.7 fp=[2] true=[3] merged=[2, 3]
240.0 fp=[2] true=[3] merged=[2, 3]
240.3 fp=[2] true=[3] merged=[2, 3]
240.6 fp=[2] true=[3] merged=[2, 3]
240.9 fp=[2] true=[3] merged=[2, 3]
241.2 fp=[2] true=[3] merged=[2, 3]
241.5 fp=[2] true=[3] merged=[2, 3]
241.9 fp=[2] true=[3] merged=[2, 3]
242.2 fp=[2] true=[3] merged=[2, 3]
242.5 fp=[2] true=[3] merged=[2, 3]
242.8 fp=[2] true=[3] merged=[2, 3]
243.1 fp=[2] true=[3] merged=[2, 3]
243.4 fp=[2] true=[3] merged=[2, 3]
243.7 fp=[2] true=[3] merged=[2, 3]
244.0 fp=[2] true=[3] merged=[2, 3]
244.3 fp=[2] true=[3] merged=[2, 3]
244.7 fp=[2] true=[3] merged=[2, 3]
245.0 fp=[2] true=[3] merged=[2, 3]
245.3 fp=[4] true=[3] merged=[3, 4]
245.6 fp=[4] true=[3] merged=[3, 4]
245.9 fp=[4] true=[3] merged=[3, 4]
246.2 fp=[4] true=[3] merged=[3, 4]
246.5 fp=[4] true=[3] merged=[3, 4]
246.9 fp=[4] true=[3] merged=[3, 4]
247.2 fp=[4] true=[3] merged=[3, 4]
247.5 fp=[4] true=[3] merged=[3, 4]
247.8 fp=[4] true=[3] merged=[3, 4]
248.1 fp=[4] true=[3] merged=[3, 4]
248.4 fp=[4] true=[3] merged=[3, 4]
248.7 fp=[4] true=[3] merged=[3, 4]
249.0 fp=[4] true=[3] merged=[3, 4]
249.4 fp=[4] true=[3] merged=[3, 4]
249.7 fp=[4] true=[3] merged=[3, 4]
250.0 fp=[4] true=[3] merged=[3, 4]
250.3 fp=[2] true=[3] merged=[2, 3]
250.6 fp=[2] true=[3] merged=[2, 3]
250.9 fp=[2] true=[3] merged=[2, 3]
251.2 fp=[2] true=[3] merged=[2, 3]
251.6 fp=[2] true=[3] merged=[2, 3]
251.9 fp=[2] true=[3] merged=[2, 3]
252.2 fp=[2] true=[3] merged=[2, 3]
252.5 fp=[2] true=[3] merged=[2, 3]
252.8 fp=[2] true=[3] merged=[2, 3]
253.1 fp=[2] true=[3] merged=[2, 3]
253.4 fp=[2] true=[3] merged=[2, 3]
253.7 fp=[2] true=[3] merged=[2, 3]
254.0 fp=[2] true=[3] merged=[2, 3]
254.3 fp=[2] true=[3] merged=[2, 3]
254.7 fp=[2] true=[3] merged=[2, 3]
255.0 fp=[2] true=[3] merged=[2, 3]
255.3 fp=[2] true=[3] merged=[2, 3]
255.6 fp=[2] true=[3] merged=[2, 3]
255.9 fp=[2] true=[3] merged=[2, 3]
256.2 fp=[2] true=[3] merged=[2, 3]
256.5 fp=[2] true=[3] merged=[2, 3]
256.9 fp=[2] true=[3] merged=[2, 3]
257.2 fp=[2] true=[3] merged=[2, 3]
257.5 fp=[2] true=[3] merged=[2, 3]
257.8 fp=[2] true=[3] merged=[2, 3]
258.1 fp=[2] true=[3] merged=[2, 3]
258.4 fp=[2] true=[3] merged=[2, 3]
258.7 fp=[2] true=[3] merged=[2, 3]
259.1 fp=[2] true=[3] merged=[2, 3]
259.4 fp=[2] true=[3] merged=[2, 3]
259.7 fp=[2] true=[3] merged=[2, 3]
260.0 fp=[2] true=[3] merged=[2, 3]
260.3 fp=[2] true=[3] merged=[2, 3]
260.6 fp=[2] true=[3] merged=[2, 3]
260.9 fp=[2] true=[3] merged=[2, 3]
261.2 fp=[2] true=[3] merged=[2, 3]
261.5 fp=[2] true=[3] merged=[2, 3]
261.9 fp=[2] true=[3] merged=[2, 3]
262.2 fp=[2] true=[3] merged=[2, 3]
262.5 fp=[2] true=[3] merged=[2, 3]
262.8 fp=[2] true=[3] merged=[2, 3]
263.1 fp=[2] true=[3] merged=[2, 3]
263.4 fp=[2] true=[3] merged=[2, 3]
263.7 fp=[2] true=[3] merged=[2, 3]
264.1 fp=[2] true=[3] merged=[2, 3]
264.4 fp=[2] true=[3] merged=[2, 3]
264.7 fp=[2] true=[3] merged=[2, 3]
265.0 fp=[2] true=[3] merged=[2, 3]
265.3 fp=[2] true=[3] merged=[2, 3]
265.6 fp=[2] true=[3] merged=[2, 3]
265.9 fp=[2] true=[3] merged=[2, 3]
266.2 fp=[2] true=[3] merged=[2, 3]
266.5 fp=[2] true=[3] merged=[2, 3]
266.9 fp=[2] true=[3] merged=[2, 3]
267.2 fp=[2] true=[3] merged=[2, 3]
267.5 fp=[2] true=[3] merged=[2, 3]
267.8 fp=[2] true=[3] merged=[2, 3]
268.1 fp=[2] true=[3] merged=[2, 3]
268.4 fp=[2] true=[3] merged=[2, 3]
268.7 fp=[2] true=[3] merged=[2, 3]
269.0 fp=[2] true=[3] merged=[2, 3]
269.3 fp=[2] true=[3] merged=[2, 3]
269.7 fp=[2] true=[3] merged=[2, 3]
270.0 fp=[2] true=[3] merged=[2, 3]
270.3 fp=[2] true=[3] merged=[2, 3]
270.6 fp=[2] true=[3] merged=[2, 3]
270.9 fp=[2] true=[3] merged=[2, 3]
271.2 fp=[2] true=[3] merged=[2, 3]
271.5 fp=[2] true=[3] merged=[2, 3]
271.8 fp=[2] true=[3] merged=[2, 3]
272.1 fp=[2] true=[3] merged=[2, 3]
272.4 fp=[2] true=[3] merged=[2, 3]
272.8 fp=[2] true=[3] merged=[2, 3]
273.1 fp=[2] true=[3] merged=[2, 3]
273.4 fp=[2] true=[3] merged=[2, 3]
273.7 fp=[2] true=[3] merged=[2, 3]
274.0 fp=[2] true=[3] merged=[2, 3]
274.3 fp=[2] true=[3] merged=[2, 3]
274.6 fp=[2] true=[3] merged=[2, 3]
274.9 fp=[2] true=[3] merged=[2, 3]
275.3 fp=[2] true=[3] merged=[2, 3]
275.6 fp=[2] true=[3] merged=[2, 3]
275.9 fp=[2] true=[3] merged=[2, 3]
276.2 fp=[2] true=[3] merged=[2, 3]
276.5 fp=[2] true=[3] merged=[2, 3]
276.8 fp=[2] true=[3] merged=[2, 3]
277.1 fp=[2] true=[3] merged=[2, 3]
277.4 fp=[2] true=[3] merged=[2, 3]
277.7 fp=[2] true=[3] merged=[2, 3]
278.0 fp=[2] true=[3] merged=[2, 3]
278.4 fp=[2] true=[3] merged=[2, 3]
278.7 fp=[2] true=[3] merged=[2, 3]
279.0 fp=[2] true=[3] merged=[2, 3]
279.3 fp=[2] true=[3] merged=[2, 3]
279.6 fp=[2] true=[3] merged=[2, 3]
279.9 fp=[2] true=[3] merged=[2, 3]
280.2 fp=[5] true=[3] merged=[3, 5]
280.5 fp=[5] true=[3] merged=[3, 5]
280.9 fp=[5] true=[3] merged=[3, 5]
281.2 fp=[5] true=[3] merged=[3, 5]
281.5 fp=[5] true=[3] merged=[3, 5]
281.8 fp=[5] true=[3] merged=[3, 5]
282.1 fp=[4] true=[3] merged=[3, 4]
282.4 fp=[4] true=[3] merged=[3, 4]
282.8 fp=[4] true=[3] merged=[3, 4]
283.1 fp=[4] true=[3] merged=[3, 4]
283.4 fp=[4] true=[3] merged=[3, 4]
283.7 fp=[4] true=[3] merged=[3, 4]
284.0 fp=[4] true=[3] merged=[3, 4]
284.3 fp=[4] true=[3] merged=[3, 4]
284.6 fp=[4] true=[3] merged=[3, 4]
285.0 fp=[4] true=[3] merged=[3, 4]
285.3 fp=[4] true=[3] merged=[3, 4]
285.6 fp=[4] true=[3] merged=[3, 4]
285.9 fp=[4] true=[3] merged=[3, 4]
286.2 fp=[4] true=[3] merged=[3, 4]
286.5 fp=[4] true=[3] merged=[3, 4]
286.8 fp=[4] true=[3] merged=[3, 4]
287.1 fp=[4] true=[3] merged=[3, 4]
287.4 fp=[4] true=[3] merged=[3, 4]
287.7 fp=[4] true=[3] merged=[3, 4]
288.1 fp=[4] true=[3] merged=[3, 4]
288.4 fp=[4] true=[3] merged=[3, 4]
288.7 fp=[4] true=[3] merged=[3, 4]
289.0 fp=[4] true=[3] merged=[3, 4]
289.3 fp=[4] true=[3] merged=[3, 4]
289.6 fp=[4] true=[3] merged=[3, 4]
289.9 fp=[4] true=[3] merged=[3, 4]
290.3 fp=[4] true=[3] merged=[3, 4]
290.6 fp=[4] true=[3] merged=[3, 4]
290.9 fp=[4] true=[3] merged=[3, 4]
291.2 fp=[4] true=[3] merged=[3, 4]
291.5 fp=[4] true=[3] merged=[3, 4]
291.8 fp=[4] true=[3] merged=[3, 4]
292.1 fp=[4] true=[3] merged=[3, 4]
292.5 fp=[4] true=[3] merged=[3, 4]
292.8 fp=[4] true=[3] merged=[3, 4]
293.1 fp=[4] true=[3] merged=[3, 4]
293.4 fp=[4] true=[3] merged=[3, 4]
293.7 fp=[4] true=[3] merged=[3, 4]
294.0 fp=[4] true=[3] merged=[3, 4]
294.3 fp=[4] true=[3] merged=[3, 4]
294.6 fp=[4] true=[3] merged=[3, 4]
295.0 fp=[4] true=[3] merged=[3, 4]
295.3 fp=[4] true=[3] merged=[3, 4]
295.6 fp=[4] true=[3] merged=[3, 4]
295.9 fp=[4] true=[3] merged=[3, 4]
296.2 fp=[4] true=[3] merged=[3, 4]
296.5 fp=[4] true=[3] merged=[3, 4]
296.8 fp=[4] true=[3] merged=[3, 4]
297.1 fp=[4] true=[3] merged=[3, 4]
297.4 fp=[4] true=[3] merged=[3, 4]
297.8 fp=[4] true=[3] merged=[3, 4]
298.1 fp=[4] true=[3] merged=[3, 4]
298.4 fp=[4] true=[3] merged=[3, 4]
298.7 fp=[4] true=[3] merged=[3, 4]
299.0 fp=[1] true=[3] merged=[1, 3]
299.3 fp=[1] true=[3] merged=[1, 3]
299.7 fp=[1] true=[3] merged=[1, 3]
300.0 fp=[1] true=[3] merged=[1, 3]
300.3 fp=[1] true=[3] merged=[1, 3]
300.6 fp=[1] true=[3] merged=[1, 3]
300.9 fp=[1] true=[3] merged=[1, 3]
301.2 fp=[1] true=[3] merged=[1, 3]
301.6 fp=[1] true=[3] merged=[1, 3]
301.9 fp=[1] true=[3] merged=[1, 3]
302.2 fp=[1] true=[3] merged=[1, 3]
302.5 fp=[1] true=[3] merged=[1, 3]
302.8 fp=[1] true=[3] merged=[1, 3]
303.1 fp=[1] true=[3] merged=[1, 3]
303.5 fp=[1] true=[3] merged=[1, 3]
303.8 fp=[1] true=[3] merged=[1, 3]
304.1 fp=[1] true=[3] merged=[1, 3]
304.4 fp=[1] true=[3] merged=[1, 3]
304.7 fp=[1] true=[3] merged=[1, 3]
305.0 fp=[1] true=[3] merged=[1, 3]
305.3 fp=[1] true=[3] merged=[1, 3]
305.6 fp=[1] true=[3] merged=[1, 3]
306.0 fp=[1] true=[3] merged=[1, 3]
306.3 fp=[1] true=[3] merged=[1, 3]
306.6 fp=[1] true=[3] merged=[1, 3]
306.9 fp=[1] true=[3] merged=[1, 3]
307.2 fp=[1] true=[3] merged=[1, 3]
307.5 fp=[1] true=[3] merged=[1, 3]
307.8 fp=[1] true=[3] merged=[1, 3]
308.2 fp=[1] true=[3] merged=[1, 3]
308.5 fp=[1] true=[3] merged=[1, 3]
308.8 fp=[1] true=[3] merged=[1, 3]
309.1 fp=[1] true=[3] merged=[1, 3]
309.4 fp=[1] true=[3] merged=[1, 3]
309.7 fp=[1] true=[3] merged=[1, 3]
310.0 fp=[1] true=[3] merged=[1, 3]
310.3 fp=[1] true=[3] merged=[1, 3]
310.7 fp=[1] true=[3] merged=[1, 3]
311.0 fp=[1] true=[3] merged=[1, 3]
311.3 fp=[1] true=[3] merged=[1, 3]
311.6 fp=[1] true=[3] merged=[1, 3]
311.9 fp=[1] true=[3] merged=[1, 3]
312.2 fp=[1] true=[3] merged=[1, 3]
312.6 fp=[1] true=[3] merged=[1, 3]
312.9 fp=[1] true=[3] merged=[1, 3]
313.2 fp=[1] true=[3] merged=[1, 3]
313.5 fp=[1] true=[3] merged=[1, 3]
313.8 fp=[1] true=[3] merged=[1, 3]
314.1 fp=[1] true=[3] merged=[1, 3]
314.4 fp=[1] true=[3] merged=[1, 3]
314.7 fp=[1] true=[3] merged=[1, 3]
315.1 fp=[1] true=[3] merged=[1, 3]
315.4 fp=[1] true=[3] merged=[1, 3]
315.7 fp=[1] true=[3] merged=[1, 3]
316.0 fp=[1] true=[3] merged=[1, 3]
316.3 fp=[1] true=[3] merged=[1, 3]
316.6 fp=[1] true=[3] merged=[1, 3]
316.9 fp=[1] true=[3] merged=[1, 3]
317.2 fp=[1] true=[3] merged=[1, 3]
317.6 fp=[1] true=[3] merged=[1, 3]
317.9 fp=[1] true=[3] merged=[1, 3]
318.2 fp=[1] true=[3] merged=[1, 3]
318.5 fp=[1] true=[3] merged=[1, 3]
318.8 fp=[1] true=[3] merged=[1, 3]
319.1 fp=[1] true=[3] merged=[1, 3]
319.4 fp=[1] true=[3] merged=[1, 3]
319.8 fp=[1] true=[3] merged=[1, 3]
320.1 fp=[1] true=[3] merged=[1, 3]
320.4 fp=[1] true=[3] merged=[1, 3]
320.7 fp=[1] true=[3] merged=[1, 3]
321.0 fp=[1] true=[3] merged=[1, 3]
321.3 fp=[1] true=[3] merged=[1, 3]
321.6 fp=[1] true=[3] merged=[1, 3]
322.0 fp=[1] true=[3] merged=[1, 3]
322.3 fp=[1] true=[3] merged=[1, 3]
322.6 fp=[1] true=[3] merged=[1, 3]
322.9 fp=[1] true=[3] merged=[1, 3]
323.2 fp=[1] true=[3] merged=[1, 3]
323.5 fp=[1] true=[3] merged=[1, 3]
323.8 fp=[1] true=[3] merged=[1, 3]
324.1 fp=[1] true=[3] merged=[1, 3]
324.5 fp=[1] true=[3] merged=[1, 3]
324.8 fp=[1] true=[3] merged=[1, 3]
325.1 fp=[1] true=[3] merged=[1, 3]
325.4 fp=[1] true=[3] merged=[1, 3]
325.7 fp=[1] true=[3] merged=[1, 3]
326.0 fp=[1] true=[3] merged=[1, 3]
326.3 fp=[1] true=[3] merged=[1, 3]
326.7 fp=[1] true=[3] merged=[1, 3]
327.0 fp=[1] true=[3] merged=[1, 3]
327.3 fp=[1] true=[3] merged=[1, 3]
327.6 fp=[1] true=[3] merged=[1, 3]
327.9 fp=[1] true=[3] merged=[1, 3]
328.2 fp=[1] true=[3] merged=[1, 3]
328.5 fp=[1] true=[3] merged=[1, 3]
328.8 fp=[1] true=[3] merged=[1, 3]
329.2 fp=[1] true=[3] merged=[1, 3]
329.5 fp=[1] true=[3] merged=[1, 3]
329.8 fp=[1] true=[3] merged=[1, 3]
330.1 fp=[1] true=[3] merged=[1, 3]
330.4 fp=[1] true=[3] merged=[1, 3]
330.8 fp=[1] true=[3] merged=[1, 3]
331.1 fp=[1] true=[3] merged=[1, 3]
331.4 fp=[1] true=[3] merged=[1, 3]
331.7 fp=[1] true=[3] merged=[1, 3]
332.0 fp=[1] true=[3] merged=[1, 3]
332.3 fp=[1] true=[3] merged=[1, 3]
332.6 fp=[1] true=[3] merged=[1, 3]
333.0 fp=[1] true=[3] merged=[1, 3]
333.3 fp=[2] true=[3] merged=[2, 3]
333.6 fp=[2] true=[3] merged=[2, 3]
333.9 fp=[2] true=[3] merged=[2, 3]
334.2 fp=[2] true=[3] merged=[2, 3]
334.5 fp=[2] true=[3] merged=[2, 3]
334.8 fp=[2] true=[3] merged=[2, 3]
335.1 fp=[2] true=[3] merged=[2, 3]
335.5 fp=[2] true=[3] merged=[2, 3]
335.8 fp=[2] true=[3] merged=[2, 3]
336.1 fp=[2] true=[3] merged=[2, 3]
336.4 fp=[2] true=[3] merged=[2, 3]
336.7 fp=[2] true=[3] merged=[2, 3]
337.0 fp=[2] true=[3] merged=[2, 3]
337.3 fp=[2] true=[3] merged=[2, 3]
337.6 fp=[2] true=[3] merged=[2, 3]
337.9 fp=[2] true=[3] merged=[2, 3]
338.3 fp=[2] true=[3] merged=[2, 3]
338.6 fp=[2] true=[3] merged=[2, 3]
338.9 fp=[2] true=[3] merged=[2, 3]
339.2 fp=[2] true=[3] merged=[2, 3]
339.5 fp=[2] true=[3] merged=[2, 3]
339.8 fp=[2] true=[3] merged=[2, 3]
340.1 fp=[2] true=[3] merged=[2, 3]
340.5 fp=[2] true=[3] merged=[2, 3]
340.8 fp=[2] true=[3] merged=[2, 3]
341.1 fp=[2] true=[3] merged=[2, 3]
341.4 fp=[2] true=[3] merged=[2, 3]
341.7 fp=[2] true=[3] merged=[2, 3]
342.1 fp=[2] true=[3] merged=[2, 3]
342.4 fp=[2] true=[3] merged=[2, 3]
342.7 fp=[2] true=[3] merged=[2, 3]
343.0 fp=[2] true=[3] merged=[2, 3]
343.3 fp=[2] true=[3] merged=[2, 3]
343.6 fp=[2] true=[3] merged=[2, 3]
343.9 fp=[2] true=[3] merged=[2, 3]
344.2 fp=[2] true=[3] merged=[2, 3]
344.6 fp=[2] true=[3] merged=[2, 3]
344.9 fp=[2] true=[3] merged=[2, 3]
345.2 fp=[2] true=[3] merged=[2, 3]
345.5 fp=[2] true=[3] merged=[2, 3]
345.8 fp=[2] true=[3] merged=[2, 3]
346.1 fp=[2] true=[3] merged=[2, 3]
346.4 fp=[2] true=[3] merged=[2, 3]
346.8 fp=[2] true=[3] merged=[2, 3]
347.1 fp=[2] true=[3] merged=[2, 3]
347.4 fp=[2] true=[3] merged=[2, 3]
347.7 fp=[2] true=[3] merged=[2, 3]
348.0 fp=[2] true=[3] merged=[2, 3]
348.3 fp=[2] true=[3] merged=[2, 3]
348.7 fp=[2] true=[3] merged=[2, 3]
349.0 fp=[2] true=[3] merged=[2, 3]
349.3 fp=[2] true=[3] merged=[2, 3]
349.6 fp=[2] true=[3] merged=[2, 3]
350.0 fp=[2] true=[3] merged=[2, 3]
350.3 fp=[2] true=[3] merged=[2, 3]
350.6 fp=[2] true=[3] merged=[2, 3]
350.9 fp=[2] true=[3] merged=[2, 3]
351.2 fp=[2] true=[3] merged=[2, 3]
351.5 fp=[2] true=[3] merged=[2, 3]
351.8 fp=[2] true=[3] merged=[2, 3]
352.1 fp=[2] true=[3] merged=[2, 3]
352.5 fp=[2] true=[3] merged=[2, 3]
352.8 fp=[2] true=[3] merged=[2, 3]
353.1 fp=[2] true=[3] merged=[2, 3]
353.4 fp=[2] true=[3] merged=[2, 3]
353.7 fp=[2] true=[3] merged=[2, 3]
354.0 fp=[2] true=[3] merged=[2, 3]
354.3 fp=[2] true=[3] merged=[2, 3]
354.7 fp=[2] true=[3] merged=[2, 3]
355.0 fp=[2] true=[3] merged=[2, 3]
355.3 fp=[2] true=[3] merged=[2, 3]
355.6 fp=[2] true=[3] merged=[2, 3]
355.9 fp=[2] true=[3] merged=[2, 3]
356.2 fp=[2] true=[3] merged=[2, 3]
356.5 fp=[2] true=[3] merged=[2, 3]
356.9 fp=[2] true=[3] merged=[2, 3]
357.2 fp=[2] true=[3] merged=[2, 3]
357.5 fp=[2] true=[3] merged=[2, 3]
357.8 fp=[2] true=[3] merged=[2, 3]
358.1 fp=[2] true=[3] merged=[2, 3]
358.4 fp=[2] true=[3] merged=[2, 3]
358.7 fp=[2] true=[3] merged=[2, 3]
359.0 fp=[2] true=[3] merged=[2, 3]
359.3 fp=[2] true=[3] merged=[2, 3]
359.6 fp=[2] true=[3] merged=[2, 3]
360.0 fp=[2] true=[3] merged=[2, 3]
360.3 fp=[2] true=[3] merged=[2, 3]
360.6 fp=[2] true=[3] merged=[2, 3]
360.9 fp=[2] true=[3] merged=[2, 3]
361.2 fp=[1] true=[3] merged=[1, 3]
361.5 fp=[1] true=[3] merged=[1, 3]
361.8 fp=[1] true=[3] merged=[1, 3]
362.2 fp=[1] true=[3] merged=[1, 3]
362.5 fp=[1] true=[3] merged=[1, 3]
362.8 fp=[1] true=[3] merged=[1, 3]
363.1 fp=[1] true=[3] merged=[1, 3]
363.4 fp=[1] true=[3] merged=[1, 3]
363.7 fp=[1] true=[3] merged=[1, 3]
364.0 fp=[1] true=[3] merged=[1, 3]
364.3 fp=[1] true=[3] merged=[1, 3]
364.7 fp=[1] true=[3] merged=[1, 3]
365.0 fp=[1] true=[3] merged=[1, 3]
365.3 fp=[1] true=[3] merged=[1, 3]
365.6 fp=[1] true=[3] merged=[1, 3]
365.9 fp=[1] true=[3] merged=[1, 3]
366.2 fp=[1] true=[3] merged=[1, 3]
366.5 fp=[1] true=[3] merged=[1, 3]
366.8 fp=[1] true=[3] merged=[1, 3]
367.2 fp=[1] true=[3] merged=[1, 3]
367.5 fp=[1] true=[3] merged=[1, 3]
367.8 fp=[1] true=[3] merged=[1, 3]
368.1 fp=[1] true=[3] merged=[1, 3]
368.4 fp=[1] true=[3] merged=[1, 3]
368.7 fp=[1] true=[3] merged=[1, 3]
369.0 fp=[1] true=[3] merged=[1, 3]
369.3 fp=[1] true=[3] merged=[1, 3]
369.6 fp=[1] true=[3] merged=[1, 3]
370.0 fp=[1] true=[3] merged=[1, 3]
370.3 fp=[1] true=[3] merged=[1, 3]
370.6 fp=[1] true=[3] merged=[1, 3]
370.9 fp=[1] true=[3] merged=[1, 3]
371.2 fp=[1] true=[3] merged=[1, 3]
371.5 fp=[1] true=[3] merged=[1, 3]
371.8 fp=[1] true=[3] merged=[1, 3]
372.1 fp=[1] true=[3] merged=[1, 3]
372.4 fp=[1] true=[3] merged=[1, 3]
372.7 fp=[1] true=[3] merged=[1, 3]
373.1 fp=[1] true=[3] merged=[1, 3]
373.4 fp=[1] true=[3] merged=[1, 3]
373.7 fp=[1] true=[3] merged=[1, 3]
374.0 fp=[1] true=[3] merged=[1, 3]
374.3 fp=[1] true=[3] merged=[1, 3]
374.6 fp=[1] true=[3] merged=[1, 3]
374.9 fp=[1] true=[3] merged=[1, 3]
375.2 fp=[1] true=[3] merged=[1, 3]
375.5 fp=[1] true=[3] merged=[1, 3]
375.8 fp=[1] true=[3] merged=[1, 3]
376.1 fp=[1] true=[3] merged=[1, 3]
376.5 fp=[1] true=[3] merged=[1, 3]
376.8 fp=[1] true=[3] merged=[1, 3]
377.1 fp=[1] true=[3] merged=[1, 3]
377.4 fp=[1] true=[3] merged=[1, 3]
377.7 fp=[1] true=[3] merged=[1, 3]
378.0 fp=[1] true=[3] merged=[1, 3]
378.3 fp=[1] true=[3] merged=[1, 3]
378.7 fp=[1] true=[3] merged=[1, 3]
379.0 fp=[1] true=[3] merged=[1, 3]
379.3 fp=[1] true=[3] merged=[1, 3]
379.6 fp=[1] true=[3] merged=[1, 3]
379.9 fp=[1] true=[3] merged=[1, 3]
380.3 fp=[1] true=[3] merged=[1, 3]
380.6 fp=[1] true=[3] merged=[1, 3]
380.9 fp=[1] true=[3] merged=[1, 3]
381.2 fp=[1] true=[3] merged=[1, 3]
381.5 fp=[1] true=[3] merged=[1, 3]
381.8 fp=[1] true=[3] merged=[1, 3]
382.2 fp=[1] true=[3] merged=[1, 3]
382.5 fp=[1] true=[3] merged=[1, 3]
382.8 fp=[1] true=[3] merged=[1, 3]
383.1 fp=[1] true=[3] merged=[1, 3]
383.4 fp=[1] true=[3] merged=[1, 3]
383.7 fp=[1] true=[3] merged=[1, 3]
384.0 fp=[1] true=[3] merged=[1, 3]
384.3 fp=[1] true=[3] merged=[1, 3]
384.7 fp=[1] true=[3] merged=[1, 3]
385.0 fp=[1] true=[3] merged=[1, 3]
385.3 fp=[1] true=[3] merged=[1, 3]
385.6 fp=[1] true=[3] merged=[1, 3]
385.9 fp=[1] true=[3] merged=[1, 3]
386.2 fp=[1] true=[3] merged=[1, 3]
386.5 fp=[1] true=[3] merged=[1, 3]
386.8 fp=[1] true=[3] merged=[1, 3]
387.1 fp=[1] true=[3] merged=[1, 3]
387.5 fp=[1] true=[3] merged=[1, 3]
387.8 fp=[1] true=[3] merged=[1, 3]
