# start rate=20 seed=5 dur=420 n=7 target=3 events=74
0.0 fp=[7] true=[3] merged=[3, 7]
0.3 fp=[7] true=[3] merged=[3, 7]
0.6 fp=[7] true=[3] merged=[3, 7]
0.9 fp=[7] true=[3] merged=[3, 7]
1.2 fp=[7] true=[3] merged=[3, 7]
1.6 fp=[7] true=[3] merged=[3, 7]
1.9 fp=[7] true=[3] merged=[3, 7]
2.2 fp=[7] true=[3] merged=[3, 7]
2.5 fp=[7] true=[3] merged=[3, 7]
2.8 fp=[7] true=[3] merged=[3, 7]
3.1 fp=[7] true=[3] merged=[3, 7]
3.5 fp=[7] true=[3] merged=[3, 7]
3.8 fp=[7] true=[3] merged=[3, 7]
4.1 fp=[7] true=[3] merged=[3, 7]
4.4 fp=[7] true=[3] merged=[3, 7]
4.7 fp=[7] true=[3] merged=[3, 7]
5.0 fp=[7] true=[3] merged=[3, 7]
5.3 fp=[7] true=[3] merged=[3, 7]
5.7 fp=[7] true=[3] merged=[3, 7]
6.0 fp=[7] true=[3] merged=[3, 7]
6.3 fp=[7] true=[3] merged=[3, 7]
6.6 fp=[7] true=[3] merged=[3, 7]
6.9 fp=[7] true=[3] merged=[3, 7]
7.2 fp=[7] true=[3] merged=[3, 7]
7.5 fp=[7] true=[3] merged=[3, 7]
7.8 fp=[7] true=[3] merged=[3, 7]
8.1 fp=[5] true=[3] merged=[3, 5]
8.5 fp=[5] true=[3] merged=[3, 5]
8.8 fp=[5] true=[3] merged=[3, 5]
9.1 fp=[5] true=[3] merged=[3, 5]
9.4 fp=[5] true=[3] merged=[3, 5]
9.7 fp=[5] true=[3] merged=[3, 5]
10.0 fp=[5] true=[3] merged=[3, 5]
10.3 fp=[5] true=[3] merged=[3, 5]
10.7 fp=[5] true=[3] merged=[3, 5]
11.0 fp=[5] true=[3] merged=[3, 5]
11.3 fp=[5] true=[3] merged=[3, 5]
11.6 fp=[5] true=[3] merged=[3, 5]
11.9 fp=[5] true=[3] merged=[3, 5]
12.2 fp=[5] true=[3] merged=[3, 5]
12.5 fp=[5] true=[3] merged=[3, 5]
12.8 fp=[5] true=[3] merged=[3, 5]
13.1 fp=[5] true=[3] merged=[3, 5]
13.5 fp=[5] true=[3] merged=[3, 5]
13.8 fp=[5] true=[3] merged=[3, 5]
14.1 fp=[5] true=[3] merged=[3, 5]
14.4 fp=[5] true=[3] merged=[3, 5]
14.7 fp=[5] true=[3] merged=[3, 5]
15.0 fp=[5] true=[3] merged=[3, 5]
15.3 fp=[5] true=[3] merged=[3, 5]
15.6 fp=[5] true=[3] merged=[3, 5]
15.9 fp=[5] true=[3] merged=[3, 5]
16.2 fp=[5] true=[3] merged=[3, 5]
16.5 fp=[5] true=[3] merged=[3, 5]
16.9 fp=[5] true=[3] merged=[3, 5]
17.2 fp=[5] true=[3] merged=[3, 5]
17.5 fp=[5] true=[3] merged=[3, 5]
17.8 fp=[5] true=[3] merged=[3, 5]
18.1 fp=[5] true=[3] merged=[3, 5]
18.4 fp=[5] true=[3] merged=[3, 5]
18.7 fp=[5] true=[3] merged=[3, 5]
19.0 fp=[4] true=[3] merged=[3, 4]
19.3 fp=[4] true=[3] merged=[3, 4]
19.7 fp=[4] true=[3] merged=[3, 4]
20.0 fp=[4] true=[3] merged=[3, 4]
20.3 fp=[2] true=[3] merged=[2, 3]
20.6 fp=[2] true=[3] merged=[2, 3]
20.9 fp=[2] true=[3] merged=[2, 3]
21.2 fp=[2] true=[3] merged=[2, 3]
21.5 fp=[2] true=[3] merged=[2, 3]
21.8 fp=[2] true=[3] merged=[2, 3]
22.1 fp=[2] true=[3] merged=[2, 3]
22.5 fp=[2] true=[3] merged=[2, 3]
22.8 fp=[2] true=[3] merged=[2, 3]
23.1 fp=[2] true=[3] merged=[2, 3]
23.4 fp=[2] true=[3] merged=[2, 3]
23.8 fp=[2] true=[3] merged=[2, 3]
24.1 fp=[2] true=[3] merged=[2, 3]
24.4 fp=[2] true=[3] merged=[2, 3]
24.7 fp=[2] true=[3] merged=[2, 3]
25.0 fp=[2] true=[3] merged=[2, 3]
25.3 fp=[2] true=[3] merged=[2, 3]
25.6 fp=[2] true=[3] merged=[2, 3]
25.9 fp=[2] true=[3] merged=[2, 3]
26.3 fp=[2] true=[3] merged=[2, 3]
26.6 fp=[2] true=[3] merged=[2, 3]
26.9 fp=[2] true=[3] merged=[2, 3]
27.2 fp=[2] true=[3] merged=[2, 3]
27.5 fp=[2] true=[3] merged=[2, 3]
27.8 fp=[2] true=[3] merged=[2, 3]
28.1 fp=[2] true=[3] merged=[2, 3]
28.4 fp=[2] true=[3] merged=[2, 3]
28.7 fp=[2] true=[3] merged=[2, 3]
29.0 fp=[2] true=[3] merged=[2, 3]
29.4 fp=[2] true=[3] merged=[2, 3]
29.7 fp=[2] true=[3] merged=[2, 3]
30.0 fp=[2] true=[3] merged=[2, 3]
30.3 fp=[2] true=[3] merged=[2, 3]
30.6 fp=[2] true=[3] merged=[2, 3]
31.0 fp=[2] true=[3] merged=[2, 3]
31.3 fp=[2] true=[3] merged=[2, 3]
31.6 fp=[2] true=[3] merged=[2, 3]
31.9 fp=[2] true=[3] merged=[2, 3]
32.2 fp=[2] true=[3] merged=[2, 3]
32.5 fp=[2] true=[3] merged=[2, 3]
32.9 fp=[2] true=[3] merged=[2, 3]
33.2 fp=[2] true=[3] merged=[2, 3]
33.5 fp=[2] true=[3] merged=[2, 3]
33.8 fp=[2] true=[3] merged=[2, 3]
34.1 fp=[2] true=[3] merged=[2, 3]
34.4 fp=[2] true=[3] merged=[2, 3]
34.7 fp=[2] true=[3] merged=[2, 3]
35.0 fp=[1] true=[3] merged=[1, 3]
35.3 fp=[1] true=[3] merged=[1, 3]
35.6 fp=[1] true=[3] merged=[1, 3]
36.0 fp=[1] true=[3] merged=[1, 3]
36.3 fp=[1] true=[3] merged=[1, 3]
36.6 fp=[1] true=[3] merged=[1, 3]
36.9 fp=[1] true=[3] merged=[1, 3]
37.2 fp=[1] true=[3] merged=[1, 3]
37.5 fp=[1] true=[3] merged=[1, 3]
37.8 fp=[1] true=[3] merged=[1, 3]
38.1 fp=[1] true=[3] merged=[1, 3]
38.5 fp=[1] true=[3] merged=[1, 3]
38.8 fp=[1] true=[3] merged=[1, 3]
39.1 fp=[1] true=[3] merged=[1, 3]
39.4 fp=[1] true=[3] merged=[1, 3]
39.7 fp=[1] true=[3] merged=[1, 3]
40.0 fp=[1] true=[3] merged=[1, 3]
40.3 fp=[1] true=[3] merged=[1, 3]
40.7 fp=[1] true=[3] merged=[1, 3]
41.0 fp=[1] true=[3] merged=[1, 3]
41.3 fp=[1] true=[3] merged=[1, 3]
41.6 fp=[1] true=[3] merged=[1, 3]
41.9 fp=[1] true=[3] merged=[1, 3]
42.2 fp=[1] true=[3] merged=[1, 3]
42.5 fp=[1] true=[3] merged=[1, 3]
42.8 fp=[1] true=[3] merged=[1, 3]
43.1 fp=[1] true=[3] merged=[1, 3]
43.5 fp=[1] true=[3] merged=[1, 3]
43.8 fp=[1] true=[3] merged=[1, 3]
44.1 fp=[1] true=[3] merged=[1, 3]
44.4 fp=[1] true=[3] merged=[1, 3]
44.7 fp=[1] true=[3] merged=[1, 3]
45.0 fp=[1] true=[3] merged=[1, 3]
45.3 fp=[1] true=[3] merged=[1, 3]
45.6 fp=[1] true=[3] merged=[1, 3]
46.0 fp=[1] true=[3] merged=[1, 3]
46.3 fp=[1] true=[3] merged=[1, 3]
46.6 fp=[1] true=[3] merged=[1, 3]
46.9 fp=[1] true=[3] merged=[1, 3]
47.2 fp=[1] true=[3] merged=[1, 3]
47.5 fp=[1] true=[3] merged=[1, 3]
47.9 fp=[1] true=[3] merged=[1, 3]
48.2 fp=[1] true=[3] merged=[1, 3]
48.5 fp=[1] true=[3] merged=[1, 3]
48.8 fp=[1] true=[3] merged=[1, 3]
49.1 fp=[1] true=[3] merged=[1, 3]
49.4 fp=[1] true=[3] merged=[1, 3]
49.7 fp=[1] true=[3] merged=[1, 3]
50.0 fp=[1] true=[3] merged=[1, 3]
50.3 fp=[1] true=[3] merged=[1, 3]
50.6 fp=[1] true=[3] merged=[1, 3]
51.0 fp=[1] true=[3] merged=[1, 3]
51.3 fp=[1] true=[3] merged=[1, 3]
51.6 fp=[1] true=[3] merged=[1, 3]
51.9 fp=[1] true=[3] merged=[1, 3]
52.2 fp=[1] true=[3] merged=[1, 3]
52.5 fp=[1] true=[3] merged=[1, 3]
52.9 fp=[1] true=[3] merged=[1, 3]
53.2 fp=[1] true=[3] merged=[1, 3]
53.5 fp=[1] true=[3] merged=[1, 3]
53.8 fp=[1] true=[3] merged=[1, 3]
54.1 fp=[1] true=[3] merged=[1, 3]
54.4 fp=[1] true=[3] merged=[1, 3]
54.7 fp=[1] true=[3] merged=[1, 3]
55.0 fp=[1] true=[3] merged=[1, 3]
55.4 fp=[1] true=[3] merged=[1, 3]
55.7 fp=[1] true=[3] merged=[1, 3]
56.0 fp=[1] true=[3] merged=[1, 3]
56.3 fp=[1] true=[3] merged=[1, 3]
56.6 fp=[1] true=[3] merged=[1, 3]
56.9 fp=[1] true=[3] merged=[1, 3]
57.2 fp=[1] true=[3] merged=[1, 3]
57.5 fp=[1] true=[3] merged=[1, 3]
57.8 fp=[1] true=[3] merged=[1, 3]
58.1 fp=[1] true=[3] merged=[1, 3]
58.5 fp=[1] true=[3] merged=[1, 3]
58.8 fp=[1] true=[3] merged=[1, 3]
59.1 fp=[1] true=[3] merged=[1, 3]
59.4 fp=[1] true=[3] merged=[1, 3]
59.7 fp=[1] true=[3] merged=[1, 3]
60.0 fp=[1] true=[3] merged=[1, 3]
60.3 fp=[1] true=[3] merged=[1, 3]
60.7 fp=[1] true=[3] merged=[1, 3]
61.0 fp=[1] true=[3] merged=[1, 3]
61.3 fp=[1] true=[3] merged=[1, 3]
61.6 fp=[1] true=[3] merged=[1, 3]
61.9 fp=[1] true=[3] merged=[1, 3]
62.2 fp=[1] true=[3] merged=[1, 3]
62.5 fp=[1] true=[3] merged=[1, 3]
62.9 fp=[1] true=[3] merged=[1, 3]
63.2 fp=[1] true=[3] merged=[1, 3]
63.5 fp=[1] true=[3] merged=[1, 3]
63.8 fp=[1] true=[3] merged=[1, 3]
64.1 fp=[2] true=[3] merged=[2, 3]
64.4 fp=[2] true=[3] merged=[2, 3]
64.7 fp=[2] true=[3] merged=[2, 3]
65.1 fp=[2] true=[3] merged=[2, 3]
65.4 fp=[2] true=[3] merged=[2, 3]
65.7 fp=[2] true=[3] merged=[2, 3]
66.0 fp=[2] true=[3] merged=[2, 3]
66.3 fp=[2] true=[3] merged=[2, 3]
66.6 fp=[2] true=[3] merged=[2, 3]
66.9 fp=[2] true=[3] merged=[2, 3]
67.2 fp=[2] true=[3] merged=[2, 3]
67.5 fp=[2] true=[3] merged=[2, 3]
67.8 fp=[2] true=[3] merged=[2, 3]
68.1 fp=[1] true=[3] merged=[1, 3]
68.5 fp=[1] true=[3] merged=[1, 3]
68.8 fp=[1] true=[3] merged=[1, 3]
69.1 fp=[1] true=[3] merged=[1, 3]
69.4 fp=[1] true=[3] merged=[1, 3]
69.7 fp=[1] true=[3] merged=[1, 3]
70.0 fp=[1] true=[3] merged=[1, 3]
70.4 fp=[1] true=[3] merged=[1, 3]
70.7 fp=[1] true=[3] merged=[1, 3]
71.0 fp=[1] true=[3] merged=[1, 3]
71.3 fp=[1] true=[3] merged=[1, 3]
71.6 fp=[1] true=[3] merged=[1, 3]
71.9 fp=[1] true=[3] merged=[1, 3]
72.2 fp=[1] true=[3] merged=[1, 3]
72.5 fp=[1] true=[3] merged=[1, 3]
72.9 fp=[1] true=[3] merged=[1, 3]
73.2 fp=[1] true=[3] merged=[1, 3]
73.5 fp=[1] true=[3] merged=[1, 3]
73.8 fp=[1] true=[3] merged=[1, 3]
74.1 fp=[1] true=[3] merged=[1, 3]
74.4 fp=[1] true=[3] merged=[1, 3]
74.7 fp=[1] true=[3] merged=[1, 3]
75.1 fp=[1] true=[3] merged=[1, 3]
75.4 fp=[1] true=[3] merged=[1, 3]
75.7 fp=[1] true=[3] merged=[1, 3]
76.0 fp=[1] true=[3] merged=[1, 3]
76.3 fp=[1] true=[3] merged=[1, 3]
76.6 fp=[1] true=[3] merged=[1, 3]
76.9 fp=[1] true=[3] merged=[1, 3]
77.2 fp=[1] true=[3] merged=[1, 3]
77.6 fp=[1] true=[3] merged=[1, 3]
77.9 fp=[1] true=[3] merged=[1, 3]
78.2 fp=[1] true=[3] merged=[1, 3]
78.5 fp=[1] true=[3] merged=[1, 3]
78.8 fp=[1] true=[3] merged=[1, 3]
79.1 fp=[1] true=[3] merged=[1, 3]
79.5 fp=[1] true=[3] merged=[1, 3]
79.8 fp=[1] true=[3] merged=[1, 3]
80.1 fp=[1] true=[3] merged=[1, 3]
80.4 fp=[1] true=[3] merged=[1, 3]
80.7 fp=[1] true=[3] merged=[1, 3]
81.0 fp=[1] true=[3] merged=[1, 3]
81.3 fp=[1] true=[3] merged=[1, 3]
81.6 fp=[1] true=[3] merged=[1, 3]
82.0 fp=[1] true=[3] merged=[1, 3]
82.3 fp=[1] true=[3] merged=[1, 3]
82.6 fp=[1] true=[3] merged=[1, 3]
82.9 fp=[1] true=[3] merged=[1, 3]
83.2 fp=[1] true=[3] merged=[1, 3]
83.5 fp=[1] true=[3] merged=[1, 3]
83.8 fp=[1] true=[3] merged=[1, 3]
84.1 fp=[1] true=[3] merged=[1, 3]
84.4 fp=[1] true=[3] merged=[1, 3]
84.8 fp=[1] true=[3] merged=[1, 3]
85.1 fp=[1] true=[3] merged=[1, 3]
85.4 fp=[1] true=[3] merged=[1, 3]
85.7 fp=[1] true=[3] merged=[1, 3]
86.0 fp=[1] true=[3] merged=[1, 3]
86.3 fp=[1] true=[3] merged=[1, 3]
86.6 fp=[1] true=[3] merged=[1, 3]
86.9 fp=[1] true=[3] merged=[1, 3]
87.3 fp=[1] true=[3] merged=[1, 3]
87.6 fp=[1] true=[3] merged=[1, 3]
87.9 fp=[1] true=[3] merged=[1, 3]
88.2 fp=[2] true=[3] merged=[2, 3]
88.5 fp=[2] true=[3] merged=[2, 3]
88.8 fp=[2] true=[3] merged=[2, 3]
89.1 fp=[2] true=[3] merged=[2, 3]
89.4 fp=[2] true=[3] merged=[2, 3]
89.8 fp=[2] true=[3] merged=[2, 3]
90.1 fp=[2] true=[3] merged=[2, 3]
90.4 fp=[2] true=[3] merged=[2, 3]
90.7 fp=[2] true=[3] merged=[2, 3]
91.0 fp=[2] true=[3] merged=[2, 3]
91.3 fp=[2] true=[3] merged=[2, 3]
91.6 fp=[2] true=[3] merged=[2, 3]
92.0 fp=[2] true=[3] merged=[2, 3]
92.3 fp=[2] true=[3] merged=[2, 3]
92.6 fp=[2] true=[3] merged=[2, 3]
92.9 fp=[2] true=[3] merged=[2, 3]
93.2 fp=[2] true=[3] merged=[2, 3]
93.5 fp=[2] true=[3] merged=[2, 3]
93.8 fp=[2] true=[3] merged=[2, 3]
94.2 fp=[2] true=[3] merged=[2, 3]
94.5 fp=[2] true=[3] merged=[2, 3]
94.8 fp=[2] true=[3] merged=[2, 3]
95.1 fp=[2] true=[3] merged=[2, 3]
95.4 fp=[2] true=[3] merged=[2, 3]
95.7 fp=[2] true=[3] merged=[2, 3]
96.0 fp=[2] true=[3] merged=[2, 3]
96.3 fp=[2] true=[3] merged=[2, 3]
96.6 fp=[2] true=[3] merged=[2, 3]
97.0 fp=[2] true=[3] merged=[2, 3]
97.3 fp=[2] true=[3] merged=[2, 3]
97.6 fp=[2] true=[3] merged=[2, 3]
97.9 fp=[2] true=[3] merged=[2, 3]
98.2 fp=[2] true=[3] merged=[2, 3]
98.5 fp=[2] true=[3] merged=[2, 3]
98.8 fp=[2] true=[3] merged=[2, 3]
99.1 fp=[2] true=[3] merged=[2, 3]
99.5 fp=[2] true=[3] merged=[2, 3]
99.8 fp=[2] true=[3] merged=[2, 3]
100.1 fp=[2] true=[3] merged=[2, 3]
100.4 fp=[2] true=[3] merged=[2, 3]
100.7 fp=[2] true=[3] merged=[2, 3]
101.1 fp=[2] true=[3] merged=[2, 3]
101.4 fp=[2] true=[3] merged=[2, 3]
101.7 fp=[2] true=[3] merged=[2, 3]
102.0 fp=[2] true=[3] merged=[2, 3]
102.3 fp=[2] true=[3] merged=[2, 3]
102.6 fp=[2] true=[3] merged=[2, 3]
103.0 fp=[2] true=[3] merged=[2, 3]
103.3 fp=[2] true=[3] merged=[2, 3]
103.6 fp=[2] true=[3] merged=[2, 3]
103.9 fp=[2] true=[3] merged=[2, 3]
104.2 fp=[2] true=[3] merged=[2, 3]
104.5 fp=[2] true=[3] merged=[2, 3]
104.9 fp=[2] true=[3] merged=[2, 3]
105.2 fp=[2] true=[3] merged=[2, 3]
105.5 fp=[2] true=[3] merged=[2, 3]
105.8 fp=[2] true=[3] merged=[2, 3]
112.0 fp=[6] true=[3] merged=[3, 6]
112.4 fp=[6] true=[3] merged=[3, 6]
112.7 fp=[6] true=[3] merged=[3, 6]
113.0 fp=[6] true=[3] merged=[3, 6]
113.3 fp=[6] true=[3] merged=[3, 6]
113.6 fp=[6] true=[3] merged=[3, 6]
113.9 fp=[6] true=[3] merged=[3, 6]
114.2 fp=[6] true=[3] merged=[3, 6]
114.6 fp=[6] true=[3] merged=[3, 6]
114.9 fp=[6] true=[3] merged=[3, 6]
115.2 fp=[6] true=[3] merged=[3, 6]
115.5 fp=[6] true=[3] merged=[3, 6]
115.8 fp=[6] true=[3] merged=[3, 6]
116.1 fp=[6] true=[3] merged=[3, 6]
116.4 fp=[6] true=[3] merged=[3, 6]
116.7 fp=[6] true=[3] merged=[3, 6]
117.1 fp=[6] true=[3] merged=[3, 6]
117.4 fp=[6] true=[3] merged=[3, 6]
117.7 fp=[6] true=[3] merged=[3, 6]
118.0 fp=[6] true=[3] merged=[3, 6]
118.3 fp=[6] true=[3] merged=[3, 6]
118.6 fp=[6] true=[3] merged=[3, 6]
118.9 fp=[6] true=[3] merged=[3, 6]
119.2 fp=[6] true=[3] merged=[3, 6]
119.6 fp=[6] true=[3] merged=[3, 6]
119.9 fp=[6] true=[3] merged=[3, 6]
120.2 fp=[6] true=[3] merged=[3, 6]
120.5 fp=[6] true=[3] merged=[3, 6]
120.8 fp=[6] true=[3] merged=[3, 6]
121.2 fp=[6] true=[3] merged=[3, 6]
121.5 fp=[6] true=[3] merged=[3, 6]
121.8 fp=[6] true=[3] merged=[3, 6]
122.1 fp=[6] true=[3] merged=[3, 6]
122.4 fp=[6] true=[3] merged=[3, 6]
122.7 fp=[6] true=[3] merged=[3, 6]
123.0 fp=[6] true=[3] merged=[3, 6]
123.4 fp=[6] true=[3] merged=[3, 6]
123.7 fp=[6] true=[3] merged=[3, 6]
124.0 fp=[6] true=[3] merged=[3, 6]
124.3 fp=[6] true=[3] merged=[3, 6]
124.6 fp=[6] true=[3] merged=[3, 6]
124.9 fp=[6] true=[3] merged=[3, 6]
125.2 fp=[6] true=[3] merged=[3, 6]
125.5 fp=[6] true=[3] merged=[3, 6]
125.8 fp=[6] true=[3] merged=[3, 6]
126.1 fp=[6] true=[3] merged=[3, 6]
126.5 fp=[6] true=[3] merged=[3, 6]
126.8 fp=[6] true=[3] merged=[3, 6]
127.1 fp=[6] true=[3] merged=[3, 6]
127.4 fp=[6] true=[3] merged=[3, 6]
127.7 fp=[6] true=[3] merged=[3, 6]
128.0 fp=[6] true=[3] merged=[3, 6]
128.3 fp=[6] true=[3] merged=[3, 6]
128.6 fp=[6] true=[3] merged=[3, 6]
129.0 fp=[6] true=[3] merged=[3, 6]
129.3 fp=[2] true=[3] merged=[2, 3]
129.6 fp=[2] true=[3] merged=[2, 3]
129.9 fp=[2] true=[3] merged=[2, 3]
130.2 fp=[2] true=[3] merged=[2, 3]
130.5 fp=[2] true=[3] merged=[2, 3]
130.9 fp=[2] true=[3] merged=[2, 3]
131.2 fp=[2] true=[3] merged=[2, 3]
131.5 fp=[2] true=[3] merged=[2, 3]
131.8 fp=[2] true=[3] merged=[2, 3]
132.1 fp=[2] true=[3] merged=[2, 3]
132.4 fp=[2] true=[3] merged=[2, 3]
132.8 fp=[2] true=[3] merged=[2, 3]
133.1 fp=[2] true=[3] merged=[2, 3]
133.4 fp=[2] true=[3] merged=[2, 3]
133.7 fp=[2] true=[3] merged=[2, 3]
134.0 fp=[2] true=[3] merged=[2, 3]
134.4 fp=[2] true=[3] merged=[2, 3]
134.7 fp=[2] true=[3] merged=[2, 3]
135.0 fp=[2] true=[3] merged=[2, 3]
135.3 fp=[2] true=[3] merged=[2, 3]
135.6 fp=[2] true=[3] merged=[2, 3]
135.9 fp=[2] true=[3] merged=[2, 3]
136.2 fp=[2] true=[3] merged=[2, 3]
136.5 fp=[2] true=[3] merged=[2, 3]
136.9 fp=[2] true=[3] merged=[2, 3]
137.2 fp=[2] true=[3] merged=[2, 3]
137.5 fp=[2] true=[3] merged=[2, 3]
137.8 fp=[2] true=[3] merged=[2, 3]
138.1 fp=[2] true=[3] merged=[2, 3]
138.4 fp=[2] true=[3] merged=[2, 3]
138.7 fp=[2] true=[3] merged=[2, 3]
139.0 fp=[2] true=[3] merged=[2, 3]
139.4 fp=[2] true=[3] merged=[2, 3]
139.7 fp=[2] true=[3] merged=[2, 3]
140.0 fp=[2] true=[3] merged=[2, 3]
140.3 fp=[2] true=[3] merged=[2, 3]
140.6 fp=[2] true=[3] merged=[2, 3]
140.9 fp=[2] true=[3] merged=[2, 3]
141.2 fp=[2] true=[3] merged=[2, 3]
141.5 fp=[2] true=[3] merged=[2, 3]
141.9 fp=[2] true=[3] merged=[2, 3]
142.2 fp=[2] true=[3] merged=[2, 3]
142.5 fp=[2] true=[3] merged=[2, 3]
142.8 fp=[2] true=[3] merged=[2, 3]
143.1 fp=[2] true=[3] merged=[2, 3]
143.4 fp=[2] true=[3] merged=[2, 3]
143.7 fp=[2] true=[3] merged=[2, 3]
144.0 fp=[2] true=[3] merged=[2, 3]
144.3 fp=[2] true=[3] merged=[2, 3]
144.7 fp=[2] true=[3] merged=[2, 3]
145.0 fp=[2] true=[3] merged=[2, 3]
145.3 fp=[2] true=[3] merged=[2, 3]
145.6 fp=[2] true=[3] merged=[2, 3]
145.9 fp=[2] true=[3] merged=[2, 3]
146.2 fp=[2] true=[3] merged=[2, 3]
146.5 fp=[2] true=[3] merged=[2, 3]
146.9 fp=[2] true=[3] merged=[2, 3]
147.2 fp=[1] true=[3] merged=[1, 3]
147.5 fp=[1] true=[3] merged=[1, 3]
147.8 fp=[1] true=[3] merged=[1, 3]
148.1 fp=[1] true=[3] merged=[1, 3]
148.4 fp=[1] true=[3] merged=[1, 3]
148.7 fp=[1] true=[3] merged=[1, 3]
149.1 fp=[1] true=[3] merged=[1, 3]
149.4 fp=[1] true=[3] merged=[1, 3]
149.7 fp=[1] true=[3] merged=[1, 3]
150.0 fp=[1] true=[3] merged=[1, 3]
150.3 fp=[1] true=[3] merged=[1, 3]
150.6 fp=[1] true=[3] merged=[1, 3]
150.9 fp=[1] true=[3] merged=[1, 3]
151.3 fp=[1] true=[3] merged=[1, 3]
151.6 fp=[1] true=[3] merged=[1, 3]
151.9 fp=[1] true=[3] merged=[1, 3]
152.2 fp=[1] true=[3] merged=[1, 3]
152.5 fp=[1] true=[3] merged=[1, 3]
152.8 fp=[1] true=[3] merged=[1, 3]
153.1 fp=[1] true=[3] merged=[1, 3]
153.4 fp=[1] true=[3] merged=[1, 3]
153.7 fp=[1] true=[3] merged=[1, 3]
154.1 fp=[1] true=[3] merged=[1, 3]
154.4 fp=[1] true=[3] merged=[1, 3]
154.7 fp=[1] true=[3] merged=[1, 3]
155.0 fp=[1] true=[3] merged=[1, 3]
155.3 fp=[1] true=[3] merged=[1, 3]
155.6 fp=[1] true=[3] merged=[1, 3]
155.9 fp=[1] true=[3] merged=[1, 3]
156.2 fp=[1] true=[3] merged=[1, 3]
156.5 fp=[1] true=[3] merged=[1, 3]
156.9 fp=[1] true=[3] merged=[1, 3]
157.2 fp=[1] true=[3] merged=[1, 3]
157.5 fp=[1] true=[3] merged=[1, 3]
157.8 fp=[1] true=[3] merged=[1, 3]
158.1 fp=[1] true=[3] merged=[1, 3]
158.4 fp=[1] true=[3] merged=[1, 3]
158.7 fp=[1] true=[3] merged=[1, 3]
159.0 fp=[1] true=[3] merged=[1, 3]
159.4 fp=[1] true=[3] merged=[1, 3]
159.7 fp=[1] true=[3] merged=[1, 3]
160.0 fp=[1] true=[3] merged=[1, 3]
160.3 fp=[1] true=[3] merged=[1, 3]
160.6 fp=[1] true=[3] merged=[1, 3]
160.9 fp=[1] true=[3] merged=[1, 3]
161.2 fp=[1] true=[3] merged=[1, 3]
161.5 fp=[1] true=[3] merged=[1, 3]
161.9 fp=[1] true=[3] merged=[1, 3]
162.2 fp=[1] true=[3] merged=[1, 3]
162.5 fp=[1] true=[3] merged=[1, 3]
162.8 fp=[1] true=[3] merged=[1, 3]
163.1 fp=[1] true=[3] merged=[1, 3]
163.4 fp=[1] true=[3] merged=[1, 3]
163.7 fp=[1] true=[3] merged=[1, 3]
164.1 fp=[1] true=[3] merged=[1, 3]
164.4 fp=[1] true=[3] merged=[1, 3]
164.7 fp=[1] true=[3] merged=[1, 3]
165.0 fp=[1] true=[3] merged=[1, 3]
165.3 fp=[1] true=[3] merged=[1, 3]
165.6 fp=[1] true=[3] merged=[1, 3]
165.9 fp=[1] true=[3] merged=[1, 3]
166.2 fp=[1] true=[3] merged=[1, 3]
166.5 fp=[1] true=[3] merged=[1, 3]
166.9 fp=[1] true=[3] merged=[1, 3]
167.2 fp=[2] true=[3] merged=[2, 3]
167.5 fp=[2] true=[3] merged=[2, 3]
167.8 fp=[2] true=[3] merged=[2, 3]
180.0 fp=[6] true=[3] merged=[3, 6]
180.3 fp=[6] true=[3] merged=[3, 6]
180.6 fp=[6] true=[3] merged=[3, 6]
180.9 fp=[6] true=[3] merged=[3, 6]
181.3 fp=[5] true=[3] merged=[3, 5]
181.6 fp=[5] true=[3] merged=[3, 5]
181.9 fp=[5] true=[3] merged=[3, 5]
182.2 fp=[5] true=[3] merged=[3, 5]
182.5 fp=[5] true=[3] merged=[3, 5]
182.8 fp=[5] true=[3] merged=[3, 5]
183.1 fp=[5] true=[3] merged=[3, 5]
183.5 fp=[5] true=[3] merged=[3, 5]
183.8 fp=[5] true=[3] merged=[3, 5]
184.1 fp=[5] true=[3] merged=[3, 5]
184.4 fp=[5] true=[3] merged=[3, 5]
184.7 fp=[5] true=[3] merged=[3, 5]
185.0 fp=[5] true=[3] merged=[3, 5]
185.3 fp=[5] true=[3] merged=[3, 5]
185.6 fp=[5] true=[3] merged=[3, 5]
185.9 fp=[5] true=[3] merged=[3, 5]
186.3 fp=[5] true=[3] merged=[3, 5]
186.6 fp=[5] true=[3] merged=[3, 5]
186.9 fp=[5] true=[3] merged=[3, 5]
187.2 fp=[5] true=[3] merged=[3, 5]
187.5 fp=[5] true=[3] merged=[3, 5]
187.8 fp=[5] true=[3] merged=[3, 5]
188.1 fp=[5] true=[3] merged=[3, 5]
188.4 fp=[5] true=[3] merged=[3, 5]
188.7 fp=[5] true=[3] merged=[3, 5]
189.0 fp=[5] true=[3] merged=[3, 5]
189.4 fp=[5] true=[3] merged=[3, 5]
189.7 fp=[5] true=[3] merged=[3, 5]
190.0 fp=[5] true=[3] merged=[3, 5]
190.3 fp=[5] true=[3] merged=[3, 5]
190.6 fp=[5] true=[3] merged=[3, 5]
190.9 fp=[5] true=[3] merged=[3, 5]
191.2 fp=[5] true=[3] merged=[3, 5]
191.6 fp=[5] true=[3] merged=[3, 5]
191.9 fp=[5] true=[3] merged=[3, 5]
192.2 fp=[5] true=[3] merged=[3, 5]
192.5 fp=[5] true=[3] merged=[3, 5]
192.8 fp=[5] true=[3] merged=[3, 5]
193.1 fp=[5] true=[3] merged=[3, 5]
193.4 fp=[5] true=[3] merged=[3, 5]
193.8 fp=[5] true=[3] merged=[3, 5]
194.1 fp=[1] true=[3] merged=[1, 3]
194.4 fp=[1] true=[3] merged=[1, 3]
194.7 fp=[1] true=[3] merged=[1, 3]
195.0 fp=[1] true=[3] merged=[1, 3]
195.3 fp=[1] true=[3] merged=[1, 3]
195.6 fp=[1] true=[3] merged=[1, 3]
195.9 fp=[1] true=[3] merged=[1, 3]
196.2 fp=[1] true=[3] merged=[1, 3]
196.6 fp=[1] true=[3] merged=[1, 3]
196.9 fp=[1] true=[3] merged=[1, 3]
197.2 fp=[1] true=[3] merged=[1, 3]
197.5 fp=[1] true=[3] merged=[1, 3]
197.8 fp=[1] true=[3] merged=[1, 3]
198.1 fp=[1] true=[3] merged=[1, 3]
198.4 fp=[1] true=[3] merged=[1, 3]
198.7 fp=[1] true=[3] merged=[1, 3]
199.0 fp=[1] true=[3] merged=[1, 3]
199.4 fp=[1] true=[3] merged=[1, 3]
199.7 fp=[1] true=[3] merged=[1, 3]
200.0 fp=[1] true=[3] merged=[1, 3]
200.3 fp=[1] true=[3] merged=[1, 3]
200.6 fp=[1] true=[3] merged=[1, 3]
200.9 fp=[1] true=[3] merged=[1, 3]
201.2 fp=[1] true=[3] merged=[1, 3]
201.5 fp=[1] true=[3] merged=[1, 3]
201.8 fp=[1] true=[3] merged=[1, 3]
202.2 fp=[1] true=[3] merged=[1, 3]
202.5 fp=[1] true=[3] merged=[1, 3]
202.8 fp=[1] true=[3] merged=[1, 3]
203.1 fp=[1] true=[3] merged=[1, 3]
203.4 fp=[1] true=[3] merged=[1, 3]
203.7 fp=[1] true=[3] merged=[1, 3]
204.1 fp=[1] true=[3] merged=[1, 3]
204.4 fp=[1] true=[3] merged=[1, 3]
204.7 fp=[1] true=[3] merged=[1, 3]
205.0 fp=[1] true=[3] merged=[1, 3]
205.3 fp=[1] true=[3] merged=[1, 3]
205.6 fp=[1] true=[3] merged=[1, 3]
205.9 fp=[1] true=[3] merged=[1, 3]
206.3 fp=[1] true=[3] merged=[1, 3]
206.6 fp=[1] true=[3] merged=[1, 3]
206.9 fp=[1] true=[3] merged=[1, 3]
207.2 fp=[1] true=[3] merged=[1, 3]
207.5 fp=[1] true=[3] merged=[1, 3]
207.8 fp=[1] true=[3] merged=[1, 3]
208.1 fp=[1] true=[3] merged=[1, 3]
208.4 fp=[1] true=[3] merged=[1, 3]
208.7 fp=[1] true=[3] merged=[1, 3]
209.1 fp=[1] true=[3] merged=[1, 3]
209.4 fp=[1] true=[3] merged=[1, 3]
209.7 fp=[1] true=[3] merged=[1, 3]
210.0 fp=[1] true=[3] merged=[1, 3]
210.3 fp=[1] true=[3] merged=[1, 3]
210.6 fp=[1] true=[3] merged=[1, 3]
210.9 fp=[1] true=[3] merged=[1, 3]
211.2 fp=[1] true=[3] merged=[1, 3]
211.6 fp=[1] true=[3] merged=[1, 3]
211.9 fp=[1] true=[3] merged=[1, 3]
212.2 fp=[1] true=[3] merged=[1, 3]
212.5 fp=[1] true=[3] merged=[1, 3]
212.8 fp=[1] true=[3] merged=[1, 3]
213.1 fp=[1] true=[3] merged=[1, 3]
213.5 fp=[1] true=[3] merged=[1, 3]
213.8 fp=[1] true=[3] merged=[1, 3]
214.1 fp=[1] true=[3] merged=[1, 3]
214.4 fp=[1] true=[3] merged=[1, 3]
214.7 fp=[1] true=[3] merged=[1, 3]
215.0 fp=[1] true=[3] merged=[1, 3]
215.3 fp=[1] true=[3] merged=[1, 3]
215.6 fp=[1] true=[3] merged=[1, 3]
216.0 fp=[1] true=[3] merged=[1, 3]
216.3 fp=[1] true=[3] merged=[1, 3]
216.6 fp=[1] true=[3] merged=[1, 3]
216.9 fp=[1] true=[3] merged=[1, 3]
217.2 fp=[1] true=[3] merged=[1, 3]
217.5 fp=[1] true=[3] merged=[1, 3]
217.8 fp=[1] true=[3] merged=[1, 3]
218.1 fp=[1] true=[3] merged=[1, 3]
218.5 fp=[1] true=[3] merged=[1, 3]
218.8 fp=[1] true=[3] merged=[1, 3]
219.1 fp=[1] true=[3] merged=[1, 3]
219.4 fp=[1] true=[3] merged=[1, 3]
219.7 fp=[1] true=[3] merged=[1, 3]
220.0 fp=[1] true=[3] merged=[1, 3]
220.3 fp=[1] true=[3] merged=[1, 3]
220.6 fp=[1] true=[3] merged=[1, 3]
221.0 fp=[1] true=[3] merged=[1, 3]
221.3 fp=[1] true=[3] merged=[1, 3]
221.6 fp=[1] true=[3] merged=[1, 3]
221.9 fp=[1] true=[3] merged=[1, 3]
222.2 fp=[1] true=[3] merged=[1, 3]
222.5 fp=[1] true=[3] merged=[1, 3]
222.9 fp=[1] true=[3] merged=[1, 3]
223.2 fp=[1] true=[3] merged=[1, 3]
223.5 fp=[1] true=[3] merged=[1, 3]
223.8 fp=[1] true=[3] merged=[1, 3]
224.1 fp=[1] true=[3] merged=[1, 3]
224.4 fp=[1] true=[3] merged=[1, 3]
224.8 fp=[1] true=[3] merged=[1, 3]
225.1 fp=[1] true=[3] merged=[1, 3]
225.4 fp=[1] true=[3] merged=[1, 3]
225.7 fp=[1] true=[3] merged=[1, 3]
226.0 fp=[1] true=[3] merged=[1, 3]
226.3 fp=[1] true=[3] merged=[1, 3]
226.6 fp=[1] true=[3] merged=[1, 3]
226.9 fp=[1] true=[3] merged=[1, 3]
227.2 fp=[2] true=[3] merged=[2, 3]
227.6 fp=[2] true=[3] merged=[2, 3]
227.9 fp=[2] true=[3] merged=[2, 3]
228.2 fp=[2] true=[3] merged=[2, 3]
228.5 fp=[2] true=[3] merged=[2, 3]
228.8 fp=[2] true=[3] merged=[2, 3]
229.1 fp=[2] true=[3] merged=[2, 3]
229.4 fp=[2] true=[3] merged=[2, 3]
229.7 fp=[2] true=[3] merged=[2, 3]
230.0 fp=[2] true=[3] merged=[2, 3]
230.4 fp=[2] true=[3] merged=[2, 3]
230.7 fp=[2] true=[3] merged=[2, 3]
231.0 fp=[2] true=[3] merged=[2, 3]
231.3 fp=[2] true=[3] merged=[2, 3]
231.6 fp=[2] true=[3] merged=[2, 3]
231.9 fp=[2] true=[3] merged=[2, 3]
232.2 fp=[2] true=[3] merged=[2, 3]
232.6 fp=[2] true=[3] merged=[2, 3]
232.9 fp=[2] true=[3] merged=[2, 3]
233.2 fp=[2] true=[3] merged=[2, 3]
233.6 fp=[2] true=[3] merged=[2, 3]
233.9 fp=[2] true=[3] merged=[2, 3]
234.2 fp=[2] true=[3] merged=[2, 3]
234.5 fp=[2] true=[3] merged=[2, 3]
234.8 fp=[2] true=[3] merged=[2, 3]
235.2 fp=[2] true=[3] merged=[2, 3]
235.5 fp=[2] true=[3] merged=[2, 3]
235.8 fp=[2] true=[3] merged=[2, 3]
236.1 fp=[2] true=[3] merged=[2, 3]
236.4 fp=[2] true=[3] merged=[2, 3]
236.7 fp=[2] true=[3] merged=[2, 3]
237.0 fp=[2] true=[3] merged=[2, 3]
237.3 fp=[2] true=[3] merged=[2, 3]
237.7 fp=[2] true=[3] merged=[2, 3]
238.0 fp=[2] true=[3] merged=[2, 3]
238.3 fp=[2] true=[3] merged=[2, 3]
238.6 fp=[2] true=[3] merged=[2, 3]
238.9 fp=[2] true=[3] merged=[2, 3]
239.2 fp=[2] true=[3] merged=[2, 3]
239.5 fp=[2] true=[3] merged=[2, 3]
239.8 fp=[2] true=[3] merged=[2, 3]
240.2 fp=[2] true=[3] merged=[2, 3]
240.5 fp=[2] true=[3] merged=[2, 3]
240.8 fp=[2] true=[3] merged=[2, 3]
241.1 fp=[2] true=[3] merged=[2, 3]
241.4 fp=[2] true=[3] merged=[2, 3]
241.7 fp=[2] true=[3] merged=[2, 3]
242.1 fp=[2] true=[3] merged=[2, 3]
242.4 fp=[2] true=[3] merged=[2, 3]
242.7 fp=[2] true=[3] merged=[2, 3]
243.0 fp=[2] true=[3] merged=[2, 3]
243.3 fp=[2] true=[3] merged=[2, 3]
243.7 fp=[2] true=[3] merged=[2, 3]
244.0 fp=[2] true=[3] merged=[2, 3]
244.3 fp=[2] true=[3] merged=[2, 3]
244.6 fp=[2] true=[3] merged=[2, 3]
244.9 fp=[2] true=[3] merged=[2, 3]
245.2 fp=[4] true=[3] merged=[3, 4]
245.5 fp=[4] true=[3] merged=[3, 4]
245.8 fp=[4] true=[3] merged=[3, 4]
246.2 fp=[4] true=[3] merged=[3, 4]
246.5 fp=[4] true=[3] merged=[3, 4]
246.8 fp=[4] true=[3] merged=[3, 4]
247.1 fp=[4] true=[3] merged=[3, 4]
247.4 fp=[4] true=[3] merged=[3, 4]
247.7 fp=[4] true=[3] merged=[3, 4]
248.0 fp=[4] true=[3] merged=[3, 4]
248.4 fp=[4] true=[3] merged=[3, 4]
248.7 fp=[4] true=[3] merged=[3, 4]
249.0 fp=[4] true=[3] merged=[3, 4]
249.3 fp=[4] true=[3] merged=[3, 4]
249.6 fp=[4] true=[3] merged=[3, 4]
249.9 fp=[4] true=[3] merged=[3, 4]
250.2 fp=[2] true=[3] merged=[2, 3]
250.5 fp=[2] true=[3] merged=[2, 3]
250.9 fp=[2] true=[3] merged=[2, 3]
251.2 fp=[2] true=[3] merged=[2, 3]
251.5 fp=[2] true=[3] merged=[2, 3]
251.8 fp=[2] true=[3] merged=[2, 3]
252.1 fp=[2] true=[3] merged=[2, 3]
252.4 fp=[2] true=[3] merged=[2, 3]
252.7 fp=[2] true=[3] merged=[2, 3]
253.1 fp=[2] true=[3] merged=[2, 3]
253.4 fp=[2] true=[3] merged=[2, 3]
253.7 fp=[2] true=[3] merged=[2, 3]
254.0 fp=[2] true=[3] merged=[2, 3]
254.3 fp=[2] true=[3] merged=[2, 3]
254.6 fp=[2] true=[3] merged=[2, 3]
254.9 fp=[2] true=[3] merged=[2, 3]
255.2 fp=[2] true=[3] merged=[2, 3]
255.5 fp=[2] true=[3] merged=[2, 3]
255.9 fp=[2] true=[3] merged=[2, 3]
256.2 fp=[2] true=[3] merged=[2, 3]
256.5 fp=[2] true=[3] merged=[2, 3]
256.8 fp=[2] true=[3] merged=[2, 3]
257.1 fp=[2] true=[3] merged=[2, 3]
257.4 fp=[2] true=[3] merged=[2, 3]
257.7 fp=[2] true=[3] merged=[2, 3]
258.0 fp=[2] true=[3] merged=[2, 3]
258.3 fp=[2] true=[3] merged=[2, 3]
258.6 fp=[2] true=[3] merged=[2, 3]
259.0 fp=[2] true=[3] merged=[2, 3]
259.3 fp=[2] true=[3] merged=[2, 3]
259.6 fp=[2] true=[3] merged=[2, 3]
259.9 fp=[2] true=[3] merged=[2, 3]
260.2 fp=[2] true=[3] merged=[2, 3]
260.5 fp=[2] true=[3] merged=[2, 3]
260.8 fp=[2] true=[3] merged=[2, 3]
261.1 fp=[2] true=[3] merged=[2, 3]
261.4 fp=[2] true=[3] merged=[2, 3]
261.7 fp=[2] true=[3] merged=[2, 3]
262.1 fp=[2] true=[3] merged=[2, 3]
262.4 fp=[2] true=[3] merged=[2, 3]
262.7 fp=[2] true=[3] merged=[2, 3]
263.0 fp=[2] true=[3] merged=[2, 3]
263.4 fp=[2] true=[3] merged=[2, 3]
263.7 fp=[2] true=[3] merged=[2, 3]
264.0 fp=[2] true=[3] merged=[2, 3]
264.3 fp=[2] true=[3] merged=[2, 3]
264.6 fp=[2] true=[3] merged=[2, 3]
264.9 fp=[2] true=[3] merged=[2, 3]
265.2 fp=[2] true=[3] merged=[2, 3]
265.5 fp=[2] true=[3] merged=[2, 3]
265.9 fp=[2] true=[3] merged=[2, 3]
266.2 fp=[2] true=[3] merged=[2, 3]
266.5 fp=[2] true=[3] merged=[2, 3]
266.8 fp=[2] true=[3] merged=[2, 3]
267.1 fp=[2] true=[3] merged=[2, 3]
267.4 fp=[2] true=[3] merged=[2, 3]
267.7 fp=[2] true=[3] merged=[2, 3]
268.0 fp=[2] true=[3] merged=[2, 3]
268.3 fp=[2] true=[3] merged=[2, 3]
268.6 fp=[2] true=[3] merged=[2, 3]
269.0 fp=[2] true=[3] merged=[2, 3]
269.3 fp=[2] true=[3] merged=[2, 3]
269.6 fp=[2] true=[3] merged=[2, 3]
269.9 fp=[2] true=[3] merged=[2, 3]
270.2 fp=[2] true=[3] merged=[2, 3]
270.5 fp=[2] true=[3] merged=[2, 3]
270.8 fp=[2] true=[3] merged=[2, 3]
271.1 fp=[2] true=[3] merged=[2, 3]
271.5 fp=[2] true=[3] merged=[2, 3]
271.8 fp=[2] true=[3] merged=[2, 3]
272.1 fp=[2] true=[3] merged=[2, 3]
272.4 fp=[2] true=[3] merged=[2, 3]
272.7 fp=[2] true=[3] merged=[2, 3]
273.1 fp=[2] true=[3] merged=[2, 3]
273.4 fp=[2] true=[3] merged=[2, 3]
273.7 fp=[2] true=[3] merged=[2, 3]
274.0 fp=[2] true=[3] merged=[2, 3]
274.3 fp=[2] true=[3] merged=[2, 3]
274.6 fp=[2] true=[3] merged=[2, 3]
274.9 fp=[2] true=[3] merged=[2, 3]
275.2 fp=[2] true=[3] merged=[2, 3]
275.6 fp=[2] true=[3] merged=[2, 3]
275.9 fp=[2] true=[3] merged=[2, 3]
276.2 fp=[2] true=[3] merged=[2, 3]
276.5 fp=[2] true=[3] merged=[2, 3]
276.8 fp=[2] true=[3] merged=[2, 3]
277.2 fp=[2] true=[3] merged=[2, 3]
277.5 fp=[2] true=[3] merged=[2, 3]
277.8 fp=[2] true=[3] merged=[2, 3]
278.1 fp=[2] true=[3] merged=[2, 3]
278.5 fp=[2] true=[3] merged=[2, 3]
278.8 fp=[2] true=[3] merged=[2, 3]
279.1 fp=[2] true=[3] merged=[2, 3]
279.4 fp=[2] true=[3] merged=[2, 3]
279.7 fp=[2] true=[3] merged=[2, 3]
280.0 fp=[5] true=[3] merged=[3, 5]
280.3 fp=[5] true=[3] merged=[3, 5]
280.7 fp=[5] true=[3] merged=[3, 5]
281.0 fp=[5] true=[3] merged=[3, 5]
281.3 fp=[5] true=[3] merged=[3, 5]
281.6 fp=[5] true=[3] merged=[3, 5]
281.9 fp=[5] true=[3] merged=[3, 5]
282.2 fp=[4] true=[3] merged=[3, 4]
282.5 fp=[4] true=[3] merged=[3, 4]
282.8 fp=[4] true=[3] merged=[3, 4]
283.2 fp=[4] true=[3] merged=[3, 4]
283.5 fp=[4] true=[3] merged=[3, 4]
283.8 fp=[4] true=[3] merged=[3, 4]
284.1 fp=[4] true=[3] merged=[3, 4]
284.4 fp=[4] true=[3] merged=[3, 4]
284.8 fp=[4] true=[3] merged=[3, 4]
285.1 fp=[4] true=[3] merged=[3, 4]
285.4 fp=[4] true=[3] merged=[3, 4]
285.7 fp=[4] true=[3] merged=[3, 4]
286.0 fp=[4] true=[3] merged=[3, 4]
286.3 fp=[4] true=[3] merged=[3, 4]
286.6 fp=[4] true=[3] merged=[3, 4]
287.0 fp=[4] true=[3] merged=[3, 4]
287.3 fp=[4] true=[3] merged=[3, 4]
287.6 fp=[4] true=[3] merged=[3, 4]
287.9 fp=[4] true=[3] merged=[3, 4]
288.2 fp=[4] true=[3] merged=[3, 4]
288.5 fp=[4] true=[3] merged=[3, 4]
288.8 fp=[4] true=[3] merged=[3, 4]
289.1 fp=[4] true=[3] merged=[3, 4]
289.4 fp=[4] true=[3] merged=[3, 4]
289.8 fp=[4] true=[3] merged=[3, 4]
290.1 fp=[4] true=[3] merged=[3, 4]
290.4 fp=[4] true=[3] merged=[3, 4]
290.7 fp=[4] true=[3] merged=[3, 4]
291.0 fp=[4] true=[3] merged=[3, 4]
291.3 fp=[4] true=[3] merged=[3, 4]
291.6 fp=[4] true=[3] merged=[3, 4]
292.0 fp=[4] true=[3] merged=[3, 4]
292.3 fp=[4] true=[3] merged=[3, 4]
292.6 fp=[4] true=[3] merged=[3, 4]
292.9 fp=[4] true=[3] merged=[3, 4]
293.2 fp=[4] true=[3] merged=[3, 4]
293.6 fp=[4] true=[3] merged=[3, 4]
293.9 fp=[4] true=[3] merged=[3, 4]
294.2 fp=[4] true=[3] merged=[3, 4]
294.5 fp=[4] true=[3] merged=[3, 4]
294.8 fp=[4] true=[3] merged=[3, 4]
295.1 fp=[4] true=[3] merged=[3, 4]
295.4 fp=[4] true=[3] merged=[3, 4]
295.7 fp=[4] true=[3] merged=[3, 4]
296.1 fp=[4] true=[3] merged=[3, 4]
296.4 fp=[4] true=[3] merged=[3, 4]
296.7 fp=[4] true=[3] merged=[3, 4]
297.0 fp=[4] true=[3] merged=[3, 4]
297.3 fp=[4] true=[3] merged=[3, 4]
297.6 fp=[4] true=[3] merged=[3, 4]
297.9 fp=[4] true=[3] merged=[3, 4]
298.2 fp=[4] true=[3] merged=[3, 4]
298.5 fp=[4] true=[3] merged=[3, 4]
298.9 fp=[4] true=[3] merged=[3, 4]
299.2 fp=[1] true=[3] merged=[1, 3]
299.5 fp=[1] true=[3] merged=[1, 3]
299.8 fp=[1] true=[3] merged=[1, 3]
300.1 fp=[1] true=[3] merged=[1, 3]
300.4 fp=[1] true=[3] merged=[1, 3]
300.7 fp=[1] true=[3] merged=[1, 3]
301.0 fp=[1] true=[3] merged=[1, 3]
301.4 fp=[1] true=[3] merged=[1, 3]
301.7 fp=[1] true=[3] merged=[1, 3]
302.0 fp=[1] true=[3] merged=[1, 3]
302.3 fp=[1] true=[3] merged=[1, 3]
302.6 fp=[1] true=[3] merged=[1, 3]
302.9 fp=[1] true=[3] merged=[1, 3]
303.2 fp=[1] true=[3] merged=[1, 3]
303.6 fp=[1] true=[3] merged=[1, 3]
303.9 fp=[1] true=[3] merged=[1, 3]
304.2 fp=[1] true=[3] merged=[1, 3]
304.5 fp=[1] true=[3] merged=[1, 3]
304.8 fp=[1] true=[3] merged=[1, 3]
305.1 fp=[1] true=[3] merged=[1, 3]
305.4 fp=[1] true=[3] merged=[1, 3]
305.8 fp=[1] true=[3] merged=[1, 3]
306.1 fp=[1] true=[3] merged=[1, 3]
306.4 fp=[1] true=[3] merged=[1, 3]
306.7 fp=[1] true=[3] merged=[1, 3]
307.0 fp=[1] true=[3] merged=[1, 3]
307.3 fp=[1] true=[3] merged=[1, 3]
307.6 fp=[1] true=[3] merged=[1, 3]
307.9 fp=[1] true=[3] merged=[1, 3]
308.3 fp=[1] true=[3] merged=[1, 3]
308.6 fp=[1] true=[3] merged=[1, 3]
308.9 fp=[1] true=[3] merged=[1, 3]
309.2 fp=[1] true=[3] merged=[1, 3]
309.5 fp=[1] true=[3] merged=[1, 3]
309.8 fp=[1] true=[3] merged=[1, 3]
310.1 fp=[1] true=[3] merged=[1, 3]
310.4 fp=[1] true=[3] merged=[1, 3]
310.8 fp=[1] true=[3] merged=[1, 3]
311.1 fp=[1] true=[3] merged=[1, 3]
311.4 fp=[1] true=[3] merged=[1, 3]
311.7 fp=[1] true=[3] merged=[1, 3]
312.0 fp=[1] true=[3] merged=[1, 3]
312.3 fp=[1] true=[3] merged=[1, 3]
312.6 fp=[1] true=[3] merged=[1, 3]
313.0 fp=[1] true=[3] merged=[1, 3]
313.3 fp=[1] true=[3] merged=[1, 3]
313.6 fp=[1] true=[3] merged=[1, 3]
313.9 fp=[1] true=[3] merged=[1, 3]
314.2 fp=[1] true=[3] merged=[1, 3]
314.6 fp=[1] true=[3] merged=[1, 3]
314.9 fp=[1] true=[3] merged=[1, 3]
315.2 fp=[1] true=[3] merged=[1, 3]
315.5 fp=[1] true=[3] merged=[1, 3]
315.8 fp=[1] true=[3] merged=[1, 3]
316.1 fp=[1] true=[3] merged=[1, 3]
316.4 fp=[1] true=[3] merged=[1, 3]
316.7 fp=[1] true=[3] merged=[1, 3]
317.1 fp=[1] true=[3] merged=[1, 3]
317.4 fp=[1] true=[3] merged=[1, 3]
317.7 fp=[1] true=[3] merged=[1, 3]
318.0 fp=[1] true=[3] merged=[1, 3]
318.3 fp=[1] true=[3] merged=[1, 3]
318.6 fp=[1] true=[3] merged=[1, 3]
318.9 fp=[1] true=[3] merged=[1, 3]
319.3 fp=[1] true=[3] merged=[1, 3]
319.6 fp=[1] true=[3] merged=[1, 3]
319.9 fp=[1] true=[3] merged=[1, 3]
320.2 fp=[1] true=[3] merged=[1, 3]
320.5 fp=[1] true=[3] merged=[1, 3]
320.8 fp=[1] true=[3] merged=[1, 3]
321.1 fp=[1] true=[3] merged=[1, 3]
321.5 fp=[1] true=[3] merged=[1, 3]
321.8 fp=[1] true=[3] merged=[1, 3]
322.1 fp=[1] true=[3] merged=[1, 3]
322.4 fp=[1] true=[3] merged=[1, 3]
322.7 fp=[1] true=[3] merged=[1, 3]
323.0 fp=[1] true=[3] merged=[1, 3]
323.3 fp=[1] true=[3] merged=[1, 3]
323.7 fp=[1] true=[3] merged=[1, 3]
324.0 fp=[1] true=[3] merged=[1, 3]
324.3 fp=[1] true=[3] merged=[1, 3]
324.6 fp=[1] true=[3] merged=[1, 3]
324.9 fp=[1] true=[3] merged=[1, 3]
325.2 fp=[1] true=[3] merged=[1, 3]
325.5 fp=[1] true=[3] merged=[1, 3]
325.9 fp=[1] true=[3] merged=[1, 3]
326.2 fp=[1] true=[3] merged=[1, 3]
326.5 fp=[1] true=[3] merged=[1, 3]
326.8 fp=[1] true=[3] merged=[1, 3]
327.1 fp=[1] true=[3] merged=[1, 3]
327.5 fp=[1] true=[3] merged=[1, 3]
327.8 fp=[1] true=[3] merged=[1, 3]
328.1 fp=[1] true=[3] merged=[1, 3]
328.4 fp=[1] true=[3] merged=[1, 3]
328.7 fp=[1] true=[3] merged=[1, 3]
329.0 fp=[1] true=[3] merged=[1, 3]
329.3 fp=[1] true=[3] merged=[1, 3]
329.6 fp=[1] true=[3] merged=[1, 3]
330.0 fp=[1] true=[3] merged=[1, 3]
330.3 fp=[1] true=[3] merged=[1, 3]
330.6 fp=[1] true=[3] merged=[1, 3]
330.9 fp=[1] true=[3] merged=[1, 3]
331.2 fp=[1] true=[3] merged=[1, 3]
331.5 fp=[1] true=[3] merged=[1, 3]
331.8 fp=[1] true=[3] merged=[1, 3]
332.2 fp=[1] true=[3] merged=[1, 3]
332.5 fp=[1] true=[3] merged=[1, 3]
332.8 fp=[1] true=[3] merged=[1, 3]
333.1 fp=[2] true=[3] merged=[2, 3]
333.4 fp=[2] true=[3] merged=[2, 3]
333.7 fp=[2] true=[3] merged=[2, 3]
334.0 fp=[2] true=[3] merged=[2, 3]
334.4 fp=[2] true=[3] merged=[2, 3]
334.7 fp=[2] true=[3] merged=[2, 3]
335.0 fp=[2] true=[3] merged=[2, 3]
335.3 fp=[2] true=[3] merged=[2, 3]
335.6 fp=[2] true=[3] merged=[2, 3]
335.9 fp=[2] true=[3] merged=[2, 3]
336.2 fp=[2] true=[3] merged=[2, 3]
336.5 fp=[2] true=[3] merged=[2, 3]
336.9 fp=[2] true=[3] merged=[2, 3]
337.2 fp=[2] true=[3] merged=[2, 3]
337.5 fp=[2] true=[3] merged=[2, 3]
337.8 fp=[2] true=[3] merged=[2, 3]
338.1 fp=[2] true=[3] merged=[2, 3]
338.4 fp=[2] true=[3] merged=[2, 3]
338.7 fp=[2] true=[3] merged=[2, 3]
339.0 fp=[2] true=[3] merged=[2, 3]
339.3 fp=[2] true=[3] merged=[2, 3]
339.6 fp=[2] true=[3] merged=[2, 3]
340.0 fp=[2] true=[3] merged=[2, 3]
340.3 fp=[2] true=[3] merged=[2, 3]
340.6 fp=[2] true=[3] merged=[2, 3]
340.9 fp=[2] true=[3] merged=[2, 3]
341.2 fp=[2] true=[3] merged=[2, 3]
341.5 fp=[2] true=[3] merged=[2, 3]
341.8 fp=[2] true=[3] merged=[2, 3]
342.1 fp=[2] true=[3] merged=[2, 3]
342.4 fp=[2] true=[3] merged=[2, 3]
342.7 fp=[2] true=[3] merged=[2, 3]
343.1 fp=[2] true=[3] merged=[2, 3]
343.4 fp=[2] true=[3] merged=[2, 3]
343.7 fp=[2] true=[3] merged=[2, 3]
344.0 fp=[2] true=[3] merged=[2, 3]
344.3 fp=[2] true=[3] merged=[2, 3]
344.6 fp=[2] true=[3] merged=[2, 3]
345.0 fp=[2] true=[3] merged=[2, 3]
345.3 fp=[2] true=[3] merged=[2, 3]
345.6 fp=[2] true=[3] merged=[2, 3]
345.9 fp=[2] true=[3] merged=[2, 3]
346.2 fp=[2] true=[3] merged=[2, 3]
346.5 fp=[2] true=[3] merged=[2, 3]
346.8 fp=[2] true=[3] merged=[2, 3]
347.1 fp=[2] true=[3] merged=[2, 3]
347.4 fp=[2] true=[3] merged=[2, 3]
347.8 fp=[2] true=[3] merged=[2, 3]
348.1 fp=[2] true=[3] merged=[2, 3]
348.4 fp=[2] true=[3] merged=[2, 3]
348.7 fp=[2] true=[3] merged=[2, 3]
349.0 fp=[2] true=[3] merged=[2, 3]
349.3 fp=[2] true=[3] merged=[2, 3]
349.6 fp=[2] true=[3] merged=[2, 3]
349.9 fp=[2] true=[3] merged=[2, 3]
350.2 fp=[2] true=[3] merged=[2, 3]
350.6 fp=[2] true=[3] merged=[2, 3]
350.9 fp=[2] true=[3] merged=[2, 3]
351.2 fp=[2] true=[3] merged=[2, 3]
351.5 fp=[2] true=[3] merged=[2, 3]
351.8 fp=[2] true=[3] merged=[2, 3]
352.1 fp=[2] true=[3] merged=[2, 3]
352.4 fp=[2] true=[3] merged=[2, 3]
352.7 fp=[2] true=[3] merged=[2, 3]
353.1 fp=[2] true=[3] merged=[2, 3]
353.4 fp=[2] true=[3] merged=[2, 3]
353.7 fp=[2] true=[3] merged=[2, 3]
354.0 fp=[2] true=[3] merged=[2, 3]
354.3 fp=[2] true=[3] merged=[2, 3]
354.6 fp=[2] true=[3] merged=[2, 3]
354.9 fp=[2] true=[3] merged=[2, 3]
355.2 fp=[2] true=[3] merged=[2, 3]
355.6 fp=[2] true=[3] merged=[2, 3]
355.9 fp=[2] true=[3] merged=[2, 3]
356.2 fp=[2] true=[3] merged=[2, 3]
356.5 fp=[2] true=[3] merged=[2, 3]
356.8 fp=[2] true=[3] merged=[2, 3]
357.2 fp=[2] true=[3] merged=[2, 3]
357.5 fp=[2] true=[3] merged=[2, 3]
357.8 fp=[2] true=[3] merged=[2, 3]
358.2 fp=[2] true=[3] merged=[2, 3]
358.5 fp=[2] true=[3] merged=[2, 3]
358.8 fp=[2] true=[3] merged=[2, 3]
359.1 fp=[2] true=[3] merged=[2, 3]
359.4 fp=[2] true=[3] merged=[2, 3]
359.7 fp=[2] true=[3] merged=[2, 3]
360.0 fp=[2] true=[3] merged=[2, 3]
360.3 fp=[2] true=[3] merged=[2, 3]
360.6 fp=[2] true=[3] merged=[2, 3]
361.0 fp=[2] true=[3] merged=[2, 3]
361.3 fp=[1] true=[3] merged=[1, 3]
361.6 fp=[1] true=[3] merged=[1, 3]
361.9 fp=[1] true=[3] merged=[1, 3]
362.2 fp=[1] true=[3] merged=[1, 3]
362.5 fp=[1] true=[3] merged=[1, 3]
362.8 fp=[1] true=[3] merged=[1, 3]
363.1 fp=[1] true=[3] merged=[1, 3]
363.4 fp=[1] true=[3] merged=[1, 3]
363.8 fp=[1] true=[3] merged=[1, 3]
364.1 fp=[1] true=[3] merged=[1, 3]
364.4 fp=[1] true=[3] merged=[1, 3]
364.7 fp=[1] true=[3] merged=[1, 3]
365.0 fp=[1] true=[3] merged=[1, 3]
365.3 fp=[1] true=[3] merged=[1, 3]
365.6 fp=[1] true=[3] merged=[1, 3]
365.9 fp=[1] true=[3] merged=[1, 3]
366.3 fp=[1] true=[3] merged=[1, 3]
366.6 fp=[1] true=[3] merged=[1, 3]
366.9 fp=[1] true=[3] merged=[1, 3]
367.2 fp=[1] true=[3] merged=[1, 3]
367.5 fp=[1] true=[3] merged=[1, 3]
367.8 fp=[1] true=[3] merged=[1, 3]
368.2 fp=[1] true=[3] merged=[1, 3]
368.5 fp=[1] true=[3] merged=[1, 3]
368.8 fp=[1] true=[3] merged=[1, 3]
369.1 fp=[1] true=[3] merged=[1, 3]
369.4 fp=[1] true=[3] merged=[1, 3]
369.7 fp=[1] true=[3] merged=[1, 3]
370.0 fp=[1] true=[3] merged=[1, 3]
370.3 fp=[1] true=[3] merged=[1, 3]
370.6 fp=[1] true=[3] merged=[1, 3]
370.9 fp=[1] true=[3] merged=[1, 3]
371.3 fp=[1] true=[3] merged=[1, 3]
371.6 fp=[1] true=[3] merged=[1, 3]
371.9 fp=[1] true=[3] merged=[1, 3]
372.2 fp=[1] true=[3] merged=[1, 3]
372.5 fp=[1] true=[3] merged=[1, 3]
372.8 fp=[1] true=[3] merged=[1, 3]
373.1 fp=[1] true=[3] merged=[1, 3]
373.5 fp=[1] true=[3] merged=[1, 3]
373.8 fp=[1] true=[3] merged=[1, 3]
374.1 fp=[1] true=[3] merged=[1, 3]
374.4 fp=[1] true=[3] merged=[1, 3]
374.7 fp=[1] true=[3] merged=[1, 3]
375.0 fp=[1] true=[3] merged=[1, 3]
375.3 fp=[1] true=[3] merged=[1, 3]
375.6 fp=[1] true=[3] merged=[1, 3]
375.9 fp=[1] true=[3] merged=[1, 3]
376.3 fp=[1] true=[3] merged=[1, 3]
376.6 fp=[1] true=[3] merged=[1, 3]
376.9 fp=[1] true=[3] merged=[1, 3]
377.2 fp=[1] true=[3] merged=[1, 3]
377.5 fp=[1] true=[3] merged=[1, 3]
377.8 fp=[1] true=[3] merged=[1, 3]
378.1 fp=[1] true=[3] merged=[1, 3]
378.4 fp=[1] true=[3] merged=[1, 3]
378.7 fp=[1] true=[3] merged=[1, 3]
379.1 fp=[1] true=[3] merged=[1, 3]
379.4 fp=[1] true=[3] merged=[1, 3]
379.7 fp=[1] true=[3] merged=[1, 3]
380.0 fp=[1] true=[3] merged=[1, 3]
380.3 fp=[1] true=[3] merged=[1, 3]
380.6 fp=[1] true=[3] merged=[1, 3]
380.9 fp=[1] true=[3] merged=[1, 3]
381.2 fp=[1] true=[3] merged=[1, 3]
381.5 fp=[1] true=[3] merged=[1, 3]
381.9 fp=[1] true=[3] merged=[1, 3]
382.2 fp=[1] true=[3] merged=[1, 3]
382.5 fp=[1] true=[3] merged=[1, 3]
382.8 fp=[1] true=[3] merged=[1, 3]
383.1 fp=[1] true=[3] merged=[1, 3]
383.5 fp=[1] true=[3] merged=[1, 3]
383.8 fp=[1] true=[3] merged=[1, 3]
384.1 fp=[1] true=[3] merged=[1, 3]
384.4 fp=[1] true=[3] merged=[1, 3]
384.7 fp=[1] true=[3] merged=[1, 3]
385.0 fp=[1] true=[3] merged=[1, 3]
385.3 fp=[1] true=[3] merged=[1, 3]
385.7 fp=[1] true=[3] merged=[1, 3]
386.0 fp=[1] true=[3] merged=[1, 3]
386.3 fp=[1] true=[3] merged=[1, 3]
386.6 fp=[1] true=[3] merged=[1, 3]
