# start rate=20 seed=3 dur=420 n=7 target=3 events=90
7.2 fp=[4] true=[3] merged=[3, 4]
7.5 fp=[4] true=[3] merged=[3, 4]
7.8 fp=[4] true=[3] merged=[3, 4]
8.1 fp=[4] true=[3] merged=[3, 4]
8.4 fp=[4] true=[3] merged=[3, 4]
8.7 fp=[4] true=[3] merged=[3, 4]
9.0 fp=[4] true=[3] merged=[3, 4]
9.3 fp=[4] true=[3] merged=[3, 4]
9.7 fp=[4] true=[3] merged=[3, 4]
10.0 fp=[4] true=[3] merged=[3, 4]
10.3 fp=[4] true=[3] merged=[3, 4]
10.6 fp=[4] true=[3] merged=[3, 4]
10.9 fp=[4] true=[3] merged=[3, 4]
11.2 fp=[4] true=[3] merged=[3, 4]
11.5 fp=[4] true=[3] merged=[3, 4]
11.9 fp=[4] true=[3] merged=[3, 4]
12.2 fp=[4] true=[3] merged=[3, 4]
12.5 fp=[4] true=[3] merged=[3, 4]
12.8 fp=[4] true=[3] merged=[3, 4]
13.1 fp=[4] true=[3] merged=[3, 4]
13.4 fp=[4] true=[3] merged=[3, 4]
13.7 fp=[4] true=[3] merged=[3, 4]
14.0 fp=[4] true=[3] merged=[3, 4]
14.4 fp=[4] true=[3] merged=[3, 4]
14.7 fp=[4] true=[3] merged=[3, 4]
15.0 fp=[4] true=[3] merged=[3, 4]
15.3 fp=[4] true=[3] merged=[3, 4]
15.6 fp=[4] true=[3] merged=[3, 4]
15.9 fp=[4] true=[3] merged=[3, 4]
16.2 fp=[4] true=[3] merged=[3, 4]
16.5 fp=[4] true=[3] merged=[3, 4]
16.8 fp=[4] true=[3] merged=[3, 4]
17.2 fp=[4] true=[3] merged=[3, 4]
17.5 fp=[4] true=[3] merged=[3, 4]
17.8 fp=[4] true=[3] merged=[3, 4]
18.1 fp=[1] true=[3] merged=[1, 3]
18.4 fp=[1] true=[3] merged=[1, 3]
18.7 fp=[1] true=[3] merged=[1, 3]
19.0 fp=[1] true=[3] merged=[1, 3]
19.3 fp=[1] true=[3] merged=[1, 3]
19.6 fp=[1] true=[3] merged=[1, 3]
19.9 fp=[1] true=[3] merged=[1, 3]
20.3 fp=[1] true=[3] merged=[1, 3]
20.6 fp=[1] true=[3] merged=[1, 3]
20.9 fp=[1] true=[3] merged=[1, 3]
21.2 fp=[1] true=[3] merged=[1, 3]
21.5 fp=[1] true=[3] merged=[1, 3]
21.8 fp=[1] true=[3] merged=[1, 3]
22.2 fp=[1] true=[3] merged=[1, 3]
22.5 fp=[1] true=[3] merged=[1, 3]
22.8 fp=[1] true=[3] merged=[1, 3]
23.1 fp=[1] true=[3] merged=[1, 3]
23.4 fp=[1] true=[3] merged=[1, 3]
23.7 fp=[1] true=[3] merged=[1, 3]
24.0 fp=[1] true=[3] merged=[1, 3]
24.3 fp=[1] true=[3] merged=[1, 3]
24.6 fp=[1] true=[3] merged=[1, 3]
25.0 fp=[1] true=[3] merged=[1, 3]
25.3 fp=[1] true=[3] merged=[1, 3]
25.6 fp=[1] true=[3] merged=[1, 3]
25.9 fp=[1] true=[3] merged=[1, 3]
26.2 fp=[1] true=[3] merged=[1, 3]
26.5 fp=[1] true=[3] merged=[1, 3]
26.8 fp=[1] true=[3] merged=[1, 3]
27.2 fp=[1] true=[3] merged=[1, 3]
27.5 fp=[1] true=[3] merged=[1, 3]
27.8 fp=[1] true=[3] merged=[1, 3]
28.1 fp=[1] true=[3] merged=[1, 3]
28.4 fp=[1] true=[3] merged=[1, 3]
28.7 fp=[1] true=[3] merged=[1, 3]
29.0 fp=[1] true=[3] merged=[1, 3]
29.4 fp=[1] true=[3] merged=[1, 3]
29.7 fp=[1] true=[3] merged=[1, 3]
30.0 fp=[1] true=[3] merged=[1, 3]
30.3 fp=[1] true=[3] merged=[1, 3]
30.6 fp=[1] true=[3] merged=[1, 3]
30.9 fp=[1] true=[3] merged=[1, 3]
31.2 fp=[1] true=[3] merged=[1, 3]
31.5 fp=[1] true=[3] merged=[1, 3]
31.9 fp=[1] true=[3] merged=[1, 3]
32.2 fp=[1] true=[3] merged=[1, 3]
32.5 fp=[1] true=[3] merged=[1, 3]
32.8 fp=[1] true=[3] merged=[1, 3]
33.1 fp=[1] true=[3] merged=[1, 3]
33.4 fp=[1] true=[3] merged=[1, 3]
33.7 fp=[1] true=[3] merged=[1, 3]
34.0 fp=[1] true=[3] merged=[1, 3]
34.3 fp=[1] true=[3] merged=[1, 3]
34.6 fp=[1] true=[3] merged=[1, 3]
35.0 fp=[1] true=[3] merged=[1, 3]
35.3 fp=[1] true=[3] merged=[1, 3]
35.6 fp=[1] true=[3] merged=[1, 3]
35.9 fp=[1] true=[3] merged=[1, 3]
36.2 fp=[1] true=[3] merged=[1, 3]
36.5 fp=[1] true=[3] merged=[1, 3]
36.8 fp=[1] true=[3] merged=[1, 3]
37.1 fp=[1] true=[3] merged=[1, 3]
37.5 fp=[1] true=[3] merged=[1, 3]
37.8 fp=[1] true=[3] merged=[1, 3]
38.1 fp=[2] true=[3] merged=[2, 3]
38.4 fp=[2] true=[3] merged=[2, 3]
38.7 fp=[2] true=[3] merged=[2, 3]
39.0 fp=[2] true=[3] merged=[2, 3]
39.3 fp=[2] true=[3] merged=[2, 3]
39.6 fp=[2] true=[3] merged=[2, 3]
39.9 fp=[2] true=[3] merged=[2, 3]
40.3 fp=[2] true=[3] merged=[2, 3]
40.6 fp=[2] true=[3] merged=[2, 3]
40.9 fp=[2] true=[3] merged=[2, 3]
41.2 fp=[2] true=[3] merged=[2, 3]
41.5 fp=[2] true=[3] merged=[2, 3]
41.8 fp=[2] true=[3] merged=[2, 3]
42.1 fp=[2] true=[3] merged=[2, 3]
42.4 fp=[2] true=[3] merged=[2, 3]
42.8 fp=[2] true=[3] merged=[2, 3]
43.1 fp=[2] true=[3] merged=[2, 3]
43.4 fp=[2] true=[3] merged=[2, 3]
43.7 fp=[2] true=[3] merged=[2, 3]
44.0 fp=[2] true=[3] merged=[2, 3]
44.3 fp=[2] true=[3] merged=[2, 3]
44.6 fp=[2] true=[3] merged=[2, 3]
45.0 fp=[2] true=[3] merged=[2, 3]
45.3 fp=[2] true=[3] merged=[2, 3]
45.6 fp=[2] true=[3] merged=[2, 3]
45.9 fp=[2] true=[3] merged=[2, 3]
46.3 fp=[2] true=[3] merged=[2, 3]
46.6 fp=[2] true=[3] merged=[2, 3]
46.9 fp=[2] true=[3] merged=[2, 3]
47.2 fp=[2] true=[3] merged=[2, 3]
47.5 fp=[2] true=[3] merged=[2, 3]
47.9 fp=[2] true=[3] merged=[2, 3]
48.2 fp=[2] true=[3] merged=[2, 3]
48.5 fp=[2] true=[3] merged=[2, 3]
48.8 fp=[2] true=[3] merged=[2, 3]
49.1 fp=[2] true=[3] merged=[2, 3]
49.4 fp=[2] true=[3] merged=[2, 3]
49.7 fp=[2] true=[3] merged=[2, 3]
50.0 fp=[2] true=[3] merged=[2, 3]
50.4 fp=[2] true=[3] merged=[2, 3]
50.7 fp=[2] true=[3] merged=[2, 3]
51.0 fp=[2] true=[3] merged=[2, 3]
51.3 fp=[2] true=[3] merged=[2, 3]
51.6 fp=[2] true=[3] merged=[2, 3]
51.9 fp=[2] true=[3] merged=[2, 3]
52.2 fp=[2] true=[3] merged=[2, 3]
52.5 fp=[2] true=[3] merged=[2, 3]
52.8 fp=[2] true=[3] merged=[2, 3]
53.2 fp=[2] true=[3] merged=[2, 3]
53.5 fp=[2] true=[3] merged=[2, 3]
53.8 fp=[2] true=[3] merged=[2, 3]
54.1 fp=[2] true=[3] merged=[2, 3]
54.4 fp=[2] true=[3] merged=[2, 3]
54.7 fp=[2] true=[3] merged=[2, 3]
55.0 fp=[2] true=[3] merged=[2, 3]
55.3 fp=[2] true=[3] merged=[2, 3]
55.6 fp=[2] true=[3] merged=[2, 3]
56.0 fp=[2] true=[3] merged=[2, 3]
56.3 fp=[2] true=[3] merged=[2, 3]
56.6 fp=[2] true=[3] merged=[2, 3]
56.9 fp=[2] true=[3] merged=[2, 3]
57.2 fp=[2] true=[3] merged=[2, 3]
57.5 fp=[2] true=[3] merged=[2, 3]
57.8 fp=[2] true=[3] merged=[2, 3]
58.1 fp=[2] true=[3] merged=[2, 3]
58.4 fp=[2] true=[3] merged=[2, 3]
58.8 fp=[2] true=[3] merged=[2, 3]
59.1 fp=[2] true=[3] merged=[2, 3]
59.4 fp=[2] true=[3] merged=[2, 3]
59.7 fp=[2] true=[3] merged=[2, 3]
60.0 fp=[2] true=[3] merged=[2, 3]
60.3 fp=[2] true=[3] merged=[2, 3]
60.6 fp=[2] true=[3] merged=[2, 3]
60.9 fp=[2] true=[3] merged=[2, 3]
61.2 fp=[2] true=[3] merged=[2, 3]
61.6 fp=[2] true=[3] merged=[2, 3]
61.9 fp=[2] true=[3] merged=[2, 3]
62.2 fp=[2] true=[3] merged=[2, 3]
62.5 fp=[2] true=[3] merged=[2, 3]
62.8 fp=[2] true=[3] merged=[2, 3]
63.1 fp=[2] true=[3] merged=[2, 3]
63.4 fp=[2] true=[3] merged=[2, 3]
63.7 fp=[2] true=[3] merged=[2, 3]
64.1 fp=[4] true=[3] merged=[3, 4]
64.4 fp=[4] true=[3] merged=[3, 4]
64.7 fp=[4] true=[3] merged=[3, 4]
65.0 fp=[4] true=[3] merged=[3, 4]
65.3 fp=[4] true=[3] merged=[3, 4]
65.6 fp=[4] true=[3] merged=[3, 4]
65.9 fp=[4] true=[3] merged=[3, 4]
66.2 fp=[4] true=[3] merged=[3, 4]
66.6 fp=[4] true=[3] merged=[3, 4]
66.9 fp=[4] true=[3] merged=[3, 4]
67.2 fp=[4] true=[3] merged=[3, 4]
67.5 fp=[4] true=[3] merged=[3, 4]
67.8 fp=[4] true=[3] merged=[3, 4]
68.1 fp=[4] true=[3] merged=[3, 4]
68.4 fp=[4] true=[3] merged=[3, 4]
68.7 fp=[4] true=[3] merged=[3, 4]
69.1 fp=[2] true=[3] merged=[2, 3]
69.4 fp=[2] true=[3] merged=[2, 3]
69.7 fp=[2] true=[3] merged=[2, 3]
70.0 fp=[2] true=[3] merged=[2, 3]
70.3 fp=[2] true=[3] merged=[2, 3]
70.6 fp=[2] true=[3] merged=[2, 3]
70.9 fp=[2] true=[3] merged=[2, 3]
71.2 fp=[2] true=[3] merged=[2, 3]
71.6 fp=[2] true=[3] merged=[2, 3]
71.9 fp=[2] true=[3] merged=[2, 3]
72.2 fp=[2] true=[3] merged=[2, 3]
72.5 fp=[2] true=[3] merged=[2, 3]
72.8 fp=[2] true=[3] merged=[2, 3]
73.1 fp=[2] true=[3] merged=[2, 3]
73.4 fp=[2] true=[3] merged=[2, 3]
73.7 fp=[2] true=[3] merged=[2, 3]
74.1 fp=[1] true=[3] merged=[1, 3]
74.4 fp=[1] true=[3] merged=[1, 3]
74.7 fp=[1] true=[3] merged=[1, 3]
75.0 fp=[1] true=[3] merged=[1, 3]
75.3 fp=[1] true=[3] merged=[1, 3]
75.6 fp=[1] true=[3] merged=[1, 3]
75.9 fp=[1] true=[3] merged=[1, 3]
76.2 fp=[1] true=[3] merged=[1, 3]
76.6 fp=[1] true=[3] merged=[1, 3]
76.9 fp=[1] true=[3] merged=[1, 3]
77.2 fp=[1] true=[3] merged=[1, 3]
77.5 fp=[1] true=[3] merged=[1, 3]
77.8 fp=[1] true=[3] merged=[1, 3]
78.1 fp=[1] true=[3] merged=[1, 3]
78.4 fp=[1] true=[3] merged=[1, 3]
78.7 fp=[1] true=[3] merged=[1, 3]
79.1 fp=[1] true=[3] merged=[1, 3]
79.4 fp=[1] true=[3] merged=[1, 3]
79.7 fp=[1] true=[3] merged=[1, 3]
80.0 fp=[1] true=[3] merged=[1, 3]
80.3 fp=[1] true=[3] merged=[1, 3]
80.6 fp=[1] true=[3] merged=[1, 3]
80.9 fp=[1] true=[3] merged=[1, 3]
81.3 fp=[1] true=[3] merged=[1, 3]
81.6 fp=[1] true=[3] merged=[1, 3]
81.9 fp=[1] true=[3] merged=[1, 3]
82.2 fp=[1] true=[3] merged=[1, 3]
82.5 fp=[1] true=[3] merged=[1, 3]
82.8 fp=[1] true=[3] merged=[1, 3]
83.2 fp=[1] true=[3] merged=[1, 3]
83.5 fp=[1] true=[3] merged=[1, 3]
83.8 fp=[1] true=[3] merged=[1, 3]
84.1 fp=[1] true=[3] merged=[1, 3]
84.4 fp=[1] true=[3] merged=[1, 3]
84.7 fp=[1] true=[3] merged=[1, 3]
85.1 fp=[1] true=[3] merged=[1, 3]
85.4 fp=[1] true=[3] merged=[1, 3]
85.7 fp=[1] true=[3] merged=[1, 3]
86.0 fp=[1] true=[3] merged=[1, 3]
86.4 fp=[1] true=[3] merged=[1, 3]
86.7 fp=[1] true=[3] merged=[1, 3]
87.0 fp=[1] true=[3] merged=[1, 3]
87.3 fp=[1] true=[3] merged=[1, 3]
87.6 fp=[1] true=[3] merged=[1, 3]
87.9 fp=[1] true=[3] merged=[1, 3]
88.2 fp=[1] true=[3] merged=[1, 3]
88.6 fp=[1] true=[3] merged=[1, 3]
88.9 fp=[1] true=[3] merged=[1, 3]
89.2 fp=[1] true=[3] merged=[1, 3]
89.5 fp=[1] true=[3] merged=[1, 3]
89.8 fp=[1] true=[3] merged=[1, 3]
90.1 fp=[1] true=[3] merged=[1, 3]
90.4 fp=[1] true=[3] merged=[1, 3]
90.8 fp=[1] true=[3] merged=[1, 3]
91.1 fp=[1] true=[3] merged=[1, 3]
91.4 fp=[1] true=[3] merged=[1, 3]
91.7 fp=[1] true=[3] merged=[1, 3]
92.0 fp=[1] true=[3] merged=[1, 3]
92.3 fp=[1] true=[3] merged=[1, 3]
92.6 fp=[1] true=[3] merged=[1, 3]
92.9 fp=[1] true=[3] merged=[1, 3]
93.2 fp=[1] true=[3] merged=[1, 3]
93.5 fp=[1] true=[3] merged=[1, 3]
93.9 fp=[1] true=[3] merged=[1, 3]
94.2 fp=[1] true=[3] merged=[1, 3]
94.5 fp=[1] true=[3] merged=[1, 3]
94.8 fp=[1] true=[3] merged=[1, 3]
95.1 fp=[1] true=[3] merged=[1, 3]
95.4 fp=[1] true=[3] merged=[1, 3]
95.7 fp=[1] true=[3] merged=[1, 3]
96.1 fp=[1] true=[3] merged=[1, 3]
96.4 fp=[1] true=[3] merged=[1, 3]
96.7 fp=[1] true=[3] merged=[1, 3]
97.0 fp=[1] true=[3] merged=[1, 3]
97.3 fp=[1] true=[3] merged=[1, 3]
97.6 fp=[1] true=[3] merged=[1, 3]
97.9 fp=[1] true=[3] merged=[1, 3]
98.2 fp=[1] true=[3] merged=[1, 3]
98.6 fp=[1] true=[3] merged=[1, 3]
98.9 fp=[1] true=[3] merged=[1, 3]
99.2 fp=[1] true=[3] merged=[1, 3]
99.5 fp=[1] true=[3] merged=[1, 3]
99.8 fp=[1] true=[3] merged=[1, 3]
100.1 fp=[1] true=[3] merged=[1, 3]
100.4 fp=[1] true=[3] merged=[1, 3]
100.8 fp=[1] true=[3] merged=[1, 3]
101.1 fp=[1] true=[3] merged=[1, 3]
101.4 fp=[1] true=[3] merged=[1, 3]
101.7 fp=[1] true=[3] merged=[1, 3]
102.0 fp=[1] true=[3] merged=[1, 3]
102.3 fp=[1] true=[3] merged=[1, 3]
102.7 fp=[1] true=[3] merged=[1, 3]
103.0 fp=[1] true=[3] merged=[1, 3]
103.3 fp=[1] true=[3] merged=[1, 3]
103.6 fp=[1] true=[3] merged=[1, 3]
103.9 fp=[1] true=[3] merged=[1, 3]
104.2 fp=[1] true=[3] merged=[1, 3]
104.5 fp=[1] true=[3] merged=[1, 3]
104.9 fp=[1] true=[3] merged=[1, 3]
105.2 fp=[1] true=[3] merged=[1, 3]
105.5 fp=[1] true=[3] merged=[1, 3]
105.8 fp=[1] true=[3] merged=[1, 3]
106.1 fp=[1] true=[3] merged=[1, 3]
106.4 fp=[1] true=[3] merged=[1, 3]
106.7 fp=[1] true=[3] merged=[1, 3]
107.0 fp=[1] true=[3] merged=[1, 3]
107.3 fp=[1] true=[3] merged=[1, 3]
107.7 fp=[1] true=[3] merged=[1, 3]
108.0 fp=[1] true=[3] merged=[1, 3]
108.3 fp=[1] true=[3] merged=[1, 3]
108.6 fp=[1] true=[3] merged=[1, 3]
108.9 fp=[1] true=[3] merged=[1, 3]
109.2 fp=[1] true=[3] merged=[1, 3]
109.5 fp=[1] true=[3] merged=[1, 3]
109.9 fp=[1] true=[3] merged=[1, 3]
110.2 fp=[1] true=[3] merged=[1, 3]
110.5 fp=[1] true=[3] merged=[1, 3]
110.8 fp=[1] true=[3] merged=[1, 3]
111.1 fp=[1] true=[3] merged=[1, 3]
111.4 fp=[1] true=[3] merged=[1, 3]
111.7 fp=[1] true=[3] merged=[1, 3]
112.0 fp=[1] true=[3] merged=[1, 3]
112.4 fp=[1] true=[3] merged=[1, 3]
112.7 fp=[1] true=[3] merged=[1, 3]
113.0 fp=[1] true=[3] merged=[1, 3]
113.3 fp=[1] true=[3] merged=[1, 3]
113.6 fp=[1] true=[3] merged=[1, 3]
113.9 fp=[1] true=[3] merged=[1, 3]
114.2 fp=[1] true=[3] merged=[1, 3]
114.5 fp=[1] true=[3] merged=[1, 3]
114.8 fp=[1] true=[3] merged=[1, 3]
115.2 fp=[1] true=[3] merged=[1, 3]
115.5 fp=[1] true=[3] merged=[1, 3]
115.8 fp=[1] true=[3] merged=[1, 3]
116.1 fp=[1] true=[3] merged=[1, 3]
116.4 fp=[1] true=[3] merged=[1, 3]
116.7 fp=[1] true=[3] merged=[1, 3]
117.1 fp=[1] true=[3] merged=[1, 3]
117.4 fp=[1] true=[3] merged=[1, 3]
117.7 fp=[1] true=[3] merged=[1, 3]
118.0 fp=[1] true=[3] merged=[1, 3]
118.3 fp=[1] true=[3] merged=[1, 3]
118.6 fp=[1] true=[3] merged=[1, 3]
118.9 fp=[1] true=[3] merged=[1, 3]
119.2 fp=[1] true=[3] merged=[1, 3]
119.6 fp=[1] true=[3] merged=[1, 3]
119.9 fp=[1] true=[3] merged=[1, 3]
120.2 fp=[1] true=[3] merged=[1, 3]
120.5 fp=[1] true=[3] merged=[1, 3]
120.8 fp=[1] true=[3] merged=[1, 3]
121.1 fp=[1] true=[3] merged=[1, 3]
121.4 fp=[1] true=[3] merged=[1, 3]
121.7 fp=[1] true=[3] merged=[1, 3]
122.1 fp=[1] true=[3] merged=[1, 3]
122.4 fp=[1] true=[3] merged=[1, 3]
122.7 fp=[1] true=[3] merged=[1, 3]
123.0 fp=[1] true=[3] merged=[1, 3]
123.3 fp=[1] true=[3] merged=[1, 3]
123.6 fp=[1] true=[3] merged=[1, 3]
123.9 fp=[1] true=[3] merged=[1, 3]
124.2 fp=[1] true=[3] merged=[1, 3]
124.6 fp=[1] true=[3] merged=[1, 3]
124.9 fp=[1] true=[3] merged=[1, 3]
125.2 fp=[1] true=[3] merged=[1, 3]
125.5 fp=[1] true=[3] merged=[1, 3]
125.8 fp=[1] true=[3] merged=[1, 3]
126.1 fp=[1] true=[3] merged=[1, 3]
126.4 fp=[1] true=[3] merged=[1, 3]
126.7 fp=[1] true=[3] merged=[1, 3]
127.0 fp=[1] true=[3] merged=[1, 3]
127.3 fp=[1] true=[3] merged=[1, 3]
127.7 fp=[1] true=[3] merged=[1, 3]
128.0 fp=[1] true=[3] merged=[1, 3]
128.3 fp=[1] true=[3] merged=[1, 3]
128.6 fp=[1] true=[3] merged=[1, 3]
128.9 fp=[1] true=[3] merged=[1, 3]
129.2 fp=[1] true=[3] merged=[1, 3]
129.5 fp=[1] true=[3] merged=[1, 3]
129.8 fp=[1] true=[3] merged=[1, 3]
130.1 fp=[1] true=[3] merged=[1, 3]
130.5 fp=[1] true=[3] merged=[1, 3]
130.8 fp=[1] true=[3] merged=[1, 3]
131.1 fp=[1] true=[3] merged=[1, 3]
131.4 fp=[1] true=[3] merged=[1, 3]
131.7 fp=[1] true=[3] merged=[1, 3]
132.0 fp=[1] true=[3] merged=[1, 3]
132.3 fp=[1] true=[3] merged=[1, 3]
132.6 fp=[1] true=[3] merged=[1, 3]
133.0 fp=[1] true=[3] merged=[1, 3]
133.3 fp=[1] true=[3] merged=[1, 3]
133.6 fp=[1] true=[3] merged=[1, 3]
133.9 fp=[1] true=[3] merged=[1, 3]
134.2 fp=[1] true=[3] merged=[1, 3]
134.5 fp=[1] true=[3] merged=[1, 3]
134.8 fp=[1] true=[3] merged=[1, 3]
135.1 fp=[1] true=[3] merged=[1, 3]
135.5 fp=[1] true=[3] merged=[1, 3]
135.8 fp=[1] true=[3] merged=[1, 3]
136.1 fp=[1] true=[3] merged=[1, 3]
136.4 fp=[1] true=[3] merged=[1, 3]
136.7 fp=[1] true=[3] merged=[1, 3]
137.0 fp=[1] true=[3] merged=[1, 3]
137.3 fp=[1] true=[3] merged=[1, 3]
137.7 fp=[1] true=[3] merged=[1, 3]
138.0 fp=[1] true=[3] merged=[1, 3]
138.3 fp=[1] true=[3] merged=[1, 3]
138.6 fp=[1] true=[3] merged=[1, 3]
138.9 fp=[1] true=[3] merged=[1, 3]
139.2 fp=[1] true=[3] merged=[1, 3]
139.5 fp=[1] true=[3] merged=[1, 3]
139.8 fp=[1] true=[3] merged=[1, 3]
140.2 fp=[1] true=[3] merged=[1, 3]
140.5 fp=[1] true=[3] merged=[1, 3]
140.8 fp=[1] true=[3] merged=[1, 3]
141.1 fp=[1] true=[3] merged=[1, 3]
141.4 fp=[1] true=[3] merged=[1, 3]
141.7 fp=[1] true=[3] merged=[1, 3]
142.0 fp=[1] true=[3] merged=[1, 3]
142.4 fp=[1] true=[3] merged=[1, 3]
142.7 fp=[1] true=[3] merged=[1, 3]
143.0 fp=[1] true=[3] merged=[1, 3]
143.3 fp=[1] true=[3] merged=[1, 3]
143.6 fp=[1] true=[3] merged=[1, 3]
143.9 fp=[1] true=[3] merged=[1, 3]
144.2 fp=[1] true=[3] merged=[1, 3]
144.5 fp=[1] true=[3] merged=[1, 3]
144.8 fp=[1] true=[3] merged=[1, 3]
145.2 fp=[1] true=[3] merged=[1, 3]
145.5 fp=[1] true=[3] merged=[1, 3]
145.8 fp=[1] true=[3] merged=[1, 3]
146.1 fp=[1] true=[3] merged=[1, 3]
146.4 fp=[1] true=[3] merged=[1, 3]
146.7 fp=[1] true=[3] merged=[1, 3]
147.1 fp=[1] true=[3] merged=[1, 3]
147.4 fp=[1] true=[3] merged=[1, 3]
147.7 fp=[1] true=[3] merged=[1, 3]
148.0 fp=[1] true=[3] merged=[1, 3]
148.3 fp=[4] true=[3] merged=[3, 4]
148.6 fp=[4] true=[3] merged=[3, 4]
148.9 fp=[4] true=[3] merged=[3, 4]
149.3 fp=[4] true=[3] merged=[3, 4]
149.6 fp=[4] true=[3] merged=[3, 4]
149.9 fp=[4] true=[3] merged=[3, 4]
150.2 fp=[4] true=[3] merged=[3, 4]
150.5 fp=[4] true=[3] merged=[3, 4]
150.8 fp=[4] true=[3] merged=[3, 4]
151.2 fp=[7] true=[3] merged=[3, 7]
151.5 fp=[7] true=[3] merged=[3, 7]
151.8 fp=[7] true=[3] merged=[3, 7]
152.1 fp=[7] true=[3] merged=[3, 7]
152.4 fp=[7] true=[3] merged=[3, 7]
152.7 fp=[7] true=[3] merged=[3, 7]
153.0 fp=[7] true=[3] merged=[3, 7]
153.3 fp=[7] true=[3] merged=[3, 7]
153.7 fp=[7] true=[3] merged=[3, 7]
154.0 fp=[7] true=[3] merged=[3, 7]
154.3 fp=[1] true=[3] merged=[1, 3]
154.6 fp=[1] true=[3] merged=[1, 3]
154.9 fp=[1] true=[3] merged=[1, 3]
155.2 fp=[1] true=[3] merged=[1, 3]
155.5 fp=[1] true=[3] merged=[1, 3]
155.8 fp=[1] true=[3] merged=[1, 3]
156.2 fp=[1] true=[3] merged=[1, 3]
156.5 fp=[1] true=[3] merged=[1, 3]
156.8 fp=[1] true=[3] merged=[1, 3]
157.1 fp=[1] true=[3] merged=[1, 3]
157.4 fp=[1] true=[3] merged=[1, 3]
157.7 fp=[1] true=[3] merged=[1, 3]
158.0 fp=[1] true=[3] merged=[1, 3]
158.4 fp=[1] true=[3] merged=[1, 3]
158.7 fp=[1] true=[3] merged=[1, 3]
159.0 fp=[1] true=[3] merged=[1, 3]
159.3 fp=[1] true=[3] merged=[1, 3]
159.6 fp=[1] true=[3] merged=[1, 3]
159.9 fp=[1] true=[3] merged=[1, 3]
160.2 fp=[1] true=[3] merged=[1, 3]
160.6 fp=[1] true=[3] merged=[1, 3]
160.9 fp=[1] true=[3] merged=[1, 3]
161.2 fp=[1] true=[3] merged=[1, 3]
161.5 fp=[1] true=[3] merged=[1, 3]
161.8 fp=[1] true=[3] merged=[1, 3]
162.1 fp=[1] true=[3] merged=[1, 3]
162.4 fp=[1] true=[3] merged=[1, 3]
162.7 fp=[1] true=[3] merged=[1, 3]
163.1 fp=[1] true=[3] merged=[1, 3]
163.4 fp=[1] true=[3] merged=[1, 3]
163.7 fp=[1] true=[3] merged=[1, 3]
164.0 fp=[1] true=[3] merged=[1, 3]
164.3 fp=[1] true=[3] merged=[1, 3]
164.6 fp=[1] true=[3] merged=[1, 3]
164.9 fp=[1] true=[3] merged=[1, 3]
165.2 fp=[1] true=[3] merged=[1, 3]
165.6 fp=[1] true=[3] merged=[1, 3]
165.9 fp=[1] true=[3] merged=[1, 3]
166.2 fp=[1] true=[3] merged=[1, 3]
166.5 fp=[1] true=[3] merged=[1, 3]
166.8 fp=[1] true=[3] merged=[1, 3]
167.1 fp=[1] true=[3] merged=[1, 3]
167.4 fp=[1] true=[3] merged=[1, 3]
167.7 fp=[1] true=[3] merged=[1, 3]
168.1 fp=[1] true=[3] merged=[1, 3]
168.4 fp=[1] true=[3] merged=[1, 3]
168.7 fp=[1] true=[3] merged=[1, 3]
169.0 fp=[1] true=[3] merged=[1, 3]
169.3 fp=[1] true=[3] merged=[1, 3]
169.6 fp=[1] true=[3] merged=[1, 3]
169.9 fp=[1] true=[3] merged=[1, 3]
170.2 fp=[1] true=[3] merged=[1, 3]
170.6 fp=[1] true=[3] merged=[1, 3]
170.9 fp=[1] true=[3] merged=[1, 3]
171.2 fp=[1] true=[3] merged=[1, 3]
171.5 fp=[1] true=[3] merged=[1, 3]
171.8 fp=[1] true=[3] merged=[1, 3]
172.1 fp=[1] true=[3] merged=[1, 3]
172.4 fp=[1] true=[3] merged=[1, 3]
172.7 fp=[1] true=[3] merged=[1, 3]
173.0 fp=[1] true=[3] merged=[1, 3]
173.3 fp=[1] true=[3] merged=[1, 3]
173.7 fp=[1] true=[3] merged=[1, 3]
174.0 fp=[1] true=[3] merged=[1, 3]
174.3 fp=[2] true=[3] merged=[2, 3]
174.6 fp=[2] true=[3] merged=[2, 3]
174.9 fp=[2] true=[3] merged=[2, 3]
175.2 fp=[2] true=[3] merged=[2, 3]
175.5 fp=[2] true=[3] merged=[2, 3]
175.8 fp=[2] true=[3] merged=[2, 3]
176.2 fp=[5] true=[3] merged=[3, 5]
176.5 fp=[5] true=[3] merged=[3, 5]
176.8 fp=[5] true=[3] merged=[3, 5]
177.1 fp=[5] true=[3] merged=[3, 5]
177.5 fp=[5] true=[3] merged=[3, 5]
177.8 fp=[5] true=[3] merged=[3, 5]
178.1 fp=[5] true=[3] merged=[3, 5]
178.4 fp=[5] true=[3] merged=[3, 5]
178.7 fp=[5] true=[3] merged=[3, 5]
179.0 fp=[5] true=[3] merged=[3, 5]
179.3 fp=[5] true=[3] merged=[3, 5]
179.6 fp=[5] true=[3] merged=[3, 5]
179.9 fp=[5] true=[3] merged=[3, 5]
180.3 fp=[5] true=[3] merged=[3, 5]
180.6 fp=[5] true=[3] merged=[3, 5]
180.9 fp=[5] true=[3] merged=[3, 5]
181.2 fp=[5] true=[3] merged=[3, 5]
181.5 fp=[5] true=[3] merged=[3, 5]
181.8 fp=[5] true=[3] merged=[3, 5]
182.1 fp=[1] true=[3] merged=[1, 3]
182.5 fp=[1] true=[3] merged=[1, 3]
182.8 fp=[1] true=[3] merged=[1, 3]
183.1 fp=[1] true=[3] merged=[1, 3]
183.4 fp=[1] true=[3] merged=[1, 3]
183.7 fp=[1] true=[3] merged=[1, 3]
184.0 fp=[1] true=[3] merged=[1, 3]
184.3 fp=[1] true=[3] merged=[1, 3]
184.6 fp=[1] true=[3] merged=[1, 3]
184.9 fp=[1] true=[3] merged=[1, 3]
185.3 fp=[1] true=[3] merged=[1, 3]
185.6 fp=[1] true=[3] merged=[1, 3]
185.9 fp=[1] true=[3] merged=[1, 3]
186.2 fp=[1] true=[3] merged=[1, 3]
186.5 fp=[1] true=[3] merged=[1, 3]
186.9 fp=[1] true=[3] merged=[1, 3]
187.2 fp=[1] true=[3] merged=[1, 3]
187.5 fp=[1] true=[3] merged=[1, 3]
187.8 fp=[1] true=[3] merged=[1, 3]
188.1 fp=[1] true=[3] merged=[1, 3]
188.4 fp=[1] true=[3] merged=[1, 3]
188.7 fp=[1] true=[3] merged=[1, 3]
189.1 fp=[1] true=[3] merged=[1, 3]
189.4 fp=[1] true=[3] merged=[1, 3]
189.7 fp=[1] true=[3] merged=[1, 3]
190.0 fp=[1] true=[3] merged=[1, 3]
190.4 fp=[1] true=[3] merged=[1, 3]
190.7 fp=[1] true=[3] merged=[1, 3]
191.0 fp=[1] true=[3] merged=[1, 3]
191.3 fp=[1] true=[3] merged=[1, 3]
191.6 fp=[1] true=[3] merged=[1, 3]
191.9 fp=[1] true=[3] merged=[1, 3]
192.2 fp=[1] true=[3] merged=[1, 3]
192.5 fp=[1] true=[3] merged=[1, 3]
192.9 fp=[1] true=[3] merged=[1, 3]
193.2 fp=[1] true=[3] merged=[1, 3]
193.5 fp=[1] true=[3] merged=[1, 3]
193.8 fp=[1] true=[3] merged=[1, 3]
194.1 fp=[1] true=[3] merged=[1, 3]
194.5 fp=[1] true=[3] merged=[1, 3]
194.8 fp=[1] true=[3] merged=[1, 3]
195.1 fp=[1] true=[3] merged=[1, 3]
195.4 fp=[1] true=[3] merged=[1, 3]
195.7 fp=[1] true=[3] merged=[1, 3]
196.0 fp=[1] true=[3] merged=[1, 3]
196.3 fp=[1] true=[3] merged=[1, 3]
196.7 fp=[1] true=[3] merged=[1, 3]
197.0 fp=[1] true=[3] merged=[1, 3]
197.3 fp=[1] true=[3] merged=[1, 3]
197.6 fp=[1] true=[3] merged=[1, 3]
197.9 fp=[1] true=[3] merged=[1, 3]
198.2 fp=[1] true=[3] merged=[1, 3]
198.6 fp=[1] true=[3] merged=[1, 3]
198.9 fp=[1] true=[3] merged=[1, 3]
199.2 fp=[1] true=[3] merged=[1, 3]
199.5 fp=[1] true=[3] merged=[1, 3]
199.8 fp=[1] true=[3] merged=[1, 3]
200.1 fp=[1] true=[3] merged=[1, 3]
200.4 fp=[1] true=[3] merged=[1, 3]
200.8 fp=[1] true=[3] merged=[1, 3]
201.1 fp=[1] true=[3] merged=[1, 3]
201.4 fp=[1] true=[3] merged=[1, 3]
201.7 fp=[1] true=[3] merged=[1, 3]
202.0 fp=[1] true=[3] merged=[1, 3]
202.3 fp=[1] true=[3] merged=[1, 3]
202.6 fp=[1] true=[3] merged=[1, 3]
202.9 fp=[1] true=[3] merged=[1, 3]
203.3 fp=[1] true=[3] merged=[1, 3]
203.6 fp=[1] true=[3] merged=[1, 3]
203.9 fp=[1] true=[3] merged=[1, 3]
204.2 fp=[1] true=[3] merged=[1, 3]
204.5 fp=[1] true=[3] merged=[1, 3]
204.8 fp=[1] true=[3] merged=[1, 3]
205.1 fp=[1] true=[3] merged=[1, 3]
205.4 fp=[1] true=[3] merged=[1, 3]
205.8 fp=[1] true=[3] merged=[1, 3]
206.1 fp=[1] true=[3] merged=[1, 3]
206.4 fp=[1] true=[3] merged=[1, 3]
206.7 fp=[1] true=[3] merged=[1, 3]
207.0 fp=[1] true=[3] merged=[1, 3]
207.3 fp=[1] true=[3] merged=[1, 3]
207.7 fp=[1] true=[3] merged=[1, 3]
208.0 fp=[1] true=[3] merged=[1, 3]
208.3 fp=[1] true=[3] merged=[1, 3]
208.6 fp=[1] true=[3] merged=[1, 3]
208.9 fp=[1] true=[3] merged=[1, 3]
209.2 fp=[1] true=[3] merged=[1, 3]
209.5 fp=[1] true=[3] merged=[1, 3]
209.9 fp=[1] true=[3] merged=[1, 3]
210.2 fp=[1] true=[3] merged=[1, 3]
210.5 fp=[1] true=[3] merged=[1, 3]
210.8 fp=[1] true=[3] merged=[1, 3]
211.1 fp=[1] true=[3] merged=[1, 3]
211.4 fp=[1] true=[3] merged=[1, 3]
211.7 fp=[1] true=[3] merged=[1, 3]
212.0 fp=[1] true=[3] merged=[1, 3]
212.3 fp=[1] true=[3] merged=[1, 3]
212.7 fp=[1] true=[3] merged=[1, 3]
213.0 fp=[1] true=[3] merged=[1, 3]
213.3 fp=[1] true=[3] merged=[1, 3]
213.6 fp=[1] true=[3] merged=[1, 3]
213.9 fp=[1] true=[3] merged=[1, 3]
214.2 fp=[1] true=[3] merged=[1, 3]
214.5 fp=[1] true=[3] merged=[1, 3]
214.8 fp=[1] true=[3] merged=[1, 3]
215.1 fp=[1] true=[3] merged=[1, 3]
215.4 fp=[1] true=[3] merged=[1, 3]
215.8 fp=[1] true=[3] merged=[1, 3]
216.1 fp=[1] true=[3] merged=[1, 3]
216.4 fp=[1] true=[3] merged=[1, 3]
216.7 fp=[1] true=[3] merged=[1, 3]
217.0 fp=[1] true=[3] merged=[1, 3]
217.3 fp=[1] true=[3] merged=[1, 3]
217.6 fp=[1] true=[3] merged=[1, 3]
217.9 fp=[1] true=[3] merged=[1, 3]
218.2 fp=[1] true=[3] merged=[1, 3]
218.6 fp=[1] true=[3] merged=[1, 3]
218.9 fp=[1] true=[3] merged=[1, 3]
219.2 fp=[1] true=[3] merged=[1, 3]
219.5 fp=[1] true=[3] merged=[1, 3]
219.8 fp=[1] true=[3] merged=[1, 3]
220.1 fp=[1] true=[3] merged=[1, 3]
220.4 fp=[1] true=[3] merged=[1, 3]
220.7 fp=[1] true=[3] merged=[1, 3]
221.1 fp=[1] true=[3] merged=[1, 3]
221.4 fp=[1] true=[3] merged=[1, 3]
221.7 fp=[1] true=[3] merged=[1, 3]
222.0 fp=[1] true=[3] merged=[1, 3]
222.3 fp=[1] true=[3] merged=[1, 3]
222.6 fp=[1] true=[3] merged=[1, 3]
222.9 fp=[1] true=[3] merged=[1, 3]
223.3 fp=[1] true=[3] merged=[1, 3]
223.6 fp=[1] true=[3] merged=[1, 3]
223.9 fp=[1] true=[3] merged=[1, 3]
224.2 fp=[1] true=[3] merged=[1, 3]
224.5 fp=[1] true=[3] merged=[1, 3]
224.8 fp=[1] true=[3] merged=[1, 3]
225.1 fp=[1] true=[3] merged=[1, 3]
225.5 fp=[1] true=[3] merged=[1, 3]
225.8 fp=[1] true=[3] merged=[1, 3]
226.1 fp=[1] true=[3] merged=[1, 3]
226.4 fp=[1] true=[3] merged=[1, 3]
226.7 fp=[1] true=[3] merged=[1, 3]
227.0 fp=[1] true=[3] merged=[1, 3]
227.4 fp=[1] true=[3] merged=[1, 3]
227.7 fp=[1] true=[3] merged=[1, 3]
228.0 fp=[1] true=[3] merged=[1, 3]
228.3 fp=[1] true=[3] merged=[1, 3]
228.6 fp=[1] true=[3] merged=[1, 3]
228.9 fp=[1] true=[3] merged=[1, 3]
229.2 fp=[1] true=[3] merged=[1, 3]
229.5 fp=[1] true=[3] merged=[1, 3]
229.8 fp=[1] true=[3] merged=[1, 3]
230.2 fp=[1] true=[3] merged=[1, 3]
230.5 fp=[1] true=[3] merged=[1, 3]
230.8 fp=[1] true=[3] merged=[1, 3]
231.1 fp=[1] true=[3] merged=[1, 3]
231.4 fp=[1] true=[3] merged=[1, 3]
231.7 fp=[1] true=[3] merged=[1, 3]
232.0 fp=[1] true=[3] merged=[1, 3]
232.3 fp=[1] true=[3] merged=[1, 3]
232.6 fp=[1] true=[3] merged=[1, 3]
233.0 fp=[1] true=[3] merged=[1, 3]
233.3 fp=[1] true=[3] merged=[1, 3]
233.6 fp=[1] true=[3] merged=[1, 3]
233.9 fp=[1] true=[3] merged=[1, 3]
234.2 fp=[1] true=[3] merged=[1, 3]
234.5 fp=[1] true=[3] merged=[1, 3]
234.8 fp=[1] true=[3] merged=[1, 3]
235.2 fp=[2] true=[3] merged=[2, 3]
235.5 fp=[2] true=[3] merged=[2, 3]
235.8 fp=[2] true=[3] merged=[2, 3]
236.1 fp=[2] true=[3] merged=[2, 3]
236.4 fp=[2] true=[3] merged=[2, 3]
236.8 fp=[2] true=[3] merged=[2, 3]
237.1 fp=[2] true=[3] merged=[2, 3]
237.4 fp=[2] true=[3] merged=[2, 3]
237.7 fp=[2] true=[3] merged=[2, 3]
238.0 fp=[2] true=[3] merged=[2, 3]
238.3 fp=[2] true=[3] merged=[2, 3]
238.6 fp=[2] true=[3] merged=[2, 3]
238.9 fp=[2] true=[3] merged=[2, 3]
239.3 fp=[2] true=[3] merged=[2, 3]
239.6 fp=[2] true=[3] merged=[2, 3]
239.9 fp=[2] true=[3] merged=[2, 3]
240.2 fp=[2] true=[3] merged=[2, 3]
240.5 fp=[2] true=[3] merged=[2, 3]
240.8 fp=[2] true=[3] merged=[2, 3]
241.1 fp=[2] true=[3] merged=[2, 3]
241.5 fp=[2] true=[3] merged=[2, 3]
241.8 fp=[2] true=[3] merged=[2, 3]
242.1 fp=[2] true=[3] merged=[2, 3]
242.4 fp=[2] true=[3] merged=[2, 3]
242.7 fp=[2] true=[3] merged=[2, 3]
243.0 fp=[2] true=[3] merged=[2, 3]
243.3 fp=[2] true=[3] merged=[2, 3]
243.6 fp=[2] true=[3] merged=[2, 3]
243.9 fp=[2] true=[3] merged=[2, 3]
244.3 fp=[2] true=[3] merged=[2, 3]
244.6 fp=[2] true=[3] merged=[2, 3]
244.9 fp=[2] true=[3] merged=[2, 3]
245.2 fp=[2] true=[3] merged=[2, 3]
245.5 fp=[2] true=[3] merged=[2, 3]
245.9 fp=[2] true=[3] merged=[2, 3]
246.2 fp=[2] true=[3] merged=[2, 3]
246.5 fp=[2] true=[3] merged=[2, 3]
246.9 fp=[2] true=[3] merged=[2, 3]
247.2 fp=[2] true=[3] merged=[2, 3]
247.5 fp=[2] true=[3] merged=[2, 3]
247.8 fp=[2] true=[3] merged=[2, 3]
248.1 fp=[2] true=[3] merged=[2, 3]
248.4 fp=[2] true=[3] merged=[2, 3]
248.7 fp=[2] true=[3] merged=[2, 3]
249.1 fp=[2] true=[3] merged=[2, 3]
249.4 fp=[2] true=[3] merged=[2, 3]
249.7 fp=[2] true=[3] merged=[2, 3]
250.0 fp=[2] true=[3] merged=[2, 3]
250.3 fp=[2] true=[3] merged=[2, 3]
250.6 fp=[2] true=[3] merged=[2, 3]
251.0 fp=[2] true=[3] merged=[2, 3]
251.3 fp=[4] true=[3] merged=[3, 4]
251.6 fp=[4] true=[3] merged=[3, 4]
251.9 fp=[4] true=[3] merged=[3, 4]
252.2 fp=[4] true=[3] merged=[3, 4]
252.5 fp=[4] true=[3] merged=[3, 4]
252.8 fp=[4] true=[3] merged=[3, 4]
253.2 fp=[4] true=[3] merged=[3, 4]
253.5 fp=[4] true=[3] merged=[3, 4]
253.8 fp=[4] true=[3] merged=[3, 4]
254.1 fp=[4] true=[3] merged=[3, 4]
254.4 fp=[4] true=[3] merged=[3, 4]
254.7 fp=[4] true=[3] merged=[3, 4]
255.0 fp=[4] true=[3] merged=[3, 4]
255.3 fp=[4] true=[3] merged=[3, 4]
255.6 fp=[4] true=[3] merged=[3, 4]
256.0 fp=[4] true=[3] merged=[3, 4]
256.3 fp=[4] true=[3] merged=[3, 4]
256.6 fp=[4] true=[3] merged=[3, 4]
256.9 fp=[4] true=[3] merged=[3, 4]
257.2 fp=[4] true=[3] merged=[3, 4]
257.5 fp=[4] true=[3] merged=[3, 4]
257.8 fp=[4] true=[3] merged=[3, 4]
258.1 fp=[4] true=[3] merged=[3, 4]
258.4 fp=[4] true=[3] merged=[3, 4]
258.8 fp=[4] true=[3] merged=[3, 4]
259.1 fp=[4] true=[3] merged=[3, 4]
259.4 fp=[4] true=[3] merged=[3, 4]
259.7 fp=[4] true=[3] merged=[3, 4]
260.0 fp=[4] true=[3] merged=[3, 4]
260.3 fp=[4] true=[3] merged=[3, 4]
260.6 fp=[4] true=[3] merged=[3, 4]
261.0 fp=[4] true=[3] merged=[3, 4]
261.3 fp=[4] true=[3] merged=[3, 4]
261.6 fp=[4] true=[3] merged=[3, 4]
261.9 fp=[4] true=[3] merged=[3, 4]
262.2 fp=[4] true=[3] merged=[3, 4]
262.5 fp=[4] true=[3] merged=[3, 4]
262.8 fp=[4] true=[3] merged=[3, 4]
263.2 fp=[4] true=[3] merged=[3, 4]
263.5 fp=[4] true=[3] merged=[3, 4]
263.8 fp=[4] true=[3] merged=[3, 4]
264.1 fp=[4] true=[3] merged=[3, 4]
264.4 fp=[4] true=[3] merged=[3, 4]
264.8 fp=[4] true=[3] merged=[3, 4]
265.1 fp=[4] true=[3] merged=[3, 4]
265.4 fp=[4] true=[3] merged=[3, 4]
265.7 fp=[4] true=[3] merged=[3, 4]
266.0 fp=[4] true=[3] merged=[3, 4]
266.3 fp=[4] true=[3] merged=[3, 4]
266.6 fp=[4] true=[3] merged=[3, 4]
266.9 fp=[4] true=[3] merged=[3, 4]
267.2 fp=[4] true=[3] merged=[3, 4]
267.5 fp=[4] true=[3] merged=[3, 4]
267.8 fp=[4] true=[3] merged=[3, 4]
268.2 fp=[4] true=[3] merged=[3, 4]
268.5 fp=[4] true=[3] merged=[3, 4]
268.8 fp=[4] true=[3] merged=[3, 4]
269.1 fp=[4] true=[3] merged=[3, 4]
269.4 fp=[4] true=[3] merged=[3, 4]
269.7 fp=[4] true=[3] merged=[3, 4]
270.0 fp=[4] true=[3] merged=[3, 4]
270.3 fp=[4] true=[3] merged=[3, 4]
270.7 fp=[4] true=[3] merged=[3, 4]
271.0 fp=[4] true=[3] merged=[3, 4]
271.3 fp=[4] true=[3] merged=[3, 4]
271.6 fp=[4] true=[3] merged=[3, 4]
271.9 fp=[4] true=[3] merged=[3, 4]
272.2 fp=[4] true=[3] merged=[3, 4]
272.6 fp=[4] true=[3] merged=[3, 4]
272.9 fp=[4] true=[3] merged=[3, 4]
273.2 fp=[4] true=[3] merged=[3, 4]
273.5 fp=[4] true=[3] merged=[3, 4]
273.8 fp=[4] true=[3] merged=[3, 4]
274.1 fp=[4] true=[3] merged=[3, 4]
274.4 fp=[4] true=[3] merged=[3, 4]
274.8 fp=[4] true=[3] merged=[3, 4]
275.1 fp=[4] true=[3] merged=[3, 4]
275.4 fp=[4] true=[3] merged=[3, 4]
275.7 fp=[4] true=[3] merged=[3, 4]
276.0 fp=[4] true=[3] merged=[3, 4]
276.3 fp=[4] true=[3] merged=[3, 4]
276.6 fp=[4] true=[3] merged=[3, 4]
277.0 fp=[4] true=[3] merged=[3, 4]
277.3 fp=[4] true=[3] merged=[3, 4]
277.6 fp=[4] true=[3] merged=[3, 4]
277.9 fp=[4] true=[3] merged=[3, 4]
278.2 fp=[4] true=[3] merged=[3, 4]
278.5 fp=[4] true=[3] merged=[3, 4]
278.8 fp=[4] true=[3] merged=[3, 4]
279.1 fp=[4] true=[3] merged=[3, 4]
279.4 fp=[4] true=[3] merged=[3, 4]
279.8 fp=[4] true=[3] merged=[3, 4]
280.1 fp=[4] true=[3] merged=[3, 4]
280.4 fp=[4] true=[3] merged=[3, 4]
280.7 fp=[4] true=[3] merged=[3, 4]
281.0 fp=[4] true=[3] merged=[3, 4]
281.3 fp=[4] true=[3] merged=[3, 4]
281.6 fp=[4] true=[3] merged=[3, 4]
281.9 fp=[4] true=[3] merged=[3, 4]
282.3 fp=[4] true=[3] merged=[3, 4]
282.6 fp=[4] true=[3] merged=[3, 4]
282.9 fp=[4] true=[3] merged=[3, 4]
283.2 fp=[4] true=[3] merged=[3, 4]
283.5 fp=[4] true=[3] merged=[3, 4]
283.8 fp=[4] true=[3] merged=[3, 4]
284.1 fp=[7] true=[3] merged=[3, 7]
284.4 fp=[7] true=[3] merged=[3, 7]
284.8 fp=[7] true=[3] merged=[3, 7]
285.1 fp=[7] true=[3] merged=[3, 7]
285.4 fp=[7] true=[3] merged=[3, 7]
285.7 fp=[7] true=[3] merged=[3, 7]
286.0 fp=[7] true=[3] merged=[3, 7]
286.3 fp=[7] true=[3] merged=[3, 7]
286.6 fp=[7] true=[3] merged=[3, 7]
287.0 fp=[7] true=[3] merged=[3, 7]
287.3 fp=[7] true=[3] merged=[3, 7]
287.6 fp=[7] true=[3] merged=[3, 7]
287.9 fp=[7] true=[3] merged=[3, 7]
288.2 fp=[7] true=[3] merged=[3, 7]
288.5 fp=[7] true=[3] merged=[3, 7]
288.8 fp=[7] true=[3] merged=[3, 7]
289.1 fp=[7] true=[3] merged=[3, 7]
289.4 fp=[7] true=[3] merged=[3, 7]
289.8 fp=[7] true=[3] merged=[3, 7]
290.1 fp=[7] true=[3] merged=[3, 7]
290.4 fp=[7] true=[3] merged=[3, 7]
290.7 fp=[7] true=[3] merged=[3, 7]
291.0 fp=[2] true=[3] merged=[2, 3]
291.3 fp=[2] true=[3] merged=[2, 3]
291.6 fp=[2] true=[3] merged=[2, 3]
292.0 fp=[2] true=[3] merged=[2, 3]
292.3 fp=[2] true=[3] merged=[2, 3]
292.6 fp=[2] true=[3] merged=[2, 3]
292.9 fp=[2] true=[3] merged=[2, 3]
293.2 fp=[2] true=[3] merged=[2, 3]
293.5 fp=[2] true=[3] merged=[2, 3]
293.8 fp=[2] true=[3] merged=[2, 3]
294.2 fp=[2] true=[3] merged=[2, 3]
294.5 fp=[2] true=[3] merged=[2, 3]
294.8 fp=[2] true=[3] merged=[2, 3]
295.1 fp=[2] true=[3] merged=[2, 3]
295.4 fp=[2] true=[3] merged=[2, 3]
295.7 fp=[2] true=[3] merged=[2, 3]
296.0 fp=[2] true=[3] merged=[2, 3]
296.3 fp=[2] true=[3] merged=[2, 3]
296.7 fp=[2] true=[3] merged=[2, 3]
297.0 fp=[2] true=[3] merged=[2, 3]
297.3 fp=[2] true=[3] merged=[2, 3]
297.6 fp=[2] true=[3] merged=[2, 3]
298.0 fp=[2] true=[3] merged=[2, 3]
298.3 fp=[2] true=[3] merged=[2, 3]
298.6 fp=[2] true=[3] merged=[2, 3]
298.9 fp=[2] true=[3] merged=[2, 3]
299.2 fp=[2] true=[3] merged=[2, 3]
299.5 fp=[2] true=[3] merged=[2, 3]
299.8 fp=[2] true=[3] merged=[2, 3]
300.1 fp=[2] true=[3] merged=[2, 3]
300.5 fp=[2] true=[3] merged=[2, 3]
300.8 fp=[2] true=[3] merged=[2, 3]
301.1 fp=[2] true=[3] merged=[2, 3]
301.4 fp=[2] true=[3] merged=[2, 3]
301.7 fp=[2] true=[3] merged=[2, 3]
302.0 fp=[2] true=[3] merged=[2, 3]
302.3 fp=[2] true=[3] merged=[2, 3]
302.6 fp=[2] true=[3] merged=[2, 3]
303.0 fp=[2] true=[3] merged=[2, 3]
303.3 fp=[2] true=[3] merged=[2, 3]
303.6 fp=[2] true=[3] merged=[2, 3]
303.9 fp=[2] true=[3] merged=[2, 3]
304.2 fp=[2] true=[3] merged=[2, 3]
304.5 fp=[2] true=[3] merged=[2, 3]
304.9 fp=[2] true=[3] merged=[2, 3]
305.2 fp=[2] true=[3] merged=[2, 3]
305.5 fp=[2] true=[3] merged=[2, 3]
305.8 fp=[2] true=[3] merged=[2, 3]
306.1 fp=[2] true=[3] merged=[2, 3]
306.4 fp=[2] true=[3] merged=[2, 3]
306.7 fp=[2] true=[3] merged=[2, 3]
307.1 fp=[2] true=[3] merged=[2, 3]
307.4 fp=[2] true=[3] merged=[2, 3]
307.7 fp=[2] true=[3] merged=[2, 3]
308.0 fp=[2] true=[3] merged=[2, 3]
308.3 fp=[2] true=[3] merged=[2, 3]
308.6 fp=[2] true=[3] merged=[2, 3]
309.0 fp=[2] true=[3] merged=[2, 3]
309.3 fp=[2] true=[3] merged=[2, 3]
309.6 fp=[2] true=[3] merged=[2, 3]
309.9 fp=[2] true=[3] merged=[2, 3]
310.2 fp=[2] true=[3] merged=[2, 3]
310.5 fp=[2] true=[3] merged=[2, 3]
310.8 fp=[2] true=[3] merged=[2, 3]
311.2 fp=[2] true=[3] merged=[2, 3]
311.5 fp=[2] true=[3] merged=[2, 3]
311.8 fp=[2] true=[3] merged=[2, 3]
312.1 fp=[2] true=[3] merged=[2, 3]
312.4 fp=[2] true=[3] merged=[2, 3]
312.7 fp=[2] true=[3] merged=[2, 3]
313.0 fp=[2] true=[3] merged=[2, 3]
313.3 fp=[2] true=[3] merged=[2, 3]
313.7 fp=[2] true=[3] merged=[2, 3]
314.0 fp=[2] true=[3] merged=[2, 3]
314.3 fp=[2] true=[3] merged=[2, 3]
314.6 fp=[2] true=[3] merged=[2, 3]
314.9 fp=[2] true=[3] merged=[2, 3]
315.2 fp=[2] true=[3] merged=[2, 3]
315.6 fp=[2] true=[3] merged=[2, 3]
315.9 fp=[2] true=[3] merged=[2, 3]
316.2 fp=[2] true=[3] merged=[2, 3]
316.5 fp=[2] true=[3] merged=[2, 3]
316.8 fp=[2] true=[3] merged=[2, 3]
317.1 fp=[2] true=[3] merged=[2, 3]
317.4 fp=[2] true=[3] merged=[2, 3]
317.8 fp=[2] true=[3] merged=[2, 3]
318.1 fp=[2] true=[3] merged=[2, 3]
318.4 fp=[2] true=[3] merged=[2, 3]
318.7 fp=[2] true=[3] merged=[2, 3]
319.0 fp=[2] true=[3] merged=[2, 3]
319.3 fp=[2] true=[3] merged=[2, 3]
319.6 fp=[2] true=[3] merged=[2, 3]
320.0 fp=[2] true=[3] merged=[2, 3]
320.3 fp=[4] true=[3] merged=[3, 4]
320.6 fp=[4] true=[3] merged=[3, 4]
320.9 fp=[4] true=[3] merged=[3, 4]
321.2 fp=[4] true=[3] merged=[3, 4]
321.5 fp=[4] true=[3] merged=[3, 4]
321.9 fp=[4] true=[3] merged=[3, 4]
322.2 fp=[4] true=[3] merged=[3, 4]
322.5 fp=[4] true=[3] merged=[3, 4]
322.8 fp=[4] true=[3] merged=[3, 4]
323.1 fp=[2] true=[3] merged=[2, 3]
323.4 fp=[2] true=[3] merged=[2, 3]
323.7 fp=[2] true=[3] merged=[2, 3]
324.0 fp=[2] true=[3] merged=[2, 3]
324.4 fp=[2] true=[3] merged=[2, 3]
324.7 fp=[2] true=[3] merged=[2, 3]
325.0 fp=[2] true=[3] merged=[2, 3]
325.3 fp=[2] true=[3] merged=[2, 3]
325.6 fp=[2] true=[3] merged=[2, 3]
325.9 fp=[2] true=[3] merged=[2, 3]
326.3 fp=[2] true=[3] merged=[2, 3]
326.6 fp=[2] true=[3] merged=[2, 3]
326.9 fp=[2] true=[3] merged=[2, 3]
327.2 fp=[2] true=[3] merged=[2, 3]
327.5 fp=[2] true=[3] merged=[2, 3]
327.8 fp=[2] true=[3] merged=[2, 3]
328.2 fp=[2] true=[3] merged=[2, 3]
328.5 fp=[2] true=[3] merged=[2, 3]
328.8 fp=[2] true=[3] merged=[2, 3]
329.1 fp=[2] true=[3] merged=[2, 3]
329.4 fp=[2] true=[3] merged=[2, 3]
329.7 fp=[2] true=[3] merged=[2, 3]
330.0 fp=[2] true=[3] merged=[2, 3]
330.3 fp=[2] true=[3] merged=[2, 3]
330.6 fp=[2] true=[3] merged=[2, 3]
330.9 fp=[2] true=[3] merged=[2, 3]
331.3 fp=[2] true=[3] merged=[2, 3]
331.6 fp=[2] true=[3] merged=[2, 3]
331.9 fp=[2] true=[3] merged=[2, 3]
332.2 fp=[2] true=[3] merged=[2, 3]
332.5 fp=[2] true=[3] merged=[2, 3]
332.8 fp=[2] true=[3] merged=[2, 3]
333.1 fp=[2] true=[3] merged=[2, 3]
333.5 fp=[2] true=[3] merged=[2, 3]
333.8 fp=[2] true=[3] merged=[2, 3]
334.1 fp=[2] true=[3] merged=[2, 3]
334.4 fp=[2] true=[3] merged=[2, 3]
334.7 fp=[2] true=[3] merged=[2, 3]
335.0 fp=[1] true=[3] merged=[1, 3]
335.4 fp=[1] true=[3] merged=[1, 3]
335.7 fp=[1] true=[3] merged=[1, 3]
336.0 fp=[1] true=[3] merged=[1, 3]
336.3 fp=[1] true=[3] merged=[1, 3]
336.6 fp=[1] true=[3] merged=[1, 3]
336.9 fp=[1] true=[3] merged=[1, 3]
337.2 fp=[1] true=[3] merged=[1, 3]
337.6 fp=[1] true=[3] merged=[1, 3]
337.9 fp=[1] true=[3] merged=[1, 3]
338.2 fp=[1] true=[3] merged=[1, 3]
338.5 fp=[1] true=[3] merged=[1, 3]
338.8 fp=[1] true=[3] merged=[1, 3]
339.1 fp=[1] true=[3] merged=[1, 3]
339.4 fp=[1] true=[3] merged=[1, 3]
339.8 fp=[1] true=[3] merged=[1, 3]
340.1 fp=[1] true=[3] merged=[1, 3]
340.4 fp=[1] true=[3] merged=[1, 3]
340.7 fp=[1] true=[3] merged=[1, 3]
341.0 fp=[1] true=[3] merged=[1, 3]
341.3 fp=[1] true=[3] merged=[1, 3]
341.6 fp=[1] true=[3] merged=[1, 3]
341.9 fp=[1] true=[3] merged=[1, 3]
342.3 fp=[1] true=[3] merged=[1, 3]
342.6 fp=[1] true=[3] merged=[1, 3]
342.9 fp=[1] true=[3] merged=[1, 3]
343.2 fp=[1] true=[3] merged=[1, 3]
343.5 fp=[1] true=[3] merged=[1, 3]
343.8 fp=[1] true=[3] merged=[1, 3]
344.1 fp=[1] true=[3] merged=[1, 3]
344.5 fp=[1] true=[3] merged=[1, 3]
344.8 fp=[1] true=[3] merged=[1, 3]
345.1 fp=[1] true=[3] merged=[1, 3]
345.4 fp=[1] true=[3] merged=[1, 3]
345.7 fp=[1] true=[3] merged=[1, 3]
346.0 fp=[1] true=[3] merged=[1, 3]
346.3 fp=[1] true=[3] merged=[1, 3]
346.6 fp=[1] true=[3] merged=[1, 3]
346.9 fp=[1] true=[3] merged=[1, 3]
347.3 fp=[1] true=[3] merged=[1, 3]
347.6 fp=[1] true=[3] merged=[1, 3]
347.9 fp=[1] true=[3] merged=[1, 3]
348.2 fp=[1] true=[3] merged=[1, 3]
348.5 fp=[1] true=[3] merged=[1, 3]
348.8 fp=[1] true=[3] merged=[1, 3]
349.1 fp=[1] true=[3] merged=[1, 3]
349.5 fp=[1] true=[3] merged=[1, 3]
349.8 fp=[1] true=[3] merged=[1, 3]
350.1 fp=[1] true=[3] merged=[1, 3]
350.4 fp=[1] true=[3] merged=[1, 3]
350.7 fp=[1] true=[3] merged=[1, 3]
351.1 fp=[1] true=[3] merged=[1, 3]
351.4 fp=[1] true=[3] merged=[1, 3]
351.7 fp=[1] true=[3] merged=[1, 3]
352.0 fp=[1] true=[3] merged=[1, 3]
352.3 fp=[1] true=[3] merged=[1, 3]
352.6 fp=[1] true=[3] merged=[1, 3]
352.9 fp=[1] true=[3] merged=[1, 3]
353.2 fp=[1] true=[3] merged=[1, 3]
353.6 fp=[1] true=[3] merged=[1, 3]
353.9 fp=[1] true=[3] merged=[1, 3]
354.2 fp=[1] true=[3] merged=[1, 3]
354.5 fp=[1] true=[3] merged=[1, 3]
354.8 fp=[1] true=[3] merged=[1, 3]
355.1 fp=[1] true=[3] merged=[1, 3]
355.4 fp=[1] true=[3] merged=[1, 3]
355.7 fp=[1] true=[3] merged=[1, 3]
356.0 fp=[1] true=[3] merged=[1, 3]
356.4 fp=[1] true=[3] merged=[1, 3]
356.7 fp=[1] true=[3] merged=[1, 3]
357.0 fp=[1] true=[3] merged=[1, 3]
357.3 fp=[1] true=[3] merged=[1, 3]
357.6 fp=[1] true=[3] merged=[1, 3]
357.9 fp=[1] true=[3] merged=[1, 3]
358.2 fp=[1] true=[3] merged=[1, 3]
358.6 fp=[1] true=[3] merged=[1, 3]
358.9 fp=[1] true=[3] merged=[1, 3]
359.2 fp=[1] true=[3] merged=[1, 3]
359.5 fp=[1] true=[3] merged=[1, 3]
359.8 fp=[1] true=[3] merged=[1, 3]
360.1 fp=[1] true=[3] merged=[1, 3]
360.4 fp=[1] true=[3] merged=[1, 3]
360.7 fp=[1] true=[3] merged=[1, 3]
361.1 fp=[1] true=[3] merged=[1, 3]
361.4 fp=[1] true=[3] merged=[1, 3]
361.7 fp=[1] true=[3] merged=[1, 3]
362.0 fp=[1] true=[3] merged=[1, 3]
362.3 fp=[1] true=[3] merged=[1, 3]
362.6 fp=[1] true=[3] merged=[1, 3]
362.9 fp=[1] true=[3] merged=[1, 3]
363.3 fp=[1] true=[3] merged=[1, 3]
363.6 fp=[1] true=[3] merged=[1, 3]
363.9 fp=[1] true=[3] merged=[1, 3]
364.2 fp=[1] true=[3] merged=[1, 3]
364.5 fp=[1] true=[3] merged=[1, 3]
364.8 fp=[1] true=[3] merged=[1, 3]
365.2 fp=[1] true=[3] merged=[1, 3]
365.5 fp=[1] true=[3] merged=[1, 3]
365.8 fp=[1] true=[3] merged=[1, 3]
366.1 fp=[1] true=[3] merged=[1, 3]
366.5 fp=[1] true=[3] merged=[1, 3]
366.8 fp=[1] true=[3] merged=[1, 3]
367.1 fp=[1] true=[3] merged=[1, 3]
367.4 fp=[1] true=[3] merged=[1, 3]
367.7 fp=[1] true=[3] merged=[1, 3]
368.0 fp=[1] true=[3] merged=[1, 3]
368.3 fp=[1] true=[3] merged=[1, 3]
368.6 fp=[1] true=[3] merged=[1, 3]
369.0 fp=[1] true=[3] merged=[1, 3]
369.3 fp=[1] true=[3] merged=[1, 3]
369.6 fp=[1] true=[3] merged=[1, 3]
369.9 fp=[1] true=[3] merged=[1, 3]
370.2 fp=[1] true=[3] merged=[1, 3]
370.5 fp=[1] true=[3] merged=[1, 3]
370.8 fp=[1] true=[3] merged=[1, 3]
371.1 fp=[1] true=[3] merged=[1, 3]
371.5 fp=[1] true=[3] merged=[1, 3]
371.8 fp=[1] true=[3] merged=[1, 3]
372.1 fp=[1] true=[3] merged=[1, 3]
372.4 fp=[1] true=[3] merged=[1, 3]
372.7 fp=[1] true=[3] merged=[1, 3]
373.0 fp=[1] true=[3] merged=[1, 3]
373.4 fp=[1] true=[3] merged=[1, 3]
373.7 fp=[1] true=[3] merged=[1, 3]
374.0 fp=[1] true=[3] merged=[1, 3]
374.3 fp=[1] true=[3] merged=[1, 3]
374.6 fp=[1] true=[3] merged=[1, 3]
374.9 fp=[1] true=[3] merged=[1, 3]
375.2 fp=[1] true=[3] merged=[1, 3]
375.6 fp=[1] true=[3] merged=[1, 3]
375.9 fp=[1] true=[3] merged=[1, 3]
376.2 fp=[1] true=[3] merged=[1, 3]
376.5 fp=[1] true=[3] merged=[1, 3]
376.9 fp=[1] true=[3] merged=[1, 3]
377.2 fp=[1] true=[3] merged=[1, 3]
377.5 fp=[1] true=[3] merged=[1, 3]
377.8 fp=[1] true=[3] merged=[1, 3]
378.1 fp=[1] true=[3] merged=[1, 3]
378.4 fp=[1] true=[3] merged=[1, 3]
378.7 fp=[1] true=[3] merged=[1, 3]
379.0 fp=[1] true=[3] merged=[1, 3]
379.3 fp=[1] true=[3] merged=[1, 3]
379.6 fp=[1] true=[3] merged=[1, 3]
380.0 fp=[1] true=[3] merged=[1, 3]
380.3 fp=[1] true=[3] merged=[1, 3]
380.6 fp=[1] true=[3] merged=[1, 3]
380.9 fp=[1] true=[3] merged=[1, 3]
381.2 fp=[1] true=[3] merged=[1, 3]
381.5 fp=[1] true=[3] merged=[1, 3]
381.8 fp=[1] true=[3] merged=[1, 3]
382.1 fp=[1] true=[3] merged=[1, 3]
382.5 fp=[1] true=[3] merged=[1, 3]
382.8 fp=[1] true=[3] merged=[1, 3]
383.1 fp=[1] true=[3] merged=[1, 3]
383.4 fp=[1] true=[3] merged=[1, 3]
383.7 fp=[1] true=[3] merged=[1, 3]
384.0 fp=[1] true=[3] merged=[1, 3]
384.3 fp=[1] true=[3] merged=[1, 3]
384.6 fp=[1] true=[3] merged=[1, 3]
384.9 fp=[1] true=[3] merged=[1, 3]
385.3 fp=[1] true=[3] merged=[1, 3]
385.6 fp=[1] true=[3] merged=[1, 3]
385.9 fp=[1] true=[3] merged=[1, 3]
386.2 fp=[1] true=[3] merged=[1, 3]
386.6 fp=[1] true=[3] merged=[1, 3]
386.9 fp=[1] true=[3] merged=[1, 3]
387.2 fp=[1] true=[3] merged=[1, 3]
387.5 fp=[1] true=[3] merged=[1, 3]
387.8 fp=[1] true=[3] merged=[1, 3]
388.1 fp=[1] true=[3] merged=[1, 3]
388.5 fp=[1] true=[3] merged=[1, 3]
388.8 fp=[1] true=[3] merged=[1, 3]
