# start rate=20 seed=2 dur=420 n=7 target=3 events=77
2.2 fp=[1] true=[3] merged=[1, 3]
2.5 fp=[1] true=[3] merged=[1, 3]
2.8 fp=[1] true=[3] merged=[1, 3]
3.1 fp=[1] true=[3] merged=[1, 3]
3.4 fp=[1] true=[3] merged=[1, 3]
3.7 fp=[1] true=[3] merged=[1, 3]
4.1 fp=[1] true=[3] merged=[1, 3]
4.4 fp=[1] true=[3] merged=[1, 3]
4.7 fp=[1] true=[3] merged=[1, 3]
5.0 fp=[1] true=[3] merged=[1, 3]
5.3 fp=[1] true=[3] merged=[1, 3]
5.6 fp=[1] true=[3] merged=[1, 3]
6.0 fp=[1] true=[3] merged=[1, 3]
6.3 fp=[1] true=[3] merged=[1, 3]
6.6 fp=[1] true=[3] merged=[1, 3]
6.9 fp=[1] true=[3] merged=[1, 3]
7.2 fp=[1] true=[3] merged=[1, 3]
7.5 fp=[1] true=[3] merged=[1, 3]
7.8 fp=[1] true=[3] merged=[1, 3]
8.1 fp=[1] true=[3] merged=[1, 3]
8.5 fp=[1] true=[3] merged=[1, 3]
8.9 fp=[1] true=[3] merged=[1, 3]
9.2 fp=[1] true=[3] merged=[1, 3]
9.5 fp=[1] true=[3] merged=[1, 3]
9.8 fp=[1] true=[3] merged=[1, 3]
10.1 fp=[1] true=[3] merged=[1, 3]
10.4 fp=[1] true=[3] merged=[1, 3]
10.7 fp=[1] true=[3] merged=[1, 3]
11.1 fp=[1] true=[3] merged=[1, 3]
11.4 fp=[1] true=[3] merged=[1, 3]
11.7 fp=[1] true=[3] merged=[1, 3]
12.0 fp=[1] true=[3] merged=[1, 3]
12.3 fp=[1] true=[3] merged=[1, 3]
12.6 fp=[1] true=[3] merged=[1, 3]
13.0 fp=[1] true=[3] merged=[1, 3]
13.3 fp=[1] true=[3] merged=[1, 3]
13.6 fp=[1] true=[3] merged=[1, 3]
13.9 fp=[1] true=[3] merged=[1, 3]
14.2 fp=[1] true=[3] merged=[1, 3]
14.5 fp=[1] true=[3] merged=[1, 3]
14.8 fp=[1] true=[3] merged=[1, 3]
15.1 fp=[1] true=[3] merged=[1, 3]
15.4 fp=[1] true=[3] merged=[1, 3]
15.8 fp=[1] true=[3] merged=[1, 3]
16.1 fp=[1] true=[3] merged=[1, 3]
16.4 fp=[1] true=[3] merged=[1, 3]
16.7 fp=[1] true=[3] merged=[1, 3]
17.0 fp=[1] true=[3] merged=[1, 3]
17.3 fp=[1] true=[3] merged=[1, 3]
17.6 fp=[1] true=[3] merged=[1, 3]
17.9 fp=[1] true=[3] merged=[1, 3]
18.3 fp=[1] true=[3] merged=[1, 3]
18.6 fp=[1] true=[3] merged=[1, 3]
18.9 fp=[1] true=[3] merged=[1, 3]
19.2 fp=[1] true=[3] merged=[1, 3]
19.5 fp=[1] true=[3] merged=[1, 3]
19.8 fp=[1] true=[3] merged=[1, 3]
20.2 fp=[1] true=[3] merged=[1, 3]
20.5 fp=[1] true=[3] merged=[1, 3]
20.8 fp=[1] true=[3] merged=[1, 3]
21.1 fp=[1] true=[3] merged=[1, 3]
21.4 fp=[1] true=[3] merged=[1, 3]
21.7 fp=[1] true=[3] merged=[1, 3]
25.1 fp=[5] true=[3] merged=[3, 5]
25.4 fp=[5] true=[3] merged=[3, 5]
25.8 fp=[5] true=[3] merged=[3, 5]
26.1 fp=[5] true=[3] merged=[3, 5]
26.4 fp=[5] true=[3] merged=[3, 5]
26.7 fp=[5] true=[3] merged=[3, 5]
27.0 fp=[5] true=[3] merged=[3, 5]
27.4 fp=[5] true=[3] merged=[3, 5]
27.7 fp=[5] true=[3] merged=[3, 5]
28.0 fp=[5] true=[3] merged=[3, 5]
28.3 fp=[5] true=[3] merged=[3, 5]
28.6 fp=[5] true=[3] merged=[3, 5]
28.9 fp=[5] true=[3] merged=[3, 5]
29.2 fp=[5] true=[3] merged=[3, 5]
29.5 fp=[5] true=[3] merged=[3, 5]
29.9 fp=[5] true=[3] merged=[3, 5]
30.2 fp=[4] true=[3] merged=[3, 4]
30.5 fp=[4] true=[3] merged=[3, 4]
30.8 fp=[4] true=[3] merged=[3, 4]
31.1 fp=[4] true=[3] merged=[3, 4]
31.4 fp=[4] true=[3] merged=[3, 4]
31.8 fp=[4] true=[3] merged=[3, 4]
32.1 fp=[4] true=[3] merged=[3, 4]
32.4 fp=[4] true=[3] merged=[3, 4]
32.7 fp=[4] true=[3] merged=[3, 4]
33.0 fp=[4] true=[3] merged=[3, 4]
33.3 fp=[4] true=[3] merged=[3, 4]
33.7 fp=[4] true=[3] merged=[3, 4]
34.0 fp=[4] true=[3] merged=[3, 4]
34.3 fp=[4] true=[3] merged=[3, 4]
34.6 fp=[4] true=[3] merged=[3, 4]
34.9 fp=[4] true=[3] merged=[3, 4]
35.2 fp=[4] true=[3] merged=[3, 4]
35.5 fp=[4] true=[3] merged=[3, 4]
35.8 fp=[4] true=[3] merged=[3, 4]
36.1 fp=[4] true=[3] merged=[3, 4]
36.5 fp=[4] true=[3] merged=[3, 4]
36.8 fp=[4] true=[3] merged=[3, 4]
37.1 fp=[4] true=[3] merged=[3, 4]
37.4 fp=[4] true=[3] merged=[3, 4]
37.7 fp=[4] true=[3] merged=[3, 4]
38.0 fp=[4] true=[3] merged=[3, 4]
38.3 fp=[4] true=[3] merged=[3, 4]
38.7 fp=[4] true=[3] merged=[3, 4]
39.0 fp=[4] true=[3] merged=[3, 4]
39.3 fp=[1] true=[3] merged=[1, 3]
39.6 fp=[1] true=[3] merged=[1, 3]
39.9 fp=[1] true=[3] merged=[1, 3]
40.2 fp=[1] true=[3] merged=[1, 3]
40.5 fp=[1] true=[3] merged=[1, 3]
40.9 fp=[1] true=[3] merged=[1, 3]
41.2 fp=[1] true=[3] merged=[1, 3]
41.5 fp=[1] true=[3] merged=[1, 3]
41.8 fp=[1] true=[3] merged=[1, 3]
42.1 fp=[1] true=[3] merged=[1, 3]
42.4 fp=[1] true=[3] merged=[1, 3]
42.7 fp=[1] true=[3] merged=[1, 3]
43.0 fp=[1] true=[3] merged=[1, 3]
43.3 fp=[1] true=[3] merged=[1, 3]
43.6 fp=[1] true=[3] merged=[1, 3]
44.0 fp=[1] true=[3] merged=[1, 3]
44.3 fp=[1] true=[3] merged=[1, 3]
44.6 fp=[1] true=[3] merged=[1, 3]
44.9 fp=[1] true=[3] merged=[1, 3]
45.2 fp=[1] true=[3] merged=[1, 3]
45.5 fp=[1] true=[3] merged=[1, 3]
45.8 fp=[1] true=[3] merged=[1, 3]
46.1 fp=[1] true=[3] merged=[1, 3]
46.5 fp=[1] true=[3] merged=[1, 3]
46.8 fp=[1] true=[3] merged=[1, 3]
47.1 fp=[1] true=[3] merged=[1, 3]
47.4 fp=[1] true=[3] merged=[1, 3]
47.7 fp=[1] true=[3] merged=[1, 3]
48.0 fp=[1] true=[3] merged=[1, 3]
48.3 fp=[1] true=[3] merged=[1, 3]
48.6 fp=[1] true=[3] merged=[1, 3]
49.0 fp=[1] true=[3] merged=[1, 3]
49.3 fp=[1] true=[3] merged=[1, 3]
49.6 fp=[1] true=[3] merged=[1, 3]
49.9 fp=[1] true=[3] merged=[1, 3]
50.2 fp=[1] true=[3] merged=[1, 3]
50.5 fp=[1] true=[3] merged=[1, 3]
50.8 fp=[1] true=[3] merged=[1, 3]
51.2 fp=[1] true=[3] merged=[1, 3]
51.5 fp=[1] true=[3] merged=[1, 3]
51.8 fp=[1] true=[3] merged=[1, 3]
52.1 fp=[1] true=[3] merged=[1, 3]
52.5 fp=[1] true=[3] merged=[1, 3]
52.8 fp=[1] true=[3] merged=[1, 3]
53.1 fp=[1] true=[3] merged=[1, 3]
53.4 fp=[1] true=[3] merged=[1, 3]
53.7 fp=[1] true=[3] merged=[1, 3]
54.0 fp=[1] true=[3] merged=[1, 3]
54.3 fp=[1] true=[3] merged=[1, 3]
54.6 fp=[1] true=[3] merged=[1, 3]
54.9 fp=[1] true=[3] merged=[1, 3]
55.3 fp=[1] true=[3] merged=[1, 3]
55.6 fp=[1] true=[3] merged=[1, 3]
55.9 fp=[1] true=[3] merged=[1, 3]
56.2 fp=[1] true=[3] merged=[1, 3]
56.5 fp=[1] true=[3] merged=[1, 3]
56.8 fp=[1] true=[3] merged=[1, 3]
57.1 fp=[1] true=[3] merged=[1, 3]
57.4 fp=[1] true=[3] merged=[1, 3]
57.8 fp=[1] true=[3] merged=[1, 3]
58.1 fp=[1] true=[3] merged=[1, 3]
58.4 fp=[1] true=[3] merged=[1, 3]
58.7 fp=[1] true=[3] merged=[1, 3]
59.0 fp=[1] true=[3] merged=[1, 3]
59.3 fp=[1] true=[3] merged=[1, 3]
59.7 fp=[1] true=[3] merged=[1, 3]
60.0 fp=[1] true=[3] merged=[1, 3]
60.3 fp=[1] true=[3] merged=[1, 3]
60.6 fp=[1] true=[3] merged=[1, 3]
60.9 fp=[1] true=[3] merged=[1, 3]
61.2 fp=[1] true=[3] merged=[1, 3]
61.5 fp=[1] true=[3] merged=[1, 3]
61.9 fp=[1] true=[3] merged=[1, 3]
62.2 fp=[1] true=[3] merged=[1, 3]
62.5 fp=[1] true=[3] merged=[1, 3]
62.9 fp=[1] true=[3] merged=[1, 3]
63.2 fp=[1] true=[3] merged=[1, 3]
63.5 fp=[1] true=[3] merged=[1, 3]
63.8 fp=[1] true=[3] merged=[1, 3]
64.1 fp=[1] true=[3] merged=[1, 3]
64.4 fp=[1] true=[3] merged=[1, 3]
64.7 fp=[1] true=[3] merged=[1, 3]
65.0 fp=[1] true=[3] merged=[1, 3]
65.4 fp=[1] true=[3] merged=[1, 3]
65.7 fp=[1] true=[3] merged=[1, 3]
66.0 fp=[1] true=[3] merged=[1, 3]
66.3 fp=[1] true=[3] merged=[1, 3]
66.6 fp=[1] true=[3] merged=[1, 3]
66.9 fp=[1] true=[3] merged=[1, 3]
67.2 fp=[1] true=[3] merged=[1, 3]
67.6 fp=[1] true=[3] merged=[1, 3]
67.9 fp=[1] true=[3] merged=[1, 3]
68.2 fp=[1] true=[3] merged=[1, 3]
68.5 fp=[1] true=[3] merged=[1, 3]
68.8 fp=[1] true=[3] merged=[1, 3]
69.1 fp=[1] true=[3] merged=[1, 3]
69.4 fp=[1] true=[3] merged=[1, 3]
69.7 fp=[1] true=[3] merged=[1, 3]
70.0 fp=[1] true=[3] merged=[1, 3]
70.4 fp=[1] true=[3] merged=[1, 3]
70.7 fp=[1] true=[3] merged=[1, 3]
71.0 fp=[1] true=[3] merged=[1, 3]
71.3 fp=[1] true=[3] merged=[1, 3]
71.6 fp=[1] true=[3] merged=[1, 3]
71.9 fp=[1] true=[3] merged=[1, 3]
72.2 fp=[1] true=[3] merged=[1, 3]
72.5 fp=[1] true=[3] merged=[1, 3]
72.8 fp=[1] true=[3] merged=[1, 3]
73.2 fp=[1] true=[3] merged=[1, 3]
73.5 fp=[1] true=[3] merged=[1, 3]
73.8 fp=[1] true=[3] merged=[1, 3]
74.1 fp=[1] true=[3] merged=[1, 3]
74.4 fp=[1] true=[3] merged=[1, 3]
74.7 fp=[1] true=[3] merged=[1, 3]
75.0 fp=[1] true=[3] merged=[1, 3]
75.3 fp=[1] true=[3] merged=[1, 3]
75.6 fp=[1] true=[3] merged=[1, 3]
76.0 fp=[1] true=[3] merged=[1, 3]
76.3 fp=[1] true=[3] merged=[1, 3]
76.6 fp=[1] true=[3] merged=[1, 3]
76.9 fp=[1] true=[3] merged=[1, 3]
77.2 fp=[1] true=[3] merged=[1, 3]
77.5 fp=[1] true=[3] merged=[1, 3]
77.9 fp=[1] true=[3] merged=[1, 3]
78.2 fp=[1] true=[3] merged=[1, 3]
78.6 fp=[1] true=[3] merged=[1, 3]
78.9 fp=[1] true=[3] merged=[1, 3]
79.2 fp=[1] true=[3] merged=[1, 3]
79.5 fp=[1] true=[3] merged=[1, 3]
79.8 fp=[1] true=[3] merged=[1, 3]
80.1 fp=[1] true=[3] merged=[1, 3]
80.4 fp=[1] true=[3] merged=[1, 3]
80.7 fp=[1] true=[3] merged=[1, 3]
81.1 fp=[1] true=[3] merged=[1, 3]
81.4 fp=[1] true=[3] merged=[1, 3]
81.7 fp=[1] true=[3] merged=[1, 3]
82.0 fp=[1] true=[3] merged=[1, 3]
82.3 fp=[1] true=[3] merged=[1, 3]
82.7 fp=[1] true=[3] merged=[1, 3]
83.0 fp=[1] true=[3] merged=[1, 3]
83.3 fp=[1] true=[3] merged=[1, 3]
83.6 fp=[1] true=[3] merged=[1, 3]
83.9 fp=[1] true=[3] merged=[1, 3]
84.3 fp=[1] true=[3] merged=[1, 3]
84.6 fp=[1] true=[3] merged=[1, 3]
84.9 fp=[1] true=[3] merged=[1, 3]
85.2 fp=[1] true=[3] merged=[1, 3]
85.5 fp=[1] true=[3] merged=[1, 3]
85.8 fp=[1] true=[3] merged=[1, 3]
86.1 fp=[1] true=[3] merged=[1, 3]
86.4 fp=[1] true=[3] merged=[1, 3]
86.8 fp=[1] true=[3] merged=[1, 3]
87.1 fp=[1] true=[3] merged=[1, 3]
87.4 fp=[1] true=[3] merged=[1, 3]
87.7 fp=[1] true=[3] merged=[1, 3]
88.0 fp=[1] true=[3] merged=[1, 3]
88.3 fp=[1] true=[3] merged=[1, 3]
88.7 fp=[1] true=[3] merged=[1, 3]
89.0 fp=[1] true=[3] merged=[1, 3]
89.3 fp=[1] true=[3] merged=[1, 3]
89.6 fp=[1] true=[3] merged=[1, 3]
89.9 fp=[1] true=[3] merged=[1, 3]
90.2 fp=[1] true=[3] merged=[1, 3]
90.5 fp=[1] true=[3] merged=[1, 3]
90.9 fp=[1] true=[3] merged=[1, 3]
91.2 fp=[1] true=[3] merged=[1, 3]
91.5 fp=[1] true=[3] merged=[1, 3]
91.8 fp=[1] true=[3] merged=[1, 3]
92.1 fp=[1] true=[3] merged=[1, 3]
92.4 fp=[1] true=[3] merged=[1, 3]
92.7 fp=[1] true=[3] merged=[1, 3]
93.0 fp=[1] true=[3] merged=[1, 3]
93.4 fp=[1] true=[3] merged=[1, 3]
93.7 fp=[1] true=[3] merged=[1, 3]
94.0 fp=[1] true=[3] merged=[1, 3]
94.3 fp=[1] true=[3] merged=[1, 3]
94.6 fp=[1] true=[3] merged=[1, 3]
94.9 fp=[1] true=[3] merged=[1, 3]
95.3 fp=[1] true=[3] merged=[1, 3]
95.6 fp=[1] true=[3] merged=[1, 3]
95.9 fp=[1] true=[3] merged=[1, 3]
96.2 fp=[1] true=[3] merged=[1, 3]
96.5 fp=[1] true=[3] merged=[1, 3]
96.8 fp=[1] true=[3] merged=[1, 3]
97.1 fp=[1] true=[3] merged=[1, 3]
97.5 fp=[1] true=[3] merged=[1, 3]
97.8 fp=[1] true=[3] merged=[1, 3]
98.1 fp=[1] true=[3] merged=[1, 3]
98.4 fp=[1] true=[3] merged=[1, 3]
98.7 fp=[1] true=[3] merged=[1, 3]
99.1 fp=[1] true=[3] merged=[1, 3]
99.4 fp=[1] true=[3] merged=[1, 3]
99.7 fp=[1] true=[3] merged=[1, 3]
100.0 fp=[1] true=[3] merged=[1, 3]
100.3 fp=[1] true=[3] merged=[1, 3]
100.6 fp=[1] true=[3] merged=[1, 3]
100.9 fp=[1] true=[3] merged=[1, 3]
101.2 fp=[1] true=[3] merged=[1, 3]
101.6 fp=[1] true=[3] merged=[1, 3]
101.9 fp=[1] true=[3] merged=[1, 3]
102.2 fp=[5] true=[3] merged=[3, 5]
102.5 fp=[5] true=[3] merged=[3, 5]
102.8 fp=[5] true=[3] merged=[3, 5]
103.1 fp=[5] true=[3] merged=[3, 5]
103.4 fp=[5] true=[3] merged=[3, 5]
103.8 fp=[5] true=[3] merged=[3, 5]
104.1 fp=[5] true=[3] merged=[3, 5]
104.4 fp=[5] true=[3] merged=[3, 5]
104.7 fp=[5] true=[3] merged=[3, 5]
105.0 fp=[5] true=[3] merged=[3, 5]
105.3 fp=[5] true=[3] merged=[3, 5]
105.6 fp=[5] true=[3] merged=[3, 5]
105.9 fp=[5] true=[3] merged=[3, 5]
106.3 fp=[5] true=[3] merged=[3, 5]
106.6 fp=[5] true=[3] merged=[3, 5]
106.9 fp=[5] true=[3] merged=[3, 5]
107.2 fp=[5] true=[3] merged=[3, 5]
107.5 fp=[5] true=[3] merged=[3, 5]
107.8 fp=[5] true=[3] merged=[3, 5]
108.2 fp=[5] true=[3] merged=[3, 5]
108.5 fp=[5] true=[3] merged=[3, 5]
108.8 fp=[5] true=[3] merged=[3, 5]
109.1 fp=[5] true=[3] merged=[3, 5]
109.4 fp=[5] true=[3] merged=[3, 5]
109.8 fp=[5] true=[3] merged=[3, 5]
110.1 fp=[5] true=[3] merged=[3, 5]
110.4 fp=[5] true=[3] merged=[3, 5]
110.7 fp=[5] true=[3] merged=[3, 5]
111.0 fp=[5] true=[3] merged=[3, 5]
111.3 fp=[5] true=[3] merged=[3, 5]
111.7 fp=[5] true=[3] merged=[3, 5]
112.0 fp=[5] true=[3] merged=[3, 5]
112.3 fp=[5] true=[3] merged=[3, 5]
112.6 fp=[5] true=[3] merged=[3, 5]
112.9 fp=[5] true=[3] merged=[3, 5]
113.2 fp=[5] true=[3] merged=[3, 5]
113.5 fp=[5] true=[3] merged=[3, 5]
113.9 fp=[5] true=[3] merged=[3, 5]
114.2 fp=[5] true=[3] merged=[3, 5]
114.5 fp=[5] true=[3] merged=[3, 5]
114.8 fp=[5] true=[3] merged=[3, 5]
115.1 fp=[4] true=[3] merged=[3, 4]
115.4 fp=[4] true=[3] merged=[3, 4]
115.7 fp=[4] true=[3] merged=[3, 4]
116.0 fp=[4] true=[3] merged=[3, 4]
116.4 fp=[4] true=[3] merged=[3, 4]
116.7 fp=[4] true=[3] merged=[3, 4]
117.0 fp=[4] true=[3] merged=[3, 4]
117.3 fp=[4] true=[3] merged=[3, 4]
117.6 fp=[4] true=[3] merged=[3, 4]
117.9 fp=[4] true=[3] merged=[3, 4]
118.3 fp=[4] true=[3] merged=[3, 4]
118.6 fp=[4] true=[3] merged=[3, 4]
118.9 fp=[4] true=[3] merged=[3, 4]
119.2 fp=[4] true=[3] merged=[3, 4]
119.5 fp=[4] true=[3] merged=[3, 4]
119.9 fp=[4] true=[3] merged=[3, 4]
120.2 fp=[4] true=[3] merged=[3, 4]
120.5 fp=[4] true=[3] merged=[3, 4]
120.8 fp=[4] true=[3] merged=[3, 4]
121.1 fp=[4] true=[3] merged=[3, 4]
121.4 fp=[4] true=[3] merged=[3, 4]
121.8 fp=[4] true=[3] merged=[3, 4]
122.1 fp=[4] true=[3] merged=[3, 4]
122.4 fp=[4] true=[3] merged=[3, 4]
122.7 fp=[4] true=[3] merged=[3, 4]
123.0 fp=[4] true=[3] merged=[3, 4]
123.3 fp=[4] true=[3] merged=[3, 4]
123.6 fp=[4] true=[3] merged=[3, 4]
124.0 fp=[4] true=[3] merged=[3, 4]
124.3 fp=[4] true=[3] merged=[3, 4]
124.6 fp=[4] true=[3] merged=[3, 4]
124.9 fp=[4] true=[3] merged=[3, 4]
125.2 fp=[4] true=[3] merged=[3, 4]
125.6 fp=[4] true=[3] merged=[3, 4]
125.9 fp=[4] true=[3] merged=[3, 4]
126.2 fp=[4] true=[3] merged=[3, 4]
126.5 fp=[4] true=[3] merged=[3, 4]
126.8 fp=[4] true=[3] merged=[3, 4]
127.1 fp=[4] true=[3] merged=[3, 4]
127.5 fp=[4] true=[3] merged=[3, 4]
127.8 fp=[4] true=[3] merged=[3, 4]
128.1 fp=[4] true=[3] merged=[3, 4]
128.4 fp=[4] true=[3] merged=[3, 4]
128.7 fp=[4] true=[3] merged=[3, 4]
129.0 fp=[4] true=[3] merged=[3, 4]
129.3 fp=[4] true=[3] merged=[3, 4]
129.6 fp=[4] true=[3] merged=[3, 4]
130.0 fp=[4] true=[3] merged=[3, 4]
130.3 fp=[4] true=[3] merged=[3, 4]
130.6 fp=[4] true=[3] merged=[3, 4]
130.9 fp=[4] true=[3] merged=[3, 4]
131.2 fp=[4] true=[3] merged=[3, 4]
131.5 fp=[4] true=[3] merged=[3, 4]
131.9 fp=[4] true=[3] merged=[3, 4]
132.2 fp=[4] true=[3] merged=[3, 4]
132.5 fp=[4] true=[3] merged=[3, 4]
132.8 fp=[4] true=[3] merged=[3, 4]
133.1 fp=[4] true=[3] merged=[3, 4]
133.4 fp=[4] true=[3] merged=[3, 4]
133.7 fp=[4] true=[3] merged=[3, 4]
134.1 fp=[4] true=[3] merged=[3, 4]
134.4 fp=[4] true=[3] merged=[3, 4]
134.7 fp=[4] true=[3] merged=[3, 4]
135.0 fp=[5] true=[3] merged=[3, 5]
135.3 fp=[5] true=[3] merged=[3, 5]
135.6 fp=[5] true=[3] merged=[3, 5]
135.9 fp=[5] true=[3] merged=[3, 5]
136.3 fp=[5] true=[3] merged=[3, 5]
136.6 fp=[5] true=[3] merged=[3, 5]
136.9 fp=[5] true=[3] merged=[3, 5]
137.2 fp=[5] true=[3] merged=[3, 5]
137.5 fp=[5] true=[3] merged=[3, 5]
137.8 fp=[5] true=[3] merged=[3, 5]
138.1 fp=[5] true=[3] merged=[3, 5]
138.4 fp=[5] true=[3] merged=[3, 5]
138.8 fp=[5] true=[3] merged=[3, 5]
139.1 fp=[5] true=[3] merged=[3, 5]
139.4 fp=[5] true=[3] merged=[3, 5]
139.7 fp=[5] true=[3] merged=[3, 5]
140.0 fp=[5] true=[3] merged=[3, 5]
140.3 fp=[5] true=[3] merged=[3, 5]
140.7 fp=[5] true=[3] merged=[3, 5]
141.0 fp=[5] true=[3] merged=[3, 5]
141.3 fp=[5] true=[3] merged=[3, 5]
141.6 fp=[5] true=[3] merged=[3, 5]
141.9 fp=[5] true=[3] merged=[3, 5]
142.2 fp=[5] true=[3] merged=[3, 5]
142.5 fp=[5] true=[3] merged=[3, 5]
142.9 fp=[5] true=[3] merged=[3, 5]
143.2 fp=[4] true=[3] merged=[3, 4]
143.5 fp=[4] true=[3] merged=[3, 4]
143.8 fp=[4] true=[3] merged=[3, 4]
144.1 fp=[4] true=[3] merged=[3, 4]
144.4 fp=[4] true=[3] merged=[3, 4]
144.7 fp=[4] true=[3] merged=[3, 4]
145.1 fp=[4] true=[3] merged=[3, 4]
145.4 fp=[4] true=[3] merged=[3, 4]
145.7 fp=[4] true=[3] merged=[3, 4]
146.0 fp=[4] true=[3] merged=[3, 4]
146.3 fp=[4] true=[3] merged=[3, 4]
146.6 fp=[4] true=[3] merged=[3, 4]
147.0 fp=[4] true=[3] merged=[3, 4]
147.3 fp=[4] true=[3] merged=[3, 4]
147.6 fp=[4] true=[3] merged=[3, 4]
147.9 fp=[4] true=[3] merged=[3, 4]
148.2 fp=[2] true=[3] merged=[2, 3]
148.5 fp=[2] true=[3] merged=[2, 3]
148.9 fp=[2] true=[3] merged=[2, 3]
149.2 fp=[2] true=[3] merged=[2, 3]
149.5 fp=[2] true=[3] merged=[2, 3]
149.8 fp=[2] true=[3] merged=[2, 3]
150.1 fp=[2] true=[3] merged=[2, 3]
150.4 fp=[2] true=[3] merged=[2, 3]
150.7 fp=[2] true=[3] merged=[2, 3]
151.1 fp=[2] true=[3] merged=[2, 3]
151.4 fp=[2] true=[3] merged=[2, 3]
151.7 fp=[2] true=[3] merged=[2, 3]
152.0 fp=[2] true=[3] merged=[2, 3]
152.3 fp=[2] true=[3] merged=[2, 3]
152.6 fp=[2] true=[3] merged=[2, 3]
152.9 fp=[2] true=[3] merged=[2, 3]
153.2 fp=[2] true=[3] merged=[2, 3]
153.6 fp=[2] true=[3] merged=[2, 3]
153.9 fp=[2] true=[3] merged=[2, 3]
154.2 fp=[2] true=[3] merged=[2, 3]
154.5 fp=[2] true=[3] merged=[2, 3]
154.8 fp=[2] true=[3] merged=[2, 3]
155.1 fp=[2] true=[3] merged=[2, 3]
155.4 fp=[2] true=[3] merged=[2, 3]
155.8 fp=[2] true=[3] merged=[2, 3]
156.1 fp=[2] true=[3] merged=[2, 3]
156.4 fp=[2] true=[3] merged=[2, 3]
156.7 fp=[2] true=[3] merged=[2, 3]
157.0 fp=[2] true=[3] merged=[2, 3]
157.3 fp=[2] true=[3] merged=[2, 3]
157.6 fp=[2] true=[3] merged=[2, 3]
157.9 fp=[2] true=[3] merged=[2, 3]
158.3 fp=[2] true=[3] merged=[2, 3]
158.6 fp=[2] true=[3] merged=[2, 3]
158.9 fp=[2] true=[3] merged=[2, 3]
159.2 fp=[2] true=[3] merged=[2, 3]
159.5 fp=[2] true=[3] merged=[2, 3]
159.8 fp=[2] true=[3] merged=[2, 3]
160.1 fp=[2] true=[3] merged=[2, 3]
160.4 fp=[2] true=[3] merged=[2, 3]
160.7 fp=[2] true=[3] merged=[2, 3]
161.1 fp=[2] true=[3] merged=[2, 3]
161.4 fp=[2] true=[3] merged=[2, 3]
161.7 fp=[2] true=[3] merged=[2, 3]
162.0 fp=[2] true=[3] merged=[2, 3]
162.3 fp=[2] true=[3] merged=[2, 3]
162.6 fp=[2] true=[3] merged=[2, 3]
162.9 fp=[2] true=[3] merged=[2, 3]
163.2 fp=[2] true=[3] merged=[2, 3]
163.6 fp=[2] true=[3] merged=[2, 3]
163.9 fp=[2] true=[3] merged=[2, 3]
164.2 fp=[2] true=[3] merged=[2, 3]
164.5 fp=[2] true=[3] merged=[2, 3]
164.8 fp=[2] true=[3] merged=[2, 3]
165.1 fp=[2] true=[3] merged=[2, 3]
165.4 fp=[2] true=[3] merged=[2, 3]
165.7 fp=[2] true=[3] merged=[2, 3]
166.1 fp=[2] true=[3] merged=[2, 3]
166.4 fp=[2] true=[3] merged=[2, 3]
166.7 fp=[2] true=[3] merged=[2, 3]
167.0 fp=[2] true=[3] merged=[2, 3]
167.3 fp=[2] true=[3] merged=[2, 3]
167.6 fp=[2] true=[3] merged=[2, 3]
167.9 fp=[2] true=[3] merged=[2, 3]
168.2 fp=[4] true=[3] merged=[3, 4]
168.5 fp=[4] true=[3] merged=[3, 4]
168.9 fp=[4] true=[3] merged=[3, 4]
169.2 fp=[2] true=[3] merged=[2, 3]
169.5 fp=[2] true=[3] merged=[2, 3]
169.8 fp=[2] true=[3] merged=[2, 3]
170.1 fp=[2] true=[3] merged=[2, 3]
170.4 fp=[2] true=[3] merged=[2, 3]
170.7 fp=[2] true=[3] merged=[2, 3]
171.0 fp=[2] true=[3] merged=[2, 3]
171.3 fp=[2] true=[3] merged=[2, 3]
171.6 fp=[2] true=[3] merged=[2, 3]
172.0 fp=[2] true=[3] merged=[2, 3]
172.3 fp=[2] true=[3] merged=[2, 3]
172.6 fp=[2] true=[3] merged=[2, 3]
172.9 fp=[2] true=[3] merged=[2, 3]
173.2 fp=[2] true=[3] merged=[2, 3]
173.5 fp=[2] true=[3] merged=[2, 3]
173.8 fp=[2] true=[3] merged=[2, 3]
174.1 fp=[2] true=[3] merged=[2, 3]
174.4 fp=[2] true=[3] merged=[2, 3]
174.8 fp=[2] true=[3] merged=[2, 3]
175.1 fp=[2] true=[3] merged=[2, 3]
175.4 fp=[2] true=[3] merged=[2, 3]
175.7 fp=[2] true=[3] merged=[2, 3]
176.0 fp=[2] true=[3] merged=[2, 3]
176.3 fp=[2] true=[3] merged=[2, 3]
176.6 fp=[2] true=[3] merged=[2, 3]
176.9 fp=[2] true=[3] merged=[2, 3]
177.2 fp=[2] true=[3] merged=[2, 3]
177.5 fp=[2] true=[3] merged=[2, 3]
177.9 fp=[2] true=[3] merged=[2, 3]
178.2 fp=[2] true=[3] merged=[2, 3]
178.5 fp=[2] true=[3] merged=[2, 3]
178.8 fp=[2] true=[3] merged=[2, 3]
179.1 fp=[2] true=[3] merged=[2, 3]
179.4 fp=[2] true=[3] merged=[2, 3]
179.7 fp=[2] true=[3] merged=[2, 3]
180.0 fp=[2] true=[3] merged=[2, 3]
180.4 fp=[2] true=[3] merged=[2, 3]
180.7 fp=[2] true=[3] merged=[2, 3]
181.0 fp=[2] true=[3] merged=[2, 3]
181.3 fp=[2] true=[3] merged=[2, 3]
181.6 fp=[2] true=[3] merged=[2, 3]
181.9 fp=[2] true=[3] merged=[2, 3]
182.2 fp=[2] true=[3] merged=[2, 3]
182.5 fp=[2] true=[3] merged=[2, 3]
182.9 fp=[2] true=[3] merged=[2, 3]
183.2 fp=[2] true=[3] merged=[2, 3]
183.5 fp=[2] true=[3] merged=[2, 3]
183.8 fp=[2] true=[3] merged=[2, 3]
184.1 fp=[2] true=[3] merged=[2, 3]
184.4 fp=[2] true=[3] merged=[2, 3]
184.7 fp=[2] true=[3] merged=[2, 3]
185.0 fp=[2] true=[3] merged=[2, 3]
185.3 fp=[2] true=[3] merged=[2, 3]
185.7 fp=[2] true=[3] merged=[2, 3]
186.0 fp=[2] true=[3] merged=[2, 3]
186.3 fp=[2] true=[3] merged=[2, 3]
186.6 fp=[2] true=[3] merged=[2, 3]
186.9 fp=[2] true=[3] merged=[2, 3]
187.2 fp=[2] true=[3] merged=[2, 3]
187.5 fp=[2] true=[3] merged=[2, 3]
187.9 fp=[2] true=[3] merged=[2, 3]
188.2 fp=[2] true=[3] merged=[2, 3]
188.5 fp=[2] true=[3] merged=[2, 3]
188.8 fp=[2] true=[3] merged=[2, 3]
189.1 fp=[2] true=[3] merged=[2, 3]
189.5 fp=[2] true=[3] merged=[2, 3]
189.8 fp=[2] true=[3] merged=[2, 3]
190.1 fp=[2] true=[3] merged=[2, 3]
190.4 fp=[2] true=[3] merged=[2, 3]
190.7 fp=[2] true=[3] merged=[2, 3]
191.0 fp=[2] true=[3] merged=[2, 3]
191.3 fp=[2] true=[3] merged=[2, 3]
191.6 fp=[2] true=[3] merged=[2, 3]
191.9 fp=[2] true=[3] merged=[2, 3]
192.3 fp=[2] true=[3] merged=[2, 3]
192.6 fp=[2] true=[3] merged=[2, 3]
192.9 fp=[2] true=[3] merged=[2, 3]
193.2 fp=[1] true=[3] merged=[1, 3]
193.5 fp=[1] true=[3] merged=[1, 3]
193.8 fp=[1] true=[3] merged=[1, 3]
194.1 fp=[1] true=[3] merged=[1, 3]
194.5 fp=[1] true=[3] merged=[1, 3]
194.8 fp=[1] true=[3] merged=[1, 3]
195.1 fp=[1] true=[3] merged=[1, 3]
195.4 fp=[1] true=[3] merged=[1, 3]
195.7 fp=[1] true=[3] merged=[1, 3]
196.0 fp=[1] true=[3] merged=[1, 3]
196.3 fp=[1] true=[3] merged=[1, 3]
196.6 fp=[1] true=[3] merged=[1, 3]
197.0 fp=[1] true=[3] merged=[1, 3]
197.3 fp=[1] true=[3] merged=[1, 3]
197.6 fp=[1] true=[3] merged=[1, 3]
197.9 fp=[1] true=[3] merged=[1, 3]
198.2 fp=[1] true=[3] merged=[1, 3]
198.5 fp=[1] true=[3] merged=[1, 3]
198.9 fp=[1] true=[3] merged=[1, 3]
199.2 fp=[1] true=[3] merged=[1, 3]
199.5 fp=[1] true=[3] merged=[1, 3]
199.8 fp=[1] true=[3] merged=[1, 3]
200.1 fp=[1] true=[3] merged=[1, 3]
200.4 fp=[1] true=[3] merged=[1, 3]
200.7 fp=[1] true=[3] merged=[1, 3]
201.1 fp=[1] true=[3] merged=[1, 3]
201.4 fp=[1] true=[3] merged=[1, 3]
201.7 fp=[1] true=[3] merged=[1, 3]
202.0 fp=[1] true=[3] merged=[1, 3]
202.3 fp=[1] true=[3] merged=[1, 3]
202.6 fp=[1] true=[3] merged=[1, 3]
202.9 fp=[1] true=[3] merged=[1, 3]
203.3 fp=[1] true=[3] merged=[1, 3]
203.6 fp=[1] true=[3] merged=[1, 3]
203.9 fp=[1] true=[3] merged=[1, 3]
204.2 fp=[1] true=[3] merged=[1, 3]
204.5 fp=[1] true=[3] merged=[1, 3]
204.8 fp=[1] true=[3] merged=[1, 3]
205.1 fp=[1] true=[3] merged=[1, 3]
205.5 fp=[1] true=[3] merged=[1, 3]
205.8 fp=[1] true=[3] merged=[1, 3]
206.1 fp=[1] true=[3] merged=[1, 3]
206.4 fp=[1] true=[3] merged=[1, 3]
206.7 fp=[1] true=[3] merged=[1, 3]
207.0 fp=[1] true=[3] merged=[1, 3]
207.3 fp=[1] true=[3] merged=[1, 3]
207.6 fp=[1] true=[3] merged=[1, 3]
207.9 fp=[1] true=[3] merged=[1, 3]
208.3 fp=[1] true=[3] merged=[1, 3]
208.6 fp=[1] true=[3] merged=[1, 3]
208.9 fp=[1] true=[3] merged=[1, 3]
209.2 fp=[1] true=[3] merged=[1, 3]
209.5 fp=[1] true=[3] merged=[1, 3]
209.9 fp=[1] true=[3] merged=[1, 3]
210.2 fp=[1] true=[3] merged=[1, 3]
210.5 fp=[1] true=[3] merged=[1, 3]
210.8 fp=[1] true=[3] merged=[1, 3]
211.1 fp=[1] true=[3] merged=[1, 3]
211.4 fp=[1] true=[3] merged=[1, 3]
211.7 fp=[1] true=[3] merged=[1, 3]
212.0 fp=[1] true=[3] merged=[1, 3]
212.4 fp=[1] true=[3] merged=[1, 3]
212.7 fp=[1] true=[3] merged=[1, 3]
213.0 fp=[1] true=[3] merged=[1, 3]
213.3 fp=[1] true=[3] merged=[1, 3]
213.6 fp=[1] true=[3] merged=[1, 3]
213.9 fp=[1] true=[3] merged=[1, 3]
214.2 fp=[1] true=[3] merged=[1, 3]
214.5 fp=[1] true=[3] merged=[1, 3]
214.9 fp=[1] true=[3] merged=[1, 3]
215.2 fp=[2] true=[3] merged=[2, 3]
215.5 fp=[2] true=[3] merged=[2, 3]
215.8 fp=[2] true=[3] merged=[2, 3]
216.1 fp=[4] true=[3] merged=[3, 4]
216.4 fp=[4] true=[3] merged=[3, 4]
216.7 fp=[4] true=[3] merged=[3, 4]
217.0 fp=[4] true=[3] merged=[3, 4]
217.4 fp=[4] true=[3] merged=[3, 4]
217.7 fp=[4] true=[3] merged=[3, 4]
218.0 fp=[4] true=[3] merged=[3, 4]
218.3 fp=[4] true=[3] merged=[3, 4]
218.6 fp=[4] true=[3] merged=[3, 4]
218.9 fp=[4] true=[3] merged=[3, 4]
219.2 fp=[4] true=[3] merged=[3, 4]
219.6 fp=[4] true=[3] merged=[3, 4]
219.9 fp=[4] true=[3] merged=[3, 4]
220.2 fp=[4] true=[3] merged=[3, 4]
220.5 fp=[4] true=[3] merged=[3, 4]
220.8 fp=[4] true=[3] merged=[3, 4]
221.1 fp=[4] true=[3] merged=[3, 4]
221.5 fp=[4] true=[3] merged=[3, 4]
221.8 fp=[4] true=[3] merged=[3, 4]
222.1 fp=[4] true=[3] merged=[3, 4]
222.4 fp=[4] true=[3] merged=[3, 4]
222.7 fp=[4] true=[3] merged=[3, 4]
223.0 fp=[4] true=[3] merged=[3, 4]
223.3 fp=[4] true=[3] merged=[3, 4]
223.7 fp=[4] true=[3] merged=[3, 4]
224.0 fp=[4] true=[3] merged=[3, 4]
224.3 fp=[4] true=[3] merged=[3, 4]
224.6 fp=[4] true=[3] merged=[3, 4]
224.9 fp=[4] true=[3] merged=[3, 4]
225.2 fp=[4] true=[3] merged=[3, 4]
225.5 fp=[4] true=[3] merged=[3, 4]
225.9 fp=[4] true=[3] merged=[3, 4]
226.2 fp=[4] true=[3] merged=[3, 4]
226.5 fp=[4] true=[3] merged=[3, 4]
226.8 fp=[4] true=[3] merged=[3, 4]
227.1 fp=[1] true=[3] merged=[1, 3]
227.4 fp=[1] true=[3] merged=[1, 3]
227.7 fp=[1] true=[3] merged=[1, 3]
228.0 fp=[1] true=[3] merged=[1, 3]
228.3 fp=[1] true=[3] merged=[1, 3]
228.7 fp=[1] true=[3] merged=[1, 3]
229.0 fp=[1] true=[3] merged=[1, 3]
229.3 fp=[1] true=[3] merged=[1, 3]
229.6 fp=[1] true=[3] merged=[1, 3]
229.9 fp=[1] true=[3] merged=[1, 3]
230.3 fp=[1] true=[3] merged=[1, 3]
230.6 fp=[1] true=[3] merged=[1, 3]
230.9 fp=[1] true=[3] merged=[1, 3]
231.2 fp=[1] true=[3] merged=[1, 3]
231.5 fp=[1] true=[3] merged=[1, 3]
231.8 fp=[1] true=[3] merged=[1, 3]
232.1 fp=[1] true=[3] merged=[1, 3]
232.4 fp=[1] true=[3] merged=[1, 3]
232.8 fp=[1] true=[3] merged=[1, 3]
233.1 fp=[1] true=[3] merged=[1, 3]
233.4 fp=[1] true=[3] merged=[1, 3]
233.7 fp=[1] true=[3] merged=[1, 3]
234.0 fp=[1] true=[3] merged=[1, 3]
234.3 fp=[1] true=[3] merged=[1, 3]
234.6 fp=[1] true=[3] merged=[1, 3]
234.9 fp=[1] true=[3] merged=[1, 3]
235.2 fp=[1] true=[3] merged=[1, 3]
235.5 fp=[1] true=[3] merged=[1, 3]
235.9 fp=[1] true=[3] merged=[1, 3]
236.2 fp=[1] true=[3] merged=[1, 3]
236.5 fp=[1] true=[3] merged=[1, 3]
236.8 fp=[1] true=[3] merged=[1, 3]
237.1 fp=[1] true=[3] merged=[1, 3]
237.4 fp=[1] true=[3] merged=[1, 3]
237.7 fp=[1] true=[3] merged=[1, 3]
238.0 fp=[1] true=[3] merged=[1, 3]
238.3 fp=[1] true=[3] merged=[1, 3]
238.6 fp=[1] true=[3] merged=[1, 3]
239.0 fp=[1] true=[3] merged=[1, 3]
239.3 fp=[1] true=[3] merged=[1, 3]
239.6 fp=[1] true=[3] merged=[1, 3]
239.9 fp=[1] true=[3] merged=[1, 3]
240.2 fp=[1] true=[3] merged=[1, 3]
240.5 fp=[1] true=[3] merged=[1, 3]
240.8 fp=[1] true=[3] merged=[1, 3]
241.1 fp=[1] true=[3] merged=[1, 3]
241.4 fp=[1] true=[3] merged=[1, 3]
241.8 fp=[1] true=[3] merged=[1, 3]
242.1 fp=[1] true=[3] merged=[1, 3]
242.4 fp=[1] true=[3] merged=[1, 3]
242.7 fp=[1] true=[3] merged=[1, 3]
243.0 fp=[1] true=[3] merged=[1, 3]
243.3 fp=[1] true=[3] merged=[1, 3]
243.6 fp=[1] true=[3] merged=[1, 3]
244.0 fp=[1] true=[3] merged=[1, 3]
244.3 fp=[1] true=[3] merged=[1, 3]
244.6 fp=[1] true=[3] merged=[1, 3]
244.9 fp=[1] true=[3] merged=[1, 3]
245.2 fp=[1] true=[3] merged=[1, 3]
245.5 fp=[1] true=[3] merged=[1, 3]
245.9 fp=[1] true=[3] merged=[1, 3]
246.2 fp=[1] true=[3] merged=[1, 3]
246.5 fp=[1] true=[3] merged=[1, 3]
246.8 fp=[1] true=[3] merged=[1, 3]
247.1 fp=[1] true=[3] merged=[1, 3]
247.4 fp=[1] true=[3] merged=[1, 3]
247.7 fp=[1] true=[3] merged=[1, 3]
248.0 fp=[1] true=[3] merged=[1, 3]
248.4 fp=[1] true=[3] merged=[1, 3]
248.7 fp=[1] true=[3] merged=[1, 3]
249.0 fp=[1] true=[3] merged=[1, 3]
249.3 fp=[1] true=[3] merged=[1, 3]
249.6 fp=[1] true=[3] merged=[1, 3]
250.0 fp=[1] true=[3] merged=[1, 3]
250.3 fp=[1] true=[3] merged=[1, 3]
250.6 fp=[1] true=[3] merged=[1, 3]
250.9 fp=[1] true=[3] merged=[1, 3]
251.2 fp=[1] true=[3] merged=[1, 3]
251.5 fp=[1] true=[3] merged=[1, 3]
251.8 fp=[1] true=[3] merged=[1, 3]
252.2 fp=[1] true=[3] merged=[1, 3]
252.5 fp=[1] true=[3] merged=[1, 3]
252.8 fp=[1] true=[3] merged=[1, 3]
253.1 fp=[1] true=[3] merged=[1, 3]
253.4 fp=[1] true=[3] merged=[1, 3]
253.8 fp=[1] true=[3] merged=[1, 3]
254.1 fp=[1] true=[3] merged=[1, 3]
254.4 fp=[1] true=[3] merged=[1, 3]
254.7 fp=[1] true=[3] merged=[1, 3]
255.0 fp=[1] true=[3] merged=[1, 3]
255.3 fp=[1] true=[3] merged=[1, 3]
255.6 fp=[1] true=[3] merged=[1, 3]
255.9 fp=[1] true=[3] merged=[1, 3]
256.3 fp=[1] true=[3] merged=[1, 3]
256.6 fp=[1] true=[3] merged=[1, 3]
256.9 fp=[1] true=[3] merged=[1, 3]
257.2 fp=[1] true=[3] merged=[1, 3]
257.5 fp=[1] true=[3] merged=[1, 3]
257.8 fp=[1] true=[3] merged=[1, 3]
258.2 fp=[1] true=[3] merged=[1, 3]
258.5 fp=[1] true=[3] merged=[1, 3]
258.8 fp=[1] true=[3] merged=[1, 3]
259.1 fp=[1] true=[3] merged=[1, 3]
259.4 fp=[1] true=[3] merged=[1, 3]
259.7 fp=[1] true=[3] merged=[1, 3]
260.0 fp=[1] true=[3] merged=[1, 3]
260.4 fp=[1] true=[3] merged=[1, 3]
260.7 fp=[1] true=[3] merged=[1, 3]
261.0 fp=[1] true=[3] merged=[1, 3]
261.3 fp=[1] true=[3] merged=[1, 3]
261.6 fp=[1] true=[3] merged=[1, 3]
262.0 fp=[1] true=[3] merged=[1, 3]
262.3 fp=[1] true=[3] merged=[1, 3]
262.6 fp=[1] true=[3] merged=[1, 3]
262.9 fp=[1] true=[3] merged=[1, 3]
263.2 fp=[1] true=[3] merged=[1, 3]
263.5 fp=[1] true=[3] merged=[1, 3]
263.8 fp=[1] true=[3] merged=[1, 3]
264.1 fp=[1] true=[3] merged=[1, 3]
264.5 fp=[1] true=[3] merged=[1, 3]
264.8 fp=[1] true=[3] merged=[1, 3]
265.1 fp=[1] true=[3] merged=[1, 3]
265.4 fp=[1] true=[3] merged=[1, 3]
265.7 fp=[1] true=[3] merged=[1, 3]
266.0 fp=[1] true=[3] merged=[1, 3]
266.3 fp=[1] true=[3] merged=[1, 3]
266.6 fp=[1] true=[3] merged=[1, 3]
266.9 fp=[1] true=[3] merged=[1, 3]
267.3 fp=[1] true=[3] merged=[1, 3]
267.6 fp=[1] true=[3] merged=[1, 3]
267.9 fp=[1] true=[3] merged=[1, 3]
268.2 fp=[1] true=[3] merged=[1, 3]
268.5 fp=[1] true=[3] merged=[1, 3]
268.8 fp=[1] true=[3] merged=[1, 3]
269.1 fp=[1] true=[3] merged=[1, 3]
269.5 fp=[1] true=[3] merged=[1, 3]
269.8 fp=[1] true=[3] merged=[1, 3]
270.1 fp=[1] true=[3] merged=[1, 3]
270.4 fp=[1] true=[3] merged=[1, 3]
270.7 fp=[1] true=[3] merged=[1, 3]
271.0 fp=[1] true=[3] merged=[1, 3]
271.3 fp=[1] true=[3] merged=[1, 3]
271.6 fp=[1] true=[3] merged=[1, 3]
272.0 fp=[1] true=[3] merged=[1, 3]
272.3 fp=[1] true=[3] merged=[1, 3]
272.6 fp=[1] true=[3] merged=[1, 3]
272.9 fp=[1] true=[3] merged=[1, 3]
273.2 fp=[1] true=[3] merged=[1, 3]
273.5 fp=[1] true=[3] merged=[1, 3]
273.8 fp=[1] true=[3] merged=[1, 3]
274.2 fp=[1] true=[3] merged=[1, 3]
274.5 fp=[1] true=[3] merged=[1, 3]
274.8 fp=[1] true=[3] merged=[1, 3]
275.1 fp=[1] true=[3] merged=[1, 3]
275.4 fp=[1] true=[3] merged=[1, 3]
275.7 fp=[1] true=[3] merged=[1, 3]
276.0 fp=[1] true=[3] merged=[1, 3]
276.3 fp=[1] true=[3] merged=[1, 3]
276.6 fp=[1] true=[3] merged=[1, 3]
277.0 fp=[1] true=[3] merged=[1, 3]
277.3 fp=[1] true=[3] merged=[1, 3]
277.6 fp=[1] true=[3] merged=[1, 3]
277.9 fp=[1] true=[3] merged=[1, 3]
278.2 fp=[1] true=[3] merged=[1, 3]
278.5 fp=[1] true=[3] merged=[1, 3]
278.8 fp=[1] true=[3] merged=[1, 3]
279.1 fp=[1] true=[3] merged=[1, 3]
279.5 fp=[1] true=[3] merged=[1, 3]
279.8 fp=[1] true=[3] merged=[1, 3]
280.1 fp=[1] true=[3] merged=[1, 3]
280.4 fp=[1] true=[3] merged=[1, 3]
280.7 fp=[1] true=[3] merged=[1, 3]
281.1 fp=[1] true=[3] merged=[1, 3]
281.4 fp=[1] true=[3] merged=[1, 3]
281.7 fp=[1] true=[3] merged=[1, 3]
282.0 fp=[1] true=[3] merged=[1, 3]
282.3 fp=[1] true=[3] merged=[1, 3]
282.6 fp=[1] true=[3] merged=[1, 3]
282.9 fp=[1] true=[3] merged=[1, 3]
283.2 fp=[1] true=[3] merged=[1, 3]
283.5 fp=[1] true=[3] merged=[1, 3]
283.9 fp=[1] true=[3] merged=[1, 3]
284.2 fp=[1] true=[3] merged=[1, 3]
284.5 fp=[1] true=[3] merged=[1, 3]
284.8 fp=[1] true=[3] merged=[1, 3]
285.1 fp=[1] true=[3] merged=[1, 3]
285.4 fp=[1] true=[3] merged=[1, 3]
285.7 fp=[1] true=[3] merged=[1, 3]
286.0 fp=[1] true=[3] merged=[1, 3]
286.3 fp=[1] true=[3] merged=[1, 3]
286.6 fp=[1] true=[3] merged=[1, 3]
287.0 fp=[1] true=[3] merged=[1, 3]
287.3 fp=[1] true=[3] merged=[1, 3]
287.6 fp=[1] true=[3] merged=[1, 3]
287.9 fp=[1] true=[3] merged=[1, 3]
288.2 fp=[1] true=[3] merged=[1, 3]
288.5 fp=[1] true=[3] merged=[1, 3]
288.9 fp=[1] true=[3] merged=[1, 3]
289.2 fp=[1] true=[3] merged=[1, 3]
289.5 fp=[1] true=[3] merged=[1, 3]
289.8 fp=[1] true=[3] merged=[1, 3]
290.1 fp=[1] true=[3] merged=[1, 3]
290.5 fp=[1] true=[3] merged=[1, 3]
290.8 fp=[1] true=[3] merged=[1, 3]
291.1 fp=[1] true=[3] merged=[1, 3]
291.4 fp=[1] true=[3] merged=[1, 3]
291.7 fp=[1] true=[3] merged=[1, 3]
292.0 fp=[1] true=[3] merged=[1, 3]
292.3 fp=[1] true=[3] merged=[1, 3]
292.7 fp=[1] true=[3] merged=[1, 3]
293.0 fp=[1] true=[3] merged=[1, 3]
293.3 fp=[1] true=[3] merged=[1, 3]
293.6 fp=[1] true=[3] merged=[1, 3]
293.9 fp=[1] true=[3] merged=[1, 3]
294.3 fp=[1] true=[3] merged=[1, 3]
294.6 fp=[1] true=[3] merged=[1, 3]
294.9 fp=[1] true=[3] merged=[1, 3]
295.2 fp=[1] true=[3] merged=[1, 3]
295.5 fp=[1] true=[3] merged=[1, 3]
295.8 fp=[1] true=[3] merged=[1, 3]
296.1 fp=[1] true=[3] merged=[1, 3]
296.5 fp=[1] true=[3] merged=[1, 3]
296.8 fp=[1] true=[3] merged=[1, 3]
297.1 fp=[1] true=[3] merged=[1, 3]
297.4 fp=[1] true=[3] merged=[1, 3]
297.7 fp=[1] true=[3] merged=[1, 3]
298.0 fp=[1] true=[3] merged=[1, 3]
298.4 fp=[1] true=[3] merged=[1, 3]
298.7 fp=[1] true=[3] merged=[1, 3]
299.0 fp=[1] true=[3] merged=[1, 3]
299.3 fp=[1] true=[3] merged=[1, 3]
299.6 fp=[1] true=[3] merged=[1, 3]
299.9 fp=[1] true=[3] merged=[1, 3]
300.3 fp=[1] true=[3] merged=[1, 3]
300.6 fp=[1] true=[3] merged=[1, 3]
300.9 fp=[1] true=[3] merged=[1, 3]
301.2 fp=[1] true=[3] merged=[1, 3]
301.5 fp=[1] true=[3] merged=[1, 3]
301.8 fp=[1] true=[3] merged=[1, 3]
302.2 fp=[1] true=[3] merged=[1, 3]
302.5 fp=[1] true=[3] merged=[1, 3]
302.8 fp=[1] true=[3] merged=[1, 3]
303.1 fp=[1] true=[3] merged=[1, 3]
303.4 fp=[1] true=[3] merged=[1, 3]
303.7 fp=[1] true=[3] merged=[1, 3]
304.0 fp=[1] true=[3] merged=[1, 3]
304.4 fp=[1] true=[3] merged=[1, 3]
304.7 fp=[1] true=[3] merged=[1, 3]
