# start rate=20 seed=1 dur=420 n=7 target=3 events=76
3.1 fp=[5] true=[3] merged=[3, 5]
3.4 fp=[5] true=[3] merged=[3, 5]
3.8 fp=[5] true=[3] merged=[3, 5]
4.1 fp=[5] true=[3] merged=[3, 5]
4.4 fp=[5] true=[3] merged=[3, 5]
4.7 fp=[5] true=[3] merged=[3, 5]
5.0 fp=[5] true=[3] merged=[3, 5]
5.3 fp=[5] true=[3] merged=[3, 5]
5.6 fp=[5] true=[3] merged=[3, 5]
5.9 fp=[5] true=[3] merged=[3, 5]
6.2 fp=[5] true=[3] merged=[3, 5]
6.6 fp=[5] true=[3] merged=[3, 5]
6.9 fp=[5] true=[3] merged=[3, 5]
7.2 fp=[5] true=[3] merged=[3, 5]
7.5 fp=[5] true=[3] merged=[3, 5]
7.8 fp=[5] true=[3] merged=[3, 5]
8.1 fp=[5] true=[3] merged=[3, 5]
8.4 fp=[5] true=[3] merged=[3, 5]
8.7 fp=[5] true=[3] merged=[3, 5]
9.1 fp=[5] true=[3] merged=[3, 5]
9.4 fp=[5] true=[3] merged=[3, 5]
9.7 fp=[5] true=[3] merged=[3, 5]
10.0 fp=[5] true=[3] merged=[3, 5]
10.3 fp=[5] true=[3] merged=[3, 5]
10.6 fp=[5] true=[3] merged=[3, 5]
10.9 fp=[5] true=[3] merged=[3, 5]
11.2 fp=[2] true=[3] merged=[2, 3]
11.6 fp=[2] true=[3] merged=[2, 3]
11.9 fp=[2] true=[3] merged=[2, 3]
12.2 fp=[2] true=[3] merged=[2, 3]
12.5 fp=[2] true=[3] merged=[2, 3]
12.8 fp=[2] true=[3] merged=[2, 3]
13.1 fp=[2] true=[3] merged=[2, 3]
13.4 fp=[2] true=[3] merged=[2, 3]
13.8 fp=[2] true=[3] merged=[2, 3]
14.1 fp=[2] true=[3] merged=[2, 3]
14.4 fp=[2] true=[3] merged=[2, 3]
14.7 fp=[2] true=[3] merged=[2, 3]
15.0 fp=[2] true=[3] merged=[2, 3]
15.3 fp=[2] true=[3] merged=[2, 3]
15.6 fp=[2] true=[3] merged=[2, 3]
16.0 fp=[2] true=[3] merged=[2, 3]
16.3 fp=[2] true=[3] merged=[2, 3]
16.6 fp=[2] true=[3] merged=[2, 3]
16.9 fp=[2] true=[3] merged=[2, 3]
17.2 fp=[2] true=[3] merged=[2, 3]
17.6 fp=[2] true=[3] merged=[2, 3]
17.9 fp=[2] true=[3] merged=[2, 3]
18.2 fp=[2] true=[3] merged=[2, 3]
18.5 fp=[2] true=[3] merged=[2, 3]
18.8 fp=[2] true=[3] merged=[2, 3]
19.1 fp=[2] true=[3] merged=[2, 3]
19.4 fp=[2] true=[3] merged=[2, 3]
19.7 fp=[2] true=[3] merged=[2, 3]
20.0 fp=[2] true=[3] merged=[2, 3]
20.3 fp=[2] true=[3] merged=[2, 3]
20.7 fp=[2] true=[3] merged=[2, 3]
21.0 fp=[2] true=[3] merged=[2, 3]
21.3 fp=[2] true=[3] merged=[2, 3]
21.6 fp=[2] true=[3] merged=[2, 3]
21.9 fp=[2] true=[3] merged=[2, 3]
22.2 fp=[2] true=[3] merged=[2, 3]
22.5 fp=[2] true=[3] merged=[2, 3]
22.8 fp=[2] true=[3] merged=[2, 3]
23.1 fp=[2] true=[3] merged=[2, 3]
23.4 fp=[2] true=[3] merged=[2, 3]
23.8 fp=[2] true=[3] merged=[2, 3]
24.1 fp=[2] true=[3] merged=[2, 3]
24.4 fp=[2] true=[3] merged=[2, 3]
24.7 fp=[2] true=[3] merged=[2, 3]
25.1 fp=[2] true=[3] merged=[2, 3]
25.4 fp=[2] true=[3] merged=[2, 3]
25.7 fp=[2] true=[3] merged=[2, 3]
26.0 fp=[2] true=[3] merged=[2, 3]
26.3 fp=[2] true=[3] merged=[2, 3]
26.6 fp=[2] true=[3] merged=[2, 3]
26.9 fp=[2] true=[3] merged=[2, 3]
27.3 fp=[2] true=[3] merged=[2, 3]
27.6 fp=[2] true=[3] merged=[2, 3]
27.9 fp=[2] true=[3] merged=[2, 3]
28.2 fp=[2] true=[3] merged=[2, 3]
28.6 fp=[2] true=[3] merged=[2, 3]
28.9 fp=[2] true=[3] merged=[2, 3]
29.2 fp=[2] true=[3] merged=[2, 3]
29.5 fp=[2] true=[3] merged=[2, 3]
29.8 fp=[2] true=[3] merged=[2, 3]
30.1 fp=[1] true=[3] merged=[1, 3]
30.4 fp=[1] true=[3] merged=[1, 3]
30.7 fp=[1] true=[3] merged=[1, 3]
31.0 fp=[1] true=[3] merged=[1, 3]
31.4 fp=[1] true=[3] merged=[1, 3]
31.7 fp=[1] true=[3] merged=[1, 3]
32.0 fp=[1] true=[3] merged=[1, 3]
32.3 fp=[1] true=[3] merged=[1, 3]
32.6 fp=[1] true=[3] merged=[1, 3]
32.9 fp=[1] true=[3] merged=[1, 3]
33.2 fp=[1] true=[3] merged=[1, 3]
33.6 fp=[1] true=[3] merged=[1, 3]
33.9 fp=[1] true=[3] merged=[1, 3]
34.2 fp=[1] true=[3] merged=[1, 3]
34.5 fp=[1] true=[3] merged=[1, 3]
34.8 fp=[1] true=[3] merged=[1, 3]
35.1 fp=[1] true=[3] merged=[1, 3]
35.4 fp=[1] true=[3] merged=[1, 3]
35.8 fp=[1] true=[3] merged=[1, 3]
36.1 fp=[1] true=[3] merged=[1, 3]
36.4 fp=[1] true=[3] merged=[1, 3]
36.7 fp=[1] true=[3] merged=[1, 3]
37.0 fp=[1] true=[3] merged=[1, 3]
37.3 fp=[1] true=[3] merged=[1, 3]
37.6 fp=[1] true=[3] merged=[1, 3]
38.0 fp=[1] true=[3] merged=[1, 3]
38.3 fp=[1] true=[3] merged=[1, 3]
38.6 fp=[1] true=[3] merged=[1, 3]
38.9 fp=[1] true=[3] merged=[1, 3]
39.2 fp=[1] true=[3] merged=[1, 3]
39.5 fp=[1] true=[3] merged=[1, 3]
39.9 fp=[1] true=[3] merged=[1, 3]
40.2 fp=[1] true=[3] merged=[1, 3]
40.5 fp=[1] true=[3] merged=[1, 3]
40.8 fp=[1] true=[3] merged=[1, 3]
41.1 fp=[1] true=[3] merged=[1, 3]
41.5 fp=[1] true=[3] merged=[1, 3]
41.8 fp=[1] true=[3] merged=[1, 3]
42.1 fp=[1] true=[3] merged=[1, 3]
42.4 fp=[1] true=[3] merged=[1, 3]
42.8 fp=[1] true=[3] merged=[1, 3]
43.1 fp=[1] true=[3] merged=[1, 3]
43.4 fp=[1] true=[3] merged=[1, 3]
43.7 fp=[1] true=[3] merged=[1, 3]
44.0 fp=[1] true=[3] merged=[1, 3]
44.3 fp=[1] true=[3] merged=[1, 3]
44.6 fp=[1] true=[3] merged=[1, 3]
45.0 fp=[1] true=[3] merged=[1, 3]
45.3 fp=[1] true=[3] merged=[1, 3]
45.6 fp=[1] true=[3] merged=[1, 3]
45.9 fp=[1] true=[3] merged=[1, 3]
46.2 fp=[1] true=[3] merged=[1, 3]
46.5 fp=[1] true=[3] merged=[1, 3]
46.8 fp=[1] true=[3] merged=[1, 3]
47.2 fp=[1] true=[3] merged=[1, 3]
47.5 fp=[1] true=[3] merged=[1, 3]
47.8 fp=[1] true=[3] merged=[1, 3]
48.1 fp=[1] true=[3] merged=[1, 3]
48.4 fp=[1] true=[3] merged=[1, 3]
48.8 fp=[1] true=[3] merged=[1, 3]
49.1 fp=[1] true=[3] merged=[1, 3]
49.4 fp=[1] true=[3] merged=[1, 3]
49.7 fp=[1] true=[3] merged=[1, 3]
50.0 fp=[1] true=[3] merged=[1, 3]
50.3 fp=[4] true=[3] merged=[3, 4]
50.6 fp=[4] true=[3] merged=[3, 4]
50.9 fp=[4] true=[3] merged=[3, 4]
51.2 fp=[4] true=[3] merged=[3, 4]
51.6 fp=[4] true=[3] merged=[3, 4]
51.9 fp=[4] true=[3] merged=[3, 4]
52.2 fp=[4] true=[3] merged=[3, 4]
52.5 fp=[4] true=[3] merged=[3, 4]
52.8 fp=[4] true=[3] merged=[3, 4]
53.1 fp=[4] true=[3] merged=[3, 4]
53.4 fp=[4] true=[3] merged=[3, 4]
53.7 fp=[4] true=[3] merged=[3, 4]
54.1 fp=[4] true=[3] merged=[3, 4]
54.4 fp=[4] true=[3] merged=[3, 4]
54.7 fp=[4] true=[3] merged=[3, 4]
55.0 fp=[4] true=[3] merged=[3, 4]
55.3 fp=[4] true=[3] merged=[3, 4]
55.6 fp=[4] true=[3] merged=[3, 4]
55.9 fp=[4] true=[3] merged=[3, 4]
56.3 fp=[4] true=[3] merged=[3, 4]
56.6 fp=[4] true=[3] merged=[3, 4]
56.9 fp=[4] true=[3] merged=[3, 4]
57.2 fp=[4] true=[3] merged=[3, 4]
57.5 fp=[4] true=[3] merged=[3, 4]
57.8 fp=[4] true=[3] merged=[3, 4]
58.1 fp=[4] true=[3] merged=[3, 4]
58.4 fp=[4] true=[3] merged=[3, 4]
58.7 fp=[4] true=[3] merged=[3, 4]
59.1 fp=[4] true=[3] merged=[3, 4]
59.4 fp=[4] true=[3] merged=[3, 4]
59.7 fp=[4] true=[3] merged=[3, 4]
60.0 fp=[4] true=[3] merged=[3, 4]
60.3 fp=[4] true=[3] merged=[3, 4]
60.6 fp=[4] true=[3] merged=[3, 4]
60.9 fp=[4] true=[3] merged=[3, 4]
61.2 fp=[4] true=[3] merged=[3, 4]
61.5 fp=[4] true=[3] merged=[3, 4]
61.9 fp=[4] true=[3] merged=[3, 4]
62.2 fp=[4] true=[3] merged=[3, 4]
62.5 fp=[4] true=[3] merged=[3, 4]
62.8 fp=[4] true=[3] merged=[3, 4]
63.1 fp=[4] true=[3] merged=[3, 4]
63.4 fp=[4] true=[3] merged=[3, 4]
63.7 fp=[4] true=[3] merged=[3, 4]
64.0 fp=[4] true=[3] merged=[3, 4]
64.3 fp=[4] true=[3] merged=[3, 4]
64.7 fp=[4] true=[3] merged=[3, 4]
65.0 fp=[4] true=[3] merged=[3, 4]
65.3 fp=[4] true=[3] merged=[3, 4]
65.6 fp=[4] true=[3] merged=[3, 4]
65.9 fp=[4] true=[3] merged=[3, 4]
66.2 fp=[4] true=[3] merged=[3, 4]
66.6 fp=[4] true=[3] merged=[3, 4]
66.9 fp=[4] true=[3] merged=[3, 4]
67.2 fp=[4] true=[3] merged=[3, 4]
67.5 fp=[4] true=[3] merged=[3, 4]
67.8 fp=[4] true=[3] merged=[3, 4]
68.1 fp=[4] true=[3] merged=[3, 4]
68.4 fp=[4] true=[3] merged=[3, 4]
68.7 fp=[4] true=[3] merged=[3, 4]
69.0 fp=[4] true=[3] merged=[3, 4]
69.4 fp=[4] true=[3] merged=[3, 4]
69.7 fp=[4] true=[3] merged=[3, 4]
70.0 fp=[4] true=[3] merged=[3, 4]
70.3 fp=[4] true=[3] merged=[3, 4]
70.6 fp=[4] true=[3] merged=[3, 4]
70.9 fp=[4] true=[3] merged=[3, 4]
71.2 fp=[4] true=[3] merged=[3, 4]
71.5 fp=[4] true=[3] merged=[3, 4]
71.9 fp=[4] true=[3] merged=[3, 4]
72.2 fp=[4] true=[3] merged=[3, 4]
72.5 fp=[4] true=[3] merged=[3, 4]
72.8 fp=[4] true=[3] merged=[3, 4]
73.1 fp=[4] true=[3] merged=[3, 4]
73.4 fp=[4] true=[3] merged=[3, 4]
73.7 fp=[4] true=[3] merged=[3, 4]
74.0 fp=[4] true=[3] merged=[3, 4]
74.3 fp=[4] true=[3] merged=[3, 4]
74.6 fp=[4] true=[3] merged=[3, 4]
75.0 fp=[4] true=[3] merged=[3, 4]
75.3 fp=[4] true=[3] merged=[3, 4]
75.6 fp=[4] true=[3] merged=[3, 4]
75.9 fp=[4] true=[3] merged=[3, 4]
76.2 fp=[4] true=[3] merged=[3, 4]
76.6 fp=[4] true=[3] merged=[3, 4]
76.9 fp=[4] true=[3] merged=[3, 4]
77.2 fp=[4] true=[3] merged=[3, 4]
77.5 fp=[4] true=[3] merged=[3, 4]
77.8 fp=[4] true=[3] merged=[3, 4]
78.1 fp=[4] true=[3] merged=[3, 4]
78.4 fp=[4] true=[3] merged=[3, 4]
78.7 fp=[4] true=[3] merged=[3, 4]
79.1 fp=[4] true=[3] merged=[3, 4]
79.4 fp=[4] true=[3] merged=[3, 4]
79.7 fp=[4] true=[3] merged=[3, 4]
80.0 fp=[4] true=[3] merged=[3, 4]
80.3 fp=[4] true=[3] merged=[3, 4]
80.6 fp=[4] true=[3] merged=[3, 4]
80.9 fp=[4] true=[3] merged=[3, 4]
81.3 fp=[2] true=[3] merged=[2, 3]
81.6 fp=[2] true=[3] merged=[2, 3]
81.9 fp=[2] true=[3] merged=[2, 3]
82.2 fp=[2] true=[3] merged=[2, 3]
82.5 fp=[2] true=[3] merged=[2, 3]
82.8 fp=[2] true=[3] merged=[2, 3]
83.1 fp=[2] true=[3] merged=[2, 3]
83.4 fp=[2] true=[3] merged=[2, 3]
83.7 fp=[2] true=[3] merged=[2, 3]
84.1 fp=[2] true=[3] merged=[2, 3]
84.4 fp=[2] true=[3] merged=[2, 3]
84.7 fp=[2] true=[3] merged=[2, 3]
85.0 fp=[2] true=[3] merged=[2, 3]
85.3 fp=[2] true=[3] merged=[2, 3]
85.6 fp=[2] true=[3] merged=[2, 3]
85.9 fp=[2] true=[3] merged=[2, 3]
86.3 fp=[2] true=[3] merged=[2, 3]
86.6 fp=[2] true=[3] merged=[2, 3]
86.9 fp=[2] true=[3] merged=[2, 3]
87.2 fp=[2] true=[3] merged=[2, 3]
87.5 fp=[2] true=[3] merged=[2, 3]
87.8 fp=[2] true=[3] merged=[2, 3]
88.1 fp=[2] true=[3] merged=[2, 3]
88.5 fp=[2] true=[3] merged=[2, 3]
88.8 fp=[2] true=[3] merged=[2, 3]
89.1 fp=[2] true=[3] merged=[2, 3]
89.4 fp=[2] true=[3] merged=[2, 3]
89.7 fp=[2] true=[3] merged=[2, 3]
90.1 fp=[2] true=[3] merged=[2, 3]
90.4 fp=[2] true=[3] merged=[2, 3]
90.7 fp=[2] true=[3] merged=[2, 3]
91.0 fp=[2] true=[3] merged=[2, 3]
91.3 fp=[2] true=[3] merged=[2, 3]
91.6 fp=[2] true=[3] merged=[2, 3]
91.9 fp=[2] true=[3] merged=[2, 3]
92.2 fp=[2] true=[3] merged=[2, 3]
92.6 fp=[2] true=[3] merged=[2, 3]
92.9 fp=[2] true=[3] merged=[2, 3]
93.2 fp=[1] true=[3] merged=[1, 3]
93.5 fp=[1] true=[3] merged=[1, 3]
93.8 fp=[1] true=[3] merged=[1, 3]
94.1 fp=[1] true=[3] merged=[1, 3]
94.4 fp=[1] true=[3] merged=[1, 3]
94.8 fp=[1] true=[3] merged=[1, 3]
95.1 fp=[1] true=[3] merged=[1, 3]
95.4 fp=[1] true=[3] merged=[1, 3]
95.7 fp=[1] true=[3] merged=[1, 3]
96.0 fp=[1] true=[3] merged=[1, 3]
96.3 fp=[1] true=[3] merged=[1, 3]
96.6 fp=[1] true=[3] merged=[1, 3]
96.9 fp=[1] true=[3] merged=[1, 3]
97.2 fp=[1] true=[3] merged=[1, 3]
97.6 fp=[1] true=[3] merged=[1, 3]
97.9 fp=[1] true=[3] merged=[1, 3]
98.2 fp=[1] true=[3] merged=[1, 3]
98.5 fp=[1] true=[3] merged=[1, 3]
98.8 fp=[1] true=[3] merged=[1, 3]
99.1 fp=[1] true=[3] merged=[1, 3]
99.4 fp=[1] true=[3] merged=[1, 3]
99.7 fp=[1] true=[3] merged=[1, 3]
100.0 fp=[1] true=[3] merged=[1, 3]
100.4 fp=[1] true=[3] merged=[1, 3]
100.7 fp=[1] true=[3] merged=[1, 3]
101.0 fp=[1] true=[3] merged=[1, 3]
101.3 fp=[1] true=[3] merged=[1, 3]
101.6 fp=[1] true=[3] merged=[1, 3]
101.9 fp=[1] true=[3] merged=[1, 3]
102.3 fp=[1] true=[3] merged=[1, 3]
102.6 fp=[1] true=[3] merged=[1, 3]
102.9 fp=[1] true=[3] merged=[1, 3]
103.2 fp=[1] true=[3] merged=[1, 3]
103.6 fp=[1] true=[3] merged=[1, 3]
103.9 fp=[1] true=[3] merged=[1, 3]
104.2 fp=[1] true=[3] merged=[1, 3]
104.5 fp=[1] true=[3] merged=[1, 3]
104.8 fp=[1] true=[3] merged=[1, 3]
105.1 fp=[1] true=[3] merged=[1, 3]
105.4 fp=[1] true=[3] merged=[1, 3]
105.8 fp=[1] true=[3] merged=[1, 3]
106.1 fp=[1] true=[3] merged=[1, 3]
106.4 fp=[1] true=[3] merged=[1, 3]
106.7 fp=[1] true=[3] merged=[1, 3]
107.0 fp=[1] true=[3] merged=[1, 3]
107.3 fp=[1] true=[3] merged=[1, 3]
107.6 fp=[1] true=[3] merged=[1, 3]
107.9 fp=[1] true=[3] merged=[1, 3]
108.3 fp=[1] true=[3] merged=[1, 3]
108.6 fp=[1] true=[3] merged=[1, 3]
108.9 fp=[1] true=[3] merged=[1, 3]
109.2 fp=[1] true=[3] merged=[1, 3]
109.5 fp=[1] true=[3] merged=[1, 3]
109.8 fp=[1] true=[3] merged=[1, 3]
110.2 fp=[1] true=[3] merged=[1, 3]
110.5 fp=[1] true=[3] merged=[1, 3]
110.8 fp=[1] true=[3] merged=[1, 3]
111.1 fp=[1] true=[3] merged=[1, 3]
111.4 fp=[1] true=[3] merged=[1, 3]
111.7 fp=[1] true=[3] merged=[1, 3]
112.0 fp=[1] true=[3] merged=[1, 3]
112.4 fp=[1] true=[3] merged=[1, 3]
112.7 fp=[1] true=[3] merged=[1, 3]
113.0 fp=[1] true=[3] merged=[1, 3]
113.3 fp=[7] true=[3] merged=[3, 7]
113.6 fp=[7] true=[3] merged=[3, 7]
113.9 fp=[7] true=[3] merged=[3, 7]
114.2 fp=[7] true=[3] merged=[3, 7]
114.6 fp=[7] true=[3] merged=[3, 7]
114.9 fp=[7] true=[3] merged=[3, 7]
115.2 fp=[7] true=[3] merged=[3, 7]
115.5 fp=[7] true=[3] merged=[3, 7]
115.8 fp=[7] true=[3] merged=[3, 7]
116.1 fp=[7] true=[3] merged=[3, 7]
116.4 fp=[7] true=[3] merged=[3, 7]
116.7 fp=[7] true=[3] merged=[3, 7]
117.1 fp=[7] true=[3] merged=[3, 7]
117.4 fp=[7] true=[3] merged=[3, 7]
117.7 fp=[7] true=[3] merged=[3, 7]
118.0 fp=[7] true=[3] merged=[3, 7]
118.3 fp=[7] true=[3] merged=[3, 7]
118.6 fp=[7] true=[3] merged=[3, 7]
118.9 fp=[7] true=[3] merged=[3, 7]
119.3 fp=[7] true=[3] merged=[3, 7]
119.6 fp=[7] true=[3] merged=[3, 7]
119.9 fp=[7] true=[3] merged=[3, 7]
120.2 fp=[4] true=[3] merged=[3, 4]
120.5 fp=[4] true=[3] merged=[3, 4]
120.8 fp=[4] true=[3] merged=[3, 4]
121.2 fp=[4] true=[3] merged=[3, 4]
121.5 fp=[4] true=[3] merged=[3, 4]
121.8 fp=[4] true=[3] merged=[3, 4]
122.1 fp=[2] true=[3] merged=[2, 3]
122.4 fp=[2] true=[3] merged=[2, 3]
122.7 fp=[2] true=[3] merged=[2, 3]
123.0 fp=[2] true=[3] merged=[2, 3]
123.3 fp=[2] true=[3] merged=[2, 3]
123.6 fp=[2] true=[3] merged=[2, 3]
124.0 fp=[2] true=[3] merged=[2, 3]
124.3 fp=[2] true=[3] merged=[2, 3]
124.6 fp=[2] true=[3] merged=[2, 3]
124.9 fp=[2] true=[3] merged=[2, 3]
125.2 fp=[2] true=[3] merged=[2, 3]
125.5 fp=[2] true=[3] merged=[2, 3]
125.8 fp=[2] true=[3] merged=[2, 3]
126.2 fp=[2] true=[3] merged=[2, 3]
126.5 fp=[2] true=[3] merged=[2, 3]
126.8 fp=[2] true=[3] merged=[2, 3]
127.1 fp=[2] true=[3] merged=[2, 3]
127.4 fp=[2] true=[3] merged=[2, 3]
127.7 fp=[2] true=[3] merged=[2, 3]
128.0 fp=[2] true=[3] merged=[2, 3]
128.3 fp=[2] true=[3] merged=[2, 3]
128.7 fp=[2] true=[3] merged=[2, 3]
129.0 fp=[2] true=[3] merged=[2, 3]
129.3 fp=[2] true=[3] merged=[2, 3]
129.6 fp=[2] true=[3] merged=[2, 3]
129.9 fp=[2] true=[3] merged=[2, 3]
130.2 fp=[2] true=[3] merged=[2, 3]
130.6 fp=[2] true=[3] merged=[2, 3]
130.9 fp=[2] true=[3] merged=[2, 3]
131.2 fp=[2] true=[3] merged=[2, 3]
131.5 fp=[2] true=[3] merged=[2, 3]
131.8 fp=[2] true=[3] merged=[2, 3]
132.1 fp=[2] true=[3] merged=[2, 3]
132.4 fp=[2] true=[3] merged=[2, 3]
132.7 fp=[2] true=[3] merged=[2, 3]
133.1 fp=[2] true=[3] merged=[2, 3]
133.4 fp=[2] true=[3] merged=[2, 3]
133.7 fp=[2] true=[3] merged=[2, 3]
134.0 fp=[2] true=[3] merged=[2, 3]
134.3 fp=[2] true=[3] merged=[2, 3]
134.6 fp=[2] true=[3] merged=[2, 3]
135.0 fp=[2] true=[3] merged=[2, 3]
135.3 fp=[2] true=[3] merged=[2, 3]
135.6 fp=[2] true=[3] merged=[2, 3]
135.9 fp=[2] true=[3] merged=[2, 3]
136.2 fp=[2] true=[3] merged=[2, 3]
136.5 fp=[2] true=[3] merged=[2, 3]
136.8 fp=[2] true=[3] merged=[2, 3]
137.2 fp=[2] true=[3] merged=[2, 3]
137.5 fp=[2] true=[3] merged=[2, 3]
137.8 fp=[2] true=[3] merged=[2, 3]
138.1 fp=[2] true=[3] merged=[2, 3]
138.4 fp=[2] true=[3] merged=[2, 3]
138.7 fp=[2] true=[3] merged=[2, 3]
139.0 fp=[2] true=[3] merged=[2, 3]
139.3 fp=[2] true=[3] merged=[2, 3]
139.7 fp=[2] true=[3] merged=[2, 3]
140.0 fp=[2] true=[3] merged=[2, 3]
140.3 fp=[2] true=[3] merged=[2, 3]
140.6 fp=[2] true=[3] merged=[2, 3]
140.9 fp=[2] true=[3] merged=[2, 3]
141.2 fp=[2] true=[3] merged=[2, 3]
141.5 fp=[2] true=[3] merged=[2, 3]
141.9 fp=[2] true=[3] merged=[2, 3]
142.2 fp=[4] true=[3] merged=[3, 4]
142.5 fp=[4] true=[3] merged=[3, 4]
142.8 fp=[4] true=[3] merged=[3, 4]
143.1 fp=[4] true=[3] merged=[3, 4]
143.4 fp=[4] true=[3] merged=[3, 4]
143.7 fp=[4] true=[3] merged=[3, 4]
144.0 fp=[4] true=[3] merged=[3, 4]
144.3 fp=[4] true=[3] merged=[3, 4]
144.7 fp=[4] true=[3] merged=[3, 4]
145.0 fp=[4] true=[3] merged=[3, 4]
145.4 fp=[4] true=[3] merged=[3, 4]
145.7 fp=[4] true=[3] merged=[3, 4]
146.0 fp=[4] true=[3] merged=[3, 4]
146.3 fp=[4] true=[3] merged=[3, 4]
146.6 fp=[4] true=[3] merged=[3, 4]
147.0 fp=[4] true=[3] merged=[3, 4]
147.3 fp=[4] true=[3] merged=[3, 4]
147.6 fp=[4] true=[3] merged=[3, 4]
147.9 fp=[4] true=[3] merged=[3, 4]
148.2 fp=[4] true=[3] merged=[3, 4]
148.5 fp=[4] true=[3] merged=[3, 4]
148.8 fp=[4] true=[3] merged=[3, 4]
149.1 fp=[4] true=[3] merged=[3, 4]
149.4 fp=[4] true=[3] merged=[3, 4]
149.8 fp=[4] true=[3] merged=[3, 4]
150.1 fp=[4] true=[3] merged=[3, 4]
150.4 fp=[4] true=[3] merged=[3, 4]
150.7 fp=[4] true=[3] merged=[3, 4]
151.0 fp=[4] true=[3] merged=[3, 4]
151.3 fp=[4] true=[3] merged=[3, 4]
151.6 fp=[4] true=[3] merged=[3, 4]
152.0 fp=[4] true=[3] merged=[3, 4]
152.3 fp=[4] true=[3] merged=[3, 4]
152.6 fp=[4] true=[3] merged=[3, 4]
152.9 fp=[4] true=[3] merged=[3, 4]
153.2 fp=[4] true=[3] merged=[3, 4]
153.5 fp=[4] true=[3] merged=[3, 4]
153.8 fp=[4] true=[3] merged=[3, 4]
154.1 fp=[4] true=[3] merged=[3, 4]
154.4 fp=[4] true=[3] merged=[3, 4]
154.8 fp=[4] true=[3] merged=[3, 4]
155.1 fp=[4] true=[3] merged=[3, 4]
155.4 fp=[4] true=[3] merged=[3, 4]
155.7 fp=[4] true=[3] merged=[3, 4]
156.1 fp=[4] true=[3] merged=[3, 4]
156.4 fp=[4] true=[3] merged=[3, 4]
156.7 fp=[4] true=[3] merged=[3, 4]
157.0 fp=[4] true=[3] merged=[3, 4]
157.3 fp=[4] true=[3] merged=[3, 4]
157.6 fp=[4] true=[3] merged=[3, 4]
157.9 fp=[4] true=[3] merged=[3, 4]
158.3 fp=[4] true=[3] merged=[3, 4]
158.6 fp=[4] true=[3] merged=[3, 4]
158.9 fp=[4] true=[3] merged=[3, 4]
159.2 fp=[4] true=[3] merged=[3, 4]
159.5 fp=[4] true=[3] merged=[3, 4]
159.8 fp=[4] true=[3] merged=[3, 4]
160.2 fp=[4] true=[3] merged=[3, 4]
160.5 fp=[4] true=[3] merged=[3, 4]
160.8 fp=[4] true=[3] merged=[3, 4]
161.1 fp=[5] true=[3] merged=[3, 5]
161.4 fp=[5] true=[3] merged=[3, 5]
161.7 fp=[5] true=[3] merged=[3, 5]
162.1 fp=[2] true=[3] merged=[2, 3]
162.4 fp=[2] true=[3] merged=[2, 3]
162.7 fp=[2] true=[3] merged=[2, 3]
163.0 fp=[2] true=[3] merged=[2, 3]
163.3 fp=[2] true=[3] merged=[2, 3]
163.6 fp=[2] true=[3] merged=[2, 3]
163.9 fp=[2] true=[3] merged=[2, 3]
164.3 fp=[2] true=[3] merged=[2, 3]
164.6 fp=[2] true=[3] merged=[2, 3]
164.9 fp=[2] true=[3] merged=[2, 3]
165.2 fp=[2] true=[3] merged=[2, 3]
165.5 fp=[2] true=[3] merged=[2, 3]
165.9 fp=[2] true=[3] merged=[2, 3]
166.2 fp=[2] true=[3] merged=[2, 3]
166.5 fp=[2] true=[3] merged=[2, 3]
166.8 fp=[2] true=[3] merged=[2, 3]
167.1 fp=[2] true=[3] merged=[2, 3]
167.4 fp=[2] true=[3] merged=[2, 3]
167.7 fp=[2] true=[3] merged=[2, 3]
168.0 fp=[2] true=[3] merged=[2, 3]
168.4 fp=[2] true=[3] merged=[2, 3]
168.7 fp=[2] true=[3] merged=[2, 3]
169.0 fp=[2] true=[3] merged=[2, 3]
169.3 fp=[2] true=[3] merged=[2, 3]
169.6 fp=[2] true=[3] merged=[2, 3]
169.9 fp=[2] true=[3] merged=[2, 3]
170.3 fp=[2] true=[3] merged=[2, 3]
170.6 fp=[2] true=[3] merged=[2, 3]
170.9 fp=[2] true=[3] merged=[2, 3]
171.2 fp=[2] true=[3] merged=[2, 3]
171.5 fp=[2] true=[3] merged=[2, 3]
171.8 fp=[2] true=[3] merged=[2, 3]
172.1 fp=[2] true=[3] merged=[2, 3]
172.5 fp=[2] true=[3] merged=[2, 3]
172.8 fp=[2] true=[3] merged=[2, 3]
173.1 fp=[2] true=[3] merged=[2, 3]
173.4 fp=[2] true=[3] merged=[2, 3]
173.7 fp=[2] true=[3] merged=[2, 3]
174.0 fp=[2] true=[3] merged=[2, 3]
174.4 fp=[2] true=[3] merged=[2, 3]
174.7 fp=[2] true=[3] merged=[2, 3]
175.0 fp=[2] true=[3] merged=[2, 3]
175.3 fp=[2] true=[3] merged=[2, 3]
175.6 fp=[2] true=[3] merged=[2, 3]
175.9 fp=[2] true=[3] merged=[2, 3]
176.2 fp=[2] true=[3] merged=[2, 3]
176.6 fp=[2] true=[3] merged=[2, 3]
176.9 fp=[2] true=[3] merged=[2, 3]
177.2 fp=[2] true=[3] merged=[2, 3]
177.5 fp=[2] true=[3] merged=[2, 3]
177.8 fp=[2] true=[3] merged=[2, 3]
178.1 fp=[2] true=[3] merged=[2, 3]
178.4 fp=[2] true=[3] merged=[2, 3]
178.7 fp=[2] true=[3] merged=[2, 3]
179.0 fp=[2] true=[3] merged=[2, 3]
179.4 fp=[2] true=[3] merged=[2, 3]
179.7 fp=[2] true=[3] merged=[2, 3]
180.0 fp=[2] true=[3] merged=[2, 3]
180.3 fp=[2] true=[3] merged=[2, 3]
180.6 fp=[2] true=[3] merged=[2, 3]
180.9 fp=[2] true=[3] merged=[2, 3]
181.2 fp=[2] true=[3] merged=[2, 3]
181.5 fp=[2] true=[3] merged=[2, 3]
181.8 fp=[2] true=[3] merged=[2, 3]
182.2 fp=[5] true=[3] merged=[3, 5]
182.5 fp=[5] true=[3] merged=[3, 5]
182.8 fp=[5] true=[3] merged=[3, 5]
183.1 fp=[5] true=[3] merged=[3, 5]
183.4 fp=[5] true=[3] merged=[3, 5]
183.7 fp=[5] true=[3] merged=[3, 5]
184.0 fp=[5] true=[3] merged=[3, 5]
184.3 fp=[5] true=[3] merged=[3, 5]
184.7 fp=[5] true=[3] merged=[3, 5]
185.0 fp=[5] true=[3] merged=[3, 5]
185.3 fp=[5] true=[3] merged=[3, 5]
185.6 fp=[5] true=[3] merged=[3, 5]
185.9 fp=[5] true=[3] merged=[3, 5]
186.2 fp=[5] true=[3] merged=[3, 5]
186.5 fp=[5] true=[3] merged=[3, 5]
186.8 fp=[5] true=[3] merged=[3, 5]
187.2 fp=[5] true=[3] merged=[3, 5]
187.5 fp=[5] true=[3] merged=[3, 5]
187.8 fp=[5] true=[3] merged=[3, 5]
188.1 fp=[5] true=[3] merged=[3, 5]
188.4 fp=[5] true=[3] merged=[3, 5]
188.7 fp=[5] true=[3] merged=[3, 5]
189.0 fp=[5] true=[3] merged=[3, 5]
189.3 fp=[5] true=[3] merged=[3, 5]
189.7 fp=[5] true=[3] merged=[3, 5]
190.0 fp=[5] true=[3] merged=[3, 5]
190.3 fp=[5] true=[3] merged=[3, 5]
190.6 fp=[5] true=[3] merged=[3, 5]
190.9 fp=[5] true=[3] merged=[3, 5]
191.2 fp=[5] true=[3] merged=[3, 5]
191.5 fp=[5] true=[3] merged=[3, 5]
191.8 fp=[5] true=[3] merged=[3, 5]
192.1 fp=[7] true=[3] merged=[3, 7]
192.5 fp=[7] true=[3] merged=[3, 7]
192.8 fp=[7] true=[3] merged=[3, 7]
193.1 fp=[7] true=[3] merged=[3, 7]
193.4 fp=[7] true=[3] merged=[3, 7]
193.7 fp=[7] true=[3] merged=[3, 7]
194.0 fp=[7] true=[3] merged=[3, 7]
194.3 fp=[7] true=[3] merged=[3, 7]
194.7 fp=[7] true=[3] merged=[3, 7]
195.0 fp=[7] true=[3] merged=[3, 7]
195.3 fp=[4] true=[3] merged=[3, 4]
195.6 fp=[4] true=[3] merged=[3, 4]
195.9 fp=[4] true=[3] merged=[3, 4]
196.2 fp=[4] true=[3] merged=[3, 4]
196.5 fp=[4] true=[3] merged=[3, 4]
196.8 fp=[4] true=[3] merged=[3, 4]
197.2 fp=[4] true=[3] merged=[3, 4]
197.5 fp=[4] true=[3] merged=[3, 4]
197.8 fp=[4] true=[3] merged=[3, 4]
198.1 fp=[4] true=[3] merged=[3, 4]
198.4 fp=[4] true=[3] merged=[3, 4]
198.7 fp=[4] true=[3] merged=[3, 4]
199.0 fp=[4] true=[3] merged=[3, 4]
199.4 fp=[4] true=[3] merged=[3, 4]
199.7 fp=[4] true=[3] merged=[3, 4]
200.0 fp=[4] true=[3] merged=[3, 4]
200.3 fp=[4] true=[3] merged=[3, 4]
200.6 fp=[4] true=[3] merged=[3, 4]
200.9 fp=[4] true=[3] merged=[3, 4]
201.2 fp=[4] true=[3] merged=[3, 4]
201.5 fp=[4] true=[3] merged=[3, 4]
201.8 fp=[4] true=[3] merged=[3, 4]
202.2 fp=[4] true=[3] merged=[3, 4]
202.5 fp=[4] true=[3] merged=[3, 4]
202.8 fp=[4] true=[3] merged=[3, 4]
203.1 fp=[4] true=[3] merged=[3, 4]
203.4 fp=[4] true=[3] merged=[3, 4]
203.7 fp=[4] true=[3] merged=[3, 4]
204.0 fp=[4] true=[3] merged=[3, 4]
204.3 fp=[4] true=[3] merged=[3, 4]
204.7 fp=[4] true=[3] merged=[3, 4]
205.0 fp=[4] true=[3] merged=[3, 4]
205.3 fp=[4] true=[3] merged=[3, 4]
205.6 fp=[4] true=[3] merged=[3, 4]
205.9 fp=[4] true=[3] merged=[3, 4]
206.2 fp=[4] true=[3] merged=[3, 4]
206.5 fp=[4] true=[3] merged=[3, 4]
206.8 fp=[4] true=[3] merged=[3, 4]
207.2 fp=[4] true=[3] merged=[3, 4]
207.5 fp=[4] true=[3] merged=[3, 4]
207.8 fp=[4] true=[3] merged=[3, 4]
208.1 fp=[4] true=[3] merged=[3, 4]
208.4 fp=[4] true=[3] merged=[3, 4]
208.8 fp=[4] true=[3] merged=[3, 4]
209.1 fp=[4] true=[3] merged=[3, 4]
209.4 fp=[4] true=[3] merged=[3, 4]
209.7 fp=[4] true=[3] merged=[3, 4]
210.0 fp=[4] true=[3] merged=[3, 4]
210.3 fp=[4] true=[3] merged=[3, 4]
210.7 fp=[4] true=[3] merged=[3, 4]
211.0 fp=[4] true=[3] merged=[3, 4]
211.3 fp=[4] true=[3] merged=[3, 4]
211.6 fp=[4] true=[3] merged=[3, 4]
211.9 fp=[4] true=[3] merged=[3, 4]
212.2 fp=[4] true=[3] merged=[3, 4]
212.5 fp=[4] true=[3] merged=[3, 4]
212.8 fp=[4] true=[3] merged=[3, 4]
213.2 fp=[4] true=[3] merged=[3, 4]
213.5 fp=[4] true=[3] merged=[3, 4]
213.8 fp=[4] true=[3] merged=[3, 4]
214.1 fp=[4] true=[3] merged=[3, 4]
214.4 fp=[4] true=[3] merged=[3, 4]
214.7 fp=[4] true=[3] merged=[3, 4]
215.0 fp=[5] true=[3] merged=[3, 5]
215.4 fp=[5] true=[3] merged=[3, 5]
215.7 fp=[5] true=[3] merged=[3, 5]
216.0 fp=[5] true=[3] merged=[3, 5]
216.3 fp=[5] true=[3] merged=[3, 5]
216.7 fp=[5] true=[3] merged=[3, 5]
217.0 fp=[5] true=[3] merged=[3, 5]
217.3 fp=[5] true=[3] merged=[3, 5]
217.6 fp=[5] true=[3] merged=[3, 5]
217.9 fp=[5] true=[3] merged=[3, 5]
218.2 fp=[5] true=[3] merged=[3, 5]
218.5 fp=[5] true=[3] merged=[3, 5]
218.9 fp=[5] true=[3] merged=[3, 5]
219.2 fp=[4] true=[3] merged=[3, 4]
219.5 fp=[4] true=[3] merged=[3, 4]
219.8 fp=[4] true=[3] merged=[3, 4]
220.1 fp=[1] true=[3] merged=[1, 3]
220.4 fp=[1] true=[3] merged=[1, 3]
220.7 fp=[1] true=[3] merged=[1, 3]
221.1 fp=[1] true=[3] merged=[1, 3]
221.4 fp=[1] true=[3] merged=[1, 3]
221.7 fp=[1] true=[3] merged=[1, 3]
222.0 fp=[1] true=[3] merged=[1, 3]
222.3 fp=[1] true=[3] merged=[1, 3]
222.6 fp=[1] true=[3] merged=[1, 3]
222.9 fp=[1] true=[3] merged=[1, 3]
223.3 fp=[1] true=[3] merged=[1, 3]
223.6 fp=[1] true=[3] merged=[1, 3]
223.9 fp=[1] true=[3] merged=[1, 3]
224.2 fp=[1] true=[3] merged=[1, 3]
224.5 fp=[1] true=[3] merged=[1, 3]
224.8 fp=[1] true=[3] merged=[1, 3]
225.2 fp=[1] true=[3] merged=[1, 3]
225.5 fp=[1] true=[3] merged=[1, 3]
225.8 fp=[1] true=[3] merged=[1, 3]
226.1 fp=[1] true=[3] merged=[1, 3]
226.4 fp=[1] true=[3] merged=[1, 3]
226.7 fp=[1] true=[3] merged=[1, 3]
227.0 fp=[1] true=[3] merged=[1, 3]
227.3 fp=[1] true=[3] merged=[1, 3]
227.6 fp=[1] true=[3] merged=[1, 3]
228.0 fp=[1] true=[3] merged=[1, 3]
228.3 fp=[1] true=[3] merged=[1, 3]
228.6 fp=[1] true=[3] merged=[1, 3]
228.9 fp=[1] true=[3] merged=[1, 3]
229.2 fp=[1] true=[3] merged=[1, 3]
229.5 fp=[1] true=[3] merged=[1, 3]
229.8 fp=[1] true=[3] merged=[1, 3]
230.1 fp=[1] true=[3] merged=[1, 3]
230.4 fp=[1] true=[3] merged=[1, 3]
230.8 fp=[1] true=[3] merged=[1, 3]
231.1 fp=[1] true=[3] merged=[1, 3]
231.4 fp=[1] true=[3] merged=[1, 3]
231.7 fp=[1] true=[3] merged=[1, 3]
232.0 fp=[1] true=[3] merged=[1, 3]
232.4 fp=[1] true=[3] merged=[1, 3]
232.7 fp=[1] true=[3] merged=[1, 3]
233.0 fp=[1] true=[3] merged=[1, 3]
233.3 fp=[1] true=[3] merged=[1, 3]
233.6 fp=[1] true=[3] merged=[1, 3]
233.9 fp=[1] true=[3] merged=[1, 3]
234.2 fp=[1] true=[3] merged=[1, 3]
234.6 fp=[1] true=[3] merged=[1, 3]
234.9 fp=[1] true=[3] merged=[1, 3]
235.2 fp=[1] true=[3] merged=[1, 3]
235.5 fp=[1] true=[3] merged=[1, 3]
235.8 fp=[1] true=[3] merged=[1, 3]
236.1 fp=[1] true=[3] merged=[1, 3]
236.5 fp=[1] true=[3] merged=[1, 3]
236.8 fp=[1] true=[3] merged=[1, 3]
237.1 fp=[1] true=[3] merged=[1, 3]
237.4 fp=[1] true=[3] merged=[1, 3]
237.7 fp=[1] true=[3] merged=[1, 3]
238.1 fp=[1] true=[3] merged=[1, 3]
238.4 fp=[1] true=[3] merged=[1, 3]
238.7 fp=[1] true=[3] merged=[1, 3]
239.0 fp=[1] true=[3] merged=[1, 3]
239.3 fp=[1] true=[3] merged=[1, 3]
239.6 fp=[1] true=[3] merged=[1, 3]
239.9 fp=[1] true=[3] merged=[1, 3]
240.3 fp=[1] true=[3] merged=[1, 3]
240.6 fp=[1] true=[3] merged=[1, 3]
240.9 fp=[1] true=[3] merged=[1, 3]
241.2 fp=[1] true=[3] merged=[1, 3]
241.5 fp=[1] true=[3] merged=[1, 3]
241.9 fp=[1] true=[3] merged=[1, 3]
242.2 fp=[1] true=[3] merged=[1, 3]
242.5 fp=[1] true=[3] merged=[1, 3]
242.8 fp=[1] true=[3] merged=[1, 3]
243.1 fp=[1] true=[3] merged=[1, 3]
243.4 fp=[1] true=[3] merged=[1, 3]
243.7 fp=[1] true=[3] merged=[1, 3]
244.1 fp=[1] true=[3] merged=[1, 3]
244.4 fp=[1] true=[3] merged=[1, 3]
244.7 fp=[1] true=[3] merged=[1, 3]
245.0 fp=[1] true=[3] merged=[1, 3]
245.3 fp=[1] true=[3] merged=[1, 3]
245.6 fp=[1] true=[3] merged=[1, 3]
245.9 fp=[1] true=[3] merged=[1, 3]
246.2 fp=[1] true=[3] merged=[1, 3]
246.5 fp=[1] true=[3] merged=[1, 3]
246.9 fp=[1] true=[3] merged=[1, 3]
247.2 fp=[1] true=[3] merged=[1, 3]
247.5 fp=[1] true=[3] merged=[1, 3]
247.8 fp=[1] true=[3] merged=[1, 3]
248.1 fp=[1] true=[3] merged=[1, 3]
248.4 fp=[1] true=[3] merged=[1, 3]
248.8 fp=[1] true=[3] merged=[1, 3]
249.1 fp=[1] true=[3] merged=[1, 3]
249.4 fp=[1] true=[3] merged=[1, 3]
249.7 fp=[1] true=[3] merged=[1, 3]
250.0 fp=[1] true=[3] merged=[1, 3]
250.3 fp=[1] true=[3] merged=[1, 3]
250.6 fp=[1] true=[3] merged=[1, 3]
250.9 fp=[1] true=[3] merged=[1, 3]
251.3 fp=[1] true=[3] merged=[1, 3]
251.6 fp=[1] true=[3] merged=[1, 3]
251.9 fp=[1] true=[3] merged=[1, 3]
252.2 fp=[1] true=[3] merged=[1, 3]
252.5 fp=[1] true=[3] merged=[1, 3]
252.9 fp=[1] true=[3] merged=[1, 3]
253.2 fp=[1] true=[3] merged=[1, 3]
253.5 fp=[1] true=[3] merged=[1, 3]
253.8 fp=[1] true=[3] merged=[1, 3]
254.1 fp=[1] true=[3] merged=[1, 3]
254.4 fp=[1] true=[3] merged=[1, 3]
254.8 fp=[1] true=[3] merged=[1, 3]
255.1 fp=[1] true=[3] merged=[1, 3]
255.4 fp=[1] true=[3] merged=[1, 3]
255.7 fp=[1] true=[3] merged=[1, 3]
256.0 fp=[1] true=[3] merged=[1, 3]
256.3 fp=[1] true=[3] merged=[1, 3]
256.6 fp=[1] true=[3] merged=[1, 3]
256.9 fp=[1] true=[3] merged=[1, 3]
257.3 fp=[1] true=[3] merged=[1, 3]
257.6 fp=[1] true=[3] merged=[1, 3]
257.9 fp=[1] true=[3] merged=[1, 3]
258.2 fp=[1] true=[3] merged=[1, 3]
258.5 fp=[1] true=[3] merged=[1, 3]
258.8 fp=[1] true=[3] merged=[1, 3]
259.1 fp=[1] true=[3] merged=[1, 3]
259.5 fp=[1] true=[3] merged=[1, 3]
259.8 fp=[1] true=[3] merged=[1, 3]
260.1 fp=[1] true=[3] merged=[1, 3]
260.4 fp=[1] true=[3] merged=[1, 3]
260.7 fp=[1] true=[3] merged=[1, 3]
261.0 fp=[1] true=[3] merged=[1, 3]
261.3 fp=[1] true=[3] merged=[1, 3]
261.6 fp=[1] true=[3] merged=[1, 3]
262.0 fp=[1] true=[3] merged=[1, 3]
262.3 fp=[1] true=[3] merged=[1, 3]
262.6 fp=[1] true=[3] merged=[1, 3]
262.9 fp=[1] true=[3] merged=[1, 3]
263.2 fp=[1] true=[3] merged=[1, 3]
263.5 fp=[1] true=[3] merged=[1, 3]
263.8 fp=[1] true=[3] merged=[1, 3]
264.1 fp=[1] true=[3] merged=[1, 3]
264.5 fp=[1] true=[3] merged=[1, 3]
264.8 fp=[1] true=[3] merged=[1, 3]
265.1 fp=[1] true=[3] merged=[1, 3]
265.4 fp=[1] true=[3] merged=[1, 3]
265.7 fp=[1] true=[3] merged=[1, 3]
266.0 fp=[1] true=[3] merged=[1, 3]
266.3 fp=[1] true=[3] merged=[1, 3]
266.6 fp=[1] true=[3] merged=[1, 3]
266.9 fp=[1] true=[3] merged=[1, 3]
267.3 fp=[1] true=[3] merged=[1, 3]
267.6 fp=[1] true=[3] merged=[1, 3]
267.9 fp=[1] true=[3] merged=[1, 3]
268.2 fp=[1] true=[3] merged=[1, 3]
268.5 fp=[1] true=[3] merged=[1, 3]
268.9 fp=[1] true=[3] merged=[1, 3]
269.2 fp=[1] true=[3] merged=[1, 3]
269.5 fp=[1] true=[3] merged=[1, 3]
269.8 fp=[1] true=[3] merged=[1, 3]
270.1 fp=[1] true=[3] merged=[1, 3]
270.4 fp=[1] true=[3] merged=[1, 3]
270.8 fp=[1] true=[3] merged=[1, 3]
271.1 fp=[1] true=[3] merged=[1, 3]
271.4 fp=[1] true=[3] merged=[1, 3]
271.7 fp=[1] true=[3] merged=[1, 3]
272.0 fp=[1] true=[3] merged=[1, 3]
272.3 fp=[1] true=[3] merged=[1, 3]
272.6 fp=[1] true=[3] merged=[1, 3]
272.9 fp=[1] true=[3] merged=[1, 3]
273.3 fp=[2] true=[3] merged=[2, 3]
273.6 fp=[2] true=[3] merged=[2, 3]
273.9 fp=[2] true=[3] merged=[2, 3]
274.2 fp=[2] true=[3] merged=[2, 3]
274.5 fp=[2] true=[3] merged=[2, 3]
274.9 fp=[2] true=[3] merged=[2, 3]
275.2 fp=[2] true=[3] merged=[2, 3]
275.5 fp=[2] true=[3] merged=[2, 3]
275.8 fp=[2] true=[3] merged=[2, 3]
276.2 fp=[2] true=[3] merged=[2, 3]
276.5 fp=[2] true=[3] merged=[2, 3]
276.8 fp=[2] true=[3] merged=[2, 3]
277.1 fp=[2] true=[3] merged=[2, 3]
277.4 fp=[2] true=[3] merged=[2, 3]
277.7 fp=[2] true=[3] merged=[2, 3]
278.0 fp=[4] true=[3] merged=[3, 4]
278.4 fp=[4] true=[3] merged=[3, 4]
278.7 fp=[4] true=[3] merged=[3, 4]
279.0 fp=[4] true=[3] merged=[3, 4]
279.3 fp=[4] true=[3] merged=[3, 4]
279.6 fp=[4] true=[3] merged=[3, 4]
279.9 fp=[4] true=[3] merged=[3, 4]
280.3 fp=[4] true=[3] merged=[3, 4]
280.6 fp=[4] true=[3] merged=[3, 4]
280.9 fp=[4] true=[3] merged=[3, 4]
281.2 fp=[4] true=[3] merged=[3, 4]
281.5 fp=[4] true=[3] merged=[3, 4]
281.8 fp=[4] true=[3] merged=[3, 4]
282.1 fp=[4] true=[3] merged=[3, 4]
282.4 fp=[4] true=[3] merged=[3, 4]
282.8 fp=[4] true=[3] merged=[3, 4]
283.1 fp=[4] true=[3] merged=[3, 4]
283.4 fp=[4] true=[3] merged=[3, 4]
283.7 fp=[4] true=[3] merged=[3, 4]
284.0 fp=[4] true=[3] merged=[3, 4]
284.3 fp=[4] true=[3] merged=[3, 4]
284.7 fp=[4] true=[3] merged=[3, 4]
285.0 fp=[4] true=[3] merged=[3, 4]
285.3 fp=[4] true=[3] merged=[3, 4]
285.6 fp=[4] true=[3] merged=[3, 4]
285.9 fp=[4] true=[3] merged=[3, 4]
286.2 fp=[4] true=[3] merged=[3, 4]
286.5 fp=[4] true=[3] merged=[3, 4]
286.8 fp=[4] true=[3] merged=[3, 4]
287.1 fp=[4] true=[3] merged=[3, 4]
287.5 fp=[4] true=[3] merged=[3, 4]
287.8 fp=[4] true=[3] merged=[3, 4]
288.1 fp=[4] true=[3] merged=[3, 4]
288.4 fp=[4] true=[3] merged=[3, 4]
288.7 fp=[4] true=[3] merged=[3, 4]
289.0 fp=[4] true=[3] merged=[3, 4]
289.3 fp=[4] true=[3] merged=[3, 4]
289.6 fp=[4] true=[3] merged=[3, 4]
289.9 fp=[4] true=[3] merged=[3, 4]
290.3 fp=[4] true=[3] merged=[3, 4]
290.6 fp=[4] true=[3] merged=[3, 4]
290.9 fp=[4] true=[3] merged=[3, 4]
291.2 fp=[4] true=[3] merged=[3, 4]
291.5 fp=[4] true=[3] merged=[3, 4]
291.8 fp=[4] true=[3] merged=[3, 4]
292.1 fp=[4] true=[3] merged=[3, 4]
292.5 fp=[4] true=[3] merged=[3, 4]
292.8 fp=[4] true=[3] merged=[3, 4]
293.1 fp=[4] true=[3] merged=[3, 4]
293.4 fp=[4] true=[3] merged=[3, 4]
293.7 fp=[4] true=[3] merged=[3, 4]
294.0 fp=[4] true=[3] merged=[3, 4]
294.4 fp=[4] true=[3] merged=[3, 4]
294.7 fp=[4] true=[3] merged=[3, 4]
295.0 fp=[4] true=[3] merged=[3, 4]
295.3 fp=[4] true=[3] merged=[3, 4]
295.6 fp=[4] true=[3] merged=[3, 4]
295.9 fp=[4] true=[3] merged=[3, 4]
296.2 fp=[4] true=[3] merged=[3, 4]
296.5 fp=[4] true=[3] merged=[3, 4]
296.8 fp=[4] true=[3] merged=[3, 4]
297.2 fp=[1] true=[3] merged=[1, 3]
297.5 fp=[1] true=[3] merged=[1, 3]
297.8 fp=[1] true=[3] merged=[1, 3]
298.1 fp=[1] true=[3] merged=[1, 3]
298.4 fp=[1] true=[3] merged=[1, 3]
298.7 fp=[1] true=[3] merged=[1, 3]
299.0 fp=[1] true=[3] merged=[1, 3]
299.4 fp=[1] true=[3] merged=[1, 3]
299.7 fp=[1] true=[3] merged=[1, 3]
300.0 fp=[1] true=[3] merged=[1, 3]
300.3 fp=[1] true=[3] merged=[1, 3]
300.6 fp=[1] true=[3] merged=[1, 3]
300.9 fp=[1] true=[3] merged=[1, 3]
301.2 fp=[1] true=[3] merged=[1, 3]
301.5 fp=[1] true=[3] merged=[1, 3]
301.9 fp=[1] true=[3] merged=[1, 3]
302.2 fp=[1] true=[3] merged=[1, 3]
302.5 fp=[1] true=[3] merged=[1, 3]
302.8 fp=[1] true=[3] merged=[1, 3]
303.1 fp=[1] true=[3] merged=[1, 3]
303.4 fp=[1] true=[3] merged=[1, 3]
303.7 fp=[1] true=[3] merged=[1, 3]
304.0 fp=[1] true=[3] merged=[1, 3]
304.3 fp=[1] true=[3] merged=[1, 3]
304.6 fp=[1] true=[3] merged=[1, 3]
305.0 fp=[1] true=[3] merged=[1, 3]
305.3 fp=[1] true=[3] merged=[1, 3]
305.6 fp=[1] true=[3] merged=[1, 3]
305.9 fp=[1] true=[3] merged=[1, 3]
306.2 fp=[1] true=[3] merged=[1, 3]
306.5 fp=[1] true=[3] merged=[1, 3]
306.8 fp=[1] true=[3] merged=[1, 3]
307.2 fp=[1] true=[3] merged=[1, 3]
307.5 fp=[1] true=[3] merged=[1, 3]
307.8 fp=[1] true=[3] merged=[1, 3]
308.1 fp=[1] true=[3] merged=[1, 3]
308.4 fp=[1] true=[3] merged=[1, 3]
308.7 fp=[1] true=[3] merged=[1, 3]
309.0 fp=[1] true=[3] merged=[1, 3]
309.3 fp=[1] true=[3] merged=[1, 3]
309.7 fp=[1] true=[3] merged=[1, 3]
310.0 fp=[1] true=[3] merged=[1, 3]
310.3 fp=[1] true=[3] merged=[1, 3]
310.6 fp=[1] true=[3] merged=[1, 3]
310.9 fp=[1] true=[3] merged=[1, 3]
311.2 fp=[1] true=[3] merged=[1, 3]
311.5 fp=[1] true=[3] merged=[1, 3]
311.8 fp=[1] true=[3] merged=[1, 3]
312.2 fp=[1] true=[3] merged=[1, 3]
312.5 fp=[1] true=[3] merged=[1, 3]
312.8 fp=[1] true=[3] merged=[1, 3]
313.1 fp=[1] true=[3] merged=[1, 3]
313.4 fp=[1] true=[3] merged=[1, 3]
313.7 fp=[1] true=[3] merged=[1, 3]
314.0 fp=[1] true=[3] merged=[1, 3]
314.3 fp=[1] true=[3] merged=[1, 3]
314.7 fp=[1] true=[3] merged=[1, 3]
315.0 fp=[1] true=[3] merged=[1, 3]
315.3 fp=[1] true=[3] merged=[1, 3]
315.6 fp=[1] true=[3] merged=[1, 3]
315.9 fp=[1] true=[3] merged=[1, 3]
316.2 fp=[1] true=[3] merged=[1, 3]
316.6 fp=[1] true=[3] merged=[1, 3]
316.9 fp=[1] true=[3] merged=[1, 3]
317.2 fp=[4] true=[3] merged=[3, 4]
317.5 fp=[4] true=[3] merged=[3, 4]
317.8 fp=[4] true=[3] merged=[3, 4]
318.1 fp=[4] true=[3] merged=[3, 4]
318.5 fp=[4] true=[3] merged=[3, 4]
318.8 fp=[4] true=[3] merged=[3, 4]
319.1 fp=[1] true=[3] merged=[1, 3]
319.4 fp=[1] true=[3] merged=[1, 3]
319.7 fp=[1] true=[3] merged=[1, 3]
320.0 fp=[1] true=[3] merged=[1, 3]
320.3 fp=[1] true=[3] merged=[1, 3]
320.6 fp=[1] true=[3] merged=[1, 3]
321.0 fp=[1] true=[3] merged=[1, 3]
321.3 fp=[1] true=[3] merged=[1, 3]
321.6 fp=[1] true=[3] merged=[1, 3]
321.9 fp=[1] true=[3] merged=[1, 3]
322.2 fp=[1] true=[3] merged=[1, 3]
322.6 fp=[1] true=[3] merged=[1, 3]
322.9 fp=[1] true=[3] merged=[1, 3]
323.2 fp=[1] true=[3] merged=[1, 3]
323.5 fp=[1] true=[3] merged=[1, 3]
323.8 fp=[1] true=[3] merged=[1, 3]
324.1 fp=[1] true=[3] merged=[1, 3]
324.4 fp=[1] true=[3] merged=[1, 3]
324.7 fp=[1] true=[3] merged=[1, 3]
325.0 fp=[1] true=[3] merged=[1, 3]
325.4 fp=[1] true=[3] merged=[1, 3]
325.7 fp=[1] true=[3] merged=[1, 3]
326.0 fp=[1] true=[3] merged=[1, 3]
326.3 fp=[1] true=[3] merged=[1, 3]
326.6 fp=[1] true=[3] merged=[1, 3]
326.9 fp=[1] true=[3] merged=[1, 3]
327.2 fp=[1] true=[3] merged=[1, 3]
327.5 fp=[1] true=[3] merged=[1, 3]
327.8 fp=[1] true=[3] merged=[1, 3]
328.2 fp=[1] true=[3] merged=[1, 3]
328.5 fp=[1] true=[3] merged=[1, 3]
328.8 fp=[1] true=[3] merged=[1, 3]
329.1 fp=[1] true=[3] merged=[1, 3]
329.4 fp=[1] true=[3] merged=[1, 3]
329.7 fp=[1] true=[3] merged=[1, 3]
330.0 fp=[1] true=[3] merged=[1, 3]
330.3 fp=[1] true=[3] merged=[1, 3]
330.7 fp=[1] true=[3] merged=[1, 3]
331.0 fp=[1] true=[3] merged=[1, 3]
331.3 fp=[1] true=[3] merged=[1, 3]
331.6 fp=[1] true=[3] merged=[1, 3]
331.9 fp=[1] true=[3] merged=[1, 3]
332.2 fp=[1] true=[3] merged=[1, 3]
332.5 fp=[1] true=[3] merged=[1, 3]
332.8 fp=[1] true=[3] merged=[1, 3]
333.1 fp=[1] true=[3] merged=[1, 3]
333.5 fp=[1] true=[3] merged=[1, 3]
333.8 fp=[1] true=[3] merged=[1, 3]
334.1 fp=[1] true=[3] merged=[1, 3]
334.4 fp=[1] true=[3] merged=[1, 3]
334.7 fp=[1] true=[3] merged=[1, 3]
335.1 fp=[1] true=[3] merged=[1, 3]
335.4 fp=[1] true=[3] merged=[1, 3]
335.7 fp=[1] true=[3] merged=[1, 3]
336.0 fp=[1] true=[3] merged=[1, 3]
336.3 fp=[1] true=[3] merged=[1, 3]
336.7 fp=[1] true=[3] merged=[1, 3]
337.0 fp=[1] true=[3] merged=[1, 3]
337.3 fp=[1] true=[3] merged=[1, 3]
337.6 fp=[1] true=[3] merged=[1, 3]
337.9 fp=[1] true=[3] merged=[1, 3]
338.2 fp=[1] true=[3] merged=[1, 3]
338.5 fp=[1] true=[3] merged=[1, 3]
338.9 fp=[1] true=[3] merged=[1, 3]
339.2 fp=[1] true=[3] merged=[1, 3]
339.5 fp=[1] true=[3] merged=[1, 3]
339.8 fp=[1] true=[3] merged=[1, 3]
340.1 fp=[1] true=[3] merged=[1, 3]
340.4 fp=[1] true=[3] merged=[1, 3]
340.7 fp=[1] true=[3] merged=[1, 3]
341.1 fp=[1] true=[3] merged=[1, 3]
341.4 fp=[1] true=[3] merged=[1, 3]
341.7 fp=[1] true=[3] merged=[1, 3]
342.0 fp=[1] true=[3] merged=[1, 3]
342.3 fp=[1] true=[3] merged=[1, 3]
342.6 fp=[1] true=[3] merged=[1, 3]
342.9 fp=[1] true=[3] merged=[1, 3]
343.2 fp=[1] true=[3] merged=[1, 3]
343.6 fp=[1] true=[3] merged=[1, 3]
343.9 fp=[1] true=[3] merged=[1, 3]
344.2 fp=[1] true=[3] merged=[1, 3]
344.5 fp=[1] true=[3] merged=[1, 3]
344.8 fp=[1] true=[3] merged=[1, 3]
345.1 fp=[1] true=[3] merged=[1, 3]
345.4 fp=[1] true=[3] merged=[1, 3]
345.7 fp=[1] true=[3] merged=[1, 3]
346.1 fp=[1] true=[3] merged=[1, 3]
346.4 fp=[1] true=[3] merged=[1, 3]
346.7 fp=[1] true=[3] merged=[1, 3]
347.0 fp=[1] true=[3] merged=[1, 3]
347.3 fp=[1] true=[3] merged=[1, 3]
347.6 fp=[1] true=[3] merged=[1, 3]
347.9 fp=[1] true=[3] merged=[1, 3]
348.2 fp=[1] true=[3] merged=[1, 3]
348.6 fp=[1] true=[3] merged=[1, 3]
348.9 fp=[1] true=[3] merged=[1, 3]
349.2 fp=[1] true=[3] merged=[1, 3]
349.5 fp=[1] true=[3] merged=[1, 3]
349.8 fp=[1] true=[3] merged=[1, 3]
350.1 fp=[1] true=[3] merged=[1, 3]
350.4 fp=[1] true=[3] merged=[1, 3]
350.8 fp=[1] true=[3] merged=[1, 3]
351.1 fp=[1] true=[3] merged=[1, 3]
351.4 fp=[1] true=[3] merged=[1, 3]
351.7 fp=[1] true=[3] merged=[1, 3]
352.0 fp=[1] true=[3] merged=[1, 3]
352.3 fp=[1] true=[3] merged=[1, 3]
352.6 fp=[1] true=[3] merged=[1, 3]
352.9 fp=[1] true=[3] merged=[1, 3]
353.2 fp=[1] true=[3] merged=[1, 3]
353.5 fp=[1] true=[3] merged=[1, 3]
353.8 fp=[1] true=[3] merged=[1, 3]
354.1 fp=[1] true=[3] merged=[1, 3]
354.5 fp=[1] true=[3] merged=[1, 3]
354.8 fp=[1] true=[3] merged=[1, 3]
355.1 fp=[1] true=[3] merged=[1, 3]
355.4 fp=[1] true=[3] merged=[1, 3]
355.7 fp=[1] true=[3] merged=[1, 3]
356.0 fp=[1] true=[3] merged=[1, 3]
356.3 fp=[1] true=[3] merged=[1, 3]
356.6 fp=[1] true=[3] merged=[1, 3]
357.0 fp=[1] true=[3] merged=[1, 3]
357.3 fp=[1] true=[3] merged=[1, 3]
357.6 fp=[1] true=[3] merged=[1, 3]
357.9 fp=[1] true=[3] merged=[1, 3]
358.2 fp=[1] true=[3] merged=[1, 3]
358.5 fp=[1] true=[3] merged=[1, 3]
358.8 fp=[1] true=[3] merged=[1, 3]
359.1 fp=[1] true=[3] merged=[1, 3]
359.5 fp=[1] true=[3] merged=[1, 3]
359.8 fp=[1] true=[3] merged=[1, 3]
360.1 fp=[1] true=[3] merged=[1, 3]
360.4 fp=[1] true=[3] merged=[1, 3]
360.7 fp=[1] true=[3] merged=[1, 3]
361.1 fp=[1] true=[3] merged=[1, 3]
361.4 fp=[1] true=[3] merged=[1, 3]
361.7 fp=[1] true=[3] merged=[1, 3]
362.0 fp=[1] true=[3] merged=[1, 3]
362.3 fp=[1] true=[3] merged=[1, 3]
362.6 fp=[1] true=[3] merged=[1, 3]
362.9 fp=[1] true=[3] merged=[1, 3]
363.2 fp=[1] true=[3] merged=[1, 3]
363.6 fp=[1] true=[3] merged=[1, 3]
363.9 fp=[1] true=[3] merged=[1, 3]
364.2 fp=[1] true=[3] merged=[1, 3]
364.5 fp=[1] true=[3] merged=[1, 3]
364.8 fp=[1] true=[3] merged=[1, 3]
365.1 fp=[1] true=[3] merged=[1, 3]
365.4 fp=[1] true=[3] merged=[1, 3]
365.8 fp=[1] true=[3] merged=[1, 3]
366.1 fp=[1] true=[3] merged=[1, 3]
366.4 fp=[1] true=[3] merged=[1, 3]
366.7 fp=[1] true=[3] merged=[1, 3]
367.0 fp=[1] true=[3] merged=[1, 3]
367.3 fp=[1] true=[3] merged=[1, 3]
367.6 fp=[1] true=[3] merged=[1, 3]
368.0 fp=[1] true=[3] merged=[1, 3]
368.3 fp=[1] true=[3] merged=[1, 3]
368.6 fp=[1] true=[3] merged=[1, 3]
368.9 fp=[1] true=[3] merged=[1, 3]
369.2 fp=[1] true=[3] merged=[1, 3]
369.5 fp=[1] true=[3] merged=[1, 3]
369.8 fp=[1] true=[3] merged=[1, 3]
370.1 fp=[1] true=[3] merged=[1, 3]
370.4 fp=[1] true=[3] merged=[1, 3]
370.7 fp=[1] true=[3] merged=[1, 3]
371.1 fp=[1] true=[3] merged=[1, 3]
371.4 fp=[1] true=[3] merged=[1, 3]
371.7 fp=[1] true=[3] merged=[1, 3]
372.0 fp=[1] true=[3] merged=[1, 3]
372.3 fp=[1] true=[3] merged=[1, 3]
372.6 fp=[1] true=[3] merged=[1, 3]
372.9 fp=[1] true=[3] merged=[1, 3]
373.2 fp=[1] true=[3] merged=[1, 3]
373.6 fp=[1] true=[3] merged=[1, 3]
373.9 fp=[1] true=[3] merged=[1, 3]
374.2 fp=[1] true=[3] merged=[1, 3]
374.5 fp=[1] true=[3] merged=[1, 3]
374.8 fp=[1] true=[3] merged=[1, 3]
375.1 fp=[1] true=[3] merged=[1, 3]
375.5 fp=[1] true=[3] merged=[1, 3]
375.8 fp=[1] true=[3] merged=[1, 3]
376.1 fp=[1] true=[3] merged=[1, 3]
376.4 fp=[1] true=[3] merged=[1, 3]
376.7 fp=[1] true=[3] merged=[1, 3]
377.0 fp=[1] true=[3] merged=[1, 3]
377.4 fp=[1] true=[3] merged=[1, 3]
377.7 fp=[1] true=[3] merged=[1, 3]
378.0 fp=[1] true=[3] merged=[1, 3]
378.3 fp=[1] true=[3] merged=[1, 3]
378.6 fp=[1] true=[3] merged=[1, 3]
378.9 fp=[1] true=[3] merged=[1, 3]
379.2 fp=[1] true=[3] merged=[1, 3]
379.5 fp=[1] true=[3] merged=[1, 3]
379.8 fp=[1] true=[3] merged=[1, 3]
380.2 fp=[1] true=[3] merged=[1, 3]
380.5 fp=[1] true=[3] merged=[1, 3]
380.8 fp=[1] true=[3] merged=[1, 3]
381.1 fp=[1] true=[3] merged=[1, 3]
381.4 fp=[1] true=[3] merged=[1, 3]
381.7 fp=[1] true=[3] merged=[1, 3]
382.1 fp=[1] true=[3] merged=[1, 3]
382.4 fp=[1] true=[3] merged=[1, 3]
382.7 fp=[1] true=[3] merged=[1, 3]
383.0 fp=[1] true=[3] merged=[1, 3]
383.3 fp=[1] true=[3] merged=[1, 3]
383.6 fp=[1] true=[3] merged=[1, 3]
384.0 fp=[1] true=[3] merged=[1, 3]
384.3 fp=[1] true=[3] merged=[1, 3]
384.6 fp=[1] true=[3] merged=[1, 3]
384.9 fp=[1] true=[3] merged=[1, 3]
385.2 fp=[1] true=[3] merged=[1, 3]
385.5 fp=[1] true=[3] merged=[1, 3]
385.8 fp=[1] true=[3] merged=[1, 3]
386.1 fp=[1] true=[3] merged=[1, 3]
386.5 fp=[1] true=[3] merged=[1, 3]
386.8 fp=[1] true=[3] merged=[1, 3]
387.1 fp=[1] true=[3] merged=[1, 3]
387.4 fp=[1] true=[3] merged=[1, 3]
