# start rate=10 seed=4 dur=420 n=7 target=3 events=34
7.2 fp=[2] true=[3] merged=[2, 3]
7.5 fp=[2] true=[3] merged=[2, 3]
7.8 fp=[2] true=[3] merged=[2, 3]
8.1 fp=[2] true=[3] merged=[2, 3]
8.5 fp=[2] true=[3] merged=[2, 3]
8.8 fp=[2] true=[3] merged=[2, 3]
9.1 fp=[2] true=[3] merged=[2, 3]
9.4 fp=[2] true=[3] merged=[2, 3]
9.7 fp=[2] true=[3] merged=[2, 3]
10.0 fp=[2] true=[3] merged=[2, 3]
10.3 fp=[2] true=[3] merged=[2, 3]
10.7 fp=[2] true=[3] merged=[2, 3]
11.0 fp=[2] true=[3] merged=[2, 3]
11.3 fp=[2] true=[3] merged=[2, 3]
11.6 fp=[2] true=[3] merged=[2, 3]
11.9 fp=[2] true=[3] merged=[2, 3]
12.2 fp=[2] true=[3] merged=[2, 3]
12.5 fp=[2] true=[3] merged=[2, 3]
12.9 fp=[2] true=[3] merged=[2, 3]
13.2 fp=[2] true=[3] merged=[2, 3]
13.5 fp=[2] true=[3] merged=[2, 3]
13.8 fp=[2] true=[3] merged=[2, 3]
14.1 fp=[2] true=[3] merged=[2, 3]
14.4 fp=[2] true=[3] merged=[2, 3]
14.7 fp=[2] true=[3] merged=[2, 3]
15.1 fp=[2] true=[3] merged=[2, 3]
15.4 fp=[2] true=[3] merged=[2, 3]
15.7 fp=[2] true=[3] merged=[2, 3]
16.0 fp=[2] true=[3] merged=[2, 3]
16.3 fp=[2] true=[3] merged=[2, 3]
16.6 fp=[2] true=[3] merged=[2, 3]
16.9 fp=[2] true=[3] merged=[2, 3]
17.2 fp=[2] true=[3] merged=[2, 3]
17.6 fp=[2] true=[3] merged=[2, 3]
17.9 fp=[2] true=[3] merged=[2, 3]
18.2 fp=[2] true=[3] merged=[2, 3]
18.5 fp=[2] true=[3] merged=[2, 3]
18.8 fp=[2] true=[3] merged=[2, 3]
19.1 fp=[2] true=[3] merged=[2, 3]
19.4 fp=[2] true=[3] merged=[2, 3]
19.8 fp=[2] true=[3] merged=[2, 3]
20.1 fp=[2] true=[3] merged=[2, 3]
20.4 fp=[2] true=[3] merged=[2, 3]
20.7 fp=[2] true=[3] merged=[2, 3]
21.0 fp=[2] true=[3] merged=[2, 3]
21.3 fp=[2] true=[3] merged=[2, 3]
21.6 fp=[2] true=[3] merged=[2, 3]
21.9 fp=[2] true=[3] merged=[2, 3]
22.2 fp=[2] true=[3] merged=[2, 3]
22.6 fp=[2] true=[3] merged=[2, 3]
22.9 fp=[2] true=[3] merged=[2, 3]
23.2 fp=[2] true=[3] merged=[2, 3]
23.5 fp=[2] true=[3] merged=[2, 3]
23.8 fp=[2] true=[3] merged=[2, 3]
24.1 fp=[2] true=[3] merged=[2, 3]
24.4 fp=[2] true=[3] merged=[2, 3]
24.8 fp=[2] true=[3] merged=[2, 3]
25.1 fp=[2] true=[3] merged=[2, 3]
25.4 fp=[2] true=[3] merged=[2, 3]
25.7 fp=[2] true=[3] merged=[2, 3]
26.0 fp=[2] true=[3] merged=[2, 3]
26.3 fp=[2] true=[3] merged=[2, 3]
26.6 fp=[2] true=[3] merged=[2, 3]
26.9 fp=[2] true=[3] merged=[2, 3]
27.2 fp=[2] true=[3] merged=[2, 3]
27.6 fp=[2] true=[3] merged=[2, 3]
27.9 fp=[2] true=[3] merged=[2, 3]
28.2 fp=[2] true=[3] merged=[2, 3]
28.5 fp=[2] true=[3] merged=[2, 3]
28.8 fp=[2] true=[3] merged=[2, 3]
29.1 fp=[2] true=[3] merged=[2, 3]
29.4 fp=[2] true=[3] merged=[2, 3]
29.8 fp=[2] true=[3] merged=[2, 3]
30.1 fp=[2] true=[3] merged=[2, 3]
30.4 fp=[2] true=[3] merged=[2, 3]
30.7 fp=[2] true=[3] merged=[2, 3]
31.0 fp=[2] true=[3] merged=[2, 3]
31.3 fp=[2] true=[3] merged=[2, 3]
31.6 fp=[2] true=[3] merged=[2, 3]
31.9 fp=[2] true=[3] merged=[2, 3]
32.2 fp=[2] true=[3] merged=[2, 3]
32.6 fp=[2] true=[3] merged=[2, 3]
32.9 fp=[2] true=[3] merged=[2, 3]
33.2 fp=[2] true=[3] merged=[2, 3]
33.5 fp=[2] true=[3] merged=[2, 3]
33.8 fp=[2] true=[3] merged=[2, 3]
34.1 fp=[4] true=[3] merged=[3, 4]
34.4 fp=[4] true=[3] merged=[3, 4]
34.7 fp=[4] true=[3] merged=[3, 4]
35.1 fp=[4] true=[3] merged=[3, 4]
35.4 fp=[4] true=[3] merged=[3, 4]
35.7 fp=[4] true=[3] merged=[3, 4]
36.0 fp=[5] true=[3] merged=[3, 5]
36.3 fp=[5] true=[3] merged=[3, 5]
36.7 fp=[5] true=[3] merged=[3, 5]
37.0 fp=[5] true=[3] merged=[3, 5]
37.3 fp=[5] true=[3] merged=[3, 5]
37.6 fp=[5] true=[3] merged=[3, 5]
37.9 fp=[5] true=[3] merged=[3, 5]
38.2 fp=[7] true=[3] merged=[3, 7]
38.5 fp=[7] true=[3] merged=[3, 7]
38.8 fp=[7] true=[3] merged=[3, 7]
39.2 fp=[7] true=[3] merged=[3, 7]
39.5 fp=[7] true=[3] merged=[3, 7]
39.8 fp=[7] true=[3] merged=[3, 7]
40.1 fp=[7] true=[3] merged=[3, 7]
40.4 fp=[7] true=[3] merged=[3, 7]
40.7 fp=[7] true=[3] merged=[3, 7]
41.0 fp=[7] true=[3] merged=[3, 7]
41.3 fp=[7] true=[3] merged=[3, 7]
41.6 fp=[7] true=[3] merged=[3, 7]
42.0 fp=[7] true=[3] merged=[3, 7]
42.3 fp=[7] true=[3] merged=[3, 7]
42.6 fp=[7] true=[3] merged=[3, 7]
42.9 fp=[7] true=[3] merged=[3, 7]
43.2 fp=[6] true=[3] merged=[3, 6]
43.5 fp=[6] true=[3] merged=[3, 6]
43.8 fp=[6] true=[3] merged=[3, 6]
44.2 fp=[6] true=[3] merged=[3, 6]
44.5 fp=[6] true=[3] merged=[3, 6]
44.8 fp=[6] true=[3] merged=[3, 6]
45.1 fp=[6] true=[3] merged=[3, 6]
45.4 fp=[6] true=[3] merged=[3, 6]
45.7 fp=[6] true=[3] merged=[3, 6]
46.0 fp=[6] true=[3] merged=[3, 6]
46.3 fp=[6] true=[3] merged=[3, 6]
46.6 fp=[6] true=[3] merged=[3, 6]
47.0 fp=[6] true=[3] merged=[3, 6]
47.3 fp=[6] true=[3] merged=[3, 6]
47.6 fp=[6] true=[3] merged=[3, 6]
47.9 fp=[6] true=[3] merged=[3, 6]
48.2 fp=[6] true=[3] merged=[3, 6]
48.5 fp=[6] true=[3] merged=[3, 6]
48.9 fp=[6] true=[3] merged=[3, 6]
49.2 fp=[6] true=[3] merged=[3, 6]
49.5 fp=[6] true=[3] merged=[3, 6]
49.8 fp=[6] true=[3] merged=[3, 6]
50.1 fp=[6] true=[3] merged=[3, 6]
50.4 fp=[6] true=[3] merged=[3, 6]
50.7 fp=[6] true=[3] merged=[3, 6]
51.0 fp=[6] true=[3] merged=[3, 6]
51.3 fp=[6] true=[3] merged=[3, 6]
51.7 fp=[6] true=[3] merged=[3, 6]
52.0 fp=[6] true=[3] merged=[3, 6]
52.3 fp=[6] true=[3] merged=[3, 6]
52.6 fp=[6] true=[3] merged=[3, 6]
52.9 fp=[6] true=[3] merged=[3, 6]
53.2 fp=[6] true=[3] merged=[3, 6]
53.5 fp=[6] true=[3] merged=[3, 6]
53.9 fp=[6] true=[3] merged=[3, 6]
54.2 fp=[6] true=[3] merged=[3, 6]
54.5 fp=[6] true=[3] merged=[3, 6]
54.8 fp=[6] true=[3] merged=[3, 6]
55.1 fp=[6] true=[3] merged=[3, 6]
55.4 fp=[6] true=[3] merged=[3, 6]
55.7 fp=[6] true=[3] merged=[3, 6]
56.1 fp=[6] true=[3] merged=[3, 6]
56.4 fp=[6] true=[3] merged=[3, 6]
56.7 fp=[6] true=[3] merged=[3, 6]
57.0 fp=[6] true=[3] merged=[3, 6]
57.3 fp=[6] true=[3] merged=[3, 6]
57.7 fp=[6] true=[3] merged=[3, 6]
58.0 fp=[6] true=[3] merged=[3, 6]
58.3 fp=[1] true=[3] merged=[1, 3]
58.6 fp=[1] true=[3] merged=[1, 3]
58.9 fp=[1] true=[3] merged=[1, 3]
59.2 fp=[1] true=[3] merged=[1, 3]
59.5 fp=[1] true=[3] merged=[1, 3]
59.8 fp=[1] true=[3] merged=[1, 3]
60.2 fp=[1] true=[3] merged=[1, 3]
60.5 fp=[1] true=[3] merged=[1, 3]
60.8 fp=[1] true=[3] merged=[1, 3]
61.1 fp=[1] true=[3] merged=[1, 3]
61.4 fp=[1] true=[3] merged=[1, 3]
61.7 fp=[1] true=[3] merged=[1, 3]
62.0 fp=[1] true=[3] merged=[1, 3]
62.3 fp=[1] true=[3] merged=[1, 3]
62.7 fp=[1] true=[3] merged=[1, 3]
63.0 fp=[1] true=[3] merged=[1, 3]
63.3 fp=[1] true=[3] merged=[1, 3]
63.6 fp=[1] true=[3] merged=[1, 3]
63.9 fp=[1] true=[3] merged=[1, 3]
64.2 fp=[1] true=[3] merged=[1, 3]
64.5 fp=[1] true=[3] merged=[1, 3]
64.8 fp=[1] true=[3] merged=[1, 3]
65.2 fp=[1] true=[3] merged=[1, 3]
65.5 fp=[1] true=[3] merged=[1, 3]
65.8 fp=[1] true=[3] merged=[1, 3]
66.1 fp=[1] true=[3] merged=[1, 3]
66.4 fp=[1] true=[3] merged=[1, 3]
66.7 fp=[1] true=[3] merged=[1, 3]
67.1 fp=[1] true=[3] merged=[1, 3]
67.4 fp=[1] true=[3] merged=[1, 3]
67.7 fp=[1] true=[3] merged=[1, 3]
68.0 fp=[1] true=[3] merged=[1, 3]
68.3 fp=[1] true=[3] merged=[1, 3]
68.6 fp=[1] true=[3] merged=[1, 3]
68.9 fp=[1] true=[3] merged=[1, 3]
69.2 fp=[1] true=[3] merged=[1, 3]
69.6 fp=[1] true=[3] merged=[1, 3]
69.9 fp=[1] true=[3] merged=[1, 3]
70.2 fp=[1] true=[3] merged=[1, 3]
70.5 fp=[1] true=[3] merged=[1, 3]
70.8 fp=[1] true=[3] merged=[1, 3]
71.1 fp=[1] true=[3] merged=[1, 3]
71.4 fp=[1] true=[3] merged=[1, 3]
71.8 fp=[1] true=[3] merged=[1, 3]
72.1 fp=[1] true=[3] merged=[1, 3]
72.4 fp=[1] true=[3] merged=[1, 3]
72.7 fp=[1] true=[3] merged=[1, 3]
73.0 fp=[1] true=[3] merged=[1, 3]
73.3 fp=[1] true=[3] merged=[1, 3]
73.6 fp=[1] true=[3] merged=[1, 3]
74.0 fp=[1] true=[3] merged=[1, 3]
74.3 fp=[1] true=[3] merged=[1, 3]
74.6 fp=[1] true=[3] merged=[1, 3]
74.9 fp=[1] true=[3] merged=[1, 3]
75.3 fp=[1] true=[3] merged=[1, 3]
75.6 fp=[1] true=[3] merged=[1, 3]
75.9 fp=[1] true=[3] merged=[1, 3]
76.2 fp=[1] true=[3] merged=[1, 3]
76.6 fp=[1] true=[3] merged=[1, 3]
76.9 fp=[1] true=[3] merged=[1, 3]
77.2 fp=[1] true=[3] merged=[1, 3]
77.5 fp=[1] true=[3] merged=[1, 3]
77.8 fp=[1] true=[3] merged=[1, 3]
79.1 fp=[1] true=[3] merged=[1, 3]
79.4 fp=[1] true=[3] merged=[1, 3]
79.7 fp=[1] true=[3] merged=[1, 3]
80.0 fp=[1] true=[3] merged=[1, 3]
80.3 fp=[1] true=[3] merged=[1, 3]
80.6 fp=[1] true=[3] merged=[1, 3]
80.9 fp=[1] true=[3] merged=[1, 3]
81.2 fp=[1] true=[3] merged=[1, 3]
81.5 fp=[1] true=[3] merged=[1, 3]
81.8 fp=[1] true=[3] merged=[1, 3]
82.2 fp=[1] true=[3] merged=[1, 3]
82.5 fp=[1] true=[3] merged=[1, 3]
82.8 fp=[1] true=[3] merged=[1, 3]
83.1 fp=[1] true=[3] merged=[1, 3]
83.4 fp=[1] true=[3] merged=[1, 3]
83.7 fp=[1] true=[3] merged=[1, 3]
84.0 fp=[1] true=[3] merged=[1, 3]
84.3 fp=[1] true=[3] merged=[1, 3]
84.6 fp=[1] true=[3] merged=[1, 3]
84.9 fp=[1] true=[3] merged=[1, 3]
85.3 fp=[1] true=[3] merged=[1, 3]
85.6 fp=[1] true=[3] merged=[1, 3]
85.9 fp=[1] true=[3] merged=[1, 3]
86.2 fp=[1] true=[3] merged=[1, 3]
86.5 fp=[1] true=[3] merged=[1, 3]
86.8 fp=[1] true=[3] merged=[1, 3]
87.1 fp=[1] true=[3] merged=[1, 3]
87.5 fp=[1] true=[3] merged=[1, 3]
87.8 fp=[1] true=[3] merged=[1, 3]
88.1 fp=[1] true=[3] merged=[1, 3]
88.4 fp=[1] true=[3] merged=[1, 3]
88.7 fp=[1] true=[3] merged=[1, 3]
89.0 fp=[1] true=[3] merged=[1, 3]
89.3 fp=[1] true=[3] merged=[1, 3]
89.6 fp=[1] true=[3] merged=[1, 3]
89.9 fp=[1] true=[3] merged=[1, 3]
90.2 fp=[1] true=[3] merged=[1, 3]
90.6 fp=[1] true=[3] merged=[1, 3]
90.9 fp=[1] true=[3] merged=[1, 3]
91.2 fp=[1] true=[3] merged=[1, 3]
91.5 fp=[1] true=[3] merged=[1, 3]
91.8 fp=[1] true=[3] merged=[1, 3]
92.2 fp=[1] true=[3] merged=[1, 3]
92.5 fp=[1] true=[3] merged=[1, 3]
92.8 fp=[1] true=[3] merged=[1, 3]
93.1 fp=[1] true=[3] merged=[1, 3]
93.4 fp=[1] true=[3] merged=[1, 3]
93.8 fp=[1] true=[3] merged=[1, 3]
94.1 fp=[1] true=[3] merged=[1, 3]
94.4 fp=[1] true=[3] merged=[1, 3]
94.7 fp=[1] true=[3] merged=[1, 3]
95.0 fp=[1] true=[3] merged=[1, 3]
95.3 fp=[1] true=[3] merged=[1, 3]
95.6 fp=[1] true=[3] merged=[1, 3]
96.0 fp=[1] true=[3] merged=[1, 3]
96.3 fp=[1] true=[3] merged=[1, 3]
96.6 fp=[1] true=[3] merged=[1, 3]
96.9 fp=[1] true=[3] merged=[1, 3]
97.2 fp=[1] true=[3] merged=[1, 3]
97.5 fp=[1] true=[3] merged=[1, 3]
97.9 fp=[1] true=[3] merged=[1, 3]
98.2 fp=[1] true=[3] merged=[1, 3]
98.5 fp=[1] true=[3] merged=[1, 3]
98.8 fp=[1] true=[3] merged=[1, 3]
99.1 fp=[6] true=[3] merged=[3, 6]
99.4 fp=[6] true=[3] merged=[3, 6]
99.8 fp=[6] true=[3] merged=[3, 6]
100.1 fp=[6] true=[3] merged=[3, 6]
100.4 fp=[6] true=[3] merged=[3, 6]
100.7 fp=[6] true=[3] merged=[3, 6]
101.0 fp=[6] true=[3] merged=[3, 6]
101.3 fp=[6] true=[3] merged=[3, 6]
101.6 fp=[6] true=[3] merged=[3, 6]
101.9 fp=[6] true=[3] merged=[3, 6]
102.3 fp=[6] true=[3] merged=[3, 6]
102.6 fp=[6] true=[3] merged=[3, 6]
102.9 fp=[6] true=[3] merged=[3, 6]
103.2 fp=[7] true=[3] merged=[3, 7]
103.5 fp=[7] true=[3] merged=[3, 7]
103.8 fp=[7] true=[3] merged=[3, 7]
104.1 fp=[7] true=[3] merged=[3, 7]
104.4 fp=[7] true=[3] merged=[3, 7]
104.7 fp=[7] true=[3] merged=[3, 7]
105.1 fp=[7] true=[3] merged=[3, 7]
105.4 fp=[7] true=[3] merged=[3, 7]
105.7 fp=[7] true=[3] merged=[3, 7]
106.0 fp=[7] true=[3] merged=[3, 7]
106.3 fp=[7] true=[3] merged=[3, 7]
106.6 fp=[7] true=[3] merged=[3, 7]
107.0 fp=[7] true=[3] merged=[3, 7]
107.3 fp=[7] true=[3] merged=[3, 7]
107.6 fp=[7] true=[3] merged=[3, 7]
107.9 fp=[7] true=[3] merged=[3, 7]
108.2 fp=[7] true=[3] merged=[3, 7]
108.5 fp=[7] true=[3] merged=[3, 7]
108.8 fp=[7] true=[3] merged=[3, 7]
109.1 fp=[7] true=[3] merged=[3, 7]
109.4 fp=[7] true=[3] merged=[3, 7]
109.7 fp=[7] true=[3] merged=[3, 7]
110.1 fp=[7] true=[3] merged=[3, 7]
110.4 fp=[7] true=[3] merged=[3, 7]
110.7 fp=[7] true=[3] merged=[3, 7]
111.0 fp=[7] true=[3] merged=[3, 7]
111.3 fp=[7] true=[3] merged=[3, 7]
111.6 fp=[7] true=[3] merged=[3, 7]
111.9 fp=[7] true=[3] merged=[3, 7]
112.3 fp=[7] true=[3] merged=[3, 7]
112.6 fp=[7] true=[3] merged=[3, 7]
112.9 fp=[7] true=[3] merged=[3, 7]
113.2 fp=[7] true=[3] merged=[3, 7]
113.5 fp=[7] true=[3] merged=[3, 7]
113.8 fp=[7] true=[3] merged=[3, 7]
114.1 fp=[7] true=[3] merged=[3, 7]
114.5 fp=[7] true=[3] merged=[3, 7]
114.8 fp=[7] true=[3] merged=[3, 7]
115.1 fp=[7] true=[3] merged=[3, 7]
115.4 fp=[7] true=[3] merged=[3, 7]
115.8 fp=[7] true=[3] merged=[3, 7]
116.1 fp=[7] true=[3] merged=[3, 7]
116.4 fp=[7] true=[3] merged=[3, 7]
116.7 fp=[7] true=[3] merged=[3, 7]
117.0 fp=[7] true=[3] merged=[3, 7]
117.3 fp=[7] true=[3] merged=[3, 7]
117.7 fp=[7] true=[3] merged=[3, 7]
118.0 fp=[7] true=[3] merged=[3, 7]
118.3 fp=[7] true=[3] merged=[3, 7]
118.6 fp=[7] true=[3] merged=[3, 7]
118.9 fp=[7] true=[3] merged=[3, 7]
119.2 fp=[7] true=[3] merged=[3, 7]
119.5 fp=[7] true=[3] merged=[3, 7]
119.8 fp=[7] true=[3] merged=[3, 7]
120.2 fp=[7] true=[3] merged=[3, 7]
120.5 fp=[7] true=[3] merged=[3, 7]
120.8 fp=[7] true=[3] merged=[3, 7]
121.1 fp=[7] true=[3] merged=[3, 7]
121.4 fp=[7] true=[3] merged=[3, 7]
121.7 fp=[7] true=[3] merged=[3, 7]
122.1 fp=[7] true=[3] merged=[3, 7]
122.4 fp=[7] true=[3] merged=[3, 7]
122.7 fp=[7] true=[3] merged=[3, 7]
123.0 fp=[7] true=[3] merged=[3, 7]
123.3 fp=[7] true=[3] merged=[3, 7]
123.6 fp=[7] true=[3] merged=[3, 7]
123.9 fp=[7] true=[3] merged=[3, 7]
124.2 fp=[7] true=[3] merged=[3, 7]
124.5 fp=[7] true=[3] merged=[3, 7]
124.9 fp=[7] true=[3] merged=[3, 7]
125.2 fp=[7] true=[3] merged=[3, 7]
125.5 fp=[7] true=[3] merged=[3, 7]
125.8 fp=[7] true=[3] merged=[3, 7]
126.1 fp=[7] true=[3] merged=[3, 7]
126.4 fp=[7] true=[3] merged=[3, 7]
126.8 fp=[7] true=[3] merged=[3, 7]
127.1 fp=[7] true=[3] merged=[3, 7]
127.4 fp=[7] true=[3] merged=[3, 7]
127.7 fp=[7] true=[3] merged=[3, 7]
128.0 fp=[7] true=[3] merged=[3, 7]
128.3 fp=[7] true=[3] merged=[3, 7]
128.6 fp=[7] true=[3] merged=[3, 7]
129.0 fp=[7] true=[3] merged=[3, 7]
129.3 fp=[7] true=[3] merged=[3, 7]
129.6 fp=[7] true=[3] merged=[3, 7]
129.9 fp=[7] true=[3] merged=[3, 7]
130.2 fp=[7] true=[3] merged=[3, 7]
130.5 fp=[7] true=[3] merged=[3, 7]
130.8 fp=[7] true=[3] merged=[3, 7]
131.1 fp=[7] true=[3] merged=[3, 7]
131.5 fp=[7] true=[3] merged=[3, 7]
131.8 fp=[7] true=[3] merged=[3, 7]
132.1 fp=[7] true=[3] merged=[3, 7]
132.4 fp=[7] true=[3] merged=[3, 7]
132.7 fp=[7] true=[3] merged=[3, 7]
133.0 fp=[7] true=[3] merged=[3, 7]
133.3 fp=[7] true=[3] merged=[3, 7]
133.6 fp=[7] true=[3] merged=[3, 7]
134.0 fp=[7] true=[3] merged=[3, 7]
156.2 fp=[6] true=[3] merged=[3, 6]
156.6 fp=[6] true=[3] merged=[3, 6]
156.9 fp=[6] true=[3] merged=[3, 6]
157.2 fp=[6] true=[3] merged=[3, 6]
157.5 fp=[6] true=[3] merged=[3, 6]
157.8 fp=[6] true=[3] merged=[3, 6]
158.1 fp=[6] true=[3] merged=[3, 6]
158.4 fp=[6] true=[3] merged=[3, 6]
158.8 fp=[6] true=[3] merged=[3, 6]
159.1 fp=[6] true=[3] merged=[3, 6]
159.4 fp=[6] true=[3] merged=[3, 6]
159.7 fp=[6] true=[3] merged=[3, 6]
160.0 fp=[6] true=[3] merged=[3, 6]
160.4 fp=[6] true=[3] merged=[3, 6]
160.7 fp=[6] true=[3] merged=[3, 6]
161.0 fp=[6] true=[3] merged=[3, 6]
161.3 fp=[6] true=[3] merged=[3, 6]
161.6 fp=[6] true=[3] merged=[3, 6]
161.9 fp=[6] true=[3] merged=[3, 6]
162.2 fp=[6] true=[3] merged=[3, 6]
162.6 fp=[6] true=[3] merged=[3, 6]
162.9 fp=[6] true=[3] merged=[3, 6]
163.2 fp=[6] true=[3] merged=[3, 6]
163.5 fp=[6] true=[3] merged=[3, 6]
163.8 fp=[6] true=[3] merged=[3, 6]
164.1 fp=[6] true=[3] merged=[3, 6]
164.4 fp=[6] true=[3] merged=[3, 6]
164.7 fp=[6] true=[3] merged=[3, 6]
165.1 fp=[6] true=[3] merged=[3, 6]
165.4 fp=[6] true=[3] merged=[3, 6]
165.7 fp=[6] true=[3] merged=[3, 6]
166.0 fp=[6] true=[3] merged=[3, 6]
166.3 fp=[6] true=[3] merged=[3, 6]
166.6 fp=[6] true=[3] merged=[3, 6]
167.0 fp=[6] true=[3] merged=[3, 6]
167.3 fp=[6] true=[3] merged=[3, 6]
167.6 fp=[6] true=[3] merged=[3, 6]
167.9 fp=[6] true=[3] merged=[3, 6]
168.2 fp=[6] true=[3] merged=[3, 6]
168.5 fp=[6] true=[3] merged=[3, 6]
168.8 fp=[6] true=[3] merged=[3, 6]
169.1 fp=[6] true=[3] merged=[3, 6]
169.5 fp=[6] true=[3] merged=[3, 6]
169.8 fp=[6] true=[3] merged=[3, 6]
170.1 fp=[6] true=[3] merged=[3, 6]
170.4 fp=[6] true=[3] merged=[3, 6]
170.7 fp=[6] true=[3] merged=[3, 6]
171.1 fp=[6] true=[3] merged=[3, 6]
171.4 fp=[6] true=[3] merged=[3, 6]
171.7 fp=[6] true=[3] merged=[3, 6]
172.0 fp=[6] true=[3] merged=[3, 6]
172.3 fp=[6] true=[3] merged=[3, 6]
172.6 fp=[6] true=[3] merged=[3, 6]
172.9 fp=[6] true=[3] merged=[3, 6]
173.3 fp=[5] true=[3] merged=[3, 5]
173.6 fp=[5] true=[3] merged=[3, 5]
173.9 fp=[5] true=[3] merged=[3, 5]
174.2 fp=[5] true=[3] merged=[3, 5]
174.5 fp=[5] true=[3] merged=[3, 5]
174.9 fp=[5] true=[3] merged=[3, 5]
175.2 fp=[5] true=[3] merged=[3, 5]
175.5 fp=[5] true=[3] merged=[3, 5]
175.8 fp=[5] true=[3] merged=[3, 5]
176.1 fp=[1] true=[3] merged=[1, 3]
176.4 fp=[1] true=[3] merged=[1, 3]
176.8 fp=[1] true=[3] merged=[1, 3]
177.1 fp=[1] true=[3] merged=[1, 3]
177.4 fp=[1] true=[3] merged=[1, 3]
177.7 fp=[1] true=[3] merged=[1, 3]
178.0 fp=[1] true=[3] merged=[1, 3]
178.3 fp=[1] true=[3] merged=[1, 3]
178.7 fp=[1] true=[3] merged=[1, 3]
179.0 fp=[1] true=[3] merged=[1, 3]
179.3 fp=[1] true=[3] merged=[1, 3]
179.6 fp=[1] true=[3] merged=[1, 3]
179.9 fp=[1] true=[3] merged=[1, 3]
180.2 fp=[1] true=[3] merged=[1, 3]
180.5 fp=[1] true=[3] merged=[1, 3]
180.9 fp=[1] true=[3] merged=[1, 3]
181.2 fp=[1] true=[3] merged=[1, 3]
181.5 fp=[1] true=[3] merged=[1, 3]
181.8 fp=[1] true=[3] merged=[1, 3]
182.1 fp=[1] true=[3] merged=[1, 3]
182.5 fp=[1] true=[3] merged=[1, 3]
182.8 fp=[1] true=[3] merged=[1, 3]
183.1 fp=[1] true=[3] merged=[1, 3]
183.4 fp=[1] true=[3] merged=[1, 3]
183.7 fp=[1] true=[3] merged=[1, 3]
184.0 fp=[1] true=[3] merged=[1, 3]
184.3 fp=[1] true=[3] merged=[1, 3]
184.6 fp=[1] true=[3] merged=[1, 3]
185.0 fp=[1] true=[3] merged=[1, 3]
185.3 fp=[1] true=[3] merged=[1, 3]
185.6 fp=[1] true=[3] merged=[1, 3]
185.9 fp=[1] true=[3] merged=[1, 3]
186.2 fp=[1] true=[3] merged=[1, 3]
186.5 fp=[1] true=[3] merged=[1, 3]
186.9 fp=[1] true=[3] merged=[1, 3]
187.2 fp=[1] true=[3] merged=[1, 3]
187.5 fp=[1] true=[3] merged=[1, 3]
187.8 fp=[1] true=[3] merged=[1, 3]
188.1 fp=[1] true=[3] merged=[1, 3]
188.4 fp=[1] true=[3] merged=[1, 3]
188.7 fp=[1] true=[3] merged=[1, 3]
189.0 fp=[1] true=[3] merged=[1, 3]
189.4 fp=[1] true=[3] merged=[1, 3]
189.7 fp=[1] true=[3] merged=[1, 3]
190.0 fp=[1] true=[3] merged=[1, 3]
190.3 fp=[1] true=[3] merged=[1, 3]
190.6 fp=[1] true=[3] merged=[1, 3]
190.9 fp=[1] true=[3] merged=[1, 3]
191.2 fp=[1] true=[3] merged=[1, 3]
191.5 fp=[1] true=[3] merged=[1, 3]
191.9 fp=[1] true=[3] merged=[1, 3]
192.2 fp=[1] true=[3] merged=[1, 3]
192.5 fp=[1] true=[3] merged=[1, 3]
192.8 fp=[1] true=[3] merged=[1, 3]
193.1 fp=[1] true=[3] merged=[1, 3]
193.4 fp=[1] true=[3] merged=[1, 3]
193.8 fp=[1] true=[3] merged=[1, 3]
194.1 fp=[1] true=[3] merged=[1, 3]
194.4 fp=[1] true=[3] merged=[1, 3]
194.7 fp=[1] true=[3] merged=[1, 3]
195.1 fp=[1] true=[3] merged=[1, 3]
195.4 fp=[1] true=[3] merged=[1, 3]
195.7 fp=[1] true=[3] merged=[1, 3]
196.0 fp=[4] true=[3] merged=[3, 4]
196.3 fp=[4] true=[3] merged=[3, 4]
196.6 fp=[4] true=[3] merged=[3, 4]
196.9 fp=[4] true=[3] merged=[3, 4]
197.2 fp=[4] true=[3] merged=[3, 4]
197.6 fp=[4] true=[3] merged=[3, 4]
197.9 fp=[4] true=[3] merged=[3, 4]
198.2 fp=[4] true=[3] merged=[3, 4]
198.5 fp=[4] true=[3] merged=[3, 4]
198.8 fp=[4] true=[3] merged=[3, 4]
199.1 fp=[4] true=[3] merged=[3, 4]
199.5 fp=[4] true=[3] merged=[3, 4]
199.8 fp=[4] true=[3] merged=[3, 4]
200.1 fp=[4] true=[3] merged=[3, 4]
200.4 fp=[4] true=[3] merged=[3, 4]
200.7 fp=[4] true=[3] merged=[3, 4]
201.0 fp=[4] true=[3] merged=[3, 4]
201.3 fp=[4] true=[3] merged=[3, 4]
201.7 fp=[4] true=[3] merged=[3, 4]
202.0 fp=[4] true=[3] merged=[3, 4]
202.3 fp=[4] true=[3] merged=[3, 4]
202.6 fp=[4] true=[3] merged=[3, 4]
202.9 fp=[4] true=[3] merged=[3, 4]
203.2 fp=[4] true=[3] merged=[3, 4]
203.5 fp=[4] true=[3] merged=[3, 4]
203.8 fp=[4] true=[3] merged=[3, 4]
204.2 fp=[4] true=[3] merged=[3, 4]
204.5 fp=[4] true=[3] merged=[3, 4]
204.8 fp=[4] true=[3] merged=[3, 4]
205.1 fp=[2] true=[3] merged=[2, 3]
205.4 fp=[2] true=[3] merged=[2, 3]
205.7 fp=[2] true=[3] merged=[2, 3]
206.0 fp=[2] true=[3] merged=[2, 3]
206.4 fp=[2] true=[3] merged=[2, 3]
206.7 fp=[2] true=[3] merged=[2, 3]
207.0 fp=[2] true=[3] merged=[2, 3]
207.3 fp=[2] true=[3] merged=[2, 3]
207.6 fp=[2] true=[3] merged=[2, 3]
207.9 fp=[2] true=[3] merged=[2, 3]
208.2 fp=[2] true=[3] merged=[2, 3]
208.6 fp=[2] true=[3] merged=[2, 3]
208.9 fp=[2] true=[3] merged=[2, 3]
209.2 fp=[2] true=[3] merged=[2, 3]
209.5 fp=[2] true=[3] merged=[2, 3]
209.8 fp=[2] true=[3] merged=[2, 3]
210.1 fp=[2] true=[3] merged=[2, 3]
210.4 fp=[2] true=[3] merged=[2, 3]
210.7 fp=[2] true=[3] merged=[2, 3]
211.0 fp=[2] true=[3] merged=[2, 3]
211.4 fp=[2] true=[3] merged=[2, 3]
211.7 fp=[2] true=[3] merged=[2, 3]
212.0 fp=[2] true=[3] merged=[2, 3]
212.3 fp=[2] true=[3] merged=[2, 3]
212.6 fp=[2] true=[3] merged=[2, 3]
212.9 fp=[2] true=[3] merged=[2, 3]
213.2 fp=[2] true=[3] merged=[2, 3]
213.5 fp=[2] true=[3] merged=[2, 3]
213.8 fp=[2] true=[3] merged=[2, 3]
214.2 fp=[2] true=[3] merged=[2, 3]
214.5 fp=[2] true=[3] merged=[2, 3]
214.8 fp=[2] true=[3] merged=[2, 3]
215.2 fp=[2] true=[3] merged=[2, 3]
215.5 fp=[2] true=[3] merged=[2, 3]
215.8 fp=[2] true=[3] merged=[2, 3]
216.1 fp=[2] true=[3] merged=[2, 3]
216.4 fp=[2] true=[3] merged=[2, 3]
216.7 fp=[2] true=[3] merged=[2, 3]
217.1 fp=[2] true=[3] merged=[2, 3]
217.4 fp=[2] true=[3] merged=[2, 3]
217.7 fp=[2] true=[3] merged=[2, 3]
218.0 fp=[2] true=[3] merged=[2, 3]
218.3 fp=[2] true=[3] merged=[2, 3]
218.6 fp=[2] true=[3] merged=[2, 3]
218.9 fp=[2] true=[3] merged=[2, 3]
219.2 fp=[2] true=[3] merged=[2, 3]
219.6 fp=[2] true=[3] merged=[2, 3]
219.9 fp=[2] true=[3] merged=[2, 3]
220.2 fp=[2] true=[3] merged=[2, 3]
220.5 fp=[2] true=[3] merged=[2, 3]
220.8 fp=[2] true=[3] merged=[2, 3]
221.1 fp=[2] true=[3] merged=[2, 3]
221.4 fp=[2] true=[3] merged=[2, 3]
221.7 fp=[2] true=[3] merged=[2, 3]
222.0 fp=[2] true=[3] merged=[2, 3]
222.3 fp=[2] true=[3] merged=[2, 3]
222.7 fp=[2] true=[3] merged=[2, 3]
223.0 fp=[2] true=[3] merged=[2, 3]
223.3 fp=[2] true=[3] merged=[2, 3]
223.6 fp=[2] true=[3] merged=[2, 3]
223.9 fp=[2] true=[3] merged=[2, 3]
224.2 fp=[2] true=[3] merged=[2, 3]
224.6 fp=[2] true=[3] merged=[2, 3]
224.9 fp=[2] true=[3] merged=[2, 3]
225.3 fp=[5] true=[3] merged=[3, 5]
225.6 fp=[5] true=[3] merged=[3, 5]
225.9 fp=[5] true=[3] merged=[3, 5]
238.1 fp=[6] true=[3] merged=[3, 6]
238.4 fp=[6] true=[3] merged=[3, 6]
238.7 fp=[6] true=[3] merged=[3, 6]
239.0 fp=[6] true=[3] merged=[3, 6]
239.3 fp=[6] true=[3] merged=[3, 6]
239.6 fp=[6] true=[3] merged=[3, 6]
240.0 fp=[6] true=[3] merged=[3, 6]
240.3 fp=[6] true=[3] merged=[3, 6]
240.6 fp=[6] true=[3] merged=[3, 6]
240.9 fp=[6] true=[3] merged=[3, 6]
241.2 fp=[6] true=[3] merged=[3, 6]
241.5 fp=[6] true=[3] merged=[3, 6]
241.8 fp=[6] true=[3] merged=[3, 6]
242.1 fp=[6] true=[3] merged=[3, 6]
242.5 fp=[6] true=[3] merged=[3, 6]
242.8 fp=[6] true=[3] merged=[3, 6]
243.1 fp=[6] true=[3] merged=[3, 6]
243.4 fp=[6] true=[3] merged=[3, 6]
243.7 fp=[6] true=[3] merged=[3, 6]
244.0 fp=[6] true=[3] merged=[3, 6]
244.4 fp=[6] true=[3] merged=[3, 6]
244.7 fp=[6] true=[3] merged=[3, 6]
245.0 fp=[6] true=[3] merged=[3, 6]
245.3 fp=[6] true=[3] merged=[3, 6]
245.7 fp=[6] true=[3] merged=[3, 6]
246.0 fp=[6] true=[3] merged=[3, 6]
246.3 fp=[6] true=[3] merged=[3, 6]
246.6 fp=[6] true=[3] merged=[3, 6]
246.9 fp=[6] true=[3] merged=[3, 6]
247.2 fp=[6] true=[3] merged=[3, 6]
247.5 fp=[6] true=[3] merged=[3, 6]
247.9 fp=[6] true=[3] merged=[3, 6]
248.2 fp=[6] true=[3] merged=[3, 6]
248.5 fp=[6] true=[3] merged=[3, 6]
248.8 fp=[6] true=[3] merged=[3, 6]
249.1 fp=[6] true=[3] merged=[3, 6]
249.4 fp=[6] true=[3] merged=[3, 6]
249.7 fp=[6] true=[3] merged=[3, 6]
250.0 fp=[6] true=[3] merged=[3, 6]
250.4 fp=[6] true=[3] merged=[3, 6]
250.7 fp=[6] true=[3] merged=[3, 6]
251.0 fp=[6] true=[3] merged=[3, 6]
251.3 fp=[6] true=[3] merged=[3, 6]
251.6 fp=[6] true=[3] merged=[3, 6]
251.9 fp=[6] true=[3] merged=[3, 6]
252.2 fp=[6] true=[3] merged=[3, 6]
252.5 fp=[6] true=[3] merged=[3, 6]
252.8 fp=[6] true=[3] merged=[3, 6]
253.2 fp=[6] true=[3] merged=[3, 6]
253.5 fp=[6] true=[3] merged=[3, 6]
253.8 fp=[6] true=[3] merged=[3, 6]
254.1 fp=[6] true=[3] merged=[3, 6]
254.4 fp=[6] true=[3] merged=[3, 6]
254.7 fp=[6] true=[3] merged=[3, 6]
255.0 fp=[6] true=[3] merged=[3, 6]
255.4 fp=[6] true=[3] merged=[3, 6]
255.7 fp=[6] true=[3] merged=[3, 6]
256.0 fp=[6] true=[3] merged=[3, 6]
256.3 fp=[6] true=[3] merged=[3, 6]
256.6 fp=[6] true=[3] merged=[3, 6]
256.9 fp=[6] true=[3] merged=[3, 6]
257.2 fp=[6] true=[3] merged=[3, 6]
257.5 fp=[6] true=[3] merged=[3, 6]
257.9 fp=[6] true=[3] merged=[3, 6]
284.1 fp=[1] true=[3] merged=[1, 3]
284.4 fp=[1] true=[3] merged=[1, 3]
284.8 fp=[1] true=[3] merged=[1, 3]
285.1 fp=[1] true=[3] merged=[1, 3]
285.4 fp=[1] true=[3] merged=[1, 3]
285.7 fp=[1] true=[3] merged=[1, 3]
286.0 fp=[1] true=[3] merged=[1, 3]
286.4 fp=[1] true=[3] merged=[1, 3]
286.7 fp=[1] true=[3] merged=[1, 3]
287.0 fp=[1] true=[3] merged=[1, 3]
287.3 fp=[1] true=[3] merged=[1, 3]
287.6 fp=[1] true=[3] merged=[1, 3]
287.9 fp=[1] true=[3] merged=[1, 3]
288.2 fp=[1] true=[3] merged=[1, 3]
288.5 fp=[1] true=[3] merged=[1, 3]
288.8 fp=[1] true=[3] merged=[1, 3]
289.2 fp=[1] true=[3] merged=[1, 3]
289.5 fp=[1] true=[3] merged=[1, 3]
289.8 fp=[1] true=[3] merged=[1, 3]
290.1 fp=[1] true=[3] merged=[1, 3]
290.4 fp=[1] true=[3] merged=[1, 3]
290.7 fp=[1] true=[3] merged=[1, 3]
291.0 fp=[1] true=[3] merged=[1, 3]
291.3 fp=[1] true=[3] merged=[1, 3]
291.7 fp=[1] true=[3] merged=[1, 3]
292.0 fp=[1] true=[3] merged=[1, 3]
292.3 fp=[1] true=[3] merged=[1, 3]
292.6 fp=[1] true=[3] merged=[1, 3]
292.9 fp=[1] true=[3] merged=[1, 3]
293.2 fp=[1] true=[3] merged=[1, 3]
293.5 fp=[1] true=[3] merged=[1, 3]
293.8 fp=[1] true=[3] merged=[1, 3]
294.2 fp=[1] true=[3] merged=[1, 3]
294.5 fp=[1] true=[3] merged=[1, 3]
294.8 fp=[1] true=[3] merged=[1, 3]
295.1 fp=[1] true=[3] merged=[1, 3]
295.4 fp=[1] true=[3] merged=[1, 3]
295.7 fp=[1] true=[3] merged=[1, 3]
296.0 fp=[1] true=[3] merged=[1, 3]
296.3 fp=[1] true=[3] merged=[1, 3]
296.6 fp=[1] true=[3] merged=[1, 3]
297.0 fp=[1] true=[3] merged=[1, 3]
297.3 fp=[1] true=[3] merged=[1, 3]
297.6 fp=[1] true=[3] merged=[1, 3]
297.9 fp=[1] true=[3] merged=[1, 3]
298.2 fp=[1] true=[3] merged=[1, 3]
298.5 fp=[1] true=[3] merged=[1, 3]
298.9 fp=[1] true=[3] merged=[1, 3]
299.2 fp=[1] true=[3] merged=[1, 3]
299.5 fp=[1] true=[3] merged=[1, 3]
299.8 fp=[1] true=[3] merged=[1, 3]
300.1 fp=[1] true=[3] merged=[1, 3]
300.5 fp=[1] true=[3] merged=[1, 3]
300.8 fp=[1] true=[3] merged=[1, 3]
301.1 fp=[1] true=[3] merged=[1, 3]
301.4 fp=[1] true=[3] merged=[1, 3]
301.7 fp=[1] true=[3] merged=[1, 3]
302.0 fp=[1] true=[3] merged=[1, 3]
302.3 fp=[1] true=[3] merged=[1, 3]
302.6 fp=[1] true=[3] merged=[1, 3]
303.0 fp=[1] true=[3] merged=[1, 3]
303.3 fp=[1] true=[3] merged=[1, 3]
303.6 fp=[1] true=[3] merged=[1, 3]
303.9 fp=[1] true=[3] merged=[1, 3]
304.2 fp=[1] true=[3] merged=[1, 3]
304.5 fp=[1] true=[3] merged=[1, 3]
304.9 fp=[1] true=[3] merged=[1, 3]
305.2 fp=[1] true=[3] merged=[1, 3]
305.5 fp=[1] true=[3] merged=[1, 3]
305.8 fp=[1] true=[3] merged=[1, 3]
306.1 fp=[1] true=[3] merged=[1, 3]
306.4 fp=[1] true=[3] merged=[1, 3]
306.8 fp=[1] true=[3] merged=[1, 3]
307.1 fp=[1] true=[3] merged=[1, 3]
307.4 fp=[1] true=[3] merged=[1, 3]
307.7 fp=[1] true=[3] merged=[1, 3]
308.0 fp=[1] true=[3] merged=[1, 3]
308.3 fp=[1] true=[3] merged=[1, 3]
308.6 fp=[1] true=[3] merged=[1, 3]
308.9 fp=[1] true=[3] merged=[1, 3]
309.2 fp=[1] true=[3] merged=[1, 3]
309.6 fp=[1] true=[3] merged=[1, 3]
309.9 fp=[1] true=[3] merged=[1, 3]
310.2 fp=[1] true=[3] merged=[1, 3]
310.5 fp=[1] true=[3] merged=[1, 3]
310.8 fp=[1] true=[3] merged=[1, 3]
311.1 fp=[1] true=[3] merged=[1, 3]
311.4 fp=[1] true=[3] merged=[1, 3]
311.7 fp=[1] true=[3] merged=[1, 3]
312.1 fp=[1] true=[3] merged=[1, 3]
312.4 fp=[1] true=[3] merged=[1, 3]
312.7 fp=[1] true=[3] merged=[1, 3]
313.0 fp=[1] true=[3] merged=[1, 3]
313.3 fp=[1] true=[3] merged=[1, 3]
313.7 fp=[1] true=[3] merged=[1, 3]
314.0 fp=[1] true=[3] merged=[1, 3]
314.3 fp=[1] true=[3] merged=[1, 3]
314.6 fp=[1] true=[3] merged=[1, 3]
315.0 fp=[1] true=[3] merged=[1, 3]
315.3 fp=[1] true=[3] merged=[1, 3]
315.6 fp=[1] true=[3] merged=[1, 3]
315.9 fp=[1] true=[3] merged=[1, 3]
316.2 fp=[1] true=[3] merged=[1, 3]
316.5 fp=[1] true=[3] merged=[1, 3]
316.9 fp=[1] true=[3] merged=[1, 3]
317.2 fp=[1] true=[3] merged=[1, 3]
317.5 fp=[1] true=[3] merged=[1, 3]
317.8 fp=[1] true=[3] merged=[1, 3]
318.1 fp=[1] true=[3] merged=[1, 3]
318.5 fp=[1] true=[3] merged=[1, 3]
318.8 fp=[1] true=[3] merged=[1, 3]
319.1 fp=[1] true=[3] merged=[1, 3]
319.4 fp=[1] true=[3] merged=[1, 3]
319.7 fp=[1] true=[3] merged=[1, 3]
320.0 fp=[1] true=[3] merged=[1, 3]
320.3 fp=[1] true=[3] merged=[1, 3]
320.6 fp=[1] true=[3] merged=[1, 3]
321.0 fp=[1] true=[3] merged=[1, 3]
321.3 fp=[1] true=[3] merged=[1, 3]
321.6 fp=[1] true=[3] merged=[1, 3]
321.9 fp=[1] true=[3] merged=[1, 3]
322.2 fp=[2] true=[3] merged=[2, 3]
322.6 fp=[2] true=[3] merged=[2, 3]
322.9 fp=[2] true=[3] merged=[2, 3]
323.2 fp=[2] true=[3] merged=[2, 3]
323.5 fp=[2] true=[3] merged=[2, 3]
323.8 fp=[2] true=[3] merged=[2, 3]
324.1 fp=[2] true=[3] merged=[2, 3]
324.4 fp=[2] true=[3] merged=[2, 3]
324.8 fp=[2] true=[3] merged=[2, 3]
325.1 fp=[2] true=[3] merged=[2, 3]
325.4 fp=[2] true=[3] merged=[2, 3]
325.7 fp=[2] true=[3] merged=[2, 3]
326.0 fp=[2] true=[3] merged=[2, 3]
326.3 fp=[2] true=[3] merged=[2, 3]
326.6 fp=[2] true=[3] merged=[2, 3]
327.0 fp=[2] true=[3] merged=[2, 3]
327.3 fp=[2] true=[3] merged=[2, 3]
327.6 fp=[2] true=[3] merged=[2, 3]
327.9 fp=[2] true=[3] merged=[2, 3]
328.2 fp=[2] true=[3] merged=[2, 3]
328.5 fp=[2] true=[3] merged=[2, 3]
328.8 fp=[2] true=[3] merged=[2, 3]
329.1 fp=[2] true=[3] merged=[2, 3]
329.4 fp=[2] true=[3] merged=[2, 3]
329.8 fp=[2] true=[3] merged=[2, 3]
330.1 fp=[2] true=[3] merged=[2, 3]
330.4 fp=[2] true=[3] merged=[2, 3]
330.7 fp=[2] true=[3] merged=[2, 3]
331.0 fp=[2] true=[3] merged=[2, 3]
331.3 fp=[2] true=[3] merged=[2, 3]
331.6 fp=[2] true=[3] merged=[2, 3]
331.9 fp=[2] true=[3] merged=[2, 3]
332.3 fp=[2] true=[3] merged=[2, 3]
332.6 fp=[2] true=[3] merged=[2, 3]
332.9 fp=[2] true=[3] merged=[2, 3]
333.2 fp=[2] true=[3] merged=[2, 3]
333.5 fp=[2] true=[3] merged=[2, 3]
333.8 fp=[2] true=[3] merged=[2, 3]
334.1 fp=[2] true=[3] merged=[2, 3]
334.5 fp=[2] true=[3] merged=[2, 3]
334.8 fp=[2] true=[3] merged=[2, 3]
335.1 fp=[2] true=[3] merged=[2, 3]
335.4 fp=[2] true=[3] merged=[2, 3]
335.7 fp=[2] true=[3] merged=[2, 3]
336.1 fp=[2] true=[3] merged=[2, 3]
336.4 fp=[2] true=[3] merged=[2, 3]
336.7 fp=[2] true=[3] merged=[2, 3]
337.0 fp=[2] true=[3] merged=[2, 3]
337.3 fp=[2] true=[3] merged=[2, 3]
337.6 fp=[2] true=[3] merged=[2, 3]
338.0 fp=[2] true=[3] merged=[2, 3]
338.3 fp=[2] true=[3] merged=[2, 3]
338.6 fp=[2] true=[3] merged=[2, 3]
338.9 fp=[2] true=[3] merged=[2, 3]
339.2 fp=[2] true=[3] merged=[2, 3]
339.5 fp=[2] true=[3] merged=[2, 3]
339.8 fp=[2] true=[3] merged=[2, 3]
340.2 fp=[2] true=[3] merged=[2, 3]
340.5 fp=[2] true=[3] merged=[2, 3]
340.8 fp=[2] true=[3] merged=[2, 3]
341.1 fp=[2] true=[3] merged=[2, 3]
341.4 fp=[2] true=[3] merged=[2, 3]
341.7 fp=[2] true=[3] merged=[2, 3]
342.0 fp=[2] true=[3] merged=[2, 3]
342.4 fp=[2] true=[3] merged=[2, 3]
342.7 fp=[2] true=[3] merged=[2, 3]
343.0 fp=[2] true=[3] merged=[2, 3]
343.3 fp=[2] true=[3] merged=[2, 3]
343.6 fp=[2] true=[3] merged=[2, 3]
343.9 fp=[2] true=[3] merged=[2, 3]
344.2 fp=[2] true=[3] merged=[2, 3]
344.6 fp=[2] true=[3] merged=[2, 3]
344.9 fp=[2] true=[3] merged=[2, 3]
345.2 fp=[2] true=[3] merged=[2, 3]
345.5 fp=[2] true=[3] merged=[2, 3]
345.8 fp=[2] true=[3] merged=[2, 3]
346.1 fp=[2] true=[3] merged=[2, 3]
346.5 fp=[2] true=[3] merged=[2, 3]
346.8 fp=[2] true=[3] merged=[2, 3]
347.1 fp=[2] true=[3] merged=[2, 3]
347.4 fp=[2] true=[3] merged=[2, 3]
347.7 fp=[2] true=[3] merged=[2, 3]
355.2 fp=[5] true=[3] merged=[3, 5]
355.5 fp=[5] true=[3] merged=[3, 5]
355.9 fp=[5] true=[3] merged=[3, 5]
356.2 fp=[5] true=[3] merged=[3, 5]
356.5 fp=[5] true=[3] merged=[3, 5]
356.8 fp=[5] true=[3] merged=[3, 5]
357.1 fp=[5] true=[3] merged=[3, 5]
357.4 fp=[5] true=[3] merged=[3, 5]
357.7 fp=[5] true=[3] merged=[3, 5]
358.1 fp=[5] true=[3] merged=[3, 5]
358.4 fp=[5] true=[3] merged=[3, 5]
358.7 fp=[5] true=[3] merged=[3, 5]
359.0 fp=[5] true=[3] merged=[3, 5]
359.3 fp=[5] true=[3] merged=[3, 5]
359.6 fp=[5] true=[3] merged=[3, 5]
359.9 fp=[5] true=[3] merged=[3, 5]
360.3 fp=[5] true=[3] merged=[3, 5]
360.6 fp=[5] true=[3] merged=[3, 5]
360.9 fp=[5] true=[3] merged=[3, 5]
361.2 fp=[5] true=[3] merged=[3, 5]
361.5 fp=[5] true=[3] merged=[3, 5]
361.8 fp=[5] true=[3] merged=[3, 5]
362.1 fp=[5] true=[3] merged=[3, 5]
362.4 fp=[5] true=[3] merged=[3, 5]
362.8 fp=[5] true=[3] merged=[3, 5]
363.1 fp=[5] true=[3] merged=[3, 5]
363.4 fp=[5] true=[3] merged=[3, 5]
363.7 fp=[5] true=[3] merged=[3, 5]
364.0 fp=[5] true=[3] merged=[3, 5]
364.3 fp=[5] true=[3] merged=[3, 5]
364.6 fp=[5] true=[3] merged=[3, 5]
364.9 fp=[5] true=[3] merged=[3, 5]
365.3 fp=[5] true=[3] merged=[3, 5]
365.6 fp=[5] true=[3] merged=[3, 5]
365.9 fp=[5] true=[3] merged=[3, 5]
366.2 fp=[5] true=[3] merged=[3, 5]
366.5 fp=[5] true=[3] merged=[3, 5]
366.8 fp=[5] true=[3] merged=[3, 5]
367.2 fp=[5] true=[3] merged=[3, 5]
367.5 fp=[5] true=[3] merged=[3, 5]
367.8 fp=[5] true=[3] merged=[3, 5]
368.1 fp=[5] true=[3] merged=[3, 5]
368.4 fp=[5] true=[3] merged=[3, 5]
368.7 fp=[5] true=[3] merged=[3, 5]
369.0 fp=[5] true=[3] merged=[3, 5]
369.3 fp=[5] true=[3] merged=[3, 5]
369.6 fp=[5] true=[3] merged=[3, 5]
370.0 fp=[5] true=[3] merged=[3, 5]
370.3 fp=[5] true=[3] merged=[3, 5]
370.6 fp=[5] true=[3] merged=[3, 5]
370.9 fp=[5] true=[3] merged=[3, 5]
371.2 fp=[5] true=[3] merged=[3, 5]
371.5 fp=[5] true=[3] merged=[3, 5]
371.8 fp=[5] true=[3] merged=[3, 5]
372.1 fp=[5] true=[3] merged=[3, 5]
372.5 fp=[5] true=[3] merged=[3, 5]
372.8 fp=[5] true=[3] merged=[3, 5]
373.1 fp=[5] true=[3] merged=[3, 5]
373.4 fp=[5] true=[3] merged=[3, 5]
373.7 fp=[5] true=[3] merged=[3, 5]
374.0 fp=[5] true=[3] merged=[3, 5]
374.3 fp=[5] true=[3] merged=[3, 5]
374.6 fp=[5] true=[3] merged=[3, 5]
375.0 fp=[5] true=[3] merged=[3, 5]
