# start rate=10 seed=2 dur=420 n=7 target=3 events=48
25.3 fp=[7] true=[3] merged=[3, 7]
25.6 fp=[7] true=[3] merged=[3, 7]
25.9 fp=[7] true=[3] merged=[3, 7]
26.3 fp=[7] true=[3] merged=[3, 7]
26.6 fp=[7] true=[3] merged=[3, 7]
26.9 fp=[7] true=[3] merged=[3, 7]
27.2 fp=[7] true=[3] merged=[3, 7]
27.5 fp=[7] true=[3] merged=[3, 7]
27.8 fp=[7] true=[3] merged=[3, 7]
28.1 fp=[7] true=[3] merged=[3, 7]
28.4 fp=[7] true=[3] merged=[3, 7]
28.7 fp=[7] true=[3] merged=[3, 7]
29.1 fp=[7] true=[3] merged=[3, 7]
29.4 fp=[7] true=[3] merged=[3, 7]
29.7 fp=[7] true=[3] merged=[3, 7]
30.0 fp=[7] true=[3] merged=[3, 7]
30.3 fp=[7] true=[3] merged=[3, 7]
30.6 fp=[7] true=[3] merged=[3, 7]
30.9 fp=[7] true=[3] merged=[3, 7]
31.3 fp=[7] true=[3] merged=[3, 7]
31.6 fp=[7] true=[3] merged=[3, 7]
31.9 fp=[7] true=[3] merged=[3, 7]
32.2 fp=[7] true=[3] merged=[3, 7]
32.5 fp=[7] true=[3] merged=[3, 7]
32.8 fp=[7] true=[3] merged=[3, 7]
33.1 fp=[7] true=[3] merged=[3, 7]
33.4 fp=[7] true=[3] merged=[3, 7]
33.7 fp=[7] true=[3] merged=[3, 7]
34.0 fp=[7] true=[3] merged=[3, 7]
34.4 fp=[7] true=[3] merged=[3, 7]
34.7 fp=[7] true=[3] merged=[3, 7]
35.0 fp=[7] true=[3] merged=[3, 7]
35.3 fp=[2] true=[3] merged=[2, 3]
35.6 fp=[2] true=[3] merged=[2, 3]
35.9 fp=[2] true=[3] merged=[2, 3]
36.2 fp=[2] true=[3] merged=[2, 3]
36.6 fp=[2] true=[3] merged=[2, 3]
36.9 fp=[2] true=[3] merged=[2, 3]
37.2 fp=[2] true=[3] merged=[2, 3]
37.5 fp=[2] true=[3] merged=[2, 3]
37.8 fp=[2] true=[3] merged=[2, 3]
38.1 fp=[1] true=[3] merged=[1, 3]
38.4 fp=[1] true=[3] merged=[1, 3]
38.7 fp=[1] true=[3] merged=[1, 3]
39.0 fp=[1] true=[3] merged=[1, 3]
39.3 fp=[1] true=[3] merged=[1, 3]
39.7 fp=[1] true=[3] merged=[1, 3]
40.0 fp=[1] true=[3] merged=[1, 3]
40.3 fp=[1] true=[3] merged=[1, 3]
40.6 fp=[1] true=[3] merged=[1, 3]
40.9 fp=[1] true=[3] merged=[1, 3]
41.2 fp=[1] true=[3] merged=[1, 3]
41.5 fp=[1] true=[3] merged=[1, 3]
41.8 fp=[1] true=[3] merged=[1, 3]
42.1 fp=[1] true=[3] merged=[1, 3]
42.5 fp=[1] true=[3] merged=[1, 3]
42.8 fp=[1] true=[3] merged=[1, 3]
43.1 fp=[1] true=[3] merged=[1, 3]
43.4 fp=[1] true=[3] merged=[1, 3]
43.7 fp=[1] true=[3] merged=[1, 3]
44.0 fp=[1] true=[3] merged=[1, 3]
44.3 fp=[1] true=[3] merged=[1, 3]
44.6 fp=[1] true=[3] merged=[1, 3]
44.9 fp=[1] true=[3] merged=[1, 3]
45.3 fp=[1] true=[3] merged=[1, 3]
45.6 fp=[1] true=[3] merged=[1, 3]
45.9 fp=[1] true=[3] merged=[1, 3]
46.2 fp=[1] true=[3] merged=[1, 3]
46.5 fp=[1] true=[3] merged=[1, 3]
46.8 fp=[1] true=[3] merged=[1, 3]
47.1 fp=[1] true=[3] merged=[1, 3]
47.5 fp=[1] true=[3] merged=[1, 3]
47.8 fp=[1] true=[3] merged=[1, 3]
48.1 fp=[1] true=[3] merged=[1, 3]
48.4 fp=[1] true=[3] merged=[1, 3]
48.7 fp=[1] true=[3] merged=[1, 3]
49.0 fp=[1] true=[3] merged=[1, 3]
49.3 fp=[1] true=[3] merged=[1, 3]
49.7 fp=[1] true=[3] merged=[1, 3]
50.0 fp=[1] true=[3] merged=[1, 3]
50.3 fp=[1] true=[3] merged=[1, 3]
50.6 fp=[1] true=[3] merged=[1, 3]
50.9 fp=[1] true=[3] merged=[1, 3]
51.2 fp=[1] true=[3] merged=[1, 3]
51.5 fp=[1] true=[3] merged=[1, 3]
51.8 fp=[1] true=[3] merged=[1, 3]
52.2 fp=[1] true=[3] merged=[1, 3]
52.5 fp=[1] true=[3] merged=[1, 3]
52.8 fp=[1] true=[3] merged=[1, 3]
53.1 fp=[1] true=[3] merged=[1, 3]
53.4 fp=[1] true=[3] merged=[1, 3]
53.7 fp=[1] true=[3] merged=[1, 3]
54.0 fp=[1] true=[3] merged=[1, 3]
54.4 fp=[1] true=[3] merged=[1, 3]
54.7 fp=[1] true=[3] merged=[1, 3]
55.0 fp=[1] true=[3] merged=[1, 3]
55.3 fp=[1] true=[3] merged=[1, 3]
55.6 fp=[1] true=[3] merged=[1, 3]
55.9 fp=[1] true=[3] merged=[1, 3]
56.3 fp=[1] true=[3] merged=[1, 3]
56.6 fp=[1] true=[3] merged=[1, 3]
56.9 fp=[1] true=[3] merged=[1, 3]
57.2 fp=[1] true=[3] merged=[1, 3]
57.5 fp=[1] true=[3] merged=[1, 3]
57.8 fp=[1] true=[3] merged=[1, 3]
58.2 fp=[5] true=[3] merged=[3, 5]
58.5 fp=[5] true=[3] merged=[3, 5]
58.8 fp=[5] true=[3] merged=[3, 5]
59.1 fp=[5] true=[3] merged=[3, 5]
59.4 fp=[5] true=[3] merged=[3, 5]
59.7 fp=[5] true=[3] merged=[3, 5]
60.0 fp=[5] true=[3] merged=[3, 5]
60.3 fp=[5] true=[3] merged=[3, 5]
60.7 fp=[5] true=[3] merged=[3, 5]
61.0 fp=[5] true=[3] merged=[3, 5]
61.3 fp=[5] true=[3] merged=[3, 5]
61.6 fp=[5] true=[3] merged=[3, 5]
61.9 fp=[5] true=[3] merged=[3, 5]
62.2 fp=[5] true=[3] merged=[3, 5]
62.5 fp=[5] true=[3] merged=[3, 5]
62.8 fp=[5] true=[3] merged=[3, 5]
63.1 fp=[5] true=[3] merged=[3, 5]
63.5 fp=[5] true=[3] merged=[3, 5]
63.8 fp=[5] true=[3] merged=[3, 5]
64.1 fp=[5] true=[3] merged=[3, 5]
64.4 fp=[5] true=[3] merged=[3, 5]
64.7 fp=[5] true=[3] merged=[3, 5]
65.1 fp=[5] true=[3] merged=[3, 5]
65.4 fp=[5] true=[3] merged=[3, 5]
65.7 fp=[5] true=[3] merged=[3, 5]
66.0 fp=[5] true=[3] merged=[3, 5]
66.3 fp=[5] true=[3] merged=[3, 5]
66.6 fp=[5] true=[3] merged=[3, 5]
66.9 fp=[5] true=[3] merged=[3, 5]
67.3 fp=[5] true=[3] merged=[3, 5]
67.6 fp=[5] true=[3] merged=[3, 5]
67.9 fp=[5] true=[3] merged=[3, 5]
68.2 fp=[5] true=[3] merged=[3, 5]
68.5 fp=[5] true=[3] merged=[3, 5]
68.8 fp=[5] true=[3] merged=[3, 5]
69.1 fp=[5] true=[3] merged=[3, 5]
69.4 fp=[5] true=[3] merged=[3, 5]
69.7 fp=[5] true=[3] merged=[3, 5]
70.1 fp=[5] true=[3] merged=[3, 5]
70.4 fp=[5] true=[3] merged=[3, 5]
70.7 fp=[5] true=[3] merged=[3, 5]
71.0 fp=[5] true=[3] merged=[3, 5]
71.3 fp=[5] true=[3] merged=[3, 5]
71.6 fp=[5] true=[3] merged=[3, 5]
71.9 fp=[5] true=[3] merged=[3, 5]
72.2 fp=[5] true=[3] merged=[3, 5]
72.5 fp=[5] true=[3] merged=[3, 5]
72.8 fp=[5] true=[3] merged=[3, 5]
79.1 fp=[6] true=[3] merged=[3, 6]
79.4 fp=[6] true=[3] merged=[3, 6]
79.7 fp=[6] true=[3] merged=[3, 6]
80.0 fp=[6] true=[3] merged=[3, 6]
80.3 fp=[6] true=[3] merged=[3, 6]
80.6 fp=[6] true=[3] merged=[3, 6]
80.9 fp=[6] true=[3] merged=[3, 6]
81.3 fp=[6] true=[3] merged=[3, 6]
81.6 fp=[6] true=[3] merged=[3, 6]
81.9 fp=[6] true=[3] merged=[3, 6]
82.2 fp=[6] true=[3] merged=[3, 6]
82.5 fp=[6] true=[3] merged=[3, 6]
82.8 fp=[6] true=[3] merged=[3, 6]
83.1 fp=[6] true=[3] merged=[3, 6]
83.4 fp=[6] true=[3] merged=[3, 6]
83.7 fp=[6] true=[3] merged=[3, 6]
84.0 fp=[6] true=[3] merged=[3, 6]
84.4 fp=[6] true=[3] merged=[3, 6]
84.7 fp=[6] true=[3] merged=[3, 6]
85.1 fp=[6] true=[3] merged=[3, 6]
85.4 fp=[6] true=[3] merged=[3, 6]
85.7 fp=[6] true=[3] merged=[3, 6]
86.0 fp=[6] true=[3] merged=[3, 6]
86.3 fp=[6] true=[3] merged=[3, 6]
86.6 fp=[6] true=[3] merged=[3, 6]
86.9 fp=[6] true=[3] merged=[3, 6]
87.2 fp=[2] true=[3] merged=[2, 3]
87.6 fp=[2] true=[3] merged=[2, 3]
87.9 fp=[2] true=[3] merged=[2, 3]
88.2 fp=[2] true=[3] merged=[2, 3]
88.5 fp=[2] true=[3] merged=[2, 3]
88.8 fp=[2] true=[3] merged=[2, 3]
89.1 fp=[2] true=[3] merged=[2, 3]
89.4 fp=[2] true=[3] merged=[2, 3]
89.7 fp=[2] true=[3] merged=[2, 3]
90.0 fp=[2] true=[3] merged=[2, 3]
90.3 fp=[2] true=[3] merged=[2, 3]
90.6 fp=[2] true=[3] merged=[2, 3]
91.0 fp=[2] true=[3] merged=[2, 3]
91.3 fp=[2] true=[3] merged=[2, 3]
91.6 fp=[2] true=[3] merged=[2, 3]
91.9 fp=[2] true=[3] merged=[2, 3]
92.2 fp=[2] true=[3] merged=[2, 3]
92.5 fp=[2] true=[3] merged=[2, 3]
92.8 fp=[2] true=[3] merged=[2, 3]
93.1 fp=[2] true=[3] merged=[2, 3]
93.4 fp=[2] true=[3] merged=[2, 3]
93.8 fp=[2] true=[3] merged=[2, 3]
94.1 fp=[2] true=[3] merged=[2, 3]
94.4 fp=[2] true=[3] merged=[2, 3]
94.7 fp=[2] true=[3] merged=[2, 3]
95.0 fp=[2] true=[3] merged=[2, 3]
95.3 fp=[2] true=[3] merged=[2, 3]
95.6 fp=[2] true=[3] merged=[2, 3]
95.9 fp=[2] true=[3] merged=[2, 3]
96.3 fp=[2] true=[3] merged=[2, 3]
96.6 fp=[2] true=[3] merged=[2, 3]
96.9 fp=[2] true=[3] merged=[2, 3]
97.2 fp=[2] true=[3] merged=[2, 3]
97.5 fp=[2] true=[3] merged=[2, 3]
97.8 fp=[2] true=[3] merged=[2, 3]
98.2 fp=[2] true=[3] merged=[2, 3]
98.5 fp=[2] true=[3] merged=[2, 3]
98.8 fp=[2] true=[3] merged=[2, 3]
99.1 fp=[2] true=[3] merged=[2, 3]
99.4 fp=[2] true=[3] merged=[2, 3]
99.7 fp=[2] true=[3] merged=[2, 3]
100.0 fp=[2] true=[3] merged=[2, 3]
100.3 fp=[2] true=[3] merged=[2, 3]
100.7 fp=[2] true=[3] merged=[2, 3]
101.0 fp=[2] true=[3] merged=[2, 3]
101.3 fp=[2] true=[3] merged=[2, 3]
101.6 fp=[2] true=[3] merged=[2, 3]
101.9 fp=[2] true=[3] merged=[2, 3]
102.2 fp=[2] true=[3] merged=[2, 3]
102.5 fp=[2] true=[3] merged=[2, 3]
102.8 fp=[2] true=[3] merged=[2, 3]
103.1 fp=[2] true=[3] merged=[2, 3]
103.4 fp=[2] true=[3] merged=[2, 3]
103.8 fp=[2] true=[3] merged=[2, 3]
104.1 fp=[2] true=[3] merged=[2, 3]
104.4 fp=[2] true=[3] merged=[2, 3]
104.7 fp=[2] true=[3] merged=[2, 3]
105.0 fp=[2] true=[3] merged=[2, 3]
105.4 fp=[2] true=[3] merged=[2, 3]
105.7 fp=[2] true=[3] merged=[2, 3]
106.0 fp=[2] true=[3] merged=[2, 3]
106.3 fp=[2] true=[3] merged=[2, 3]
106.6 fp=[2] true=[3] merged=[2, 3]
106.9 fp=[2] true=[3] merged=[2, 3]
107.2 fp=[2] true=[3] merged=[2, 3]
107.5 fp=[2] true=[3] merged=[2, 3]
107.8 fp=[2] true=[3] merged=[2, 3]
108.2 fp=[2] true=[3] merged=[2, 3]
108.5 fp=[2] true=[3] merged=[2, 3]
108.8 fp=[2] true=[3] merged=[2, 3]
109.1 fp=[6] true=[3] merged=[3, 6]
109.4 fp=[6] true=[3] merged=[3, 6]
109.7 fp=[6] true=[3] merged=[3, 6]
110.0 fp=[6] true=[3] merged=[3, 6]
110.3 fp=[6] true=[3] merged=[3, 6]
110.6 fp=[6] true=[3] merged=[3, 6]
111.0 fp=[6] true=[3] merged=[3, 6]
111.3 fp=[6] true=[3] merged=[3, 6]
111.6 fp=[6] true=[3] merged=[3, 6]
111.9 fp=[6] true=[3] merged=[3, 6]
112.2 fp=[6] true=[3] merged=[3, 6]
112.5 fp=[6] true=[3] merged=[3, 6]
112.8 fp=[6] true=[3] merged=[3, 6]
113.1 fp=[6] true=[3] merged=[3, 6]
113.4 fp=[6] true=[3] merged=[3, 6]
113.7 fp=[6] true=[3] merged=[3, 6]
114.0 fp=[6] true=[3] merged=[3, 6]
114.4 fp=[6] true=[3] merged=[3, 6]
114.7 fp=[6] true=[3] merged=[3, 6]
115.0 fp=[6] true=[3] merged=[3, 6]
115.3 fp=[6] true=[3] merged=[3, 6]
115.6 fp=[6] true=[3] merged=[3, 6]
115.9 fp=[6] true=[3] merged=[3, 6]
116.2 fp=[7] true=[3] merged=[3, 7]
116.6 fp=[7] true=[3] merged=[3, 7]
116.9 fp=[7] true=[3] merged=[3, 7]
117.2 fp=[7] true=[3] merged=[3, 7]
117.5 fp=[7] true=[3] merged=[3, 7]
117.8 fp=[7] true=[3] merged=[3, 7]
121.2 fp=[6] true=[3] merged=[3, 6]
121.5 fp=[6] true=[3] merged=[3, 6]
121.9 fp=[6] true=[3] merged=[3, 6]
122.2 fp=[6] true=[3] merged=[3, 6]
122.5 fp=[6] true=[3] merged=[3, 6]
122.8 fp=[6] true=[3] merged=[3, 6]
123.1 fp=[2] true=[3] merged=[2, 3]
123.4 fp=[2] true=[3] merged=[2, 3]
123.7 fp=[2] true=[3] merged=[2, 3]
124.0 fp=[2] true=[3] merged=[2, 3]
124.4 fp=[2] true=[3] merged=[2, 3]
124.7 fp=[2] true=[3] merged=[2, 3]
125.0 fp=[2] true=[3] merged=[2, 3]
125.3 fp=[2] true=[3] merged=[2, 3]
125.6 fp=[2] true=[3] merged=[2, 3]
125.9 fp=[2] true=[3] merged=[2, 3]
126.2 fp=[2] true=[3] merged=[2, 3]
126.6 fp=[2] true=[3] merged=[2, 3]
126.9 fp=[2] true=[3] merged=[2, 3]
127.2 fp=[2] true=[3] merged=[2, 3]
127.5 fp=[2] true=[3] merged=[2, 3]
127.8 fp=[2] true=[3] merged=[2, 3]
128.1 fp=[2] true=[3] merged=[2, 3]
128.4 fp=[2] true=[3] merged=[2, 3]
128.7 fp=[2] true=[3] merged=[2, 3]
129.0 fp=[2] true=[3] merged=[2, 3]
129.3 fp=[2] true=[3] merged=[2, 3]
129.7 fp=[2] true=[3] merged=[2, 3]
130.0 fp=[2] true=[3] merged=[2, 3]
130.3 fp=[2] true=[3] merged=[2, 3]
130.6 fp=[2] true=[3] merged=[2, 3]
130.9 fp=[2] true=[3] merged=[2, 3]
131.3 fp=[2] true=[3] merged=[2, 3]
131.6 fp=[2] true=[3] merged=[2, 3]
131.9 fp=[2] true=[3] merged=[2, 3]
132.2 fp=[2] true=[3] merged=[2, 3]
132.5 fp=[2] true=[3] merged=[2, 3]
132.8 fp=[2] true=[3] merged=[2, 3]
133.1 fp=[2] true=[3] merged=[2, 3]
133.4 fp=[2] true=[3] merged=[2, 3]
133.8 fp=[2] true=[3] merged=[2, 3]
134.1 fp=[2] true=[3] merged=[2, 3]
134.4 fp=[2] true=[3] merged=[2, 3]
134.7 fp=[2] true=[3] merged=[2, 3]
135.0 fp=[2] true=[3] merged=[2, 3]
135.3 fp=[2] true=[3] merged=[2, 3]
135.6 fp=[2] true=[3] merged=[2, 3]
135.9 fp=[2] true=[3] merged=[2, 3]
136.2 fp=[2] true=[3] merged=[2, 3]
136.6 fp=[2] true=[3] merged=[2, 3]
136.9 fp=[2] true=[3] merged=[2, 3]
137.2 fp=[2] true=[3] merged=[2, 3]
137.5 fp=[2] true=[3] merged=[2, 3]
137.8 fp=[2] true=[3] merged=[2, 3]
138.1 fp=[2] true=[3] merged=[2, 3]
138.4 fp=[2] true=[3] merged=[2, 3]
138.8 fp=[2] true=[3] merged=[2, 3]
139.1 fp=[2] true=[3] merged=[2, 3]
139.4 fp=[2] true=[3] merged=[2, 3]
139.7 fp=[2] true=[3] merged=[2, 3]
140.0 fp=[2] true=[3] merged=[2, 3]
140.3 fp=[2] true=[3] merged=[2, 3]
140.6 fp=[2] true=[3] merged=[2, 3]
140.9 fp=[2] true=[3] merged=[2, 3]
141.2 fp=[2] true=[3] merged=[2, 3]
141.6 fp=[2] true=[3] merged=[2, 3]
141.9 fp=[2] true=[3] merged=[2, 3]
142.2 fp=[2] true=[3] merged=[2, 3]
142.5 fp=[2] true=[3] merged=[2, 3]
142.8 fp=[2] true=[3] merged=[2, 3]
156.3 fp=[5] true=[3] merged=[3, 5]
156.6 fp=[5] true=[3] merged=[3, 5]
156.9 fp=[5] true=[3] merged=[3, 5]
157.2 fp=[5] true=[3] merged=[3, 5]
157.5 fp=[5] true=[3] merged=[3, 5]
157.8 fp=[5] true=[3] merged=[3, 5]
158.1 fp=[5] true=[3] merged=[3, 5]
158.5 fp=[5] true=[3] merged=[3, 5]
158.8 fp=[5] true=[3] merged=[3, 5]
159.1 fp=[5] true=[3] merged=[3, 5]
159.4 fp=[5] true=[3] merged=[3, 5]
159.7 fp=[5] true=[3] merged=[3, 5]
160.0 fp=[2] true=[3] merged=[2, 3]
160.3 fp=[2] true=[3] merged=[2, 3]
160.6 fp=[2] true=[3] merged=[2, 3]
160.9 fp=[2] true=[3] merged=[2, 3]
161.3 fp=[2] true=[3] merged=[2, 3]
161.6 fp=[2] true=[3] merged=[2, 3]
161.9 fp=[2] true=[3] merged=[2, 3]
162.2 fp=[2] true=[3] merged=[2, 3]
162.5 fp=[2] true=[3] merged=[2, 3]
162.8 fp=[2] true=[3] merged=[2, 3]
163.1 fp=[2] true=[3] merged=[2, 3]
163.4 fp=[2] true=[3] merged=[2, 3]
163.7 fp=[2] true=[3] merged=[2, 3]
164.1 fp=[2] true=[3] merged=[2, 3]
164.4 fp=[2] true=[3] merged=[2, 3]
164.7 fp=[2] true=[3] merged=[2, 3]
165.0 fp=[2] true=[3] merged=[2, 3]
165.3 fp=[2] true=[3] merged=[2, 3]
165.6 fp=[2] true=[3] merged=[2, 3]
165.9 fp=[2] true=[3] merged=[2, 3]
166.3 fp=[2] true=[3] merged=[2, 3]
166.6 fp=[2] true=[3] merged=[2, 3]
166.9 fp=[2] true=[3] merged=[2, 3]
167.2 fp=[2] true=[3] merged=[2, 3]
167.5 fp=[2] true=[3] merged=[2, 3]
167.8 fp=[2] true=[3] merged=[2, 3]
168.1 fp=[2] true=[3] merged=[2, 3]
168.4 fp=[2] true=[3] merged=[2, 3]
168.8 fp=[2] true=[3] merged=[2, 3]
169.1 fp=[2] true=[3] merged=[2, 3]
169.4 fp=[2] true=[3] merged=[2, 3]
169.7 fp=[2] true=[3] merged=[2, 3]
170.0 fp=[2] true=[3] merged=[2, 3]
170.3 fp=[2] true=[3] merged=[2, 3]
170.6 fp=[2] true=[3] merged=[2, 3]
170.9 fp=[2] true=[3] merged=[2, 3]
171.2 fp=[2] true=[3] merged=[2, 3]
171.6 fp=[2] true=[3] merged=[2, 3]
171.9 fp=[2] true=[3] merged=[2, 3]
172.2 fp=[2] true=[3] merged=[2, 3]
172.5 fp=[2] true=[3] merged=[2, 3]
172.8 fp=[2] true=[3] merged=[2, 3]
173.1 fp=[2] true=[3] merged=[2, 3]
173.5 fp=[2] true=[3] merged=[2, 3]
173.8 fp=[2] true=[3] merged=[2, 3]
174.1 fp=[2] true=[3] merged=[2, 3]
174.4 fp=[2] true=[3] merged=[2, 3]
174.7 fp=[2] true=[3] merged=[2, 3]
175.0 fp=[2] true=[3] merged=[2, 3]
175.3 fp=[2] true=[3] merged=[2, 3]
175.6 fp=[2] true=[3] merged=[2, 3]
176.0 fp=[2] true=[3] merged=[2, 3]
176.3 fp=[2] true=[3] merged=[2, 3]
176.6 fp=[2] true=[3] merged=[2, 3]
176.9 fp=[2] true=[3] merged=[2, 3]
177.2 fp=[2] true=[3] merged=[2, 3]
177.5 fp=[2] true=[3] merged=[2, 3]
177.8 fp=[2] true=[3] merged=[2, 3]
178.1 fp=[2] true=[3] merged=[2, 3]
178.4 fp=[2] true=[3] merged=[2, 3]
178.8 fp=[2] true=[3] merged=[2, 3]
179.1 fp=[2] true=[3] merged=[2, 3]
179.4 fp=[2] true=[3] merged=[2, 3]
179.7 fp=[2] true=[3] merged=[2, 3]
180.0 fp=[2] true=[3] merged=[2, 3]
180.3 fp=[4] true=[3] merged=[3, 4]
180.6 fp=[4] true=[3] merged=[3, 4]
180.9 fp=[4] true=[3] merged=[3, 4]
181.2 fp=[4] true=[3] merged=[3, 4]
181.5 fp=[4] true=[3] merged=[3, 4]
181.9 fp=[4] true=[3] merged=[3, 4]
182.2 fp=[4] true=[3] merged=[3, 4]
182.5 fp=[4] true=[3] merged=[3, 4]
182.8 fp=[4] true=[3] merged=[3, 4]
183.1 fp=[4] true=[3] merged=[3, 4]
183.4 fp=[4] true=[3] merged=[3, 4]
183.7 fp=[4] true=[3] merged=[3, 4]
184.1 fp=[4] true=[3] merged=[3, 4]
184.4 fp=[4] true=[3] merged=[3, 4]
184.7 fp=[4] true=[3] merged=[3, 4]
185.0 fp=[4] true=[3] merged=[3, 4]
185.3 fp=[4] true=[3] merged=[3, 4]
185.6 fp=[4] true=[3] merged=[3, 4]
185.9 fp=[4] true=[3] merged=[3, 4]
186.2 fp=[4] true=[3] merged=[3, 4]
186.6 fp=[4] true=[3] merged=[3, 4]
186.9 fp=[4] true=[3] merged=[3, 4]
187.2 fp=[6] true=[3] merged=[3, 6]
187.5 fp=[6] true=[3] merged=[3, 6]
187.8 fp=[6] true=[3] merged=[3, 6]
188.1 fp=[6] true=[3] merged=[3, 6]
188.4 fp=[6] true=[3] merged=[3, 6]
188.7 fp=[6] true=[3] merged=[3, 6]
189.1 fp=[6] true=[3] merged=[3, 6]
189.4 fp=[6] true=[3] merged=[3, 6]
189.7 fp=[6] true=[3] merged=[3, 6]
190.0 fp=[6] true=[3] merged=[3, 6]
190.3 fp=[6] true=[3] merged=[3, 6]
190.6 fp=[6] true=[3] merged=[3, 6]
190.9 fp=[6] true=[3] merged=[3, 6]
191.3 fp=[6] true=[3] merged=[3, 6]
191.6 fp=[6] true=[3] merged=[3, 6]
191.9 fp=[6] true=[3] merged=[3, 6]
192.2 fp=[6] true=[3] merged=[3, 6]
192.5 fp=[6] true=[3] merged=[3, 6]
192.8 fp=[6] true=[3] merged=[3, 6]
193.2 fp=[6] true=[3] merged=[3, 6]
193.5 fp=[6] true=[3] merged=[3, 6]
193.8 fp=[6] true=[3] merged=[3, 6]
194.1 fp=[6] true=[3] merged=[3, 6]
194.4 fp=[6] true=[3] merged=[3, 6]
194.7 fp=[6] true=[3] merged=[3, 6]
195.0 fp=[6] true=[3] merged=[3, 6]
195.4 fp=[6] true=[3] merged=[3, 6]
195.7 fp=[6] true=[3] merged=[3, 6]
196.0 fp=[6] true=[3] merged=[3, 6]
198.2 fp=[1] true=[3] merged=[1, 3]
198.5 fp=[1] true=[3] merged=[1, 3]
198.8 fp=[1] true=[3] merged=[1, 3]
199.1 fp=[1] true=[3] merged=[1, 3]
199.4 fp=[1] true=[3] merged=[1, 3]
199.7 fp=[1] true=[3] merged=[1, 3]
200.0 fp=[1] true=[3] merged=[1, 3]
200.4 fp=[1] true=[3] merged=[1, 3]
200.7 fp=[1] true=[3] merged=[1, 3]
201.0 fp=[1] true=[3] merged=[1, 3]
201.3 fp=[1] true=[3] merged=[1, 3]
201.6 fp=[1] true=[3] merged=[1, 3]
201.9 fp=[1] true=[3] merged=[1, 3]
202.2 fp=[1] true=[3] merged=[1, 3]
202.5 fp=[1] true=[3] merged=[1, 3]
202.9 fp=[1] true=[3] merged=[1, 3]
203.2 fp=[1] true=[3] merged=[1, 3]
203.5 fp=[1] true=[3] merged=[1, 3]
203.8 fp=[1] true=[3] merged=[1, 3]
204.1 fp=[1] true=[3] merged=[1, 3]
204.4 fp=[1] true=[3] merged=[1, 3]
204.7 fp=[1] true=[3] merged=[1, 3]
205.0 fp=[1] true=[3] merged=[1, 3]
205.4 fp=[1] true=[3] merged=[1, 3]
205.7 fp=[1] true=[3] merged=[1, 3]
206.0 fp=[1] true=[3] merged=[1, 3]
206.3 fp=[1] true=[3] merged=[1, 3]
206.6 fp=[1] true=[3] merged=[1, 3]
206.9 fp=[1] true=[3] merged=[1, 3]
207.3 fp=[1] true=[3] merged=[1, 3]
207.6 fp=[1] true=[3] merged=[1, 3]
207.9 fp=[1] true=[3] merged=[1, 3]
208.2 fp=[1] true=[3] merged=[1, 3]
208.5 fp=[1] true=[3] merged=[1, 3]
208.8 fp=[1] true=[3] merged=[1, 3]
209.1 fp=[1] true=[3] merged=[1, 3]
209.5 fp=[1] true=[3] merged=[1, 3]
209.8 fp=[1] true=[3] merged=[1, 3]
210.1 fp=[1] true=[3] merged=[1, 3]
210.4 fp=[1] true=[3] merged=[1, 3]
210.7 fp=[1] true=[3] merged=[1, 3]
211.0 fp=[1] true=[3] merged=[1, 3]
211.3 fp=[1] true=[3] merged=[1, 3]
211.6 fp=[1] true=[3] merged=[1, 3]
211.9 fp=[1] true=[3] merged=[1, 3]
212.3 fp=[1] true=[3] merged=[1, 3]
212.6 fp=[1] true=[3] merged=[1, 3]
212.9 fp=[1] true=[3] merged=[1, 3]
213.2 fp=[1] true=[3] merged=[1, 3]
213.5 fp=[1] true=[3] merged=[1, 3]
213.8 fp=[1] true=[3] merged=[1, 3]
214.1 fp=[1] true=[3] merged=[1, 3]
214.4 fp=[1] true=[3] merged=[1, 3]
214.7 fp=[1] true=[3] merged=[1, 3]
215.1 fp=[1] true=[3] merged=[1, 3]
215.4 fp=[1] true=[3] merged=[1, 3]
215.7 fp=[1] true=[3] merged=[1, 3]
216.0 fp=[1] true=[3] merged=[1, 3]
216.4 fp=[1] true=[3] merged=[1, 3]
216.7 fp=[1] true=[3] merged=[1, 3]
217.0 fp=[1] true=[3] merged=[1, 3]
217.3 fp=[1] true=[3] merged=[1, 3]
217.6 fp=[1] true=[3] merged=[1, 3]
217.9 fp=[1] true=[3] merged=[1, 3]
218.2 fp=[5] true=[3] merged=[3, 5]
218.5 fp=[5] true=[3] merged=[3, 5]
218.9 fp=[5] true=[3] merged=[3, 5]
219.2 fp=[5] true=[3] merged=[3, 5]
219.5 fp=[5] true=[3] merged=[3, 5]
219.8 fp=[5] true=[3] merged=[3, 5]
220.1 fp=[5] true=[3] merged=[3, 5]
220.4 fp=[5] true=[3] merged=[3, 5]
220.7 fp=[5] true=[3] merged=[3, 5]
221.1 fp=[5] true=[3] merged=[3, 5]
221.4 fp=[5] true=[3] merged=[3, 5]
221.7 fp=[5] true=[3] merged=[3, 5]
222.0 fp=[5] true=[3] merged=[3, 5]
222.3 fp=[5] true=[3] merged=[3, 5]
222.6 fp=[5] true=[3] merged=[3, 5]
222.9 fp=[5] true=[3] merged=[3, 5]
223.2 fp=[5] true=[3] merged=[3, 5]
223.5 fp=[5] true=[3] merged=[3, 5]
223.8 fp=[5] true=[3] merged=[3, 5]
224.2 fp=[5] true=[3] merged=[3, 5]
224.5 fp=[5] true=[3] merged=[3, 5]
224.8 fp=[5] true=[3] merged=[3, 5]
225.1 fp=[5] true=[3] merged=[3, 5]
225.4 fp=[5] true=[3] merged=[3, 5]
225.8 fp=[5] true=[3] merged=[3, 5]
226.1 fp=[5] true=[3] merged=[3, 5]
226.4 fp=[5] true=[3] merged=[3, 5]
226.7 fp=[5] true=[3] merged=[3, 5]
227.0 fp=[5] true=[3] merged=[3, 5]
227.3 fp=[5] true=[3] merged=[3, 5]
227.7 fp=[5] true=[3] merged=[3, 5]
228.0 fp=[5] true=[3] merged=[3, 5]
228.3 fp=[5] true=[3] merged=[3, 5]
228.6 fp=[5] true=[3] merged=[3, 5]
228.9 fp=[5] true=[3] merged=[3, 5]
229.2 fp=[6] true=[3] merged=[3, 6]
229.5 fp=[6] true=[3] merged=[3, 6]
229.8 fp=[6] true=[3] merged=[3, 6]
230.1 fp=[6] true=[3] merged=[3, 6]
230.5 fp=[6] true=[3] merged=[3, 6]
230.8 fp=[6] true=[3] merged=[3, 6]
231.1 fp=[1] true=[3] merged=[1, 3]
231.4 fp=[1] true=[3] merged=[1, 3]
231.7 fp=[1] true=[3] merged=[1, 3]
232.0 fp=[1] true=[3] merged=[1, 3]
232.3 fp=[1] true=[3] merged=[1, 3]
232.6 fp=[1] true=[3] merged=[1, 3]
233.0 fp=[1] true=[3] merged=[1, 3]
233.3 fp=[1] true=[3] merged=[1, 3]
233.6 fp=[1] true=[3] merged=[1, 3]
233.9 fp=[1] true=[3] merged=[1, 3]
234.2 fp=[1] true=[3] merged=[1, 3]
234.5 fp=[1] true=[3] merged=[1, 3]
234.8 fp=[1] true=[3] merged=[1, 3]
235.1 fp=[1] true=[3] merged=[1, 3]
235.5 fp=[1] true=[3] merged=[1, 3]
235.8 fp=[1] true=[3] merged=[1, 3]
236.1 fp=[1] true=[3] merged=[1, 3]
236.4 fp=[1] true=[3] merged=[1, 3]
236.7 fp=[1] true=[3] merged=[1, 3]
237.0 fp=[1] true=[3] merged=[1, 3]
237.3 fp=[1] true=[3] merged=[1, 3]
237.7 fp=[1] true=[3] merged=[1, 3]
238.0 fp=[1] true=[3] merged=[1, 3]
238.3 fp=[1] true=[3] merged=[1, 3]
238.6 fp=[1] true=[3] merged=[1, 3]
238.9 fp=[1] true=[3] merged=[1, 3]
239.2 fp=[1] true=[3] merged=[1, 3]
239.5 fp=[1] true=[3] merged=[1, 3]
239.8 fp=[1] true=[3] merged=[1, 3]
240.1 fp=[1] true=[3] merged=[1, 3]
240.5 fp=[1] true=[3] merged=[1, 3]
240.8 fp=[1] true=[3] merged=[1, 3]
241.1 fp=[1] true=[3] merged=[1, 3]
241.4 fp=[1] true=[3] merged=[1, 3]
241.7 fp=[1] true=[3] merged=[1, 3]
242.1 fp=[1] true=[3] merged=[1, 3]
242.4 fp=[1] true=[3] merged=[1, 3]
242.7 fp=[1] true=[3] merged=[1, 3]
243.0 fp=[1] true=[3] merged=[1, 3]
243.3 fp=[1] true=[3] merged=[1, 3]
243.6 fp=[1] true=[3] merged=[1, 3]
243.9 fp=[1] true=[3] merged=[1, 3]
244.2 fp=[1] true=[3] merged=[1, 3]
244.5 fp=[1] true=[3] merged=[1, 3]
244.9 fp=[1] true=[3] merged=[1, 3]
245.2 fp=[1] true=[3] merged=[1, 3]
245.5 fp=[1] true=[3] merged=[1, 3]
245.8 fp=[1] true=[3] merged=[1, 3]
246.1 fp=[1] true=[3] merged=[1, 3]
246.4 fp=[1] true=[3] merged=[1, 3]
246.7 fp=[1] true=[3] merged=[1, 3]
247.1 fp=[1] true=[3] merged=[1, 3]
247.4 fp=[1] true=[3] merged=[1, 3]
247.7 fp=[1] true=[3] merged=[1, 3]
248.0 fp=[1] true=[3] merged=[1, 3]
248.3 fp=[1] true=[3] merged=[1, 3]
248.6 fp=[1] true=[3] merged=[1, 3]
248.9 fp=[1] true=[3] merged=[1, 3]
249.2 fp=[1] true=[3] merged=[1, 3]
249.6 fp=[1] true=[3] merged=[1, 3]
249.9 fp=[1] true=[3] merged=[1, 3]
250.2 fp=[1] true=[3] merged=[1, 3]
250.5 fp=[1] true=[3] merged=[1, 3]
250.8 fp=[1] true=[3] merged=[1, 3]
251.1 fp=[5] true=[3] merged=[3, 5]
251.5 fp=[5] true=[3] merged=[3, 5]
251.8 fp=[5] true=[3] merged=[3, 5]
252.1 fp=[5] true=[3] merged=[3, 5]
252.4 fp=[5] true=[3] merged=[3, 5]
252.7 fp=[5] true=[3] merged=[3, 5]
253.0 fp=[5] true=[3] merged=[3, 5]
253.3 fp=[5] true=[3] merged=[3, 5]
253.6 fp=[5] true=[3] merged=[3, 5]
253.9 fp=[5] true=[3] merged=[3, 5]
254.2 fp=[5] true=[3] merged=[3, 5]
254.6 fp=[5] true=[3] merged=[3, 5]
254.9 fp=[5] true=[3] merged=[3, 5]
255.2 fp=[5] true=[3] merged=[3, 5]
255.5 fp=[5] true=[3] merged=[3, 5]
255.8 fp=[5] true=[3] merged=[3, 5]
256.1 fp=[5] true=[3] merged=[3, 5]
256.5 fp=[5] true=[3] merged=[3, 5]
256.8 fp=[5] true=[3] merged=[3, 5]
257.1 fp=[5] true=[3] merged=[3, 5]
257.4 fp=[5] true=[3] merged=[3, 5]
257.7 fp=[5] true=[3] merged=[3, 5]
258.0 fp=[4] true=[3] merged=[3, 4]
258.4 fp=[4] true=[3] merged=[3, 4]
258.7 fp=[4] true=[3] merged=[3, 4]
259.0 fp=[4] true=[3] merged=[3, 4]
259.3 fp=[4] true=[3] merged=[3, 4]
259.6 fp=[4] true=[3] merged=[3, 4]
259.9 fp=[4] true=[3] merged=[3, 4]
260.2 fp=[4] true=[3] merged=[3, 4]
260.5 fp=[4] true=[3] merged=[3, 4]
260.8 fp=[4] true=[3] merged=[3, 4]
261.2 fp=[4] true=[3] merged=[3, 4]
261.5 fp=[4] true=[3] merged=[3, 4]
261.8 fp=[4] true=[3] merged=[3, 4]
262.1 fp=[4] true=[3] merged=[3, 4]
262.4 fp=[4] true=[3] merged=[3, 4]
262.7 fp=[4] true=[3] merged=[3, 4]
263.0 fp=[4] true=[3] merged=[3, 4]
263.4 fp=[4] true=[3] merged=[3, 4]
263.7 fp=[4] true=[3] merged=[3, 4]
264.0 fp=[4] true=[3] merged=[3, 4]
264.3 fp=[4] true=[3] merged=[3, 4]
264.6 fp=[4] true=[3] merged=[3, 4]
264.9 fp=[4] true=[3] merged=[3, 4]
265.3 fp=[4] true=[3] merged=[3, 4]
265.6 fp=[4] true=[3] merged=[3, 4]
265.9 fp=[4] true=[3] merged=[3, 4]
266.2 fp=[4] true=[3] merged=[3, 4]
266.5 fp=[4] true=[3] merged=[3, 4]
266.8 fp=[4] true=[3] merged=[3, 4]
267.1 fp=[4] true=[3] merged=[3, 4]
267.4 fp=[4] true=[3] merged=[3, 4]
267.7 fp=[4] true=[3] merged=[3, 4]
268.1 fp=[4] true=[3] merged=[3, 4]
268.4 fp=[4] true=[3] merged=[3, 4]
268.7 fp=[4] true=[3] merged=[3, 4]
269.0 fp=[4] true=[3] merged=[3, 4]
269.3 fp=[4] true=[3] merged=[3, 4]
269.6 fp=[4] true=[3] merged=[3, 4]
269.9 fp=[4] true=[3] merged=[3, 4]
270.2 fp=[4] true=[3] merged=[3, 4]
270.5 fp=[4] true=[3] merged=[3, 4]
270.9 fp=[4] true=[3] merged=[3, 4]
271.2 fp=[4] true=[3] merged=[3, 4]
271.5 fp=[4] true=[3] merged=[3, 4]
271.8 fp=[4] true=[3] merged=[3, 4]
272.1 fp=[1] true=[3] merged=[1, 3]
272.4 fp=[1] true=[3] merged=[1, 3]
272.7 fp=[1] true=[3] merged=[1, 3]
273.1 fp=[1] true=[3] merged=[1, 3]
273.4 fp=[1] true=[3] merged=[1, 3]
273.7 fp=[1] true=[3] merged=[1, 3]
274.0 fp=[1] true=[3] merged=[1, 3]
274.3 fp=[1] true=[3] merged=[1, 3]
274.6 fp=[1] true=[3] merged=[1, 3]
274.9 fp=[1] true=[3] merged=[1, 3]
275.2 fp=[1] true=[3] merged=[1, 3]
275.6 fp=[1] true=[3] merged=[1, 3]
275.9 fp=[1] true=[3] merged=[1, 3]
276.2 fp=[1] true=[3] merged=[1, 3]
276.6 fp=[1] true=[3] merged=[1, 3]
276.9 fp=[1] true=[3] merged=[1, 3]
277.2 fp=[1] true=[3] merged=[1, 3]
277.5 fp=[1] true=[3] merged=[1, 3]
277.9 fp=[1] true=[3] merged=[1, 3]
278.2 fp=[1] true=[3] merged=[1, 3]
278.5 fp=[1] true=[3] merged=[1, 3]
278.8 fp=[1] true=[3] merged=[1, 3]
279.1 fp=[1] true=[3] merged=[1, 3]
279.4 fp=[1] true=[3] merged=[1, 3]
279.7 fp=[1] true=[3] merged=[1, 3]
280.1 fp=[1] true=[3] merged=[1, 3]
280.4 fp=[1] true=[3] merged=[1, 3]
280.7 fp=[1] true=[3] merged=[1, 3]
281.0 fp=[1] true=[3] merged=[1, 3]
281.3 fp=[1] true=[3] merged=[1, 3]
281.6 fp=[1] true=[3] merged=[1, 3]
281.9 fp=[1] true=[3] merged=[1, 3]
282.2 fp=[1] true=[3] merged=[1, 3]
282.5 fp=[1] true=[3] merged=[1, 3]
282.9 fp=[1] true=[3] merged=[1, 3]
283.2 fp=[1] true=[3] merged=[1, 3]
283.5 fp=[1] true=[3] merged=[1, 3]
283.8 fp=[1] true=[3] merged=[1, 3]
284.1 fp=[1] true=[3] merged=[1, 3]
284.4 fp=[1] true=[3] merged=[1, 3]
284.7 fp=[1] true=[3] merged=[1, 3]
285.0 fp=[1] true=[3] merged=[1, 3]
285.3 fp=[1] true=[3] merged=[1, 3]
285.6 fp=[1] true=[3] merged=[1, 3]
286.0 fp=[1] true=[3] merged=[1, 3]
286.3 fp=[1] true=[3] merged=[1, 3]
286.6 fp=[1] true=[3] merged=[1, 3]
286.9 fp=[1] true=[3] merged=[1, 3]
287.2 fp=[1] true=[3] merged=[1, 3]
287.5 fp=[1] true=[3] merged=[1, 3]
287.9 fp=[1] true=[3] merged=[1, 3]
288.2 fp=[1] true=[3] merged=[1, 3]
288.5 fp=[1] true=[3] merged=[1, 3]
288.8 fp=[1] true=[3] merged=[1, 3]
289.1 fp=[1] true=[3] merged=[1, 3]
289.4 fp=[1] true=[3] merged=[1, 3]
289.7 fp=[1] true=[3] merged=[1, 3]
290.0 fp=[1] true=[3] merged=[1, 3]
290.4 fp=[1] true=[3] merged=[1, 3]
290.7 fp=[1] true=[3] merged=[1, 3]
291.0 fp=[1] true=[3] merged=[1, 3]
291.3 fp=[1] true=[3] merged=[1, 3]
291.6 fp=[1] true=[3] merged=[1, 3]
291.9 fp=[1] true=[3] merged=[1, 3]
292.2 fp=[1] true=[3] merged=[1, 3]
292.5 fp=[1] true=[3] merged=[1, 3]
292.9 fp=[1] true=[3] merged=[1, 3]
293.2 fp=[1] true=[3] merged=[1, 3]
293.5 fp=[1] true=[3] merged=[1, 3]
293.8 fp=[1] true=[3] merged=[1, 3]
294.1 fp=[1] true=[3] merged=[1, 3]
294.4 fp=[1] true=[3] merged=[1, 3]
294.7 fp=[1] true=[3] merged=[1, 3]
295.1 fp=[1] true=[3] merged=[1, 3]
295.4 fp=[1] true=[3] merged=[1, 3]
295.7 fp=[1] true=[3] merged=[1, 3]
296.0 fp=[1] true=[3] merged=[1, 3]
296.3 fp=[1] true=[3] merged=[1, 3]
296.6 fp=[1] true=[3] merged=[1, 3]
296.9 fp=[1] true=[3] merged=[1, 3]
297.2 fp=[1] true=[3] merged=[1, 3]
297.5 fp=[1] true=[3] merged=[1, 3]
297.9 fp=[1] true=[3] merged=[1, 3]
298.2 fp=[1] true=[3] merged=[1, 3]
298.5 fp=[1] true=[3] merged=[1, 3]
298.8 fp=[1] true=[3] merged=[1, 3]
299.1 fp=[1] true=[3] merged=[1, 3]
299.4 fp=[1] true=[3] merged=[1, 3]
299.7 fp=[1] true=[3] merged=[1, 3]
300.0 fp=[1] true=[3] merged=[1, 3]
300.3 fp=[1] true=[3] merged=[1, 3]
300.7 fp=[1] true=[3] merged=[1, 3]
301.0 fp=[1] true=[3] merged=[1, 3]
301.3 fp=[1] true=[3] merged=[1, 3]
301.6 fp=[1] true=[3] merged=[1, 3]
301.9 fp=[1] true=[3] merged=[1, 3]
302.2 fp=[1] true=[3] merged=[1, 3]
302.5 fp=[1] true=[3] merged=[1, 3]
302.9 fp=[1] true=[3] merged=[1, 3]
303.2 fp=[1] true=[3] merged=[1, 3]
303.5 fp=[1] true=[3] merged=[1, 3]
303.8 fp=[1] true=[3] merged=[1, 3]
304.1 fp=[1] true=[3] merged=[1, 3]
304.4 fp=[1] true=[3] merged=[1, 3]
304.7 fp=[1] true=[3] merged=[1, 3]
305.1 fp=[1] true=[3] merged=[1, 3]
305.4 fp=[1] true=[3] merged=[1, 3]
305.7 fp=[1] true=[3] merged=[1, 3]
306.0 fp=[1] true=[3] merged=[1, 3]
306.3 fp=[1] true=[3] merged=[1, 3]
306.6 fp=[1] true=[3] merged=[1, 3]
306.9 fp=[1] true=[3] merged=[1, 3]
307.2 fp=[1] true=[3] merged=[1, 3]
307.6 fp=[1] true=[3] merged=[1, 3]
307.9 fp=[1] true=[3] merged=[1, 3]
308.2 fp=[1] true=[3] merged=[1, 3]
308.5 fp=[1] true=[3] merged=[1, 3]
308.8 fp=[1] true=[3] merged=[1, 3]
309.1 fp=[1] true=[3] merged=[1, 3]
309.5 fp=[1] true=[3] merged=[1, 3]
309.8 fp=[1] true=[3] merged=[1, 3]
310.1 fp=[1] true=[3] merged=[1, 3]
310.4 fp=[1] true=[3] merged=[1, 3]
310.7 fp=[1] true=[3] merged=[1, 3]
311.0 fp=[2] true=[3] merged=[2, 3]
311.3 fp=[2] true=[3] merged=[2, 3]
311.7 fp=[2] true=[3] merged=[2, 3]
312.0 fp=[2] true=[3] merged=[2, 3]
312.3 fp=[4] true=[3] merged=[3, 4]
312.6 fp=[4] true=[3] merged=[3, 4]
312.9 fp=[4] true=[3] merged=[3, 4]
313.2 fp=[4] true=[3] merged=[3, 4]
313.5 fp=[4] true=[3] merged=[3, 4]
313.8 fp=[4] true=[3] merged=[3, 4]
314.2 fp=[4] true=[3] merged=[3, 4]
314.5 fp=[4] true=[3] merged=[3, 4]
314.8 fp=[4] true=[3] merged=[3, 4]
315.1 fp=[4] true=[3] merged=[3, 4]
315.5 fp=[4] true=[3] merged=[3, 4]
315.8 fp=[4] true=[3] merged=[3, 4]
316.1 fp=[4] true=[3] merged=[3, 4]
316.4 fp=[4] true=[3] merged=[3, 4]
316.7 fp=[4] true=[3] merged=[3, 4]
317.0 fp=[4] true=[3] merged=[3, 4]
317.3 fp=[4] true=[3] merged=[3, 4]
317.6 fp=[4] true=[3] merged=[3, 4]
318.0 fp=[4] true=[3] merged=[3, 4]
318.3 fp=[4] true=[3] merged=[3, 4]
318.6 fp=[4] true=[3] merged=[3, 4]
318.9 fp=[4] true=[3] merged=[3, 4]
319.2 fp=[4] true=[3] merged=[3, 4]
319.5 fp=[4] true=[3] merged=[3, 4]
319.9 fp=[4] true=[3] merged=[3, 4]
320.2 fp=[4] true=[3] merged=[3, 4]
320.5 fp=[4] true=[3] merged=[3, 4]
320.8 fp=[4] true=[3] merged=[3, 4]
321.1 fp=[4] true=[3] merged=[3, 4]
321.4 fp=[4] true=[3] merged=[3, 4]
321.7 fp=[4] true=[3] merged=[3, 4]
322.0 fp=[4] true=[3] merged=[3, 4]
322.4 fp=[4] true=[3] merged=[3, 4]
322.7 fp=[4] true=[3] merged=[3, 4]
323.0 fp=[4] true=[3] merged=[3, 4]
323.3 fp=[4] true=[3] merged=[3, 4]
323.6 fp=[4] true=[3] merged=[3, 4]
323.9 fp=[4] true=[3] merged=[3, 4]
324.2 fp=[7] true=[3] merged=[3, 7]
324.6 fp=[7] true=[3] merged=[3, 7]
324.9 fp=[7] true=[3] merged=[3, 7]
325.2 fp=[7] true=[3] merged=[3, 7]
325.5 fp=[7] true=[3] merged=[3, 7]
325.8 fp=[7] true=[3] merged=[3, 7]
326.1 fp=[7] true=[3] merged=[3, 7]
326.4 fp=[7] true=[3] merged=[3, 7]
326.7 fp=[7] true=[3] merged=[3, 7]
327.0 fp=[7] true=[3] merged=[3, 7]
327.3 fp=[7] true=[3] merged=[3, 7]
327.7 fp=[7] true=[3] merged=[3, 7]
328.0 fp=[7] true=[3] merged=[3, 7]
328.3 fp=[7] true=[3] merged=[3, 7]
328.6 fp=[7] true=[3] merged=[3, 7]
328.9 fp=[7] true=[3] merged=[3, 7]
329.2 fp=[6] true=[3] merged=[3, 6]
329.6 fp=[6] true=[3] merged=[3, 6]
329.9 fp=[6] true=[3] merged=[3, 6]
330.2 fp=[6] true=[3] merged=[3, 6]
330.5 fp=[6] true=[3] merged=[3, 6]
330.8 fp=[6] true=[3] merged=[3, 6]
331.1 fp=[6] true=[3] merged=[3, 6]
331.4 fp=[6] true=[3] merged=[3, 6]
331.8 fp=[6] true=[3] merged=[3, 6]
332.1 fp=[6] true=[3] merged=[3, 6]
332.4 fp=[6] true=[3] merged=[3, 6]
332.7 fp=[6] true=[3] merged=[3, 6]
333.0 fp=[6] true=[3] merged=[3, 6]
333.3 fp=[6] true=[3] merged=[3, 6]
333.6 fp=[6] true=[3] merged=[3, 6]
334.0 fp=[6] true=[3] merged=[3, 6]
334.3 fp=[6] true=[3] merged=[3, 6]
334.6 fp=[6] true=[3] merged=[3, 6]
334.9 fp=[6] true=[3] merged=[3, 6]
335.2 fp=[6] true=[3] merged=[3, 6]
335.5 fp=[6] true=[3] merged=[3, 6]
335.8 fp=[6] true=[3] merged=[3, 6]
336.1 fp=[6] true=[3] merged=[3, 6]
336.5 fp=[6] true=[3] merged=[3, 6]
336.8 fp=[6] true=[3] merged=[3, 6]
337.1 fp=[6] true=[3] merged=[3, 6]
337.4 fp=[6] true=[3] merged=[3, 6]
337.7 fp=[6] true=[3] merged=[3, 6]
338.0 fp=[1] true=[3] merged=[1, 3]
338.3 fp=[1] true=[3] merged=[1, 3]
338.6 fp=[1] true=[3] merged=[1, 3]
339.0 fp=[1] true=[3] merged=[1, 3]
339.3 fp=[1] true=[3] merged=[1, 3]
339.6 fp=[1] true=[3] merged=[1, 3]
339.9 fp=[1] true=[3] merged=[1, 3]
340.2 fp=[1] true=[3] merged=[1, 3]
340.5 fp=[1] true=[3] merged=[1, 3]
340.8 fp=[1] true=[3] merged=[1, 3]
341.1 fp=[1] true=[3] merged=[1, 3]
341.4 fp=[1] true=[3] merged=[1, 3]
341.8 fp=[1] true=[3] merged=[1, 3]
342.1 fp=[1] true=[3] merged=[1, 3]
342.4 fp=[1] true=[3] merged=[1, 3]
342.7 fp=[1] true=[3] merged=[1, 3]
343.0 fp=[1] true=[3] merged=[1, 3]
343.3 fp=[1] true=[3] merged=[1, 3]
343.6 fp=[1] true=[3] merged=[1, 3]
344.0 fp=[1] true=[3] merged=[1, 3]
344.3 fp=[1] true=[3] merged=[1, 3]
344.6 fp=[1] true=[3] merged=[1, 3]
344.9 fp=[1] true=[3] merged=[1, 3]
345.2 fp=[1] true=[3] merged=[1, 3]
345.5 fp=[1] true=[3] merged=[1, 3]
345.8 fp=[1] true=[3] merged=[1, 3]
346.1 fp=[1] true=[3] merged=[1, 3]
346.5 fp=[1] true=[3] merged=[1, 3]
346.8 fp=[1] true=[3] merged=[1, 3]
347.1 fp=[1] true=[3] merged=[1, 3]
347.4 fp=[1] true=[3] merged=[1, 3]
347.7 fp=[1] true=[3] merged=[1, 3]
348.0 fp=[1] true=[3] merged=[1, 3]
348.3 fp=[1] true=[3] merged=[1, 3]
348.7 fp=[1] true=[3] merged=[1, 3]
349.0 fp=[1] true=[3] merged=[1, 3]
349.3 fp=[1] true=[3] merged=[1, 3]
349.6 fp=[1] true=[3] merged=[1, 3]
349.9 fp=[1] true=[3] merged=[1, 3]
350.2 fp=[1] true=[3] merged=[1, 3]
350.6 fp=[1] true=[3] merged=[1, 3]
350.9 fp=[1] true=[3] merged=[1, 3]
351.2 fp=[1] true=[3] merged=[1, 3]
351.5 fp=[1] true=[3] merged=[1, 3]
351.8 fp=[1] true=[3] merged=[1, 3]
352.1 fp=[1] true=[3] merged=[1, 3]
352.4 fp=[1] true=[3] merged=[1, 3]
352.7 fp=[1] true=[3] merged=[1, 3]
353.1 fp=[1] true=[3] merged=[1, 3]
353.4 fp=[1] true=[3] merged=[1, 3]
353.7 fp=[1] true=[3] merged=[1, 3]
354.0 fp=[1] true=[3] merged=[1, 3]
354.3 fp=[1] true=[3] merged=[1, 3]
354.6 fp=[1] true=[3] merged=[1, 3]
354.9 fp=[1] true=[3] merged=[1, 3]
355.2 fp=[1] true=[3] merged=[1, 3]
355.6 fp=[1] true=[3] merged=[1, 3]
355.9 fp=[1] true=[3] merged=[1, 3]
356.2 fp=[1] true=[3] merged=[1, 3]
356.5 fp=[1] true=[3] merged=[1, 3]
356.8 fp=[1] true=[3] merged=[1, 3]
357.2 fp=[1] true=[3] merged=[1, 3]
357.5 fp=[1] true=[3] merged=[1, 3]
357.8 fp=[1] true=[3] merged=[1, 3]
358.1 fp=[5] true=[3] merged=[3, 5]
358.4 fp=[5] true=[3] merged=[3, 5]
358.7 fp=[5] true=[3] merged=[3, 5]
359.0 fp=[5] true=[3] merged=[3, 5]
359.3 fp=[5] true=[3] merged=[3, 5]
359.6 fp=[5] true=[3] merged=[3, 5]
360.0 fp=[5] true=[3] merged=[3, 5]
360.3 fp=[5] true=[3] merged=[3, 5]
360.6 fp=[5] true=[3] merged=[3, 5]
360.9 fp=[5] true=[3] merged=[3, 5]
361.2 fp=[5] true=[3] merged=[3, 5]
361.5 fp=[5] true=[3] merged=[3, 5]
361.8 fp=[5] true=[3] merged=[3, 5]
362.2 fp=[5] true=[3] merged=[3, 5]
362.5 fp=[5] true=[3] merged=[3, 5]
362.8 fp=[5] true=[3] merged=[3, 5]
363.1 fp=[5] true=[3] merged=[3, 5]
363.4 fp=[5] true=[3] merged=[3, 5]
363.7 fp=[5] true=[3] merged=[3, 5]
364.0 fp=[5] true=[3] merged=[3, 5]
364.3 fp=[5] true=[3] merged=[3, 5]
364.6 fp=[5] true=[3] merged=[3, 5]
365.0 fp=[5] true=[3] merged=[3, 5]
365.3 fp=[5] true=[3] merged=[3, 5]
365.7 fp=[5] true=[3] merged=[3, 5]
366.0 fp=[5] true=[3] merged=[3, 5]
366.3 fp=[5] true=[3] merged=[3, 5]
366.6 fp=[5] true=[3] merged=[3, 5]
366.9 fp=[5] true=[3] merged=[3, 5]
367.2 fp=[5] true=[3] merged=[3, 5]
367.5 fp=[5] true=[3] merged=[3, 5]
367.8 fp=[5] true=[3] merged=[3, 5]
368.1 fp=[5] true=[3] merged=[3, 5]
368.4 fp=[5] true=[3] merged=[3, 5]
368.8 fp=[5] true=[3] merged=[3, 5]
369.1 fp=[5] true=[3] merged=[3, 5]
369.4 fp=[5] true=[3] merged=[3, 5]
369.7 fp=[5] true=[3] merged=[3, 5]
370.0 fp=[5] true=[3] merged=[3, 5]
370.3 fp=[5] true=[3] merged=[3, 5]
370.6 fp=[5] true=[3] merged=[3, 5]
371.0 fp=[5] true=[3] merged=[3, 5]
371.3 fp=[5] true=[3] merged=[3, 5]
371.6 fp=[5] true=[3] merged=[3, 5]
371.9 fp=[5] true=[3] merged=[3, 5]
372.2 fp=[5] true=[3] merged=[3, 5]
372.5 fp=[5] true=[3] merged=[3, 5]
372.8 fp=[5] true=[3] merged=[3, 5]
373.2 fp=[5] true=[3] merged=[3, 5]
373.5 fp=[5] true=[3] merged=[3, 5]
373.8 fp=[5] true=[3] merged=[3, 5]
374.1 fp=[5] true=[3] merged=[3, 5]
374.4 fp=[5] true=[3] merged=[3, 5]
374.7 fp=[5] true=[3] merged=[3, 5]
375.1 fp=[5] true=[3] merged=[3, 5]
375.4 fp=[5] true=[3] merged=[3, 5]
375.7 fp=[5] true=[3] merged=[3, 5]
376.0 fp=[5] true=[3] merged=[3, 5]
376.3 fp=[5] true=[3] merged=[3, 5]
376.7 fp=[5] true=[3] merged=[3, 5]
377.0 fp=[5] true=[3] merged=[3, 5]
377.3 fp=[5] true=[3] merged=[3, 5]
377.7 fp=[5] true=[3] merged=[3, 5]
378.0 fp=[5] true=[3] merged=[3, 5]
378.3 fp=[5] true=[3] merged=[3, 5]
378.7 fp=[5] true=[3] merged=[3, 5]
379.0 fp=[5] true=[3] merged=[3, 5]
379.3 fp=[5] true=[3] merged=[3, 5]
379.6 fp=[5] true=[3] merged=[3, 5]
379.9 fp=[5] true=[3] merged=[3, 5]
380.2 fp=[5] true=[3] merged=[3, 5]
380.5 fp=[5] true=[3] merged=[3, 5]
380.8 fp=[5] true=[3] merged=[3, 5]
381.2 fp=[5] true=[3] merged=[3, 5]
381.5 fp=[5] true=[3] merged=[3, 5]
381.8 fp=[5] true=[3] merged=[3, 5]
382.1 fp=[5] true=[3] merged=[3, 5]
382.4 fp=[5] true=[3] merged=[3, 5]
382.7 fp=[5] true=[3] merged=[3, 5]
383.0 fp=[5] true=[3] merged=[3, 5]
383.4 fp=[5] true=[3] merged=[3, 5]
383.7 fp=[5] true=[3] merged=[3, 5]
384.0 fp=[5] true=[3] merged=[3, 5]
384.3 fp=[5] true=[3] merged=[3, 5]
384.6 fp=[5] true=[3] merged=[3, 5]
384.9 fp=[5] true=[3] merged=[3, 5]
385.2 fp=[5] true=[3] merged=[3, 5]
385.5 fp=[5] true=[3] merged=[3, 5]
385.8 fp=[5] true=[3] merged=[3, 5]
386.2 fp=[5] true=[3] merged=[3, 5]
386.5 fp=[5] true=[3] merged=[3, 5]
386.8 fp=[5] true=[3] merged=[3, 5]
