your 131072x1 screen size is bogus. expect trouble
your 131072x1 screen size is bogus. expect trouble
(* fingerprints file ".tlacache/FiniteSets.tlaps/fingerprints" removed *)
(* created new ".tlacache/FiniteSets.tlaps/FiniteSets.thy" *)
(* fingerprints written in ".tlacache/FiniteSets.tlaps/fingerprints" *)
File "/home/jinu337/tlaps/lib/tlaps/FiniteSets.tla", line 1, character 1 to line 23, character 77:
[INFO]: All 0 obligation proved.
(* fingerprints file ".tlacache/BORA_pv.tlaps/fingerprints" removed *)
(* created new ".tlacache/BORA_pv.tlaps/BORA_pv.thy" *)
(* fingerprints written in ".tlacache/BORA_pv.tlaps/fingerprints" *)
File "./BORA_pv.tla", line 1, character 1 to line 172, character 77:
[INFO]: All 0 obligation proved.
(* fingerprints file ".tlacache/TLAPS.tlaps/fingerprints" removed *)
(* created new ".tlacache/TLAPS.tlaps/TLAPS.thy" *)
(* fingerprints written in ".tlacache/TLAPS.tlaps/fingerprints" *)
File "/home/jinu337/tlaps/lib/tlaps/TLAPS.tla", line 1, character 1 to line 362, character 77:
[INFO]: All 0 obligation proved.
(* fingerprints file ".tlacache/BORA_pv_excl.tlaps/fingerprints" removed *)
** Unexpanded symbols: CONSTANT_Cardinality_, STATE_Incumbent_

** Unexpanded symbols: ---

** Unexpanded symbols: ACTION_Acquires_, ACTION_Commit_, ACTION_BecomeLeader_, STATE_vars_, STATE_QuorumHolds_, ACTION_BoundedIntelligence_, ACTION_Campaign_, ACTION_AppendEntry_

** Unexpanded symbols: ACTION_Next_, ACTION_ExclusionStep_, STATE_vars_

** Unexpanded symbols: ACTION_Acquires_, ACTION_Next_, STATE_vars_, STATE_QuorumHolds_

** Unexpanded symbols: ACTION_Next_, STATE_vars_, STATE_QuorumHolds_

** Unexpanded symbols: ACTION_Next_, CONSTANT_Cardinality_, STATE_vars_, STATE_Incumbent_, STATE_QuorumHolds_

** Unexpanded symbols: ACTION_Next_, STATE_vars_, STATE_QuorumHolds_

** Unexpanded symbols: ACTION_Next_, STATE_QuorumHolds_

** Unexpanded symbols: ACTION_Next_, STATE_vars_, STATE_QuorumHolds_

** Unexpanded symbols: ACTION_Next_, STATE_vars_, STATE_QuorumHolds_

** Unexpanded symbols: ACTION_Next_, STATE_vars_, STATE_QuorumHolds_

** Unexpanded symbols: ACTION_Next_, STATE_vars_, STATE_QuorumHolds_

** Unexpanded symbols: ACTION_Next_, STATE_vars_, STATE_QuorumHolds_

** Unexpanded symbols: ACTION_Acquires_, ACTION_Next_, STATE_vars_, STATE_QuorumHolds_

** Unexpanded symbols: ACTION_Next_, STATE_vars_, STATE_QuorumHolds_

** Unexpanded symbols: ACTION_Next_, STATE_vars_, STATE_QuorumHolds_

** Unexpanded symbols: ACTION_Next_, STATE_vars_, STATE_QuorumHolds_

** Unexpanded symbols: ACTION_Next_, STATE_vars_, STATE_QuorumHolds_

** Unexpanded symbols: ACTION_Next_, ACTION_BecomeLeader_, STATE_vars_, STATE_QuorumHolds_

** Unexpanded symbols: ACTION_Next_, STATE_vars_, STATE_QuorumHolds_

** Unexpanded symbols: ACTION_Next_, STATE_vars_, STATE_QuorumHolds_

** Unexpanded symbols: ACTION_Next_, STATE_vars_, CONSTANT_IsQuorum_

** Unexpanded symbols: ACTION_Next_, STATE_vars_, CONSTANT_IsQuorum_, STATE_QuorumHolds_

your 131072x1 screen size is bogus. expect trouble
(* created new ".tlacache/BORA_pv_excl.tlaps/BORA_pv_excl.thy" *)
(* fingerprints written in ".tlacache/BORA_pv_excl.tlaps/fingerprints" *)
File "./BORA_pv_excl.tla", line 1, character 1 to line 136, character 77:
[INFO]: All 64 obligations proved.
