your 131072x1 screen size is bogus. expect trouble
your 131072x1 screen size is bogus. expect trouble
(* fingerprints file ".tlacache/TLAPS.tlaps/fingerprints" removed *)
(* created new ".tlacache/TLAPS.tlaps/TLAPS.thy" *)
(* fingerprints written in ".tlacache/TLAPS.tlaps/fingerprints" *)
File "/home/jinu337/tlaps/lib/tlaps/TLAPS.tla", line 1, character 1 to line 362, character 77:
[INFO]: All 0 obligation proved.
(* fingerprints file ".tlacache/FiniteSets.tlaps/fingerprints" removed *)
(* created new ".tlacache/FiniteSets.tlaps/FiniteSets.thy" *)
(* fingerprints written in ".tlacache/FiniteSets.tlaps/fingerprints" *)
File "/home/jinu337/tlaps/lib/tlaps/FiniteSets.tla", line 1, character 1 to line 23, character 77:
[INFO]: All 0 obligation proved.
(* fingerprints file ".tlacache/Vanilla.tlaps/fingerprints" removed *)
(* created new ".tlacache/Vanilla.tlaps/Vanilla.thy" *)
(* fingerprints written in ".tlacache/Vanilla.tlaps/fingerprints" *)
File "./Vanilla.tla", line 1, character 1 to line 73, character 77:
[INFO]: All 0 obligation proved.
(* fingerprints file ".tlacache/EnPair.tlaps/fingerprints" removed *)
** Unexpanded symbols: CONSTANT_Orderers_, STATE_TypeOK_, STATE_PendingCand_

** Unexpanded symbols: STATE_TypeOK_, STATE_PendingCand_

** Unexpanded symbols: CONSTANT_Orderers_, STATE_TypeOK_

** Unexpanded symbols: CONSTANT_Orderers_, STATE_PendingCand_

** Unexpanded symbols: CONSTANT_Orderers_, STATE_TypeOK_, STATE_PendingCand_

** Unexpanded symbols: CONSTANT_Orderers_, STATE_TypeOK_, STATE_vars_, ACTION_BecomeLeader_, STATE_PendingCand_

** Unexpanded symbols: STATE_SomeFollower_, CONSTANT_Orderers_, STATE_TypeOK_

** Unexpanded symbols: STATE_SomeFollower_, STATE_TypeOK_

** Unexpanded symbols: CONSTANT_Orderers_, STATE_TypeOK_

** Unexpanded symbols: STATE_SomeFollower_, CONSTANT_Orderers_

** Unexpanded symbols: STATE_SomeFollower_, CONSTANT_Orderers_, STATE_TypeOK_

** Unexpanded symbols: STATE_SomeFollower_, ACTION_Campaign_, CONSTANT_Orderers_, STATE_TypeOK_, STATE_vars_

your 131072x1 screen size is bogus. expect trouble
Zenon error: exhausted search space without finding a proof
your 131072x1 screen size is bogus. expect trouble
Zenon error: exhausted search space without finding a proof
(* created new ".tlacache/EnPair.tlaps/EnPair.thy" *)
(* fingerprints written in ".tlacache/EnPair.tlaps/fingerprints" *)
File "./EnPair.tla", line 1, character 1 to line 66, character 77:
[INFO]: All 36 obligations proved.
