# start rate=10 seed=1 dur=420 n=7 target=3 events=43
2.2 fp=[1] true=[3] merged=[1, 3]
2.5 fp=[1] true=[3] merged=[1, 3]
2.8 fp=[1] true=[3] merged=[1, 3]
3.1 fp=[1] true=[3] merged=[1, 3]
3.4 fp=[1] true=[3] merged=[1, 3]
3.7 fp=[1] true=[3] merged=[1, 3]
4.1 fp=[1] true=[3] merged=[1, 3]
4.4 fp=[1] true=[3] merged=[1, 3]
4.7 fp=[1] true=[3] merged=[1, 3]
5.0 fp=[1] true=[3] merged=[1, 3]
5.3 fp=[1] true=[3] merged=[1, 3]
5.6 fp=[1] true=[3] merged=[1, 3]
5.9 fp=[1] true=[3] merged=[1, 3]
6.2 fp=[1] true=[3] merged=[1, 3]
6.5 fp=[1] true=[3] merged=[1, 3]
6.9 fp=[1] true=[3] merged=[1, 3]
7.2 fp=[1] true=[3] merged=[1, 3]
7.5 fp=[1] true=[3] merged=[1, 3]
7.8 fp=[1] true=[3] merged=[1, 3]
8.1 fp=[1] true=[3] merged=[1, 3]
8.4 fp=[1] true=[3] merged=[1, 3]
8.7 fp=[1] true=[3] merged=[1, 3]
9.0 fp=[1] true=[3] merged=[1, 3]
9.4 fp=[1] true=[3] merged=[1, 3]
9.7 fp=[1] true=[3] merged=[1, 3]
10.0 fp=[1] true=[3] merged=[1, 3]
10.3 fp=[1] true=[3] merged=[1, 3]
10.6 fp=[1] true=[3] merged=[1, 3]
10.9 fp=[1] true=[3] merged=[1, 3]
11.2 fp=[1] true=[3] merged=[1, 3]
11.6 fp=[1] true=[3] merged=[1, 3]
11.9 fp=[1] true=[3] merged=[1, 3]
12.2 fp=[1] true=[3] merged=[1, 3]
12.5 fp=[1] true=[3] merged=[1, 3]
12.8 fp=[1] true=[3] merged=[1, 3]
13.1 fp=[1] true=[3] merged=[1, 3]
13.5 fp=[1] true=[3] merged=[1, 3]
13.8 fp=[1] true=[3] merged=[1, 3]
14.1 fp=[1] true=[3] merged=[1, 3]
14.4 fp=[1] true=[3] merged=[1, 3]
14.7 fp=[1] true=[3] merged=[1, 3]
15.0 fp=[1] true=[3] merged=[1, 3]
15.3 fp=[1] true=[3] merged=[1, 3]
15.6 fp=[1] true=[3] merged=[1, 3]
16.0 fp=[1] true=[3] merged=[1, 3]
16.3 fp=[1] true=[3] merged=[1, 3]
16.6 fp=[1] true=[3] merged=[1, 3]
16.9 fp=[1] true=[3] merged=[1, 3]
17.2 fp=[1] true=[3] merged=[1, 3]
17.5 fp=[1] true=[3] merged=[1, 3]
17.9 fp=[1] true=[3] merged=[1, 3]
18.2 fp=[1] true=[3] merged=[1, 3]
18.5 fp=[1] true=[3] merged=[1, 3]
18.8 fp=[1] true=[3] merged=[1, 3]
19.1 fp=[1] true=[3] merged=[1, 3]
19.4 fp=[1] true=[3] merged=[1, 3]
19.8 fp=[1] true=[3] merged=[1, 3]
20.1 fp=[1] true=[3] merged=[1, 3]
20.4 fp=[1] true=[3] merged=[1, 3]
20.7 fp=[1] true=[3] merged=[1, 3]
21.0 fp=[1] true=[3] merged=[1, 3]
21.3 fp=[1] true=[3] merged=[1, 3]
21.6 fp=[1] true=[3] merged=[1, 3]
21.9 fp=[1] true=[3] merged=[1, 3]
22.3 fp=[1] true=[3] merged=[1, 3]
22.6 fp=[1] true=[3] merged=[1, 3]
22.9 fp=[1] true=[3] merged=[1, 3]
23.2 fp=[1] true=[3] merged=[1, 3]
23.5 fp=[1] true=[3] merged=[1, 3]
23.8 fp=[1] true=[3] merged=[1, 3]
24.1 fp=[1] true=[3] merged=[1, 3]
24.5 fp=[1] true=[3] merged=[1, 3]
24.8 fp=[1] true=[3] merged=[1, 3]
25.1 fp=[1] true=[3] merged=[1, 3]
25.4 fp=[1] true=[3] merged=[1, 3]
25.7 fp=[1] true=[3] merged=[1, 3]
26.0 fp=[1] true=[3] merged=[1, 3]
26.3 fp=[1] true=[3] merged=[1, 3]
26.6 fp=[1] true=[3] merged=[1, 3]
27.0 fp=[1] true=[3] merged=[1, 3]
27.3 fp=[1] true=[3] merged=[1, 3]
27.6 fp=[1] true=[3] merged=[1, 3]
27.9 fp=[1] true=[3] merged=[1, 3]
28.2 fp=[1] true=[3] merged=[1, 3]
28.6 fp=[1] true=[3] merged=[1, 3]
28.9 fp=[1] true=[3] merged=[1, 3]
29.2 fp=[1] true=[3] merged=[1, 3]
29.5 fp=[1] true=[3] merged=[1, 3]
29.8 fp=[1] true=[3] merged=[1, 3]
30.1 fp=[1] true=[3] merged=[1, 3]
30.4 fp=[1] true=[3] merged=[1, 3]
30.7 fp=[1] true=[3] merged=[1, 3]
31.1 fp=[1] true=[3] merged=[1, 3]
31.4 fp=[1] true=[3] merged=[1, 3]
31.7 fp=[1] true=[3] merged=[1, 3]
32.0 fp=[1] true=[3] merged=[1, 3]
32.3 fp=[1] true=[3] merged=[1, 3]
32.6 fp=[1] true=[3] merged=[1, 3]
33.0 fp=[1] true=[3] merged=[1, 3]
33.3 fp=[1] true=[3] merged=[1, 3]
33.6 fp=[1] true=[3] merged=[1, 3]
33.9 fp=[1] true=[3] merged=[1, 3]
34.2 fp=[1] true=[3] merged=[1, 3]
34.5 fp=[1] true=[3] merged=[1, 3]
34.8 fp=[1] true=[3] merged=[1, 3]
35.2 fp=[1] true=[3] merged=[1, 3]
35.5 fp=[1] true=[3] merged=[1, 3]
35.8 fp=[1] true=[3] merged=[1, 3]
36.1 fp=[1] true=[3] merged=[1, 3]
36.4 fp=[1] true=[3] merged=[1, 3]
36.7 fp=[1] true=[3] merged=[1, 3]
37.0 fp=[1] true=[3] merged=[1, 3]
37.3 fp=[1] true=[3] merged=[1, 3]
37.7 fp=[1] true=[3] merged=[1, 3]
38.0 fp=[1] true=[3] merged=[1, 3]
38.3 fp=[1] true=[3] merged=[1, 3]
38.6 fp=[1] true=[3] merged=[1, 3]
38.9 fp=[1] true=[3] merged=[1, 3]
39.2 fp=[1] true=[3] merged=[1, 3]
39.5 fp=[1] true=[3] merged=[1, 3]
39.8 fp=[1] true=[3] merged=[1, 3]
40.1 fp=[1] true=[3] merged=[1, 3]
40.5 fp=[1] true=[3] merged=[1, 3]
40.8 fp=[1] true=[3] merged=[1, 3]
41.1 fp=[7] true=[3] merged=[3, 7]
41.4 fp=[7] true=[3] merged=[3, 7]
41.7 fp=[7] true=[3] merged=[3, 7]
42.1 fp=[7] true=[3] merged=[3, 7]
42.4 fp=[7] true=[3] merged=[3, 7]
42.7 fp=[7] true=[3] merged=[3, 7]
43.0 fp=[7] true=[3] merged=[3, 7]
43.3 fp=[7] true=[3] merged=[3, 7]
43.7 fp=[7] true=[3] merged=[3, 7]
44.0 fp=[7] true=[3] merged=[3, 7]
44.3 fp=[7] true=[3] merged=[3, 7]
44.6 fp=[7] true=[3] merged=[3, 7]
44.9 fp=[7] true=[3] merged=[3, 7]
45.2 fp=[7] true=[3] merged=[3, 7]
45.5 fp=[7] true=[3] merged=[3, 7]
45.9 fp=[7] true=[3] merged=[3, 7]
46.2 fp=[7] true=[3] merged=[3, 7]
46.5 fp=[7] true=[3] merged=[3, 7]
46.8 fp=[7] true=[3] merged=[3, 7]
47.1 fp=[7] true=[3] merged=[3, 7]
47.4 fp=[7] true=[3] merged=[3, 7]
47.7 fp=[7] true=[3] merged=[3, 7]
48.0 fp=[7] true=[3] merged=[3, 7]
48.4 fp=[7] true=[3] merged=[3, 7]
48.7 fp=[7] true=[3] merged=[3, 7]
49.0 fp=[7] true=[3] merged=[3, 7]
49.3 fp=[7] true=[3] merged=[3, 7]
49.6 fp=[7] true=[3] merged=[3, 7]
49.9 fp=[7] true=[3] merged=[3, 7]
50.2 fp=[7] true=[3] merged=[3, 7]
50.5 fp=[7] true=[3] merged=[3, 7]
50.9 fp=[7] true=[3] merged=[3, 7]
51.2 fp=[7] true=[3] merged=[3, 7]
51.5 fp=[7] true=[3] merged=[3, 7]
51.8 fp=[7] true=[3] merged=[3, 7]
52.2 fp=[7] true=[3] merged=[3, 7]
52.5 fp=[7] true=[3] merged=[3, 7]
52.8 fp=[7] true=[3] merged=[3, 7]
53.1 fp=[7] true=[3] merged=[3, 7]
53.4 fp=[7] true=[3] merged=[3, 7]
53.7 fp=[7] true=[3] merged=[3, 7]
54.0 fp=[7] true=[3] merged=[3, 7]
54.3 fp=[7] true=[3] merged=[3, 7]
54.6 fp=[7] true=[3] merged=[3, 7]
55.0 fp=[7] true=[3] merged=[3, 7]
55.3 fp=[4] true=[3] merged=[3, 4]
55.6 fp=[4] true=[3] merged=[3, 4]
55.9 fp=[4] true=[3] merged=[3, 4]
56.2 fp=[2] true=[3] merged=[2, 3]
56.6 fp=[2] true=[3] merged=[2, 3]
56.9 fp=[2] true=[3] merged=[2, 3]
57.2 fp=[2] true=[3] merged=[2, 3]
57.5 fp=[2] true=[3] merged=[2, 3]
57.8 fp=[2] true=[3] merged=[2, 3]
58.1 fp=[2] true=[3] merged=[2, 3]
58.4 fp=[2] true=[3] merged=[2, 3]
58.8 fp=[2] true=[3] merged=[2, 3]
59.1 fp=[2] true=[3] merged=[2, 3]
59.4 fp=[2] true=[3] merged=[2, 3]
59.7 fp=[2] true=[3] merged=[2, 3]
60.0 fp=[2] true=[3] merged=[2, 3]
60.3 fp=[2] true=[3] merged=[2, 3]
60.7 fp=[2] true=[3] merged=[2, 3]
61.0 fp=[2] true=[3] merged=[2, 3]
61.3 fp=[2] true=[3] merged=[2, 3]
61.6 fp=[2] true=[3] merged=[2, 3]
62.0 fp=[2] true=[3] merged=[2, 3]
62.3 fp=[2] true=[3] merged=[2, 3]
62.6 fp=[2] true=[3] merged=[2, 3]
62.9 fp=[2] true=[3] merged=[2, 3]
63.2 fp=[2] true=[3] merged=[2, 3]
63.5 fp=[2] true=[3] merged=[2, 3]
63.8 fp=[2] true=[3] merged=[2, 3]
64.2 fp=[1] true=[3] merged=[1, 3]
64.5 fp=[1] true=[3] merged=[1, 3]
64.8 fp=[1] true=[3] merged=[1, 3]
65.1 fp=[1] true=[3] merged=[1, 3]
65.4 fp=[1] true=[3] merged=[1, 3]
65.7 fp=[1] true=[3] merged=[1, 3]
66.0 fp=[1] true=[3] merged=[1, 3]
66.3 fp=[1] true=[3] merged=[1, 3]
66.7 fp=[1] true=[3] merged=[1, 3]
67.0 fp=[1] true=[3] merged=[1, 3]
67.3 fp=[1] true=[3] merged=[1, 3]
67.6 fp=[1] true=[3] merged=[1, 3]
67.9 fp=[1] true=[3] merged=[1, 3]
68.2 fp=[1] true=[3] merged=[1, 3]
68.5 fp=[1] true=[3] merged=[1, 3]
68.8 fp=[1] true=[3] merged=[1, 3]
69.2 fp=[1] true=[3] merged=[1, 3]
69.5 fp=[1] true=[3] merged=[1, 3]
69.8 fp=[1] true=[3] merged=[1, 3]
70.1 fp=[1] true=[3] merged=[1, 3]
70.4 fp=[1] true=[3] merged=[1, 3]
70.7 fp=[1] true=[3] merged=[1, 3]
71.1 fp=[1] true=[3] merged=[1, 3]
71.4 fp=[1] true=[3] merged=[1, 3]
71.7 fp=[1] true=[3] merged=[1, 3]
72.1 fp=[1] true=[3] merged=[1, 3]
72.4 fp=[1] true=[3] merged=[1, 3]
72.7 fp=[1] true=[3] merged=[1, 3]
73.0 fp=[1] true=[3] merged=[1, 3]
73.3 fp=[1] true=[3] merged=[1, 3]
73.6 fp=[1] true=[3] merged=[1, 3]
73.9 fp=[1] true=[3] merged=[1, 3]
74.2 fp=[1] true=[3] merged=[1, 3]
74.6 fp=[1] true=[3] merged=[1, 3]
74.9 fp=[1] true=[3] merged=[1, 3]
75.2 fp=[1] true=[3] merged=[1, 3]
75.5 fp=[1] true=[3] merged=[1, 3]
75.8 fp=[1] true=[3] merged=[1, 3]
76.1 fp=[1] true=[3] merged=[1, 3]
76.4 fp=[1] true=[3] merged=[1, 3]
76.7 fp=[1] true=[3] merged=[1, 3]
77.1 fp=[1] true=[3] merged=[1, 3]
77.4 fp=[1] true=[3] merged=[1, 3]
77.7 fp=[1] true=[3] merged=[1, 3]
78.0 fp=[1] true=[3] merged=[1, 3]
78.3 fp=[1] true=[3] merged=[1, 3]
78.6 fp=[1] true=[3] merged=[1, 3]
79.0 fp=[1] true=[3] merged=[1, 3]
79.3 fp=[1] true=[3] merged=[1, 3]
79.6 fp=[1] true=[3] merged=[1, 3]
79.9 fp=[1] true=[3] merged=[1, 3]
80.2 fp=[1] true=[3] merged=[1, 3]
80.5 fp=[1] true=[3] merged=[1, 3]
80.8 fp=[1] true=[3] merged=[1, 3]
81.1 fp=[1] true=[3] merged=[1, 3]
81.5 fp=[1] true=[3] merged=[1, 3]
81.8 fp=[1] true=[3] merged=[1, 3]
82.1 fp=[1] true=[3] merged=[1, 3]
82.4 fp=[1] true=[3] merged=[1, 3]
82.7 fp=[1] true=[3] merged=[1, 3]
83.1 fp=[1] true=[3] merged=[1, 3]
83.4 fp=[1] true=[3] merged=[1, 3]
83.7 fp=[1] true=[3] merged=[1, 3]
84.0 fp=[1] true=[3] merged=[1, 3]
84.3 fp=[1] true=[3] merged=[1, 3]
84.6 fp=[1] true=[3] merged=[1, 3]
84.9 fp=[1] true=[3] merged=[1, 3]
85.3 fp=[1] true=[3] merged=[1, 3]
85.6 fp=[1] true=[3] merged=[1, 3]
85.9 fp=[1] true=[3] merged=[1, 3]
86.2 fp=[1] true=[3] merged=[1, 3]
86.5 fp=[1] true=[3] merged=[1, 3]
86.8 fp=[1] true=[3] merged=[1, 3]
87.2 fp=[1] true=[3] merged=[1, 3]
87.5 fp=[1] true=[3] merged=[1, 3]
87.8 fp=[1] true=[3] merged=[1, 3]
88.1 fp=[1] true=[3] merged=[1, 3]
88.4 fp=[1] true=[3] merged=[1, 3]
88.7 fp=[1] true=[3] merged=[1, 3]
89.0 fp=[1] true=[3] merged=[1, 3]
89.3 fp=[1] true=[3] merged=[1, 3]
89.7 fp=[1] true=[3] merged=[1, 3]
90.0 fp=[1] true=[3] merged=[1, 3]
90.3 fp=[1] true=[3] merged=[1, 3]
90.6 fp=[1] true=[3] merged=[1, 3]
90.9 fp=[1] true=[3] merged=[1, 3]
91.3 fp=[1] true=[3] merged=[1, 3]
91.6 fp=[1] true=[3] merged=[1, 3]
91.9 fp=[1] true=[3] merged=[1, 3]
92.2 fp=[1] true=[3] merged=[1, 3]
92.5 fp=[1] true=[3] merged=[1, 3]
92.8 fp=[1] true=[3] merged=[1, 3]
93.2 fp=[1] true=[3] merged=[1, 3]
93.5 fp=[1] true=[3] merged=[1, 3]
93.8 fp=[1] true=[3] merged=[1, 3]
94.1 fp=[1] true=[3] merged=[1, 3]
94.4 fp=[1] true=[3] merged=[1, 3]
94.7 fp=[1] true=[3] merged=[1, 3]
95.0 fp=[1] true=[3] merged=[1, 3]
95.3 fp=[1] true=[3] merged=[1, 3]
95.7 fp=[1] true=[3] merged=[1, 3]
96.0 fp=[1] true=[3] merged=[1, 3]
96.3 fp=[1] true=[3] merged=[1, 3]
96.6 fp=[1] true=[3] merged=[1, 3]
96.9 fp=[1] true=[3] merged=[1, 3]
97.2 fp=[1] true=[3] merged=[1, 3]
97.6 fp=[1] true=[3] merged=[1, 3]
97.9 fp=[1] true=[3] merged=[1, 3]
98.2 fp=[5] true=[3] merged=[3, 5]
98.5 fp=[5] true=[3] merged=[3, 5]
98.8 fp=[5] true=[3] merged=[3, 5]
99.1 fp=[5] true=[3] merged=[3, 5]
99.4 fp=[5] true=[3] merged=[3, 5]
99.7 fp=[5] true=[3] merged=[3, 5]
100.1 fp=[5] true=[3] merged=[3, 5]
100.4 fp=[5] true=[3] merged=[3, 5]
100.7 fp=[5] true=[3] merged=[3, 5]
101.0 fp=[5] true=[3] merged=[3, 5]
101.3 fp=[5] true=[3] merged=[3, 5]
101.6 fp=[5] true=[3] merged=[3, 5]
101.9 fp=[5] true=[3] merged=[3, 5]
102.3 fp=[4] true=[3] merged=[3, 4]
102.6 fp=[4] true=[3] merged=[3, 4]
102.9 fp=[4] true=[3] merged=[3, 4]
103.2 fp=[4] true=[3] merged=[3, 4]
103.5 fp=[4] true=[3] merged=[3, 4]
103.8 fp=[4] true=[3] merged=[3, 4]
104.1 fp=[4] true=[3] merged=[3, 4]
104.4 fp=[4] true=[3] merged=[3, 4]
104.8 fp=[4] true=[3] merged=[3, 4]
105.1 fp=[4] true=[3] merged=[3, 4]
105.4 fp=[4] true=[3] merged=[3, 4]
105.7 fp=[4] true=[3] merged=[3, 4]
106.0 fp=[4] true=[3] merged=[3, 4]
106.4 fp=[4] true=[3] merged=[3, 4]
106.7 fp=[4] true=[3] merged=[3, 4]
107.0 fp=[4] true=[3] merged=[3, 4]
107.3 fp=[4] true=[3] merged=[3, 4]
107.6 fp=[4] true=[3] merged=[3, 4]
107.9 fp=[4] true=[3] merged=[3, 4]
108.3 fp=[4] true=[3] merged=[3, 4]
108.6 fp=[4] true=[3] merged=[3, 4]
108.9 fp=[4] true=[3] merged=[3, 4]
109.2 fp=[4] true=[3] merged=[3, 4]
109.5 fp=[4] true=[3] merged=[3, 4]
109.8 fp=[4] true=[3] merged=[3, 4]
110.1 fp=[4] true=[3] merged=[3, 4]
110.4 fp=[4] true=[3] merged=[3, 4]
110.8 fp=[4] true=[3] merged=[3, 4]
111.1 fp=[4] true=[3] merged=[3, 4]
111.4 fp=[4] true=[3] merged=[3, 4]
111.7 fp=[4] true=[3] merged=[3, 4]
112.0 fp=[4] true=[3] merged=[3, 4]
112.3 fp=[4] true=[3] merged=[3, 4]
112.7 fp=[4] true=[3] merged=[3, 4]
113.0 fp=[4] true=[3] merged=[3, 4]
113.3 fp=[4] true=[3] merged=[3, 4]
113.6 fp=[4] true=[3] merged=[3, 4]
114.0 fp=[4] true=[3] merged=[3, 4]
114.3 fp=[4] true=[3] merged=[3, 4]
114.6 fp=[4] true=[3] merged=[3, 4]
114.9 fp=[4] true=[3] merged=[3, 4]
115.2 fp=[4] true=[3] merged=[3, 4]
115.5 fp=[4] true=[3] merged=[3, 4]
115.8 fp=[4] true=[3] merged=[3, 4]
116.2 fp=[4] true=[3] merged=[3, 4]
116.5 fp=[4] true=[3] merged=[3, 4]
116.8 fp=[4] true=[3] merged=[3, 4]
117.1 fp=[4] true=[3] merged=[3, 4]
117.4 fp=[4] true=[3] merged=[3, 4]
117.7 fp=[4] true=[3] merged=[3, 4]
118.1 fp=[4] true=[3] merged=[3, 4]
118.4 fp=[4] true=[3] merged=[3, 4]
118.7 fp=[4] true=[3] merged=[3, 4]
119.0 fp=[4] true=[3] merged=[3, 4]
119.3 fp=[4] true=[3] merged=[3, 4]
119.6 fp=[4] true=[3] merged=[3, 4]
119.9 fp=[4] true=[3] merged=[3, 4]
120.2 fp=[4] true=[3] merged=[3, 4]
120.6 fp=[4] true=[3] merged=[3, 4]
120.9 fp=[4] true=[3] merged=[3, 4]
121.2 fp=[4] true=[3] merged=[3, 4]
121.5 fp=[4] true=[3] merged=[3, 4]
121.8 fp=[4] true=[3] merged=[3, 4]
122.1 fp=[5] true=[3] merged=[3, 5]
122.5 fp=[5] true=[3] merged=[3, 5]
122.8 fp=[5] true=[3] merged=[3, 5]
123.1 fp=[5] true=[3] merged=[3, 5]
123.4 fp=[5] true=[3] merged=[3, 5]
123.7 fp=[5] true=[3] merged=[3, 5]
124.0 fp=[5] true=[3] merged=[3, 5]
124.3 fp=[5] true=[3] merged=[3, 5]
124.7 fp=[5] true=[3] merged=[3, 5]
125.0 fp=[5] true=[3] merged=[3, 5]
125.3 fp=[5] true=[3] merged=[3, 5]
125.6 fp=[5] true=[3] merged=[3, 5]
125.9 fp=[5] true=[3] merged=[3, 5]
126.2 fp=[5] true=[3] merged=[3, 5]
126.5 fp=[5] true=[3] merged=[3, 5]
126.8 fp=[5] true=[3] merged=[3, 5]
127.2 fp=[5] true=[3] merged=[3, 5]
127.5 fp=[5] true=[3] merged=[3, 5]
127.8 fp=[5] true=[3] merged=[3, 5]
129.0 fp=[5] true=[3] merged=[3, 5]
129.3 fp=[5] true=[3] merged=[3, 5]
129.6 fp=[5] true=[3] merged=[3, 5]
130.0 fp=[5] true=[3] merged=[3, 5]
130.3 fp=[5] true=[3] merged=[3, 5]
130.6 fp=[5] true=[3] merged=[3, 5]
130.9 fp=[5] true=[3] merged=[3, 5]
131.2 fp=[5] true=[3] merged=[3, 5]
131.5 fp=[5] true=[3] merged=[3, 5]
131.8 fp=[5] true=[3] merged=[3, 5]
132.2 fp=[5] true=[3] merged=[3, 5]
132.5 fp=[5] true=[3] merged=[3, 5]
132.8 fp=[5] true=[3] merged=[3, 5]
133.1 fp=[5] true=[3] merged=[3, 5]
133.4 fp=[5] true=[3] merged=[3, 5]
133.7 fp=[5] true=[3] merged=[3, 5]
134.0 fp=[5] true=[3] merged=[3, 5]
134.4 fp=[5] true=[3] merged=[3, 5]
134.7 fp=[5] true=[3] merged=[3, 5]
135.0 fp=[5] true=[3] merged=[3, 5]
135.3 fp=[5] true=[3] merged=[3, 5]
135.6 fp=[5] true=[3] merged=[3, 5]
135.9 fp=[5] true=[3] merged=[3, 5]
136.2 fp=[5] true=[3] merged=[3, 5]
136.6 fp=[5] true=[3] merged=[3, 5]
136.9 fp=[5] true=[3] merged=[3, 5]
137.2 fp=[5] true=[3] merged=[3, 5]
137.5 fp=[5] true=[3] merged=[3, 5]
137.8 fp=[5] true=[3] merged=[3, 5]
138.1 fp=[5] true=[3] merged=[3, 5]
138.5 fp=[5] true=[3] merged=[3, 5]
138.8 fp=[5] true=[3] merged=[3, 5]
139.1 fp=[5] true=[3] merged=[3, 5]
139.4 fp=[5] true=[3] merged=[3, 5]
139.7 fp=[5] true=[3] merged=[3, 5]
140.0 fp=[5] true=[3] merged=[3, 5]
140.3 fp=[5] true=[3] merged=[3, 5]
140.6 fp=[5] true=[3] merged=[3, 5]
140.9 fp=[5] true=[3] merged=[3, 5]
141.3 fp=[5] true=[3] merged=[3, 5]
141.6 fp=[5] true=[3] merged=[3, 5]
141.9 fp=[5] true=[3] merged=[3, 5]
142.2 fp=[5] true=[3] merged=[3, 5]
142.5 fp=[5] true=[3] merged=[3, 5]
142.8 fp=[5] true=[3] merged=[3, 5]
143.1 fp=[5] true=[3] merged=[3, 5]
143.5 fp=[5] true=[3] merged=[3, 5]
143.8 fp=[5] true=[3] merged=[3, 5]
144.1 fp=[5] true=[3] merged=[3, 5]
144.4 fp=[5] true=[3] merged=[3, 5]
144.7 fp=[5] true=[3] merged=[3, 5]
145.0 fp=[5] true=[3] merged=[3, 5]
145.3 fp=[5] true=[3] merged=[3, 5]
145.6 fp=[5] true=[3] merged=[3, 5]
146.0 fp=[5] true=[3] merged=[3, 5]
146.3 fp=[5] true=[3] merged=[3, 5]
146.6 fp=[5] true=[3] merged=[3, 5]
146.9 fp=[5] true=[3] merged=[3, 5]
147.2 fp=[5] true=[3] merged=[3, 5]
147.5 fp=[5] true=[3] merged=[3, 5]
147.8 fp=[5] true=[3] merged=[3, 5]
148.2 fp=[5] true=[3] merged=[3, 5]
148.5 fp=[5] true=[3] merged=[3, 5]
148.8 fp=[5] true=[3] merged=[3, 5]
149.1 fp=[6] true=[3] merged=[3, 6]
149.4 fp=[6] true=[3] merged=[3, 6]
149.7 fp=[6] true=[3] merged=[3, 6]
150.0 fp=[6] true=[3] merged=[3, 6]
150.3 fp=[6] true=[3] merged=[3, 6]
150.6 fp=[6] true=[3] merged=[3, 6]
151.0 fp=[6] true=[3] merged=[3, 6]
162.3 fp=[6] true=[3] merged=[3, 6]
162.6 fp=[6] true=[3] merged=[3, 6]
162.9 fp=[6] true=[3] merged=[3, 6]
163.2 fp=[6] true=[3] merged=[3, 6]
163.5 fp=[6] true=[3] merged=[3, 6]
163.8 fp=[6] true=[3] merged=[3, 6]
164.1 fp=[6] true=[3] merged=[3, 6]
164.5 fp=[6] true=[3] merged=[3, 6]
164.8 fp=[6] true=[3] merged=[3, 6]
165.1 fp=[6] true=[3] merged=[3, 6]
165.4 fp=[6] true=[3] merged=[3, 6]
165.7 fp=[6] true=[3] merged=[3, 6]
166.0 fp=[6] true=[3] merged=[3, 6]
166.3 fp=[6] true=[3] merged=[3, 6]
166.7 fp=[6] true=[3] merged=[3, 6]
167.0 fp=[6] true=[3] merged=[3, 6]
167.3 fp=[6] true=[3] merged=[3, 6]
167.6 fp=[6] true=[3] merged=[3, 6]
167.9 fp=[6] true=[3] merged=[3, 6]
168.2 fp=[6] true=[3] merged=[3, 6]
168.5 fp=[6] true=[3] merged=[3, 6]
168.9 fp=[6] true=[3] merged=[3, 6]
169.2 fp=[6] true=[3] merged=[3, 6]
169.5 fp=[6] true=[3] merged=[3, 6]
169.8 fp=[6] true=[3] merged=[3, 6]
170.1 fp=[6] true=[3] merged=[3, 6]
170.4 fp=[6] true=[3] merged=[3, 6]
170.7 fp=[6] true=[3] merged=[3, 6]
171.0 fp=[6] true=[3] merged=[3, 6]
171.3 fp=[6] true=[3] merged=[3, 6]
171.7 fp=[6] true=[3] merged=[3, 6]
172.0 fp=[6] true=[3] merged=[3, 6]
172.3 fp=[6] true=[3] merged=[3, 6]
172.6 fp=[6] true=[3] merged=[3, 6]
172.9 fp=[6] true=[3] merged=[3, 6]
173.2 fp=[6] true=[3] merged=[3, 6]
173.5 fp=[6] true=[3] merged=[3, 6]
173.8 fp=[6] true=[3] merged=[3, 6]
174.1 fp=[6] true=[3] merged=[3, 6]
174.5 fp=[6] true=[3] merged=[3, 6]
174.8 fp=[6] true=[3] merged=[3, 6]
175.1 fp=[6] true=[3] merged=[3, 6]
175.4 fp=[6] true=[3] merged=[3, 6]
175.7 fp=[6] true=[3] merged=[3, 6]
176.0 fp=[6] true=[3] merged=[3, 6]
176.3 fp=[6] true=[3] merged=[3, 6]
176.7 fp=[6] true=[3] merged=[3, 6]
177.0 fp=[6] true=[3] merged=[3, 6]
177.3 fp=[6] true=[3] merged=[3, 6]
177.6 fp=[6] true=[3] merged=[3, 6]
177.9 fp=[6] true=[3] merged=[3, 6]
178.2 fp=[6] true=[3] merged=[3, 6]
178.5 fp=[6] true=[3] merged=[3, 6]
178.8 fp=[6] true=[3] merged=[3, 6]
179.2 fp=[6] true=[3] merged=[3, 6]
179.5 fp=[6] true=[3] merged=[3, 6]
179.8 fp=[6] true=[3] merged=[3, 6]
180.1 fp=[6] true=[3] merged=[3, 6]
180.4 fp=[6] true=[3] merged=[3, 6]
180.7 fp=[6] true=[3] merged=[3, 6]
181.0 fp=[6] true=[3] merged=[3, 6]
181.3 fp=[6] true=[3] merged=[3, 6]
181.7 fp=[6] true=[3] merged=[3, 6]
199.0 fp=[5] true=[3] merged=[3, 5]
199.4 fp=[5] true=[3] merged=[3, 5]
199.7 fp=[5] true=[3] merged=[3, 5]
200.0 fp=[5] true=[3] merged=[3, 5]
200.3 fp=[5] true=[3] merged=[3, 5]
200.6 fp=[5] true=[3] merged=[3, 5]
200.9 fp=[5] true=[3] merged=[3, 5]
201.2 fp=[5] true=[3] merged=[3, 5]
201.5 fp=[5] true=[3] merged=[3, 5]
201.9 fp=[5] true=[3] merged=[3, 5]
202.2 fp=[5] true=[3] merged=[3, 5]
202.5 fp=[5] true=[3] merged=[3, 5]
202.8 fp=[5] true=[3] merged=[3, 5]
203.1 fp=[5] true=[3] merged=[3, 5]
203.4 fp=[5] true=[3] merged=[3, 5]
203.7 fp=[5] true=[3] merged=[3, 5]
204.0 fp=[5] true=[3] merged=[3, 5]
204.4 fp=[5] true=[3] merged=[3, 5]
204.7 fp=[5] true=[3] merged=[3, 5]
205.0 fp=[5] true=[3] merged=[3, 5]
205.3 fp=[5] true=[3] merged=[3, 5]
205.6 fp=[5] true=[3] merged=[3, 5]
205.9 fp=[5] true=[3] merged=[3, 5]
206.2 fp=[5] true=[3] merged=[3, 5]
206.5 fp=[5] true=[3] merged=[3, 5]
206.8 fp=[5] true=[3] merged=[3, 5]
207.2 fp=[5] true=[3] merged=[3, 5]
207.5 fp=[5] true=[3] merged=[3, 5]
207.8 fp=[5] true=[3] merged=[3, 5]
208.1 fp=[1] true=[3] merged=[1, 3]
208.4 fp=[1] true=[3] merged=[1, 3]
208.7 fp=[1] true=[3] merged=[1, 3]
209.0 fp=[1] true=[3] merged=[1, 3]
209.3 fp=[1] true=[3] merged=[1, 3]
209.7 fp=[1] true=[3] merged=[1, 3]
210.0 fp=[1] true=[3] merged=[1, 3]
210.3 fp=[1] true=[3] merged=[1, 3]
210.6 fp=[1] true=[3] merged=[1, 3]
210.9 fp=[1] true=[3] merged=[1, 3]
211.2 fp=[1] true=[3] merged=[1, 3]
211.5 fp=[1] true=[3] merged=[1, 3]
211.8 fp=[1] true=[3] merged=[1, 3]
212.1 fp=[1] true=[3] merged=[1, 3]
212.5 fp=[1] true=[3] merged=[1, 3]
212.8 fp=[1] true=[3] merged=[1, 3]
213.1 fp=[1] true=[3] merged=[1, 3]
213.4 fp=[1] true=[3] merged=[1, 3]
213.7 fp=[1] true=[3] merged=[1, 3]
214.0 fp=[1] true=[3] merged=[1, 3]
214.3 fp=[1] true=[3] merged=[1, 3]
214.6 fp=[1] true=[3] merged=[1, 3]
215.0 fp=[1] true=[3] merged=[1, 3]
215.3 fp=[1] true=[3] merged=[1, 3]
215.6 fp=[1] true=[3] merged=[1, 3]
215.9 fp=[1] true=[3] merged=[1, 3]
216.2 fp=[1] true=[3] merged=[1, 3]
216.5 fp=[1] true=[3] merged=[1, 3]
216.8 fp=[1] true=[3] merged=[1, 3]
217.1 fp=[1] true=[3] merged=[1, 3]
217.5 fp=[1] true=[3] merged=[1, 3]
217.8 fp=[1] true=[3] merged=[1, 3]
218.1 fp=[1] true=[3] merged=[1, 3]
218.4 fp=[1] true=[3] merged=[1, 3]
218.7 fp=[1] true=[3] merged=[1, 3]
219.0 fp=[1] true=[3] merged=[1, 3]
219.3 fp=[1] true=[3] merged=[1, 3]
219.6 fp=[1] true=[3] merged=[1, 3]
219.9 fp=[1] true=[3] merged=[1, 3]
220.3 fp=[1] true=[3] merged=[1, 3]
220.6 fp=[1] true=[3] merged=[1, 3]
220.9 fp=[1] true=[3] merged=[1, 3]
221.2 fp=[1] true=[3] merged=[1, 3]
221.5 fp=[1] true=[3] merged=[1, 3]
221.9 fp=[1] true=[3] merged=[1, 3]
222.2 fp=[1] true=[3] merged=[1, 3]
222.5 fp=[1] true=[3] merged=[1, 3]
222.8 fp=[1] true=[3] merged=[1, 3]
223.1 fp=[1] true=[3] merged=[1, 3]
223.4 fp=[1] true=[3] merged=[1, 3]
223.8 fp=[1] true=[3] merged=[1, 3]
224.1 fp=[1] true=[3] merged=[1, 3]
224.4 fp=[1] true=[3] merged=[1, 3]
224.7 fp=[1] true=[3] merged=[1, 3]
225.0 fp=[1] true=[3] merged=[1, 3]
225.3 fp=[1] true=[3] merged=[1, 3]
225.6 fp=[1] true=[3] merged=[1, 3]
226.0 fp=[1] true=[3] merged=[1, 3]
226.3 fp=[1] true=[3] merged=[1, 3]
226.6 fp=[1] true=[3] merged=[1, 3]
226.9 fp=[1] true=[3] merged=[1, 3]
227.2 fp=[1] true=[3] merged=[1, 3]
227.5 fp=[1] true=[3] merged=[1, 3]
227.8 fp=[1] true=[3] merged=[1, 3]
228.2 fp=[2] true=[3] merged=[2, 3]
228.5 fp=[2] true=[3] merged=[2, 3]
228.8 fp=[2] true=[3] merged=[2, 3]
229.1 fp=[2] true=[3] merged=[2, 3]
229.4 fp=[2] true=[3] merged=[2, 3]
229.8 fp=[2] true=[3] merged=[2, 3]
230.1 fp=[2] true=[3] merged=[2, 3]
230.4 fp=[2] true=[3] merged=[2, 3]
230.7 fp=[2] true=[3] merged=[2, 3]
231.0 fp=[2] true=[3] merged=[2, 3]
237.3 fp=[6] true=[3] merged=[3, 6]
237.6 fp=[6] true=[3] merged=[3, 6]
237.9 fp=[6] true=[3] merged=[3, 6]
238.2 fp=[6] true=[3] merged=[3, 6]
238.6 fp=[6] true=[3] merged=[3, 6]
238.9 fp=[6] true=[3] merged=[3, 6]
239.2 fp=[6] true=[3] merged=[3, 6]
239.5 fp=[6] true=[3] merged=[3, 6]
239.8 fp=[6] true=[3] merged=[3, 6]
240.1 fp=[6] true=[3] merged=[3, 6]
240.5 fp=[6] true=[3] merged=[3, 6]
240.8 fp=[6] true=[3] merged=[3, 6]
241.1 fp=[6] true=[3] merged=[3, 6]
241.4 fp=[6] true=[3] merged=[3, 6]
241.7 fp=[6] true=[3] merged=[3, 6]
242.0 fp=[6] true=[3] merged=[3, 6]
242.4 fp=[6] true=[3] merged=[3, 6]
242.7 fp=[6] true=[3] merged=[3, 6]
243.0 fp=[6] true=[3] merged=[3, 6]
243.3 fp=[6] true=[3] merged=[3, 6]
243.6 fp=[6] true=[3] merged=[3, 6]
243.9 fp=[6] true=[3] merged=[3, 6]
244.2 fp=[6] true=[3] merged=[3, 6]
244.5 fp=[6] true=[3] merged=[3, 6]
244.8 fp=[6] true=[3] merged=[3, 6]
245.1 fp=[6] true=[3] merged=[3, 6]
245.5 fp=[6] true=[3] merged=[3, 6]
245.8 fp=[6] true=[3] merged=[3, 6]
246.1 fp=[6] true=[3] merged=[3, 6]
246.4 fp=[6] true=[3] merged=[3, 6]
246.7 fp=[6] true=[3] merged=[3, 6]
247.0 fp=[6] true=[3] merged=[3, 6]
247.3 fp=[6] true=[3] merged=[3, 6]
247.6 fp=[6] true=[3] merged=[3, 6]
248.0 fp=[6] true=[3] merged=[3, 6]
248.3 fp=[6] true=[3] merged=[3, 6]
248.6 fp=[6] true=[3] merged=[3, 6]
248.9 fp=[6] true=[3] merged=[3, 6]
249.2 fp=[6] true=[3] merged=[3, 6]
249.5 fp=[6] true=[3] merged=[3, 6]
249.8 fp=[6] true=[3] merged=[3, 6]
250.1 fp=[6] true=[3] merged=[3, 6]
250.4 fp=[6] true=[3] merged=[3, 6]
250.8 fp=[6] true=[3] merged=[3, 6]
251.1 fp=[6] true=[3] merged=[3, 6]
251.4 fp=[6] true=[3] merged=[3, 6]
251.7 fp=[6] true=[3] merged=[3, 6]
252.0 fp=[6] true=[3] merged=[3, 6]
252.3 fp=[6] true=[3] merged=[3, 6]
252.6 fp=[6] true=[3] merged=[3, 6]
253.0 fp=[6] true=[3] merged=[3, 6]
253.3 fp=[6] true=[3] merged=[3, 6]
253.6 fp=[6] true=[3] merged=[3, 6]
253.9 fp=[6] true=[3] merged=[3, 6]
254.2 fp=[6] true=[3] merged=[3, 6]
254.5 fp=[6] true=[3] merged=[3, 6]
254.8 fp=[6] true=[3] merged=[3, 6]
255.1 fp=[6] true=[3] merged=[3, 6]
255.4 fp=[6] true=[3] merged=[3, 6]
255.8 fp=[6] true=[3] merged=[3, 6]
256.1 fp=[6] true=[3] merged=[3, 6]
256.4 fp=[6] true=[3] merged=[3, 6]
256.7 fp=[6] true=[3] merged=[3, 6]
257.0 fp=[6] true=[3] merged=[3, 6]
257.3 fp=[4] true=[3] merged=[3, 4]
257.6 fp=[4] true=[3] merged=[3, 4]
257.9 fp=[4] true=[3] merged=[3, 4]
258.2 fp=[4] true=[3] merged=[3, 4]
258.6 fp=[4] true=[3] merged=[3, 4]
258.9 fp=[4] true=[3] merged=[3, 4]
259.2 fp=[4] true=[3] merged=[3, 4]
259.5 fp=[4] true=[3] merged=[3, 4]
259.8 fp=[4] true=[3] merged=[3, 4]
260.1 fp=[4] true=[3] merged=[3, 4]
260.4 fp=[4] true=[3] merged=[3, 4]
260.7 fp=[4] true=[3] merged=[3, 4]
261.1 fp=[4] true=[3] merged=[3, 4]
261.4 fp=[4] true=[3] merged=[3, 4]
261.7 fp=[4] true=[3] merged=[3, 4]
262.0 fp=[4] true=[3] merged=[3, 4]
262.3 fp=[4] true=[3] merged=[3, 4]
262.6 fp=[4] true=[3] merged=[3, 4]
262.9 fp=[4] true=[3] merged=[3, 4]
263.2 fp=[4] true=[3] merged=[3, 4]
263.6 fp=[4] true=[3] merged=[3, 4]
263.9 fp=[4] true=[3] merged=[3, 4]
264.2 fp=[4] true=[3] merged=[3, 4]
264.5 fp=[4] true=[3] merged=[3, 4]
264.8 fp=[4] true=[3] merged=[3, 4]
265.1 fp=[4] true=[3] merged=[3, 4]
265.4 fp=[4] true=[3] merged=[3, 4]
265.7 fp=[4] true=[3] merged=[3, 4]
266.0 fp=[4] true=[3] merged=[3, 4]
266.3 fp=[4] true=[3] merged=[3, 4]
266.7 fp=[4] true=[3] merged=[3, 4]
267.0 fp=[4] true=[3] merged=[3, 4]
267.3 fp=[4] true=[3] merged=[3, 4]
267.6 fp=[4] true=[3] merged=[3, 4]
267.9 fp=[4] true=[3] merged=[3, 4]
268.2 fp=[4] true=[3] merged=[3, 4]
268.5 fp=[4] true=[3] merged=[3, 4]
268.8 fp=[4] true=[3] merged=[3, 4]
269.1 fp=[4] true=[3] merged=[3, 4]
269.5 fp=[4] true=[3] merged=[3, 4]
269.8 fp=[4] true=[3] merged=[3, 4]
270.1 fp=[1] true=[3] merged=[1, 3]
270.4 fp=[1] true=[3] merged=[1, 3]
270.7 fp=[1] true=[3] merged=[1, 3]
271.0 fp=[1] true=[3] merged=[1, 3]
271.3 fp=[1] true=[3] merged=[1, 3]
271.7 fp=[1] true=[3] merged=[1, 3]
272.0 fp=[1] true=[3] merged=[1, 3]
272.3 fp=[1] true=[3] merged=[1, 3]
272.6 fp=[1] true=[3] merged=[1, 3]
272.9 fp=[1] true=[3] merged=[1, 3]
273.2 fp=[1] true=[3] merged=[1, 3]
273.5 fp=[1] true=[3] merged=[1, 3]
273.8 fp=[1] true=[3] merged=[1, 3]
274.1 fp=[1] true=[3] merged=[1, 3]
274.5 fp=[1] true=[3] merged=[1, 3]
274.8 fp=[1] true=[3] merged=[1, 3]
275.1 fp=[1] true=[3] merged=[1, 3]
275.4 fp=[1] true=[3] merged=[1, 3]
275.7 fp=[1] true=[3] merged=[1, 3]
276.0 fp=[1] true=[3] merged=[1, 3]
276.3 fp=[1] true=[3] merged=[1, 3]
276.6 fp=[1] true=[3] merged=[1, 3]
277.0 fp=[1] true=[3] merged=[1, 3]
277.3 fp=[1] true=[3] merged=[1, 3]
277.6 fp=[1] true=[3] merged=[1, 3]
277.9 fp=[1] true=[3] merged=[1, 3]
278.2 fp=[1] true=[3] merged=[1, 3]
278.5 fp=[1] true=[3] merged=[1, 3]
278.8 fp=[1] true=[3] merged=[1, 3]
279.1 fp=[1] true=[3] merged=[1, 3]
279.4 fp=[1] true=[3] merged=[1, 3]
279.8 fp=[1] true=[3] merged=[1, 3]
280.1 fp=[1] true=[3] merged=[1, 3]
280.4 fp=[1] true=[3] merged=[1, 3]
280.7 fp=[1] true=[3] merged=[1, 3]
281.0 fp=[1] true=[3] merged=[1, 3]
281.3 fp=[1] true=[3] merged=[1, 3]
281.6 fp=[1] true=[3] merged=[1, 3]
282.0 fp=[1] true=[3] merged=[1, 3]
282.3 fp=[1] true=[3] merged=[1, 3]
282.6 fp=[1] true=[3] merged=[1, 3]
282.9 fp=[1] true=[3] merged=[1, 3]
283.2 fp=[1] true=[3] merged=[1, 3]
283.5 fp=[1] true=[3] merged=[1, 3]
283.8 fp=[1] true=[3] merged=[1, 3]
284.1 fp=[1] true=[3] merged=[1, 3]
284.4 fp=[1] true=[3] merged=[1, 3]
284.7 fp=[1] true=[3] merged=[1, 3]
285.1 fp=[1] true=[3] merged=[1, 3]
285.4 fp=[1] true=[3] merged=[1, 3]
285.7 fp=[1] true=[3] merged=[1, 3]
286.0 fp=[1] true=[3] merged=[1, 3]
286.3 fp=[1] true=[3] merged=[1, 3]
286.6 fp=[1] true=[3] merged=[1, 3]
286.9 fp=[1] true=[3] merged=[1, 3]
287.2 fp=[1] true=[3] merged=[1, 3]
287.6 fp=[1] true=[3] merged=[1, 3]
287.9 fp=[1] true=[3] merged=[1, 3]
288.2 fp=[1] true=[3] merged=[1, 3]
288.5 fp=[1] true=[3] merged=[1, 3]
288.8 fp=[1] true=[3] merged=[1, 3]
289.1 fp=[1] true=[3] merged=[1, 3]
289.4 fp=[1] true=[3] merged=[1, 3]
289.7 fp=[1] true=[3] merged=[1, 3]
290.0 fp=[7] true=[3] merged=[3, 7]
290.4 fp=[7] true=[3] merged=[3, 7]
290.7 fp=[7] true=[3] merged=[3, 7]
291.0 fp=[7] true=[3] merged=[3, 7]
291.3 fp=[7] true=[3] merged=[3, 7]
291.6 fp=[7] true=[3] merged=[3, 7]
291.9 fp=[7] true=[3] merged=[3, 7]
292.2 fp=[7] true=[3] merged=[3, 7]
292.5 fp=[7] true=[3] merged=[3, 7]
292.9 fp=[7] true=[3] merged=[3, 7]
293.2 fp=[7] true=[3] merged=[3, 7]
293.5 fp=[7] true=[3] merged=[3, 7]
293.8 fp=[7] true=[3] merged=[3, 7]
294.1 fp=[7] true=[3] merged=[3, 7]
294.4 fp=[7] true=[3] merged=[3, 7]
294.7 fp=[7] true=[3] merged=[3, 7]
295.0 fp=[7] true=[3] merged=[3, 7]
295.3 fp=[7] true=[3] merged=[3, 7]
295.7 fp=[7] true=[3] merged=[3, 7]
296.0 fp=[7] true=[3] merged=[3, 7]
296.3 fp=[7] true=[3] merged=[3, 7]
296.6 fp=[7] true=[3] merged=[3, 7]
296.9 fp=[7] true=[3] merged=[3, 7]
297.3 fp=[7] true=[3] merged=[3, 7]
297.6 fp=[7] true=[3] merged=[3, 7]
297.9 fp=[7] true=[3] merged=[3, 7]
298.2 fp=[7] true=[3] merged=[3, 7]
298.5 fp=[7] true=[3] merged=[3, 7]
298.8 fp=[7] true=[3] merged=[3, 7]
299.1 fp=[7] true=[3] merged=[3, 7]
299.4 fp=[7] true=[3] merged=[3, 7]
299.8 fp=[7] true=[3] merged=[3, 7]
321.1 fp=[2] true=[3] merged=[2, 3]
321.4 fp=[2] true=[3] merged=[2, 3]
321.8 fp=[2] true=[3] merged=[2, 3]
322.1 fp=[2] true=[3] merged=[2, 3]
322.4 fp=[2] true=[3] merged=[2, 3]
322.7 fp=[2] true=[3] merged=[2, 3]
323.0 fp=[2] true=[3] merged=[2, 3]
323.3 fp=[2] true=[3] merged=[2, 3]
323.6 fp=[2] true=[3] merged=[2, 3]
324.0 fp=[2] true=[3] merged=[2, 3]
324.3 fp=[2] true=[3] merged=[2, 3]
324.6 fp=[2] true=[3] merged=[2, 3]
324.9 fp=[2] true=[3] merged=[2, 3]
325.2 fp=[2] true=[3] merged=[2, 3]
325.5 fp=[2] true=[3] merged=[2, 3]
325.8 fp=[2] true=[3] merged=[2, 3]
326.1 fp=[2] true=[3] merged=[2, 3]
326.5 fp=[2] true=[3] merged=[2, 3]
326.8 fp=[2] true=[3] merged=[2, 3]
327.1 fp=[2] true=[3] merged=[2, 3]
327.4 fp=[2] true=[3] merged=[2, 3]
327.7 fp=[2] true=[3] merged=[2, 3]
328.0 fp=[2] true=[3] merged=[2, 3]
328.3 fp=[2] true=[3] merged=[2, 3]
328.6 fp=[2] true=[3] merged=[2, 3]
328.9 fp=[2] true=[3] merged=[2, 3]
329.2 fp=[2] true=[3] merged=[2, 3]
329.6 fp=[2] true=[3] merged=[2, 3]
329.9 fp=[2] true=[3] merged=[2, 3]
330.2 fp=[2] true=[3] merged=[2, 3]
330.5 fp=[2] true=[3] merged=[2, 3]
330.8 fp=[2] true=[3] merged=[2, 3]
331.1 fp=[2] true=[3] merged=[2, 3]
331.4 fp=[2] true=[3] merged=[2, 3]
331.7 fp=[2] true=[3] merged=[2, 3]
332.1 fp=[2] true=[3] merged=[2, 3]
332.4 fp=[2] true=[3] merged=[2, 3]
332.7 fp=[2] true=[3] merged=[2, 3]
333.0 fp=[2] true=[3] merged=[2, 3]
333.3 fp=[2] true=[3] merged=[2, 3]
333.6 fp=[2] true=[3] merged=[2, 3]
333.9 fp=[2] true=[3] merged=[2, 3]
334.2 fp=[2] true=[3] merged=[2, 3]
334.6 fp=[2] true=[3] merged=[2, 3]
334.9 fp=[2] true=[3] merged=[2, 3]
335.2 fp=[2] true=[3] merged=[2, 3]
335.5 fp=[2] true=[3] merged=[2, 3]
335.8 fp=[2] true=[3] merged=[2, 3]
336.1 fp=[2] true=[3] merged=[2, 3]
336.5 fp=[2] true=[3] merged=[2, 3]
336.8 fp=[2] true=[3] merged=[2, 3]
337.1 fp=[2] true=[3] merged=[2, 3]
337.4 fp=[2] true=[3] merged=[2, 3]
337.7 fp=[2] true=[3] merged=[2, 3]
338.0 fp=[2] true=[3] merged=[2, 3]
338.3 fp=[2] true=[3] merged=[2, 3]
338.7 fp=[2] true=[3] merged=[2, 3]
339.0 fp=[2] true=[3] merged=[2, 3]
339.3 fp=[1] true=[3] merged=[1, 3]
339.6 fp=[1] true=[3] merged=[1, 3]
339.9 fp=[1] true=[3] merged=[1, 3]
340.2 fp=[1] true=[3] merged=[1, 3]
340.5 fp=[1] true=[3] merged=[1, 3]
340.8 fp=[1] true=[3] merged=[1, 3]
341.1 fp=[1] true=[3] merged=[1, 3]
341.5 fp=[1] true=[3] merged=[1, 3]
341.8 fp=[1] true=[3] merged=[1, 3]
342.2 fp=[1] true=[3] merged=[1, 3]
342.5 fp=[1] true=[3] merged=[1, 3]
342.8 fp=[1] true=[3] merged=[1, 3]
343.1 fp=[1] true=[3] merged=[1, 3]
343.4 fp=[1] true=[3] merged=[1, 3]
343.7 fp=[1] true=[3] merged=[1, 3]
344.0 fp=[1] true=[3] merged=[1, 3]
344.3 fp=[1] true=[3] merged=[1, 3]
344.6 fp=[1] true=[3] merged=[1, 3]
344.9 fp=[1] true=[3] merged=[1, 3]
345.3 fp=[1] true=[3] merged=[1, 3]
345.6 fp=[1] true=[3] merged=[1, 3]
345.9 fp=[1] true=[3] merged=[1, 3]
346.2 fp=[1] true=[3] merged=[1, 3]
346.5 fp=[1] true=[3] merged=[1, 3]
346.8 fp=[1] true=[3] merged=[1, 3]
347.1 fp=[1] true=[3] merged=[1, 3]
347.4 fp=[1] true=[3] merged=[1, 3]
347.7 fp=[1] true=[3] merged=[1, 3]
348.0 fp=[1] true=[3] merged=[1, 3]
348.4 fp=[1] true=[3] merged=[1, 3]
348.7 fp=[1] true=[3] merged=[1, 3]
349.0 fp=[1] true=[3] merged=[1, 3]
349.3 fp=[1] true=[3] merged=[1, 3]
349.6 fp=[1] true=[3] merged=[1, 3]
349.9 fp=[1] true=[3] merged=[1, 3]
350.2 fp=[1] true=[3] merged=[1, 3]
350.5 fp=[1] true=[3] merged=[1, 3]
350.9 fp=[1] true=[3] merged=[1, 3]
351.2 fp=[1] true=[3] merged=[1, 3]
351.5 fp=[1] true=[3] merged=[1, 3]
351.8 fp=[1] true=[3] merged=[1, 3]
352.1 fp=[1] true=[3] merged=[1, 3]
352.5 fp=[1] true=[3] merged=[1, 3]
352.8 fp=[1] true=[3] merged=[1, 3]
353.1 fp=[1] true=[3] merged=[1, 3]
353.4 fp=[1] true=[3] merged=[1, 3]
353.7 fp=[1] true=[3] merged=[1, 3]
354.0 fp=[1] true=[3] merged=[1, 3]
354.4 fp=[1] true=[3] merged=[1, 3]
354.7 fp=[1] true=[3] merged=[1, 3]
355.0 fp=[1] true=[3] merged=[1, 3]
355.3 fp=[1] true=[3] merged=[1, 3]
355.6 fp=[1] true=[3] merged=[1, 3]
355.9 fp=[1] true=[3] merged=[1, 3]
356.2 fp=[1] true=[3] merged=[1, 3]
356.6 fp=[1] true=[3] merged=[1, 3]
356.9 fp=[1] true=[3] merged=[1, 3]
357.2 fp=[1] true=[3] merged=[1, 3]
357.5 fp=[1] true=[3] merged=[1, 3]
357.8 fp=[1] true=[3] merged=[1, 3]
358.1 fp=[1] true=[3] merged=[1, 3]
358.4 fp=[1] true=[3] merged=[1, 3]
358.7 fp=[1] true=[3] merged=[1, 3]
359.0 fp=[1] true=[3] merged=[1, 3]
359.4 fp=[1] true=[3] merged=[1, 3]
359.7 fp=[1] true=[3] merged=[1, 3]
360.0 fp=[1] true=[3] merged=[1, 3]
360.3 fp=[1] true=[3] merged=[1, 3]
360.6 fp=[1] true=[3] merged=[1, 3]
360.9 fp=[1] true=[3] merged=[1, 3]
361.3 fp=[1] true=[3] merged=[1, 3]
361.6 fp=[1] true=[3] merged=[1, 3]
361.9 fp=[1] true=[3] merged=[1, 3]
362.2 fp=[1] true=[3] merged=[1, 3]
362.5 fp=[1] true=[3] merged=[1, 3]
362.9 fp=[1] true=[3] merged=[1, 3]
363.2 fp=[1] true=[3] merged=[1, 3]
363.5 fp=[1] true=[3] merged=[1, 3]
363.8 fp=[1] true=[3] merged=[1, 3]
364.1 fp=[1] true=[3] merged=[1, 3]
364.4 fp=[1] true=[3] merged=[1, 3]
364.8 fp=[1] true=[3] merged=[1, 3]
365.1 fp=[1] true=[3] merged=[1, 3]
365.4 fp=[1] true=[3] merged=[1, 3]
365.7 fp=[1] true=[3] merged=[1, 3]
366.0 fp=[1] true=[3] merged=[1, 3]
366.3 fp=[1] true=[3] merged=[1, 3]
366.6 fp=[1] true=[3] merged=[1, 3]
367.0 fp=[1] true=[3] merged=[1, 3]
367.3 fp=[1] true=[3] merged=[1, 3]
367.6 fp=[1] true=[3] merged=[1, 3]
367.9 fp=[1] true=[3] merged=[1, 3]
368.2 fp=[1] true=[3] merged=[1, 3]
368.5 fp=[1] true=[3] merged=[1, 3]
368.8 fp=[1] true=[3] merged=[1, 3]
369.1 fp=[1] true=[3] merged=[1, 3]
369.4 fp=[1] true=[3] merged=[1, 3]
369.7 fp=[1] true=[3] merged=[1, 3]
370.1 fp=[1] true=[3] merged=[1, 3]
370.4 fp=[1] true=[3] merged=[1, 3]
370.7 fp=[1] true=[3] merged=[1, 3]
371.0 fp=[1] true=[3] merged=[1, 3]
371.3 fp=[1] true=[3] merged=[1, 3]
371.6 fp=[1] true=[3] merged=[1, 3]
371.9 fp=[1] true=[3] merged=[1, 3]
372.3 fp=[1] true=[3] merged=[1, 3]
372.6 fp=[1] true=[3] merged=[1, 3]
372.9 fp=[1] true=[3] merged=[1, 3]
373.2 fp=[1] true=[3] merged=[1, 3]
373.5 fp=[1] true=[3] merged=[1, 3]
373.8 fp=[1] true=[3] merged=[1, 3]
374.1 fp=[4] true=[3] merged=[3, 4]
374.5 fp=[4] true=[3] merged=[3, 4]
374.8 fp=[4] true=[3] merged=[3, 4]
375.1 fp=[4] true=[3] merged=[3, 4]
375.4 fp=[4] true=[3] merged=[3, 4]
375.7 fp=[4] true=[3] merged=[3, 4]
376.0 fp=[4] true=[3] merged=[3, 4]
376.3 fp=[4] true=[3] merged=[3, 4]
376.7 fp=[4] true=[3] merged=[3, 4]
377.0 fp=[4] true=[3] merged=[3, 4]
377.3 fp=[4] true=[3] merged=[3, 4]
377.6 fp=[4] true=[3] merged=[3, 4]
377.9 fp=[4] true=[3] merged=[3, 4]
378.2 fp=[4] true=[3] merged=[3, 4]
378.5 fp=[4] true=[3] merged=[3, 4]
378.8 fp=[4] true=[3] merged=[3, 4]
379.2 fp=[5] true=[3] merged=[3, 5]
379.5 fp=[5] true=[3] merged=[3, 5]
379.8 fp=[5] true=[3] merged=[3, 5]
380.1 fp=[1] true=[3] merged=[1, 3]
380.4 fp=[1] true=[3] merged=[1, 3]
380.8 fp=[1] true=[3] merged=[1, 3]
381.1 fp=[1] true=[3] merged=[1, 3]
381.4 fp=[1] true=[3] merged=[1, 3]
381.7 fp=[1] true=[3] merged=[1, 3]
382.0 fp=[1] true=[3] merged=[1, 3]
382.3 fp=[1] true=[3] merged=[1, 3]
382.7 fp=[1] true=[3] merged=[1, 3]
383.0 fp=[1] true=[3] merged=[1, 3]
383.3 fp=[1] true=[3] merged=[1, 3]
383.6 fp=[1] true=[3] merged=[1, 3]
383.9 fp=[1] true=[3] merged=[1, 3]
384.2 fp=[1] true=[3] merged=[1, 3]
384.6 fp=[1] true=[3] merged=[1, 3]
384.9 fp=[1] true=[3] merged=[1, 3]
385.2 fp=[1] true=[3] merged=[1, 3]
385.5 fp=[1] true=[3] merged=[1, 3]
385.8 fp=[1] true=[3] merged=[1, 3]
386.1 fp=[1] true=[3] merged=[1, 3]
386.4 fp=[1] true=[3] merged=[1, 3]
386.7 fp=[1] true=[3] merged=[1, 3]
387.0 fp=[1] true=[3] merged=[1, 3]
387.4 fp=[1] true=[3] merged=[1, 3]
387.7 fp=[1] true=[3] merged=[1, 3]
388.0 fp=[1] true=[3] merged=[1, 3]
388.3 fp=[1] true=[3] merged=[1, 3]
388.6 fp=[1] true=[3] merged=[1, 3]
388.9 fp=[1] true=[3] merged=[1, 3]
389.2 fp=[1] true=[3] merged=[1, 3]
389.5 fp=[1] true=[3] merged=[1, 3]
