# start rate=10 seed=1 dur=420 n=7 target=3 events=43
2.2 fp=[1] true=[3] merged=[1, 3]
2.5 fp=[1] true=[3] merged=[1, 3]
2.8 fp=[1] true=[3] merged=[1, 3]
3.1 fp=[1] true=[3] merged=[1, 3]
3.4 fp=[1] true=[3] merged=[1, 3]
3.8 fp=[1] true=[3] merged=[1, 3]
4.1 fp=[1] true=[3] merged=[1, 3]
4.4 fp=[1] true=[3] merged=[1, 3]
4.7 fp=[1] true=[3] merged=[1, 3]
5.0 fp=[1] true=[3] merged=[1, 3]
5.3 fp=[1] true=[3] merged=[1, 3]
5.6 fp=[1] true=[3] merged=[1, 3]
6.0 fp=[1] true=[3] merged=[1, 3]
6.3 fp=[1] true=[3] merged=[1, 3]
6.6 fp=[1] true=[3] merged=[1, 3]
6.9 fp=[1] true=[3] merged=[1, 3]
7.2 fp=[1] true=[3] merged=[1, 3]
7.5 fp=[1] true=[3] merged=[1, 3]
7.9 fp=[1] true=[3] merged=[1, 3]
8.2 fp=[1] true=[3] merged=[1, 3]
8.5 fp=[1] true=[3] merged=[1, 3]
8.8 fp=[1] true=[3] merged=[1, 3]
9.1 fp=[1] true=[3] merged=[1, 3]
9.4 fp=[1] true=[3] merged=[1, 3]
9.8 fp=[1] true=[3] merged=[1, 3]
10.1 fp=[1] true=[3] merged=[1, 3]
10.4 fp=[1] true=[3] merged=[1, 3]
10.7 fp=[1] true=[3] merged=[1, 3]
11.0 fp=[1] true=[3] merged=[1, 3]
11.3 fp=[1] true=[3] merged=[1, 3]
11.7 fp=[1] true=[3] merged=[1, 3]
12.0 fp=[1] true=[3] merged=[1, 3]
12.3 fp=[1] true=[3] merged=[1, 3]
12.6 fp=[1] true=[3] merged=[1, 3]
12.9 fp=[1] true=[3] merged=[1, 3]
13.2 fp=[1] true=[3] merged=[1, 3]
13.5 fp=[1] true=[3] merged=[1, 3]
13.9 fp=[1] true=[3] merged=[1, 3]
14.2 fp=[1] true=[3] merged=[1, 3]
14.5 fp=[1] true=[3] merged=[1, 3]
14.8 fp=[1] true=[3] merged=[1, 3]
15.1 fp=[1] true=[3] merged=[1, 3]
15.4 fp=[1] true=[3] merged=[1, 3]
15.8 fp=[1] true=[3] merged=[1, 3]
16.1 fp=[1] true=[3] merged=[1, 3]
16.4 fp=[1] true=[3] merged=[1, 3]
16.7 fp=[1] true=[3] merged=[1, 3]
17.0 fp=[1] true=[3] merged=[1, 3]
17.3 fp=[1] true=[3] merged=[1, 3]
17.6 fp=[1] true=[3] merged=[1, 3]
17.9 fp=[1] true=[3] merged=[1, 3]
18.3 fp=[1] true=[3] merged=[1, 3]
18.6 fp=[1] true=[3] merged=[1, 3]
18.9 fp=[1] true=[3] merged=[1, 3]
19.2 fp=[1] true=[3] merged=[1, 3]
19.5 fp=[1] true=[3] merged=[1, 3]
19.8 fp=[1] true=[3] merged=[1, 3]
20.1 fp=[1] true=[3] merged=[1, 3]
20.5 fp=[1] true=[3] merged=[1, 3]
20.8 fp=[1] true=[3] merged=[1, 3]
21.1 fp=[1] true=[3] merged=[1, 3]
21.4 fp=[1] true=[3] merged=[1, 3]
21.7 fp=[1] true=[3] merged=[1, 3]
22.0 fp=[1] true=[3] merged=[1, 3]
22.3 fp=[1] true=[3] merged=[1, 3]
22.6 fp=[1] true=[3] merged=[1, 3]
23.0 fp=[1] true=[3] merged=[1, 3]
23.3 fp=[1] true=[3] merged=[1, 3]
23.6 fp=[1] true=[3] merged=[1, 3]
23.9 fp=[1] true=[3] merged=[1, 3]
24.2 fp=[1] true=[3] merged=[1, 3]
24.5 fp=[1] true=[3] merged=[1, 3]
24.8 fp=[1] true=[3] merged=[1, 3]
25.2 fp=[1] true=[3] merged=[1, 3]
25.5 fp=[1] true=[3] merged=[1, 3]
25.8 fp=[1] true=[3] merged=[1, 3]
26.1 fp=[1] true=[3] merged=[1, 3]
26.4 fp=[1] true=[3] merged=[1, 3]
26.7 fp=[1] true=[3] merged=[1, 3]
27.0 fp=[1] true=[3] merged=[1, 3]
27.3 fp=[1] true=[3] merged=[1, 3]
27.7 fp=[1] true=[3] merged=[1, 3]
28.0 fp=[1] true=[3] merged=[1, 3]
28.3 fp=[1] true=[3] merged=[1, 3]
28.6 fp=[1] true=[3] merged=[1, 3]
29.0 fp=[1] true=[3] merged=[1, 3]
29.3 fp=[1] true=[3] merged=[1, 3]
29.6 fp=[1] true=[3] merged=[1, 3]
29.9 fp=[1] true=[3] merged=[1, 3]
30.2 fp=[1] true=[3] merged=[1, 3]
30.6 fp=[1] true=[3] merged=[1, 3]
30.9 fp=[1] true=[3] merged=[1, 3]
31.2 fp=[1] true=[3] merged=[1, 3]
31.5 fp=[1] true=[3] merged=[1, 3]
31.8 fp=[1] true=[3] merged=[1, 3]
32.1 fp=[1] true=[3] merged=[1, 3]
32.4 fp=[1] true=[3] merged=[1, 3]
32.8 fp=[1] true=[3] merged=[1, 3]
33.1 fp=[1] true=[3] merged=[1, 3]
33.4 fp=[1] true=[3] merged=[1, 3]
33.7 fp=[1] true=[3] merged=[1, 3]
34.0 fp=[1] true=[3] merged=[1, 3]
34.3 fp=[1] true=[3] merged=[1, 3]
34.6 fp=[1] true=[3] merged=[1, 3]
34.9 fp=[1] true=[3] merged=[1, 3]
35.2 fp=[1] true=[3] merged=[1, 3]
35.5 fp=[1] true=[3] merged=[1, 3]
35.9 fp=[1] true=[3] merged=[1, 3]
36.2 fp=[1] true=[3] merged=[1, 3]
36.5 fp=[1] true=[3] merged=[1, 3]
36.8 fp=[1] true=[3] merged=[1, 3]
37.1 fp=[1] true=[3] merged=[1, 3]
37.4 fp=[1] true=[3] merged=[1, 3]
37.8 fp=[1] true=[3] merged=[1, 3]
38.1 fp=[1] true=[3] merged=[1, 3]
38.4 fp=[1] true=[3] merged=[1, 3]
38.7 fp=[1] true=[3] merged=[1, 3]
39.0 fp=[1] true=[3] merged=[1, 3]
39.3 fp=[1] true=[3] merged=[1, 3]
39.7 fp=[1] true=[3] merged=[1, 3]
40.0 fp=[1] true=[3] merged=[1, 3]
40.3 fp=[1] true=[3] merged=[1, 3]
40.6 fp=[1] true=[3] merged=[1, 3]
40.9 fp=[1] true=[3] merged=[1, 3]
41.2 fp=[7] true=[3] merged=[3, 7]
41.5 fp=[7] true=[3] merged=[3, 7]
41.9 fp=[7] true=[3] merged=[3, 7]
42.2 fp=[7] true=[3] merged=[3, 7]
42.5 fp=[7] true=[3] merged=[3, 7]
42.8 fp=[7] true=[3] merged=[3, 7]
43.1 fp=[7] true=[3] merged=[3, 7]
43.4 fp=[7] true=[3] merged=[3, 7]
43.7 fp=[7] true=[3] merged=[3, 7]
44.0 fp=[7] true=[3] merged=[3, 7]
44.3 fp=[7] true=[3] merged=[3, 7]
44.6 fp=[7] true=[3] merged=[3, 7]
45.0 fp=[7] true=[3] merged=[3, 7]
45.3 fp=[7] true=[3] merged=[3, 7]
45.6 fp=[7] true=[3] merged=[3, 7]
45.9 fp=[7] true=[3] merged=[3, 7]
46.2 fp=[7] true=[3] merged=[3, 7]
46.5 fp=[7] true=[3] merged=[3, 7]
46.9 fp=[7] true=[3] merged=[3, 7]
47.2 fp=[7] true=[3] merged=[3, 7]
47.5 fp=[7] true=[3] merged=[3, 7]
47.8 fp=[7] true=[3] merged=[3, 7]
48.1 fp=[7] true=[3] merged=[3, 7]
48.4 fp=[7] true=[3] merged=[3, 7]
48.7 fp=[7] true=[3] merged=[3, 7]
49.0 fp=[7] true=[3] merged=[3, 7]
49.4 fp=[7] true=[3] merged=[3, 7]
49.7 fp=[7] true=[3] merged=[3, 7]
50.0 fp=[7] true=[3] merged=[3, 7]
50.3 fp=[7] true=[3] merged=[3, 7]
50.6 fp=[7] true=[3] merged=[3, 7]
50.9 fp=[7] true=[3] merged=[3, 7]
51.2 fp=[7] true=[3] merged=[3, 7]
51.5 fp=[7] true=[3] merged=[3, 7]
51.8 fp=[7] true=[3] merged=[3, 7]
52.2 fp=[7] true=[3] merged=[3, 7]
52.5 fp=[7] true=[3] merged=[3, 7]
52.8 fp=[7] true=[3] merged=[3, 7]
53.1 fp=[7] true=[3] merged=[3, 7]
53.4 fp=[7] true=[3] merged=[3, 7]
53.7 fp=[7] true=[3] merged=[3, 7]
54.0 fp=[7] true=[3] merged=[3, 7]
54.3 fp=[7] true=[3] merged=[3, 7]
54.7 fp=[7] true=[3] merged=[3, 7]
55.0 fp=[7] true=[3] merged=[3, 7]
55.3 fp=[4] true=[3] merged=[3, 4]
55.6 fp=[4] true=[3] merged=[3, 4]
55.9 fp=[4] true=[3] merged=[3, 4]
56.2 fp=[2] true=[3] merged=[2, 3]
56.5 fp=[2] true=[3] merged=[2, 3]
56.9 fp=[2] true=[3] merged=[2, 3]
57.2 fp=[2] true=[3] merged=[2, 3]
57.5 fp=[2] true=[3] merged=[2, 3]
57.8 fp=[2] true=[3] merged=[2, 3]
58.1 fp=[2] true=[3] merged=[2, 3]
58.4 fp=[2] true=[3] merged=[2, 3]
58.7 fp=[2] true=[3] merged=[2, 3]
59.0 fp=[2] true=[3] merged=[2, 3]
59.4 fp=[2] true=[3] merged=[2, 3]
59.7 fp=[2] true=[3] merged=[2, 3]
60.0 fp=[2] true=[3] merged=[2, 3]
60.3 fp=[2] true=[3] merged=[2, 3]
60.6 fp=[2] true=[3] merged=[2, 3]
60.9 fp=[2] true=[3] merged=[2, 3]
61.3 fp=[2] true=[3] merged=[2, 3]
61.6 fp=[2] true=[3] merged=[2, 3]
61.9 fp=[2] true=[3] merged=[2, 3]
62.2 fp=[2] true=[3] merged=[2, 3]
62.5 fp=[2] true=[3] merged=[2, 3]
62.8 fp=[2] true=[3] merged=[2, 3]
63.1 fp=[2] true=[3] merged=[2, 3]
63.5 fp=[2] true=[3] merged=[2, 3]
63.8 fp=[2] true=[3] merged=[2, 3]
64.1 fp=[1] true=[3] merged=[1, 3]
64.4 fp=[1] true=[3] merged=[1, 3]
64.7 fp=[1] true=[3] merged=[1, 3]
65.0 fp=[1] true=[3] merged=[1, 3]
65.3 fp=[1] true=[3] merged=[1, 3]
65.6 fp=[1] true=[3] merged=[1, 3]
65.9 fp=[1] true=[3] merged=[1, 3]
66.2 fp=[1] true=[3] merged=[1, 3]
66.6 fp=[1] true=[3] merged=[1, 3]
66.9 fp=[1] true=[3] merged=[1, 3]
67.2 fp=[1] true=[3] merged=[1, 3]
67.5 fp=[1] true=[3] merged=[1, 3]
67.8 fp=[1] true=[3] merged=[1, 3]
68.1 fp=[1] true=[3] merged=[1, 3]
68.4 fp=[1] true=[3] merged=[1, 3]
68.7 fp=[1] true=[3] merged=[1, 3]
69.0 fp=[1] true=[3] merged=[1, 3]
69.4 fp=[1] true=[3] merged=[1, 3]
69.7 fp=[1] true=[3] merged=[1, 3]
70.0 fp=[1] true=[3] merged=[1, 3]
70.3 fp=[1] true=[3] merged=[1, 3]
70.6 fp=[1] true=[3] merged=[1, 3]
70.9 fp=[1] true=[3] merged=[1, 3]
71.2 fp=[1] true=[3] merged=[1, 3]
71.6 fp=[1] true=[3] merged=[1, 3]
71.9 fp=[1] true=[3] merged=[1, 3]
72.2 fp=[1] true=[3] merged=[1, 3]
72.5 fp=[1] true=[3] merged=[1, 3]
72.8 fp=[1] true=[3] merged=[1, 3]
73.1 fp=[1] true=[3] merged=[1, 3]
73.4 fp=[1] true=[3] merged=[1, 3]
73.7 fp=[1] true=[3] merged=[1, 3]
74.1 fp=[1] true=[3] merged=[1, 3]
74.4 fp=[1] true=[3] merged=[1, 3]
74.7 fp=[1] true=[3] merged=[1, 3]
75.0 fp=[1] true=[3] merged=[1, 3]
75.3 fp=[1] true=[3] merged=[1, 3]
75.6 fp=[1] true=[3] merged=[1, 3]
75.9 fp=[1] true=[3] merged=[1, 3]
76.2 fp=[1] true=[3] merged=[1, 3]
76.5 fp=[1] true=[3] merged=[1, 3]
76.9 fp=[1] true=[3] merged=[1, 3]
77.2 fp=[1] true=[3] merged=[1, 3]
77.5 fp=[1] true=[3] merged=[1, 3]
77.8 fp=[1] true=[3] merged=[1, 3]
78.1 fp=[1] true=[3] merged=[1, 3]
78.4 fp=[1] true=[3] merged=[1, 3]
78.7 fp=[1] true=[3] merged=[1, 3]
79.1 fp=[1] true=[3] merged=[1, 3]
79.4 fp=[1] true=[3] merged=[1, 3]
79.7 fp=[1] true=[3] merged=[1, 3]
80.0 fp=[1] true=[3] merged=[1, 3]
80.3 fp=[1] true=[3] merged=[1, 3]
80.6 fp=[1] true=[3] merged=[1, 3]
80.9 fp=[1] true=[3] merged=[1, 3]
81.2 fp=[1] true=[3] merged=[1, 3]
81.6 fp=[1] true=[3] merged=[1, 3]
81.9 fp=[1] true=[3] merged=[1, 3]
82.2 fp=[1] true=[3] merged=[1, 3]
82.5 fp=[1] true=[3] merged=[1, 3]
82.8 fp=[1] true=[3] merged=[1, 3]
83.1 fp=[1] true=[3] merged=[1, 3]
83.4 fp=[1] true=[3] merged=[1, 3]
83.7 fp=[1] true=[3] merged=[1, 3]
84.0 fp=[1] true=[3] merged=[1, 3]
84.4 fp=[1] true=[3] merged=[1, 3]
84.7 fp=[1] true=[3] merged=[1, 3]
85.0 fp=[1] true=[3] merged=[1, 3]
85.3 fp=[1] true=[3] merged=[1, 3]
85.6 fp=[1] true=[3] merged=[1, 3]
85.9 fp=[1] true=[3] merged=[1, 3]
86.2 fp=[1] true=[3] merged=[1, 3]
86.5 fp=[1] true=[3] merged=[1, 3]
86.8 fp=[1] true=[3] merged=[1, 3]
87.1 fp=[1] true=[3] merged=[1, 3]
87.5 fp=[1] true=[3] merged=[1, 3]
87.8 fp=[1] true=[3] merged=[1, 3]
88.1 fp=[1] true=[3] merged=[1, 3]
88.4 fp=[1] true=[3] merged=[1, 3]
88.7 fp=[1] true=[3] merged=[1, 3]
89.0 fp=[1] true=[3] merged=[1, 3]
89.3 fp=[1] true=[3] merged=[1, 3]
89.7 fp=[1] true=[3] merged=[1, 3]
90.0 fp=[1] true=[3] merged=[1, 3]
90.3 fp=[1] true=[3] merged=[1, 3]
90.6 fp=[1] true=[3] merged=[1, 3]
90.9 fp=[1] true=[3] merged=[1, 3]
91.2 fp=[1] true=[3] merged=[1, 3]
91.5 fp=[1] true=[3] merged=[1, 3]
91.9 fp=[1] true=[3] merged=[1, 3]
92.2 fp=[1] true=[3] merged=[1, 3]
92.5 fp=[1] true=[3] merged=[1, 3]
92.8 fp=[1] true=[3] merged=[1, 3]
93.1 fp=[1] true=[3] merged=[1, 3]
93.4 fp=[1] true=[3] merged=[1, 3]
93.7 fp=[1] true=[3] merged=[1, 3]
94.1 fp=[1] true=[3] merged=[1, 3]
94.4 fp=[1] true=[3] merged=[1, 3]
94.7 fp=[1] true=[3] merged=[1, 3]
95.0 fp=[1] true=[3] merged=[1, 3]
95.3 fp=[1] true=[3] merged=[1, 3]
95.6 fp=[1] true=[3] merged=[1, 3]
95.9 fp=[1] true=[3] merged=[1, 3]
96.2 fp=[1] true=[3] merged=[1, 3]
96.5 fp=[1] true=[3] merged=[1, 3]
96.8 fp=[1] true=[3] merged=[1, 3]
97.2 fp=[1] true=[3] merged=[1, 3]
97.5 fp=[1] true=[3] merged=[1, 3]
97.8 fp=[1] true=[3] merged=[1, 3]
98.1 fp=[5] true=[3] merged=[3, 5]
98.4 fp=[5] true=[3] merged=[3, 5]
98.7 fp=[5] true=[3] merged=[3, 5]
99.0 fp=[5] true=[3] merged=[3, 5]
99.3 fp=[5] true=[3] merged=[3, 5]
99.6 fp=[5] true=[3] merged=[3, 5]
99.9 fp=[5] true=[3] merged=[3, 5]
100.3 fp=[5] true=[3] merged=[3, 5]
100.6 fp=[5] true=[3] merged=[3, 5]
100.9 fp=[5] true=[3] merged=[3, 5]
101.2 fp=[5] true=[3] merged=[3, 5]
101.5 fp=[5] true=[3] merged=[3, 5]
101.8 fp=[5] true=[3] merged=[3, 5]
102.1 fp=[4] true=[3] merged=[3, 4]
102.5 fp=[4] true=[3] merged=[3, 4]
102.8 fp=[4] true=[3] merged=[3, 4]
103.1 fp=[4] true=[3] merged=[3, 4]
103.4 fp=[4] true=[3] merged=[3, 4]
103.8 fp=[4] true=[3] merged=[3, 4]
104.1 fp=[4] true=[3] merged=[3, 4]
104.4 fp=[4] true=[3] merged=[3, 4]
104.7 fp=[4] true=[3] merged=[3, 4]
105.0 fp=[4] true=[3] merged=[3, 4]
105.3 fp=[4] true=[3] merged=[3, 4]
105.6 fp=[4] true=[3] merged=[3, 4]
105.9 fp=[4] true=[3] merged=[3, 4]
106.2 fp=[4] true=[3] merged=[3, 4]
106.6 fp=[4] true=[3] merged=[3, 4]
106.9 fp=[4] true=[3] merged=[3, 4]
107.2 fp=[4] true=[3] merged=[3, 4]
107.5 fp=[4] true=[3] merged=[3, 4]
107.8 fp=[4] true=[3] merged=[3, 4]
108.1 fp=[4] true=[3] merged=[3, 4]
108.4 fp=[4] true=[3] merged=[3, 4]
108.7 fp=[4] true=[3] merged=[3, 4]
109.0 fp=[4] true=[3] merged=[3, 4]
109.4 fp=[4] true=[3] merged=[3, 4]
109.7 fp=[4] true=[3] merged=[3, 4]
110.0 fp=[4] true=[3] merged=[3, 4]
110.3 fp=[4] true=[3] merged=[3, 4]
110.6 fp=[4] true=[3] merged=[3, 4]
110.9 fp=[4] true=[3] merged=[3, 4]
111.2 fp=[4] true=[3] merged=[3, 4]
111.6 fp=[4] true=[3] merged=[3, 4]
111.9 fp=[4] true=[3] merged=[3, 4]
112.2 fp=[4] true=[3] merged=[3, 4]
112.5 fp=[4] true=[3] merged=[3, 4]
112.8 fp=[4] true=[3] merged=[3, 4]
113.1 fp=[4] true=[3] merged=[3, 4]
113.4 fp=[4] true=[3] merged=[3, 4]
113.7 fp=[4] true=[3] merged=[3, 4]
114.0 fp=[4] true=[3] merged=[3, 4]
114.4 fp=[4] true=[3] merged=[3, 4]
114.7 fp=[4] true=[3] merged=[3, 4]
115.0 fp=[4] true=[3] merged=[3, 4]
115.3 fp=[4] true=[3] merged=[3, 4]
115.6 fp=[4] true=[3] merged=[3, 4]
115.9 fp=[4] true=[3] merged=[3, 4]
116.3 fp=[4] true=[3] merged=[3, 4]
116.6 fp=[4] true=[3] merged=[3, 4]
116.9 fp=[4] true=[3] merged=[3, 4]
117.2 fp=[4] true=[3] merged=[3, 4]
117.5 fp=[4] true=[3] merged=[3, 4]
117.8 fp=[4] true=[3] merged=[3, 4]
118.1 fp=[4] true=[3] merged=[3, 4]
118.4 fp=[4] true=[3] merged=[3, 4]
118.7 fp=[4] true=[3] merged=[3, 4]
119.1 fp=[4] true=[3] merged=[3, 4]
119.4 fp=[4] true=[3] merged=[3, 4]
119.7 fp=[4] true=[3] merged=[3, 4]
120.0 fp=[4] true=[3] merged=[3, 4]
120.3 fp=[4] true=[3] merged=[3, 4]
120.6 fp=[4] true=[3] merged=[3, 4]
120.9 fp=[4] true=[3] merged=[3, 4]
121.2 fp=[4] true=[3] merged=[3, 4]
121.6 fp=[4] true=[3] merged=[3, 4]
121.9 fp=[4] true=[3] merged=[3, 4]
122.2 fp=[5] true=[3] merged=[3, 5]
122.5 fp=[5] true=[3] merged=[3, 5]
122.8 fp=[5] true=[3] merged=[3, 5]
123.1 fp=[5] true=[3] merged=[3, 5]
123.4 fp=[5] true=[3] merged=[3, 5]
123.7 fp=[5] true=[3] merged=[3, 5]
124.0 fp=[5] true=[3] merged=[3, 5]
124.4 fp=[5] true=[3] merged=[3, 5]
124.7 fp=[5] true=[3] merged=[3, 5]
125.0 fp=[5] true=[3] merged=[3, 5]
125.3 fp=[5] true=[3] merged=[3, 5]
125.6 fp=[5] true=[3] merged=[3, 5]
125.9 fp=[5] true=[3] merged=[3, 5]
126.2 fp=[5] true=[3] merged=[3, 5]
126.5 fp=[5] true=[3] merged=[3, 5]
126.9 fp=[5] true=[3] merged=[3, 5]
127.2 fp=[5] true=[3] merged=[3, 5]
127.5 fp=[5] true=[3] merged=[3, 5]
127.8 fp=[5] true=[3] merged=[3, 5]
129.1 fp=[5] true=[3] merged=[3, 5]
129.4 fp=[5] true=[3] merged=[3, 5]
129.7 fp=[5] true=[3] merged=[3, 5]
130.0 fp=[5] true=[3] merged=[3, 5]
130.3 fp=[5] true=[3] merged=[3, 5]
130.6 fp=[5] true=[3] merged=[3, 5]
130.9 fp=[5] true=[3] merged=[3, 5]
131.2 fp=[5] true=[3] merged=[3, 5]
131.5 fp=[5] true=[3] merged=[3, 5]
131.9 fp=[5] true=[3] merged=[3, 5]
132.2 fp=[5] true=[3] merged=[3, 5]
132.5 fp=[5] true=[3] merged=[3, 5]
132.8 fp=[5] true=[3] merged=[3, 5]
133.1 fp=[5] true=[3] merged=[3, 5]
133.4 fp=[5] true=[3] merged=[3, 5]
133.8 fp=[5] true=[3] merged=[3, 5]
134.1 fp=[5] true=[3] merged=[3, 5]
134.4 fp=[5] true=[3] merged=[3, 5]
134.7 fp=[5] true=[3] merged=[3, 5]
135.0 fp=[5] true=[3] merged=[3, 5]
135.3 fp=[5] true=[3] merged=[3, 5]
135.6 fp=[5] true=[3] merged=[3, 5]
135.9 fp=[5] true=[3] merged=[3, 5]
136.2 fp=[5] true=[3] merged=[3, 5]
136.6 fp=[5] true=[3] merged=[3, 5]
136.9 fp=[5] true=[3] merged=[3, 5]
137.2 fp=[5] true=[3] merged=[3, 5]
137.5 fp=[5] true=[3] merged=[3, 5]
137.8 fp=[5] true=[3] merged=[3, 5]
138.1 fp=[5] true=[3] merged=[3, 5]
138.4 fp=[5] true=[3] merged=[3, 5]
138.7 fp=[5] true=[3] merged=[3, 5]
139.1 fp=[5] true=[3] merged=[3, 5]
139.4 fp=[5] true=[3] merged=[3, 5]
139.7 fp=[5] true=[3] merged=[3, 5]
140.0 fp=[5] true=[3] merged=[3, 5]
140.3 fp=[5] true=[3] merged=[3, 5]
140.6 fp=[5] true=[3] merged=[3, 5]
140.9 fp=[5] true=[3] merged=[3, 5]
141.2 fp=[5] true=[3] merged=[3, 5]
141.6 fp=[5] true=[3] merged=[3, 5]
141.9 fp=[5] true=[3] merged=[3, 5]
142.2 fp=[5] true=[3] merged=[3, 5]
142.5 fp=[5] true=[3] merged=[3, 5]
142.8 fp=[5] true=[3] merged=[3, 5]
143.1 fp=[5] true=[3] merged=[3, 5]
143.4 fp=[5] true=[3] merged=[3, 5]
143.7 fp=[5] true=[3] merged=[3, 5]
144.0 fp=[5] true=[3] merged=[3, 5]
144.4 fp=[5] true=[3] merged=[3, 5]
144.7 fp=[5] true=[3] merged=[3, 5]
145.0 fp=[5] true=[3] merged=[3, 5]
145.3 fp=[5] true=[3] merged=[3, 5]
145.6 fp=[5] true=[3] merged=[3, 5]
146.0 fp=[5] true=[3] merged=[3, 5]
146.3 fp=[5] true=[3] merged=[3, 5]
146.6 fp=[5] true=[3] merged=[3, 5]
146.9 fp=[5] true=[3] merged=[3, 5]
147.2 fp=[5] true=[3] merged=[3, 5]
147.5 fp=[5] true=[3] merged=[3, 5]
147.8 fp=[5] true=[3] merged=[3, 5]
148.1 fp=[5] true=[3] merged=[3, 5]
148.4 fp=[5] true=[3] merged=[3, 5]
148.7 fp=[5] true=[3] merged=[3, 5]
149.1 fp=[6] true=[3] merged=[3, 6]
149.4 fp=[6] true=[3] merged=[3, 6]
149.7 fp=[6] true=[3] merged=[3, 6]
150.0 fp=[6] true=[3] merged=[3, 6]
150.3 fp=[6] true=[3] merged=[3, 6]
150.6 fp=[6] true=[3] merged=[3, 6]
150.9 fp=[6] true=[3] merged=[3, 6]
162.1 fp=[6] true=[3] merged=[3, 6]
162.5 fp=[6] true=[3] merged=[3, 6]
162.8 fp=[6] true=[3] merged=[3, 6]
163.1 fp=[6] true=[3] merged=[3, 6]
163.4 fp=[6] true=[3] merged=[3, 6]
163.7 fp=[6] true=[3] merged=[3, 6]
164.0 fp=[6] true=[3] merged=[3, 6]
164.3 fp=[6] true=[3] merged=[3, 6]
164.6 fp=[6] true=[3] merged=[3, 6]
165.0 fp=[6] true=[3] merged=[3, 6]
165.3 fp=[6] true=[3] merged=[3, 6]
165.6 fp=[6] true=[3] merged=[3, 6]
165.9 fp=[6] true=[3] merged=[3, 6]
166.2 fp=[6] true=[3] merged=[3, 6]
166.5 fp=[6] true=[3] merged=[3, 6]
166.8 fp=[6] true=[3] merged=[3, 6]
167.1 fp=[6] true=[3] merged=[3, 6]
167.4 fp=[6] true=[3] merged=[3, 6]
167.8 fp=[6] true=[3] merged=[3, 6]
168.1 fp=[6] true=[3] merged=[3, 6]
168.4 fp=[6] true=[3] merged=[3, 6]
168.7 fp=[6] true=[3] merged=[3, 6]
169.0 fp=[6] true=[3] merged=[3, 6]
169.3 fp=[6] true=[3] merged=[3, 6]
169.6 fp=[6] true=[3] merged=[3, 6]
169.9 fp=[6] true=[3] merged=[3, 6]
170.3 fp=[6] true=[3] merged=[3, 6]
170.6 fp=[6] true=[3] merged=[3, 6]
170.9 fp=[6] true=[3] merged=[3, 6]
171.2 fp=[6] true=[3] merged=[3, 6]
171.5 fp=[6] true=[3] merged=[3, 6]
171.8 fp=[6] true=[3] merged=[3, 6]
172.1 fp=[6] true=[3] merged=[3, 6]
172.5 fp=[6] true=[3] merged=[3, 6]
172.8 fp=[6] true=[3] merged=[3, 6]
173.1 fp=[6] true=[3] merged=[3, 6]
173.4 fp=[6] true=[3] merged=[3, 6]
173.7 fp=[6] true=[3] merged=[3, 6]
174.0 fp=[6] true=[3] merged=[3, 6]
174.3 fp=[6] true=[3] merged=[3, 6]
174.7 fp=[6] true=[3] merged=[3, 6]
175.0 fp=[6] true=[3] merged=[3, 6]
175.3 fp=[6] true=[3] merged=[3, 6]
175.7 fp=[6] true=[3] merged=[3, 6]
176.0 fp=[6] true=[3] merged=[3, 6]
176.3 fp=[6] true=[3] merged=[3, 6]
176.6 fp=[6] true=[3] merged=[3, 6]
176.9 fp=[6] true=[3] merged=[3, 6]
177.2 fp=[6] true=[3] merged=[3, 6]
177.5 fp=[6] true=[3] merged=[3, 6]
177.9 fp=[6] true=[3] merged=[3, 6]
178.2 fp=[6] true=[3] merged=[3, 6]
178.5 fp=[6] true=[3] merged=[3, 6]
178.8 fp=[6] true=[3] merged=[3, 6]
179.1 fp=[6] true=[3] merged=[3, 6]
179.4 fp=[6] true=[3] merged=[3, 6]
179.7 fp=[6] true=[3] merged=[3, 6]
180.1 fp=[6] true=[3] merged=[3, 6]
180.4 fp=[6] true=[3] merged=[3, 6]
180.7 fp=[6] true=[3] merged=[3, 6]
181.0 fp=[6] true=[3] merged=[3, 6]
181.3 fp=[6] true=[3] merged=[3, 6]
181.6 fp=[6] true=[3] merged=[3, 6]
181.9 fp=[6] true=[3] merged=[3, 6]
199.1 fp=[5] true=[3] merged=[3, 5]
199.4 fp=[5] true=[3] merged=[3, 5]
199.7 fp=[5] true=[3] merged=[3, 5]
200.0 fp=[5] true=[3] merged=[3, 5]
200.3 fp=[5] true=[3] merged=[3, 5]
200.6 fp=[5] true=[3] merged=[3, 5]
201.0 fp=[5] true=[3] merged=[3, 5]
201.3 fp=[5] true=[3] merged=[3, 5]
201.6 fp=[5] true=[3] merged=[3, 5]
201.9 fp=[5] true=[3] merged=[3, 5]
202.2 fp=[5] true=[3] merged=[3, 5]
202.5 fp=[5] true=[3] merged=[3, 5]
202.8 fp=[5] true=[3] merged=[3, 5]
203.2 fp=[5] true=[3] merged=[3, 5]
203.5 fp=[5] true=[3] merged=[3, 5]
203.8 fp=[5] true=[3] merged=[3, 5]
204.1 fp=[5] true=[3] merged=[3, 5]
204.4 fp=[5] true=[3] merged=[3, 5]
204.7 fp=[5] true=[3] merged=[3, 5]
205.0 fp=[5] true=[3] merged=[3, 5]
205.3 fp=[5] true=[3] merged=[3, 5]
205.7 fp=[5] true=[3] merged=[3, 5]
206.0 fp=[5] true=[3] merged=[3, 5]
206.3 fp=[5] true=[3] merged=[3, 5]
206.6 fp=[5] true=[3] merged=[3, 5]
206.9 fp=[5] true=[3] merged=[3, 5]
207.2 fp=[5] true=[3] merged=[3, 5]
207.5 fp=[5] true=[3] merged=[3, 5]
207.9 fp=[5] true=[3] merged=[3, 5]
208.2 fp=[1] true=[3] merged=[1, 3]
208.5 fp=[1] true=[3] merged=[1, 3]
208.8 fp=[1] true=[3] merged=[1, 3]
209.1 fp=[1] true=[3] merged=[1, 3]
209.4 fp=[1] true=[3] merged=[1, 3]
209.7 fp=[1] true=[3] merged=[1, 3]
210.1 fp=[1] true=[3] merged=[1, 3]
210.4 fp=[1] true=[3] merged=[1, 3]
210.7 fp=[1] true=[3] merged=[1, 3]
211.0 fp=[1] true=[3] merged=[1, 3]
211.3 fp=[1] true=[3] merged=[1, 3]
211.6 fp=[1] true=[3] merged=[1, 3]
211.9 fp=[1] true=[3] merged=[1, 3]
212.2 fp=[1] true=[3] merged=[1, 3]
212.5 fp=[1] true=[3] merged=[1, 3]
212.8 fp=[1] true=[3] merged=[1, 3]
213.2 fp=[1] true=[3] merged=[1, 3]
213.5 fp=[1] true=[3] merged=[1, 3]
213.8 fp=[1] true=[3] merged=[1, 3]
214.1 fp=[1] true=[3] merged=[1, 3]
214.4 fp=[1] true=[3] merged=[1, 3]
214.7 fp=[1] true=[3] merged=[1, 3]
215.0 fp=[1] true=[3] merged=[1, 3]
215.3 fp=[1] true=[3] merged=[1, 3]
215.7 fp=[1] true=[3] merged=[1, 3]
216.0 fp=[1] true=[3] merged=[1, 3]
216.3 fp=[1] true=[3] merged=[1, 3]
216.6 fp=[1] true=[3] merged=[1, 3]
216.9 fp=[1] true=[3] merged=[1, 3]
217.2 fp=[1] true=[3] merged=[1, 3]
217.5 fp=[1] true=[3] merged=[1, 3]
217.8 fp=[1] true=[3] merged=[1, 3]
218.2 fp=[1] true=[3] merged=[1, 3]
218.5 fp=[1] true=[3] merged=[1, 3]
218.8 fp=[1] true=[3] merged=[1, 3]
219.1 fp=[1] true=[3] merged=[1, 3]
219.4 fp=[1] true=[3] merged=[1, 3]
219.7 fp=[1] true=[3] merged=[1, 3]
220.0 fp=[1] true=[3] merged=[1, 3]
220.3 fp=[1] true=[3] merged=[1, 3]
220.7 fp=[1] true=[3] merged=[1, 3]
221.0 fp=[1] true=[3] merged=[1, 3]
221.3 fp=[1] true=[3] merged=[1, 3]
221.6 fp=[1] true=[3] merged=[1, 3]
221.9 fp=[1] true=[3] merged=[1, 3]
222.2 fp=[1] true=[3] merged=[1, 3]
222.5 fp=[1] true=[3] merged=[1, 3]
222.8 fp=[1] true=[3] merged=[1, 3]
223.2 fp=[1] true=[3] merged=[1, 3]
223.5 fp=[1] true=[3] merged=[1, 3]
223.8 fp=[1] true=[3] merged=[1, 3]
224.1 fp=[1] true=[3] merged=[1, 3]
224.4 fp=[1] true=[3] merged=[1, 3]
224.7 fp=[1] true=[3] merged=[1, 3]
225.0 fp=[1] true=[3] merged=[1, 3]
225.4 fp=[1] true=[3] merged=[1, 3]
225.7 fp=[1] true=[3] merged=[1, 3]
226.0 fp=[1] true=[3] merged=[1, 3]
226.3 fp=[1] true=[3] merged=[1, 3]
226.6 fp=[1] true=[3] merged=[1, 3]
226.9 fp=[1] true=[3] merged=[1, 3]
227.3 fp=[1] true=[3] merged=[1, 3]
227.6 fp=[1] true=[3] merged=[1, 3]
227.9 fp=[1] true=[3] merged=[1, 3]
228.2 fp=[2] true=[3] merged=[2, 3]
228.5 fp=[2] true=[3] merged=[2, 3]
228.8 fp=[2] true=[3] merged=[2, 3]
229.1 fp=[2] true=[3] merged=[2, 3]
229.4 fp=[2] true=[3] merged=[2, 3]
229.7 fp=[2] true=[3] merged=[2, 3]
230.1 fp=[2] true=[3] merged=[2, 3]
230.4 fp=[2] true=[3] merged=[2, 3]
230.7 fp=[2] true=[3] merged=[2, 3]
231.0 fp=[2] true=[3] merged=[2, 3]
237.3 fp=[6] true=[3] merged=[3, 6]
237.6 fp=[6] true=[3] merged=[3, 6]
237.9 fp=[6] true=[3] merged=[3, 6]
238.2 fp=[6] true=[3] merged=[3, 6]
238.5 fp=[6] true=[3] merged=[3, 6]
238.9 fp=[6] true=[3] merged=[3, 6]
239.2 fp=[6] true=[3] merged=[3, 6]
239.5 fp=[6] true=[3] merged=[3, 6]
239.8 fp=[6] true=[3] merged=[3, 6]
240.1 fp=[6] true=[3] merged=[3, 6]
240.4 fp=[6] true=[3] merged=[3, 6]
240.7 fp=[6] true=[3] merged=[3, 6]
241.0 fp=[6] true=[3] merged=[3, 6]
241.3 fp=[6] true=[3] merged=[3, 6]
241.7 fp=[6] true=[3] merged=[3, 6]
242.0 fp=[6] true=[3] merged=[3, 6]
242.3 fp=[6] true=[3] merged=[3, 6]
242.7 fp=[6] true=[3] merged=[3, 6]
243.0 fp=[6] true=[3] merged=[3, 6]
243.3 fp=[6] true=[3] merged=[3, 6]
243.6 fp=[6] true=[3] merged=[3, 6]
243.9 fp=[6] true=[3] merged=[3, 6]
244.2 fp=[6] true=[3] merged=[3, 6]
244.5 fp=[6] true=[3] merged=[3, 6]
244.8 fp=[6] true=[3] merged=[3, 6]
245.2 fp=[6] true=[3] merged=[3, 6]
245.5 fp=[6] true=[3] merged=[3, 6]
245.8 fp=[6] true=[3] merged=[3, 6]
246.1 fp=[6] true=[3] merged=[3, 6]
246.4 fp=[6] true=[3] merged=[3, 6]
246.7 fp=[6] true=[3] merged=[3, 6]
247.0 fp=[6] true=[3] merged=[3, 6]
247.4 fp=[6] true=[3] merged=[3, 6]
247.7 fp=[6] true=[3] merged=[3, 6]
248.0 fp=[6] true=[3] merged=[3, 6]
248.3 fp=[6] true=[3] merged=[3, 6]
248.6 fp=[6] true=[3] merged=[3, 6]
248.9 fp=[6] true=[3] merged=[3, 6]
249.2 fp=[6] true=[3] merged=[3, 6]
249.5 fp=[6] true=[3] merged=[3, 6]
249.8 fp=[6] true=[3] merged=[3, 6]
250.1 fp=[6] true=[3] merged=[3, 6]
250.5 fp=[6] true=[3] merged=[3, 6]
250.8 fp=[6] true=[3] merged=[3, 6]
251.1 fp=[6] true=[3] merged=[3, 6]
251.4 fp=[6] true=[3] merged=[3, 6]
251.7 fp=[6] true=[3] merged=[3, 6]
252.0 fp=[6] true=[3] merged=[3, 6]
252.3 fp=[6] true=[3] merged=[3, 6]
252.7 fp=[6] true=[3] merged=[3, 6]
253.0 fp=[6] true=[3] merged=[3, 6]
253.3 fp=[6] true=[3] merged=[3, 6]
253.6 fp=[6] true=[3] merged=[3, 6]
253.9 fp=[6] true=[3] merged=[3, 6]
254.2 fp=[6] true=[3] merged=[3, 6]
254.5 fp=[6] true=[3] merged=[3, 6]
254.8 fp=[6] true=[3] merged=[3, 6]
255.1 fp=[6] true=[3] merged=[3, 6]
255.4 fp=[6] true=[3] merged=[3, 6]
255.7 fp=[6] true=[3] merged=[3, 6]
256.1 fp=[6] true=[3] merged=[3, 6]
256.4 fp=[6] true=[3] merged=[3, 6]
256.7 fp=[6] true=[3] merged=[3, 6]
257.0 fp=[6] true=[3] merged=[3, 6]
257.3 fp=[4] true=[3] merged=[3, 4]
257.6 fp=[4] true=[3] merged=[3, 4]
257.9 fp=[4] true=[3] merged=[3, 4]
258.2 fp=[4] true=[3] merged=[3, 4]
258.5 fp=[4] true=[3] merged=[3, 4]
258.9 fp=[4] true=[3] merged=[3, 4]
259.2 fp=[4] true=[3] merged=[3, 4]
259.5 fp=[4] true=[3] merged=[3, 4]
259.8 fp=[4] true=[3] merged=[3, 4]
260.1 fp=[4] true=[3] merged=[3, 4]
260.4 fp=[4] true=[3] merged=[3, 4]
260.7 fp=[4] true=[3] merged=[3, 4]
261.1 fp=[4] true=[3] merged=[3, 4]
261.4 fp=[4] true=[3] merged=[3, 4]
261.7 fp=[4] true=[3] merged=[3, 4]
262.0 fp=[4] true=[3] merged=[3, 4]
262.3 fp=[4] true=[3] merged=[3, 4]
262.7 fp=[4] true=[3] merged=[3, 4]
263.0 fp=[4] true=[3] merged=[3, 4]
263.3 fp=[4] true=[3] merged=[3, 4]
263.6 fp=[4] true=[3] merged=[3, 4]
263.9 fp=[4] true=[3] merged=[3, 4]
264.2 fp=[4] true=[3] merged=[3, 4]
264.6 fp=[4] true=[3] merged=[3, 4]
264.9 fp=[4] true=[3] merged=[3, 4]
265.2 fp=[4] true=[3] merged=[3, 4]
265.5 fp=[4] true=[3] merged=[3, 4]
265.8 fp=[4] true=[3] merged=[3, 4]
266.1 fp=[4] true=[3] merged=[3, 4]
266.4 fp=[4] true=[3] merged=[3, 4]
266.7 fp=[4] true=[3] merged=[3, 4]
267.0 fp=[4] true=[3] merged=[3, 4]
267.4 fp=[4] true=[3] merged=[3, 4]
267.7 fp=[4] true=[3] merged=[3, 4]
268.0 fp=[4] true=[3] merged=[3, 4]
268.3 fp=[4] true=[3] merged=[3, 4]
268.6 fp=[4] true=[3] merged=[3, 4]
268.9 fp=[4] true=[3] merged=[3, 4]
269.2 fp=[4] true=[3] merged=[3, 4]
269.6 fp=[4] true=[3] merged=[3, 4]
269.9 fp=[4] true=[3] merged=[3, 4]
270.2 fp=[1] true=[3] merged=[1, 3]
270.5 fp=[1] true=[3] merged=[1, 3]
270.8 fp=[1] true=[3] merged=[1, 3]
271.1 fp=[1] true=[3] merged=[1, 3]
271.4 fp=[1] true=[3] merged=[1, 3]
271.7 fp=[1] true=[3] merged=[1, 3]
272.1 fp=[1] true=[3] merged=[1, 3]
272.4 fp=[1] true=[3] merged=[1, 3]
272.7 fp=[1] true=[3] merged=[1, 3]
273.0 fp=[1] true=[3] merged=[1, 3]
273.3 fp=[1] true=[3] merged=[1, 3]
273.6 fp=[1] true=[3] merged=[1, 3]
273.9 fp=[1] true=[3] merged=[1, 3]
274.2 fp=[1] true=[3] merged=[1, 3]
274.5 fp=[1] true=[3] merged=[1, 3]
274.9 fp=[1] true=[3] merged=[1, 3]
275.2 fp=[1] true=[3] merged=[1, 3]
275.5 fp=[1] true=[3] merged=[1, 3]
275.8 fp=[1] true=[3] merged=[1, 3]
276.1 fp=[1] true=[3] merged=[1, 3]
276.4 fp=[1] true=[3] merged=[1, 3]
276.7 fp=[1] true=[3] merged=[1, 3]
277.0 fp=[1] true=[3] merged=[1, 3]
277.4 fp=[1] true=[3] merged=[1, 3]
277.7 fp=[1] true=[3] merged=[1, 3]
278.0 fp=[1] true=[3] merged=[1, 3]
278.3 fp=[1] true=[3] merged=[1, 3]
278.6 fp=[1] true=[3] merged=[1, 3]
278.9 fp=[1] true=[3] merged=[1, 3]
279.3 fp=[1] true=[3] merged=[1, 3]
279.6 fp=[1] true=[3] merged=[1, 3]
279.9 fp=[1] true=[3] merged=[1, 3]
280.2 fp=[1] true=[3] merged=[1, 3]
280.5 fp=[1] true=[3] merged=[1, 3]
280.8 fp=[1] true=[3] merged=[1, 3]
281.1 fp=[1] true=[3] merged=[1, 3]
281.4 fp=[1] true=[3] merged=[1, 3]
281.7 fp=[1] true=[3] merged=[1, 3]
282.0 fp=[1] true=[3] merged=[1, 3]
282.4 fp=[1] true=[3] merged=[1, 3]
282.7 fp=[1] true=[3] merged=[1, 3]
283.0 fp=[1] true=[3] merged=[1, 3]
283.3 fp=[1] true=[3] merged=[1, 3]
283.6 fp=[1] true=[3] merged=[1, 3]
283.9 fp=[1] true=[3] merged=[1, 3]
284.2 fp=[1] true=[3] merged=[1, 3]
284.5 fp=[1] true=[3] merged=[1, 3]
284.8 fp=[1] true=[3] merged=[1, 3]
285.2 fp=[1] true=[3] merged=[1, 3]
285.5 fp=[1] true=[3] merged=[1, 3]
285.8 fp=[1] true=[3] merged=[1, 3]
286.1 fp=[1] true=[3] merged=[1, 3]
286.4 fp=[1] true=[3] merged=[1, 3]
286.7 fp=[1] true=[3] merged=[1, 3]
287.0 fp=[1] true=[3] merged=[1, 3]
287.4 fp=[1] true=[3] merged=[1, 3]
287.7 fp=[1] true=[3] merged=[1, 3]
288.0 fp=[1] true=[3] merged=[1, 3]
288.3 fp=[1] true=[3] merged=[1, 3]
288.6 fp=[1] true=[3] merged=[1, 3]
288.9 fp=[1] true=[3] merged=[1, 3]
289.2 fp=[1] true=[3] merged=[1, 3]
289.5 fp=[1] true=[3] merged=[1, 3]
289.8 fp=[1] true=[3] merged=[1, 3]
290.1 fp=[7] true=[3] merged=[3, 7]
290.5 fp=[7] true=[3] merged=[3, 7]
290.8 fp=[7] true=[3] merged=[3, 7]
291.1 fp=[7] true=[3] merged=[3, 7]
291.4 fp=[7] true=[3] merged=[3, 7]
291.7 fp=[7] true=[3] merged=[3, 7]
292.0 fp=[7] true=[3] merged=[3, 7]
292.3 fp=[7] true=[3] merged=[3, 7]
292.6 fp=[7] true=[3] merged=[3, 7]
293.0 fp=[7] true=[3] merged=[3, 7]
293.3 fp=[7] true=[3] merged=[3, 7]
293.6 fp=[7] true=[3] merged=[3, 7]
293.9 fp=[7] true=[3] merged=[3, 7]
294.2 fp=[7] true=[3] merged=[3, 7]
294.5 fp=[7] true=[3] merged=[3, 7]
294.8 fp=[7] true=[3] merged=[3, 7]
295.1 fp=[7] true=[3] merged=[3, 7]
295.4 fp=[7] true=[3] merged=[3, 7]
295.8 fp=[7] true=[3] merged=[3, 7]
296.1 fp=[7] true=[3] merged=[3, 7]
296.4 fp=[7] true=[3] merged=[3, 7]
296.7 fp=[7] true=[3] merged=[3, 7]
297.0 fp=[7] true=[3] merged=[3, 7]
297.3 fp=[7] true=[3] merged=[3, 7]
297.6 fp=[7] true=[3] merged=[3, 7]
297.9 fp=[7] true=[3] merged=[3, 7]
298.3 fp=[7] true=[3] merged=[3, 7]
298.6 fp=[7] true=[3] merged=[3, 7]
298.9 fp=[7] true=[3] merged=[3, 7]
299.2 fp=[7] true=[3] merged=[3, 7]
299.5 fp=[7] true=[3] merged=[3, 7]
299.8 fp=[7] true=[3] merged=[3, 7]
