# start rate=20 seed=4 dur=420 n=7 target=3 events=86
12.2 fp=[7] true=[3] merged=[3, 7]
12.5 fp=[7] true=[3] merged=[3, 7]
12.8 fp=[7] true=[3] merged=[3, 7]
13.1 fp=[7] true=[3] merged=[3, 7]
13.4 fp=[7] true=[3] merged=[3, 7]
13.7 fp=[7] true=[3] merged=[3, 7]
14.0 fp=[6] true=[3] merged=[3, 6]
14.4 fp=[6] true=[3] merged=[3, 6]
14.7 fp=[6] true=[3] merged=[3, 6]
15.0 fp=[6] true=[3] merged=[3, 6]
15.3 fp=[6] true=[3] merged=[3, 6]
15.6 fp=[6] true=[3] merged=[3, 6]
15.9 fp=[6] true=[3] merged=[3, 6]
16.2 fp=[6] true=[3] merged=[3, 6]
16.5 fp=[6] true=[3] merged=[3, 6]
16.9 fp=[6] true=[3] merged=[3, 6]
17.2 fp=[6] true=[3] merged=[3, 6]
17.5 fp=[6] true=[3] merged=[3, 6]
17.8 fp=[6] true=[3] merged=[3, 6]
18.1 fp=[6] true=[3] merged=[3, 6]
18.4 fp=[6] true=[3] merged=[3, 6]
18.7 fp=[6] true=[3] merged=[3, 6]
19.0 fp=[4] true=[3] merged=[3, 4]
19.4 fp=[4] true=[3] merged=[3, 4]
19.7 fp=[4] true=[3] merged=[3, 4]
20.0 fp=[4] true=[3] merged=[3, 4]
20.3 fp=[4] true=[3] merged=[3, 4]
20.6 fp=[4] true=[3] merged=[3, 4]
20.9 fp=[4] true=[3] merged=[3, 4]
21.2 fp=[4] true=[3] merged=[3, 4]
21.6 fp=[4] true=[3] merged=[3, 4]
21.9 fp=[4] true=[3] merged=[3, 4]
22.2 fp=[4] true=[3] merged=[3, 4]
22.5 fp=[4] true=[3] merged=[3, 4]
22.8 fp=[4] true=[3] merged=[3, 4]
23.1 fp=[4] true=[3] merged=[3, 4]
23.4 fp=[4] true=[3] merged=[3, 4]
23.7 fp=[4] true=[3] merged=[3, 4]
24.1 fp=[4] true=[3] merged=[3, 4]
24.4 fp=[4] true=[3] merged=[3, 4]
24.7 fp=[4] true=[3] merged=[3, 4]
25.0 fp=[4] true=[3] merged=[3, 4]
25.3 fp=[4] true=[3] merged=[3, 4]
25.6 fp=[4] true=[3] merged=[3, 4]
25.9 fp=[4] true=[3] merged=[3, 4]
26.3 fp=[4] true=[3] merged=[3, 4]
26.6 fp=[4] true=[3] merged=[3, 4]
26.9 fp=[4] true=[3] merged=[3, 4]
27.2 fp=[4] true=[3] merged=[3, 4]
27.5 fp=[4] true=[3] merged=[3, 4]
27.8 fp=[4] true=[3] merged=[3, 4]
28.1 fp=[4] true=[3] merged=[3, 4]
28.4 fp=[4] true=[3] merged=[3, 4]
28.8 fp=[4] true=[3] merged=[3, 4]
29.1 fp=[4] true=[3] merged=[3, 4]
29.4 fp=[4] true=[3] merged=[3, 4]
29.7 fp=[4] true=[3] merged=[3, 4]
30.0 fp=[4] true=[3] merged=[3, 4]
30.4 fp=[4] true=[3] merged=[3, 4]
30.7 fp=[4] true=[3] merged=[3, 4]
31.0 fp=[4] true=[3] merged=[3, 4]
31.3 fp=[1] true=[3] merged=[1, 3]
31.6 fp=[1] true=[3] merged=[1, 3]
31.9 fp=[1] true=[3] merged=[1, 3]
32.2 fp=[1] true=[3] merged=[1, 3]
32.5 fp=[1] true=[3] merged=[1, 3]
32.8 fp=[1] true=[3] merged=[1, 3]
33.2 fp=[1] true=[3] merged=[1, 3]
33.5 fp=[1] true=[3] merged=[1, 3]
33.8 fp=[1] true=[3] merged=[1, 3]
34.1 fp=[1] true=[3] merged=[1, 3]
34.4 fp=[1] true=[3] merged=[1, 3]
34.7 fp=[1] true=[3] merged=[1, 3]
35.0 fp=[1] true=[3] merged=[1, 3]
35.3 fp=[1] true=[3] merged=[1, 3]
35.6 fp=[1] true=[3] merged=[1, 3]
35.9 fp=[1] true=[3] merged=[1, 3]
36.2 fp=[1] true=[3] merged=[1, 3]
36.6 fp=[1] true=[3] merged=[1, 3]
36.9 fp=[1] true=[3] merged=[1, 3]
37.2 fp=[1] true=[3] merged=[1, 3]
37.5 fp=[1] true=[3] merged=[1, 3]
37.8 fp=[1] true=[3] merged=[1, 3]
38.1 fp=[1] true=[3] merged=[1, 3]
38.4 fp=[1] true=[3] merged=[1, 3]
38.7 fp=[1] true=[3] merged=[1, 3]
39.0 fp=[1] true=[3] merged=[1, 3]
39.4 fp=[1] true=[3] merged=[1, 3]
39.7 fp=[1] true=[3] merged=[1, 3]
40.0 fp=[1] true=[3] merged=[1, 3]
40.3 fp=[1] true=[3] merged=[1, 3]
40.6 fp=[1] true=[3] merged=[1, 3]
40.9 fp=[1] true=[3] merged=[1, 3]
41.2 fp=[1] true=[3] merged=[1, 3]
41.5 fp=[1] true=[3] merged=[1, 3]
41.9 fp=[1] true=[3] merged=[1, 3]
42.2 fp=[1] true=[3] merged=[1, 3]
42.5 fp=[1] true=[3] merged=[1, 3]
42.8 fp=[1] true=[3] merged=[1, 3]
43.1 fp=[1] true=[3] merged=[1, 3]
43.4 fp=[1] true=[3] merged=[1, 3]
43.7 fp=[1] true=[3] merged=[1, 3]
44.0 fp=[1] true=[3] merged=[1, 3]
44.4 fp=[1] true=[3] merged=[1, 3]
44.7 fp=[1] true=[3] merged=[1, 3]
45.0 fp=[1] true=[3] merged=[1, 3]
45.3 fp=[1] true=[3] merged=[1, 3]
45.7 fp=[1] true=[3] merged=[1, 3]
46.0 fp=[1] true=[3] merged=[1, 3]
46.3 fp=[1] true=[3] merged=[1, 3]
46.6 fp=[1] true=[3] merged=[1, 3]
46.9 fp=[1] true=[3] merged=[1, 3]
47.2 fp=[1] true=[3] merged=[1, 3]
47.5 fp=[1] true=[3] merged=[1, 3]
47.8 fp=[1] true=[3] merged=[1, 3]
48.1 fp=[1] true=[3] merged=[1, 3]
48.5 fp=[1] true=[3] merged=[1, 3]
48.8 fp=[1] true=[3] merged=[1, 3]
49.1 fp=[1] true=[3] merged=[1, 3]
49.4 fp=[1] true=[3] merged=[1, 3]
49.7 fp=[1] true=[3] merged=[1, 3]
50.0 fp=[1] true=[3] merged=[1, 3]
50.3 fp=[1] true=[3] merged=[1, 3]
50.7 fp=[1] true=[3] merged=[1, 3]
51.0 fp=[1] true=[3] merged=[1, 3]
51.3 fp=[2] true=[3] merged=[2, 3]
51.6 fp=[2] true=[3] merged=[2, 3]
51.9 fp=[2] true=[3] merged=[2, 3]
52.2 fp=[2] true=[3] merged=[2, 3]
52.6 fp=[2] true=[3] merged=[2, 3]
52.9 fp=[2] true=[3] merged=[2, 3]
53.2 fp=[2] true=[3] merged=[2, 3]
53.5 fp=[2] true=[3] merged=[2, 3]
53.8 fp=[2] true=[3] merged=[2, 3]
54.1 fp=[2] true=[3] merged=[2, 3]
54.4 fp=[2] true=[3] merged=[2, 3]
54.8 fp=[2] true=[3] merged=[2, 3]
55.1 fp=[2] true=[3] merged=[2, 3]
55.4 fp=[2] true=[3] merged=[2, 3]
55.7 fp=[2] true=[3] merged=[2, 3]
56.0 fp=[2] true=[3] merged=[2, 3]
56.3 fp=[2] true=[3] merged=[2, 3]
56.6 fp=[2] true=[3] merged=[2, 3]
56.9 fp=[2] true=[3] merged=[2, 3]
57.2 fp=[2] true=[3] merged=[2, 3]
57.5 fp=[2] true=[3] merged=[2, 3]
57.9 fp=[2] true=[3] merged=[2, 3]
58.2 fp=[2] true=[3] merged=[2, 3]
58.5 fp=[2] true=[3] merged=[2, 3]
58.8 fp=[2] true=[3] merged=[2, 3]
59.1 fp=[2] true=[3] merged=[2, 3]
59.4 fp=[2] true=[3] merged=[2, 3]
59.7 fp=[2] true=[3] merged=[2, 3]
60.0 fp=[2] true=[3] merged=[2, 3]
60.3 fp=[2] true=[3] merged=[2, 3]
60.7 fp=[2] true=[3] merged=[2, 3]
61.0 fp=[2] true=[3] merged=[2, 3]
61.3 fp=[1] true=[3] merged=[1, 3]
61.6 fp=[1] true=[3] merged=[1, 3]
61.9 fp=[1] true=[3] merged=[1, 3]
62.2 fp=[1] true=[3] merged=[1, 3]
62.5 fp=[1] true=[3] merged=[1, 3]
62.9 fp=[1] true=[3] merged=[1, 3]
63.2 fp=[1] true=[3] merged=[1, 3]
63.5 fp=[1] true=[3] merged=[1, 3]
63.8 fp=[1] true=[3] merged=[1, 3]
64.1 fp=[1] true=[3] merged=[1, 3]
64.4 fp=[1] true=[3] merged=[1, 3]
64.7 fp=[1] true=[3] merged=[1, 3]
65.0 fp=[1] true=[3] merged=[1, 3]
65.4 fp=[1] true=[3] merged=[1, 3]
65.7 fp=[1] true=[3] merged=[1, 3]
66.0 fp=[1] true=[3] merged=[1, 3]
66.3 fp=[1] true=[3] merged=[1, 3]
66.6 fp=[1] true=[3] merged=[1, 3]
66.9 fp=[1] true=[3] merged=[1, 3]
67.2 fp=[1] true=[3] merged=[1, 3]
67.5 fp=[1] true=[3] merged=[1, 3]
67.8 fp=[1] true=[3] merged=[1, 3]
68.1 fp=[1] true=[3] merged=[1, 3]
68.4 fp=[1] true=[3] merged=[1, 3]
68.8 fp=[1] true=[3] merged=[1, 3]
69.1 fp=[1] true=[3] merged=[1, 3]
69.4 fp=[1] true=[3] merged=[1, 3]
69.7 fp=[1] true=[3] merged=[1, 3]
70.0 fp=[1] true=[3] merged=[1, 3]
70.3 fp=[1] true=[3] merged=[1, 3]
70.6 fp=[1] true=[3] merged=[1, 3]
71.0 fp=[1] true=[3] merged=[1, 3]
71.3 fp=[1] true=[3] merged=[1, 3]
71.6 fp=[1] true=[3] merged=[1, 3]
71.9 fp=[1] true=[3] merged=[1, 3]
72.2 fp=[1] true=[3] merged=[1, 3]
72.5 fp=[1] true=[3] merged=[1, 3]
72.8 fp=[1] true=[3] merged=[1, 3]
73.1 fp=[1] true=[3] merged=[1, 3]
73.4 fp=[1] true=[3] merged=[1, 3]
73.7 fp=[1] true=[3] merged=[1, 3]
74.1 fp=[1] true=[3] merged=[1, 3]
74.4 fp=[1] true=[3] merged=[1, 3]
74.7 fp=[1] true=[3] merged=[1, 3]
75.0 fp=[1] true=[3] merged=[1, 3]
75.3 fp=[1] true=[3] merged=[1, 3]
75.6 fp=[1] true=[3] merged=[1, 3]
75.9 fp=[1] true=[3] merged=[1, 3]
76.3 fp=[1] true=[3] merged=[1, 3]
76.6 fp=[1] true=[3] merged=[1, 3]
76.9 fp=[1] true=[3] merged=[1, 3]
77.2 fp=[1] true=[3] merged=[1, 3]
77.5 fp=[1] true=[3] merged=[1, 3]
77.8 fp=[1] true=[3] merged=[1, 3]
78.1 fp=[1] true=[3] merged=[1, 3]
78.4 fp=[1] true=[3] merged=[1, 3]
78.8 fp=[1] true=[3] merged=[1, 3]
79.1 fp=[1] true=[3] merged=[1, 3]
79.4 fp=[1] true=[3] merged=[1, 3]
79.7 fp=[1] true=[3] merged=[1, 3]
80.0 fp=[1] true=[3] merged=[1, 3]
80.3 fp=[1] true=[3] merged=[1, 3]
80.6 fp=[1] true=[3] merged=[1, 3]
80.9 fp=[1] true=[3] merged=[1, 3]
81.2 fp=[1] true=[3] merged=[1, 3]
81.6 fp=[1] true=[3] merged=[1, 3]
81.9 fp=[1] true=[3] merged=[1, 3]
82.2 fp=[1] true=[3] merged=[1, 3]
82.5 fp=[1] true=[3] merged=[1, 3]
82.8 fp=[1] true=[3] merged=[1, 3]
83.1 fp=[1] true=[3] merged=[1, 3]
83.4 fp=[1] true=[3] merged=[1, 3]
83.7 fp=[1] true=[3] merged=[1, 3]
84.0 fp=[1] true=[3] merged=[1, 3]
84.3 fp=[1] true=[3] merged=[1, 3]
84.7 fp=[1] true=[3] merged=[1, 3]
85.0 fp=[1] true=[3] merged=[1, 3]
85.3 fp=[1] true=[3] merged=[1, 3]
85.6 fp=[1] true=[3] merged=[1, 3]
85.9 fp=[1] true=[3] merged=[1, 3]
86.2 fp=[1] true=[3] merged=[1, 3]
86.5 fp=[1] true=[3] merged=[1, 3]
86.8 fp=[1] true=[3] merged=[1, 3]
87.2 fp=[1] true=[3] merged=[1, 3]
87.5 fp=[1] true=[3] merged=[1, 3]
87.8 fp=[1] true=[3] merged=[1, 3]
88.1 fp=[1] true=[3] merged=[1, 3]
88.4 fp=[1] true=[3] merged=[1, 3]
88.7 fp=[1] true=[3] merged=[1, 3]
89.0 fp=[1] true=[3] merged=[1, 3]
89.3 fp=[1] true=[3] merged=[1, 3]
89.7 fp=[1] true=[3] merged=[1, 3]
90.0 fp=[1] true=[3] merged=[1, 3]
90.3 fp=[1] true=[3] merged=[1, 3]
90.6 fp=[1] true=[3] merged=[1, 3]
90.9 fp=[1] true=[3] merged=[1, 3]
91.2 fp=[1] true=[3] merged=[1, 3]
91.5 fp=[1] true=[3] merged=[1, 3]
91.8 fp=[1] true=[3] merged=[1, 3]
92.1 fp=[1] true=[3] merged=[1, 3]
92.4 fp=[1] true=[3] merged=[1, 3]
92.8 fp=[1] true=[3] merged=[1, 3]
93.1 fp=[1] true=[3] merged=[1, 3]
93.4 fp=[1] true=[3] merged=[1, 3]
93.7 fp=[1] true=[3] merged=[1, 3]
94.1 fp=[1] true=[3] merged=[1, 3]
94.4 fp=[1] true=[3] merged=[1, 3]
94.7 fp=[1] true=[3] merged=[1, 3]
95.0 fp=[1] true=[3] merged=[1, 3]
95.3 fp=[2] true=[3] merged=[2, 3]
95.6 fp=[2] true=[3] merged=[2, 3]
95.9 fp=[2] true=[3] merged=[2, 3]
96.2 fp=[2] true=[3] merged=[2, 3]
96.5 fp=[2] true=[3] merged=[2, 3]
96.9 fp=[2] true=[3] merged=[2, 3]
97.2 fp=[2] true=[3] merged=[2, 3]
97.5 fp=[2] true=[3] merged=[2, 3]
97.8 fp=[2] true=[3] merged=[2, 3]
98.1 fp=[2] true=[3] merged=[2, 3]
98.4 fp=[2] true=[3] merged=[2, 3]
98.7 fp=[2] true=[3] merged=[2, 3]
99.0 fp=[2] true=[3] merged=[2, 3]
99.4 fp=[2] true=[3] merged=[2, 3]
99.7 fp=[2] true=[3] merged=[2, 3]
100.0 fp=[2] true=[3] merged=[2, 3]
100.3 fp=[2] true=[3] merged=[2, 3]
100.6 fp=[2] true=[3] merged=[2, 3]
100.9 fp=[2] true=[3] merged=[2, 3]
101.2 fp=[2] true=[3] merged=[2, 3]
101.6 fp=[2] true=[3] merged=[2, 3]
101.9 fp=[2] true=[3] merged=[2, 3]
102.2 fp=[2] true=[3] merged=[2, 3]
102.5 fp=[2] true=[3] merged=[2, 3]
102.8 fp=[2] true=[3] merged=[2, 3]
103.1 fp=[2] true=[3] merged=[2, 3]
103.4 fp=[2] true=[3] merged=[2, 3]
103.8 fp=[2] true=[3] merged=[2, 3]
104.1 fp=[2] true=[3] merged=[2, 3]
104.4 fp=[2] true=[3] merged=[2, 3]
104.7 fp=[2] true=[3] merged=[2, 3]
105.0 fp=[2] true=[3] merged=[2, 3]
105.3 fp=[2] true=[3] merged=[2, 3]
105.6 fp=[2] true=[3] merged=[2, 3]
105.9 fp=[2] true=[3] merged=[2, 3]
106.3 fp=[2] true=[3] merged=[2, 3]
106.6 fp=[2] true=[3] merged=[2, 3]
106.9 fp=[2] true=[3] merged=[2, 3]
107.2 fp=[2] true=[3] merged=[2, 3]
107.5 fp=[2] true=[3] merged=[2, 3]
107.8 fp=[2] true=[3] merged=[2, 3]
108.2 fp=[1] true=[3] merged=[1, 3]
108.5 fp=[1] true=[3] merged=[1, 3]
108.8 fp=[1] true=[3] merged=[1, 3]
109.1 fp=[1] true=[3] merged=[1, 3]
109.4 fp=[1] true=[3] merged=[1, 3]
109.7 fp=[1] true=[3] merged=[1, 3]
110.0 fp=[1] true=[3] merged=[1, 3]
110.3 fp=[1] true=[3] merged=[1, 3]
110.7 fp=[1] true=[3] merged=[1, 3]
111.0 fp=[1] true=[3] merged=[1, 3]
111.3 fp=[1] true=[3] merged=[1, 3]
111.6 fp=[1] true=[3] merged=[1, 3]
111.9 fp=[1] true=[3] merged=[1, 3]
112.2 fp=[1] true=[3] merged=[1, 3]
112.5 fp=[1] true=[3] merged=[1, 3]
112.8 fp=[1] true=[3] merged=[1, 3]
113.1 fp=[1] true=[3] merged=[1, 3]
113.5 fp=[1] true=[3] merged=[1, 3]
113.8 fp=[1] true=[3] merged=[1, 3]
114.1 fp=[1] true=[3] merged=[1, 3]
114.4 fp=[1] true=[3] merged=[1, 3]
114.7 fp=[1] true=[3] merged=[1, 3]
115.0 fp=[1] true=[3] merged=[1, 3]
115.3 fp=[1] true=[3] merged=[1, 3]
115.6 fp=[1] true=[3] merged=[1, 3]
115.9 fp=[1] true=[3] merged=[1, 3]
116.2 fp=[1] true=[3] merged=[1, 3]
116.6 fp=[1] true=[3] merged=[1, 3]
116.9 fp=[1] true=[3] merged=[1, 3]
117.2 fp=[1] true=[3] merged=[1, 3]
117.5 fp=[1] true=[3] merged=[1, 3]
117.8 fp=[1] true=[3] merged=[1, 3]
118.1 fp=[1] true=[3] merged=[1, 3]
118.4 fp=[1] true=[3] merged=[1, 3]
118.7 fp=[1] true=[3] merged=[1, 3]
119.0 fp=[1] true=[3] merged=[1, 3]
119.3 fp=[1] true=[3] merged=[1, 3]
119.7 fp=[1] true=[3] merged=[1, 3]
120.0 fp=[1] true=[3] merged=[1, 3]
120.3 fp=[1] true=[3] merged=[1, 3]
120.6 fp=[1] true=[3] merged=[1, 3]
120.9 fp=[1] true=[3] merged=[1, 3]
121.3 fp=[1] true=[3] merged=[1, 3]
121.6 fp=[1] true=[3] merged=[1, 3]
121.9 fp=[1] true=[3] merged=[1, 3]
122.2 fp=[1] true=[3] merged=[1, 3]
122.5 fp=[1] true=[3] merged=[1, 3]
122.8 fp=[1] true=[3] merged=[1, 3]
123.1 fp=[1] true=[3] merged=[1, 3]
123.4 fp=[1] true=[3] merged=[1, 3]
123.7 fp=[1] true=[3] merged=[1, 3]
124.1 fp=[1] true=[3] merged=[1, 3]
124.4 fp=[1] true=[3] merged=[1, 3]
124.7 fp=[1] true=[3] merged=[1, 3]
125.0 fp=[1] true=[3] merged=[1, 3]
125.3 fp=[1] true=[3] merged=[1, 3]
125.7 fp=[1] true=[3] merged=[1, 3]
126.0 fp=[1] true=[3] merged=[1, 3]
126.3 fp=[1] true=[3] merged=[1, 3]
126.6 fp=[1] true=[3] merged=[1, 3]
126.9 fp=[1] true=[3] merged=[1, 3]
127.2 fp=[1] true=[3] merged=[1, 3]
127.5 fp=[1] true=[3] merged=[1, 3]
127.9 fp=[1] true=[3] merged=[1, 3]
128.2 fp=[4] true=[3] merged=[3, 4]
128.5 fp=[4] true=[3] merged=[3, 4]
128.8 fp=[4] true=[3] merged=[3, 4]
129.1 fp=[4] true=[3] merged=[3, 4]
129.4 fp=[4] true=[3] merged=[3, 4]
129.8 fp=[4] true=[3] merged=[3, 4]
130.1 fp=[4] true=[3] merged=[3, 4]
130.4 fp=[4] true=[3] merged=[3, 4]
130.7 fp=[4] true=[3] merged=[3, 4]
131.0 fp=[4] true=[3] merged=[3, 4]
131.3 fp=[4] true=[3] merged=[3, 4]
131.6 fp=[4] true=[3] merged=[3, 4]
131.9 fp=[4] true=[3] merged=[3, 4]
132.2 fp=[4] true=[3] merged=[3, 4]
132.5 fp=[4] true=[3] merged=[3, 4]
132.8 fp=[4] true=[3] merged=[3, 4]
133.2 fp=[4] true=[3] merged=[3, 4]
133.5 fp=[4] true=[3] merged=[3, 4]
133.8 fp=[4] true=[3] merged=[3, 4]
134.1 fp=[4] true=[3] merged=[3, 4]
134.4 fp=[4] true=[3] merged=[3, 4]
134.7 fp=[4] true=[3] merged=[3, 4]
135.0 fp=[2] true=[3] merged=[2, 3]
135.3 fp=[2] true=[3] merged=[2, 3]
135.6 fp=[2] true=[3] merged=[2, 3]
136.0 fp=[2] true=[3] merged=[2, 3]
136.3 fp=[2] true=[3] merged=[2, 3]
136.6 fp=[2] true=[3] merged=[2, 3]
136.9 fp=[2] true=[3] merged=[2, 3]
137.2 fp=[2] true=[3] merged=[2, 3]
137.5 fp=[2] true=[3] merged=[2, 3]
137.8 fp=[2] true=[3] merged=[2, 3]
138.1 fp=[2] true=[3] merged=[2, 3]
138.4 fp=[2] true=[3] merged=[2, 3]
138.8 fp=[2] true=[3] merged=[2, 3]
139.1 fp=[2] true=[3] merged=[2, 3]
139.4 fp=[2] true=[3] merged=[2, 3]
139.7 fp=[2] true=[3] merged=[2, 3]
140.0 fp=[2] true=[3] merged=[2, 3]
140.3 fp=[2] true=[3] merged=[2, 3]
140.6 fp=[2] true=[3] merged=[2, 3]
141.0 fp=[2] true=[3] merged=[2, 3]
141.3 fp=[2] true=[3] merged=[2, 3]
141.6 fp=[2] true=[3] merged=[2, 3]
141.9 fp=[2] true=[3] merged=[2, 3]
142.2 fp=[2] true=[3] merged=[2, 3]
142.5 fp=[2] true=[3] merged=[2, 3]
142.8 fp=[2] true=[3] merged=[2, 3]
143.1 fp=[2] true=[3] merged=[2, 3]
143.4 fp=[2] true=[3] merged=[2, 3]
143.8 fp=[2] true=[3] merged=[2, 3]
144.1 fp=[2] true=[3] merged=[2, 3]
144.4 fp=[2] true=[3] merged=[2, 3]
144.7 fp=[2] true=[3] merged=[2, 3]
145.0 fp=[2] true=[3] merged=[2, 3]
145.3 fp=[2] true=[3] merged=[2, 3]
145.6 fp=[2] true=[3] merged=[2, 3]
145.9 fp=[2] true=[3] merged=[2, 3]
146.2 fp=[2] true=[3] merged=[2, 3]
146.5 fp=[2] true=[3] merged=[2, 3]
146.9 fp=[2] true=[3] merged=[2, 3]
147.2 fp=[2] true=[3] merged=[2, 3]
147.5 fp=[2] true=[3] merged=[2, 3]
147.8 fp=[2] true=[3] merged=[2, 3]
148.1 fp=[2] true=[3] merged=[2, 3]
148.4 fp=[2] true=[3] merged=[2, 3]
148.7 fp=[2] true=[3] merged=[2, 3]
149.0 fp=[2] true=[3] merged=[2, 3]
149.4 fp=[2] true=[3] merged=[2, 3]
149.7 fp=[2] true=[3] merged=[2, 3]
150.0 fp=[2] true=[3] merged=[2, 3]
150.3 fp=[2] true=[3] merged=[2, 3]
150.6 fp=[2] true=[3] merged=[2, 3]
150.9 fp=[2] true=[3] merged=[2, 3]
151.2 fp=[2] true=[3] merged=[2, 3]
151.6 fp=[2] true=[3] merged=[2, 3]
151.9 fp=[2] true=[3] merged=[2, 3]
152.2 fp=[2] true=[3] merged=[2, 3]
152.5 fp=[2] true=[3] merged=[2, 3]
152.8 fp=[2] true=[3] merged=[2, 3]
153.1 fp=[2] true=[3] merged=[2, 3]
153.4 fp=[2] true=[3] merged=[2, 3]
153.7 fp=[2] true=[3] merged=[2, 3]
154.1 fp=[2] true=[3] merged=[2, 3]
154.4 fp=[2] true=[3] merged=[2, 3]
154.7 fp=[2] true=[3] merged=[2, 3]
155.0 fp=[2] true=[3] merged=[2, 3]
155.3 fp=[2] true=[3] merged=[2, 3]
155.6 fp=[2] true=[3] merged=[2, 3]
155.9 fp=[2] true=[3] merged=[2, 3]
156.2 fp=[2] true=[3] merged=[2, 3]
156.5 fp=[2] true=[3] merged=[2, 3]
156.8 fp=[2] true=[3] merged=[2, 3]
157.2 fp=[2] true=[3] merged=[2, 3]
157.5 fp=[2] true=[3] merged=[2, 3]
157.8 fp=[2] true=[3] merged=[2, 3]
158.1 fp=[2] true=[3] merged=[2, 3]
158.4 fp=[2] true=[3] merged=[2, 3]
158.7 fp=[2] true=[3] merged=[2, 3]
159.0 fp=[2] true=[3] merged=[2, 3]
159.4 fp=[2] true=[3] merged=[2, 3]
159.7 fp=[2] true=[3] merged=[2, 3]
160.0 fp=[2] true=[3] merged=[2, 3]
160.3 fp=[2] true=[3] merged=[2, 3]
160.6 fp=[2] true=[3] merged=[2, 3]
161.0 fp=[2] true=[3] merged=[2, 3]
161.3 fp=[2] true=[3] merged=[2, 3]
161.6 fp=[2] true=[3] merged=[2, 3]
161.9 fp=[2] true=[3] merged=[2, 3]
162.2 fp=[2] true=[3] merged=[2, 3]
162.5 fp=[2] true=[3] merged=[2, 3]
162.9 fp=[2] true=[3] merged=[2, 3]
163.2 fp=[2] true=[3] merged=[2, 3]
163.5 fp=[2] true=[3] merged=[2, 3]
163.8 fp=[2] true=[3] merged=[2, 3]
164.1 fp=[2] true=[3] merged=[2, 3]
164.4 fp=[2] true=[3] merged=[2, 3]
164.7 fp=[2] true=[3] merged=[2, 3]
165.0 fp=[2] true=[3] merged=[2, 3]
165.4 fp=[2] true=[3] merged=[2, 3]
165.7 fp=[2] true=[3] merged=[2, 3]
166.0 fp=[2] true=[3] merged=[2, 3]
166.3 fp=[2] true=[3] merged=[2, 3]
166.6 fp=[2] true=[3] merged=[2, 3]
166.9 fp=[2] true=[3] merged=[2, 3]
167.2 fp=[2] true=[3] merged=[2, 3]
167.6 fp=[2] true=[3] merged=[2, 3]
167.9 fp=[2] true=[3] merged=[2, 3]
168.2 fp=[2] true=[3] merged=[2, 3]
168.5 fp=[2] true=[3] merged=[2, 3]
168.8 fp=[2] true=[3] merged=[2, 3]
169.1 fp=[2] true=[3] merged=[2, 3]
169.5 fp=[2] true=[3] merged=[2, 3]
169.8 fp=[2] true=[3] merged=[2, 3]
170.1 fp=[2] true=[3] merged=[2, 3]
170.4 fp=[2] true=[3] merged=[2, 3]
170.7 fp=[2] true=[3] merged=[2, 3]
171.0 fp=[2] true=[3] merged=[2, 3]
171.3 fp=[2] true=[3] merged=[2, 3]
171.7 fp=[2] true=[3] merged=[2, 3]
172.0 fp=[2] true=[3] merged=[2, 3]
172.3 fp=[2] true=[3] merged=[2, 3]
172.6 fp=[2] true=[3] merged=[2, 3]
172.9 fp=[2] true=[3] merged=[2, 3]
173.2 fp=[2] true=[3] merged=[2, 3]
173.5 fp=[2] true=[3] merged=[2, 3]
173.9 fp=[2] true=[3] merged=[2, 3]
174.2 fp=[2] true=[3] merged=[2, 3]
174.5 fp=[2] true=[3] merged=[2, 3]
174.8 fp=[2] true=[3] merged=[2, 3]
175.1 fp=[2] true=[3] merged=[2, 3]
175.4 fp=[2] true=[3] merged=[2, 3]
175.7 fp=[2] true=[3] merged=[2, 3]
176.0 fp=[4] true=[3] merged=[3, 4]
176.3 fp=[4] true=[3] merged=[3, 4]
176.6 fp=[4] true=[3] merged=[3, 4]
176.9 fp=[4] true=[3] merged=[3, 4]
177.3 fp=[4] true=[3] merged=[3, 4]
177.6 fp=[4] true=[3] merged=[3, 4]
177.9 fp=[4] true=[3] merged=[3, 4]
178.2 fp=[4] true=[3] merged=[3, 4]
178.5 fp=[4] true=[3] merged=[3, 4]
178.8 fp=[4] true=[3] merged=[3, 4]
179.1 fp=[4] true=[3] merged=[3, 4]
179.4 fp=[4] true=[3] merged=[3, 4]
179.8 fp=[4] true=[3] merged=[3, 4]
180.1 fp=[4] true=[3] merged=[3, 4]
180.4 fp=[4] true=[3] merged=[3, 4]
180.7 fp=[4] true=[3] merged=[3, 4]
181.0 fp=[5] true=[3] merged=[3, 5]
181.3 fp=[5] true=[3] merged=[3, 5]
181.7 fp=[5] true=[3] merged=[3, 5]
182.0 fp=[5] true=[3] merged=[3, 5]
182.3 fp=[5] true=[3] merged=[3, 5]
182.6 fp=[5] true=[3] merged=[3, 5]
182.9 fp=[5] true=[3] merged=[3, 5]
183.2 fp=[7] true=[3] merged=[3, 7]
183.5 fp=[7] true=[3] merged=[3, 7]
183.8 fp=[7] true=[3] merged=[3, 7]
184.1 fp=[7] true=[3] merged=[3, 7]
184.5 fp=[7] true=[3] merged=[3, 7]
184.8 fp=[7] true=[3] merged=[3, 7]
185.1 fp=[7] true=[3] merged=[3, 7]
185.4 fp=[7] true=[3] merged=[3, 7]
185.7 fp=[7] true=[3] merged=[3, 7]
186.0 fp=[7] true=[3] merged=[3, 7]
186.3 fp=[7] true=[3] merged=[3, 7]
186.7 fp=[7] true=[3] merged=[3, 7]
187.0 fp=[7] true=[3] merged=[3, 7]
187.3 fp=[7] true=[3] merged=[3, 7]
187.7 fp=[7] true=[3] merged=[3, 7]
188.0 fp=[7] true=[3] merged=[3, 7]
188.3 fp=[7] true=[3] merged=[3, 7]
188.6 fp=[7] true=[3] merged=[3, 7]
188.9 fp=[7] true=[3] merged=[3, 7]
189.2 fp=[4] true=[3] merged=[3, 4]
189.5 fp=[4] true=[3] merged=[3, 4]
189.8 fp=[4] true=[3] merged=[3, 4]
190.2 fp=[4] true=[3] merged=[3, 4]
190.5 fp=[4] true=[3] merged=[3, 4]
190.8 fp=[4] true=[3] merged=[3, 4]
191.1 fp=[4] true=[3] merged=[3, 4]
191.4 fp=[4] true=[3] merged=[3, 4]
191.7 fp=[4] true=[3] merged=[3, 4]
192.0 fp=[4] true=[3] merged=[3, 4]
192.3 fp=[4] true=[3] merged=[3, 4]
192.7 fp=[4] true=[3] merged=[3, 4]
193.0 fp=[4] true=[3] merged=[3, 4]
193.3 fp=[4] true=[3] merged=[3, 4]
193.6 fp=[4] true=[3] merged=[3, 4]
193.9 fp=[4] true=[3] merged=[3, 4]
194.2 fp=[4] true=[3] merged=[3, 4]
194.5 fp=[4] true=[3] merged=[3, 4]
194.8 fp=[4] true=[3] merged=[3, 4]
195.2 fp=[4] true=[3] merged=[3, 4]
195.5 fp=[4] true=[3] merged=[3, 4]
195.8 fp=[4] true=[3] merged=[3, 4]
196.1 fp=[4] true=[3] merged=[3, 4]
196.4 fp=[4] true=[3] merged=[3, 4]
196.7 fp=[4] true=[3] merged=[3, 4]
197.1 fp=[4] true=[3] merged=[3, 4]
197.4 fp=[4] true=[3] merged=[3, 4]
197.7 fp=[4] true=[3] merged=[3, 4]
198.0 fp=[4] true=[3] merged=[3, 4]
198.3 fp=[4] true=[3] merged=[3, 4]
198.6 fp=[4] true=[3] merged=[3, 4]
199.0 fp=[4] true=[3] merged=[3, 4]
199.3 fp=[4] true=[3] merged=[3, 4]
199.6 fp=[4] true=[3] merged=[3, 4]
200.0 fp=[4] true=[3] merged=[3, 4]
200.3 fp=[4] true=[3] merged=[3, 4]
200.6 fp=[4] true=[3] merged=[3, 4]
200.9 fp=[4] true=[3] merged=[3, 4]
201.2 fp=[4] true=[3] merged=[3, 4]
201.5 fp=[4] true=[3] merged=[3, 4]
201.8 fp=[4] true=[3] merged=[3, 4]
202.1 fp=[1] true=[3] merged=[1, 3]
202.4 fp=[1] true=[3] merged=[1, 3]
202.7 fp=[1] true=[3] merged=[1, 3]
203.0 fp=[1] true=[3] merged=[1, 3]
203.4 fp=[1] true=[3] merged=[1, 3]
203.7 fp=[1] true=[3] merged=[1, 3]
204.0 fp=[1] true=[3] merged=[1, 3]
204.3 fp=[1] true=[3] merged=[1, 3]
204.6 fp=[1] true=[3] merged=[1, 3]
204.9 fp=[1] true=[3] merged=[1, 3]
205.3 fp=[1] true=[3] merged=[1, 3]
205.6 fp=[1] true=[3] merged=[1, 3]
205.9 fp=[1] true=[3] merged=[1, 3]
206.2 fp=[1] true=[3] merged=[1, 3]
206.5 fp=[1] true=[3] merged=[1, 3]
206.8 fp=[1] true=[3] merged=[1, 3]
207.1 fp=[1] true=[3] merged=[1, 3]
207.4 fp=[1] true=[3] merged=[1, 3]
207.8 fp=[1] true=[3] merged=[1, 3]
208.1 fp=[1] true=[3] merged=[1, 3]
208.4 fp=[1] true=[3] merged=[1, 3]
208.7 fp=[1] true=[3] merged=[1, 3]
209.0 fp=[1] true=[3] merged=[1, 3]
209.3 fp=[1] true=[3] merged=[1, 3]
209.7 fp=[1] true=[3] merged=[1, 3]
210.0 fp=[1] true=[3] merged=[1, 3]
210.3 fp=[1] true=[3] merged=[1, 3]
210.6 fp=[1] true=[3] merged=[1, 3]
210.9 fp=[1] true=[3] merged=[1, 3]
211.2 fp=[1] true=[3] merged=[1, 3]
211.5 fp=[1] true=[3] merged=[1, 3]
211.9 fp=[1] true=[3] merged=[1, 3]
212.2 fp=[1] true=[3] merged=[1, 3]
212.5 fp=[1] true=[3] merged=[1, 3]
212.8 fp=[1] true=[3] merged=[1, 3]
213.1 fp=[1] true=[3] merged=[1, 3]
213.4 fp=[1] true=[3] merged=[1, 3]
213.7 fp=[1] true=[3] merged=[1, 3]
214.0 fp=[1] true=[3] merged=[1, 3]
214.3 fp=[1] true=[3] merged=[1, 3]
214.7 fp=[1] true=[3] merged=[1, 3]
215.0 fp=[1] true=[3] merged=[1, 3]
215.3 fp=[1] true=[3] merged=[1, 3]
215.6 fp=[1] true=[3] merged=[1, 3]
215.9 fp=[1] true=[3] merged=[1, 3]
216.2 fp=[1] true=[3] merged=[1, 3]
216.5 fp=[1] true=[3] merged=[1, 3]
216.8 fp=[1] true=[3] merged=[1, 3]
217.2 fp=[1] true=[3] merged=[1, 3]
217.5 fp=[1] true=[3] merged=[1, 3]
217.8 fp=[1] true=[3] merged=[1, 3]
218.1 fp=[1] true=[3] merged=[1, 3]
218.4 fp=[1] true=[3] merged=[1, 3]
218.7 fp=[1] true=[3] merged=[1, 3]
219.0 fp=[1] true=[3] merged=[1, 3]
219.3 fp=[1] true=[3] merged=[1, 3]
219.6 fp=[1] true=[3] merged=[1, 3]
220.0 fp=[1] true=[3] merged=[1, 3]
220.3 fp=[1] true=[3] merged=[1, 3]
220.6 fp=[1] true=[3] merged=[1, 3]
220.9 fp=[1] true=[3] merged=[1, 3]
221.2 fp=[1] true=[3] merged=[1, 3]
221.5 fp=[1] true=[3] merged=[1, 3]
221.8 fp=[1] true=[3] merged=[1, 3]
222.1 fp=[2] true=[3] merged=[2, 3]
222.4 fp=[2] true=[3] merged=[2, 3]
222.8 fp=[2] true=[3] merged=[2, 3]
223.1 fp=[2] true=[3] merged=[2, 3]
223.4 fp=[2] true=[3] merged=[2, 3]
223.7 fp=[2] true=[3] merged=[2, 3]
224.0 fp=[2] true=[3] merged=[2, 3]
224.3 fp=[2] true=[3] merged=[2, 3]
224.6 fp=[2] true=[3] merged=[2, 3]
224.9 fp=[2] true=[3] merged=[2, 3]
225.2 fp=[2] true=[3] merged=[2, 3]
225.6 fp=[2] true=[3] merged=[2, 3]
225.9 fp=[2] true=[3] merged=[2, 3]
226.2 fp=[2] true=[3] merged=[2, 3]
226.5 fp=[2] true=[3] merged=[2, 3]
226.8 fp=[2] true=[3] merged=[2, 3]
227.1 fp=[2] true=[3] merged=[2, 3]
227.4 fp=[2] true=[3] merged=[2, 3]
227.7 fp=[2] true=[3] merged=[2, 3]
228.1 fp=[2] true=[3] merged=[2, 3]
228.4 fp=[2] true=[3] merged=[2, 3]
228.7 fp=[2] true=[3] merged=[2, 3]
229.0 fp=[2] true=[3] merged=[2, 3]
229.3 fp=[2] true=[3] merged=[2, 3]
229.6 fp=[2] true=[3] merged=[2, 3]
229.9 fp=[2] true=[3] merged=[2, 3]
230.2 fp=[2] true=[3] merged=[2, 3]
230.6 fp=[2] true=[3] merged=[2, 3]
230.9 fp=[2] true=[3] merged=[2, 3]
231.2 fp=[2] true=[3] merged=[2, 3]
231.5 fp=[2] true=[3] merged=[2, 3]
231.8 fp=[2] true=[3] merged=[2, 3]
232.1 fp=[5] true=[3] merged=[3, 5]
232.4 fp=[5] true=[3] merged=[3, 5]
232.7 fp=[5] true=[3] merged=[3, 5]
233.0 fp=[5] true=[3] merged=[3, 5]
233.4 fp=[5] true=[3] merged=[3, 5]
233.7 fp=[5] true=[3] merged=[3, 5]
234.0 fp=[5] true=[3] merged=[3, 5]
234.3 fp=[5] true=[3] merged=[3, 5]
234.6 fp=[5] true=[3] merged=[3, 5]
234.9 fp=[5] true=[3] merged=[3, 5]
235.2 fp=[5] true=[3] merged=[3, 5]
235.5 fp=[5] true=[3] merged=[3, 5]
235.8 fp=[5] true=[3] merged=[3, 5]
236.2 fp=[5] true=[3] merged=[3, 5]
236.5 fp=[5] true=[3] merged=[3, 5]
236.8 fp=[5] true=[3] merged=[3, 5]
237.1 fp=[5] true=[3] merged=[3, 5]
237.4 fp=[5] true=[3] merged=[3, 5]
237.7 fp=[5] true=[3] merged=[3, 5]
238.0 fp=[5] true=[3] merged=[3, 5]
238.4 fp=[5] true=[3] merged=[3, 5]
238.7 fp=[5] true=[3] merged=[3, 5]
239.0 fp=[5] true=[3] merged=[3, 5]
239.3 fp=[5] true=[3] merged=[3, 5]
239.7 fp=[5] true=[3] merged=[3, 5]
240.0 fp=[5] true=[3] merged=[3, 5]
240.3 fp=[5] true=[3] merged=[3, 5]
240.6 fp=[5] true=[3] merged=[3, 5]
240.9 fp=[5] true=[3] merged=[3, 5]
241.3 fp=[2] true=[3] merged=[2, 3]
241.6 fp=[2] true=[3] merged=[2, 3]
241.9 fp=[2] true=[3] merged=[2, 3]
242.2 fp=[2] true=[3] merged=[2, 3]
242.5 fp=[2] true=[3] merged=[2, 3]
242.8 fp=[2] true=[3] merged=[2, 3]
243.1 fp=[2] true=[3] merged=[2, 3]
243.4 fp=[2] true=[3] merged=[2, 3]
243.8 fp=[2] true=[3] merged=[2, 3]
244.1 fp=[2] true=[3] merged=[2, 3]
244.4 fp=[2] true=[3] merged=[2, 3]
244.7 fp=[2] true=[3] merged=[2, 3]
245.0 fp=[2] true=[3] merged=[2, 3]
245.3 fp=[2] true=[3] merged=[2, 3]
245.6 fp=[2] true=[3] merged=[2, 3]
245.9 fp=[2] true=[3] merged=[2, 3]
246.3 fp=[2] true=[3] merged=[2, 3]
246.6 fp=[2] true=[3] merged=[2, 3]
246.9 fp=[2] true=[3] merged=[2, 3]
247.2 fp=[2] true=[3] merged=[2, 3]
247.5 fp=[2] true=[3] merged=[2, 3]
247.8 fp=[2] true=[3] merged=[2, 3]
248.1 fp=[2] true=[3] merged=[2, 3]
248.4 fp=[2] true=[3] merged=[2, 3]
248.7 fp=[2] true=[3] merged=[2, 3]
249.1 fp=[2] true=[3] merged=[2, 3]
249.4 fp=[2] true=[3] merged=[2, 3]
249.7 fp=[2] true=[3] merged=[2, 3]
250.0 fp=[2] true=[3] merged=[2, 3]
250.3 fp=[2] true=[3] merged=[2, 3]
250.7 fp=[2] true=[3] merged=[2, 3]
251.0 fp=[2] true=[3] merged=[2, 3]
251.3 fp=[2] true=[3] merged=[2, 3]
251.6 fp=[2] true=[3] merged=[2, 3]
251.9 fp=[2] true=[3] merged=[2, 3]
252.2 fp=[2] true=[3] merged=[2, 3]
252.5 fp=[2] true=[3] merged=[2, 3]
252.8 fp=[2] true=[3] merged=[2, 3]
253.1 fp=[2] true=[3] merged=[2, 3]
253.5 fp=[2] true=[3] merged=[2, 3]
253.8 fp=[2] true=[3] merged=[2, 3]
254.1 fp=[2] true=[3] merged=[2, 3]
254.4 fp=[2] true=[3] merged=[2, 3]
254.7 fp=[2] true=[3] merged=[2, 3]
255.0 fp=[2] true=[3] merged=[2, 3]
255.3 fp=[2] true=[3] merged=[2, 3]
255.7 fp=[2] true=[3] merged=[2, 3]
256.0 fp=[2] true=[3] merged=[2, 3]
256.3 fp=[2] true=[3] merged=[2, 3]
256.6 fp=[2] true=[3] merged=[2, 3]
256.9 fp=[2] true=[3] merged=[2, 3]
257.2 fp=[2] true=[3] merged=[2, 3]
257.6 fp=[2] true=[3] merged=[2, 3]
257.9 fp=[2] true=[3] merged=[2, 3]
258.2 fp=[2] true=[3] merged=[2, 3]
258.5 fp=[2] true=[3] merged=[2, 3]
258.8 fp=[2] true=[3] merged=[2, 3]
259.1 fp=[2] true=[3] merged=[2, 3]
259.4 fp=[2] true=[3] merged=[2, 3]
259.8 fp=[2] true=[3] merged=[2, 3]
260.1 fp=[2] true=[3] merged=[2, 3]
260.4 fp=[2] true=[3] merged=[2, 3]
260.7 fp=[2] true=[3] merged=[2, 3]
261.0 fp=[2] true=[3] merged=[2, 3]
261.3 fp=[7] true=[3] merged=[3, 7]
261.6 fp=[7] true=[3] merged=[3, 7]
261.9 fp=[7] true=[3] merged=[3, 7]
262.3 fp=[6] true=[3] merged=[3, 6]
262.6 fp=[6] true=[3] merged=[3, 6]
262.9 fp=[6] true=[3] merged=[3, 6]
263.2 fp=[6] true=[3] merged=[3, 6]
263.5 fp=[6] true=[3] merged=[3, 6]
263.8 fp=[6] true=[3] merged=[3, 6]
264.1 fp=[6] true=[3] merged=[3, 6]
264.4 fp=[6] true=[3] merged=[3, 6]
264.7 fp=[6] true=[3] merged=[3, 6]
265.0 fp=[6] true=[3] merged=[3, 6]
265.3 fp=[6] true=[3] merged=[3, 6]
265.7 fp=[6] true=[3] merged=[3, 6]
266.0 fp=[6] true=[3] merged=[3, 6]
266.3 fp=[6] true=[3] merged=[3, 6]
266.6 fp=[6] true=[3] merged=[3, 6]
266.9 fp=[6] true=[3] merged=[3, 6]
267.2 fp=[6] true=[3] merged=[3, 6]
267.5 fp=[6] true=[3] merged=[3, 6]
267.8 fp=[6] true=[3] merged=[3, 6]
268.2 fp=[2] true=[3] merged=[2, 3]
268.5 fp=[2] true=[3] merged=[2, 3]
268.8 fp=[2] true=[3] merged=[2, 3]
269.1 fp=[2] true=[3] merged=[2, 3]
269.4 fp=[2] true=[3] merged=[2, 3]
269.7 fp=[2] true=[3] merged=[2, 3]
270.0 fp=[2] true=[3] merged=[2, 3]
270.3 fp=[2] true=[3] merged=[2, 3]
270.7 fp=[2] true=[3] merged=[2, 3]
271.0 fp=[2] true=[3] merged=[2, 3]
271.3 fp=[2] true=[3] merged=[2, 3]
271.6 fp=[2] true=[3] merged=[2, 3]
271.9 fp=[2] true=[3] merged=[2, 3]
272.2 fp=[2] true=[3] merged=[2, 3]
272.5 fp=[2] true=[3] merged=[2, 3]
272.8 fp=[2] true=[3] merged=[2, 3]
273.2 fp=[2] true=[3] merged=[2, 3]
273.5 fp=[2] true=[3] merged=[2, 3]
273.8 fp=[2] true=[3] merged=[2, 3]
274.1 fp=[2] true=[3] merged=[2, 3]
274.4 fp=[2] true=[3] merged=[2, 3]
274.7 fp=[2] true=[3] merged=[2, 3]
275.0 fp=[2] true=[3] merged=[2, 3]
275.3 fp=[2] true=[3] merged=[2, 3]
275.7 fp=[2] true=[3] merged=[2, 3]
276.0 fp=[2] true=[3] merged=[2, 3]
276.3 fp=[2] true=[3] merged=[2, 3]
276.6 fp=[2] true=[3] merged=[2, 3]
276.9 fp=[2] true=[3] merged=[2, 3]
277.2 fp=[2] true=[3] merged=[2, 3]
277.5 fp=[2] true=[3] merged=[2, 3]
277.8 fp=[2] true=[3] merged=[2, 3]
278.1 fp=[2] true=[3] merged=[2, 3]
278.5 fp=[2] true=[3] merged=[2, 3]
278.8 fp=[2] true=[3] merged=[2, 3]
279.1 fp=[2] true=[3] merged=[2, 3]
279.4 fp=[2] true=[3] merged=[2, 3]
279.7 fp=[2] true=[3] merged=[2, 3]
280.0 fp=[2] true=[3] merged=[2, 3]
280.4 fp=[2] true=[3] merged=[2, 3]
280.7 fp=[2] true=[3] merged=[2, 3]
281.0 fp=[2] true=[3] merged=[2, 3]
281.3 fp=[2] true=[3] merged=[2, 3]
281.6 fp=[2] true=[3] merged=[2, 3]
281.9 fp=[2] true=[3] merged=[2, 3]
282.2 fp=[2] true=[3] merged=[2, 3]
282.5 fp=[2] true=[3] merged=[2, 3]
282.9 fp=[2] true=[3] merged=[2, 3]
283.2 fp=[2] true=[3] merged=[2, 3]
283.5 fp=[2] true=[3] merged=[2, 3]
283.8 fp=[2] true=[3] merged=[2, 3]
284.1 fp=[2] true=[3] merged=[2, 3]
284.4 fp=[2] true=[3] merged=[2, 3]
284.7 fp=[2] true=[3] merged=[2, 3]
285.0 fp=[2] true=[3] merged=[2, 3]
285.3 fp=[2] true=[3] merged=[2, 3]
285.7 fp=[2] true=[3] merged=[2, 3]
286.0 fp=[2] true=[3] merged=[2, 3]
286.3 fp=[2] true=[3] merged=[2, 3]
286.6 fp=[2] true=[3] merged=[2, 3]
286.9 fp=[2] true=[3] merged=[2, 3]
287.2 fp=[2] true=[3] merged=[2, 3]
287.5 fp=[2] true=[3] merged=[2, 3]
287.9 fp=[2] true=[3] merged=[2, 3]
288.2 fp=[2] true=[3] merged=[2, 3]
288.5 fp=[2] true=[3] merged=[2, 3]
288.8 fp=[2] true=[3] merged=[2, 3]
289.1 fp=[2] true=[3] merged=[2, 3]
289.4 fp=[2] true=[3] merged=[2, 3]
289.7 fp=[2] true=[3] merged=[2, 3]
290.1 fp=[2] true=[3] merged=[2, 3]
290.4 fp=[2] true=[3] merged=[2, 3]
290.7 fp=[2] true=[3] merged=[2, 3]
291.0 fp=[2] true=[3] merged=[2, 3]
291.3 fp=[2] true=[3] merged=[2, 3]
291.7 fp=[2] true=[3] merged=[2, 3]
292.0 fp=[2] true=[3] merged=[2, 3]
292.3 fp=[2] true=[3] merged=[2, 3]
292.6 fp=[2] true=[3] merged=[2, 3]
292.9 fp=[2] true=[3] merged=[2, 3]
293.2 fp=[2] true=[3] merged=[2, 3]
293.5 fp=[2] true=[3] merged=[2, 3]
293.8 fp=[2] true=[3] merged=[2, 3]
294.1 fp=[2] true=[3] merged=[2, 3]
294.5 fp=[2] true=[3] merged=[2, 3]
294.8 fp=[2] true=[3] merged=[2, 3]
295.1 fp=[2] true=[3] merged=[2, 3]
295.4 fp=[2] true=[3] merged=[2, 3]
295.7 fp=[2] true=[3] merged=[2, 3]
296.0 fp=[2] true=[3] merged=[2, 3]
296.3 fp=[2] true=[3] merged=[2, 3]
296.6 fp=[2] true=[3] merged=[2, 3]
297.0 fp=[2] true=[3] merged=[2, 3]
297.3 fp=[2] true=[3] merged=[2, 3]
297.6 fp=[2] true=[3] merged=[2, 3]
297.9 fp=[2] true=[3] merged=[2, 3]
298.2 fp=[2] true=[3] merged=[2, 3]
298.5 fp=[2] true=[3] merged=[2, 3]
298.8 fp=[2] true=[3] merged=[2, 3]
299.2 fp=[2] true=[3] merged=[2, 3]
299.5 fp=[2] true=[3] merged=[2, 3]
299.8 fp=[2] true=[3] merged=[2, 3]
300.1 fp=[2] true=[3] merged=[2, 3]
300.4 fp=[2] true=[3] merged=[2, 3]
300.7 fp=[2] true=[3] merged=[2, 3]
301.0 fp=[2] true=[3] merged=[2, 3]
301.3 fp=[2] true=[3] merged=[2, 3]
301.7 fp=[2] true=[3] merged=[2, 3]
302.0 fp=[2] true=[3] merged=[2, 3]
302.3 fp=[2] true=[3] merged=[2, 3]
302.6 fp=[2] true=[3] merged=[2, 3]
302.9 fp=[2] true=[3] merged=[2, 3]
303.2 fp=[2] true=[3] merged=[2, 3]
303.5 fp=[2] true=[3] merged=[2, 3]
303.8 fp=[2] true=[3] merged=[2, 3]
304.2 fp=[2] true=[3] merged=[2, 3]
304.5 fp=[2] true=[3] merged=[2, 3]
304.8 fp=[2] true=[3] merged=[2, 3]
305.1 fp=[2] true=[3] merged=[2, 3]
305.4 fp=[2] true=[3] merged=[2, 3]
305.7 fp=[2] true=[3] merged=[2, 3]
306.0 fp=[2] true=[3] merged=[2, 3]
306.3 fp=[2] true=[3] merged=[2, 3]
306.6 fp=[2] true=[3] merged=[2, 3]
306.9 fp=[2] true=[3] merged=[2, 3]
307.2 fp=[2] true=[3] merged=[2, 3]
307.6 fp=[2] true=[3] merged=[2, 3]
307.9 fp=[2] true=[3] merged=[2, 3]
308.2 fp=[2] true=[3] merged=[2, 3]
308.5 fp=[2] true=[3] merged=[2, 3]
308.8 fp=[2] true=[3] merged=[2, 3]
309.1 fp=[4] true=[3] merged=[3, 4]
309.4 fp=[4] true=[3] merged=[3, 4]
309.7 fp=[4] true=[3] merged=[3, 4]
310.0 fp=[4] true=[3] merged=[3, 4]
310.4 fp=[4] true=[3] merged=[3, 4]
310.7 fp=[4] true=[3] merged=[3, 4]
311.0 fp=[4] true=[3] merged=[3, 4]
311.3 fp=[4] true=[3] merged=[3, 4]
311.6 fp=[4] true=[3] merged=[3, 4]
312.0 fp=[4] true=[3] merged=[3, 4]
312.3 fp=[4] true=[3] merged=[3, 4]
312.6 fp=[4] true=[3] merged=[3, 4]
312.9 fp=[4] true=[3] merged=[3, 4]
313.2 fp=[4] true=[3] merged=[3, 4]
313.5 fp=[4] true=[3] merged=[3, 4]
313.8 fp=[4] true=[3] merged=[3, 4]
314.1 fp=[4] true=[3] merged=[3, 4]
314.4 fp=[4] true=[3] merged=[3, 4]
314.8 fp=[4] true=[3] merged=[3, 4]
315.1 fp=[4] true=[3] merged=[3, 4]
315.4 fp=[4] true=[3] merged=[3, 4]
315.7 fp=[4] true=[3] merged=[3, 4]
316.0 fp=[4] true=[3] merged=[3, 4]
316.3 fp=[4] true=[3] merged=[3, 4]
316.6 fp=[4] true=[3] merged=[3, 4]
317.0 fp=[4] true=[3] merged=[3, 4]
317.3 fp=[4] true=[3] merged=[3, 4]
317.6 fp=[4] true=[3] merged=[3, 4]
317.9 fp=[4] true=[3] merged=[3, 4]
318.2 fp=[4] true=[3] merged=[3, 4]
318.5 fp=[4] true=[3] merged=[3, 4]
318.8 fp=[4] true=[3] merged=[3, 4]
319.1 fp=[4] true=[3] merged=[3, 4]
319.5 fp=[4] true=[3] merged=[3, 4]
319.8 fp=[4] true=[3] merged=[3, 4]
320.1 fp=[4] true=[3] merged=[3, 4]
320.4 fp=[4] true=[3] merged=[3, 4]
320.7 fp=[4] true=[3] merged=[3, 4]
321.0 fp=[4] true=[3] merged=[3, 4]
321.3 fp=[4] true=[3] merged=[3, 4]
321.6 fp=[4] true=[3] merged=[3, 4]
322.0 fp=[4] true=[3] merged=[3, 4]
322.3 fp=[4] true=[3] merged=[3, 4]
322.6 fp=[4] true=[3] merged=[3, 4]
322.9 fp=[4] true=[3] merged=[3, 4]
323.2 fp=[4] true=[3] merged=[3, 4]
323.5 fp=[4] true=[3] merged=[3, 4]
323.8 fp=[4] true=[3] merged=[3, 4]
324.1 fp=[4] true=[3] merged=[3, 4]
324.5 fp=[4] true=[3] merged=[3, 4]
324.8 fp=[4] true=[3] merged=[3, 4]
325.1 fp=[1] true=[3] merged=[1, 3]
325.4 fp=[1] true=[3] merged=[1, 3]
325.7 fp=[1] true=[3] merged=[1, 3]
326.0 fp=[1] true=[3] merged=[1, 3]
326.3 fp=[1] true=[3] merged=[1, 3]
326.6 fp=[1] true=[3] merged=[1, 3]
327.0 fp=[1] true=[3] merged=[1, 3]
327.3 fp=[1] true=[3] merged=[1, 3]
327.6 fp=[1] true=[3] merged=[1, 3]
327.9 fp=[1] true=[3] merged=[1, 3]
328.2 fp=[1] true=[3] merged=[1, 3]
328.5 fp=[1] true=[3] merged=[1, 3]
328.8 fp=[1] true=[3] merged=[1, 3]
329.1 fp=[1] true=[3] merged=[1, 3]
329.5 fp=[1] true=[3] merged=[1, 3]
329.8 fp=[1] true=[3] merged=[1, 3]
330.1 fp=[1] true=[3] merged=[1, 3]
330.4 fp=[1] true=[3] merged=[1, 3]
330.7 fp=[1] true=[3] merged=[1, 3]
331.0 fp=[1] true=[3] merged=[1, 3]
331.3 fp=[1] true=[3] merged=[1, 3]
331.6 fp=[1] true=[3] merged=[1, 3]
332.0 fp=[1] true=[3] merged=[1, 3]
332.3 fp=[1] true=[3] merged=[1, 3]
332.6 fp=[1] true=[3] merged=[1, 3]
332.9 fp=[1] true=[3] merged=[1, 3]
333.2 fp=[1] true=[3] merged=[1, 3]
333.5 fp=[1] true=[3] merged=[1, 3]
333.8 fp=[1] true=[3] merged=[1, 3]
334.1 fp=[1] true=[3] merged=[1, 3]
334.4 fp=[1] true=[3] merged=[1, 3]
334.8 fp=[1] true=[3] merged=[1, 3]
335.1 fp=[1] true=[3] merged=[1, 3]
335.4 fp=[1] true=[3] merged=[1, 3]
335.7 fp=[1] true=[3] merged=[1, 3]
336.0 fp=[1] true=[3] merged=[1, 3]
336.3 fp=[1] true=[3] merged=[1, 3]
336.6 fp=[1] true=[3] merged=[1, 3]
336.9 fp=[1] true=[3] merged=[1, 3]
337.3 fp=[1] true=[3] merged=[1, 3]
337.6 fp=[1] true=[3] merged=[1, 3]
337.9 fp=[1] true=[3] merged=[1, 3]
338.2 fp=[1] true=[3] merged=[1, 3]
338.5 fp=[1] true=[3] merged=[1, 3]
338.8 fp=[1] true=[3] merged=[1, 3]
339.1 fp=[1] true=[3] merged=[1, 3]
339.5 fp=[1] true=[3] merged=[1, 3]
339.8 fp=[1] true=[3] merged=[1, 3]
340.1 fp=[1] true=[3] merged=[1, 3]
340.4 fp=[1] true=[3] merged=[1, 3]
340.8 fp=[1] true=[3] merged=[1, 3]
341.1 fp=[1] true=[3] merged=[1, 3]
341.4 fp=[1] true=[3] merged=[1, 3]
341.7 fp=[1] true=[3] merged=[1, 3]
342.0 fp=[1] true=[3] merged=[1, 3]
342.3 fp=[1] true=[3] merged=[1, 3]
342.6 fp=[1] true=[3] merged=[1, 3]
343.0 fp=[1] true=[3] merged=[1, 3]
343.3 fp=[1] true=[3] merged=[1, 3]
343.6 fp=[1] true=[3] merged=[1, 3]
343.9 fp=[1] true=[3] merged=[1, 3]
344.2 fp=[1] true=[3] merged=[1, 3]
344.5 fp=[1] true=[3] merged=[1, 3]
344.8 fp=[1] true=[3] merged=[1, 3]
345.1 fp=[6] true=[3] merged=[3, 6]
345.5 fp=[6] true=[3] merged=[3, 6]
345.8 fp=[6] true=[3] merged=[3, 6]
346.1 fp=[6] true=[3] merged=[3, 6]
346.4 fp=[6] true=[3] merged=[3, 6]
346.7 fp=[6] true=[3] merged=[3, 6]
347.0 fp=[6] true=[3] merged=[3, 6]
347.3 fp=[6] true=[3] merged=[3, 6]
347.7 fp=[6] true=[3] merged=[3, 6]
348.0 fp=[6] true=[3] merged=[3, 6]
348.3 fp=[6] true=[3] merged=[3, 6]
348.6 fp=[6] true=[3] merged=[3, 6]
348.9 fp=[6] true=[3] merged=[3, 6]
349.2 fp=[4] true=[3] merged=[3, 4]
349.5 fp=[4] true=[3] merged=[3, 4]
349.9 fp=[4] true=[3] merged=[3, 4]
350.2 fp=[4] true=[3] merged=[3, 4]
350.5 fp=[4] true=[3] merged=[3, 4]
350.8 fp=[4] true=[3] merged=[3, 4]
351.1 fp=[4] true=[3] merged=[3, 4]
351.4 fp=[4] true=[3] merged=[3, 4]
351.7 fp=[4] true=[3] merged=[3, 4]
352.1 fp=[4] true=[3] merged=[3, 4]
352.4 fp=[4] true=[3] merged=[3, 4]
352.7 fp=[4] true=[3] merged=[3, 4]
353.0 fp=[4] true=[3] merged=[3, 4]
353.3 fp=[4] true=[3] merged=[3, 4]
353.6 fp=[4] true=[3] merged=[3, 4]
353.9 fp=[4] true=[3] merged=[3, 4]
354.2 fp=[2] true=[3] merged=[2, 3]
354.5 fp=[2] true=[3] merged=[2, 3]
354.8 fp=[2] true=[3] merged=[2, 3]
355.2 fp=[2] true=[3] merged=[2, 3]
355.5 fp=[2] true=[3] merged=[2, 3]
355.8 fp=[2] true=[3] merged=[2, 3]
356.1 fp=[2] true=[3] merged=[2, 3]
356.4 fp=[2] true=[3] merged=[2, 3]
356.7 fp=[2] true=[3] merged=[2, 3]
357.0 fp=[2] true=[3] merged=[2, 3]
357.4 fp=[2] true=[3] merged=[2, 3]
357.7 fp=[2] true=[3] merged=[2, 3]
358.0 fp=[2] true=[3] merged=[2, 3]
358.3 fp=[2] true=[3] merged=[2, 3]
358.6 fp=[2] true=[3] merged=[2, 3]
358.9 fp=[2] true=[3] merged=[2, 3]
359.2 fp=[2] true=[3] merged=[2, 3]
359.6 fp=[2] true=[3] merged=[2, 3]
359.9 fp=[2] true=[3] merged=[2, 3]
360.2 fp=[2] true=[3] merged=[2, 3]
360.5 fp=[2] true=[3] merged=[2, 3]
360.8 fp=[2] true=[3] merged=[2, 3]
361.1 fp=[1] true=[3] merged=[1, 3]
361.4 fp=[1] true=[3] merged=[1, 3]
361.7 fp=[1] true=[3] merged=[1, 3]
362.0 fp=[1] true=[3] merged=[1, 3]
362.4 fp=[1] true=[3] merged=[1, 3]
362.7 fp=[1] true=[3] merged=[1, 3]
363.0 fp=[1] true=[3] merged=[1, 3]
363.3 fp=[1] true=[3] merged=[1, 3]
363.6 fp=[1] true=[3] merged=[1, 3]
363.9 fp=[1] true=[3] merged=[1, 3]
364.2 fp=[1] true=[3] merged=[1, 3]
364.5 fp=[1] true=[3] merged=[1, 3]
364.8 fp=[1] true=[3] merged=[1, 3]
365.2 fp=[1] true=[3] merged=[1, 3]
365.5 fp=[1] true=[3] merged=[1, 3]
365.8 fp=[1] true=[3] merged=[1, 3]
366.1 fp=[1] true=[3] merged=[1, 3]
366.4 fp=[1] true=[3] merged=[1, 3]
366.7 fp=[1] true=[3] merged=[1, 3]
367.0 fp=[1] true=[3] merged=[1, 3]
367.3 fp=[1] true=[3] merged=[1, 3]
367.6 fp=[1] true=[3] merged=[1, 3]
368.0 fp=[1] true=[3] merged=[1, 3]
368.3 fp=[1] true=[3] merged=[1, 3]
368.6 fp=[1] true=[3] merged=[1, 3]
368.9 fp=[1] true=[3] merged=[1, 3]
369.2 fp=[1] true=[3] merged=[1, 3]
369.5 fp=[1] true=[3] merged=[1, 3]
369.8 fp=[1] true=[3] merged=[1, 3]
370.1 fp=[1] true=[3] merged=[1, 3]
370.5 fp=[1] true=[3] merged=[1, 3]
370.8 fp=[1] true=[3] merged=[1, 3]
371.1 fp=[1] true=[3] merged=[1, 3]
371.4 fp=[1] true=[3] merged=[1, 3]
371.7 fp=[1] true=[3] merged=[1, 3]
372.0 fp=[1] true=[3] merged=[1, 3]
372.4 fp=[1] true=[3] merged=[1, 3]
372.7 fp=[1] true=[3] merged=[1, 3]
373.0 fp=[1] true=[3] merged=[1, 3]
373.3 fp=[1] true=[3] merged=[1, 3]
373.6 fp=[1] true=[3] merged=[1, 3]
373.9 fp=[1] true=[3] merged=[1, 3]
374.2 fp=[1] true=[3] merged=[1, 3]
374.5 fp=[1] true=[3] merged=[1, 3]
374.9 fp=[1] true=[3] merged=[1, 3]
375.2 fp=[1] true=[3] merged=[1, 3]
375.5 fp=[1] true=[3] merged=[1, 3]
375.8 fp=[1] true=[3] merged=[1, 3]
376.1 fp=[1] true=[3] merged=[1, 3]
376.4 fp=[1] true=[3] merged=[1, 3]
376.7 fp=[1] true=[3] merged=[1, 3]
377.0 fp=[1] true=[3] merged=[1, 3]
377.3 fp=[1] true=[3] merged=[1, 3]
377.7 fp=[1] true=[3] merged=[1, 3]
378.0 fp=[1] true=[3] merged=[1, 3]
378.3 fp=[1] true=[3] merged=[1, 3]
378.6 fp=[1] true=[3] merged=[1, 3]
378.9 fp=[1] true=[3] merged=[1, 3]
379.2 fp=[1] true=[3] merged=[1, 3]
379.5 fp=[1] true=[3] merged=[1, 3]
379.9 fp=[1] true=[3] merged=[1, 3]
380.2 fp=[1] true=[3] merged=[1, 3]
380.5 fp=[1] true=[3] merged=[1, 3]
380.8 fp=[1] true=[3] merged=[1, 3]
381.1 fp=[1] true=[3] merged=[1, 3]
381.4 fp=[1] true=[3] merged=[1, 3]
381.7 fp=[1] true=[3] merged=[1, 3]
382.0 fp=[1] true=[3] merged=[1, 3]
382.4 fp=[1] true=[3] merged=[1, 3]
382.7 fp=[1] true=[3] merged=[1, 3]
383.0 fp=[1] true=[3] merged=[1, 3]
383.3 fp=[1] true=[3] merged=[1, 3]
383.6 fp=[1] true=[3] merged=[1, 3]
383.9 fp=[1] true=[3] merged=[1, 3]
384.4 fp=[1] true=[3] merged=[1, 3]
384.7 fp=[1] true=[3] merged=[1, 3]
385.0 fp=[1] true=[3] merged=[1, 3]
385.3 fp=[1] true=[3] merged=[1, 3]
385.6 fp=[1] true=[3] merged=[1, 3]
386.0 fp=[1] true=[3] merged=[1, 3]
386.3 fp=[2] true=[3] merged=[2, 3]
386.6 fp=[2] true=[3] merged=[2, 3]
