# start rate=10 seed=4 dur=420 n=7 target=3 events=34
7.2 fp=[2] true=[3] merged=[2, 3]
7.5 fp=[2] true=[3] merged=[2, 3]
7.8 fp=[2] true=[3] merged=[2, 3]
8.2 fp=[2] true=[3] merged=[2, 3]
8.5 fp=[2] true=[3] merged=[2, 3]
8.8 fp=[2] true=[3] merged=[2, 3]
9.1 fp=[2] true=[3] merged=[2, 3]
9.4 fp=[2] true=[3] merged=[2, 3]
9.7 fp=[2] true=[3] merged=[2, 3]
10.0 fp=[2] true=[3] merged=[2, 3]
10.3 fp=[2] true=[3] merged=[2, 3]
10.6 fp=[2] true=[3] merged=[2, 3]
10.9 fp=[2] true=[3] merged=[2, 3]
11.3 fp=[2] true=[3] merged=[2, 3]
11.6 fp=[2] true=[3] merged=[2, 3]
11.9 fp=[2] true=[3] merged=[2, 3]
12.2 fp=[2] true=[3] merged=[2, 3]
12.5 fp=[2] true=[3] merged=[2, 3]
12.8 fp=[2] true=[3] merged=[2, 3]
13.1 fp=[2] true=[3] merged=[2, 3]
13.4 fp=[2] true=[3] merged=[2, 3]
13.7 fp=[2] true=[3] merged=[2, 3]
14.0 fp=[2] true=[3] merged=[2, 3]
14.4 fp=[2] true=[3] merged=[2, 3]
14.7 fp=[2] true=[3] merged=[2, 3]
15.0 fp=[2] true=[3] merged=[2, 3]
15.3 fp=[2] true=[3] merged=[2, 3]
15.6 fp=[2] true=[3] merged=[2, 3]
15.9 fp=[2] true=[3] merged=[2, 3]
16.2 fp=[2] true=[3] merged=[2, 3]
16.5 fp=[2] true=[3] merged=[2, 3]
16.9 fp=[2] true=[3] merged=[2, 3]
17.2 fp=[2] true=[3] merged=[2, 3]
17.5 fp=[2] true=[3] merged=[2, 3]
17.8 fp=[2] true=[3] merged=[2, 3]
18.1 fp=[2] true=[3] merged=[2, 3]
18.4 fp=[2] true=[3] merged=[2, 3]
18.8 fp=[2] true=[3] merged=[2, 3]
19.1 fp=[2] true=[3] merged=[2, 3]
19.4 fp=[2] true=[3] merged=[2, 3]
19.7 fp=[2] true=[3] merged=[2, 3]
20.0 fp=[2] true=[3] merged=[2, 3]
20.3 fp=[2] true=[3] merged=[2, 3]
20.6 fp=[2] true=[3] merged=[2, 3]
20.9 fp=[2] true=[3] merged=[2, 3]
21.2 fp=[2] true=[3] merged=[2, 3]
21.5 fp=[2] true=[3] merged=[2, 3]
21.9 fp=[2] true=[3] merged=[2, 3]
22.2 fp=[2] true=[3] merged=[2, 3]
22.5 fp=[2] true=[3] merged=[2, 3]
22.8 fp=[2] true=[3] merged=[2, 3]
23.1 fp=[2] true=[3] merged=[2, 3]
23.4 fp=[2] true=[3] merged=[2, 3]
23.7 fp=[2] true=[3] merged=[2, 3]
24.0 fp=[2] true=[3] merged=[2, 3]
24.3 fp=[2] true=[3] merged=[2, 3]
24.7 fp=[2] true=[3] merged=[2, 3]
25.0 fp=[2] true=[3] merged=[2, 3]
25.3 fp=[2] true=[3] merged=[2, 3]
25.6 fp=[2] true=[3] merged=[2, 3]
25.9 fp=[2] true=[3] merged=[2, 3]
26.3 fp=[2] true=[3] merged=[2, 3]
26.6 fp=[2] true=[3] merged=[2, 3]
26.9 fp=[2] true=[3] merged=[2, 3]
27.2 fp=[2] true=[3] merged=[2, 3]
27.5 fp=[2] true=[3] merged=[2, 3]
27.8 fp=[2] true=[3] merged=[2, 3]
28.1 fp=[2] true=[3] merged=[2, 3]
28.5 fp=[2] true=[3] merged=[2, 3]
28.8 fp=[2] true=[3] merged=[2, 3]
29.1 fp=[2] true=[3] merged=[2, 3]
29.4 fp=[2] true=[3] merged=[2, 3]
29.7 fp=[2] true=[3] merged=[2, 3]
30.0 fp=[2] true=[3] merged=[2, 3]
30.3 fp=[2] true=[3] merged=[2, 3]
30.7 fp=[2] true=[3] merged=[2, 3]
31.0 fp=[2] true=[3] merged=[2, 3]
31.3 fp=[2] true=[3] merged=[2, 3]
31.6 fp=[2] true=[3] merged=[2, 3]
31.9 fp=[2] true=[3] merged=[2, 3]
32.2 fp=[2] true=[3] merged=[2, 3]
32.5 fp=[2] true=[3] merged=[2, 3]
32.8 fp=[2] true=[3] merged=[2, 3]
33.1 fp=[2] true=[3] merged=[2, 3]
33.4 fp=[2] true=[3] merged=[2, 3]
33.8 fp=[2] true=[3] merged=[2, 3]
34.1 fp=[4] true=[3] merged=[3, 4]
34.4 fp=[4] true=[3] merged=[3, 4]
34.7 fp=[4] true=[3] merged=[3, 4]
35.0 fp=[4] true=[3] merged=[3, 4]
35.3 fp=[4] true=[3] merged=[3, 4]
35.6 fp=[4] true=[3] merged=[3, 4]
35.9 fp=[4] true=[3] merged=[3, 4]
36.3 fp=[5] true=[3] merged=[3, 5]
36.6 fp=[5] true=[3] merged=[3, 5]
36.9 fp=[5] true=[3] merged=[3, 5]
37.2 fp=[5] true=[3] merged=[3, 5]
37.5 fp=[5] true=[3] merged=[3, 5]
37.8 fp=[5] true=[3] merged=[3, 5]
38.2 fp=[7] true=[3] merged=[3, 7]
38.5 fp=[7] true=[3] merged=[3, 7]
38.8 fp=[7] true=[3] merged=[3, 7]
39.1 fp=[7] true=[3] merged=[3, 7]
39.4 fp=[7] true=[3] merged=[3, 7]
39.7 fp=[7] true=[3] merged=[3, 7]
40.0 fp=[7] true=[3] merged=[3, 7]
40.3 fp=[7] true=[3] merged=[3, 7]
40.6 fp=[7] true=[3] merged=[3, 7]
41.0 fp=[7] true=[3] merged=[3, 7]
41.3 fp=[7] true=[3] merged=[3, 7]
41.6 fp=[7] true=[3] merged=[3, 7]
41.9 fp=[7] true=[3] merged=[3, 7]
42.2 fp=[7] true=[3] merged=[3, 7]
42.5 fp=[7] true=[3] merged=[3, 7]
42.8 fp=[7] true=[3] merged=[3, 7]
43.1 fp=[6] true=[3] merged=[3, 6]
43.4 fp=[6] true=[3] merged=[3, 6]
43.7 fp=[6] true=[3] merged=[3, 6]
44.0 fp=[6] true=[3] merged=[3, 6]
44.4 fp=[6] true=[3] merged=[3, 6]
44.7 fp=[6] true=[3] merged=[3, 6]
45.0 fp=[6] true=[3] merged=[3, 6]
45.3 fp=[6] true=[3] merged=[3, 6]
45.6 fp=[6] true=[3] merged=[3, 6]
45.9 fp=[6] true=[3] merged=[3, 6]
46.3 fp=[6] true=[3] merged=[3, 6]
46.6 fp=[6] true=[3] merged=[3, 6]
46.9 fp=[6] true=[3] merged=[3, 6]
47.2 fp=[6] true=[3] merged=[3, 6]
47.5 fp=[6] true=[3] merged=[3, 6]
47.8 fp=[6] true=[3] merged=[3, 6]
48.1 fp=[6] true=[3] merged=[3, 6]
48.4 fp=[6] true=[3] merged=[3, 6]
48.8 fp=[6] true=[3] merged=[3, 6]
49.1 fp=[6] true=[3] merged=[3, 6]
49.4 fp=[6] true=[3] merged=[3, 6]
49.7 fp=[6] true=[3] merged=[3, 6]
50.0 fp=[6] true=[3] merged=[3, 6]
50.3 fp=[6] true=[3] merged=[3, 6]
50.6 fp=[6] true=[3] merged=[3, 6]
50.9 fp=[6] true=[3] merged=[3, 6]
51.2 fp=[6] true=[3] merged=[3, 6]
51.6 fp=[6] true=[3] merged=[3, 6]
51.9 fp=[6] true=[3] merged=[3, 6]
52.2 fp=[6] true=[3] merged=[3, 6]
52.5 fp=[6] true=[3] merged=[3, 6]
52.8 fp=[6] true=[3] merged=[3, 6]
53.1 fp=[6] true=[3] merged=[3, 6]
53.4 fp=[6] true=[3] merged=[3, 6]
53.7 fp=[6] true=[3] merged=[3, 6]
54.0 fp=[6] true=[3] merged=[3, 6]
54.4 fp=[6] true=[3] merged=[3, 6]
54.7 fp=[6] true=[3] merged=[3, 6]
55.0 fp=[6] true=[3] merged=[3, 6]
55.3 fp=[6] true=[3] merged=[3, 6]
55.6 fp=[6] true=[3] merged=[3, 6]
55.9 fp=[6] true=[3] merged=[3, 6]
56.2 fp=[6] true=[3] merged=[3, 6]
56.6 fp=[6] true=[3] merged=[3, 6]
56.9 fp=[6] true=[3] merged=[3, 6]
57.2 fp=[6] true=[3] merged=[3, 6]
57.5 fp=[6] true=[3] merged=[3, 6]
57.8 fp=[6] true=[3] merged=[3, 6]
58.1 fp=[1] true=[3] merged=[1, 3]
58.5 fp=[1] true=[3] merged=[1, 3]
58.8 fp=[1] true=[3] merged=[1, 3]
59.1 fp=[1] true=[3] merged=[1, 3]
59.4 fp=[1] true=[3] merged=[1, 3]
59.7 fp=[1] true=[3] merged=[1, 3]
60.0 fp=[1] true=[3] merged=[1, 3]
60.3 fp=[1] true=[3] merged=[1, 3]
60.7 fp=[1] true=[3] merged=[1, 3]
61.0 fp=[1] true=[3] merged=[1, 3]
61.3 fp=[1] true=[3] merged=[1, 3]
61.6 fp=[1] true=[3] merged=[1, 3]
61.9 fp=[1] true=[3] merged=[1, 3]
62.2 fp=[1] true=[3] merged=[1, 3]
62.5 fp=[1] true=[3] merged=[1, 3]
62.8 fp=[1] true=[3] merged=[1, 3]
63.2 fp=[1] true=[3] merged=[1, 3]
63.5 fp=[1] true=[3] merged=[1, 3]
63.8 fp=[1] true=[3] merged=[1, 3]
64.1 fp=[1] true=[3] merged=[1, 3]
64.4 fp=[1] true=[3] merged=[1, 3]
64.7 fp=[1] true=[3] merged=[1, 3]
65.0 fp=[1] true=[3] merged=[1, 3]
65.3 fp=[1] true=[3] merged=[1, 3]
65.6 fp=[1] true=[3] merged=[1, 3]
66.0 fp=[1] true=[3] merged=[1, 3]
66.3 fp=[1] true=[3] merged=[1, 3]
66.6 fp=[1] true=[3] merged=[1, 3]
66.9 fp=[1] true=[3] merged=[1, 3]
67.3 fp=[1] true=[3] merged=[1, 3]
67.6 fp=[1] true=[3] merged=[1, 3]
67.9 fp=[1] true=[3] merged=[1, 3]
68.2 fp=[1] true=[3] merged=[1, 3]
68.5 fp=[1] true=[3] merged=[1, 3]
68.8 fp=[1] true=[3] merged=[1, 3]
69.1 fp=[1] true=[3] merged=[1, 3]
69.5 fp=[1] true=[3] merged=[1, 3]
69.8 fp=[1] true=[3] merged=[1, 3]
70.1 fp=[1] true=[3] merged=[1, 3]
70.4 fp=[1] true=[3] merged=[1, 3]
70.7 fp=[1] true=[3] merged=[1, 3]
71.0 fp=[1] true=[3] merged=[1, 3]
71.3 fp=[1] true=[3] merged=[1, 3]
71.6 fp=[1] true=[3] merged=[1, 3]
71.9 fp=[1] true=[3] merged=[1, 3]
72.3 fp=[1] true=[3] merged=[1, 3]
72.6 fp=[1] true=[3] merged=[1, 3]
72.9 fp=[1] true=[3] merged=[1, 3]
73.2 fp=[1] true=[3] merged=[1, 3]
73.5 fp=[1] true=[3] merged=[1, 3]
73.8 fp=[1] true=[3] merged=[1, 3]
74.1 fp=[1] true=[3] merged=[1, 3]
74.4 fp=[1] true=[3] merged=[1, 3]
74.7 fp=[1] true=[3] merged=[1, 3]
75.0 fp=[1] true=[3] merged=[1, 3]
75.3 fp=[1] true=[3] merged=[1, 3]
75.7 fp=[1] true=[3] merged=[1, 3]
76.0 fp=[1] true=[3] merged=[1, 3]
76.3 fp=[1] true=[3] merged=[1, 3]
76.6 fp=[1] true=[3] merged=[1, 3]
76.9 fp=[1] true=[3] merged=[1, 3]
77.2 fp=[1] true=[3] merged=[1, 3]
77.5 fp=[1] true=[3] merged=[1, 3]
77.9 fp=[1] true=[3] merged=[1, 3]
79.1 fp=[1] true=[3] merged=[1, 3]
79.4 fp=[1] true=[3] merged=[1, 3]
79.7 fp=[1] true=[3] merged=[1, 3]
80.0 fp=[1] true=[3] merged=[1, 3]
80.4 fp=[1] true=[3] merged=[1, 3]
80.7 fp=[1] true=[3] merged=[1, 3]
81.0 fp=[1] true=[3] merged=[1, 3]
81.3 fp=[1] true=[3] merged=[1, 3]
81.6 fp=[1] true=[3] merged=[1, 3]
81.9 fp=[1] true=[3] merged=[1, 3]
82.2 fp=[1] true=[3] merged=[1, 3]
82.5 fp=[1] true=[3] merged=[1, 3]
82.8 fp=[1] true=[3] merged=[1, 3]
83.2 fp=[1] true=[3] merged=[1, 3]
83.5 fp=[1] true=[3] merged=[1, 3]
83.8 fp=[1] true=[3] merged=[1, 3]
84.1 fp=[1] true=[3] merged=[1, 3]
84.4 fp=[1] true=[3] merged=[1, 3]
84.7 fp=[1] true=[3] merged=[1, 3]
85.0 fp=[1] true=[3] merged=[1, 3]
85.3 fp=[1] true=[3] merged=[1, 3]
85.6 fp=[1] true=[3] merged=[1, 3]
85.9 fp=[1] true=[3] merged=[1, 3]
86.3 fp=[1] true=[3] merged=[1, 3]
86.6 fp=[1] true=[3] merged=[1, 3]
86.9 fp=[1] true=[3] merged=[1, 3]
87.2 fp=[1] true=[3] merged=[1, 3]
87.5 fp=[1] true=[3] merged=[1, 3]
87.8 fp=[1] true=[3] merged=[1, 3]
88.1 fp=[1] true=[3] merged=[1, 3]
88.5 fp=[1] true=[3] merged=[1, 3]
88.8 fp=[1] true=[3] merged=[1, 3]
89.1 fp=[1] true=[3] merged=[1, 3]
89.4 fp=[1] true=[3] merged=[1, 3]
89.7 fp=[1] true=[3] merged=[1, 3]
90.0 fp=[1] true=[3] merged=[1, 3]
90.3 fp=[1] true=[3] merged=[1, 3]
90.6 fp=[1] true=[3] merged=[1, 3]
91.0 fp=[1] true=[3] merged=[1, 3]
91.3 fp=[1] true=[3] merged=[1, 3]
91.6 fp=[1] true=[3] merged=[1, 3]
91.9 fp=[1] true=[3] merged=[1, 3]
92.2 fp=[1] true=[3] merged=[1, 3]
92.5 fp=[1] true=[3] merged=[1, 3]
92.8 fp=[1] true=[3] merged=[1, 3]
93.2 fp=[1] true=[3] merged=[1, 3]
93.5 fp=[1] true=[3] merged=[1, 3]
93.8 fp=[1] true=[3] merged=[1, 3]
94.1 fp=[1] true=[3] merged=[1, 3]
94.4 fp=[1] true=[3] merged=[1, 3]
94.7 fp=[1] true=[3] merged=[1, 3]
95.0 fp=[1] true=[3] merged=[1, 3]
95.3 fp=[1] true=[3] merged=[1, 3]
95.7 fp=[1] true=[3] merged=[1, 3]
96.0 fp=[1] true=[3] merged=[1, 3]
96.3 fp=[1] true=[3] merged=[1, 3]
96.6 fp=[1] true=[3] merged=[1, 3]
96.9 fp=[1] true=[3] merged=[1, 3]
97.2 fp=[1] true=[3] merged=[1, 3]
97.5 fp=[1] true=[3] merged=[1, 3]
97.8 fp=[1] true=[3] merged=[1, 3]
98.1 fp=[1] true=[3] merged=[1, 3]
98.5 fp=[1] true=[3] merged=[1, 3]
98.8 fp=[1] true=[3] merged=[1, 3]
99.1 fp=[6] true=[3] merged=[3, 6]
99.4 fp=[6] true=[3] merged=[3, 6]
99.7 fp=[6] true=[3] merged=[3, 6]
100.0 fp=[6] true=[3] merged=[3, 6]
100.3 fp=[6] true=[3] merged=[3, 6]
100.6 fp=[6] true=[3] merged=[3, 6]
101.0 fp=[6] true=[3] merged=[3, 6]
101.3 fp=[6] true=[3] merged=[3, 6]
101.6 fp=[6] true=[3] merged=[3, 6]
101.9 fp=[6] true=[3] merged=[3, 6]
102.2 fp=[6] true=[3] merged=[3, 6]
102.5 fp=[6] true=[3] merged=[3, 6]
102.8 fp=[6] true=[3] merged=[3, 6]
103.1 fp=[7] true=[3] merged=[3, 7]
103.4 fp=[7] true=[3] merged=[3, 7]
103.8 fp=[7] true=[3] merged=[3, 7]
104.1 fp=[7] true=[3] merged=[3, 7]
104.4 fp=[7] true=[3] merged=[3, 7]
104.7 fp=[7] true=[3] merged=[3, 7]
105.0 fp=[7] true=[3] merged=[3, 7]
105.3 fp=[7] true=[3] merged=[3, 7]
105.6 fp=[7] true=[3] merged=[3, 7]
105.9 fp=[7] true=[3] merged=[3, 7]
106.2 fp=[7] true=[3] merged=[3, 7]
106.6 fp=[7] true=[3] merged=[3, 7]
106.9 fp=[7] true=[3] merged=[3, 7]
107.2 fp=[7] true=[3] merged=[3, 7]
107.5 fp=[7] true=[3] merged=[3, 7]
107.8 fp=[7] true=[3] merged=[3, 7]
108.2 fp=[7] true=[3] merged=[3, 7]
108.5 fp=[7] true=[3] merged=[3, 7]
108.8 fp=[7] true=[3] merged=[3, 7]
109.1 fp=[7] true=[3] merged=[3, 7]
109.4 fp=[7] true=[3] merged=[3, 7]
109.7 fp=[7] true=[3] merged=[3, 7]
110.0 fp=[7] true=[3] merged=[3, 7]
110.4 fp=[7] true=[3] merged=[3, 7]
110.7 fp=[7] true=[3] merged=[3, 7]
111.0 fp=[7] true=[3] merged=[3, 7]
111.3 fp=[7] true=[3] merged=[3, 7]
111.6 fp=[7] true=[3] merged=[3, 7]
111.9 fp=[7] true=[3] merged=[3, 7]
112.2 fp=[7] true=[3] merged=[3, 7]
112.5 fp=[7] true=[3] merged=[3, 7]
112.8 fp=[7] true=[3] merged=[3, 7]
113.2 fp=[7] true=[3] merged=[3, 7]
113.5 fp=[7] true=[3] merged=[3, 7]
113.8 fp=[7] true=[3] merged=[3, 7]
114.1 fp=[7] true=[3] merged=[3, 7]
114.4 fp=[7] true=[3] merged=[3, 7]
114.7 fp=[7] true=[3] merged=[3, 7]
115.0 fp=[7] true=[3] merged=[3, 7]
115.3 fp=[7] true=[3] merged=[3, 7]
115.6 fp=[7] true=[3] merged=[3, 7]
116.0 fp=[7] true=[3] merged=[3, 7]
116.3 fp=[7] true=[3] merged=[3, 7]
116.6 fp=[7] true=[3] merged=[3, 7]
116.9 fp=[7] true=[3] merged=[3, 7]
117.2 fp=[7] true=[3] merged=[3, 7]
117.5 fp=[7] true=[3] merged=[3, 7]
117.8 fp=[7] true=[3] merged=[3, 7]
118.1 fp=[7] true=[3] merged=[3, 7]
118.5 fp=[7] true=[3] merged=[3, 7]
118.8 fp=[7] true=[3] merged=[3, 7]
119.1 fp=[7] true=[3] merged=[3, 7]
119.4 fp=[7] true=[3] merged=[3, 7]
119.7 fp=[7] true=[3] merged=[3, 7]
120.1 fp=[7] true=[3] merged=[3, 7]
120.4 fp=[7] true=[3] merged=[3, 7]
120.7 fp=[7] true=[3] merged=[3, 7]
121.0 fp=[7] true=[3] merged=[3, 7]
121.3 fp=[7] true=[3] merged=[3, 7]
121.6 fp=[7] true=[3] merged=[3, 7]
121.9 fp=[7] true=[3] merged=[3, 7]
122.2 fp=[7] true=[3] merged=[3, 7]
122.6 fp=[7] true=[3] merged=[3, 7]
122.9 fp=[7] true=[3] merged=[3, 7]
123.2 fp=[7] true=[3] merged=[3, 7]
123.5 fp=[7] true=[3] merged=[3, 7]
123.8 fp=[7] true=[3] merged=[3, 7]
124.1 fp=[7] true=[3] merged=[3, 7]
124.4 fp=[7] true=[3] merged=[3, 7]
124.7 fp=[7] true=[3] merged=[3, 7]
125.1 fp=[7] true=[3] merged=[3, 7]
125.4 fp=[7] true=[3] merged=[3, 7]
125.7 fp=[7] true=[3] merged=[3, 7]
126.0 fp=[7] true=[3] merged=[3, 7]
126.3 fp=[7] true=[3] merged=[3, 7]
126.6 fp=[7] true=[3] merged=[3, 7]
126.9 fp=[7] true=[3] merged=[3, 7]
127.3 fp=[7] true=[3] merged=[3, 7]
127.6 fp=[7] true=[3] merged=[3, 7]
127.9 fp=[7] true=[3] merged=[3, 7]
128.2 fp=[7] true=[3] merged=[3, 7]
128.5 fp=[7] true=[3] merged=[3, 7]
128.8 fp=[7] true=[3] merged=[3, 7]
129.1 fp=[7] true=[3] merged=[3, 7]
129.4 fp=[7] true=[3] merged=[3, 7]
129.7 fp=[7] true=[3] merged=[3, 7]
130.0 fp=[7] true=[3] merged=[3, 7]
130.4 fp=[7] true=[3] merged=[3, 7]
130.7 fp=[7] true=[3] merged=[3, 7]
131.0 fp=[7] true=[3] merged=[3, 7]
131.3 fp=[7] true=[3] merged=[3, 7]
131.6 fp=[7] true=[3] merged=[3, 7]
131.9 fp=[7] true=[3] merged=[3, 7]
132.2 fp=[7] true=[3] merged=[3, 7]
132.5 fp=[7] true=[3] merged=[3, 7]
132.8 fp=[7] true=[3] merged=[3, 7]
133.2 fp=[7] true=[3] merged=[3, 7]
133.5 fp=[7] true=[3] merged=[3, 7]
133.8 fp=[7] true=[3] merged=[3, 7]
156.3 fp=[6] true=[3] merged=[3, 6]
156.6 fp=[6] true=[3] merged=[3, 6]
156.9 fp=[6] true=[3] merged=[3, 6]
157.3 fp=[6] true=[3] merged=[3, 6]
157.6 fp=[6] true=[3] merged=[3, 6]
157.9 fp=[6] true=[3] merged=[3, 6]
158.2 fp=[6] true=[3] merged=[3, 6]
158.5 fp=[6] true=[3] merged=[3, 6]
158.8 fp=[6] true=[3] merged=[3, 6]
159.1 fp=[6] true=[3] merged=[3, 6]
159.5 fp=[6] true=[3] merged=[3, 6]
159.8 fp=[6] true=[3] merged=[3, 6]
160.1 fp=[6] true=[3] merged=[3, 6]
160.4 fp=[6] true=[3] merged=[3, 6]
160.7 fp=[6] true=[3] merged=[3, 6]
161.0 fp=[6] true=[3] merged=[3, 6]
161.3 fp=[6] true=[3] merged=[3, 6]
161.6 fp=[6] true=[3] merged=[3, 6]
161.9 fp=[6] true=[3] merged=[3, 6]
162.3 fp=[6] true=[3] merged=[3, 6]
162.6 fp=[6] true=[3] merged=[3, 6]
162.9 fp=[6] true=[3] merged=[3, 6]
163.2 fp=[6] true=[3] merged=[3, 6]
163.5 fp=[6] true=[3] merged=[3, 6]
163.8 fp=[6] true=[3] merged=[3, 6]
164.1 fp=[6] true=[3] merged=[3, 6]
164.4 fp=[6] true=[3] merged=[3, 6]
164.8 fp=[6] true=[3] merged=[3, 6]
165.1 fp=[6] true=[3] merged=[3, 6]
165.4 fp=[6] true=[3] merged=[3, 6]
165.7 fp=[6] true=[3] merged=[3, 6]
166.0 fp=[6] true=[3] merged=[3, 6]
166.3 fp=[6] true=[3] merged=[3, 6]
166.7 fp=[6] true=[3] merged=[3, 6]
167.0 fp=[6] true=[3] merged=[3, 6]
167.3 fp=[6] true=[3] merged=[3, 6]
167.6 fp=[6] true=[3] merged=[3, 6]
167.9 fp=[6] true=[3] merged=[3, 6]
168.2 fp=[6] true=[3] merged=[3, 6]
168.5 fp=[6] true=[3] merged=[3, 6]
168.8 fp=[6] true=[3] merged=[3, 6]
169.2 fp=[6] true=[3] merged=[3, 6]
169.5 fp=[6] true=[3] merged=[3, 6]
169.8 fp=[6] true=[3] merged=[3, 6]
170.1 fp=[6] true=[3] merged=[3, 6]
170.4 fp=[6] true=[3] merged=[3, 6]
170.7 fp=[6] true=[3] merged=[3, 6]
171.0 fp=[6] true=[3] merged=[3, 6]
171.3 fp=[6] true=[3] merged=[3, 6]
171.7 fp=[6] true=[3] merged=[3, 6]
172.0 fp=[6] true=[3] merged=[3, 6]
172.3 fp=[6] true=[3] merged=[3, 6]
172.6 fp=[6] true=[3] merged=[3, 6]
172.9 fp=[6] true=[3] merged=[3, 6]
173.2 fp=[5] true=[3] merged=[3, 5]
173.5 fp=[5] true=[3] merged=[3, 5]
173.8 fp=[5] true=[3] merged=[3, 5]
174.1 fp=[5] true=[3] merged=[3, 5]
174.4 fp=[5] true=[3] merged=[3, 5]
174.8 fp=[5] true=[3] merged=[3, 5]
175.1 fp=[5] true=[3] merged=[3, 5]
175.4 fp=[5] true=[3] merged=[3, 5]
175.7 fp=[5] true=[3] merged=[3, 5]
176.0 fp=[5] true=[3] merged=[3, 5]
176.3 fp=[1] true=[3] merged=[1, 3]
176.6 fp=[1] true=[3] merged=[1, 3]
176.9 fp=[1] true=[3] merged=[1, 3]
177.3 fp=[1] true=[3] merged=[1, 3]
177.6 fp=[1] true=[3] merged=[1, 3]
177.9 fp=[1] true=[3] merged=[1, 3]
178.2 fp=[1] true=[3] merged=[1, 3]
178.5 fp=[1] true=[3] merged=[1, 3]
178.8 fp=[1] true=[3] merged=[1, 3]
179.1 fp=[1] true=[3] merged=[1, 3]
179.5 fp=[1] true=[3] merged=[1, 3]
179.8 fp=[1] true=[3] merged=[1, 3]
180.1 fp=[1] true=[3] merged=[1, 3]
180.4 fp=[1] true=[3] merged=[1, 3]
180.7 fp=[1] true=[3] merged=[1, 3]
181.0 fp=[1] true=[3] merged=[1, 3]
181.3 fp=[1] true=[3] merged=[1, 3]
181.6 fp=[1] true=[3] merged=[1, 3]
182.0 fp=[1] true=[3] merged=[1, 3]
182.3 fp=[1] true=[3] merged=[1, 3]
182.6 fp=[1] true=[3] merged=[1, 3]
182.9 fp=[1] true=[3] merged=[1, 3]
183.2 fp=[1] true=[3] merged=[1, 3]
183.5 fp=[1] true=[3] merged=[1, 3]
183.8 fp=[1] true=[3] merged=[1, 3]
184.1 fp=[1] true=[3] merged=[1, 3]
184.5 fp=[1] true=[3] merged=[1, 3]
184.8 fp=[1] true=[3] merged=[1, 3]
185.1 fp=[1] true=[3] merged=[1, 3]
185.4 fp=[1] true=[3] merged=[1, 3]
185.7 fp=[1] true=[3] merged=[1, 3]
186.0 fp=[1] true=[3] merged=[1, 3]
186.3 fp=[1] true=[3] merged=[1, 3]
186.6 fp=[1] true=[3] merged=[1, 3]
187.0 fp=[1] true=[3] merged=[1, 3]
187.3 fp=[1] true=[3] merged=[1, 3]
187.6 fp=[1] true=[3] merged=[1, 3]
187.9 fp=[1] true=[3] merged=[1, 3]
188.2 fp=[1] true=[3] merged=[1, 3]
188.5 fp=[1] true=[3] merged=[1, 3]
188.9 fp=[1] true=[3] merged=[1, 3]
189.2 fp=[1] true=[3] merged=[1, 3]
189.5 fp=[1] true=[3] merged=[1, 3]
189.8 fp=[1] true=[3] merged=[1, 3]
190.1 fp=[1] true=[3] merged=[1, 3]
190.4 fp=[1] true=[3] merged=[1, 3]
190.7 fp=[1] true=[3] merged=[1, 3]
191.1 fp=[1] true=[3] merged=[1, 3]
191.4 fp=[1] true=[3] merged=[1, 3]
191.7 fp=[1] true=[3] merged=[1, 3]
192.0 fp=[1] true=[3] merged=[1, 3]
192.3 fp=[1] true=[3] merged=[1, 3]
192.6 fp=[1] true=[3] merged=[1, 3]
193.0 fp=[1] true=[3] merged=[1, 3]
193.3 fp=[1] true=[3] merged=[1, 3]
193.6 fp=[1] true=[3] merged=[1, 3]
193.9 fp=[1] true=[3] merged=[1, 3]
194.2 fp=[1] true=[3] merged=[1, 3]
194.5 fp=[1] true=[3] merged=[1, 3]
194.8 fp=[1] true=[3] merged=[1, 3]
195.1 fp=[1] true=[3] merged=[1, 3]
195.5 fp=[1] true=[3] merged=[1, 3]
195.8 fp=[1] true=[3] merged=[1, 3]
196.1 fp=[4] true=[3] merged=[3, 4]
196.4 fp=[4] true=[3] merged=[3, 4]
196.7 fp=[4] true=[3] merged=[3, 4]
197.1 fp=[4] true=[3] merged=[3, 4]
197.4 fp=[4] true=[3] merged=[3, 4]
197.7 fp=[4] true=[3] merged=[3, 4]
198.0 fp=[4] true=[3] merged=[3, 4]
198.4 fp=[4] true=[3] merged=[3, 4]
198.7 fp=[4] true=[3] merged=[3, 4]
199.0 fp=[4] true=[3] merged=[3, 4]
199.3 fp=[4] true=[3] merged=[3, 4]
199.6 fp=[4] true=[3] merged=[3, 4]
199.9 fp=[4] true=[3] merged=[3, 4]
200.2 fp=[4] true=[3] merged=[3, 4]
200.6 fp=[4] true=[3] merged=[3, 4]
200.9 fp=[4] true=[3] merged=[3, 4]
201.2 fp=[4] true=[3] merged=[3, 4]
201.5 fp=[4] true=[3] merged=[3, 4]
201.8 fp=[4] true=[3] merged=[3, 4]
202.1 fp=[4] true=[3] merged=[3, 4]
202.4 fp=[4] true=[3] merged=[3, 4]
202.7 fp=[4] true=[3] merged=[3, 4]
203.1 fp=[4] true=[3] merged=[3, 4]
203.4 fp=[4] true=[3] merged=[3, 4]
203.7 fp=[4] true=[3] merged=[3, 4]
204.0 fp=[4] true=[3] merged=[3, 4]
204.3 fp=[4] true=[3] merged=[3, 4]
204.6 fp=[4] true=[3] merged=[3, 4]
205.0 fp=[4] true=[3] merged=[3, 4]
205.3 fp=[2] true=[3] merged=[2, 3]
205.6 fp=[2] true=[3] merged=[2, 3]
205.9 fp=[2] true=[3] merged=[2, 3]
206.2 fp=[2] true=[3] merged=[2, 3]
206.5 fp=[2] true=[3] merged=[2, 3]
206.8 fp=[2] true=[3] merged=[2, 3]
207.1 fp=[2] true=[3] merged=[2, 3]
207.5 fp=[2] true=[3] merged=[2, 3]
207.8 fp=[2] true=[3] merged=[2, 3]
208.1 fp=[2] true=[3] merged=[2, 3]
208.4 fp=[2] true=[3] merged=[2, 3]
208.7 fp=[2] true=[3] merged=[2, 3]
209.0 fp=[2] true=[3] merged=[2, 3]
209.4 fp=[2] true=[3] merged=[2, 3]
209.7 fp=[2] true=[3] merged=[2, 3]
210.0 fp=[2] true=[3] merged=[2, 3]
210.3 fp=[2] true=[3] merged=[2, 3]
210.6 fp=[2] true=[3] merged=[2, 3]
210.9 fp=[2] true=[3] merged=[2, 3]
211.2 fp=[2] true=[3] merged=[2, 3]
211.5 fp=[2] true=[3] merged=[2, 3]
211.9 fp=[2] true=[3] merged=[2, 3]
212.2 fp=[2] true=[3] merged=[2, 3]
212.5 fp=[2] true=[3] merged=[2, 3]
212.8 fp=[2] true=[3] merged=[2, 3]
213.1 fp=[2] true=[3] merged=[2, 3]
213.4 fp=[2] true=[3] merged=[2, 3]
213.7 fp=[2] true=[3] merged=[2, 3]
214.0 fp=[2] true=[3] merged=[2, 3]
214.3 fp=[2] true=[3] merged=[2, 3]
214.7 fp=[2] true=[3] merged=[2, 3]
215.0 fp=[2] true=[3] merged=[2, 3]
215.3 fp=[2] true=[3] merged=[2, 3]
215.6 fp=[2] true=[3] merged=[2, 3]
215.9 fp=[2] true=[3] merged=[2, 3]
216.2 fp=[2] true=[3] merged=[2, 3]
216.5 fp=[2] true=[3] merged=[2, 3]
216.8 fp=[2] true=[3] merged=[2, 3]
217.1 fp=[2] true=[3] merged=[2, 3]
217.5 fp=[2] true=[3] merged=[2, 3]
217.8 fp=[2] true=[3] merged=[2, 3]
218.1 fp=[2] true=[3] merged=[2, 3]
218.4 fp=[2] true=[3] merged=[2, 3]
218.7 fp=[2] true=[3] merged=[2, 3]
219.0 fp=[2] true=[3] merged=[2, 3]
219.3 fp=[2] true=[3] merged=[2, 3]
219.6 fp=[2] true=[3] merged=[2, 3]
219.9 fp=[2] true=[3] merged=[2, 3]
220.3 fp=[2] true=[3] merged=[2, 3]
220.6 fp=[2] true=[3] merged=[2, 3]
220.9 fp=[2] true=[3] merged=[2, 3]
221.2 fp=[2] true=[3] merged=[2, 3]
221.5 fp=[2] true=[3] merged=[2, 3]
221.8 fp=[2] true=[3] merged=[2, 3]
222.1 fp=[2] true=[3] merged=[2, 3]
222.4 fp=[2] true=[3] merged=[2, 3]
222.7 fp=[2] true=[3] merged=[2, 3]
223.0 fp=[2] true=[3] merged=[2, 3]
223.4 fp=[2] true=[3] merged=[2, 3]
223.7 fp=[2] true=[3] merged=[2, 3]
224.0 fp=[2] true=[3] merged=[2, 3]
224.3 fp=[2] true=[3] merged=[2, 3]
224.6 fp=[2] true=[3] merged=[2, 3]
224.9 fp=[2] true=[3] merged=[2, 3]
225.2 fp=[5] true=[3] merged=[3, 5]
225.5 fp=[5] true=[3] merged=[3, 5]
225.9 fp=[5] true=[3] merged=[3, 5]
238.1 fp=[6] true=[3] merged=[3, 6]
238.4 fp=[6] true=[3] merged=[3, 6]
238.7 fp=[6] true=[3] merged=[3, 6]
239.0 fp=[6] true=[3] merged=[3, 6]
239.4 fp=[6] true=[3] merged=[3, 6]
239.7 fp=[6] true=[3] merged=[3, 6]
240.0 fp=[6] true=[3] merged=[3, 6]
240.3 fp=[6] true=[3] merged=[3, 6]
240.6 fp=[6] true=[3] merged=[3, 6]
240.9 fp=[6] true=[3] merged=[3, 6]
241.3 fp=[6] true=[3] merged=[3, 6]
241.6 fp=[6] true=[3] merged=[3, 6]
241.9 fp=[6] true=[3] merged=[3, 6]
242.2 fp=[6] true=[3] merged=[3, 6]
242.5 fp=[6] true=[3] merged=[3, 6]
242.8 fp=[6] true=[3] merged=[3, 6]
243.1 fp=[6] true=[3] merged=[3, 6]
243.5 fp=[6] true=[3] merged=[3, 6]
243.8 fp=[6] true=[3] merged=[3, 6]
244.1 fp=[6] true=[3] merged=[3, 6]
244.4 fp=[6] true=[3] merged=[3, 6]
244.7 fp=[6] true=[3] merged=[3, 6]
245.0 fp=[6] true=[3] merged=[3, 6]
245.3 fp=[6] true=[3] merged=[3, 6]
245.6 fp=[6] true=[3] merged=[3, 6]
246.0 fp=[6] true=[3] merged=[3, 6]
246.3 fp=[6] true=[3] merged=[3, 6]
246.6 fp=[6] true=[3] merged=[3, 6]
246.9 fp=[6] true=[3] merged=[3, 6]
247.2 fp=[6] true=[3] merged=[3, 6]
247.5 fp=[6] true=[3] merged=[3, 6]
247.9 fp=[6] true=[3] merged=[3, 6]
248.2 fp=[6] true=[3] merged=[3, 6]
248.5 fp=[6] true=[3] merged=[3, 6]
248.8 fp=[6] true=[3] merged=[3, 6]
249.1 fp=[6] true=[3] merged=[3, 6]
249.4 fp=[6] true=[3] merged=[3, 6]
249.7 fp=[6] true=[3] merged=[3, 6]
250.0 fp=[6] true=[3] merged=[3, 6]
250.4 fp=[6] true=[3] merged=[3, 6]
250.7 fp=[6] true=[3] merged=[3, 6]
251.0 fp=[6] true=[3] merged=[3, 6]
251.3 fp=[6] true=[3] merged=[3, 6]
251.6 fp=[6] true=[3] merged=[3, 6]
251.9 fp=[6] true=[3] merged=[3, 6]
252.2 fp=[6] true=[3] merged=[3, 6]
252.5 fp=[6] true=[3] merged=[3, 6]
252.9 fp=[6] true=[3] merged=[3, 6]
253.2 fp=[6] true=[3] merged=[3, 6]
253.5 fp=[6] true=[3] merged=[3, 6]
253.8 fp=[6] true=[3] merged=[3, 6]
254.1 fp=[6] true=[3] merged=[3, 6]
254.4 fp=[6] true=[3] merged=[3, 6]
254.7 fp=[6] true=[3] merged=[3, 6]
255.0 fp=[6] true=[3] merged=[3, 6]
255.4 fp=[6] true=[3] merged=[3, 6]
255.7 fp=[6] true=[3] merged=[3, 6]
256.0 fp=[6] true=[3] merged=[3, 6]
256.3 fp=[6] true=[3] merged=[3, 6]
256.6 fp=[6] true=[3] merged=[3, 6]
256.9 fp=[6] true=[3] merged=[3, 6]
257.2 fp=[6] true=[3] merged=[3, 6]
257.6 fp=[6] true=[3] merged=[3, 6]
257.9 fp=[6] true=[3] merged=[3, 6]
284.2 fp=[1] true=[3] merged=[1, 3]
284.5 fp=[1] true=[3] merged=[1, 3]
284.8 fp=[1] true=[3] merged=[1, 3]
285.1 fp=[1] true=[3] merged=[1, 3]
285.4 fp=[1] true=[3] merged=[1, 3]
285.7 fp=[1] true=[3] merged=[1, 3]
286.1 fp=[1] true=[3] merged=[1, 3]
286.4 fp=[1] true=[3] merged=[1, 3]
286.7 fp=[1] true=[3] merged=[1, 3]
287.0 fp=[1] true=[3] merged=[1, 3]
287.3 fp=[1] true=[3] merged=[1, 3]
287.6 fp=[1] true=[3] merged=[1, 3]
287.9 fp=[1] true=[3] merged=[1, 3]
288.3 fp=[1] true=[3] merged=[1, 3]
288.6 fp=[1] true=[3] merged=[1, 3]
288.9 fp=[1] true=[3] merged=[1, 3]
289.2 fp=[1] true=[3] merged=[1, 3]
289.5 fp=[1] true=[3] merged=[1, 3]
289.8 fp=[1] true=[3] merged=[1, 3]
290.2 fp=[1] true=[3] merged=[1, 3]
290.5 fp=[1] true=[3] merged=[1, 3]
290.8 fp=[1] true=[3] merged=[1, 3]
291.1 fp=[1] true=[3] merged=[1, 3]
291.4 fp=[1] true=[3] merged=[1, 3]
291.7 fp=[1] true=[3] merged=[1, 3]
292.0 fp=[1] true=[3] merged=[1, 3]
292.4 fp=[1] true=[3] merged=[1, 3]
292.7 fp=[1] true=[3] merged=[1, 3]
293.0 fp=[1] true=[3] merged=[1, 3]
293.3 fp=[1] true=[3] merged=[1, 3]
293.6 fp=[1] true=[3] merged=[1, 3]
293.9 fp=[1] true=[3] merged=[1, 3]
294.2 fp=[1] true=[3] merged=[1, 3]
294.6 fp=[1] true=[3] merged=[1, 3]
294.9 fp=[1] true=[3] merged=[1, 3]
295.2 fp=[1] true=[3] merged=[1, 3]
295.5 fp=[1] true=[3] merged=[1, 3]
295.8 fp=[1] true=[3] merged=[1, 3]
296.1 fp=[1] true=[3] merged=[1, 3]
296.4 fp=[1] true=[3] merged=[1, 3]
296.8 fp=[1] true=[3] merged=[1, 3]
297.1 fp=[1] true=[3] merged=[1, 3]
297.4 fp=[1] true=[3] merged=[1, 3]
297.7 fp=[1] true=[3] merged=[1, 3]
298.0 fp=[1] true=[3] merged=[1, 3]
298.3 fp=[1] true=[3] merged=[1, 3]
298.7 fp=[1] true=[3] merged=[1, 3]
299.0 fp=[1] true=[3] merged=[1, 3]
299.3 fp=[1] true=[3] merged=[1, 3]
299.6 fp=[1] true=[3] merged=[1, 3]
299.9 fp=[1] true=[3] merged=[1, 3]
300.2 fp=[1] true=[3] merged=[1, 3]
300.5 fp=[1] true=[3] merged=[1, 3]
300.8 fp=[1] true=[3] merged=[1, 3]
301.1 fp=[1] true=[3] merged=[1, 3]
301.5 fp=[1] true=[3] merged=[1, 3]
301.8 fp=[1] true=[3] merged=[1, 3]
302.1 fp=[1] true=[3] merged=[1, 3]
302.4 fp=[1] true=[3] merged=[1, 3]
302.7 fp=[1] true=[3] merged=[1, 3]
303.0 fp=[1] true=[3] merged=[1, 3]
303.3 fp=[1] true=[3] merged=[1, 3]
303.6 fp=[1] true=[3] merged=[1, 3]
303.9 fp=[1] true=[3] merged=[1, 3]
304.2 fp=[1] true=[3] merged=[1, 3]
304.6 fp=[1] true=[3] merged=[1, 3]
304.9 fp=[1] true=[3] merged=[1, 3]
305.2 fp=[1] true=[3] merged=[1, 3]
305.5 fp=[1] true=[3] merged=[1, 3]
305.8 fp=[1] true=[3] merged=[1, 3]
306.1 fp=[1] true=[3] merged=[1, 3]
306.4 fp=[1] true=[3] merged=[1, 3]
306.8 fp=[1] true=[3] merged=[1, 3]
307.1 fp=[1] true=[3] merged=[1, 3]
307.4 fp=[1] true=[3] merged=[1, 3]
307.7 fp=[1] true=[3] merged=[1, 3]
308.0 fp=[1] true=[3] merged=[1, 3]
308.3 fp=[1] true=[3] merged=[1, 3]
308.6 fp=[1] true=[3] merged=[1, 3]
308.9 fp=[1] true=[3] merged=[1, 3]
309.3 fp=[1] true=[3] merged=[1, 3]
309.6 fp=[1] true=[3] merged=[1, 3]
309.9 fp=[1] true=[3] merged=[1, 3]
310.2 fp=[1] true=[3] merged=[1, 3]
310.5 fp=[1] true=[3] merged=[1, 3]
310.8 fp=[1] true=[3] merged=[1, 3]
311.1 fp=[1] true=[3] merged=[1, 3]
311.4 fp=[1] true=[3] merged=[1, 3]
311.8 fp=[1] true=[3] merged=[1, 3]
312.1 fp=[1] true=[3] merged=[1, 3]
312.4 fp=[1] true=[3] merged=[1, 3]
312.7 fp=[1] true=[3] merged=[1, 3]
313.0 fp=[1] true=[3] merged=[1, 3]
313.3 fp=[1] true=[3] merged=[1, 3]
313.6 fp=[1] true=[3] merged=[1, 3]
314.0 fp=[1] true=[3] merged=[1, 3]
314.3 fp=[1] true=[3] merged=[1, 3]
314.6 fp=[1] true=[3] merged=[1, 3]
314.9 fp=[1] true=[3] merged=[1, 3]
315.2 fp=[1] true=[3] merged=[1, 3]
315.5 fp=[1] true=[3] merged=[1, 3]
315.8 fp=[1] true=[3] merged=[1, 3]
316.1 fp=[1] true=[3] merged=[1, 3]
316.5 fp=[1] true=[3] merged=[1, 3]
316.8 fp=[1] true=[3] merged=[1, 3]
317.1 fp=[1] true=[3] merged=[1, 3]
317.4 fp=[1] true=[3] merged=[1, 3]
317.7 fp=[1] true=[3] merged=[1, 3]
318.0 fp=[1] true=[3] merged=[1, 3]
318.3 fp=[1] true=[3] merged=[1, 3]
318.6 fp=[1] true=[3] merged=[1, 3]
319.0 fp=[1] true=[3] merged=[1, 3]
319.3 fp=[1] true=[3] merged=[1, 3]
319.6 fp=[1] true=[3] merged=[1, 3]
319.9 fp=[1] true=[3] merged=[1, 3]
320.2 fp=[1] true=[3] merged=[1, 3]
320.5 fp=[1] true=[3] merged=[1, 3]
320.8 fp=[1] true=[3] merged=[1, 3]
321.2 fp=[1] true=[3] merged=[1, 3]
321.5 fp=[1] true=[3] merged=[1, 3]
321.8 fp=[1] true=[3] merged=[1, 3]
322.1 fp=[2] true=[3] merged=[2, 3]
322.4 fp=[2] true=[3] merged=[2, 3]
322.7 fp=[2] true=[3] merged=[2, 3]
323.0 fp=[2] true=[3] merged=[2, 3]
323.3 fp=[2] true=[3] merged=[2, 3]
323.6 fp=[2] true=[3] merged=[2, 3]
324.0 fp=[2] true=[3] merged=[2, 3]
324.3 fp=[2] true=[3] merged=[2, 3]
324.6 fp=[2] true=[3] merged=[2, 3]
324.9 fp=[2] true=[3] merged=[2, 3]
325.2 fp=[2] true=[3] merged=[2, 3]
325.5 fp=[2] true=[3] merged=[2, 3]
325.8 fp=[2] true=[3] merged=[2, 3]
326.1 fp=[2] true=[3] merged=[2, 3]
326.4 fp=[2] true=[3] merged=[2, 3]
326.7 fp=[2] true=[3] merged=[2, 3]
327.1 fp=[2] true=[3] merged=[2, 3]
327.4 fp=[2] true=[3] merged=[2, 3]
327.7 fp=[2] true=[3] merged=[2, 3]
328.0 fp=[2] true=[3] merged=[2, 3]
328.3 fp=[2] true=[3] merged=[2, 3]
328.6 fp=[2] true=[3] merged=[2, 3]
328.9 fp=[2] true=[3] merged=[2, 3]
329.2 fp=[2] true=[3] merged=[2, 3]
329.5 fp=[2] true=[3] merged=[2, 3]
329.9 fp=[2] true=[3] merged=[2, 3]
330.2 fp=[2] true=[3] merged=[2, 3]
330.5 fp=[2] true=[3] merged=[2, 3]
330.8 fp=[2] true=[3] merged=[2, 3]
331.1 fp=[2] true=[3] merged=[2, 3]
331.4 fp=[2] true=[3] merged=[2, 3]
331.7 fp=[2] true=[3] merged=[2, 3]
332.0 fp=[2] true=[3] merged=[2, 3]
332.3 fp=[2] true=[3] merged=[2, 3]
332.6 fp=[2] true=[3] merged=[2, 3]
333.0 fp=[2] true=[3] merged=[2, 3]
333.3 fp=[2] true=[3] merged=[2, 3]
333.6 fp=[2] true=[3] merged=[2, 3]
333.9 fp=[2] true=[3] merged=[2, 3]
334.2 fp=[2] true=[3] merged=[2, 3]
334.5 fp=[2] true=[3] merged=[2, 3]
334.8 fp=[2] true=[3] merged=[2, 3]
335.1 fp=[2] true=[3] merged=[2, 3]
335.5 fp=[2] true=[3] merged=[2, 3]
335.8 fp=[2] true=[3] merged=[2, 3]
336.1 fp=[2] true=[3] merged=[2, 3]
336.4 fp=[2] true=[3] merged=[2, 3]
336.7 fp=[2] true=[3] merged=[2, 3]
337.0 fp=[2] true=[3] merged=[2, 3]
337.3 fp=[2] true=[3] merged=[2, 3]
337.6 fp=[2] true=[3] merged=[2, 3]
338.0 fp=[2] true=[3] merged=[2, 3]
338.3 fp=[2] true=[3] merged=[2, 3]
338.6 fp=[2] true=[3] merged=[2, 3]
338.9 fp=[2] true=[3] merged=[2, 3]
339.2 fp=[2] true=[3] merged=[2, 3]
339.5 fp=[2] true=[3] merged=[2, 3]
339.8 fp=[2] true=[3] merged=[2, 3]
340.2 fp=[2] true=[3] merged=[2, 3]
340.5 fp=[2] true=[3] merged=[2, 3]
340.8 fp=[2] true=[3] merged=[2, 3]
341.1 fp=[2] true=[3] merged=[2, 3]
341.4 fp=[2] true=[3] merged=[2, 3]
341.7 fp=[2] true=[3] merged=[2, 3]
342.0 fp=[2] true=[3] merged=[2, 3]
342.4 fp=[2] true=[3] merged=[2, 3]
342.7 fp=[2] true=[3] merged=[2, 3]
343.0 fp=[2] true=[3] merged=[2, 3]
343.3 fp=[2] true=[3] merged=[2, 3]
343.6 fp=[2] true=[3] merged=[2, 3]
343.9 fp=[2] true=[3] merged=[2, 3]
344.2 fp=[2] true=[3] merged=[2, 3]
344.5 fp=[2] true=[3] merged=[2, 3]
344.8 fp=[2] true=[3] merged=[2, 3]
345.1 fp=[2] true=[3] merged=[2, 3]
345.5 fp=[2] true=[3] merged=[2, 3]
345.8 fp=[2] true=[3] merged=[2, 3]
346.2 fp=[2] true=[3] merged=[2, 3]
346.5 fp=[2] true=[3] merged=[2, 3]
346.8 fp=[2] true=[3] merged=[2, 3]
347.2 fp=[2] true=[3] merged=[2, 3]
347.5 fp=[2] true=[3] merged=[2, 3]
347.8 fp=[2] true=[3] merged=[2, 3]
355.3 fp=[5] true=[3] merged=[3, 5]
355.6 fp=[5] true=[3] merged=[3, 5]
355.9 fp=[5] true=[3] merged=[3, 5]
356.2 fp=[5] true=[3] merged=[3, 5]
356.5 fp=[5] true=[3] merged=[3, 5]
356.8 fp=[5] true=[3] merged=[3, 5]
357.2 fp=[5] true=[3] merged=[3, 5]
357.5 fp=[5] true=[3] merged=[3, 5]
357.8 fp=[5] true=[3] merged=[3, 5]
358.1 fp=[5] true=[3] merged=[3, 5]
358.4 fp=[5] true=[3] merged=[3, 5]
358.7 fp=[5] true=[3] merged=[3, 5]
359.0 fp=[5] true=[3] merged=[3, 5]
359.3 fp=[5] true=[3] merged=[3, 5]
359.7 fp=[5] true=[3] merged=[3, 5]
360.0 fp=[5] true=[3] merged=[3, 5]
360.3 fp=[5] true=[3] merged=[3, 5]
360.6 fp=[5] true=[3] merged=[3, 5]
360.9 fp=[5] true=[3] merged=[3, 5]
361.2 fp=[5] true=[3] merged=[3, 5]
361.5 fp=[5] true=[3] merged=[3, 5]
361.8 fp=[5] true=[3] merged=[3, 5]
362.2 fp=[5] true=[3] merged=[3, 5]
362.5 fp=[5] true=[3] merged=[3, 5]
362.8 fp=[5] true=[3] merged=[3, 5]
363.1 fp=[5] true=[3] merged=[3, 5]
363.4 fp=[5] true=[3] merged=[3, 5]
363.7 fp=[5] true=[3] merged=[3, 5]
364.0 fp=[5] true=[3] merged=[3, 5]
364.3 fp=[5] true=[3] merged=[3, 5]
364.7 fp=[5] true=[3] merged=[3, 5]
365.0 fp=[5] true=[3] merged=[3, 5]
365.3 fp=[5] true=[3] merged=[3, 5]
365.6 fp=[5] true=[3] merged=[3, 5]
365.9 fp=[5] true=[3] merged=[3, 5]
366.2 fp=[5] true=[3] merged=[3, 5]
366.5 fp=[5] true=[3] merged=[3, 5]
366.9 fp=[5] true=[3] merged=[3, 5]
367.2 fp=[5] true=[3] merged=[3, 5]
367.5 fp=[5] true=[3] merged=[3, 5]
367.9 fp=[5] true=[3] merged=[3, 5]
368.2 fp=[5] true=[3] merged=[3, 5]
368.5 fp=[5] true=[3] merged=[3, 5]
368.8 fp=[5] true=[3] merged=[3, 5]
369.1 fp=[5] true=[3] merged=[3, 5]
369.4 fp=[5] true=[3] merged=[3, 5]
369.8 fp=[5] true=[3] merged=[3, 5]
370.1 fp=[5] true=[3] merged=[3, 5]
370.4 fp=[5] true=[3] merged=[3, 5]
370.7 fp=[5] true=[3] merged=[3, 5]
371.0 fp=[5] true=[3] merged=[3, 5]
371.3 fp=[5] true=[3] merged=[3, 5]
371.6 fp=[5] true=[3] merged=[3, 5]
372.0 fp=[5] true=[3] merged=[3, 5]
372.3 fp=[5] true=[3] merged=[3, 5]
372.6 fp=[5] true=[3] merged=[3, 5]
372.9 fp=[5] true=[3] merged=[3, 5]
373.2 fp=[5] true=[3] merged=[3, 5]
373.5 fp=[5] true=[3] merged=[3, 5]
373.8 fp=[5] true=[3] merged=[3, 5]
374.2 fp=[5] true=[3] merged=[3, 5]
374.5 fp=[5] true=[3] merged=[3, 5]
374.8 fp=[5] true=[3] merged=[3, 5]
