X1 closed loop: N=11 f=5 cap=3 m=2 targets=[3,9] chance=20.0%
seeds=4 elec=10 delay=200ms
budget: ~21s/election, attack window 72m
  daemon gate OK: bt.json 0s old, r=0 cap=4 consistent with f=5
===== N=11 bring-up =====
generated crypto-config-orderer-11node.yaml, configtx-11node.yaml, 11node-raft.yaml for N=11 (orderers orderer.example.com, orderer2.example.com, orderer3.example.com, orderer4.example.com, orderer5.example.com, orderer6.example.com, orderer7.example.com, orderer8.example.com, orderer9.example.com, orderer10.example.com, orderer11.example.com)
org1.example.com
org2.example.com
orderers: 11
[34m2026-09-03 17:24:29.151 KST 0007 INFO[0m [common.tools.configtxgen] [34;1mdoOutputBlock[0m -> Writing genesis block
 Container orderer2.example.com  Started
 Container orderer5.example.com  Started
containers up: 11 orderers
===== channel join (11 orderers + 2 peers) =====
  orderer1: Status: 201
  orderer2: Status: 201
  orderer3: Status: 201
  orderer4: Status: 201
  orderer5: Status: 201
  orderer6: Status: 201
  orderer7: Status: 201
  orderer8: Status: 201
  orderer9: Status: 201
  orderer10: Status: 201
  orderer11: Status: 201
  orderers on channel: 11/11
===== deploy BORA v4 binary + sidecar to 11 orderers =====
  sidecars: 11/11
ATTACK_ONSET=1788424024.226160071 targets=[3,9]
  A_vanilla s1: target 0/10  live 10/10  (W0=1 Wp=0 W1=9 W1wins=0)
  B_oracle s1: target 0/10  live 10/10  (W0=0 Wp=0 W1=10 W1wins=0)
  C_predictor s1: target 0/10  live 10/10  (W0=0 Wp=0 W1=10 W1wins=0)
  A_vanilla s2: target 1/10  live 10/10  (W0=0 Wp=0 W1=10 W1wins=1)
  B_oracle s2: target 0/10  live 10/10  (W0=1 Wp=0 W1=9 W1wins=0)
  C_predictor s2: target 0/10  live 10/10  (W0=0 Wp=0 W1=10 W1wins=0)
  A_vanilla s3: target 3/10  live 10/10  (W0=0 Wp=0 W1=10 W1wins=3)
  B_oracle s3: target 0/10  live 10/10  (W0=0 Wp=0 W1=10 W1wins=0)
  C_predictor s3: target 0/10  live 10/10  (W0=0 Wp=0 W1=10 W1wins=0)
  A_vanilla s4: target 1/10  live 10/10  (W0=0 Wp=0 W1=10 W1wins=1)
  B_oracle s4: target 0/10  live 10/10  (W0=0 Wp=0 W1=10 W1wins=0)
  C_predictor s4: target 0/10  live 10/10  (W0=0 Wp=0 W1=10 W1wins=0)
T_det=1788424031.497642413
X1_N11_DONE  m=2 targets=[3,9] chance=20.0%
arm,N,m,chance_pct,seed,target_wins,elec,live,w0,wp,w1,w1_wins
A_vanilla,11,2,20.0,1,0,10,10,1,0,9,0
B_oracle,11,2,20.0,1,0,10,10,0,0,10,0
C_predictor,11,2,20.0,1,0,10,10,0,0,10,0
A_vanilla,11,2,20.0,2,1,10,10,0,0,10,1
B_oracle,11,2,20.0,2,0,10,10,1,0,9,0
C_predictor,11,2,20.0,2,0,10,10,0,0,10,0
A_vanilla,11,2,20.0,3,3,10,10,0,0,10,3
B_oracle,11,2,20.0,3,0,10,10,0,0,10,0
C_predictor,11,2,20.0,3,0,10,10,0,0,10,0
A_vanilla,11,2,20.0,4,1,10,10,0,0,10,1
B_oracle,11,2,20.0,4,0,10,10,0,0,10,0
C_predictor,11,2,20.0,4,0,10,10,0,0,10,0
