X1 closed loop: N=7 f=3 cap=1 m=1 targets=[3] chance=16.7%
seeds=4 elec=10 delay=200ms
budget: ~18s/election, attack window 62m
  daemon gate OK: bt.json 0s old, r=0 cap=2 consistent with f=3
===== N=7 bring-up =====
generated crypto-config-orderer-7node.yaml, configtx-7node.yaml, 7node-raft.yaml for N=7 (orderers orderer.example.com, orderer2.example.com, orderer3.example.com, orderer4.example.com, orderer5.example.com, orderer6.example.com, orderer7.example.com)
org1.example.com
org2.example.com
orderers: 7
[34m2026-09-03 16:22:34.002 KST 0007 INFO[0m [common.tools.configtxgen] [34;1mdoOutputBlock[0m -> Writing genesis block
 Container orderer2.example.com  Started
 Container orderer.example.com  Started
containers up: 7 orderers
===== channel join (7 orderers + 2 peers) =====
  orderer1: Status: 201
  orderer2: Status: 201
  orderer3: Status: 201
  orderer4: Status: 201
  orderer5: Status: 201
  orderer6: Status: 201
  orderer7: Status: 201
  orderers on channel: 7/7
===== deploy BORA v4 binary + sidecar to 7 orderers =====
  sidecars: 7/7
ATTACK_ONSET=1788420263.587081627 targets=[3]
  A_vanilla s1: target 1/10  live 10/10  (W0=1 Wp=0 W1=9 W1wins=1)
  B_oracle s1: target 0/10  live 10/10  (W0=0 Wp=0 W1=10 W1wins=0)
  C_predictor s1: target 0/10  live 10/10  (W0=0 Wp=0 W1=10 W1wins=0)
  A_vanilla s2: target 3/10  live 10/10  (W0=0 Wp=0 W1=10 W1wins=3)
  B_oracle s2: target 0/10  live 10/10  (W0=0 Wp=0 W1=10 W1wins=0)
  C_predictor s2: target 0/10  live 10/10  (W0=0 Wp=0 W1=10 W1wins=0)
  A_vanilla s3: target 1/10  live 10/10  (W0=0 Wp=0 W1=10 W1wins=1)
  B_oracle s3: target 0/10  live 10/10  (W0=0 Wp=0 W1=10 W1wins=0)
  C_predictor s3: target 0/10  live 10/10  (W0=0 Wp=0 W1=10 W1wins=0)
  A_vanilla s4: target 1/10  live 10/10  (W0=0 Wp=0 W1=10 W1wins=1)
  B_oracle s4: target 0/10  live 10/10  (W0=0 Wp=0 W1=10 W1wins=0)
  C_predictor s4: target 0/10  live 10/10  (W0=0 Wp=0 W1=10 W1wins=0)
T_det=1788420269.135299365
X1_N7_DONE  m=1 targets=[3] chance=16.7%
arm,N,m,chance_pct,seed,target_wins,elec,live,w0,wp,w1,w1_wins
A_vanilla,7,1,16.7,1,1,10,10,1,0,9,1
B_oracle,7,1,16.7,1,0,10,10,0,0,10,0
C_predictor,7,1,16.7,1,0,10,10,0,0,10,0
A_vanilla,7,1,16.7,2,3,10,10,0,0,10,3
B_oracle,7,1,16.7,2,0,10,10,0,0,10,0
C_predictor,7,1,16.7,2,0,10,10,0,0,10,0
A_vanilla,7,1,16.7,3,1,10,10,0,0,10,1
B_oracle,7,1,16.7,3,0,10,10,0,0,10,0
C_predictor,7,1,16.7,3,0,10,10,0,0,10,0
A_vanilla,7,1,16.7,4,1,10,10,0,0,10,1
B_oracle,7,1,16.7,4,0,10,10,0,0,10,0
C_predictor,7,1,16.7,4,0,10,10,0,0,10,0
