X1 closed loop: N=9 f=4 cap=2 m=1 targets=[3] chance=12.5%
seeds=4 elec=10 delay=200ms
budget: ~20s/election, attack window 69m
  daemon gate OK: bt.json 0s old, r=0 cap=3 consistent with f=4
===== N=9 bring-up =====
generated crypto-config-orderer-9node.yaml, configtx-9node.yaml, 9node-raft.yaml for N=9 (orderers orderer.example.com, orderer2.example.com, orderer3.example.com, orderer4.example.com, orderer5.example.com, orderer6.example.com, orderer7.example.com, orderer8.example.com, orderer9.example.com)
org1.example.com
org2.example.com
orderers: 9
[34m2026-09-03 16:53:00.683 KST 0007 INFO[0m [common.tools.configtxgen] [34;1mdoOutputBlock[0m -> Writing genesis block
 Container orderer3.example.com  Started
 Container orderer6.example.com  Started
containers up: 9 orderers
===== channel join (9 orderers + 2 peers) =====
  orderer1: Status: 201
  orderer2: Status: 201
  orderer3: Status: 201
  orderer4: Status: 201
  orderer5: Status: 201
  orderer6: Status: 201
  orderer7: Status: 201
  orderer8: Status: 201
  orderer9: Status: 201
  orderers on channel: 9/9
===== deploy BORA v4 binary + sidecar to 9 orderers =====
  sidecars: 9/9
ATTACK_ONSET=1788422112.557423293 targets=[3]
  A_vanilla s1: target 0/10  live 10/10  (W0=1 Wp=0 W1=9 W1wins=0)
  B_oracle s1: target 0/10  live 10/10  (W0=0 Wp=0 W1=10 W1wins=0)
  C_predictor s1: target 0/10  live 10/10  (W0=0 Wp=0 W1=10 W1wins=0)
  A_vanilla s2: target 1/10  live 10/10  (W0=0 Wp=0 W1=10 W1wins=1)
  B_oracle s2: target 0/10  live 10/10  (W0=0 Wp=0 W1=10 W1wins=0)
  C_predictor s2: target 0/10  live 10/10  (W0=0 Wp=0 W1=10 W1wins=0)
  A_vanilla s3: target 1/10  live 10/10  (W0=1 Wp=0 W1=9 W1wins=1)
  B_oracle s3: target 0/10  live 10/10  (W0=0 Wp=0 W1=10 W1wins=0)
  C_predictor s3: target 0/10  live 10/10  (W0=0 Wp=0 W1=10 W1wins=0)
  A_vanilla s4: target 1/10  live 10/10  (W0=0 Wp=0 W1=10 W1wins=1)
  B_oracle s4: target 0/10  live 10/10  (W0=0 Wp=0 W1=10 W1wins=0)
  C_predictor s4: target 0/10  live 10/10  (W0=0 Wp=0 W1=10 W1wins=0)
T_det=1788422117.713470051
X1_N9_DONE  m=1 targets=[3] chance=12.5%
arm,N,m,chance_pct,seed,target_wins,elec,live,w0,wp,w1,w1_wins
A_vanilla,9,1,12.5,1,0,10,10,1,0,9,0
B_oracle,9,1,12.5,1,0,10,10,0,0,10,0
C_predictor,9,1,12.5,1,0,10,10,0,0,10,0
A_vanilla,9,1,12.5,2,1,10,10,0,0,10,1
B_oracle,9,1,12.5,2,0,10,10,0,0,10,0
C_predictor,9,1,12.5,2,0,10,10,0,0,10,0
A_vanilla,9,1,12.5,3,1,10,10,1,0,9,1
B_oracle,9,1,12.5,3,0,10,10,0,0,10,0
C_predictor,9,1,12.5,3,0,10,10,0,0,10,0
A_vanilla,9,1,12.5,4,1,10,10,0,0,10,1
B_oracle,9,1,12.5,4,0,10,10,0,0,10,0
C_predictor,9,1,12.5,4,0,10,10,0,0,10,0
