1780470455.0762 [node-3] [follower] term=1 :: handle_request error: 'from'
1780470455.0917 [node-3] [follower] term=2 :: handle_request error: 'from'
1780470455.1212 [node-3] [follower] term=3 :: handle_request error: 'from'
1780470455.1650 [node-3] [candidate] term=4 :: starting election (term 4)
1780470455.1957 [node-3] [follower] term=4 :: LOST election with 1/5 votes
1780470455.2157 [node-3] [follower] term=5 :: handle_request error: 'from'
1780470455.2582 [node-3] [follower] term=6 :: handle_request error: 'from'
1780470455.3184 [node-3] [follower] term=7 :: handle_request error: 'from'
1780470455.3970 [node-3] [follower] term=8 :: handle_request error: 'from'
1780470455.4105 [node-3] [candidate] term=9 :: starting election (term 9)
1780470455.4130 [node-3] [follower] term=9 :: LOST election with 1/5 votes
1780470455.4590 [node-3] [follower] term=10 :: handle_request error: 'from'
1780470455.5525 [node-3] [follower] term=11 :: handle_request error: 'from'
1780470455.5667 [node-3] [follower] term=12 :: handle_request error: 'from'
1780470455.5981 [node-3] [follower] term=13 :: handle_request error: 'from'
1780470455.6590 [node-3] [candidate] term=14 :: starting election (term 14)
1780470455.6750 [node-3] [follower] term=14 :: LOST election with 1/5 votes
1780470455.6760 [node-3] [follower] term=14 :: handle_request error: 'from'
1780470455.7687 [node-3] [follower] term=15 :: handle_request error: 'from'
1780470455.7826 [node-3] [follower] term=15 :: handle_request error: 'from'
1780470455.8762 [node-3] [follower] term=16 :: handle_request error: 'from'
1780470455.8902 [node-3] [candidate] term=17 :: starting election (term 17)
1780470455.8922 [node-3] [follower] term=17 :: LOST election with 1/5 votes
1780470455.9217 [node-3] [follower] term=18 :: handle_request error: 'from'
1780470455.9377 [node-3] [follower] term=19 :: handle_request error: 'from'
1780470456.0441 [node-3] [candidate] term=20 :: starting election (term 20)
1780470456.0601 [node-3] [follower] term=20 :: LOST election with 1/5 votes
1780470456.0765 [node-3] [follower] term=21 :: handle_request error: 'from'
1780470456.1074 [node-3] [follower] term=22 :: handle_request error: 'from'
1780470456.1544 [node-3] [follower] term=23 :: handle_request error: 'from'
1780470456.1548 [node-3] [follower] term=23 :: handle_request error: 'from'
1780470456.3221 [node-3] [follower] term=24 :: handle_request error: 'from'
1780470456.3236 [node-3] [follower] term=25 :: handle_request error: 'from'
1780470456.3371 [node-3] [candidate] term=26 :: starting election (term 26)
1780470456.3391 [node-3] [follower] term=26 :: LOST election with 1/5 votes
1780470456.4005 [node-3] [follower] term=27 :: handle_request error: 'from'
1780470456.4625 [node-3] [follower] term=28 :: handle_request error: 'from'
1780470456.5231 [node-3] [candidate] term=29 :: starting election (term 29)
1780470456.5236 [node-3] [candidate] term=29 :: handle_request error: 'from'
1780470456.5251 [node-3] [follower] term=29 :: LOST election with 1/5 votes
1780470456.5850 [node-3] [follower] term=30 :: handle_request error: 'from'
1780470456.6014 [node-3] [follower] term=31 :: handle_request error: 'from'
1780470456.6795 [node-3] [follower] term=32 :: handle_request error: 'from'
1780470456.7416 [node-3] [follower] term=33 :: handle_request error: 'from'
1780470456.8011 [node-3] [candidate] term=34 :: starting election (term 34)
1780470456.8171 [node-3] [follower] term=34 :: LOST election with 1/5 votes
1780470456.8471 [node-3] [follower] term=35 :: handle_request error: 'from'
1780470456.8782 [node-3] [follower] term=36 :: handle_request error: 'from'
1780470456.9263 [node-3] [follower] term=37 :: handle_request error: 'from'
1780470456.9714 [node-3] [candidate] term=38 :: starting election (term 38)
1780470456.9734 [node-3] [follower] term=38 :: LOST election with 1/5 votes
1780470457.0044 [node-3] [follower] term=39 :: handle_request error: 'from'
1780470457.0675 [node-3] [follower] term=40 :: handle_request error: 'from'
1780470457.0805 [node-3] [follower] term=40 :: handle_request error: 'from'
1780470457.1896 [node-3] [candidate] term=41 :: starting election (term 41)
1780470457.2056 [node-3] [follower] term=41 :: LOST election with 1/5 votes
1780470457.2071 [node-3] [follower] term=42 :: handle_request error: 'from'
1780470457.2370 [node-3] [follower] term=43 :: handle_request error: 'from'
1780470457.2525 [node-3] [follower] term=44 :: handle_request error: 'from'
1780470457.2841 [node-3] [follower] term=45 :: handle_request error: 'from'
1780470457.3926 [node-3] [follower] term=46 :: handle_request error: 'from'
1780470457.4526 [node-3] [candidate] term=47 :: starting election (term 47)
1780470457.4552 [node-3] [follower] term=47 :: LOST election with 1/5 votes
1780470457.4855 [node-3] [follower] term=48 :: handle_request error: 'from'
1780470457.5003 [node-3] [follower] term=49 :: handle_request error: 'from'
1780470457.5456 [node-3] [follower] term=50 :: handle_request error: 'from'
1780470457.6243 [node-3] [follower] term=51 :: handle_request error: 'from'
1780470457.7002 [node-3] [candidate] term=52 :: starting election (term 52)
1780470457.7165 [node-3] [follower] term=52 :: LOST election with 1/5 votes
1780470457.7339 [node-3] [follower] term=53 :: handle_request error: 'from'
1780470457.7468 [node-3] [follower] term=53 :: handle_request error: 'from'
1780470457.7791 [node-3] [follower] term=54 :: handle_request error: 'from'
1780470457.8703 [node-3] [candidate] term=55 :: starting election (term 55)
1780470457.8733 [node-3] [candidate] term=55 :: handle_request error: 'from'
1780470457.8866 [node-3] [follower] term=55 :: LOST election with 1/5 votes
1780470457.9647 [node-3] [follower] term=56 :: handle_request error: 'from'
1780470457.9950 [node-3] [follower] term=57 :: handle_request error: 'from'
1780470458.0712 [node-3] [follower] term=58 :: handle_request error: 'from'
1780470458.1326 [node-3] [candidate] term=59 :: starting election (term 59)
1780470458.1331 [node-3] [candidate] term=59 :: handle_request error: 'from'
1780470458.1491 [node-3] [follower] term=59 :: LOST election with 1/5 votes
1780470458.2427 [node-3] [follower] term=60 :: handle_request error: 'from'
1780470458.2579 [node-3] [follower] term=61 :: handle_request error: 'from'
1780470458.2883 [node-3] [follower] term=62 :: handle_request error: 'from'
1780470458.4147 [node-3] [follower] term=63 :: handle_request error: 'from'
1780470458.4566 [node-3] [candidate] term=64 :: starting election (term 64)
1780470458.4592 [node-3] [follower] term=64 :: LOST election with 1/5 votes
1780470458.5052 [node-3] [follower] term=65 :: handle_request error: 'from'
1780470458.5208 [node-3] [follower] term=65 :: handle_request error: 'from'
1780470458.5808 [node-3] [follower] term=66 :: handle_request error: 'from'
1780470458.7229 [node-3] [follower] term=67 :: handle_request error: 'from'
1780470458.7375 [node-3] [follower] term=68 :: handle_request error: 'from'
1780470458.7670 [node-3] [candidate] term=69 :: starting election (term 69)
1780470458.7835 [node-3] [follower] term=69 :: LOST election with 1/5 votes
1780470458.7840 [node-3] [follower] term=69 :: handle_request error: 'from'
1780470458.8623 [node-3] [follower] term=70 :: handle_request error: 'from'
1780470458.9375 [node-3] [candidate] term=71 :: starting election (term 71)
1780470458.9390 [node-3] [candidate] term=71 :: handle_request error: 'from'
1780470458.9400 [node-3] [follower] term=71 :: LOST election with 1/5 votes
1780470458.9701 [node-3] [follower] term=72 :: handle_request error: 'from'
1780470459.0326 [node-3] [follower] term=73 :: handle_request error: 'from'
1780470459.1262 [node-3] [follower] term=74 :: handle_request error: 'from'
1780470459.1262 [node-3] [follower] term=74 :: handle_request error: 'from'
1780470459.1404 [node-3] [follower] term=75 :: handle_request error: 'from'
1780470459.2469 [node-3] [candidate] term=76 :: starting election (term 76)
1780470459.2499 [node-3] [follower] term=76 :: LOST election with 1/5 votes
1780470459.2790 [node-3] [follower] term=77 :: handle_request error: 'from'
1780470459.3245 [node-3] [follower] term=78 :: handle_request error: 'from'
1780470459.3708 [node-3] [follower] term=79 :: handle_request error: 'from'
1780470459.4026 [node-3] [follower] term=80 :: handle_request error: 'from'
1780470459.4940 [node-3] [candidate] term=81 :: starting election (term 81)
1780470459.5102 [node-3] [follower] term=81 :: LOST election with 1/5 votes
1780470459.5107 [node-3] [follower] term=81 :: handle_request error: 'from'
1780470459.5729 [node-3] [follower] term=82 :: handle_request error: 'from'
1780470459.6186 [node-3] [follower] term=83 :: handle_request error: 'from'
1780470459.6791 [node-3] [follower] term=84 :: handle_request error: 'from'
1780470459.7565 [node-3] [candidate] term=85 :: starting election (term 85)
1780470459.7757 [node-3] [follower] term=85 :: LOST election with 1/5 votes
1780470459.8041 [node-3] [follower] term=86 :: handle_request error: 'from'
1780470459.8188 [node-3] [follower] term=87 :: handle_request error: 'from'
1780470459.8332 [node-3] [follower] term=87 :: handle_request error: 'from'
1780470459.8651 [node-3] [follower] term=88 :: handle_request error: 'from'
1780470459.9881 [node-3] [candidate] term=89 :: starting election (term 89)
1780470459.9906 [node-3] [follower] term=89 :: LOST election with 1/5 votes
1780470460.0202 [node-3] [follower] term=90 :: handle_request error: 'from'
1780470460.0655 [node-3] [follower] term=91 :: handle_request error: 'from'
1780470460.1140 [node-3] [follower] term=92 :: handle_request error: 'from'
1780470460.1285 [node-3] [follower] term=93 :: handle_request error: 'from'
1780470460.1740 [node-3] [candidate] term=94 :: starting election (term 94)
1780470460.1775 [node-3] [follower] term=94 :: LOST election with 1/5 votes
1780470460.2688 [node-3] [follower] term=95 :: handle_request error: 'from'
1780470460.3133 [node-3] [follower] term=96 :: handle_request error: 'from'
1780470460.3148 [node-3] [follower] term=97 :: handle_request error: 'from'
1780470460.4214 [node-3] [candidate] term=99 :: handle_request error: 'from'
1780470460.4214 [node-3] [candidate] term=99 :: starting election (term 99)
1780470460.4374 [node-3] [follower] term=99 :: LOST election with 1/5 votes
1780470460.5314 [node-3] [follower] term=100 :: handle_request error: 'from'
1780470460.5934 [node-3] [follower] term=101 :: handle_request error: 'from'
1780470460.5934 [node-3] [follower] term=101 :: handle_request error: 'from'
1780470460.6224 [node-3] [candidate] term=102 :: starting election (term 102)
1780470460.6388 [node-3] [follower] term=102 :: LOST election with 1/5 votes
1780470460.6849 [node-3] [follower] term=103 :: handle_request error: 'from'
1780470460.7780 [node-3] [follower] term=104 :: handle_request error: 'from'
1780470460.7950 [node-3] [follower] term=105 :: handle_request error: 'from'
1780470460.8400 [node-3] [follower] term=106 :: handle_request error: 'from'
1780470460.8550 [node-3] [candidate] term=107 :: starting election (term 107)
1780470460.8715 [node-3] [follower] term=107 :: LOST election with 1/5 votes
1780470460.9656 [node-3] [follower] term=108 :: handle_request error: 'from'
1780470460.9661 [node-3] [follower] term=108 :: handle_request error: 'from'
1780470461.0268 [node-3] [follower] term=109 :: handle_request error: 'from'
1780470461.0739 [node-3] [follower] term=110 :: handle_request error: 'from'
1780470461.1188 [node-3] [candidate] term=111 :: starting election (term 111)
1780470461.1407 [node-3] [follower] term=111 :: LOST election with 1/5 votes
1780470461.1513 [node-3] [follower] term=112 :: handle_request error: 'from'
1780470461.1824 [node-3] [follower] term=113 :: handle_request error: 'from'
1780470461.2139 [node-3] [follower] term=114 :: handle_request error: 'from'
1780470461.2605 [node-3] [follower] term=115 :: handle_request error: 'from'
1780470461.3518 [node-3] [candidate] term=116 :: starting election (term 116)
1780470461.3678 [node-3] [follower] term=116 :: LOST election with 1/5 votes
1780470461.3984 [node-3] [follower] term=117 :: handle_request error: 'from'
1780470461.4470 [node-3] [follower] term=118 :: handle_request error: 'from'
1780470461.4768 [node-3] [follower] term=119 :: handle_request error: 'from'
1780470461.5069 [node-3] [follower] term=119 :: handle_request error: 'from'
1780470461.5544 [node-3] [follower] term=120 :: handle_request error: 'from'
1780470461.5845 [node-3] [candidate] term=121 :: starting election (term 121)
1780470461.5865 [node-3] [follower] term=121 :: LOST election with 1/5 votes
1780470461.6636 [node-3] [follower] term=122 :: handle_request error: 'from'
1780470461.7241 [node-3] [follower] term=123 :: handle_request error: 'from'
1780470461.7256 [node-3] [follower] term=123 :: handle_request error: 'from'
1780470461.8630 [node-3] [candidate] term=124 :: starting election (term 124)
1780470461.8650 [node-3] [candidate] term=124 :: handle_request error: 'from'
1780470461.8795 [node-3] [follower] term=124 :: LOST election with 1/5 votes
1780470461.9259 [node-3] [follower] term=125 :: handle_request error: 'from'
1780470462.0037 [node-3] [follower] term=126 :: handle_request error: 'from'
1780470462.0343 [node-3] [follower] term=127 :: handle_request error: 'from'
1780470462.0945 [node-3] [candidate] term=128 :: starting election (term 128)
1780470462.0970 [node-3] [follower] term=128 :: LOST election with 1/5 votes
1780470462.1436 [node-3] [follower] term=129 :: handle_request error: 'from'
1780470462.1718 [node-3] [follower] term=129 :: handle_request error: 'from'
1780470462.1739 [node-3] [follower] term=130 :: handle_request error: 'from'
1780470462.3122 [node-3] [follower] term=131 :: handle_request error: 'from'
1780470462.3725 [node-3] [candidate] term=132 :: starting election (term 132)
1780470462.3887 [node-3] [follower] term=132 :: LOST election with 1/5 votes
1780470462.4052 [node-3] [follower] term=133 :: handle_request error: 'from'
1780470462.4052 [node-3] [follower] term=133 :: handle_request error: 'from'
1780470462.4512 [node-3] [follower] term=134 :: handle_request error: 'from'
1780470462.5589 [node-3] [follower] term=135 :: handle_request error: 'from'
1780470462.5739 [node-3] [candidate] term=136 :: starting election (term 136)
1780470462.5759 [node-3] [follower] term=136 :: LOST election with 1/5 votes
1780470462.6828 [node-3] [follower] term=137 :: handle_request error: 'from'
1780470462.6978 [node-3] [follower] term=138 :: handle_request error: 'from'
1780470462.6996 [node-3] [follower] term=138 :: handle_request error: 'from'
1780470462.8079 [node-3] [follower] term=139 :: handle_request error: 'from'
1780470462.8212 [node-3] [candidate] term=140 :: starting election (term 140)
1780470462.8377 [node-3] [follower] term=140 :: LOST election with 1/5 votes
1780470462.8683 [node-3] [follower] term=141 :: handle_request error: 'from'
1780470462.9463 [node-3] [follower] term=142 :: handle_request error: 'from'
1780470463.0098 [node-3] [follower] term=143 :: handle_request error: 'from'
1780470463.0238 [node-3] [candidate] term=144 :: starting election (term 144)
1780470463.0393 [node-3] [candidate] term=144 :: handle_request error: 'from'
1780470463.0403 [node-3] [follower] term=144 :: LOST election with 1/5 votes
1780470463.0408 [node-3] [follower] term=145 :: handle_request error: 'from'
1780470463.1938 [node-3] [candidate] term=146 :: starting election (term 146)
1780470463.1958 [node-3] [follower] term=146 :: LOST election with 1/5 votes
1780470463.2267 [node-3] [follower] term=147 :: handle_request error: 'from'
1780470463.2267 [node-3] [follower] term=147 :: handle_request error: 'from'
1780470463.3034 [node-3] [follower] term=148 :: handle_request error: 'from'
1780470463.3507 [node-3] [follower] term=149 :: handle_request error: 'from'
1780470463.4274 [node-3] [follower] term=150 :: handle_request error: 'from'
1780470463.4422 [node-3] [candidate] term=151 :: starting election (term 151)
1780470463.4577 [node-3] [follower] term=151 :: LOST election with 1/5 votes
1780470463.5207 [node-3] [follower] term=152 :: handle_request error: 'from'
1780470463.5372 [node-3] [follower] term=153 :: handle_request error: 'from'
1780470463.6291 [node-3] [follower] term=154 :: handle_request error: 'from'
1780470463.6588 [node-3] [follower] term=155 :: handle_request error: 'from'
1780470463.7062 [node-3] [candidate] term=156 :: starting election (term 156)
1780470463.7102 [node-3] [follower] term=156 :: LOST election with 1/5 votes
1780470463.7538 [node-3] [follower] term=157 :: handle_request error: 'from'
1780470463.7688 [node-3] [follower] term=157 :: handle_request error: 'from'
1780470463.9065 [node-3] [follower] term=158 :: handle_request error: 'from'
1780470463.9075 [node-3] [follower] term=159 :: handle_request error: 'from'
1780470463.9533 [node-3] [follower] term=160 :: handle_request error: 'from'
1780470463.9831 [node-3] [candidate] term=161 :: starting election (term 161)
1780470463.9851 [node-3] [follower] term=161 :: LOST election with 1/5 votes
1780470464.0465 [node-3] [follower] term=162 :: handle_request error: 'from'
1780470464.0920 [node-3] [follower] term=163 :: handle_request error: 'from'
1780470464.1703 [node-3] [follower] term=164 :: handle_request error: 'from'
1780470464.1845 [node-3] [follower] term=165 :: handle_request error: 'from'
1780470464.1990 [node-3] [candidate] term=166 :: starting election (term 166)
1780470464.2150 [node-3] [follower] term=166 :: LOST election with 1/5 votes
1780470464.2943 [node-3] [follower] term=167 :: handle_request error: 'from'
1780470464.2948 [node-3] [follower] term=167 :: handle_request error: 'from'
1780470464.3890 [node-3] [follower] term=168 :: handle_request error: 'from'
1780470464.4310 [node-3] [candidate] term=169 :: starting election (term 169)
1780470464.4336 [node-3] [follower] term=169 :: LOST election with 1/5 votes
1780470464.4626 [node-3] [follower] term=170 :: handle_request error: 'from'
1780470464.4791 [node-3] [follower] term=171 :: handle_request error: 'from'
1780470464.5252 [node-3] [follower] term=172 :: handle_request error: 'from'
1780470464.6337 [node-3] [follower] term=173 :: handle_request error: 'from'
1780470464.6802 [node-3] [candidate] term=174 :: starting election (term 174)
1780470464.6956 [node-3] [follower] term=174 :: LOST election with 1/5 votes
1780470464.7127 [node-3] [follower] term=175 :: handle_request error: 'from'
1780470464.7277 [node-3] [follower] term=176 :: handle_request error: 'from'
1780470464.8053 [node-3] [follower] term=177 :: handle_request error: 'from'
1780470464.8986 [node-3] [follower] term=178 :: handle_request error: 'from'
1780470464.9126 [node-3] [follower] term=178 :: handle_request error: 'from'
1780470464.9141 [node-3] [follower] term=179 :: handle_request error: 'from'
1780470464.9744 [node-3] [candidate] term=180 :: starting election (term 180)
1780470464.9759 [node-3] [follower] term=180 :: LOST election with 1/5 votes
1780470465.0220 [node-3] [follower] term=181 :: handle_request error: 'from'
1780470465.1311 [node-3] [follower] term=182 :: handle_request error: 'from'
1780470465.1456 [node-3] [follower] term=183 :: handle_request error: 'from'
1780470465.1598 [node-3] [candidate] term=184 :: starting election (term 184)
1780470465.1757 [node-3] [follower] term=184 :: LOST election with 1/5 votes
1780470465.2060 [node-3] [follower] term=185 :: handle_request error: 'from'
1780470465.2072 [node-3] [follower] term=186 :: handle_request error: 'from'
1780470465.3309 [node-3] [follower] term=187 :: handle_request error: 'from'
1780470465.3605 [node-3] [candidate] term=188 :: starting election (term 188)
1780470465.3620 [node-3] [follower] term=188 :: LOST election with 1/5 votes
1780470465.4241 [node-3] [follower] term=189 :: handle_request error: 'from'
1780470465.4537 [node-3] [follower] term=190 :: handle_request error: 'from'
1780470465.5172 [node-3] [follower] term=191 :: handle_request error: 'from'
1780470465.5329 [node-3] [follower] term=192 :: handle_request error: 'from'
1780470465.6702 [node-3] [candidate] term=193 :: starting election (term 193)
1780470465.6722 [node-3] [candidate] term=193 :: handle_request error: 'from'
1780470465.6858 [node-3] [follower] term=193 :: LOST election with 1/5 votes
1780470465.7168 [node-3] [follower] term=194 :: handle_request error: 'from'
1780470465.7481 [node-3] [follower] term=195 :: handle_request error: 'from'
1780470465.7948 [node-3] [follower] term=196 :: handle_request error: 'from'
1780470465.9201 [node-3] [follower] term=197 :: handle_request error: 'from'
1780470465.9342 [node-3] [candidate] term=198 :: starting election (term 198)
1780470465.9362 [node-3] [candidate] term=198 :: handle_request error: 'from'
1780470465.9501 [node-3] [follower] term=198 :: LOST election with 1/5 votes
1780470465.9983 [node-3] [follower] term=199 :: handle_request error: 'from'
1780470466.1062 [node-3] [follower] term=200 :: handle_request error: 'from'
1780470466.1847 [node-3] [follower] term=201 :: handle_request error: 'from'
1780470466.1977 [node-3] [candidate] term=202 :: starting election (term 202)
1780470466.2138 [node-3] [follower] term=202 :: LOST election with 1/5 votes
1780470466.2148 [node-3] [follower] term=203 :: handle_request error: 'from'
1780470466.2301 [node-3] [follower] term=204 :: handle_request error: 'from'
1780470466.3710 [node-3] [follower] term=205 :: handle_request error: 'from'
1780470466.4013 [node-3] [follower] term=206 :: handle_request error: 'from'
1780470466.4321 [node-3] [follower] term=207 :: handle_request error: 'from'
1780470466.4612 [node-3] [candidate] term=208 :: starting election (term 208)
1780470466.4632 [node-3] [candidate] term=208 :: handle_request error: 'from'
1780470466.4637 [node-3] [follower] term=208 :: LOST election with 1/5 votes
1780470466.6170 [node-3] [follower] term=209 :: handle_request error: 'from'
1780470466.6325 [node-3] [follower] term=210 :: handle_request error: 'from'
1780470466.6476 [node-3] [follower] term=211 :: handle_request error: 'from'
1780470466.6925 [node-3] [follower] term=212 :: handle_request error: 'from'
1780470466.7697 [node-3] [candidate] term=213 :: starting election (term 213)
1780470466.7857 [node-3] [follower] term=213 :: LOST election with 1/5 votes
1780470466.8028 [node-3] [follower] term=214 :: handle_request error: 'from'
1780470466.8178 [node-3] [follower] term=215 :: handle_request error: 'from'
1780470466.8803 [node-3] [follower] term=216 :: handle_request error: 'from'
1780470466.9111 [node-3] [follower] term=217 :: handle_request error: 'from'
1780470466.9407 [node-3] [candidate] term=218 :: starting election (term 218)
1780470466.9564 [node-3] [follower] term=218 :: LOST election with 1/5 votes
1780470467.0508 [node-3] [follower] term=219 :: handle_request error: 'from'
1780470467.0968 [node-3] [follower] term=220 :: handle_request error: 'from'
1780470467.1419 [node-3] [candidate] term=221 :: starting election (term 221)
1780470467.1579 [node-3] [follower] term=221 :: LOST election with 1/5 votes
1780470467.1899 [node-3] [follower] term=222 :: handle_request error: 'from'
1780470467.2210 [node-3] [follower] term=223 :: handle_request error: 'from'
1780470467.2660 [node-3] [follower] term=224 :: handle_request error: 'from'
1780470467.2670 [node-3] [follower] term=225 :: handle_request error: 'from'
1780470467.3126 [node-3] [candidate] term=226 :: starting election (term 226)
1780470467.3146 [node-3] [follower] term=226 :: LOST election with 1/5 votes
1780470467.3899 [node-3] [follower] term=227 :: handle_request error: 'from'
1780470467.4828 [node-3] [follower] term=228 :: handle_request error: 'from'
1780470467.4843 [node-3] [follower] term=229 :: handle_request error: 'from'
1780470467.4978 [node-3] [candidate] term=230 :: starting election (term 230)
1780470467.4998 [node-3] [follower] term=230 :: LOST election with 1/5 votes
1780470467.5292 [node-3] [follower] term=231 :: handle_request error: 'from'
1780470467.5459 [node-3] [follower] term=232 :: handle_request error: 'from'
1780470467.6705 [node-3] [follower] term=233 :: handle_request error: 'from'
1780470467.7612 [node-3] [follower] term=234 :: handle_request error: 'from'
1780470467.7773 [node-3] [follower] term=235 :: handle_request error: 'from'
1780470467.8083 [node-3] [candidate] term=236 :: starting election (term 236)
1780470467.8103 [node-3] [candidate] term=236 :: handle_request error: 'from'
1780470467.8108 [node-3] [follower] term=236 :: LOST election with 1/5 votes
1780470467.9337 [node-3] [follower] term=237 :: handle_request error: 'from'
1780470467.9784 [node-3] [follower] term=238 :: handle_request error: 'from'
1780470468.0414 [node-3] [follower] term=239 :: handle_request error: 'from'
1780470468.1173 [node-3] [candidate] term=240 :: starting election (term 240)
1780470468.1178 [node-3] [candidate] term=240 :: handle_request error: 'from'
1780470468.1339 [node-3] [follower] term=240 :: LOST election with 1/5 votes
1780470468.2278 [node-3] [follower] term=241 :: handle_request error: 'from'
1780470468.2429 [node-3] [follower] term=241 :: handle_request error: 'from'
1780470468.2727 [node-3] [follower] term=242 :: handle_request error: 'from'
1780470468.3043 [node-3] [follower] term=243 :: handle_request error: 'from'
1780470468.4110 [node-3] [candidate] term=244 :: starting election (term 244)
1780470468.4140 [node-3] [follower] term=244 :: LOST election with 1/5 votes
1780470468.4280 [node-3] [follower] term=245 :: handle_request error: 'from'
1780470468.4590 [node-3] [follower] term=246 :: handle_request error: 'from'
1780470468.5054 [node-3] [follower] term=247 :: handle_request error: 'from'
1780470468.5375 [node-3] [follower] term=248 :: handle_request error: 'from'
1780470468.5980 [node-3] [candidate] term=249 :: starting election (term 249)
1780470468.6005 [node-3] [follower] term=249 :: LOST election with 1/5 votes
1780470468.6301 [node-3] [follower] term=250 :: handle_request error: 'from'
1780470468.7692 [node-3] [follower] term=251 :: handle_request error: 'from'
1780470468.7832 [node-3] [follower] term=251 :: handle_request error: 'from'
1780470468.7987 [node-3] [follower] term=252 :: handle_request error: 'from'
1780470468.8452 [node-3] [candidate] term=253 :: starting election (term 253)
1780470468.8472 [node-3] [follower] term=253 :: LOST election with 1/5 votes
1780470468.8778 [node-3] [follower] term=254 :: handle_request error: 'from'
1780470468.9715 [node-3] [follower] term=255 :: handle_request error: 'from'
1780470468.9866 [node-3] [follower] term=256 :: handle_request error: 'from'
1780470469.0021 [node-3] [follower] term=256 :: handle_request error: 'from'
1780470469.0622 [node-3] [candidate] term=257 :: starting election (term 257)
1780470469.0643 [node-3] [candidate] term=257 :: handle_request error: 'from'
1780470469.0648 [node-3] [follower] term=257 :: LOST election with 1/5 votes
1780470469.2803 [node-3] [follower] term=258 :: handle_request error: 'from'
1780470469.2936 [node-3] [follower] term=258 :: handle_request error: 'from'
1780470469.2956 [node-3] [follower] term=258 :: handle_request error: 'from'
1780470469.3086 [node-3] [candidate] term=259 :: starting election (term 259)
1780470469.3091 [node-3] [candidate] term=259 :: handle_request error: 'from'
1780470469.3286 [node-3] [follower] term=259 :: LOST election with 1/5 votes
1780470469.4510 [node-3] [follower] term=260 :: handle_request error: 'from'
1780470469.5113 [node-3] [follower] term=261 :: handle_request error: 'from'
1780470469.5269 [node-3] [follower] term=262 :: handle_request error: 'from'
1780470469.5570 [node-3] [follower] term=263 :: handle_request error: 'from'
1780470469.6031 [node-3] [candidate] term=264 :: starting election (term 264)
1780470469.6196 [node-3] [follower] term=264 :: LOST election with 1/5 votes
1780470469.7287 [node-3] [follower] term=265 :: handle_request error: 'from'
1780470469.7441 [node-3] [follower] term=266 :: handle_request error: 'from'
1780470469.7746 [node-3] [follower] term=267 :: handle_request error: 'from'
1780470469.7901 [node-3] [follower] term=267 :: handle_request error: 'from'
1780470469.8678 [node-3] [candidate] term=268 :: starting election (term 268)
1780470469.8708 [node-3] [follower] term=268 :: LOST election with 1/5 votes
1780470469.8998 [node-3] [follower] term=269 :: handle_request error: 'from'
1780470470.0217 [node-3] [follower] term=270 :: handle_request error: 'from'
1780470470.0535 [node-3] [follower] term=271 :: handle_request error: 'from'
1780470470.0687 [node-3] [follower] term=271 :: handle_request error: 'from'
1780470470.1156 [node-3] [follower] term=272 :: handle_request error: 'from'
1780470470.1757 [node-3] [candidate] term=273 :: starting election (term 273)
1780470470.1782 [node-3] [follower] term=273 :: LOST election with 1/5 votes
1780470470.2546 [node-3] [follower] term=274 :: handle_request error: 'from'
1780470470.2852 [node-3] [follower] term=275 :: handle_request error: 'from'
1780470470.3318 [node-3] [follower] term=276 :: handle_request error: 'from'
1780470470.3613 [node-3] [candidate] term=277 :: starting election (term 277)
1780470470.3633 [node-3] [follower] term=277 :: handle_request error: 'from'
1780470470.3638 [node-3] [follower] term=277 :: LOST election with 1/5 votes
1780470470.4413 [node-3] [follower] term=278 :: handle_request error: 'from'
1780470470.4711 [node-3] [follower] term=279 :: handle_request error: 'from'
1780470470.6077 [node-3] [candidate] term=280 :: starting election (term 280)
1780470470.6097 [node-3] [candidate] term=280 :: handle_request error: 'from'
1780470470.6107 [node-3] [follower] term=280 :: LOST election with 1/5 votes
1780470470.6388 [node-3] [follower] term=281 :: handle_request error: 'from'
1780470470.6553 [node-3] [follower] term=282 :: handle_request error: 'from'
1780470470.6553 [node-3] [follower] term=282 :: handle_request error: 'from'
1780470470.8254 [node-3] [follower] term=283 :: handle_request error: 'from'
1780470470.8414 [node-3] [follower] term=284 :: handle_request error: 'from'
1780470470.8860 [node-3] [candidate] term=285 :: starting election (term 285)
1780470470.8880 [node-3] [candidate] term=285 :: handle_request error: 'from'
1780470470.8885 [node-3] [follower] term=285 :: LOST election with 1/5 votes
1780470470.9188 [node-3] [follower] term=286 :: handle_request error: 'from'
1780470471.0272 [node-3] [follower] term=287 :: handle_request error: 'from'
1780470471.0890 [node-3] [follower] term=288 :: handle_request error: 'from'
1780470471.1195 [node-3] [follower] term=289 :: handle_request error: 'from'
1780470471.1644 [node-3] [candidate] term=290 :: starting election (term 290)
1780470471.1669 [node-3] [follower] term=290 :: LOST election with 1/5 votes
1780470471.1970 [node-3] [follower] term=291 :: handle_request error: 'from'
1780470471.2130 [node-3] [follower] term=291 :: handle_request error: 'from'
1780470471.3188 [node-3] [candidate] term=292 :: starting election (term 292)
1780470471.3208 [node-3] [follower] term=292 :: LOST election with 1/5 votes
1780470471.3966 [node-3] [follower] term=293 :: handle_request error: 'from'
1780470471.4122 [node-3] [follower] term=294 :: handle_request error: 'from'
1780470471.4907 [node-3] [follower] term=295 :: handle_request error: 'from'
1780470471.5349 [node-3] [candidate] term=296 :: starting election (term 296)
1780470471.5354 [node-3] [candidate] term=296 :: handle_request error: 'from'
1780470471.5369 [node-3] [follower] term=296 :: LOST election with 1/5 votes
1780470471.5830 [node-3] [follower] term=297 :: handle_request error: 'from'
1780470471.6442 [node-3] [follower] term=298 :: handle_request error: 'from'
1780470471.7392 [node-3] [follower] term=299 :: handle_request error: 'from'
1780470471.7850 [node-3] [follower] term=300 :: handle_request error: 'from'
1780470471.8005 [node-3] [follower] term=301 :: handle_request error: 'from'
1780470471.8141 [node-3] [candidate] term=302 :: starting election (term 302)
1780470471.8301 [node-3] [follower] term=302 :: LOST election with 1/5 votes
1780470471.8781 [node-3] [follower] term=303 :: handle_request error: 'from'
1780470471.9694 [node-3] [follower] term=304 :: handle_request error: 'from'
1780470472.0171 [node-3] [follower] term=305 :: handle_request error: 'from'
1780470472.0176 [node-3] [follower] term=305 :: handle_request error: 'from'
1780470472.0502 [node-3] [candidate] term=306 :: starting election (term 306)
1780470472.0522 [node-3] [follower] term=306 :: LOST election with 1/5 votes
1780470472.1258 [node-3] [follower] term=307 :: handle_request error: 'from'
1780470472.1884 [node-3] [follower] term=308 :: handle_request error: 'from'
1780470472.3109 [node-3] [follower] term=309 :: handle_request error: 'from'
1780470472.3119 [node-3] [follower] term=309 :: handle_request error: 'from'
1780470472.3264 [node-3] [follower] term=310 :: handle_request error: 'from'
1780470472.3559 [node-3] [candidate] term=311 :: starting election (term 311)
1780470472.3724 [node-3] [follower] term=311 :: LOST election with 1/5 votes
1780470472.3729 [node-3] [follower] term=311 :: handle_request error: 'from'
1780470472.5281 [node-3] [follower] term=312 :: handle_request error: 'from'
1780470472.6046 [node-3] [follower] term=313 :: handle_request error: 'from'
1780470472.6191 [node-3] [candidate] term=314 :: starting election (term 314)
1780470472.6212 [node-3] [follower] term=314 :: LOST election with 1/5 votes
1780470472.6362 [node-3] [follower] term=315 :: handle_request error: 'from'
1780470472.6657 [node-3] [follower] term=316 :: handle_request error: 'from'
1780470472.7900 [node-3] [follower] term=317 :: handle_request error: 'from'
1780470472.8508 [node-3] [follower] term=318 :: handle_request error: 'from'
1780470472.8972 [node-3] [candidate] term=319 :: starting election (term 319)
1780470472.8992 [node-3] [candidate] term=319 :: handle_request error: 'from'
1780470472.9132 [node-3] [follower] term=319 :: LOST election with 1/5 votes
1780470472.9450 [node-3] [follower] term=320 :: handle_request error: 'from'
1780470473.0379 [node-3] [follower] term=321 :: handle_request error: 'from'
1780470473.0545 [node-3] [follower] term=321 :: handle_request error: 'from'
1780470473.0985 [node-3] [candidate] term=322 :: starting election (term 322)
1780470473.1005 [node-3] [follower] term=322 :: LOST election with 1/5 votes
1780470473.1316 [node-3] [follower] term=323 :: handle_request error: 'from'
1780470473.1919 [node-3] [follower] term=324 :: handle_request error: 'from'
1780470473.2715 [node-3] [follower] term=325 :: handle_request error: 'from'
1780470473.2845 [node-3] [candidate] term=326 :: starting election (term 326)
1780470473.2856 [node-3] [candidate] term=326 :: handle_request error: 'from'
1780470473.2871 [node-3] [follower] term=326 :: LOST election with 1/5 votes
1780470473.3791 [node-3] [follower] term=327 :: handle_request error: 'from'
1780470473.4144 [node-3] [follower] term=328 :: handle_request error: 'from'
1780470473.5031 [node-3] [follower] term=329 :: handle_request error: 'from'
1780470473.5331 [node-3] [candidate] term=330 :: starting election (term 330)
1780470473.5486 [node-3] [follower] term=330 :: LOST election with 1/5 votes
1780470473.5796 [node-3] [follower] term=331 :: handle_request error: 'from'
1780470473.5951 [node-3] [follower] term=332 :: handle_request error: 'from'
1780470473.6898 [node-3] [follower] term=333 :: handle_request error: 'from'
1780470473.6903 [node-3] [follower] term=333 :: handle_request error: 'from'
1780470473.7347 [node-3] [candidate] term=334 :: starting election (term 334)
1780470473.7369 [node-3] [follower] term=334 :: LOST election with 1/5 votes
1780470473.8300 [node-3] [follower] term=335 :: handle_request error: 'from'
1780470473.8590 [node-3] [follower] term=336 :: handle_request error: 'from'
1780470473.9385 [node-3] [follower] term=337 :: handle_request error: 'from'
1780470473.9515 [node-3] [follower] term=337 :: handle_request error: 'from'
1780470474.0442 [node-3] [candidate] term=338 :: starting election (term 338)
1780470474.0607 [node-3] [follower] term=338 :: LOST election with 1/5 votes
1780470474.1071 [node-3] [follower] term=339 :: handle_request error: 'from'
1780470474.1222 [node-3] [follower] term=340 :: handle_request error: 'from'
1780470474.2140 [node-3] [candidate] term=341 :: starting election (term 341)
1780470474.2160 [node-3] [candidate] term=341 :: handle_request error: 'from'
1780470474.2165 [node-3] [follower] term=341 :: LOST election with 1/5 votes
1780470474.2453 [node-3] [follower] term=342 :: handle_request error: 'from'
1780470474.4171 [node-3] [follower] term=343 :: handle_request error: 'from'
1780470474.4176 [node-3] [follower] term=343 :: handle_request error: 'from'
1780470474.4307 [node-3] [candidate] term=344 :: starting election (term 344)
1780470474.4472 [node-3] [follower] term=344 :: LOST election with 1/5 votes
1780470474.4947 [node-3] [follower] term=345 :: handle_request error: 'from'
1780470474.5252 [node-3] [follower] term=346 :: handle_request error: 'from'
1780470474.6325 [node-3] [candidate] term=347 :: starting election (term 347)
1780470474.6345 [node-3] [candidate] term=347 :: handle_request error: 'from'
1780470474.6354 [node-3] [follower] term=347 :: LOST election with 1/5 votes
1780470474.6478 [node-3] [follower] term=347 :: handle_request error: 'from'
1780470474.7585 [node-3] [follower] term=348 :: handle_request error: 'from'
1780470474.7770 [node-3] [follower] term=349 :: handle_request error: 'from'
1780470474.8668 [node-3] [follower] term=350 :: handle_request error: 'from'
1780470474.8970 [node-3] [follower] term=351 :: handle_request error: 'from'
1780470474.9416 [node-3] [candidate] term=352 :: starting election (term 352)
1780470474.9436 [node-3] [follower] term=352 :: LOST election with 1/5 votes
1780470474.9743 [node-3] [follower] term=353 :: handle_request error: 'from'
1780470474.9883 [node-3] [follower] term=353 :: handle_request error: 'from'
1780470475.0984 [node-3] [follower] term=354 :: handle_request error: 'from'
1780470475.1272 [node-3] [candidate] term=355 :: starting election (term 355)
1780470475.1433 [node-3] [follower] term=355 :: LOST election with 1/5 votes
1780470475.1903 [node-3] [follower] term=356 :: handle_request error: 'from'
1780470475.2069 [node-3] [follower] term=356 :: handle_request error: 'from'
1780470475.2069 [node-3] [follower] term=356 :: handle_request error: 'from'
1780470475.3946 [node-3] [candidate] term=357 :: starting election (term 357)
1780470475.4036 [node-3] [follower] term=357 :: LOST election with 1/5 votes
1780470475.4076 [node-3] [follower] term=358 :: handle_request error: 'from'
1780470475.4221 [node-3] [follower] term=358 :: handle_request error: 'from'
1780470475.4551 [node-3] [follower] term=359 :: handle_request error: 'from'
1780470475.4551 [node-3] [follower] term=359 :: handle_request error: 'from'
1780470475.6720 [node-3] [follower] term=360 :: handle_request error: 'from'
1780470475.6725 [node-3] [follower] term=360 :: handle_request error: 'from'
1780470475.7161 [node-3] [candidate] term=361 :: starting election (term 361)
1780470475.7166 [node-3] [candidate] term=361 :: handle_request error: 'from'
1780470475.7181 [node-3] [follower] term=361 :: LOST election with 1/5 votes
1780470475.7471 [node-3] [follower] term=362 :: handle_request error: 'from'
1780470475.9196 [node-3] [follower] term=363 :: handle_request error: 'from'
1780470475.9326 [node-3] [candidate] term=364 :: starting election (term 364)
1780470475.9351 [node-3] [candidate] term=364 :: handle_request error: 'from'
1780470475.9491 [node-3] [follower] term=364 :: LOST election with 1/5 votes
1780470475.9641 [node-3] [follower] term=365 :: handle_request error: 'from'
1780470476.0282 [node-3] [follower] term=366 :: handle_request error: 'from'
1780470476.1816 [node-3] [follower] term=367 :: handle_request error: 'from'
1780470476.2127 [node-3] [follower] term=368 :: handle_request error: 'from'
1780470476.2437 [node-3] [follower] term=369 :: handle_request error: 'from'
1780470476.2577 [node-3] [candidate] term=370 :: starting election (term 370)
1780470476.2597 [node-3] [follower] term=370 :: LOST election with 1/5 votes
1780470476.3376 [node-3] [follower] term=371 :: handle_request error: 'from'
1780470476.4449 [node-3] [follower] term=372 :: handle_request error: 'from'
1780470476.4738 [node-3] [candidate] term=373 :: starting election (term 373)
1780470476.4759 [node-3] [follower] term=373 :: LOST election with 1/5 votes
1780470476.5204 [node-3] [follower] term=374 :: handle_request error: 'from'
1780470476.5532 [node-3] [follower] term=375 :: handle_request error: 'from'
1780470476.5532 [node-3] [follower] term=375 :: handle_request error: 'from'
1780470476.6923 [node-3] [follower] term=376 :: handle_request error: 'from'
1780470476.7529 [node-3] [candidate] term=377 :: starting election (term 377)
1780470476.7689 [node-3] [follower] term=377 :: LOST election with 1/5 votes
1780470476.8024 [node-3] [follower] term=378 :: handle_request error: 'from'
1780470476.8024 [node-3] [follower] term=378 :: handle_request error: 'from'
1780470476.8029 [node-3] [follower] term=378 :: handle_request error: 'from'
1780470476.9262 [node-3] [follower] term=379 :: handle_request error: 'from'
1780470476.9852 [node-3] [candidate] term=380 :: starting election (term 380)
1780470477.0012 [node-3] [follower] term=380 :: LOST election with 1/5 votes
1780470477.0797 [node-3] [follower] term=381 :: handle_request error: 'from'
1780470477.0802 [node-3] [follower] term=381 :: handle_request error: 'from'
1780470477.1102 [node-3] [follower] term=382 :: handle_request error: 'from'
1780470477.1263 [node-3] [follower] term=382 :: handle_request error: 'from'
1780470477.2167 [node-3] [candidate] term=383 :: starting election (term 383)
1780470477.2193 [node-3] [follower] term=383 :: LOST election with 1/5 votes
1780470477.3112 [node-3] [follower] term=384 :: handle_request error: 'from'
1780470477.3742 [node-3] [follower] term=385 :: handle_request error: 'from'
1780470477.4039 [node-3] [follower] term=386 :: handle_request error: 'from'
1780470477.4194 [node-3] [follower] term=387 :: handle_request error: 'from'
1780470477.4335 [node-3] [candidate] term=388 :: starting election (term 388)
1780470477.4360 [node-3] [follower] term=388 :: LOST election with 1/5 votes
1780470477.6210 [node-3] [follower] term=389 :: handle_request error: 'from'
1780470477.6210 [node-3] [follower] term=389 :: handle_request error: 'from'
1780470477.6668 [node-3] [follower] term=390 :: handle_request error: 'from'
1780470477.6825 [node-3] [follower] term=391 :: handle_request error: 'from'
1780470477.7114 [node-3] [candidate] term=392 :: starting election (term 392)
1780470477.7280 [node-3] [follower] term=392 :: LOST election with 1/5 votes
1780470477.8819 [node-3] [candidate] term=393 :: starting election (term 393)
1780470477.8844 [node-3] [candidate] term=393 :: handle_request error: 'from'
1780470477.8849 [node-3] [follower] term=393 :: LOST election with 1/5 votes
1780470477.8995 [node-3] [follower] term=394 :: handle_request error: 'from'
1780470477.9283 [node-3] [follower] term=395 :: handle_request error: 'from'
1780470477.9907 [node-3] [follower] term=396 :: handle_request error: 'from'
1780470478.1165 [node-3] [follower] term=397 :: handle_request error: 'from'
1780470478.1476 [node-3] [follower] term=398 :: handle_request error: 'from'
1780470478.1607 [node-3] [candidate] term=399 :: starting election (term 399)
1780470478.1767 [node-3] [follower] term=399 :: LOST election with 1/5 votes
1780470478.2712 [node-3] [follower] term=400 :: handle_request error: 'from'
1780470478.3462 [node-3] [follower] term=401 :: handle_request error: 'from'
1780470478.4098 [node-3] [follower] term=402 :: handle_request error: 'from'
1780470478.4258 [node-3] [follower] term=403 :: handle_request error: 'from'
1780470478.4858 [node-3] [candidate] term=404 :: starting election (term 404)
1780470478.4883 [node-3] [follower] term=404 :: LOST election with 1/5 votes
1780470478.5028 [node-3] [follower] term=405 :: handle_request error: 'from'
1780470478.6101 [node-3] [follower] term=406 :: handle_request error: 'from'
1780470478.6608 [node-3] [follower] term=407 :: handle_request error: 'from'
1780470478.7026 [node-3] [candidate] term=408 :: starting election (term 408)
1780470478.7031 [node-3] [candidate] term=408 :: handle_request error: 'from'
1780470478.7046 [node-3] [candidate] term=408 :: handle_request error: 'from'
1780470478.7187 [node-3] [follower] term=408 :: LOST election with 1/5 votes
1780470478.8899 [node-3] [follower] term=409 :: handle_request error: 'from'
1780470478.8904 [node-3] [follower] term=409 :: handle_request error: 'from'
1780470478.9343 [node-3] [candidate] term=410 :: starting election (term 410)
1780470478.9363 [node-3] [candidate] term=410 :: handle_request error: 'from'
1780470478.9503 [node-3] [follower] term=410 :: LOST election with 1/5 votes
1780470478.9823 [node-3] [follower] term=411 :: handle_request error: 'from'
1780470479.1065 [node-3] [follower] term=412 :: handle_request error: 'from'
1780470479.1686 [node-3] [follower] term=413 :: handle_request error: 'from'
1780470479.1985 [node-3] [follower] term=414 :: handle_request error: 'from'
1780470479.2278 [node-3] [candidate] term=415 :: starting election (term 415)
1780470479.2298 [node-3] [candidate] term=415 :: handle_request error: 'from'
1780470479.2440 [node-3] [follower] term=415 :: LOST election with 1/5 votes
1780470479.2900 [node-3] [follower] term=416 :: handle_request error: 'from'
1780470479.3993 [node-3] [follower] term=417 :: handle_request error: 'from'
1780470479.4149 [node-3] [follower] term=417 :: handle_request error: 'from'
1780470479.4597 [node-3] [candidate] term=418 :: starting election (term 418)
1780470479.4612 [node-3] [candidate] term=418 :: handle_request error: 'from'
1780470479.4757 [node-3] [follower] term=418 :: LOST election with 1/5 votes
1780470479.5389 [node-3] [follower] term=419 :: handle_request error: 'from'
1780470479.6147 [node-3] [follower] term=420 :: handle_request error: 'from'
1780470479.6781 [node-3] [follower] term=421 :: handle_request error: 'from'
1780470479.7243 [node-3] [follower] term=422 :: handle_request error: 'from'
1780470479.7536 [node-3] [candidate] term=423 :: starting election (term 423)
1780470479.7551 [node-3] [candidate] term=423 :: handle_request error: 'from'
1780470479.7689 [node-3] [follower] term=423 :: LOST election with 1/5 votes
1780470479.8010 [node-3] [follower] term=424 :: handle_request error: 'from'
1780470479.8476 [node-3] [follower] term=425 :: handle_request error: 'from'
1780470479.9259 [node-3] [follower] term=426 :: handle_request error: 'from'
1780470479.9541 [node-3] [candidate] term=427 :: starting election (term 427)
1780470479.9561 [node-3] [follower] term=427 :: LOST election with 1/5 votes
1780470479.9871 [node-3] [follower] term=428 :: handle_request error: 'from'
1780470480.0331 [node-3] [follower] term=429 :: handle_request error: 'from'
1780470480.1401 [node-3] [follower] term=430 :: handle_request error: 'from'
1780470480.1416 [node-3] [follower] term=431 :: handle_request error: 'from'
1780470480.2014 [node-3] [candidate] term=432 :: starting election (term 432)
1780470480.2179 [node-3] [follower] term=432 :: LOST election with 1/5 votes
1780470480.2655 [node-3] [follower] term=433 :: handle_request error: 'from'
1780470480.3116 [node-3] [follower] term=434 :: handle_request error: 'from'
1780470480.3586 [node-3] [follower] term=435 :: handle_request error: 'from'
1780470480.3896 [node-3] [follower] term=436 :: handle_request error: 'from'
1780470480.4031 [node-3] [candidate] term=437 :: starting election (term 437)
1780470480.4051 [node-3] [follower] term=437 :: LOST election with 1/5 votes
1780470480.4654 [node-3] [follower] term=438 :: handle_request error: 'from'
1780470480.5297 [node-3] [follower] term=439 :: handle_request error: 'from'
1780470480.6063 [node-3] [follower] term=440 :: handle_request error: 'from'
1780470480.6228 [node-3] [follower] term=441 :: handle_request error: 'from'
1780470480.6834 [node-3] [candidate] term=442 :: starting election (term 442)
1780470480.6844 [node-3] [candidate] term=442 :: handle_request error: 'from'
1780470480.6854 [node-3] [follower] term=442 :: LOST election with 1/5 votes
1780470480.7458 [node-3] [follower] term=443 :: handle_request error: 'from'
1780470480.8086 [node-3] [follower] term=444 :: handle_request error: 'from'
1780470480.8395 [node-3] [follower] term=445 :: handle_request error: 'from'
1780470480.9001 [node-3] [candidate] term=446 :: starting election (term 446)
1780470480.9026 [node-3] [follower] term=446 :: LOST election with 1/5 votes
1780470480.9172 [node-3] [follower] term=447 :: handle_request error: 'from'
1780470480.9777 [node-3] [follower] term=448 :: handle_request error: 'from'
1780470481.0407 [node-3] [follower] term=449 :: handle_request error: 'from'
1780470481.0553 [node-3] [candidate] term=450 :: starting election (term 450)
1780470481.0573 [node-3] [candidate] term=450 :: handle_request error: 'from'
1780470481.0713 [node-3] [follower] term=450 :: LOST election with 1/5 votes
1780470481.1961 [node-3] [follower] term=451 :: handle_request error: 'from'
1780470481.2275 [node-3] [follower] term=452 :: handle_request error: 'from'
1780470481.2736 [node-3] [follower] term=453 :: handle_request error: 'from'
1780470481.2878 [node-3] [candidate] term=454 :: starting election (term 454)
1780470481.3039 [node-3] [follower] term=454 :: LOST election with 1/5 votes
1780470481.3044 [node-3] [follower] term=454 :: handle_request error: 'from'
1780470481.3982 [node-3] [follower] term=455 :: handle_request error: 'from'
1780470481.4423 [node-3] [follower] term=456 :: handle_request error: 'from'
1780470481.5195 [node-3] [follower] term=457 :: handle_request error: 'from'
1780470481.5365 [node-3] [follower] term=458 :: handle_request error: 'from'
1780470481.5807 [node-3] [candidate] term=459 :: starting election (term 459)
1780470481.5972 [node-3] [follower] term=459 :: LOST election with 1/5 votes
1780470481.5987 [node-3] [follower] term=459 :: handle_request error: 'from'
1780470481.5987 [node-3] [follower] term=460 :: handle_request error: 'from'
1780470481.7372 [node-3] [follower] term=461 :: handle_request error: 'from'
1780470481.7532 [node-3] [follower] term=462 :: handle_request error: 'from'
1780470481.8437 [node-3] [candidate] term=463 :: starting election (term 463)
1780470481.8596 [node-3] [follower] term=463 :: LOST election with 1/5 votes
1780470481.8607 [node-3] [follower] term=464 :: handle_request error: 'from'
1780470481.8757 [node-3] [follower] term=465 :: handle_request error: 'from'
1780470481.9228 [node-3] [follower] term=466 :: handle_request error: 'from'
1780470481.9533 [node-3] [follower] term=467 :: handle_request error: 'from'
1780470482.0450 [node-3] [candidate] term=468 :: starting election (term 468)
1780470482.0474 [node-3] [candidate] term=468 :: handle_request error: 'from'
1780470482.0612 [node-3] [follower] term=468 :: LOST election with 1/5 votes
1780470482.1709 [node-3] [follower] term=469 :: handle_request error: 'from'
1780470482.1709 [node-3] [follower] term=469 :: handle_request error: 'from'
1780470482.2648 [node-3] [follower] term=470 :: handle_request error: 'from'
1780470482.2798 [node-3] [follower] term=471 :: handle_request error: 'from'
1780470482.3089 [node-3] [candidate] term=472 :: starting election (term 472)
1780470482.3254 [node-3] [follower] term=472 :: LOST election with 1/5 votes
1780470482.4504 [node-3] [follower] term=473 :: handle_request error: 'from'
1780470482.4504 [node-3] [follower] term=473 :: handle_request error: 'from'
1780470482.5110 [node-3] [candidate] term=474 :: starting election (term 474)
1780470482.5265 [node-3] [follower] term=474 :: LOST election with 1/5 votes
1780470482.5429 [node-3] [follower] term=475 :: handle_request error: 'from'
1780470482.5896 [node-3] [follower] term=476 :: handle_request error: 'from'
1780470482.6667 [node-3] [follower] term=477 :: handle_request error: 'from'
1780470482.7432 [node-3] [candidate] term=478 :: starting election (term 478)
1780470482.7432 [node-3] [candidate] term=478 :: handle_request error: 'from'
1780470482.7592 [node-3] [follower] term=478 :: LOST election with 1/5 votes
1780470482.8363 [node-3] [follower] term=479 :: handle_request error: 'from'
1780470482.8388 [node-3] [follower] term=480 :: handle_request error: 'from'
1780470482.9439 [node-3] [follower] term=481 :: handle_request error: 'from'
1780470482.9992 [node-3] [follower] term=482 :: handle_request error: 'from'
1780470483.0228 [node-3] [follower] term=483 :: handle_request error: 'from'
1780470483.0364 [node-3] [candidate] term=484 :: starting election (term 484)
1780470483.0532 [node-3] [follower] term=484 :: LOST election with 1/5 votes
1780470483.1621 [node-3] [follower] term=485 :: handle_request error: 'from'
1780470483.2242 [node-3] [follower] term=486 :: handle_request error: 'from'
1780470483.2692 [node-3] [candidate] term=487 :: starting election (term 487)
1780470483.2717 [node-3] [candidate] term=487 :: handle_request error: 'from'
1780470483.2851 [node-3] [follower] term=487 :: LOST election with 1/5 votes
1780470483.3156 [node-3] [follower] term=488 :: handle_request error: 'from'
1780470483.3476 [node-3] [follower] term=489 :: handle_request error: 'from'
1780470483.4873 [node-3] [follower] term=490 :: handle_request error: 'from'
1780470483.5010 [node-3] [candidate] term=491 :: starting election (term 491)
1780470483.5033 [node-3] [candidate] term=491 :: handle_request error: 'from'
1780470483.5040 [node-3] [follower] term=491 :: LOST election with 1/5 votes
1780470483.5790 [node-3] [follower] term=492 :: handle_request error: 'from'
1780470483.5971 [node-3] [follower] term=493 :: handle_request error: 'from'
1780470483.6877 [node-3] [candidate] term=494 :: starting election (term 494)
1780470483.6892 [node-3] [candidate] term=494 :: handle_request error: 'from'
1780470483.6902 [node-3] [candidate] term=494 :: handle_request error: 'from'
1780470483.6907 [node-3] [follower] term=494 :: LOST election with 1/5 votes
1780470483.7802 [node-3] [follower] term=495 :: handle_request error: 'from'
1780470483.8735 [node-3] [candidate] term=496 :: starting election (term 496)
1780470483.8756 [node-3] [candidate] term=496 :: handle_request error: 'from'
1780470483.8756 [node-3] [candidate] term=496 :: handle_request error: 'from'
1780470483.8761 [node-3] [follower] term=496 :: LOST election with 1/5 votes
1780470483.9815 [node-3] [follower] term=497 :: handle_request error: 'from'
1780470484.0603 [node-3] [follower] term=498 :: handle_request error: 'from'
1780470484.1065 [node-3] [follower] term=499 :: handle_request error: 'from'
1780470484.1218 [node-3] [follower] term=499 :: handle_request error: 'from'
1780470484.1520 [node-3] [candidate] term=500 :: starting election (term 500)
1780470484.1675 [node-3] [follower] term=500 :: LOST election with 1/5 votes
1780470484.1830 [node-3] [follower] term=501 :: handle_request error: 'from'
1780470484.3077 [node-3] [follower] term=502 :: handle_request error: 'from'
1780470484.3383 [node-3] [follower] term=503 :: handle_request error: 'from'
1780470484.3528 [node-3] [candidate] term=504 :: starting election (term 504)
1780470484.3688 [node-3] [follower] term=504 :: LOST election with 1/5 votes
1780470484.3846 [node-3] [follower] term=505 :: handle_request error: 'from'
1780470484.4932 [node-3] [follower] term=506 :: handle_request error: 'from'
1780470484.4932 [node-3] [follower] term=506 :: handle_request error: 'from'
1780470484.5545 [node-3] [follower] term=507 :: handle_request error: 'from'
1780470484.6459 [node-3] [candidate] term=508 :: starting election (term 508)
1780470484.6620 [node-3] [candidate] term=508 :: handle_request error: 'from'
1780470484.6625 [node-3] [follower] term=508 :: LOST election with 1/5 votes
1780470484.6945 [node-3] [follower] term=509 :: handle_request error: 'from'
1780470484.7260 [node-3] [follower] term=510 :: handle_request error: 'from'
1780470484.8031 [node-3] [follower] term=511 :: handle_request error: 'from'
1780470484.8181 [node-3] [follower] term=512 :: handle_request error: 'from'
