1780470455.0712 [node-2] [candidate] term=1 :: starting election (term 1)
1780470455.0772 [node-2] [follower] term=1 :: LOST election with 1/5 votes
1780470455.0917 [node-2] [follower] term=2 :: handle_request error: 'from'
1780470455.1212 [node-2] [follower] term=3 :: handle_request error: 'from'
1780470455.1952 [node-2] [follower] term=4 :: handle_request error: 'from'
1780470455.2157 [node-2] [follower] term=5 :: handle_request error: 'from'
1780470455.2567 [node-2] [candidate] term=6 :: starting election (term 6)
1780470455.2587 [node-2] [follower] term=6 :: LOST election with 1/5 votes
1780470455.3044 [node-2] [follower] term=7 :: handle_request error: 'from'
1780470455.3970 [node-2] [follower] term=8 :: handle_request error: 'from'
1780470455.4125 [node-2] [follower] term=9 :: handle_request error: 'from'
1780470455.4585 [node-2] [follower] term=10 :: handle_request error: 'from'
1780470455.5520 [node-2] [follower] term=11 :: handle_request error: 'from'
1780470455.5652 [node-2] [candidate] term=12 :: starting election (term 12)
1780470455.5672 [node-2] [follower] term=12 :: LOST election with 1/5 votes
1780470455.5981 [node-2] [follower] term=13 :: handle_request error: 'from'
1780470455.6740 [node-2] [follower] term=14 :: handle_request error: 'from'
1780470455.6755 [node-2] [follower] term=14 :: handle_request error: 'from'
1780470455.7682 [node-2] [follower] term=15 :: handle_request error: 'from'
1780470455.7687 [node-2] [follower] term=15 :: handle_request error: 'from'
1780470455.8747 [node-2] [candidate] term=16 :: starting election (term 16)
1780470455.8907 [node-2] [follower] term=16 :: LOST election with 1/5 votes
1780470455.8917 [node-2] [follower] term=17 :: handle_request error: 'from'
1780470455.9365 [node-2] [follower] term=18 :: handle_request error: 'from'
1780470455.9377 [node-2] [follower] term=19 :: handle_request error: 'from'
1780470456.0596 [node-2] [follower] term=20 :: handle_request error: 'from'
1780470456.0765 [node-2] [follower] term=21 :: handle_request error: 'from'
1780470456.1054 [node-2] [candidate] term=22 :: starting election (term 22)
1780470456.1079 [node-2] [follower] term=22 :: LOST election with 1/5 votes
1780470456.1534 [node-2] [follower] term=23 :: handle_request error: 'from'
1780470456.1539 [node-2] [follower] term=23 :: handle_request error: 'from'
1780470456.3076 [node-2] [follower] term=24 :: handle_request error: 'from'
1780470456.3216 [node-2] [candidate] term=25 :: starting election (term 25)
1780470456.3236 [node-2] [follower] term=25 :: LOST election with 1/5 votes
1780470456.3386 [node-2] [follower] term=26 :: handle_request error: 'from'
1780470456.4141 [node-2] [follower] term=27 :: handle_request error: 'from'
1780470456.4620 [node-2] [follower] term=28 :: handle_request error: 'from'
1780470456.5090 [node-2] [follower] term=29 :: handle_request error: 'from'
1780470456.5246 [node-2] [follower] term=29 :: handle_request error: 'from'
1780470456.5690 [node-2] [candidate] term=30 :: starting election (term 30)
1780470456.5855 [node-2] [follower] term=30 :: LOST election with 1/5 votes
1780470456.6014 [node-2] [follower] term=31 :: handle_request error: 'from'
1780470456.6790 [node-2] [follower] term=32 :: handle_request error: 'from'
1780470456.7551 [node-2] [follower] term=33 :: handle_request error: 'from'
1780470456.8166 [node-2] [follower] term=34 :: handle_request error: 'from'
1780470456.8321 [node-2] [candidate] term=35 :: starting election (term 35)
1780470456.8486 [node-2] [follower] term=35 :: LOST election with 1/5 votes
1780470456.8641 [node-2] [follower] term=36 :: handle_request error: 'from'
1780470456.9263 [node-2] [follower] term=37 :: handle_request error: 'from'
1780470456.9729 [node-2] [follower] term=38 :: handle_request error: 'from'
1780470457.0039 [node-2] [follower] term=39 :: handle_request error: 'from'
1780470457.0650 [node-2] [candidate] term=40 :: starting election (term 40)
1780470457.0670 [node-2] [candidate] term=40 :: handle_request error: 'from'
1780470457.0680 [node-2] [follower] term=40 :: LOST election with 1/5 votes
1780470457.1911 [node-2] [follower] term=41 :: handle_request error: 'from'
1780470457.2066 [node-2] [follower] term=42 :: handle_request error: 'from'
1780470457.2370 [node-2] [follower] term=43 :: handle_request error: 'from'
1780470457.2510 [node-2] [candidate] term=44 :: starting election (term 44)
1780470457.2671 [node-2] [follower] term=44 :: LOST election with 1/5 votes
1780470457.2836 [node-2] [follower] term=45 :: handle_request error: 'from'
1780470457.3926 [node-2] [follower] term=46 :: handle_request error: 'from'
1780470457.4546 [node-2] [follower] term=47 :: handle_request error: 'from'
1780470457.4840 [node-2] [candidate] term=48 :: starting election (term 48)
1780470457.4860 [node-2] [follower] term=48 :: LOST election with 1/5 votes
1780470457.5003 [node-2] [follower] term=49 :: handle_request error: 'from'
1780470457.5315 [node-2] [follower] term=50 :: handle_request error: 'from'
1780470457.6243 [node-2] [follower] term=51 :: handle_request error: 'from'
1780470457.7015 [node-2] [follower] term=52 :: handle_request error: 'from'
1780470457.7309 [node-2] [candidate] term=53 :: starting election (term 53)
1780470457.7468 [node-2] [candidate] term=53 :: handle_request error: 'from'
1780470457.7474 [node-2] [follower] term=53 :: LOST election with 1/5 votes
1780470457.7791 [node-2] [follower] term=54 :: handle_request error: 'from'
1780470457.8718 [node-2] [follower] term=55 :: handle_request error: 'from'
1780470457.8728 [node-2] [follower] term=55 :: handle_request error: 'from'
1780470457.9642 [node-2] [follower] term=56 :: handle_request error: 'from'
1780470457.9935 [node-2] [candidate] term=57 :: starting election (term 57)
1780470458.0100 [node-2] [follower] term=57 :: LOST election with 1/5 votes
1780470458.0567 [node-2] [follower] term=58 :: handle_request error: 'from'
1780470458.1331 [node-2] [follower] term=59 :: handle_request error: 'from'
1780470458.1346 [node-2] [follower] term=59 :: handle_request error: 'from'
1780470458.2427 [node-2] [follower] term=60 :: handle_request error: 'from'
1780470458.2579 [node-2] [follower] term=61 :: handle_request error: 'from'
1780470458.2873 [node-2] [candidate] term=62 :: starting election (term 62)
1780470458.2893 [node-2] [follower] term=62 :: LOST election with 1/5 votes
1780470458.4147 [node-2] [follower] term=63 :: handle_request error: 'from'
1780470458.4582 [node-2] [follower] term=64 :: handle_request error: 'from'
1780470458.5047 [node-2] [follower] term=65 :: handle_request error: 'from'
1780470458.5203 [node-2] [follower] term=65 :: handle_request error: 'from'
1780470458.5663 [node-2] [candidate] term=66 :: starting election (term 66)
1780470458.5818 [node-2] [follower] term=66 :: LOST election with 1/5 votes
1780470458.7224 [node-2] [follower] term=67 :: handle_request error: 'from'
1780470458.7520 [node-2] [follower] term=68 :: handle_request error: 'from'
1780470458.7830 [node-2] [follower] term=69 :: handle_request error: 'from'
1780470458.7840 [node-2] [follower] term=69 :: handle_request error: 'from'
1780470458.8603 [node-2] [candidate] term=70 :: starting election (term 70)
1780470458.8768 [node-2] [follower] term=70 :: LOST election with 1/5 votes
1780470458.9385 [node-2] [follower] term=71 :: handle_request error: 'from'
1780470458.9395 [node-2] [follower] term=71 :: handle_request error: 'from'
1780470458.9701 [node-2] [follower] term=72 :: handle_request error: 'from'
1780470459.0321 [node-2] [follower] term=73 :: handle_request error: 'from'
1780470459.1242 [node-2] [candidate] term=74 :: starting election (term 74)
1780470459.1257 [node-2] [candidate] term=74 :: handle_request error: 'from'
1780470459.1399 [node-2] [follower] term=74 :: LOST election with 1/5 votes
1780470459.1404 [node-2] [follower] term=75 :: handle_request error: 'from'
1780470459.2494 [node-2] [follower] term=76 :: handle_request error: 'from'
1780470459.2935 [node-2] [follower] term=77 :: handle_request error: 'from'
1780470459.3105 [node-2] [follower] term=78 :: handle_request error: 'from'
1780470459.3550 [node-2] [candidate] term=79 :: starting election (term 79)
1780470459.3713 [node-2] [follower] term=79 :: LOST election with 1/5 votes
1780470459.4168 [node-2] [follower] term=80 :: handle_request error: 'from'
1780470459.4950 [node-2] [follower] term=81 :: handle_request error: 'from'
1780470459.5102 [node-2] [follower] term=81 :: handle_request error: 'from'
1780470459.5724 [node-2] [follower] term=82 :: handle_request error: 'from'
1780470459.6175 [node-2] [candidate] term=83 :: starting election (term 83)
1780470459.6196 [node-2] [follower] term=83 :: LOST election with 1/5 votes
1780470459.6652 [node-2] [follower] term=84 :: handle_request error: 'from'
1780470459.7752 [node-2] [follower] term=85 :: handle_request error: 'from'
1780470459.8026 [node-2] [candidate] term=86 :: starting election (term 86)
1780470459.8046 [node-2] [follower] term=86 :: LOST election with 1/5 votes
1780470459.8193 [node-2] [follower] term=87 :: handle_request error: 'from'
1780470459.8193 [node-2] [follower] term=87 :: handle_request error: 'from'
1780470459.8651 [node-2] [follower] term=88 :: handle_request error: 'from'
1780470459.9901 [node-2] [follower] term=89 :: handle_request error: 'from'
1780470460.0202 [node-2] [follower] term=90 :: handle_request error: 'from'
1780470460.0499 [node-2] [candidate] term=91 :: starting election (term 91)
1780470460.0655 [node-2] [follower] term=91 :: LOST election with 1/5 votes
1780470460.1135 [node-2] [follower] term=92 :: handle_request error: 'from'
1780470460.1285 [node-2] [follower] term=93 :: handle_request error: 'from'
1780470460.1765 [node-2] [follower] term=94 :: handle_request error: 'from'
1780470460.2682 [node-2] [follower] term=95 :: handle_request error: 'from'
1780470460.2988 [node-2] [follower] term=96 :: handle_request error: 'from'
1780470460.3128 [node-2] [candidate] term=97 :: starting election (term 97)
1780470460.3153 [node-2] [follower] term=97 :: LOST election with 1/5 votes
1780470460.4069 [node-2] [follower] term=98 :: handle_request error: 'from'
1780470460.4234 [node-2] [follower] term=99 :: handle_request error: 'from'
1780470460.5314 [node-2] [follower] term=100 :: handle_request error: 'from'
1780470460.5914 [node-2] [candidate] term=101 :: starting election (term 101)
1780470460.5929 [node-2] [candidate] term=101 :: handle_request error: 'from'
1780470460.6079 [node-2] [follower] term=101 :: LOST election with 1/5 votes
1780470460.6239 [node-2] [follower] term=102 :: handle_request error: 'from'
1780470460.6709 [node-2] [follower] term=103 :: handle_request error: 'from'
1780470460.7620 [node-2] [candidate] term=104 :: starting election (term 104)
1780470460.7785 [node-2] [follower] term=104 :: LOST election with 1/5 votes
1780470460.7945 [node-2] [follower] term=105 :: handle_request error: 'from'
1780470460.8255 [node-2] [follower] term=106 :: handle_request error: 'from'
1780470460.8570 [node-2] [follower] term=107 :: handle_request error: 'from'
1780470460.9636 [node-2] [candidate] term=108 :: starting election (term 108)
1780470460.9656 [node-2] [candidate] term=108 :: handle_request error: 'from'
1780470460.9661 [node-2] [follower] term=108 :: LOST election with 1/5 votes
1780470461.0268 [node-2] [follower] term=109 :: handle_request error: 'from'
1780470461.0739 [node-2] [follower] term=110 :: handle_request error: 'from'
1780470461.1213 [node-2] [follower] term=111 :: handle_request error: 'from'
1780470461.1498 [node-2] [candidate] term=112 :: starting election (term 112)
1780470461.1663 [node-2] [follower] term=112 :: LOST election with 1/5 votes
1780470461.1824 [node-2] [follower] term=113 :: handle_request error: 'from'
1780470461.2279 [node-2] [follower] term=114 :: handle_request error: 'from'
1780470461.2605 [node-2] [follower] term=115 :: handle_request error: 'from'
1780470461.3528 [node-2] [follower] term=116 :: handle_request error: 'from'
1780470461.3829 [node-2] [candidate] term=117 :: starting election (term 117)
1780470461.3989 [node-2] [follower] term=117 :: LOST election with 1/5 votes
1780470461.4470 [node-2] [follower] term=118 :: handle_request error: 'from'
1780470461.4768 [node-2] [follower] term=119 :: handle_request error: 'from'
1780470461.4924 [node-2] [follower] term=119 :: handle_request error: 'from'
1780470461.5535 [node-2] [candidate] term=120 :: starting election (term 120)
1780470461.5555 [node-2] [follower] term=120 :: LOST election with 1/5 votes
1780470461.5855 [node-2] [follower] term=121 :: handle_request error: 'from'
1780470461.6770 [node-2] [follower] term=122 :: handle_request error: 'from'
1780470461.7096 [node-2] [follower] term=123 :: handle_request error: 'from'
1780470461.7251 [node-2] [follower] term=123 :: handle_request error: 'from'
1780470461.8630 [node-2] [candidate] term=124 :: starting election (term 124)
1780470461.8650 [node-2] [candidate] term=124 :: handle_request error: 'from'
1780470461.8795 [node-2] [follower] term=124 :: LOST election with 1/5 votes
1780470461.9259 [node-2] [follower] term=125 :: handle_request error: 'from'
1780470462.0037 [node-2] [follower] term=126 :: handle_request error: 'from'
1780470462.0343 [node-2] [follower] term=127 :: handle_request error: 'from'
1780470462.0955 [node-2] [follower] term=128 :: handle_request error: 'from'
1780470462.1568 [node-2] [candidate] term=129 :: starting election (term 129)
1780470462.1573 [node-2] [candidate] term=129 :: handle_request error: 'from'
1780470462.1734 [node-2] [follower] term=129 :: LOST election with 1/5 votes
1780470462.1879 [node-2] [follower] term=130 :: handle_request error: 'from'
1780470462.3122 [node-2] [follower] term=131 :: handle_request error: 'from'
1780470462.3737 [node-2] [follower] term=132 :: handle_request error: 'from'
1780470462.4052 [node-2] [follower] term=133 :: handle_request error: 'from'
1780470462.4192 [node-2] [follower] term=133 :: handle_request error: 'from'
1780470462.4497 [node-2] [candidate] term=134 :: starting election (term 134)
1780470462.4522 [node-2] [follower] term=134 :: LOST election with 1/5 votes
1780470462.5443 [node-2] [follower] term=135 :: handle_request error: 'from'
1780470462.5754 [node-2] [follower] term=136 :: handle_request error: 'from'
1780470462.6673 [node-2] [candidate] term=137 :: starting election (term 137)
1780470462.6833 [node-2] [follower] term=137 :: LOST election with 1/5 votes
1780470462.6838 [node-2] [follower] term=138 :: handle_request error: 'from'
1780470462.6996 [node-2] [follower] term=138 :: handle_request error: 'from'
1780470462.8079 [node-2] [follower] term=139 :: handle_request error: 'from'
1780470462.8372 [node-2] [follower] term=140 :: handle_request error: 'from'
1780470462.8538 [node-2] [follower] term=141 :: handle_request error: 'from'
1780470462.9308 [node-2] [candidate] term=142 :: starting election (term 142)
1780470462.9468 [node-2] [follower] term=142 :: LOST election with 1/5 votes
1780470463.0238 [node-2] [follower] term=143 :: handle_request error: 'from'
1780470463.0248 [node-2] [follower] term=144 :: handle_request error: 'from'
1780470463.0253 [node-2] [follower] term=144 :: handle_request error: 'from'
1780470463.0408 [node-2] [follower] term=145 :: handle_request error: 'from'
1780470463.1953 [node-2] [follower] term=146 :: handle_request error: 'from'
1780470463.2252 [node-2] [candidate] term=147 :: starting election (term 147)
1780470463.2262 [node-2] [candidate] term=147 :: handle_request error: 'from'
1780470463.2412 [node-2] [follower] term=147 :: LOST election with 1/5 votes
1780470463.3179 [node-2] [follower] term=148 :: handle_request error: 'from'
1780470463.3502 [node-2] [follower] term=149 :: handle_request error: 'from'
1780470463.4274 [node-2] [follower] term=150 :: handle_request error: 'from'
1780470463.4437 [node-2] [follower] term=151 :: handle_request error: 'from'
1780470463.5197 [node-2] [candidate] term=152 :: starting election (term 152)
1780470463.5212 [node-2] [follower] term=152 :: LOST election with 1/5 votes
1780470463.5367 [node-2] [follower] term=153 :: handle_request error: 'from'
1780470463.6291 [node-2] [follower] term=154 :: handle_request error: 'from'
1780470463.6443 [node-2] [follower] term=155 :: handle_request error: 'from'
1780470463.7087 [node-2] [follower] term=156 :: handle_request error: 'from'
1780470463.7673 [node-2] [candidate] term=157 :: starting election (term 157)
1780470463.7678 [node-2] [candidate] term=157 :: handle_request error: 'from'
1780470463.7698 [node-2] [follower] term=157 :: LOST election with 1/5 votes
1780470463.8816 [node-2] [follower] term=158 :: handle_request error: 'from'
1780470463.9075 [node-2] [follower] term=159 :: handle_request error: 'from'
1780470463.9533 [node-2] [follower] term=160 :: handle_request error: 'from'
1780470463.9846 [node-2] [follower] term=161 :: handle_request error: 'from'
1780470464.0444 [node-2] [candidate] term=162 :: starting election (term 162)
1780470464.0475 [node-2] [follower] term=162 :: LOST election with 1/5 votes
1780470464.0920 [node-2] [follower] term=163 :: handle_request error: 'from'
1780470464.1698 [node-2] [follower] term=164 :: handle_request error: 'from'
1780470464.1990 [node-2] [follower] term=165 :: handle_request error: 'from'
1780470464.2010 [node-2] [follower] term=166 :: handle_request error: 'from'
1780470464.2918 [node-2] [candidate] term=167 :: starting election (term 167)
1780470464.2938 [node-2] [candidate] term=167 :: handle_request error: 'from'
1780470464.2953 [node-2] [follower] term=167 :: LOST election with 1/5 votes
1780470464.4005 [node-2] [follower] term=168 :: handle_request error: 'from'
1780470464.4325 [node-2] [follower] term=169 :: handle_request error: 'from'
1780470464.4481 [node-2] [follower] term=170 :: handle_request error: 'from'
1780470464.4776 [node-2] [candidate] term=171 :: starting election (term 171)
1780470464.4796 [node-2] [follower] term=171 :: LOST election with 1/5 votes
1780470464.5117 [node-2] [follower] term=172 :: handle_request error: 'from'
1780470464.6196 [node-2] [follower] term=173 :: handle_request error: 'from'
1780470464.6822 [node-2] [follower] term=174 :: handle_request error: 'from'
1780470464.7122 [node-2] [follower] term=175 :: handle_request error: 'from'
1780470464.7267 [node-2] [candidate] term=176 :: starting election (term 176)
1780470464.7428 [node-2] [follower] term=176 :: LOST election with 1/5 votes
1780470464.8053 [node-2] [follower] term=177 :: handle_request error: 'from'
1780470464.8971 [node-2] [candidate] term=178 :: starting election (term 178)
1780470464.8986 [node-2] [candidate] term=178 :: handle_request error: 'from'
1780470464.8996 [node-2] [follower] term=178 :: LOST election with 1/5 votes
1780470464.9141 [node-2] [follower] term=179 :: handle_request error: 'from'
1780470464.9759 [node-2] [follower] term=180 :: handle_request error: 'from'
1780470465.0225 [node-2] [follower] term=181 :: handle_request error: 'from'
1780470465.1311 [node-2] [follower] term=182 :: handle_request error: 'from'
1780470465.1448 [node-2] [candidate] term=183 :: starting election (term 183)
1780470465.1468 [node-2] [follower] term=183 :: LOST election with 1/5 votes
1780470465.1608 [node-2] [follower] term=184 :: handle_request error: 'from'
1780470465.1917 [node-2] [follower] term=185 :: handle_request error: 'from'
1780470465.2217 [node-2] [follower] term=186 :: handle_request error: 'from'
1780470465.3290 [node-2] [candidate] term=187 :: starting election (term 187)
1780470465.3450 [node-2] [follower] term=187 :: LOST election with 1/5 votes
1780470465.3620 [node-2] [follower] term=188 :: handle_request error: 'from'
1780470465.4241 [node-2] [follower] term=189 :: handle_request error: 'from'
1780470465.4391 [node-2] [follower] term=190 :: handle_request error: 'from'
1780470465.5167 [node-2] [follower] term=191 :: handle_request error: 'from'
1780470465.5307 [node-2] [candidate] term=192 :: starting election (term 192)
1780470465.5334 [node-2] [follower] term=192 :: LOST election with 1/5 votes
1780470465.6722 [node-2] [follower] term=193 :: handle_request error: 'from'
1780470465.6727 [node-2] [follower] term=193 :: handle_request error: 'from'
1780470465.7023 [node-2] [follower] term=194 :: handle_request error: 'from'
1780470465.7481 [node-2] [follower] term=195 :: handle_request error: 'from'
1780470465.7788 [node-2] [candidate] term=196 :: starting election (term 196)
1780470465.7953 [node-2] [follower] term=196 :: LOST election with 1/5 votes
1780470465.9196 [node-2] [follower] term=197 :: handle_request error: 'from'
1780470465.9357 [node-2] [follower] term=198 :: handle_request error: 'from'
1780470465.9496 [node-2] [follower] term=198 :: handle_request error: 'from'
1780470465.9978 [node-2] [follower] term=199 :: handle_request error: 'from'
1780470466.1052 [node-2] [candidate] term=200 :: starting election (term 200)
1780470466.1207 [node-2] [follower] term=200 :: LOST election with 1/5 votes
1780470466.1852 [node-2] [follower] term=201 :: handle_request error: 'from'
1780470466.1992 [node-2] [follower] term=202 :: handle_request error: 'from'
1780470466.2148 [node-2] [follower] term=203 :: handle_request error: 'from'
1780470466.2452 [node-2] [follower] term=204 :: handle_request error: 'from'
1780470466.3685 [node-2] [candidate] term=205 :: starting election (term 205)
1780470466.3715 [node-2] [follower] term=205 :: LOST election with 1/5 votes
1780470466.4013 [node-2] [follower] term=206 :: handle_request error: 'from'
1780470466.4461 [node-2] [follower] term=207 :: handle_request error: 'from'
1780470466.4632 [node-2] [follower] term=208 :: handle_request error: 'from'
1780470466.4632 [node-2] [follower] term=208 :: handle_request error: 'from'
1780470466.6310 [node-2] [follower] term=209 :: handle_request error: 'from'
1780470466.6325 [node-2] [follower] term=210 :: handle_request error: 'from'
1780470466.6456 [node-2] [candidate] term=211 :: starting election (term 211)
1780470466.6621 [node-2] [follower] term=211 :: LOST election with 1/5 votes
1780470466.6781 [node-2] [follower] term=212 :: handle_request error: 'from'
1780470466.7707 [node-2] [follower] term=213 :: handle_request error: 'from'
1780470466.8028 [node-2] [follower] term=214 :: handle_request error: 'from'
1780470466.8163 [node-2] [candidate] term=215 :: starting election (term 215)
1780470466.8188 [node-2] [follower] term=215 :: LOST election with 1/5 votes
1780470466.8803 [node-2] [follower] term=216 :: handle_request error: 'from'
1780470466.9106 [node-2] [follower] term=217 :: handle_request error: 'from'
1780470466.9422 [node-2] [follower] term=218 :: handle_request error: 'from'
1780470467.0646 [node-2] [follower] term=219 :: handle_request error: 'from'
1780470467.0948 [node-2] [candidate] term=220 :: starting election (term 220)
1780470467.1108 [node-2] [follower] term=220 :: LOST election with 1/5 votes
1780470467.1434 [node-2] [follower] term=221 :: handle_request error: 'from'
1780470467.1899 [node-2] [follower] term=222 :: handle_request error: 'from'
1780470467.2349 [node-2] [follower] term=223 :: handle_request error: 'from'
1780470467.2515 [node-2] [follower] term=224 :: handle_request error: 'from'
1780470467.2660 [node-2] [candidate] term=225 :: starting election (term 225)
1780470467.2816 [node-2] [follower] term=225 :: LOST election with 1/5 votes
1780470467.3141 [node-2] [follower] term=226 :: handle_request error: 'from'
1780470467.3899 [node-2] [follower] term=227 :: handle_request error: 'from'
1780470467.4669 [node-2] [candidate] term=228 :: starting election (term 228)
1780470467.4833 [node-2] [follower] term=228 :: LOST election with 1/5 votes
1780470467.4843 [node-2] [follower] term=229 :: handle_request error: 'from'
1780470467.4993 [node-2] [follower] term=230 :: handle_request error: 'from'
1780470467.5148 [node-2] [follower] term=231 :: handle_request error: 'from'
1780470467.5459 [node-2] [follower] term=232 :: handle_request error: 'from'
1780470467.6685 [node-2] [candidate] term=233 :: starting election (term 233)
1780470467.6846 [node-2] [follower] term=233 :: LOST election with 1/5 votes
1780470467.7482 [node-2] [follower] term=234 :: handle_request error: 'from'
1780470467.7627 [node-2] [follower] term=235 :: handle_request error: 'from'
1780470467.8098 [node-2] [follower] term=236 :: handle_request error: 'from'
1780470467.8103 [node-2] [follower] term=236 :: handle_request error: 'from'
1780470467.9322 [node-2] [candidate] term=237 :: starting election (term 237)
1780470467.9342 [node-2] [follower] term=237 :: LOST election with 1/5 votes
1780470467.9679 [node-2] [follower] term=238 :: handle_request error: 'from'
1780470468.0414 [node-2] [follower] term=239 :: handle_request error: 'from'
1780470468.1036 [node-2] [follower] term=240 :: handle_request error: 'from'
1780470468.1193 [node-2] [follower] term=240 :: handle_request error: 'from'
1780470468.2414 [node-2] [candidate] term=241 :: starting election (term 241)
1780470468.2419 [node-2] [candidate] term=241 :: handle_request error: 'from'
1780470468.2434 [node-2] [follower] term=241 :: LOST election with 1/5 votes
1780470468.2727 [node-2] [follower] term=242 :: handle_request error: 'from'
1780470468.3043 [node-2] [follower] term=243 :: handle_request error: 'from'
1780470468.4135 [node-2] [follower] term=244 :: handle_request error: 'from'
1780470468.4280 [node-2] [follower] term=245 :: handle_request error: 'from'
1780470468.4575 [node-2] [candidate] term=246 :: starting election (term 246)
1780470468.4594 [node-2] [follower] term=246 :: LOST election with 1/5 votes
1780470468.5054 [node-2] [follower] term=247 :: handle_request error: 'from'
1780470468.5510 [node-2] [follower] term=248 :: handle_request error: 'from'
1780470468.6000 [node-2] [follower] term=249 :: handle_request error: 'from'
1780470468.6301 [node-2] [follower] term=250 :: handle_request error: 'from'
1780470468.7677 [node-2] [candidate] term=251 :: starting election (term 251)
1780470468.7692 [node-2] [candidate] term=251 :: handle_request error: 'from'
1780470468.7837 [node-2] [follower] term=251 :: LOST election with 1/5 votes
1780470468.7842 [node-2] [follower] term=252 :: handle_request error: 'from'
1780470468.8467 [node-2] [follower] term=253 :: handle_request error: 'from'
1780470468.8773 [node-2] [follower] term=254 :: handle_request error: 'from'
1780470468.9695 [node-2] [candidate] term=255 :: starting election (term 255)
1780470468.9720 [node-2] [follower] term=255 :: LOST election with 1/5 votes
1780470469.0006 [node-2] [follower] term=256 :: handle_request error: 'from'
1780470469.0161 [node-2] [follower] term=256 :: handle_request error: 'from'
1780470469.0643 [node-2] [follower] term=257 :: handle_request error: 'from'
1780470469.0778 [node-2] [follower] term=257 :: handle_request error: 'from'
1780470469.2783 [node-2] [candidate] term=258 :: starting election (term 258)
1780470469.2798 [node-2] [candidate] term=258 :: handle_request error: 'from'
1780470469.2951 [node-2] [follower] term=259 :: handle_request error: 'from'
1780470469.2951 [node-2] [follower] term=259 :: LOST election with 1/5 votes
1780470469.2956 [node-2] [follower] term=259 :: handle_request error: 'from'
1780470469.3101 [node-2] [follower] term=259 :: handle_request error: 'from'
1780470469.4500 [node-2] [follower] term=260 :: handle_request error: 'from'
1780470469.5113 [node-2] [follower] term=261 :: handle_request error: 'from'
1780470469.5269 [node-2] [follower] term=262 :: handle_request error: 'from'
1780470469.5414 [node-2] [candidate] term=263 :: starting election (term 263)
1780470469.5575 [node-2] [follower] term=263 :: LOST election with 1/5 votes
1780470469.6191 [node-2] [follower] term=264 :: handle_request error: 'from'
1780470469.7282 [node-2] [follower] term=265 :: handle_request error: 'from'
1780470469.7421 [node-2] [candidate] term=266 :: starting election (term 266)
1780470469.7586 [node-2] [follower] term=266 :: LOST election with 1/5 votes
1780470469.7746 [node-2] [follower] term=267 :: handle_request error: 'from'
1780470469.8046 [node-2] [follower] term=267 :: handle_request error: 'from'
1780470469.8698 [node-2] [follower] term=268 :: handle_request error: 'from'
1780470469.8998 [node-2] [follower] term=269 :: handle_request error: 'from'
1780470470.0066 [node-2] [candidate] term=270 :: starting election (term 270)
1780470470.0222 [node-2] [follower] term=270 :: LOST election with 1/5 votes
1780470470.0535 [node-2] [follower] term=271 :: handle_request error: 'from'
1780470470.0687 [node-2] [follower] term=271 :: handle_request error: 'from'
1780470470.1156 [node-2] [follower] term=272 :: handle_request error: 'from'
1780470470.1777 [node-2] [follower] term=273 :: handle_request error: 'from'
1780470470.2541 [node-2] [follower] term=274 :: handle_request error: 'from'
1780470470.2852 [node-2] [follower] term=275 :: handle_request error: 'from'
1780470470.3298 [node-2] [candidate] term=276 :: starting election (term 276)
1780470470.3323 [node-2] [follower] term=276 :: LOST election with 1/5 votes
1780470470.3633 [node-2] [follower] term=277 :: handle_request error: 'from'
1780470470.3764 [node-2] [follower] term=277 :: handle_request error: 'from'
1780470470.4403 [node-2] [follower] term=278 :: handle_request error: 'from'
1780470470.4706 [node-2] [follower] term=279 :: handle_request error: 'from'
1780470470.6077 [node-2] [candidate] term=280 :: starting election (term 280)
1780470470.6097 [node-2] [candidate] term=280 :: handle_request error: 'from'
1780470470.6107 [node-2] [follower] term=280 :: LOST election with 1/5 votes
1780470470.6247 [node-2] [follower] term=281 :: handle_request error: 'from'
1780470470.6553 [node-2] [follower] term=282 :: handle_request error: 'from'
1780470470.6699 [node-2] [follower] term=282 :: handle_request error: 'from'
1780470470.8239 [node-2] [candidate] term=283 :: starting election (term 283)
1780470470.8399 [node-2] [follower] term=283 :: LOST election with 1/5 votes
1780470470.8404 [node-2] [follower] term=284 :: handle_request error: 'from'
1780470470.8880 [node-2] [follower] term=285 :: handle_request error: 'from'
1780470470.8885 [node-2] [follower] term=285 :: handle_request error: 'from'
1780470470.9188 [node-2] [follower] term=286 :: handle_request error: 'from'
1780470471.0252 [node-2] [candidate] term=287 :: starting election (term 287)
1780470471.0277 [node-2] [follower] term=287 :: LOST election with 1/5 votes
1780470471.1030 [node-2] [follower] term=288 :: handle_request error: 'from'
1780470471.1195 [node-2] [follower] term=289 :: handle_request error: 'from'
1780470471.1664 [node-2] [follower] term=290 :: handle_request error: 'from'
1780470471.2115 [node-2] [candidate] term=291 :: starting election (term 291)
1780470471.2120 [node-2] [candidate] term=291 :: handle_request error: 'from'
1780470471.2135 [node-2] [follower] term=291 :: LOST election with 1/5 votes
1780470471.3203 [node-2] [follower] term=292 :: handle_request error: 'from'
1780470471.3966 [node-2] [follower] term=293 :: handle_request error: 'from'
1780470471.4122 [node-2] [follower] term=294 :: handle_request error: 'from'
1780470471.4887 [node-2] [candidate] term=295 :: starting election (term 295)
1780470471.4912 [node-2] [follower] term=295 :: LOST election with 1/5 votes
1780470471.5213 [node-2] [follower] term=296 :: handle_request error: 'from'
1780470471.5364 [node-2] [follower] term=296 :: handle_request error: 'from'
1780470471.5976 [node-2] [follower] term=297 :: handle_request error: 'from'
1780470471.6301 [node-2] [follower] term=298 :: handle_request error: 'from'
1780470471.7367 [node-2] [candidate] term=299 :: starting election (term 299)
1780470471.7397 [node-2] [follower] term=299 :: LOST election with 1/5 votes
1780470471.7991 [node-2] [follower] term=300 :: handle_request error: 'from'
1780470471.8005 [node-2] [follower] term=301 :: handle_request error: 'from'
1780470471.8156 [node-2] [follower] term=302 :: handle_request error: 'from'
1780470471.8781 [node-2] [follower] term=303 :: handle_request error: 'from'
1780470471.9554 [node-2] [follower] term=304 :: handle_request error: 'from'
1780470472.0151 [node-2] [candidate] term=305 :: starting election (term 305)
1780470472.0166 [node-2] [candidate] term=305 :: handle_request error: 'from'
1780470472.0176 [node-2] [follower] term=305 :: LOST election with 1/5 votes
1780470472.0517 [node-2] [follower] term=306 :: handle_request error: 'from'
1780470472.1258 [node-2] [follower] term=307 :: handle_request error: 'from'
1780470472.1879 [node-2] [follower] term=308 :: handle_request error: 'from'
1780470472.3114 [node-2] [follower] term=309 :: handle_request error: 'from'
1780470472.3249 [node-2] [candidate] term=310 :: starting election (term 310)
1780470472.3254 [node-2] [candidate] term=310 :: handle_request error: 'from'
1780470472.3269 [node-2] [follower] term=310 :: LOST election with 1/5 votes
1780470472.3574 [node-2] [follower] term=311 :: handle_request error: 'from'
1780470472.3729 [node-2] [follower] term=311 :: handle_request error: 'from'
1780470472.5276 [node-2] [follower] term=312 :: handle_request error: 'from'
1780470472.6031 [node-2] [candidate] term=313 :: starting election (term 313)
1780470472.6056 [node-2] [follower] term=313 :: LOST election with 1/5 votes
1780470472.6207 [node-2] [follower] term=314 :: handle_request error: 'from'
1780470472.6502 [node-2] [follower] term=315 :: handle_request error: 'from'
1780470472.6512 [node-2] [follower] term=316 :: handle_request error: 'from'
1780470472.7885 [node-2] [candidate] term=317 :: starting election (term 317)
1780470472.8046 [node-2] [follower] term=317 :: LOST election with 1/5 votes
1780470472.8368 [node-2] [follower] term=318 :: handle_request error: 'from'
1780470472.8992 [node-2] [follower] term=319 :: handle_request error: 'from'
1780470472.8992 [node-2] [follower] term=319 :: handle_request error: 'from'
1780470472.9590 [node-2] [follower] term=320 :: handle_request error: 'from'
1780470473.0525 [node-2] [candidate] term=321 :: starting election (term 321)
1780470473.0530 [node-2] [candidate] term=321 :: handle_request error: 'from'
1780470473.0545 [node-2] [follower] term=321 :: LOST election with 1/5 votes
1780470473.1000 [node-2] [follower] term=322 :: handle_request error: 'from'
1780470473.1316 [node-2] [follower] term=323 :: handle_request error: 'from'
1780470473.1776 [node-2] [follower] term=324 :: handle_request error: 'from'
1780470473.2695 [node-2] [candidate] term=325 :: starting election (term 325)
1780470473.2715 [node-2] [candidate] term=325 :: handle_request error: 'from'
1780470473.2856 [node-2] [follower] term=325 :: LOST election with 1/5 votes
1780470473.2866 [node-2] [follower] term=326 :: handle_request error: 'from'
1780470473.3791 [node-2] [follower] term=327 :: handle_request error: 'from'
1780470473.4144 [node-2] [follower] term=328 :: handle_request error: 'from'
1780470473.5031 [node-2] [follower] term=329 :: handle_request error: 'from'
1780470473.5341 [node-2] [follower] term=330 :: handle_request error: 'from'
1780470473.5636 [node-2] [candidate] term=331 :: starting election (term 331)
1780470473.5801 [node-2] [follower] term=331 :: LOST election with 1/5 votes
1780470473.5811 [node-2] [follower] term=332 :: handle_request error: 'from'
1780470473.6898 [node-2] [follower] term=333 :: handle_request error: 'from'
1780470473.6903 [node-2] [follower] term=333 :: handle_request error: 'from'
1780470473.7364 [node-2] [follower] term=334 :: handle_request error: 'from'
1780470473.8280 [node-2] [candidate] term=335 :: starting election (term 335)
1780470473.8441 [node-2] [follower] term=335 :: LOST election with 1/5 votes
1780470473.8451 [node-2] [follower] term=336 :: handle_request error: 'from'
1780470473.9380 [node-2] [follower] term=337 :: handle_request error: 'from'
1780470473.9385 [node-2] [follower] term=337 :: handle_request error: 'from'
1780470474.0471 [node-2] [follower] term=338 :: handle_request error: 'from'
1780470474.1071 [node-2] [follower] term=339 :: handle_request error: 'from'
1780470474.1208 [node-2] [candidate] term=340 :: starting election (term 340)
1780470474.1373 [node-2] [follower] term=340 :: LOST election with 1/5 votes
1780470474.2155 [node-2] [follower] term=341 :: handle_request error: 'from'
1780470474.2160 [node-2] [follower] term=341 :: handle_request error: 'from'
1780470474.2310 [node-2] [follower] term=342 :: handle_request error: 'from'
1780470474.4156 [node-2] [candidate] term=343 :: starting election (term 343)
1780470474.4171 [node-2] [candidate] term=343 :: handle_request error: 'from'
1780470474.4181 [node-2] [follower] term=343 :: LOST election with 1/5 votes
1780470474.4467 [node-2] [follower] term=344 :: handle_request error: 'from'
1780470474.4947 [node-2] [follower] term=345 :: handle_request error: 'from'
1780470474.5392 [node-2] [follower] term=346 :: handle_request error: 'from'
1780470474.6325 [node-2] [candidate] term=347 :: starting election (term 347)
1780470474.6340 [node-2] [candidate] term=347 :: handle_request error: 'from'
1780470474.6345 [node-2] [candidate] term=347 :: handle_request error: 'from'
1780470474.6485 [node-2] [follower] term=347 :: LOST election with 1/5 votes
1780470474.7580 [node-2] [follower] term=348 :: handle_request error: 'from'
1780470474.7770 [node-2] [follower] term=349 :: handle_request error: 'from'
1780470474.8643 [node-2] [candidate] term=350 :: starting election (term 350)
1780470474.8808 [node-2] [follower] term=350 :: LOST election with 1/5 votes
1780470474.9106 [node-2] [follower] term=351 :: handle_request error: 'from'
1780470474.9431 [node-2] [follower] term=352 :: handle_request error: 'from'
1780470474.9743 [node-2] [follower] term=353 :: handle_request error: 'from'
1780470474.9743 [node-2] [follower] term=353 :: handle_request error: 'from'
1780470475.0959 [node-2] [candidate] term=354 :: starting election (term 354)
1780470475.0994 [node-2] [follower] term=354 :: LOST election with 1/5 votes
1780470475.1283 [node-2] [follower] term=355 :: handle_request error: 'from'
1780470475.1903 [node-2] [follower] term=356 :: handle_request error: 'from'
1780470475.2064 [node-2] [follower] term=356 :: handle_request error: 'from'
1780470475.2069 [node-2] [follower] term=356 :: handle_request error: 'from'
1780470475.4021 [node-2] [follower] term=357 :: handle_request error: 'from'
1780470475.4026 [node-2] [follower] term=357 :: handle_request error: 'from'
1780470475.4061 [node-2] [candidate] term=358 :: starting election (term 358)
1780470475.4226 [node-2] [follower] term=358 :: LOST election with 1/5 votes
1780470475.4546 [node-2] [follower] term=359 :: handle_request error: 'from'
1780470475.4556 [node-2] [follower] term=359 :: handle_request error: 'from'
1780470475.6695 [node-2] [candidate] term=360 :: starting election (term 360)
1780470475.6715 [node-2] [candidate] term=360 :: handle_request error: 'from'
1780470475.6725 [node-2] [follower] term=360 :: LOST election with 1/5 votes
1780470475.7015 [node-2] [follower] term=361 :: handle_request error: 'from'
1780470475.7176 [node-2] [follower] term=361 :: handle_request error: 'from'
1780470475.7326 [node-2] [follower] term=362 :: handle_request error: 'from'
1780470475.9176 [node-2] [candidate] term=363 :: starting election (term 363)
1780470475.9336 [node-2] [follower] term=363 :: LOST election with 1/5 votes
1780470475.9346 [node-2] [follower] term=364 :: handle_request error: 'from'
1780470475.9351 [node-2] [follower] term=364 :: handle_request error: 'from'
1780470475.9496 [node-2] [follower] term=365 :: handle_request error: 'from'
1780470476.0277 [node-2] [follower] term=366 :: handle_request error: 'from'
1780470476.1816 [node-2] [follower] term=367 :: handle_request error: 'from'
1780470476.2112 [node-2] [candidate] term=368 :: starting election (term 368)
1780470476.2273 [node-2] [follower] term=368 :: LOST election with 1/5 votes
1780470476.2437 [node-2] [follower] term=369 :: handle_request error: 'from'
1780470476.2592 [node-2] [follower] term=370 :: handle_request error: 'from'
1780470476.3376 [node-2] [follower] term=371 :: handle_request error: 'from'
1780470476.4444 [node-2] [follower] term=372 :: handle_request error: 'from'
1780470476.4754 [node-2] [follower] term=373 :: handle_request error: 'from'
1780470476.5049 [node-2] [candidate] term=374 :: starting election (term 374)
1780470476.5209 [node-2] [follower] term=374 :: LOST election with 1/5 votes
1780470476.5527 [node-2] [follower] term=375 :: handle_request error: 'from'
1780470476.5532 [node-2] [follower] term=375 :: handle_request error: 'from'
1780470476.7064 [node-2] [follower] term=376 :: handle_request error: 'from'
1780470476.7549 [node-2] [follower] term=377 :: handle_request error: 'from'
1780470476.7989 [node-2] [candidate] term=378 :: starting election (term 378)
1780470476.8014 [node-2] [candidate] term=378 :: handle_request error: 'from'
1780470476.8019 [node-2] [candidate] term=378 :: handle_request error: 'from'
1780470476.8155 [node-2] [follower] term=378 :: LOST election with 1/5 votes
1780470476.9262 [node-2] [follower] term=379 :: handle_request error: 'from'
1780470476.9867 [node-2] [follower] term=380 :: handle_request error: 'from'
1780470477.0792 [node-2] [follower] term=381 :: handle_request error: 'from'
1780470477.0797 [node-2] [follower] term=381 :: handle_request error: 'from'
1780470477.1248 [node-2] [candidate] term=382 :: starting election (term 382)
1780470477.1253 [node-2] [candidate] term=382 :: handle_request error: 'from'
1780470477.1406 [node-2] [follower] term=382 :: LOST election with 1/5 votes
1780470477.2183 [node-2] [follower] term=383 :: handle_request error: 'from'
1780470477.3112 [node-2] [follower] term=384 :: handle_request error: 'from'
1780470477.3737 [node-2] [follower] term=385 :: handle_request error: 'from'
1780470477.4039 [node-2] [follower] term=386 :: handle_request error: 'from'
1780470477.4179 [node-2] [candidate] term=387 :: starting election (term 387)
1780470477.4199 [node-2] [follower] term=387 :: LOST election with 1/5 votes
1780470477.4355 [node-2] [follower] term=388 :: handle_request error: 'from'
1780470477.6210 [node-2] [follower] term=389 :: handle_request error: 'from'
1780470477.6210 [node-2] [follower] term=389 :: handle_request error: 'from'
1780470477.6653 [node-2] [candidate] term=390 :: starting election (term 390)
1780470477.6673 [node-2] [follower] term=390 :: LOST election with 1/5 votes
1780470477.6965 [node-2] [follower] term=391 :: handle_request error: 'from'
1780470477.7275 [node-2] [follower] term=392 :: handle_request error: 'from'
1780470477.8819 [node-2] [candidate] term=393 :: starting election (term 393)
1780470477.8844 [node-2] [candidate] term=393 :: handle_request error: 'from'
1780470477.8980 [node-2] [follower] term=393 :: LOST election with 1/5 votes
1780470477.8990 [node-2] [follower] term=394 :: handle_request error: 'from'
1780470477.9141 [node-2] [follower] term=395 :: handle_request error: 'from'
1780470477.9767 [node-2] [follower] term=396 :: handle_request error: 'from'
1780470478.1165 [node-2] [follower] term=397 :: handle_request error: 'from'
1780470478.1456 [node-2] [candidate] term=398 :: starting election (term 398)
1780470478.1471 [node-2] [candidate] term=398 :: handle_request error: 'from'
1780470478.1481 [node-2] [follower] term=398 :: LOST election with 1/5 votes
1780470478.1762 [node-2] [follower] term=399 :: handle_request error: 'from'
1780470478.2847 [node-2] [follower] term=400 :: handle_request error: 'from'
1780470478.3467 [node-2] [follower] term=401 :: handle_request error: 'from'
1780470478.4098 [node-2] [follower] term=402 :: handle_request error: 'from'
1780470478.4238 [node-2] [candidate] term=403 :: starting election (term 403)
1780470478.4403 [node-2] [follower] term=403 :: LOST election with 1/5 votes
1780470478.4878 [node-2] [follower] term=404 :: handle_request error: 'from'
1780470478.5028 [node-2] [follower] term=405 :: handle_request error: 'from'
1780470478.5940 [node-2] [candidate] term=406 :: starting election (term 406)
1780470478.6106 [node-2] [follower] term=406 :: LOST election with 1/5 votes
1780470478.6608 [node-2] [follower] term=407 :: handle_request error: 'from'
1780470478.6881 [node-2] [follower] term=408 :: handle_request error: 'from'
1780470478.7041 [node-2] [follower] term=408 :: handle_request error: 'from'
1780470478.7046 [node-2] [follower] term=408 :: handle_request error: 'from'
1780470478.8879 [node-2] [candidate] term=409 :: starting election (term 409)
1780470478.8904 [node-2] [follower] term=409 :: LOST election with 1/5 votes
1780470478.8904 [node-2] [follower] term=409 :: handle_request error: 'from'
1780470478.9363 [node-2] [follower] term=410 :: handle_request error: 'from'
1780470478.9503 [node-2] [follower] term=410 :: handle_request error: 'from'
1780470478.9823 [node-2] [follower] term=411 :: handle_request error: 'from'
1780470479.1060 [node-2] [follower] term=412 :: handle_request error: 'from'
1780470479.1820 [node-2] [follower] term=413 :: handle_request error: 'from'
1780470479.1970 [node-2] [candidate] term=414 :: starting election (term 414)
1780470479.2131 [node-2] [follower] term=414 :: LOST election with 1/5 votes
1780470479.2293 [node-2] [follower] term=415 :: handle_request error: 'from'
1780470479.2298 [node-2] [follower] term=415 :: handle_request error: 'from'
1780470479.2755 [node-2] [follower] term=416 :: handle_request error: 'from'
1780470479.3978 [node-2] [candidate] term=417 :: starting election (term 417)
1780470479.4139 [node-2] [follower] term=417 :: LOST election with 1/5 votes
1780470479.4149 [node-2] [follower] term=417 :: handle_request error: 'from'
1780470479.4612 [node-2] [follower] term=418 :: handle_request error: 'from'
1780470479.4617 [node-2] [follower] term=418 :: handle_request error: 'from'
1780470479.5389 [node-2] [follower] term=419 :: handle_request error: 'from'
1780470479.5992 [node-2] [candidate] term=420 :: starting election (term 420)
1780470479.6152 [node-2] [follower] term=420 :: LOST election with 1/5 votes
1780470479.6776 [node-2] [follower] term=421 :: handle_request error: 'from'
1780470479.7238 [node-2] [follower] term=422 :: handle_request error: 'from'
1780470479.7551 [node-2] [follower] term=423 :: handle_request error: 'from'
1780470479.7689 [node-2] [follower] term=423 :: handle_request error: 'from'
1780470479.7995 [node-2] [candidate] term=424 :: starting election (term 424)
1780470479.8015 [node-2] [follower] term=424 :: LOST election with 1/5 votes
1780470479.8476 [node-2] [follower] term=425 :: handle_request error: 'from'
1780470479.9254 [node-2] [follower] term=426 :: handle_request error: 'from'
1780470479.9556 [node-2] [follower] term=427 :: handle_request error: 'from'
1780470479.9851 [node-2] [candidate] term=428 :: starting election (term 428)
1780470479.9876 [node-2] [follower] term=428 :: LOST election with 1/5 votes
1780470480.0331 [node-2] [follower] term=429 :: handle_request error: 'from'
1780470480.1401 [node-2] [follower] term=430 :: handle_request error: 'from'
1780470480.1416 [node-2] [follower] term=431 :: handle_request error: 'from'
1780470480.2034 [node-2] [follower] term=432 :: handle_request error: 'from'
1780470480.2635 [node-2] [candidate] term=433 :: starting election (term 433)
1780470480.2660 [node-2] [follower] term=433 :: LOST election with 1/5 votes
1780470480.3116 [node-2] [follower] term=434 :: handle_request error: 'from'
1780470480.3726 [node-2] [follower] term=435 :: handle_request error: 'from'
1780470480.3896 [node-2] [follower] term=436 :: handle_request error: 'from'
1780470480.4046 [node-2] [follower] term=437 :: handle_request error: 'from'
1780470480.4496 [node-2] [candidate] term=438 :: starting election (term 438)
1780470480.4661 [node-2] [follower] term=438 :: LOST election with 1/5 votes
1780470480.5437 [node-2] [follower] term=439 :: handle_request error: 'from'
1780470480.6063 [node-2] [follower] term=440 :: handle_request error: 'from'
1780470480.6213 [node-2] [candidate] term=441 :: starting election (term 441)
1780470480.6233 [node-2] [follower] term=441 :: LOST election with 1/5 votes
1780470480.6694 [node-2] [follower] term=442 :: handle_request error: 'from'
1780470480.6854 [node-2] [follower] term=442 :: handle_request error: 'from'
1780470480.7313 [node-2] [follower] term=443 :: handle_request error: 'from'
1780470480.8072 [node-2] [candidate] term=444 :: starting election (term 444)
1780470480.8233 [node-2] [follower] term=444 :: LOST election with 1/5 votes
1780470480.8395 [node-2] [follower] term=445 :: handle_request error: 'from'
1780470480.9016 [node-2] [follower] term=446 :: handle_request error: 'from'
1780470480.9167 [node-2] [follower] term=447 :: handle_request error: 'from'
1780470480.9637 [node-2] [follower] term=448 :: handle_request error: 'from'
1780470481.0392 [node-2] [candidate] term=449 :: starting election (term 449)
1780470481.0563 [node-2] [follower] term=449 :: LOST election with 1/5 votes
1780470481.0573 [node-2] [follower] term=449 :: handle_request error: 'from'
1780470481.0707 [node-2] [follower] term=450 :: handle_request error: 'from'
1780470481.1961 [node-2] [follower] term=451 :: handle_request error: 'from'
1780470481.2270 [node-2] [follower] term=452 :: handle_request error: 'from'
1780470481.2873 [node-2] [follower] term=453 :: handle_request error: 'from'
1780470481.3029 [node-2] [candidate] term=454 :: starting election (term 454)
1780470481.3034 [node-2] [candidate] term=454 :: handle_request error: 'from'
1780470481.3182 [node-2] [follower] term=454 :: LOST election with 1/5 votes
1780470481.4114 [node-2] [follower] term=455 :: handle_request error: 'from'
1780470481.4280 [node-2] [follower] term=456 :: handle_request error: 'from'
1780470481.5049 [node-2] [candidate] term=457 :: starting election (term 457)
1780470481.5200 [node-2] [follower] term=457 :: LOST election with 1/5 votes
1780470481.5365 [node-2] [follower] term=458 :: handle_request error: 'from'
1780470481.5827 [node-2] [follower] term=459 :: handle_request error: 'from'
1780470481.5982 [node-2] [follower] term=460 :: handle_request error: 'from'
1780470481.5987 [node-2] [follower] term=460 :: handle_request error: 'from'
1780470481.7362 [node-2] [candidate] term=461 :: starting election (term 461)
1780470481.7377 [node-2] [follower] term=461 :: LOST election with 1/5 votes
1780470481.7673 [node-2] [follower] term=462 :: handle_request error: 'from'
1780470481.8591 [node-2] [follower] term=463 :: handle_request error: 'from'
1780470481.8607 [node-2] [follower] term=464 :: handle_request error: 'from'
1780470481.8902 [node-2] [follower] term=465 :: handle_request error: 'from'
1780470481.9228 [node-2] [follower] term=466 :: handle_request error: 'from'
1780470481.9523 [node-2] [candidate] term=467 :: starting election (term 467)
1780470481.9538 [node-2] [follower] term=467 :: LOST election with 1/5 votes
1780470482.0607 [node-2] [follower] term=468 :: handle_request error: 'from'
1780470482.0607 [node-2] [follower] term=468 :: handle_request error: 'from'
1780470482.1704 [node-2] [follower] term=469 :: handle_request error: 'from'
1780470482.1709 [node-2] [follower] term=469 :: handle_request error: 'from'
1780470482.2628 [node-2] [candidate] term=470 :: starting election (term 470)
1780470482.2653 [node-2] [follower] term=470 :: LOST election with 1/5 votes
1780470482.2798 [node-2] [follower] term=471 :: handle_request error: 'from'
1780470482.3104 [node-2] [follower] term=472 :: handle_request error: 'from'
1780470482.4499 [node-2] [follower] term=473 :: handle_request error: 'from'
1780470482.4499 [node-2] [follower] term=473 :: handle_request error: 'from'
1780470482.5125 [node-2] [follower] term=474 :: handle_request error: 'from'
1780470482.5415 [node-2] [candidate] term=475 :: starting election (term 475)
1780470482.5435 [node-2] [follower] term=475 :: LOST election with 1/5 votes
1780470482.5901 [node-2] [follower] term=476 :: handle_request error: 'from'
1780470482.6667 [node-2] [follower] term=477 :: handle_request error: 'from'
1780470482.7297 [node-2] [follower] term=478 :: handle_request error: 'from'
1780470482.7452 [node-2] [follower] term=478 :: handle_request error: 'from'
1780470482.8208 [node-2] [candidate] term=479 :: starting election (term 479)
1780470482.8368 [node-2] [follower] term=479 :: LOST election with 1/5 votes
1780470482.8383 [node-2] [follower] term=480 :: handle_request error: 'from'
1780470482.9304 [node-2] [follower] term=481 :: handle_request error: 'from'
1780470482.9932 [node-2] [candidate] term=482 :: starting election (term 482)
1780470483.0218 [node-2] [follower] term=482 :: LOST election with 1/5 votes
1780470483.0228 [node-2] [follower] term=483 :: handle_request error: 'from'
1780470483.0523 [node-2] [follower] term=484 :: handle_request error: 'from'
1780470483.1616 [node-2] [follower] term=485 :: handle_request error: 'from'
1780470483.2242 [node-2] [follower] term=486 :: handle_request error: 'from'
1780470483.2846 [node-2] [follower] term=487 :: handle_request error: 'from'
1780470483.2999 [node-2] [candidate] term=488 :: starting election (term 488)
1780470483.3161 [node-2] [follower] term=488 :: LOST election with 1/5 votes
1780470483.3476 [node-2] [follower] term=489 :: handle_request error: 'from'
1780470483.4873 [node-2] [follower] term=490 :: handle_request error: 'from'
1780470483.5033 [node-2] [follower] term=491 :: handle_request error: 'from'
1780470483.5033 [node-2] [follower] term=491 :: handle_request error: 'from'
1780470483.5633 [node-2] [candidate] term=492 :: starting election (term 492)
1780470483.5795 [node-2] [follower] term=492 :: LOST election with 1/5 votes
1780470483.5961 [node-2] [follower] term=493 :: handle_request error: 'from'
1780470483.6892 [node-2] [follower] term=494 :: handle_request error: 'from'
1780470483.6892 [node-2] [follower] term=494 :: handle_request error: 'from'
1780470483.6897 [node-2] [follower] term=494 :: handle_request error: 'from'
1780470483.7646 [node-2] [candidate] term=495 :: starting election (term 495)
1780470483.7807 [node-2] [follower] term=495 :: LOST election with 1/5 votes
1780470483.8751 [node-2] [follower] term=496 :: handle_request error: 'from'
1780470483.8756 [node-2] [follower] term=496 :: handle_request error: 'from'
1780470483.8886 [node-2] [follower] term=496 :: handle_request error: 'from'
1780470483.9675 [node-2] [follower] term=497 :: handle_request error: 'from'
1780470484.0589 [node-2] [candidate] term=498 :: starting election (term 498)
1780470484.0748 [node-2] [follower] term=498 :: LOST election with 1/5 votes
1780470484.1065 [node-2] [follower] term=499 :: handle_request error: 'from'
1780470484.1218 [node-2] [follower] term=499 :: handle_request error: 'from'
1780470484.1675 [node-2] [follower] term=500 :: handle_request error: 'from'
1780470484.1685 [node-2] [follower] term=501 :: handle_request error: 'from'
1780470484.3077 [node-2] [follower] term=502 :: handle_request error: 'from'
1780470484.3383 [node-2] [follower] term=503 :: handle_request error: 'from'
1780470484.3543 [node-2] [follower] term=504 :: handle_request error: 'from'
1780470484.3831 [node-2] [candidate] term=505 :: starting election (term 505)
1780470484.3993 [node-2] [follower] term=505 :: LOST election with 1/5 votes
1780470484.4932 [node-2] [follower] term=506 :: handle_request error: 'from'
1780470484.4932 [node-2] [follower] term=506 :: handle_request error: 'from'
1780470484.5545 [node-2] [follower] term=507 :: handle_request error: 'from'
1780470484.6464 [node-2] [candidate] term=508 :: starting election (term 508)
1780470484.6620 [node-2] [candidate] term=508 :: handle_request error: 'from'
1780470484.6625 [node-2] [follower] term=508 :: LOST election with 1/5 votes
1780470484.6940 [node-2] [follower] term=509 :: handle_request error: 'from'
1780470484.7255 [node-2] [follower] term=510 :: handle_request error: 'from'
1780470484.8026 [node-2] [follower] term=511 :: handle_request error: 'from'
1780470484.8166 [node-2] [candidate] term=512 :: starting election (term 512)
1780470484.8327 [node-2] [follower] term=512 :: LOST election with 1/5 votes
