1780470455.0762 [node-0] [follower] term=1 :: handle_request error: 'from'
1780470455.0917 [node-0] [follower] term=2 :: handle_request error: 'from'
1780470455.1212 [node-0] [follower] term=3 :: handle_request error: 'from'
1780470455.1702 [node-0] [follower] term=4 :: handle_request error: 'from'
1780470455.2102 [node-0] [candidate] term=5 :: starting election (term 5)
1780470455.2162 [node-0] [follower] term=5 :: LOST election with 1/5 votes
1780470455.2577 [node-0] [follower] term=6 :: handle_request error: 'from'
1780470455.3044 [node-0] [follower] term=7 :: handle_request error: 'from'
1780470455.3965 [node-0] [follower] term=8 :: handle_request error: 'from'
1780470455.4120 [node-0] [follower] term=9 :: handle_request error: 'from'
1780470455.4570 [node-0] [candidate] term=10 :: starting election (term 10)
1780470455.4595 [node-0] [follower] term=10 :: LOST election with 1/5 votes
1780470455.5520 [node-0] [follower] term=11 :: handle_request error: 'from'
1780470455.5667 [node-0] [follower] term=12 :: handle_request error: 'from'
1780470455.6121 [node-0] [follower] term=13 :: handle_request error: 'from'
1780470455.6735 [node-0] [candidate] term=14 :: starting election (term 14)
1780470455.6745 [node-0] [candidate] term=14 :: handle_request error: 'from'
1780470455.6765 [node-0] [follower] term=14 :: LOST election with 1/5 votes
1780470455.7682 [node-0] [follower] term=15 :: handle_request error: 'from'
1780470455.7687 [node-0] [follower] term=15 :: handle_request error: 'from'
1780470455.8762 [node-0] [follower] term=16 :: handle_request error: 'from'
1780470455.8917 [node-0] [follower] term=17 :: handle_request error: 'from'
1780470455.9207 [node-0] [candidate] term=18 :: starting election (term 18)
1780470455.9365 [node-0] [follower] term=18 :: LOST election with 1/5 votes
1780470455.9377 [node-0] [follower] term=19 :: handle_request error: 'from'
1780470456.0596 [node-0] [follower] term=20 :: handle_request error: 'from'
1780470456.0761 [node-0] [follower] term=21 :: handle_request error: 'from'
1780470456.1069 [node-0] [follower] term=22 :: handle_request error: 'from'
1780470456.1524 [node-0] [candidate] term=23 :: starting election (term 23)
1780470456.1539 [node-0] [candidate] term=23 :: handle_request error: 'from'
1780470456.1548 [node-0] [follower] term=23 :: LOST election with 1/5 votes
1780470456.3221 [node-0] [follower] term=24 :: handle_request error: 'from'
1780470456.3231 [node-0] [follower] term=25 :: handle_request error: 'from'
1780470456.3386 [node-0] [follower] term=26 :: handle_request error: 'from'
1780470456.4141 [node-0] [follower] term=27 :: handle_request error: 'from'
1780470456.4609 [node-0] [candidate] term=28 :: starting election (term 28)
1780470456.4630 [node-0] [follower] term=28 :: LOST election with 1/5 votes
1780470456.5090 [node-0] [follower] term=29 :: handle_request error: 'from'
1780470456.5241 [node-0] [follower] term=29 :: handle_request error: 'from'
1780470456.5710 [node-0] [follower] term=30 :: handle_request error: 'from'
1780470456.6158 [node-0] [follower] term=31 :: handle_request error: 'from'
1780470456.6780 [node-0] [candidate] term=32 :: starting election (term 32)
1780470456.6805 [node-0] [follower] term=32 :: LOST election with 1/5 votes
1780470456.7411 [node-0] [follower] term=33 :: handle_request error: 'from'
1780470456.8021 [node-0] [follower] term=34 :: handle_request error: 'from'
1780470456.8331 [node-0] [follower] term=35 :: handle_request error: 'from'
1780470456.8626 [node-0] [candidate] term=36 :: starting election (term 36)
1780470456.8787 [node-0] [follower] term=36 :: LOST election with 1/5 votes
1780470456.9263 [node-0] [follower] term=37 :: handle_request error: 'from'
1780470456.9729 [node-0] [follower] term=38 :: handle_request error: 'from'
1780470457.0039 [node-0] [follower] term=39 :: handle_request error: 'from'
1780470457.0650 [node-0] [candidate] term=40 :: starting election (term 40)
1780470457.0670 [node-0] [candidate] term=40 :: handle_request error: 'from'
1780470457.0810 [node-0] [follower] term=40 :: LOST election with 1/5 votes
1780470457.2051 [node-0] [follower] term=41 :: handle_request error: 'from'
1780470457.2066 [node-0] [follower] term=42 :: handle_request error: 'from'
1780470457.2355 [node-0] [candidate] term=43 :: starting election (term 43)
1780470457.2515 [node-0] [follower] term=43 :: LOST election with 1/5 votes
1780470457.2525 [node-0] [follower] term=44 :: handle_request error: 'from'
1780470457.2841 [node-0] [follower] term=45 :: handle_request error: 'from'
1780470457.4066 [node-0] [follower] term=46 :: handle_request error: 'from'
1780470457.4546 [node-0] [follower] term=47 :: handle_request error: 'from'
1780470457.4855 [node-0] [follower] term=48 :: handle_request error: 'from'
1780470457.4990 [node-0] [candidate] term=49 :: starting election (term 49)
1780470457.5010 [node-0] [follower] term=49 :: LOST election with 1/5 votes
1780470457.5315 [node-0] [follower] term=50 :: handle_request error: 'from'
1780470457.6243 [node-0] [follower] term=51 :: handle_request error: 'from'
1780470457.7015 [node-0] [follower] term=52 :: handle_request error: 'from'
1780470457.7329 [node-0] [follower] term=53 :: handle_request error: 'from'
1780470457.7334 [node-0] [follower] term=53 :: handle_request error: 'from'
1780470457.7776 [node-0] [candidate] term=54 :: starting election (term 54)
1780470457.7796 [node-0] [follower] term=54 :: LOST election with 1/5 votes
1780470457.8718 [node-0] [follower] term=55 :: handle_request error: 'from'
1780470457.8718 [node-0] [follower] term=55 :: handle_request error: 'from'
1780470457.9642 [node-0] [follower] term=56 :: handle_request error: 'from'
1780470457.9950 [node-0] [follower] term=57 :: handle_request error: 'from'
1780470458.0552 [node-0] [candidate] term=58 :: starting election (term 58)
1780470458.0712 [node-0] [follower] term=58 :: LOST election with 1/5 votes
1780470458.1187 [node-0] [follower] term=59 :: handle_request error: 'from'
1780470458.1341 [node-0] [follower] term=59 :: handle_request error: 'from'
1780470458.2427 [node-0] [follower] term=60 :: handle_request error: 'from'
1780470458.2569 [node-0] [candidate] term=61 :: starting election (term 61)
1780470458.2584 [node-0] [follower] term=61 :: LOST election with 1/5 votes
1780470458.2888 [node-0] [follower] term=62 :: handle_request error: 'from'
1780470458.4152 [node-0] [follower] term=63 :: handle_request error: 'from'
1780470458.4582 [node-0] [follower] term=64 :: handle_request error: 'from'
1780470458.5033 [node-0] [candidate] term=65 :: starting election (term 65)
1780470458.5203 [node-0] [follower] term=65 :: LOST election with 1/5 votes
1780470458.5348 [node-0] [follower] term=65 :: handle_request error: 'from'
1780470458.5813 [node-0] [follower] term=66 :: handle_request error: 'from'
1780470458.7224 [node-0] [follower] term=67 :: handle_request error: 'from'
1780470458.7360 [node-0] [candidate] term=68 :: starting election (term 68)
1780470458.7525 [node-0] [follower] term=68 :: LOST election with 1/5 votes
1780470458.7685 [node-0] [follower] term=69 :: handle_request error: 'from'
1780470458.7840 [node-0] [follower] term=69 :: handle_request error: 'from'
1780470458.8623 [node-0] [follower] term=70 :: handle_request error: 'from'
1780470458.9385 [node-0] [follower] term=71 :: handle_request error: 'from'
1780470458.9390 [node-0] [follower] term=71 :: handle_request error: 'from'
1780470458.9686 [node-0] [candidate] term=72 :: starting election (term 72)
1780470458.9706 [node-0] [follower] term=72 :: LOST election with 1/5 votes
1780470459.0316 [node-0] [follower] term=73 :: handle_request error: 'from'
1780470459.1242 [node-0] [candidate] term=74 :: starting election (term 74)
1780470459.1257 [node-0] [candidate] term=74 :: handle_request error: 'from'
1780470459.1267 [node-0] [follower] term=74 :: LOST election with 1/5 votes
1780470459.1404 [node-0] [follower] term=75 :: handle_request error: 'from'
1780470459.2489 [node-0] [follower] term=76 :: handle_request error: 'from'
1780470459.2790 [node-0] [follower] term=77 :: handle_request error: 'from'
1780470459.3090 [node-0] [candidate] term=78 :: starting election (term 78)
1780470459.3250 [node-0] [follower] term=78 :: LOST election with 1/5 votes
1780470459.3565 [node-0] [follower] term=79 :: handle_request error: 'from'
1780470459.4026 [node-0] [follower] term=80 :: handle_request error: 'from'
1780470459.5087 [node-0] [candidate] term=81 :: starting election (term 81)
1780470459.5092 [node-0] [candidate] term=81 :: handle_request error: 'from'
1780470459.5112 [node-0] [follower] term=81 :: LOST election with 1/5 votes
1780470459.5724 [node-0] [follower] term=82 :: handle_request error: 'from'
1780470459.6186 [node-0] [follower] term=83 :: handle_request error: 'from'
1780470459.6652 [node-0] [follower] term=84 :: handle_request error: 'from'
1780470459.7580 [node-0] [follower] term=85 :: handle_request error: 'from'
1780470459.8036 [node-0] [follower] term=86 :: handle_request error: 'from'
1780470459.8173 [node-0] [candidate] term=87 :: starting election (term 87)
1780470459.8188 [node-0] [candidate] term=87 :: handle_request error: 'from'
1780470459.8338 [node-0] [follower] term=87 :: LOST election with 1/5 votes
1780470459.8651 [node-0] [follower] term=88 :: handle_request error: 'from'
1780470459.9896 [node-0] [follower] term=89 :: handle_request error: 'from'
1780470460.0187 [node-0] [candidate] term=90 :: starting election (term 90)
1780470460.0212 [node-0] [follower] term=90 :: LOST election with 1/5 votes
1780470460.0519 [node-0] [follower] term=91 :: handle_request error: 'from'
1780470460.1130 [node-0] [follower] term=92 :: handle_request error: 'from'
1780470460.1280 [node-0] [follower] term=93 :: handle_request error: 'from'
1780470460.1765 [node-0] [follower] term=94 :: handle_request error: 'from'
1780470460.2667 [node-0] [candidate] term=95 :: starting election (term 95)
1780470460.2827 [node-0] [follower] term=95 :: LOST election with 1/5 votes
1780470460.2993 [node-0] [follower] term=96 :: handle_request error: 'from'
1780470460.3143 [node-0] [follower] term=97 :: handle_request error: 'from'
1780470460.4214 [node-0] [follower] term=98 :: handle_request error: 'from'
1780470460.4229 [node-0] [follower] term=99 :: handle_request error: 'from'
1780470460.5294 [node-0] [candidate] term=100 :: starting election (term 100)
1780470460.5459 [node-0] [follower] term=100 :: LOST election with 1/5 votes
1780470460.5934 [node-0] [follower] term=101 :: handle_request error: 'from'
1780470460.6074 [node-0] [follower] term=101 :: handle_request error: 'from'
1780470460.6239 [node-0] [follower] term=102 :: handle_request error: 'from'
1780470460.6709 [node-0] [follower] term=103 :: handle_request error: 'from'
1780470460.7640 [node-0] [follower] term=104 :: handle_request error: 'from'
1780470460.7945 [node-0] [follower] term=105 :: handle_request error: 'from'
1780470460.8240 [node-0] [candidate] term=106 :: starting election (term 106)
1780470460.8405 [node-0] [follower] term=106 :: LOST election with 1/5 votes
1780470460.8570 [node-0] [follower] term=107 :: handle_request error: 'from'
1780470460.9651 [node-0] [follower] term=108 :: handle_request error: 'from'
1780470460.9656 [node-0] [follower] term=108 :: handle_request error: 'from'
1780470461.0258 [node-0] [candidate] term=109 :: starting election (term 109)
1780470461.0278 [node-0] [follower] term=109 :: LOST election with 1/5 votes
1780470461.0739 [node-0] [follower] term=110 :: handle_request error: 'from'
1780470461.1402 [node-0] [follower] term=111 :: handle_request error: 'from'
1780470461.1513 [node-0] [follower] term=112 :: handle_request error: 'from'
1780470461.1809 [node-0] [candidate] term=113 :: starting election (term 113)
1780470461.1829 [node-0] [follower] term=113 :: LOST election with 1/5 votes
1780470461.2134 [node-0] [follower] term=114 :: handle_request error: 'from'
1780470461.2600 [node-0] [follower] term=115 :: handle_request error: 'from'
1780470461.3528 [node-0] [follower] term=116 :: handle_request error: 'from'
1780470461.3844 [node-0] [follower] term=117 :: handle_request error: 'from'
1780470461.4465 [node-0] [follower] term=118 :: handle_request error: 'from'
1780470461.4909 [node-0] [candidate] term=119 :: starting election (term 119)
1780470461.4914 [node-0] [candidate] term=119 :: handle_request error: 'from'
1780470461.5069 [node-0] [follower] term=119 :: LOST election with 1/5 votes
1780470461.5544 [node-0] [follower] term=120 :: handle_request error: 'from'
1780470461.5855 [node-0] [follower] term=121 :: handle_request error: 'from'
1780470461.6631 [node-0] [follower] term=122 :: handle_request error: 'from'
1780470461.7236 [node-0] [candidate] term=123 :: starting election (term 123)
1780470461.7241 [node-0] [candidate] term=123 :: handle_request error: 'from'
1780470461.7261 [node-0] [follower] term=123 :: LOST election with 1/5 votes
1780470461.8645 [node-0] [follower] term=124 :: handle_request error: 'from'
1780470461.8650 [node-0] [follower] term=124 :: handle_request error: 'from'
1780470461.9259 [node-0] [follower] term=125 :: handle_request error: 'from'
1780470462.0178 [node-0] [follower] term=126 :: handle_request error: 'from'
1780470462.0328 [node-0] [candidate] term=127 :: starting election (term 127)
1780470462.0348 [node-0] [follower] term=127 :: LOST election with 1/5 votes
1780470462.0955 [node-0] [follower] term=128 :: handle_request error: 'from'
1780470462.1431 [node-0] [follower] term=129 :: handle_request error: 'from'
1780470462.1724 [node-0] [follower] term=129 :: handle_request error: 'from'
1780470462.1734 [node-0] [follower] term=130 :: handle_request error: 'from'
1780470462.3110 [node-0] [candidate] term=131 :: starting election (term 131)
1780470462.3271 [node-0] [follower] term=131 :: LOST election with 1/5 votes
1780470462.3882 [node-0] [follower] term=132 :: handle_request error: 'from'
1780470462.4047 [node-0] [follower] term=133 :: handle_request error: 'from'
1780470462.4052 [node-0] [follower] term=133 :: handle_request error: 'from'
1780470462.4512 [node-0] [follower] term=134 :: handle_request error: 'from'
1780470462.5428 [node-0] [candidate] term=135 :: starting election (term 135)
1780470462.5594 [node-0] [follower] term=135 :: LOST election with 1/5 votes
1780470462.5754 [node-0] [follower] term=136 :: handle_request error: 'from'
1780470462.6828 [node-0] [follower] term=137 :: handle_request error: 'from'
1780470462.6838 [node-0] [follower] term=138 :: handle_request error: 'from'
1780470462.6996 [node-0] [follower] term=138 :: handle_request error: 'from'
1780470462.8064 [node-0] [candidate] term=139 :: starting election (term 139)
1780470462.8217 [node-0] [follower] term=139 :: LOST election with 1/5 votes
1780470462.8372 [node-0] [follower] term=140 :: handle_request error: 'from'
1780470462.8538 [node-0] [follower] term=141 :: handle_request error: 'from'
1780470462.9323 [node-0] [follower] term=142 :: handle_request error: 'from'
1780470463.0093 [node-0] [follower] term=143 :: handle_request error: 'from'
1780470463.0253 [node-0] [follower] term=144 :: handle_request error: 'from'
1780470463.0393 [node-0] [candidate] term=145 :: starting election (term 145)
1780470463.0398 [node-0] [candidate] term=145 :: handle_request error: 'from'
1780470463.0413 [node-0] [follower] term=145 :: LOST election with 1/5 votes
1780470463.1953 [node-0] [follower] term=146 :: handle_request error: 'from'
1780470463.2252 [node-0] [candidate] term=147 :: starting election (term 147)
1780470463.2407 [node-0] [candidate] term=147 :: handle_request error: 'from'
1780470463.2412 [node-0] [follower] term=147 :: LOST election with 1/5 votes
1780470463.3034 [node-0] [follower] term=148 :: handle_request error: 'from'
1780470463.3502 [node-0] [follower] term=149 :: handle_request error: 'from'
1780470463.4261 [node-0] [candidate] term=150 :: starting election (term 150)
1780470463.4286 [node-0] [follower] term=150 :: LOST election with 1/5 votes
1780470463.4437 [node-0] [follower] term=151 :: handle_request error: 'from'
1780470463.5207 [node-0] [follower] term=152 :: handle_request error: 'from'
1780470463.5362 [node-0] [follower] term=153 :: handle_request error: 'from'
1780470463.6291 [node-0] [follower] term=154 :: handle_request error: 'from'
1780470463.6428 [node-0] [candidate] term=155 :: starting election (term 155)
1780470463.6593 [node-0] [follower] term=155 :: LOST election with 1/5 votes
1780470463.7092 [node-0] [follower] term=156 :: handle_request error: 'from'
1780470463.7533 [node-0] [follower] term=157 :: handle_request error: 'from'
1780470463.7688 [node-0] [follower] term=157 :: handle_request error: 'from'
1780470463.8816 [node-0] [follower] term=158 :: handle_request error: 'from'
1780470463.9065 [node-0] [candidate] term=159 :: starting election (term 159)
1780470463.9085 [node-0] [follower] term=159 :: LOST election with 1/5 votes
1780470463.9533 [node-0] [follower] term=160 :: handle_request error: 'from'
1780470463.9841 [node-0] [follower] term=161 :: handle_request error: 'from'
1780470464.0460 [node-0] [follower] term=162 :: handle_request error: 'from'
1780470464.0920 [node-0] [follower] term=163 :: handle_request error: 'from'
1780470464.1693 [node-0] [follower] term=164 :: handle_request error: 'from'
1780470464.1835 [node-0] [candidate] term=165 :: starting election (term 165)
1780470464.1995 [node-0] [follower] term=165 :: LOST election with 1/5 votes
1780470464.2005 [node-0] [follower] term=166 :: handle_request error: 'from'
1780470464.2933 [node-0] [follower] term=167 :: handle_request error: 'from'
1780470464.2938 [node-0] [follower] term=167 :: handle_request error: 'from'
1780470464.3880 [node-0] [follower] term=168 :: handle_request error: 'from'
1780470464.4325 [node-0] [follower] term=169 :: handle_request error: 'from'
1780470464.4466 [node-0] [candidate] term=170 :: starting election (term 170)
1780470464.4631 [node-0] [follower] term=170 :: LOST election with 1/5 votes
1780470464.4791 [node-0] [follower] term=171 :: handle_request error: 'from'
1780470464.5112 [node-0] [follower] term=172 :: handle_request error: 'from'
1780470464.6337 [node-0] [follower] term=173 :: handle_request error: 'from'
1780470464.6956 [node-0] [follower] term=174 :: handle_request error: 'from'
1780470464.7107 [node-0] [candidate] term=175 :: starting election (term 175)
1780470464.7132 [node-0] [follower] term=175 :: LOST election with 1/5 votes
1780470464.7422 [node-0] [follower] term=176 :: handle_request error: 'from'
1780470464.8053 [node-0] [follower] term=177 :: handle_request error: 'from'
1780470464.8966 [node-0] [candidate] term=178 :: starting election (term 178)
1780470464.8986 [node-0] [candidate] term=178 :: handle_request error: 'from'
1780470464.9131 [node-0] [follower] term=178 :: LOST election with 1/5 votes
1780470464.9136 [node-0] [follower] term=179 :: handle_request error: 'from'
1780470464.9754 [node-0] [follower] term=180 :: handle_request error: 'from'
1780470465.0220 [node-0] [follower] term=181 :: handle_request error: 'from'
1780470465.1306 [node-0] [follower] term=182 :: handle_request error: 'from'
1780470465.1456 [node-0] [follower] term=183 :: handle_request error: 'from'
1780470465.1752 [node-0] [follower] term=184 :: handle_request error: 'from'
1780470465.1907 [node-0] [candidate] term=185 :: starting election (term 185)
1780470465.2060 [node-0] [follower] term=185 :: LOST election with 1/5 votes
1780470465.2072 [node-0] [follower] term=186 :: handle_request error: 'from'
1780470465.3450 [node-0] [follower] term=187 :: handle_request error: 'from'
1780470465.3615 [node-0] [follower] term=188 :: handle_request error: 'from'
1780470465.4241 [node-0] [follower] term=189 :: handle_request error: 'from'
1780470465.4391 [node-0] [follower] term=190 :: handle_request error: 'from'
1780470465.5152 [node-0] [candidate] term=191 :: starting election (term 191)
1780470465.5182 [node-0] [follower] term=191 :: LOST election with 1/5 votes
1780470465.5324 [node-0] [follower] term=192 :: handle_request error: 'from'
1780470465.6722 [node-0] [follower] term=193 :: handle_request error: 'from'
1780470465.6722 [node-0] [follower] term=193 :: handle_request error: 'from'
1780470465.7023 [node-0] [follower] term=194 :: handle_request error: 'from'
1780470465.7323 [node-0] [candidate] term=195 :: starting election (term 195)
1780470465.7487 [node-0] [follower] term=195 :: LOST election with 1/5 votes
1780470465.7802 [node-0] [follower] term=196 :: handle_request error: 'from'
1780470465.9196 [node-0] [follower] term=197 :: handle_request error: 'from'
1780470465.9342 [node-0] [candidate] term=198 :: starting election (term 198)
1780470465.9357 [node-0] [candidate] term=198 :: handle_request error: 'from'
1780470465.9367 [node-0] [follower] term=198 :: LOST election with 1/5 votes
1780470465.9978 [node-0] [follower] term=199 :: handle_request error: 'from'
1780470466.1062 [node-0] [follower] term=200 :: handle_request error: 'from'
1780470466.1847 [node-0] [follower] term=201 :: handle_request error: 'from'
1780470466.1992 [node-0] [follower] term=202 :: handle_request error: 'from'
1780470466.2133 [node-0] [candidate] term=203 :: starting election (term 203)
1780470466.2153 [node-0] [follower] term=203 :: LOST election with 1/5 votes
1780470466.2296 [node-0] [follower] term=204 :: handle_request error: 'from'
1780470466.3705 [node-0] [follower] term=205 :: handle_request error: 'from'
1780470466.4008 [node-0] [follower] term=206 :: handle_request error: 'from'
1780470466.4321 [node-0] [follower] term=207 :: handle_request error: 'from'
1780470466.4612 [node-0] [candidate] term=208 :: starting election (term 208)
1780470466.4627 [node-0] [candidate] term=208 :: handle_request error: 'from'
1780470466.4642 [node-0] [follower] term=208 :: LOST election with 1/5 votes
1780470466.6305 [node-0] [follower] term=209 :: handle_request error: 'from'
1780470466.6461 [node-0] [follower] term=210 :: handle_request error: 'from'
1780470466.6471 [node-0] [follower] term=211 :: handle_request error: 'from'
1780470466.6771 [node-0] [candidate] term=212 :: starting election (term 212)
1780470466.6932 [node-0] [follower] term=212 :: LOST election with 1/5 votes
1780470466.7707 [node-0] [follower] term=213 :: handle_request error: 'from'
1780470466.8023 [node-0] [follower] term=214 :: handle_request error: 'from'
1780470466.8178 [node-0] [follower] term=215 :: handle_request error: 'from'
1780470466.8788 [node-0] [candidate] term=216 :: starting election (term 216)
1780470466.8813 [node-0] [follower] term=216 :: LOST election with 1/5 votes
1780470466.9106 [node-0] [follower] term=217 :: handle_request error: 'from'
1780470466.9559 [node-0] [follower] term=218 :: handle_request error: 'from'
1780470467.0503 [node-0] [follower] term=219 :: handle_request error: 'from'
1780470467.0963 [node-0] [follower] term=220 :: handle_request error: 'from'
1780470467.1574 [node-0] [follower] term=221 :: handle_request error: 'from'
1780470467.1884 [node-0] [candidate] term=222 :: starting election (term 222)
1780470467.1904 [node-0] [follower] term=222 :: LOST election with 1/5 votes
1780470467.2349 [node-0] [follower] term=223 :: handle_request error: 'from'
1780470467.2515 [node-0] [follower] term=224 :: handle_request error: 'from'
1780470467.2670 [node-0] [follower] term=225 :: handle_request error: 'from'
1780470467.3141 [node-0] [follower] term=226 :: handle_request error: 'from'
1780470467.3744 [node-0] [candidate] term=227 :: starting election (term 227)
1780470467.3904 [node-0] [follower] term=227 :: LOST election with 1/5 votes
1780470467.4828 [node-0] [follower] term=228 :: handle_request error: 'from'
1780470467.4838 [node-0] [follower] term=229 :: handle_request error: 'from'
1780470467.4993 [node-0] [follower] term=230 :: handle_request error: 'from'
1780470467.5148 [node-0] [follower] term=231 :: handle_request error: 'from'
1780470467.5444 [node-0] [candidate] term=232 :: starting election (term 232)
1780470467.5604 [node-0] [follower] term=232 :: LOST election with 1/5 votes
1780470467.6700 [node-0] [follower] term=233 :: handle_request error: 'from'
1780470467.7477 [node-0] [follower] term=234 :: handle_request error: 'from'
1780470467.7627 [node-0] [follower] term=235 :: handle_request error: 'from'
1780470467.8083 [node-0] [candidate] term=236 :: starting election (term 236)
1780470467.8098 [node-0] [candidate] term=236 :: handle_request error: 'from'
1780470467.8243 [node-0] [follower] term=236 :: LOST election with 1/5 votes
1780470467.9337 [node-0] [follower] term=237 :: handle_request error: 'from'
1780470467.9679 [node-0] [follower] term=238 :: handle_request error: 'from'
1780470468.0414 [node-0] [follower] term=239 :: handle_request error: 'from'
1780470468.1021 [node-0] [candidate] term=240 :: starting election (term 240)
1780470468.1183 [node-0] [follower] term=240 :: LOST election with 1/5 votes
1780470468.1188 [node-0] [follower] term=240 :: handle_request error: 'from'
1780470468.2278 [node-0] [follower] term=241 :: handle_request error: 'from'
1780470468.2429 [node-0] [follower] term=241 :: handle_request error: 'from'
1780470468.2727 [node-0] [follower] term=242 :: handle_request error: 'from'
1780470468.3028 [node-0] [candidate] term=243 :: starting election (term 243)
1780470468.3190 [node-0] [follower] term=243 :: LOST election with 1/5 votes
1780470468.4125 [node-0] [follower] term=244 :: handle_request error: 'from'
1780470468.4280 [node-0] [follower] term=245 :: handle_request error: 'from'
1780470468.4590 [node-0] [follower] term=246 :: handle_request error: 'from'
1780470468.5039 [node-0] [candidate] term=247 :: starting election (term 247)
1780470468.5059 [node-0] [follower] term=247 :: LOST election with 1/5 votes
1780470468.5370 [node-0] [follower] term=248 :: handle_request error: 'from'
1780470468.6000 [node-0] [follower] term=249 :: handle_request error: 'from'
1780470468.6301 [node-0] [follower] term=250 :: handle_request error: 'from'
1780470468.7692 [node-0] [follower] term=251 :: handle_request error: 'from'
1780470468.7692 [node-0] [follower] term=251 :: handle_request error: 'from'
1780470468.7832 [node-0] [candidate] term=252 :: starting election (term 252)
1780470468.7993 [node-0] [follower] term=252 :: LOST election with 1/5 votes
1780470468.8462 [node-0] [follower] term=253 :: handle_request error: 'from'
1780470468.8773 [node-0] [follower] term=254 :: handle_request error: 'from'
1780470468.9710 [node-0] [follower] term=255 :: handle_request error: 'from'
1780470468.9851 [node-0] [candidate] term=256 :: starting election (term 256)
1780470469.0016 [node-0] [follower] term=256 :: LOST election with 1/5 votes
1780470469.0021 [node-0] [follower] term=256 :: handle_request error: 'from'
1780470469.0637 [node-0] [follower] term=257 :: handle_request error: 'from'
1780470469.0643 [node-0] [follower] term=257 :: handle_request error: 'from'
1780470469.2783 [node-0] [candidate] term=258 :: starting election (term 258)
1780470469.2798 [node-0] [candidate] term=258 :: handle_request error: 'from'
1780470469.2951 [node-0] [follower] term=258 :: handle_request error: 'from'
1780470469.2951 [node-0] [follower] term=258 :: LOST election with 1/5 votes
1780470469.2951 [node-0] [follower] term=259 :: handle_request error: 'from'
1780470469.3101 [node-0] [follower] term=259 :: handle_request error: 'from'
1780470469.4500 [node-0] [follower] term=260 :: handle_request error: 'from'
1780470469.5103 [node-0] [candidate] term=261 :: starting election (term 261)
1780470469.5123 [node-0] [follower] term=261 :: LOST election with 1/5 votes
1780470469.5269 [node-0] [follower] term=262 :: handle_request error: 'from'
1780470469.5424 [node-0] [follower] term=263 :: handle_request error: 'from'
1780470469.6044 [node-0] [follower] term=264 :: handle_request error: 'from'
1780470469.7426 [node-0] [follower] term=265 :: handle_request error: 'from'
1780470469.7581 [node-0] [follower] term=266 :: handle_request error: 'from'
1780470469.7886 [node-0] [candidate] term=267 :: starting election (term 267)
1780470469.7896 [node-0] [candidate] term=267 :: handle_request error: 'from'
1780470469.8051 [node-0] [follower] term=267 :: LOST election with 1/5 votes
1780470469.8703 [node-0] [follower] term=268 :: handle_request error: 'from'
1780470469.8993 [node-0] [follower] term=269 :: handle_request error: 'from'
1780470470.0086 [node-0] [follower] term=270 :: handle_request error: 'from'
1780470470.0525 [node-0] [candidate] term=271 :: starting election (term 271)
1780470470.0682 [node-0] [follower] term=271 :: LOST election with 1/5 votes
1780470470.0687 [node-0] [follower] term=271 :: handle_request error: 'from'
1780470470.1151 [node-0] [follower] term=272 :: handle_request error: 'from'
1780470470.1772 [node-0] [follower] term=273 :: handle_request error: 'from'
1780470470.2541 [node-0] [follower] term=274 :: handle_request error: 'from'
1780470470.2837 [node-0] [candidate] term=275 :: starting election (term 275)
1780470470.2860 [node-0] [follower] term=275 :: LOST election with 1/5 votes
1780470470.3318 [node-0] [follower] term=276 :: handle_request error: 'from'
1780470470.3628 [node-0] [follower] term=277 :: handle_request error: 'from'
1780470470.3633 [node-0] [follower] term=277 :: handle_request error: 'from'
1780470470.4403 [node-0] [follower] term=278 :: handle_request error: 'from'
1780470470.4691 [node-0] [candidate] term=279 :: starting election (term 279)
1780470470.4716 [node-0] [follower] term=279 :: LOST election with 1/5 votes
1780470470.6092 [node-0] [follower] term=280 :: handle_request error: 'from'
1780470470.6097 [node-0] [follower] term=280 :: handle_request error: 'from'
1780470470.6247 [node-0] [follower] term=281 :: handle_request error: 'from'
1780470470.6538 [node-0] [candidate] term=282 :: starting election (term 282)
1780470470.6553 [node-0] [candidate] term=282 :: handle_request error: 'from'
1780470470.6704 [node-0] [follower] term=282 :: LOST election with 1/5 votes
1780470470.8394 [node-0] [follower] term=283 :: handle_request error: 'from'
1780470470.8404 [node-0] [follower] term=284 :: handle_request error: 'from'
1780470470.8880 [node-0] [follower] term=285 :: handle_request error: 'from'
1780470470.9018 [node-0] [follower] term=285 :: handle_request error: 'from'
1780470470.9173 [node-0] [candidate] term=286 :: starting election (term 286)
1780470470.9193 [node-0] [follower] term=286 :: LOST election with 1/5 votes
1780470471.0267 [node-0] [follower] term=287 :: handle_request error: 'from'
1780470471.0890 [node-0] [follower] term=288 :: handle_request error: 'from'
1780470471.1195 [node-0] [follower] term=289 :: handle_request error: 'from'
1780470471.1659 [node-0] [follower] term=290 :: handle_request error: 'from'
1780470471.1960 [node-0] [candidate] term=291 :: starting election (term 291)
1780470471.2125 [node-0] [follower] term=291 :: LOST election with 1/5 votes
1780470471.2130 [node-0] [follower] term=291 :: handle_request error: 'from'
1780470471.3203 [node-0] [follower] term=292 :: handle_request error: 'from'
1780470471.3823 [node-0] [follower] term=293 :: handle_request error: 'from'
1780470471.3976 [node-0] [follower] term=294 :: handle_request error: 'from'
1780470471.4907 [node-0] [follower] term=295 :: handle_request error: 'from'
1780470471.5198 [node-0] [candidate] term=296 :: starting election (term 296)
1780470471.5359 [node-0] [follower] term=296 :: LOST election with 1/5 votes
1780470471.5364 [node-0] [follower] term=296 :: handle_request error: 'from'
1780470471.5830 [node-0] [follower] term=297 :: handle_request error: 'from'
1780470471.6296 [node-0] [follower] term=298 :: handle_request error: 'from'
1780470471.7382 [node-0] [follower] term=299 :: handle_request error: 'from'
1780470471.7830 [node-0] [candidate] term=300 :: starting election (term 300)
1780470471.7995 [node-0] [follower] term=300 :: LOST election with 1/5 votes
1780470471.8000 [node-0] [follower] term=301 :: handle_request error: 'from'
1780470471.8156 [node-0] [follower] term=302 :: handle_request error: 'from'
1780470471.8781 [node-0] [follower] term=303 :: handle_request error: 'from'
1780470471.9549 [node-0] [follower] term=304 :: handle_request error: 'from'
1780470472.0151 [node-0] [candidate] term=305 :: starting election (term 305)
1780470472.0166 [node-0] [candidate] term=305 :: handle_request error: 'from'
1780470472.0312 [node-0] [follower] term=305 :: LOST election with 1/5 votes
1780470472.0512 [node-0] [follower] term=306 :: handle_request error: 'from'
1780470472.1258 [node-0] [follower] term=307 :: handle_request error: 'from'
1780470472.1879 [node-0] [follower] term=308 :: handle_request error: 'from'
1780470472.3094 [node-0] [candidate] term=309 :: starting election (term 309)
1780470472.3109 [node-0] [candidate] term=309 :: handle_request error: 'from'
1780470472.3124 [node-0] [follower] term=309 :: LOST election with 1/5 votes
1780470472.3264 [node-0] [follower] term=310 :: handle_request error: 'from'
1780470472.3574 [node-0] [follower] term=311 :: handle_request error: 'from'
1780470472.3729 [node-0] [follower] term=311 :: handle_request error: 'from'
1780470472.5266 [node-0] [candidate] term=312 :: starting election (term 312)
1780470472.5286 [node-0] [follower] term=312 :: LOST election with 1/5 votes
1780470472.6046 [node-0] [follower] term=313 :: handle_request error: 'from'
1780470472.6207 [node-0] [follower] term=314 :: handle_request error: 'from'
1780470472.6362 [node-0] [follower] term=315 :: handle_request error: 'from'
1780470472.6512 [node-0] [follower] term=316 :: handle_request error: 'from'
1780470472.7900 [node-0] [follower] term=317 :: handle_request error: 'from'
1780470472.8347 [node-0] [candidate] term=318 :: starting election (term 318)
1780470472.8513 [node-0] [follower] term=318 :: LOST election with 1/5 votes
1780470472.8987 [node-0] [follower] term=319 :: handle_request error: 'from'
1780470472.9127 [node-0] [follower] term=319 :: handle_request error: 'from'
1780470472.9450 [node-0] [follower] term=320 :: handle_request error: 'from'
1780470473.0359 [node-0] [candidate] term=321 :: starting election (term 321)
1780470473.0535 [node-0] [follower] term=321 :: LOST election with 1/5 votes
1780470473.0540 [node-0] [follower] term=321 :: handle_request error: 'from'
1780470473.1000 [node-0] [follower] term=322 :: handle_request error: 'from'
1780470473.1316 [node-0] [follower] term=323 :: handle_request error: 'from'
1780470473.1776 [node-0] [follower] term=324 :: handle_request error: 'from'
1780470473.2695 [node-0] [candidate] term=325 :: starting election (term 325)
1780470473.2845 [node-0] [candidate] term=325 :: handle_request error: 'from'
1780470473.2861 [node-0] [follower] term=325 :: LOST election with 1/5 votes
1780470473.2866 [node-0] [follower] term=326 :: handle_request error: 'from'
1780470473.3936 [node-0] [follower] term=327 :: handle_request error: 'from'
1780470473.4144 [node-0] [follower] term=328 :: handle_request error: 'from'
1780470473.5016 [node-0] [candidate] term=329 :: starting election (term 329)
1780470473.5036 [node-0] [follower] term=329 :: LOST election with 1/5 votes
1780470473.5481 [node-0] [follower] term=330 :: handle_request error: 'from'
1780470473.5651 [node-0] [follower] term=331 :: handle_request error: 'from'
1780470473.5806 [node-0] [follower] term=332 :: handle_request error: 'from'
1780470473.6883 [node-0] [candidate] term=333 :: starting election (term 333)
1780470473.6893 [node-0] [candidate] term=333 :: handle_request error: 'from'
1780470473.6908 [node-0] [follower] term=333 :: LOST election with 1/5 votes
1780470473.7364 [node-0] [follower] term=334 :: handle_request error: 'from'
1780470473.8295 [node-0] [follower] term=335 :: handle_request error: 'from'
1780470473.8446 [node-0] [follower] term=336 :: handle_request error: 'from'
1780470473.9364 [node-0] [candidate] term=337 :: starting election (term 337)
1780470473.9375 [node-0] [candidate] term=337 :: handle_request error: 'from'
1780470473.9520 [node-0] [follower] term=337 :: LOST election with 1/5 votes
1780470474.0461 [node-0] [follower] term=338 :: handle_request error: 'from'
1780470474.1071 [node-0] [follower] term=339 :: handle_request error: 'from'
1780470474.1222 [node-0] [follower] term=340 :: handle_request error: 'from'
1780470474.2155 [node-0] [follower] term=341 :: handle_request error: 'from'
1780470474.2155 [node-0] [follower] term=341 :: handle_request error: 'from'
1780470474.2300 [node-0] [candidate] term=342 :: starting election (term 342)
1780470474.2456 [node-0] [follower] term=342 :: LOST election with 1/5 votes
1780470474.4171 [node-0] [follower] term=343 :: handle_request error: 'from'
1780470474.4176 [node-0] [follower] term=343 :: handle_request error: 'from'
1780470474.4322 [node-0] [follower] term=344 :: handle_request error: 'from'
1780470474.4927 [node-0] [candidate] term=345 :: starting election (term 345)
1780470474.4957 [node-0] [follower] term=345 :: LOST election with 1/5 votes
1780470474.5252 [node-0] [follower] term=346 :: handle_request error: 'from'
1780470474.6340 [node-0] [follower] term=347 :: handle_request error: 'from'
1780470474.6345 [node-0] [follower] term=347 :: handle_request error: 'from'
1780470474.6478 [node-0] [follower] term=347 :: handle_request error: 'from'
1780470474.7580 [node-0] [follower] term=348 :: handle_request error: 'from'
1780470474.7755 [node-0] [candidate] term=349 :: starting election (term 349)
1780470474.7875 [node-0] [follower] term=349 :: LOST election with 1/5 votes
1780470474.8803 [node-0] [follower] term=350 :: handle_request error: 'from'
1780470474.8965 [node-0] [follower] term=351 :: handle_request error: 'from'
1780470474.9431 [node-0] [follower] term=352 :: handle_request error: 'from'
1780470474.9728 [node-0] [candidate] term=353 :: starting election (term 353)
1780470474.9738 [node-0] [candidate] term=353 :: handle_request error: 'from'
1780470474.9888 [node-0] [follower] term=353 :: LOST election with 1/5 votes
1780470475.0979 [node-0] [follower] term=354 :: handle_request error: 'from'
1780470475.1283 [node-0] [follower] term=355 :: handle_request error: 'from'
1780470475.2049 [node-0] [candidate] term=356 :: starting election (term 356)
1780470475.2052 [node-0] [candidate] term=356 :: handle_request error: 'from'
1780470475.2064 [node-0] [candidate] term=356 :: handle_request error: 'from'
1780470475.2074 [node-0] [follower] term=356 :: LOST election with 1/5 votes
1780470475.4001 [node-0] [candidate] term=357 :: starting election (term 357)
1780470475.4021 [node-0] [candidate] term=357 :: handle_request error: 'from'
1780470475.4071 [node-0] [follower] term=358 :: handle_request error: 'from'
1780470475.4226 [node-0] [follower] term=358 :: LOST election with 1/5 votes
1780470475.4546 [node-0] [follower] term=359 :: handle_request error: 'from'
1780470475.4546 [node-0] [follower] term=359 :: handle_request error: 'from'
1780470475.6695 [node-0] [candidate] term=360 :: starting election (term 360)
1780470475.6710 [node-0] [candidate] term=360 :: handle_request error: 'from'
1780470475.6725 [node-0] [follower] term=360 :: LOST election with 1/5 votes
1780470475.7015 [node-0] [follower] term=361 :: handle_request error: 'from'
1780470475.7171 [node-0] [follower] term=361 :: handle_request error: 'from'
1780470475.7471 [node-0] [follower] term=362 :: handle_request error: 'from'
1780470475.9186 [node-0] [follower] term=363 :: handle_request error: 'from'
1780470475.9341 [node-0] [follower] term=364 :: handle_request error: 'from'
1780470475.9346 [node-0] [follower] term=364 :: handle_request error: 'from'
1780470475.9481 [node-0] [candidate] term=365 :: starting election (term 365)
1780470475.9645 [node-0] [follower] term=365 :: LOST election with 1/5 votes
1780470476.0277 [node-0] [follower] term=366 :: handle_request error: 'from'
1780470476.1816 [node-0] [follower] term=367 :: handle_request error: 'from'
1780470476.2127 [node-0] [follower] term=368 :: handle_request error: 'from'
1780470476.2421 [node-0] [candidate] term=369 :: starting election (term 369)
1780470476.2442 [node-0] [follower] term=369 :: LOST election with 1/5 votes
1780470476.2592 [node-0] [follower] term=370 :: handle_request error: 'from'
1780470476.3371 [node-0] [follower] term=371 :: handle_request error: 'from'
1780470476.4444 [node-0] [follower] term=372 :: handle_request error: 'from'
1780470476.4754 [node-0] [follower] term=373 :: handle_request error: 'from'
1780470476.5204 [node-0] [follower] term=374 :: handle_request error: 'from'
1780470476.5512 [node-0] [candidate] term=375 :: starting election (term 375)
1780470476.5527 [node-0] [candidate] term=375 :: handle_request error: 'from'
1780470476.5537 [node-0] [follower] term=375 :: LOST election with 1/5 votes
1780470476.6918 [node-0] [follower] term=376 :: handle_request error: 'from'
1780470476.7539 [node-0] [follower] term=377 :: handle_request error: 'from'
1780470476.7989 [node-0] [candidate] term=378 :: starting election (term 378)
1780470476.8014 [node-0] [candidate] term=378 :: handle_request error: 'from'
1780470476.8029 [node-0] [follower] term=378 :: LOST election with 1/5 votes
1780470476.8150 [node-0] [follower] term=378 :: handle_request error: 'from'
1780470476.9257 [node-0] [follower] term=379 :: handle_request error: 'from'
1780470477.0007 [node-0] [follower] term=380 :: handle_request error: 'from'
1780470477.0782 [node-0] [candidate] term=381 :: starting election (term 381)
1780470477.0937 [node-0] [candidate] term=381 :: handle_request error: 'from'
1780470477.0942 [node-0] [follower] term=381 :: LOST election with 1/5 votes
1780470477.1102 [node-0] [follower] term=382 :: handle_request error: 'from'
1780470477.1258 [node-0] [follower] term=382 :: handle_request error: 'from'
1780470477.2183 [node-0] [follower] term=383 :: handle_request error: 'from'
1780470477.3112 [node-0] [follower] term=384 :: handle_request error: 'from'
1780470477.3722 [node-0] [candidate] term=385 :: starting election (term 385)
1780470477.3752 [node-0] [follower] term=385 :: LOST election with 1/5 votes
1780470477.4034 [node-0] [follower] term=386 :: handle_request error: 'from'
1780470477.4194 [node-0] [follower] term=387 :: handle_request error: 'from'
1780470477.4350 [node-0] [follower] term=388 :: handle_request error: 'from'
1780470477.6189 [node-0] [candidate] term=389 :: starting election (term 389)
1780470477.6210 [node-0] [candidate] term=389 :: handle_request error: 'from'
1780470477.6352 [node-0] [follower] term=389 :: LOST election with 1/5 votes
1780470477.6668 [node-0] [follower] term=390 :: handle_request error: 'from'
1780470477.6820 [node-0] [follower] term=391 :: handle_request error: 'from'
1780470477.7129 [node-0] [follower] term=392 :: handle_request error: 'from'
1780470477.8839 [node-0] [follower] term=393 :: handle_request error: 'from'
1780470477.8980 [node-0] [follower] term=393 :: handle_request error: 'from'
1780470477.8990 [node-0] [follower] term=394 :: handle_request error: 'from'
1780470477.9131 [node-0] [candidate] term=395 :: starting election (term 395)
1780470477.9288 [node-0] [follower] term=395 :: LOST election with 1/5 votes
1780470477.9767 [node-0] [follower] term=396 :: handle_request error: 'from'
1780470478.1150 [node-0] [candidate] term=397 :: starting election (term 397)
1780470478.1170 [node-0] [follower] term=397 :: LOST election with 1/5 votes
1780470478.1471 [node-0] [follower] term=398 :: handle_request error: 'from'
1780470478.1612 [node-0] [follower] term=398 :: handle_request error: 'from'
1780470478.1622 [node-0] [follower] term=399 :: handle_request error: 'from'
1780470478.2707 [node-0] [follower] term=400 :: handle_request error: 'from'
1780470478.3311 [node-0] [candidate] term=401 :: starting election (term 401)
1780470478.3467 [node-0] [follower] term=401 :: LOST election with 1/5 votes
1780470478.4243 [node-0] [follower] term=402 :: handle_request error: 'from'
1780470478.4398 [node-0] [follower] term=403 :: handle_request error: 'from'
1780470478.4878 [node-0] [follower] term=404 :: handle_request error: 'from'
1780470478.5028 [node-0] [follower] term=405 :: handle_request error: 'from'
1780470478.5955 [node-0] [follower] term=406 :: handle_request error: 'from'
1780470478.6583 [node-0] [candidate] term=407 :: starting election (term 407)
1780470478.6616 [node-0] [follower] term=407 :: LOST election with 1/5 votes
1780470478.7026 [node-0] [follower] term=408 :: handle_request error: 'from'
1780470478.7041 [node-0] [follower] term=408 :: handle_request error: 'from'
1780470478.7041 [node-0] [follower] term=408 :: handle_request error: 'from'
1780470478.8894 [node-0] [follower] term=409 :: handle_request error: 'from'
1780470478.8899 [node-0] [follower] term=409 :: handle_request error: 'from'
1780470478.9343 [node-0] [candidate] term=410 :: starting election (term 410)
1780470478.9358 [node-0] [candidate] term=410 :: handle_request error: 'from'
1780470478.9503 [node-0] [follower] term=410 :: LOST election with 1/5 votes
1780470478.9823 [node-0] [follower] term=411 :: handle_request error: 'from'
1780470479.1060 [node-0] [follower] term=412 :: handle_request error: 'from'
1780470479.1686 [node-0] [follower] term=413 :: handle_request error: 'from'
1780470479.2131 [node-0] [follower] term=414 :: handle_request error: 'from'
1780470479.2278 [node-0] [candidate] term=415 :: starting election (term 415)
1780470479.2293 [node-0] [candidate] term=415 :: handle_request error: 'from'
1780470479.2308 [node-0] [follower] term=415 :: LOST election with 1/5 votes
1780470479.2755 [node-0] [follower] term=416 :: handle_request error: 'from'
1780470479.4128 [node-0] [candidate] term=417 :: starting election (term 417)
1780470479.4133 [node-0] [candidate] term=417 :: handle_request error: 'from'
1780470479.4291 [node-0] [follower] term=417 :: LOST election with 1/5 votes
1780470479.4612 [node-0] [follower] term=418 :: handle_request error: 'from'
1780470479.4612 [node-0] [follower] term=418 :: handle_request error: 'from'
1780470479.5389 [node-0] [follower] term=419 :: handle_request error: 'from'
1780470479.6147 [node-0] [follower] term=420 :: handle_request error: 'from'
1780470479.6765 [node-0] [candidate] term=421 :: starting election (term 421)
1780470479.6925 [node-0] [follower] term=421 :: LOST election with 1/5 votes
1780470479.7380 [node-0] [follower] term=422 :: handle_request error: 'from'
1780470479.7546 [node-0] [follower] term=423 :: handle_request error: 'from'
1780470479.7551 [node-0] [follower] term=423 :: handle_request error: 'from'
1780470479.8010 [node-0] [follower] term=424 :: handle_request error: 'from'
1780470479.8461 [node-0] [candidate] term=425 :: starting election (term 425)
1780470479.8476 [node-0] [follower] term=425 :: LOST election with 1/5 votes
1780470479.9249 [node-0] [follower] term=426 :: handle_request error: 'from'
1780470479.9556 [node-0] [follower] term=427 :: handle_request error: 'from'
1780470479.9866 [node-0] [follower] term=428 :: handle_request error: 'from'
1780470480.0331 [node-0] [follower] term=429 :: handle_request error: 'from'
1780470480.1241 [node-0] [candidate] term=430 :: starting election (term 430)
1780470480.1406 [node-0] [follower] term=430 :: LOST election with 1/5 votes
1780470480.1411 [node-0] [follower] term=431 :: handle_request error: 'from'
1780470480.2029 [node-0] [follower] term=432 :: handle_request error: 'from'
1780470480.2650 [node-0] [follower] term=433 :: handle_request error: 'from'
1780470480.3116 [node-0] [follower] term=434 :: handle_request error: 'from'
1780470480.3571 [node-0] [candidate] term=435 :: starting election (term 435)
1780470480.3731 [node-0] [follower] term=435 :: LOST election with 1/5 votes
1780470480.3896 [node-0] [follower] term=436 :: handle_request error: 'from'
1780470480.4046 [node-0] [follower] term=437 :: handle_request error: 'from'
1780470480.4511 [node-0] [follower] term=438 :: handle_request error: 'from'
1780470480.5437 [node-0] [follower] term=439 :: handle_request error: 'from'
1780470480.5903 [node-0] [candidate] term=440 :: starting election (term 440)
1780470480.6068 [node-0] [follower] term=440 :: LOST election with 1/5 votes
1780470480.6228 [node-0] [follower] term=441 :: handle_request error: 'from'
1780470480.6699 [node-0] [follower] term=442 :: handle_request error: 'from'
1780470480.6849 [node-0] [follower] term=442 :: handle_request error: 'from'
1780470480.7313 [node-0] [follower] term=443 :: handle_request error: 'from'
1780470480.8228 [node-0] [follower] term=444 :: handle_request error: 'from'
1780470480.8390 [node-0] [follower] term=445 :: handle_request error: 'from'
1780470480.9011 [node-0] [follower] term=446 :: handle_request error: 'from'
1780470480.9152 [node-0] [candidate] term=447 :: starting election (term 447)
1780470480.9172 [node-0] [follower] term=447 :: LOST election with 1/5 votes
1780470480.9632 [node-0] [follower] term=448 :: handle_request error: 'from'
1780470481.0407 [node-0] [follower] term=449 :: handle_request error: 'from'
1780470481.0568 [node-0] [follower] term=450 :: handle_request error: 'from'
1780470481.0568 [node-0] [follower] term=450 :: handle_request error: 'from'
1780470481.1950 [node-0] [candidate] term=451 :: starting election (term 451)
1780470481.2107 [node-0] [follower] term=451 :: LOST election with 1/5 votes
1780470481.2415 [node-0] [follower] term=452 :: handle_request error: 'from'
1780470481.2873 [node-0] [follower] term=453 :: handle_request error: 'from'
1780470481.3029 [node-0] [follower] term=454 :: handle_request error: 'from'
1780470481.3182 [node-0] [follower] term=454 :: handle_request error: 'from'
1780470481.3962 [node-0] [candidate] term=455 :: starting election (term 455)
1780470481.4174 [node-0] [follower] term=455 :: LOST election with 1/5 votes
1780470481.4280 [node-0] [follower] term=456 :: handle_request error: 'from'
1780470481.5064 [node-0] [follower] term=457 :: handle_request error: 'from'
1780470481.5359 [node-0] [follower] term=458 :: handle_request error: 'from'
1780470481.5962 [node-0] [candidate] term=459 :: starting election (term 459)
1780470481.5967 [node-0] [candidate] term=459 :: handle_request error: 'from'
1780470481.5977 [node-0] [follower] term=460 :: handle_request error: 'from'
1780470481.5992 [node-0] [follower] term=460 :: LOST election with 1/5 votes
1780470481.7372 [node-0] [follower] term=461 :: handle_request error: 'from'
1780470481.7532 [node-0] [follower] term=462 :: handle_request error: 'from'
1780470481.8447 [node-0] [follower] term=463 :: handle_request error: 'from'
1780470481.8607 [node-0] [follower] term=464 :: handle_request error: 'from'
1780470481.8747 [node-0] [candidate] term=465 :: starting election (term 465)
1780470481.8907 [node-0] [follower] term=465 :: LOST election with 1/5 votes
1780470481.9228 [node-0] [follower] term=466 :: handle_request error: 'from'
1780470481.9533 [node-0] [follower] term=467 :: handle_request error: 'from'
1780470482.0474 [node-0] [follower] term=468 :: handle_request error: 'from'
1780470482.0474 [node-0] [follower] term=468 :: handle_request error: 'from'
1780470482.1689 [node-0] [candidate] term=469 :: starting election (term 469)
1780470482.1709 [node-0] [candidate] term=469 :: handle_request error: 'from'
1780470482.1714 [node-0] [follower] term=469 :: LOST election with 1/5 votes
1780470482.2643 [node-0] [follower] term=470 :: handle_request error: 'from'
1780470482.2793 [node-0] [follower] term=471 :: handle_request error: 'from'
1780470482.3104 [node-0] [follower] term=472 :: handle_request error: 'from'
1780470482.4484 [node-0] [candidate] term=473 :: starting election (term 473)
1780470482.4499 [node-0] [candidate] term=473 :: handle_request error: 'from'
1780470482.4509 [node-0] [follower] term=473 :: LOST election with 1/5 votes
1780470482.5125 [node-0] [follower] term=474 :: handle_request error: 'from'
1780470482.5429 [node-0] [follower] term=475 :: handle_request error: 'from'
1780470482.5896 [node-0] [follower] term=476 :: handle_request error: 'from'
1780470482.6652 [node-0] [candidate] term=477 :: starting election (term 477)
1780470482.6817 [node-0] [follower] term=477 :: LOST election with 1/5 votes
1780470482.7292 [node-0] [follower] term=478 :: handle_request error: 'from'
1780470482.7447 [node-0] [follower] term=478 :: handle_request error: 'from'
1780470482.8363 [node-0] [follower] term=479 :: handle_request error: 'from'
1780470482.8378 [node-0] [follower] term=480 :: handle_request error: 'from'
1780470482.9284 [node-0] [candidate] term=481 :: starting election (term 481)
1780470482.9444 [node-0] [follower] term=481 :: LOST election with 1/5 votes
1780470483.0213 [node-0] [follower] term=482 :: handle_request error: 'from'
1780470483.0228 [node-0] [follower] term=483 :: handle_request error: 'from'
1780470483.0374 [node-0] [follower] term=484 :: handle_request error: 'from'
1780470483.1616 [node-0] [follower] term=485 :: handle_request error: 'from'
1780470483.2227 [node-0] [candidate] term=486 :: starting election (term 486)
1780470483.2387 [node-0] [follower] term=486 :: LOST election with 1/5 votes
1780470483.2707 [node-0] [follower] term=487 :: handle_request error: 'from'
1780470483.2712 [node-0] [follower] term=487 :: handle_request error: 'from'
1780470483.3011 [node-0] [follower] term=488 :: handle_request error: 'from'
1780470483.3476 [node-0] [follower] term=489 :: handle_request error: 'from'
1780470483.4858 [node-0] [candidate] term=490 :: starting election (term 490)
1780470483.5015 [node-0] [follower] term=490 :: LOST election with 1/5 votes
1780470483.5030 [node-0] [follower] term=491 :: handle_request error: 'from'
1780470483.5030 [node-0] [follower] term=491 :: handle_request error: 'from'
1780470483.5650 [node-0] [follower] term=492 :: handle_request error: 'from'
1780470483.5961 [node-0] [follower] term=493 :: handle_request error: 'from'
1780470483.6877 [node-0] [candidate] term=494 :: starting election (term 494)
1780470483.6897 [node-0] [candidate] term=494 :: handle_request error: 'from'
1780470483.6907 [node-0] [follower] term=494 :: LOST election with 1/5 votes
1780470483.7661 [node-0] [follower] term=495 :: handle_request error: 'from'
1780470483.8731 [node-0] [candidate] term=496 :: starting election (term 496)
1780470483.8746 [node-0] [candidate] term=496 :: handle_request error: 'from'
1780470483.8751 [node-0] [candidate] term=496 :: handle_request error: 'from'
1780470483.8766 [node-0] [follower] term=496 :: LOST election with 1/5 votes
1780470483.9815 [node-0] [follower] term=497 :: handle_request error: 'from'
1780470484.0744 [node-0] [follower] term=498 :: handle_request error: 'from'
1780470484.1203 [node-0] [candidate] term=499 :: starting election (term 499)
1780470484.1208 [node-0] [candidate] term=499 :: handle_request error: 'from'
1780470484.1223 [node-0] [follower] term=499 :: LOST election with 1/5 votes
1780470484.1530 [node-0] [follower] term=500 :: handle_request error: 'from'
1780470484.1685 [node-0] [follower] term=501 :: handle_request error: 'from'
1780470484.3072 [node-0] [follower] term=502 :: handle_request error: 'from'
1780470484.3368 [node-0] [candidate] term=503 :: starting election (term 503)
1780470484.3388 [node-0] [follower] term=503 :: LOST election with 1/5 votes
1780470484.3538 [node-0] [follower] term=504 :: handle_request error: 'from'
1780470484.3988 [node-0] [follower] term=505 :: handle_request error: 'from'
1780470484.4927 [node-0] [follower] term=506 :: handle_request error: 'from'
1780470484.4932 [node-0] [follower] term=506 :: handle_request error: 'from'
1780470484.5530 [node-0] [candidate] term=507 :: starting election (term 507)
1780470484.5555 [node-0] [follower] term=507 :: LOST election with 1/5 votes
1780470484.6479 [node-0] [follower] term=508 :: handle_request error: 'from'
1780470484.6479 [node-0] [follower] term=508 :: handle_request error: 'from'
1780470484.6940 [node-0] [follower] term=509 :: handle_request error: 'from'
1780470484.7255 [node-0] [follower] term=510 :: handle_request error: 'from'
1780470484.8011 [node-0] [candidate] term=511 :: starting election (term 511)
1780470484.8036 [node-0] [follower] term=511 :: LOST election with 1/5 votes
1780470484.8176 [node-0] [follower] term=512 :: handle_request error: 'from'
