1780470455.0762 [node-4] [follower] term=1 :: handle_request error: 'from'
1780470455.0917 [node-4] [follower] term=2 :: handle_request error: 'from'
1780470455.1177 [node-4] [candidate] term=3 :: starting election (term 3)
1780470455.1222 [node-4] [follower] term=3 :: LOST election with 1/5 votes
1780470455.1702 [node-4] [follower] term=4 :: handle_request error: 'from'
1780470455.2157 [node-4] [follower] term=5 :: handle_request error: 'from'
1780470455.2582 [node-4] [follower] term=6 :: handle_request error: 'from'
1780470455.3184 [node-4] [follower] term=7 :: handle_request error: 'from'
1780470455.3950 [node-4] [candidate] term=8 :: starting election (term 8)
1780470455.4015 [node-4] [follower] term=8 :: LOST election with 1/5 votes
1780470455.4125 [node-4] [follower] term=9 :: handle_request error: 'from'
1780470455.4590 [node-4] [follower] term=10 :: handle_request error: 'from'
1780470455.5505 [node-4] [candidate] term=11 :: starting election (term 11)
1780470455.5525 [node-4] [follower] term=11 :: LOST election with 1/5 votes
1780470455.5667 [node-4] [follower] term=12 :: handle_request error: 'from'
1780470455.5981 [node-4] [follower] term=13 :: handle_request error: 'from'
1780470455.6740 [node-4] [follower] term=14 :: handle_request error: 'from'
1780470455.6760 [node-4] [follower] term=14 :: handle_request error: 'from'
1780470455.7666 [node-4] [candidate] term=15 :: starting election (term 15)
1780470455.7692 [node-4] [follower] term=15 :: LOST election with 1/5 votes
1780470455.7826 [node-4] [follower] term=15 :: handle_request error: 'from'
1780470455.8902 [node-4] [follower] term=16 :: handle_request error: 'from'
1780470455.8917 [node-4] [follower] term=17 :: handle_request error: 'from'
1780470455.9217 [node-4] [follower] term=18 :: handle_request error: 'from'
1780470455.9382 [node-4] [follower] term=19 :: handle_request error: 'from'
1780470456.0456 [node-4] [follower] term=20 :: handle_request error: 'from'
1780470456.0751 [node-4] [candidate] term=21 :: starting election (term 21)
1780470456.0905 [node-4] [follower] term=21 :: LOST election with 1/5 votes
1780470456.1074 [node-4] [follower] term=22 :: handle_request error: 'from'
1780470456.1544 [node-4] [follower] term=23 :: handle_request error: 'from'
1780470456.1548 [node-4] [follower] term=23 :: handle_request error: 'from'
1780470456.3060 [node-4] [candidate] term=24 :: starting election (term 24)
1780470456.3221 [node-4] [follower] term=24 :: LOST election with 1/5 votes
1780470456.3236 [node-4] [follower] term=25 :: handle_request error: 'from'
1780470456.3386 [node-4] [follower] term=26 :: handle_request error: 'from'
1780470456.4005 [node-4] [follower] term=27 :: handle_request error: 'from'
1780470456.4630 [node-4] [follower] term=28 :: handle_request error: 'from'
1780470456.5070 [node-4] [candidate] term=29 :: starting election (term 29)
1780470456.5241 [node-4] [follower] term=29 :: LOST election with 1/5 votes
1780470456.5246 [node-4] [follower] term=29 :: handle_request error: 'from'
1780470456.5850 [node-4] [follower] term=30 :: handle_request error: 'from'
1780470456.6014 [node-4] [follower] term=31 :: handle_request error: 'from'
1780470456.6795 [node-4] [follower] term=32 :: handle_request error: 'from'
1780470456.7396 [node-4] [candidate] term=33 :: starting election (term 33)
1780470456.7556 [node-4] [follower] term=33 :: LOST election with 1/5 votes
1780470456.8166 [node-4] [follower] term=34 :: handle_request error: 'from'
1780470456.8336 [node-4] [follower] term=35 :: handle_request error: 'from'
1780470456.8641 [node-4] [follower] term=36 :: handle_request error: 'from'
1780470456.9268 [node-4] [follower] term=37 :: handle_request error: 'from'
1780470456.9734 [node-4] [follower] term=38 :: handle_request error: 'from'
1780470457.0029 [node-4] [candidate] term=39 :: starting election (term 39)
1780470457.0049 [node-4] [follower] term=39 :: LOST election with 1/5 votes
1780470457.0675 [node-4] [follower] term=40 :: handle_request error: 'from'
1780470457.0675 [node-4] [follower] term=40 :: handle_request error: 'from'
1780470457.1911 [node-4] [follower] term=41 :: handle_request error: 'from'
1780470457.2071 [node-4] [follower] term=42 :: handle_request error: 'from'
1780470457.2515 [node-4] [follower] term=43 :: handle_request error: 'from'
1780470457.2671 [node-4] [follower] term=44 :: handle_request error: 'from'
1780470457.2826 [node-4] [candidate] term=45 :: starting election (term 45)
1780470457.2846 [node-4] [follower] term=45 :: LOST election with 1/5 votes
1780470457.3926 [node-4] [follower] term=46 :: handle_request error: 'from'
1780470457.4546 [node-4] [follower] term=47 :: handle_request error: 'from'
1780470457.4855 [node-4] [follower] term=48 :: handle_request error: 'from'
1780470457.5003 [node-4] [follower] term=49 :: handle_request error: 'from'
1780470457.5300 [node-4] [candidate] term=50 :: starting election (term 50)
1780470457.5461 [node-4] [follower] term=50 :: LOST election with 1/5 votes
1780470457.6243 [node-4] [follower] term=51 :: handle_request error: 'from'
1780470457.7022 [node-4] [follower] term=52 :: handle_request error: 'from'
1780470457.7314 [node-4] [candidate] term=53 :: starting election (term 53)
1780470457.7334 [node-4] [candidate] term=53 :: handle_request error: 'from'
1780470457.7474 [node-4] [follower] term=53 :: LOST election with 1/5 votes
1780470457.7791 [node-4] [follower] term=54 :: handle_request error: 'from'
1780470457.8733 [node-4] [follower] term=55 :: handle_request error: 'from'
1780470457.8861 [node-4] [follower] term=55 :: handle_request error: 'from'
1780470457.9630 [node-4] [candidate] term=56 :: starting election (term 56)
1780470457.9652 [node-4] [follower] term=56 :: LOST election with 1/5 votes
1780470458.0095 [node-4] [follower] term=57 :: handle_request error: 'from'
1780470458.0567 [node-4] [follower] term=58 :: handle_request error: 'from'
1780470458.1187 [node-4] [follower] term=59 :: handle_request error: 'from'
1780470458.1346 [node-4] [follower] term=59 :: handle_request error: 'from'
1780470458.2417 [node-4] [candidate] term=60 :: starting election (term 60)
1780470458.2432 [node-4] [follower] term=60 :: LOST election with 1/5 votes
1780470458.2579 [node-4] [follower] term=61 :: handle_request error: 'from'
1780470458.2888 [node-4] [follower] term=62 :: handle_request error: 'from'
1780470458.4147 [node-4] [follower] term=63 :: handle_request error: 'from'
1780470458.4587 [node-4] [follower] term=64 :: handle_request error: 'from'
1780470458.5193 [node-4] [candidate] term=65 :: starting election (term 65)
1780470458.5198 [node-4] [candidate] term=65 :: handle_request error: 'from'
1780470458.5348 [node-4] [follower] term=65 :: LOST election with 1/5 votes
1780470458.5683 [node-4] [follower] term=66 :: handle_request error: 'from'
1780470458.7229 [node-4] [follower] term=67 :: handle_request error: 'from'
1780470458.7375 [node-4] [follower] term=68 :: handle_request error: 'from'
1780470458.7825 [node-4] [candidate] term=69 :: starting election (term 69)
1780470458.7830 [node-4] [candidate] term=69 :: handle_request error: 'from'
1780470458.7845 [node-4] [follower] term=69 :: LOST election with 1/5 votes
1780470458.8628 [node-4] [follower] term=70 :: handle_request error: 'from'
1780470458.9395 [node-4] [follower] term=71 :: handle_request error: 'from'
1780470458.9531 [node-4] [follower] term=71 :: handle_request error: 'from'
1780470458.9701 [node-4] [follower] term=72 :: handle_request error: 'from'
1780470459.0301 [node-4] [candidate] term=73 :: starting election (term 73)
1780470459.0326 [node-4] [follower] term=73 :: LOST election with 1/5 votes
1780470459.1257 [node-4] [follower] term=74 :: handle_request error: 'from'
1780470459.1262 [node-4] [follower] term=74 :: handle_request error: 'from'
1780470459.1547 [node-4] [follower] term=75 :: handle_request error: 'from'
1780470459.2494 [node-4] [follower] term=76 :: handle_request error: 'from'
1780470459.2775 [node-4] [candidate] term=77 :: starting election (term 77)
1780470459.2940 [node-4] [follower] term=77 :: LOST election with 1/5 votes
1780470459.3105 [node-4] [follower] term=78 :: handle_request error: 'from'
1780470459.3565 [node-4] [follower] term=79 :: handle_request error: 'from'
1780470459.4026 [node-4] [follower] term=80 :: handle_request error: 'from'
1780470459.4950 [node-4] [follower] term=81 :: handle_request error: 'from'
1780470459.5107 [node-4] [follower] term=81 :: handle_request error: 'from'
1780470459.5709 [node-4] [candidate] term=82 :: starting election (term 82)
1780470459.5729 [node-4] [follower] term=82 :: LOST election with 1/5 votes
1780470459.6186 [node-4] [follower] term=83 :: handle_request error: 'from'
1780470459.6657 [node-4] [follower] term=84 :: handle_request error: 'from'
1780470459.7580 [node-4] [follower] term=85 :: handle_request error: 'from'
1780470459.8041 [node-4] [follower] term=86 :: handle_request error: 'from'
1780470459.8173 [node-4] [candidate] term=87 :: starting election (term 87)
1780470459.8193 [node-4] [candidate] term=87 :: handle_request error: 'from'
1780470459.8193 [node-4] [follower] term=87 :: LOST election with 1/5 votes
1780470459.8651 [node-4] [follower] term=88 :: handle_request error: 'from'
1780470459.9901 [node-4] [follower] term=89 :: handle_request error: 'from'
1780470460.0202 [node-4] [follower] term=90 :: handle_request error: 'from'
1780470460.0519 [node-4] [follower] term=91 :: handle_request error: 'from'
1780470460.1145 [node-4] [follower] term=92 :: handle_request error: 'from'
1780470460.1270 [node-4] [candidate] term=93 :: starting election (term 93)
1780470460.1290 [node-4] [follower] term=93 :: LOST election with 1/5 votes
1780470460.1770 [node-4] [follower] term=94 :: handle_request error: 'from'
1780470460.2823 [node-4] [follower] term=95 :: handle_request error: 'from'
1780470460.2993 [node-4] [follower] term=96 :: handle_request error: 'from'
1780470460.3148 [node-4] [follower] term=97 :: handle_request error: 'from'
1780470460.4054 [node-4] [candidate] term=98 :: starting election (term 98)
1780470460.4219 [node-4] [follower] term=98 :: LOST election with 1/5 votes
1780470460.4369 [node-4] [follower] term=99 :: handle_request error: 'from'
1780470460.5454 [node-4] [follower] term=100 :: handle_request error: 'from'
1780470460.6074 [node-4] [follower] term=101 :: handle_request error: 'from'
1780470460.6384 [node-4] [follower] term=102 :: handle_request error: 'from'
1780470460.6694 [node-4] [candidate] term=103 :: starting election (term 103)
1780470460.6854 [node-4] [follower] term=103 :: LOST election with 1/5 votes
1780470460.7640 [node-4] [follower] term=104 :: handle_request error: 'from'
1780470460.7945 [node-4] [follower] term=105 :: handle_request error: 'from'
1780470460.8255 [node-4] [follower] term=106 :: handle_request error: 'from'
1780470460.8710 [node-4] [follower] term=107 :: handle_request error: 'from'
1780470460.9636 [node-4] [candidate] term=108 :: starting election (term 108)
1780470460.9656 [node-4] [candidate] term=108 :: handle_request error: 'from'
1780470460.9661 [node-4] [follower] term=108 :: LOST election with 1/5 votes
1780470461.0268 [node-4] [follower] term=109 :: handle_request error: 'from'
1780470461.0739 [node-4] [follower] term=110 :: handle_request error: 'from'
1780470461.1208 [node-4] [follower] term=111 :: handle_request error: 'from'
1780470461.1658 [node-4] [follower] term=112 :: handle_request error: 'from'
1780470461.1824 [node-4] [follower] term=113 :: handle_request error: 'from'
1780470461.2124 [node-4] [candidate] term=114 :: starting election (term 114)
1780470461.2284 [node-4] [follower] term=114 :: LOST election with 1/5 votes
1780470461.2605 [node-4] [follower] term=115 :: handle_request error: 'from'
1780470461.3673 [node-4] [follower] term=116 :: handle_request error: 'from'
1780470461.3849 [node-4] [follower] term=117 :: handle_request error: 'from'
1780470461.4450 [node-4] [candidate] term=118 :: starting election (term 118)
1780470461.4475 [node-4] [follower] term=118 :: LOST election with 1/5 votes
1780470461.4768 [node-4] [follower] term=119 :: handle_request error: 'from'
1780470461.4924 [node-4] [follower] term=119 :: handle_request error: 'from'
1780470461.5550 [node-4] [follower] term=120 :: handle_request error: 'from'
1780470461.5860 [node-4] [follower] term=121 :: handle_request error: 'from'
1780470461.6621 [node-4] [candidate] term=122 :: starting election (term 122)
1780470461.6776 [node-4] [follower] term=122 :: LOST election with 1/5 votes
1780470461.7101 [node-4] [follower] term=123 :: handle_request error: 'from'
1780470461.7256 [node-4] [follower] term=123 :: handle_request error: 'from'
1780470461.8650 [node-4] [follower] term=124 :: handle_request error: 'from'
1780470461.8790 [node-4] [follower] term=124 :: handle_request error: 'from'
1780470461.9244 [node-4] [candidate] term=125 :: starting election (term 125)
1780470461.9264 [node-4] [follower] term=125 :: LOST election with 1/5 votes
1780470462.0178 [node-4] [follower] term=126 :: handle_request error: 'from'
1780470462.0343 [node-4] [follower] term=127 :: handle_request error: 'from'
1780470462.0970 [node-4] [follower] term=128 :: handle_request error: 'from'
1780470462.1411 [node-4] [candidate] term=129 :: starting election (term 129)
1780470462.1578 [node-4] [follower] term=129 :: LOST election with 1/5 votes
1780470462.1583 [node-4] [follower] term=129 :: handle_request error: 'from'
1780470462.1734 [node-4] [follower] term=130 :: handle_request error: 'from'
1780470462.3266 [node-4] [follower] term=131 :: handle_request error: 'from'
1780470462.3737 [node-4] [follower] term=132 :: handle_request error: 'from'
1780470462.4032 [node-4] [candidate] term=133 :: starting election (term 133)
1780470462.4052 [node-4] [candidate] term=133 :: handle_request error: 'from'
1780470462.4197 [node-4] [follower] term=133 :: LOST election with 1/5 votes
1780470462.4512 [node-4] [follower] term=134 :: handle_request error: 'from'
1780470462.5443 [node-4] [follower] term=135 :: handle_request error: 'from'
1780470462.5759 [node-4] [follower] term=136 :: handle_request error: 'from'
1780470462.6688 [node-4] [follower] term=137 :: handle_request error: 'from'
1780470462.6978 [node-4] [candidate] term=138 :: starting election (term 138)
1780470462.6978 [node-4] [candidate] term=138 :: handle_request error: 'from'
1780470462.7002 [node-4] [follower] term=138 :: LOST election with 1/5 votes
1780470462.8217 [node-4] [follower] term=139 :: handle_request error: 'from'
1780470462.8372 [node-4] [follower] term=140 :: handle_request error: 'from'
1780470462.8538 [node-4] [follower] term=141 :: handle_request error: 'from'
1780470462.9328 [node-4] [follower] term=142 :: handle_request error: 'from'
1780470463.0083 [node-4] [candidate] term=143 :: starting election (term 143)
1780470463.0243 [node-4] [follower] term=143 :: LOST election with 1/5 votes
1780470463.0393 [node-4] [follower] term=144 :: handle_request error: 'from'
1780470463.0393 [node-4] [follower] term=144 :: handle_request error: 'from'
1780470463.0408 [node-4] [follower] term=145 :: handle_request error: 'from'
1780470463.1958 [node-4] [follower] term=146 :: handle_request error: 'from'
1780470463.2272 [node-4] [follower] term=147 :: handle_request error: 'from'
1780470463.2272 [node-4] [follower] term=147 :: handle_request error: 'from'
1780470463.3019 [node-4] [candidate] term=148 :: starting election (term 148)
1780470463.3185 [node-4] [follower] term=148 :: LOST election with 1/5 votes
1780470463.3507 [node-4] [follower] term=149 :: handle_request error: 'from'
1780470463.4281 [node-4] [follower] term=150 :: handle_request error: 'from'
1780470463.4577 [node-4] [follower] term=151 :: handle_request error: 'from'
1780470463.5212 [node-4] [follower] term=152 :: handle_request error: 'from'
1780470463.5347 [node-4] [candidate] term=153 :: starting election (term 153)
1780470463.5372 [node-4] [follower] term=153 :: LOST election with 1/5 votes
1780470463.6291 [node-4] [follower] term=154 :: handle_request error: 'from'
1780470463.6443 [node-4] [follower] term=155 :: handle_request error: 'from'
1780470463.7097 [node-4] [follower] term=156 :: handle_request error: 'from'
1780470463.7518 [node-4] [candidate] term=157 :: starting election (term 157)
1780470463.7688 [node-4] [follower] term=157 :: LOST election with 1/5 votes
1780470463.7693 [node-4] [follower] term=157 :: handle_request error: 'from'
1780470463.8821 [node-4] [follower] term=158 :: handle_request error: 'from'
1780470463.9075 [node-4] [follower] term=159 :: handle_request error: 'from'
1780470463.9519 [node-4] [candidate] term=160 :: starting election (term 160)
1780470463.9538 [node-4] [follower] term=160 :: LOST election with 1/5 votes
1780470463.9851 [node-4] [follower] term=161 :: handle_request error: 'from'
1780470464.0465 [node-4] [follower] term=162 :: handle_request error: 'from'
1780470464.1066 [node-4] [follower] term=163 :: handle_request error: 'from'
1780470464.1678 [node-4] [candidate] term=164 :: starting election (term 164)
1780470464.1703 [node-4] [follower] term=164 :: LOST election with 1/5 votes
1780470464.1845 [node-4] [follower] term=165 :: handle_request error: 'from'
1780470464.2145 [node-4] [follower] term=166 :: handle_request error: 'from'
1780470464.2943 [node-4] [follower] term=167 :: handle_request error: 'from'
1780470464.2943 [node-4] [follower] term=167 :: handle_request error: 'from'
1780470464.3850 [node-4] [candidate] term=168 :: starting election (term 168)
1780470464.4011 [node-4] [follower] term=168 :: LOST election with 1/5 votes
1780470464.4331 [node-4] [follower] term=169 :: handle_request error: 'from'
1780470464.4486 [node-4] [follower] term=170 :: handle_request error: 'from'
1780470464.4791 [node-4] [follower] term=171 :: handle_request error: 'from'
1780470464.5117 [node-4] [follower] term=172 :: handle_request error: 'from'
1780470464.6176 [node-4] [candidate] term=173 :: starting election (term 173)
1780470464.6342 [node-4] [follower] term=173 :: LOST election with 1/5 votes
1780470464.6827 [node-4] [follower] term=174 :: handle_request error: 'from'
1780470464.7132 [node-4] [follower] term=175 :: handle_request error: 'from'
1780470464.7277 [node-4] [follower] term=176 :: handle_request error: 'from'
1780470464.8053 [node-4] [follower] term=177 :: handle_request error: 'from'
1780470464.8991 [node-4] [follower] term=178 :: handle_request error: 'from'
1780470464.8991 [node-4] [follower] term=178 :: handle_request error: 'from'
1780470464.9121 [node-4] [candidate] term=179 :: starting election (term 179)
1780470464.9146 [node-4] [follower] term=179 :: LOST election with 1/5 votes
1780470464.9759 [node-4] [follower] term=180 :: handle_request error: 'from'
1780470465.0220 [node-4] [follower] term=181 :: handle_request error: 'from'
1780470465.1286 [node-4] [candidate] term=182 :: starting election (term 182)
1780470465.1443 [node-4] [follower] term=182 :: LOST election with 1/5 votes
1780470465.1463 [node-4] [follower] term=183 :: handle_request error: 'from'
1780470465.1747 [node-4] [follower] term=184 :: handle_request error: 'from'
1780470465.1917 [node-4] [follower] term=185 :: handle_request error: 'from'
1780470465.2217 [node-4] [follower] term=186 :: handle_request error: 'from'
1780470465.3309 [node-4] [follower] term=187 :: handle_request error: 'from'
1780470465.3615 [node-4] [follower] term=188 :: handle_request error: 'from'
1780470465.4226 [node-4] [candidate] term=189 :: starting election (term 189)
1780470465.4251 [node-4] [follower] term=189 :: LOST election with 1/5 votes
1780470465.4396 [node-4] [follower] term=190 :: handle_request error: 'from'
1780470465.5177 [node-4] [follower] term=191 :: handle_request error: 'from'
1780470465.5329 [node-4] [follower] term=192 :: handle_request error: 'from'
1780470465.6722 [node-4] [follower] term=193 :: handle_request error: 'from'
1780470465.6727 [node-4] [follower] term=193 :: handle_request error: 'from'
1780470465.7008 [node-4] [candidate] term=194 :: starting election (term 194)
1780470465.7173 [node-4] [follower] term=194 :: LOST election with 1/5 votes
1780470465.7481 [node-4] [follower] term=195 :: handle_request error: 'from'
1780470465.7948 [node-4] [follower] term=196 :: handle_request error: 'from'
1780470465.9201 [node-4] [follower] term=197 :: handle_request error: 'from'
1780470465.9362 [node-4] [follower] term=198 :: handle_request error: 'from'
1780470465.9496 [node-4] [follower] term=198 :: handle_request error: 'from'
1780470465.9958 [node-4] [candidate] term=199 :: starting election (term 199)
1780470465.9988 [node-4] [follower] term=199 :: LOST election with 1/5 votes
1780470466.1067 [node-4] [follower] term=200 :: handle_request error: 'from'
1780470466.1822 [node-4] [candidate] term=201 :: starting election (term 201)
1780470466.1857 [node-4] [follower] term=201 :: LOST election with 1/5 votes
1780470466.2133 [node-4] [follower] term=202 :: handle_request error: 'from'
1780470466.2148 [node-4] [follower] term=203 :: handle_request error: 'from'
1780470466.2301 [node-4] [follower] term=204 :: handle_request error: 'from'
1780470466.3710 [node-4] [follower] term=205 :: handle_request error: 'from'
1780470466.3998 [node-4] [candidate] term=206 :: starting election (term 206)
1780470466.4013 [node-4] [follower] term=206 :: LOST election with 1/5 votes
1780470466.4461 [node-4] [follower] term=207 :: handle_request error: 'from'
1780470466.4637 [node-4] [follower] term=208 :: handle_request error: 'from'
1780470466.4637 [node-4] [follower] term=208 :: handle_request error: 'from'
1780470466.6150 [node-4] [candidate] term=209 :: starting election (term 209)
1780470466.6320 [node-4] [follower] term=209 :: LOST election with 1/5 votes
1780470466.6461 [node-4] [follower] term=210 :: handle_request error: 'from'
1780470466.6476 [node-4] [follower] term=211 :: handle_request error: 'from'
1780470466.6786 [node-4] [follower] term=212 :: handle_request error: 'from'
1780470466.7857 [node-4] [follower] term=213 :: handle_request error: 'from'
1780470466.8028 [node-4] [follower] term=214 :: handle_request error: 'from'
1780470466.8183 [node-4] [follower] term=215 :: handle_request error: 'from'
1780470466.8808 [node-4] [follower] term=216 :: handle_request error: 'from'
1780470466.9096 [node-4] [candidate] term=217 :: starting election (term 217)
1780470466.9111 [node-4] [follower] term=217 :: LOST election with 1/5 votes
1780470466.9422 [node-4] [follower] term=218 :: handle_request error: 'from'
1780470467.0508 [node-4] [follower] term=219 :: handle_request error: 'from'
1780470467.1108 [node-4] [follower] term=220 :: handle_request error: 'from'
1780470467.1574 [node-4] [follower] term=221 :: handle_request error: 'from'
1780470467.1899 [node-4] [follower] term=222 :: handle_request error: 'from'
1780470467.2195 [node-4] [candidate] term=223 :: starting election (term 223)
1780470467.2349 [node-4] [follower] term=223 :: LOST election with 1/5 votes
1780470467.2520 [node-4] [follower] term=224 :: handle_request error: 'from'
1780470467.2811 [node-4] [follower] term=225 :: handle_request error: 'from'
1780470467.3141 [node-4] [follower] term=226 :: handle_request error: 'from'
1780470467.3769 [node-4] [follower] term=227 :: handle_request error: 'from'
1780470467.4828 [node-4] [follower] term=228 :: handle_request error: 'from'
1780470467.4843 [node-4] [follower] term=229 :: handle_request error: 'from'
1780470467.4993 [node-4] [follower] term=230 :: handle_request error: 'from'
1780470467.5136 [node-4] [candidate] term=231 :: starting election (term 231)
1780470467.5292 [node-4] [follower] term=231 :: LOST election with 1/5 votes
1780470467.5604 [node-4] [follower] term=232 :: handle_request error: 'from'
1780470467.6846 [node-4] [follower] term=233 :: handle_request error: 'from'
1780470467.7462 [node-4] [candidate] term=234 :: starting election (term 234)
1780470467.7617 [node-4] [follower] term=234 :: LOST election with 1/5 votes
1780470467.7627 [node-4] [follower] term=235 :: handle_request error: 'from'
1780470467.8103 [node-4] [follower] term=236 :: handle_request error: 'from'
1780470467.8237 [node-4] [follower] term=236 :: handle_request error: 'from'
1780470467.9342 [node-4] [follower] term=237 :: handle_request error: 'from'
1780470467.9679 [node-4] [follower] term=238 :: handle_request error: 'from'
1780470468.0400 [node-4] [candidate] term=239 :: starting election (term 239)
1780470468.0560 [node-4] [follower] term=239 :: LOST election with 1/5 votes
1780470468.1041 [node-4] [follower] term=240 :: handle_request error: 'from'
1780470468.1334 [node-4] [follower] term=240 :: handle_request error: 'from'
1780470468.2283 [node-4] [follower] term=241 :: handle_request error: 'from'
1780470468.2429 [node-4] [follower] term=241 :: handle_request error: 'from'
1780470468.2722 [node-4] [candidate] term=242 :: starting election (term 242)
1780470468.2882 [node-4] [follower] term=242 :: LOST election with 1/5 votes
1780470468.3185 [node-4] [follower] term=243 :: handle_request error: 'from'
1780470468.4130 [node-4] [follower] term=244 :: handle_request error: 'from'
1780470468.4425 [node-4] [follower] term=245 :: handle_request error: 'from'
1780470468.4590 [node-4] [follower] term=246 :: handle_request error: 'from'
1780470468.5054 [node-4] [follower] term=247 :: handle_request error: 'from'
1780470468.5355 [node-4] [candidate] term=248 :: starting election (term 248)
1780470468.5515 [node-4] [follower] term=248 :: LOST election with 1/5 votes
1780470468.6000 [node-4] [follower] term=249 :: handle_request error: 'from'
1780470468.6301 [node-4] [follower] term=250 :: handle_request error: 'from'
1780470468.7677 [node-4] [candidate] term=251 :: starting election (term 251)
1780470468.7832 [node-4] [candidate] term=251 :: handle_request error: 'from'
1780470468.7837 [node-4] [follower] term=251 :: LOST election with 1/5 votes
1780470468.7987 [node-4] [follower] term=252 :: handle_request error: 'from'
1780470468.8467 [node-4] [follower] term=253 :: handle_request error: 'from'
1780470468.8778 [node-4] [follower] term=254 :: handle_request error: 'from'
1780470468.9715 [node-4] [follower] term=255 :: handle_request error: 'from'
1780470469.0006 [node-4] [candidate] term=256 :: starting election (term 256)
1780470469.0011 [node-4] [candidate] term=256 :: handle_request error: 'from'
1780470469.0161 [node-4] [follower] term=256 :: LOST election with 1/5 votes
1780470469.0643 [node-4] [follower] term=257 :: handle_request error: 'from'
1780470469.0648 [node-4] [follower] term=257 :: handle_request error: 'from'
1780470469.2931 [node-4] [candidate] term=258 :: starting election (term 258)
1780470469.2941 [node-4] [candidate] term=258 :: handle_request error: 'from'
1780470469.2941 [node-4] [candidate] term=258 :: handle_request error: 'from'
1780470469.2951 [node-4] [follower] term=259 :: handle_request error: 'from'
1780470469.2961 [node-4] [follower] term=259 :: LOST election with 1/5 votes
1780470469.3106 [node-4] [follower] term=259 :: handle_request error: 'from'
1780470469.4485 [node-4] [candidate] term=260 :: starting election (term 260)
1780470469.4510 [node-4] [follower] term=260 :: LOST election with 1/5 votes
1780470469.5118 [node-4] [follower] term=261 :: handle_request error: 'from'
1780470469.5269 [node-4] [follower] term=262 :: handle_request error: 'from'
1780470469.5424 [node-4] [follower] term=263 :: handle_request error: 'from'
1780470469.6051 [node-4] [follower] term=264 :: handle_request error: 'from'
1780470469.7267 [node-4] [candidate] term=265 :: starting election (term 265)
1780470469.7426 [node-4] [follower] term=265 :: LOST election with 1/5 votes
1780470469.7446 [node-4] [follower] term=266 :: handle_request error: 'from'
1780470469.7891 [node-4] [follower] term=267 :: handle_request error: 'from'
1780470469.7906 [node-4] [follower] term=267 :: handle_request error: 'from'
1780470469.8703 [node-4] [follower] term=268 :: handle_request error: 'from'
1780470469.8983 [node-4] [candidate] term=269 :: starting election (term 269)
1780470469.8998 [node-4] [follower] term=269 :: LOST election with 1/5 votes
1780470470.0086 [node-4] [follower] term=270 :: handle_request error: 'from'
1780470470.0540 [node-4] [follower] term=271 :: handle_request error: 'from'
1780470470.0692 [node-4] [follower] term=271 :: handle_request error: 'from'
1780470470.1141 [node-4] [candidate] term=272 :: starting election (term 272)
1780470470.1161 [node-4] [follower] term=272 :: LOST election with 1/5 votes
1780470470.1777 [node-4] [follower] term=273 :: handle_request error: 'from'
1780470470.2546 [node-4] [follower] term=274 :: handle_request error: 'from'
1780470470.2860 [node-4] [follower] term=275 :: handle_request error: 'from'
1780470470.3318 [node-4] [follower] term=276 :: handle_request error: 'from'
1780470470.3613 [node-4] [candidate] term=277 :: starting election (term 277)
1780470470.3628 [node-4] [candidate] term=277 :: handle_request error: 'from'
1780470470.3769 [node-4] [follower] term=277 :: LOST election with 1/5 votes
1780470470.4403 [node-4] [follower] term=278 :: handle_request error: 'from'
1780470470.4706 [node-4] [follower] term=279 :: handle_request error: 'from'
1780470470.6102 [node-4] [follower] term=280 :: handle_request error: 'from'
1780470470.6102 [node-4] [follower] term=280 :: handle_request error: 'from'
1780470470.6237 [node-4] [candidate] term=281 :: starting election (term 281)
1780470470.6388 [node-4] [follower] term=281 :: LOST election with 1/5 votes
1780470470.6553 [node-4] [follower] term=282 :: handle_request error: 'from'
1780470470.6553 [node-4] [follower] term=282 :: handle_request error: 'from'
1780470470.8259 [node-4] [follower] term=283 :: handle_request error: 'from'
1780470470.8409 [node-4] [follower] term=284 :: handle_request error: 'from'
1780470470.8860 [node-4] [candidate] term=285 :: starting election (term 285)
1780470470.8880 [node-4] [candidate] term=285 :: handle_request error: 'from'
1780470470.9023 [node-4] [follower] term=285 :: LOST election with 1/5 votes
1780470470.9188 [node-4] [follower] term=286 :: handle_request error: 'from'
1780470471.0272 [node-4] [follower] term=287 :: handle_request error: 'from'
1780470471.0885 [node-4] [follower] term=288 :: handle_request error: 'from'
1780470471.1185 [node-4] [candidate] term=289 :: starting election (term 289)
1780470471.1200 [node-4] [follower] term=289 :: LOST election with 1/5 votes
1780470471.1664 [node-4] [follower] term=290 :: handle_request error: 'from'
1780470471.2115 [node-4] [follower] term=291 :: handle_request error: 'from'
1780470471.2130 [node-4] [follower] term=291 :: handle_request error: 'from'
1780470471.3203 [node-4] [follower] term=292 :: handle_request error: 'from'
1780470471.3823 [node-4] [follower] term=293 :: handle_request error: 'from'
1780470471.3966 [node-4] [candidate] term=294 :: starting election (term 294)
1780470471.4122 [node-4] [follower] term=294 :: LOST election with 1/5 votes
1780470471.4907 [node-4] [follower] term=295 :: handle_request error: 'from'
1780470471.5218 [node-4] [follower] term=296 :: handle_request error: 'from'
1780470471.5369 [node-4] [follower] term=296 :: handle_request error: 'from'
1780470471.5976 [node-4] [follower] term=297 :: handle_request error: 'from'
1780470471.6281 [node-4] [candidate] term=298 :: starting election (term 298)
1780470471.6442 [node-4] [follower] term=298 :: LOST election with 1/5 votes
1780470471.7392 [node-4] [follower] term=299 :: handle_request error: 'from'
1780470471.7850 [node-4] [follower] term=300 :: handle_request error: 'from'
1780470471.7986 [node-4] [candidate] term=301 :: starting election (term 301)
1780470471.8010 [node-4] [follower] term=301 :: LOST election with 1/5 votes
1780470471.8296 [node-4] [follower] term=302 :: handle_request error: 'from'
1780470471.8781 [node-4] [follower] term=303 :: handle_request error: 'from'
1780470471.9534 [node-4] [candidate] term=304 :: starting election (term 304)
1780470471.9694 [node-4] [follower] term=304 :: LOST election with 1/5 votes
1780470472.0171 [node-4] [follower] term=305 :: handle_request error: 'from'
1780470472.0171 [node-4] [follower] term=305 :: handle_request error: 'from'
1780470472.0517 [node-4] [follower] term=306 :: handle_request error: 'from'
1780470472.1263 [node-4] [follower] term=307 :: handle_request error: 'from'
1780470472.1864 [node-4] [candidate] term=308 :: starting election (term 308)
1780470472.1889 [node-4] [follower] term=308 :: LOST election with 1/5 votes
1780470472.3119 [node-4] [follower] term=309 :: handle_request error: 'from'
1780470472.3119 [node-4] [follower] term=309 :: handle_request error: 'from'
1780470472.3269 [node-4] [follower] term=310 :: handle_request error: 'from'
1780470472.3714 [node-4] [candidate] term=311 :: starting election (term 311)
1780470472.3719 [node-4] [candidate] term=311 :: handle_request error: 'from'
1780470472.3734 [node-4] [follower] term=311 :: LOST election with 1/5 votes
1780470472.5281 [node-4] [follower] term=312 :: handle_request error: 'from'
1780470472.6046 [node-4] [follower] term=313 :: handle_request error: 'from'
1780470472.6207 [node-4] [follower] term=314 :: handle_request error: 'from'
1780470472.6362 [node-4] [follower] term=315 :: handle_request error: 'from'
1780470472.6502 [node-4] [candidate] term=316 :: starting election (term 316)
1780470472.6662 [node-4] [follower] term=316 :: LOST election with 1/5 votes
1780470472.7900 [node-4] [follower] term=317 :: handle_request error: 'from'
1780470472.8368 [node-4] [follower] term=318 :: handle_request error: 'from'
1780470472.8992 [node-4] [follower] term=319 :: handle_request error: 'from'
1780470472.8997 [node-4] [follower] term=319 :: handle_request error: 'from'
1780470472.9435 [node-4] [candidate] term=320 :: starting election (term 320)
1780470472.9595 [node-4] [follower] term=320 :: LOST election with 1/5 votes
1780470473.0379 [node-4] [follower] term=321 :: handle_request error: 'from'
1780470473.0545 [node-4] [follower] term=321 :: handle_request error: 'from'
1780470473.1000 [node-4] [follower] term=322 :: handle_request error: 'from'
1780470473.1321 [node-4] [follower] term=323 :: handle_request error: 'from'
1780470473.1761 [node-4] [candidate] term=324 :: starting election (term 324)
1780470473.1924 [node-4] [follower] term=324 :: LOST election with 1/5 votes
1780470473.2720 [node-4] [follower] term=325 :: handle_request error: 'from'
1780470473.2845 [node-4] [follower] term=325 :: handle_request error: 'from'
1780470473.2866 [node-4] [follower] term=326 :: handle_request error: 'from'
1780470473.3936 [node-4] [follower] term=327 :: handle_request error: 'from'
1780470473.4129 [node-4] [candidate] term=328 :: starting election (term 328)
1780470473.4149 [node-4] [follower] term=328 :: LOST election with 1/5 votes
1780470473.5031 [node-4] [follower] term=329 :: handle_request error: 'from'
1780470473.5481 [node-4] [follower] term=330 :: handle_request error: 'from'
1780470473.5651 [node-4] [follower] term=331 :: handle_request error: 'from'
1780470473.5951 [node-4] [follower] term=332 :: handle_request error: 'from'
1780470473.6883 [node-4] [candidate] term=333 :: starting election (term 333)
1780470473.6903 [node-4] [candidate] term=333 :: handle_request error: 'from'
1780470473.6908 [node-4] [follower] term=333 :: LOST election with 1/5 votes
1780470473.7364 [node-4] [follower] term=334 :: handle_request error: 'from'
1780470473.8436 [node-4] [follower] term=335 :: handle_request error: 'from'
1780470473.8451 [node-4] [follower] term=336 :: handle_request error: 'from'
1780470473.9364 [node-4] [candidate] term=337 :: starting election (term 337)
1780470473.9380 [node-4] [candidate] term=337 :: handle_request error: 'from'
1780470473.9390 [node-4] [follower] term=337 :: LOST election with 1/5 votes
1780470474.0602 [node-4] [follower] term=338 :: handle_request error: 'from'
1780470474.1076 [node-4] [follower] term=339 :: handle_request error: 'from'
1780470474.1367 [node-4] [follower] term=340 :: handle_request error: 'from'
1780470474.2145 [node-4] [candidate] term=341 :: starting election (term 341)
1780470474.2160 [node-4] [candidate] term=341 :: handle_request error: 'from'
1780470474.2165 [node-4] [follower] term=341 :: LOST election with 1/5 votes
1780470474.2318 [node-4] [follower] term=342 :: handle_request error: 'from'
1780470474.4176 [node-4] [follower] term=343 :: handle_request error: 'from'
1780470474.4176 [node-4] [follower] term=343 :: handle_request error: 'from'
1780470474.4327 [node-4] [follower] term=344 :: handle_request error: 'from'
1780470474.4952 [node-4] [follower] term=345 :: handle_request error: 'from'
1780470474.5237 [node-4] [candidate] term=346 :: starting election (term 346)
1780470474.5392 [node-4] [follower] term=346 :: LOST election with 1/5 votes
1780470474.6345 [node-4] [follower] term=347 :: handle_request error: 'from'
1780470474.6345 [node-4] [follower] term=347 :: handle_request error: 'from'
1780470474.6350 [node-4] [follower] term=347 :: handle_request error: 'from'
1780470474.7565 [node-4] [candidate] term=348 :: starting election (term 348)
1780470474.7590 [node-4] [follower] term=348 :: LOST election with 1/5 votes
1780470474.7770 [node-4] [follower] term=349 :: handle_request error: 'from'
1780470474.8668 [node-4] [follower] term=350 :: handle_request error: 'from'
1780470474.8970 [node-4] [follower] term=351 :: handle_request error: 'from'
1780470474.9431 [node-4] [follower] term=352 :: handle_request error: 'from'
1780470474.9728 [node-4] [candidate] term=353 :: starting election (term 353)
1780470474.9883 [node-4] [candidate] term=353 :: handle_request error: 'from'
1780470474.9888 [node-4] [follower] term=353 :: LOST election with 1/5 votes
1780470475.0989 [node-4] [follower] term=354 :: handle_request error: 'from'
1780470475.1428 [node-4] [follower] term=355 :: handle_request error: 'from'
1780470475.2049 [node-4] [candidate] term=356 :: starting election (term 356)
1780470475.2052 [node-4] [candidate] term=356 :: handle_request error: 'from'
1780470475.2069 [node-4] [candidate] term=356 :: handle_request error: 'from'
1780470475.2074 [node-4] [follower] term=356 :: LOST election with 1/5 votes
1780470475.4031 [node-4] [follower] term=357 :: handle_request error: 'from'
1780470475.4036 [node-4] [follower] term=357 :: handle_request error: 'from'
1780470475.4221 [node-4] [follower] term=358 :: handle_request error: 'from'
1780470475.4526 [node-4] [candidate] term=359 :: starting election (term 359)
1780470475.4546 [node-4] [candidate] term=359 :: handle_request error: 'from'
1780470475.4556 [node-4] [follower] term=359 :: LOST election with 1/5 votes
1780470475.6720 [node-4] [follower] term=360 :: handle_request error: 'from'
1780470475.6720 [node-4] [follower] term=360 :: handle_request error: 'from'
1780470475.7161 [node-4] [follower] term=361 :: handle_request error: 'from'
1780470475.7176 [node-4] [follower] term=361 :: handle_request error: 'from'
1780470475.7311 [node-4] [candidate] term=362 :: starting election (term 362)
1780470475.7476 [node-4] [follower] term=362 :: LOST election with 1/5 votes
1780470475.9331 [node-4] [follower] term=363 :: handle_request error: 'from'
1780470475.9351 [node-4] [follower] term=364 :: handle_request error: 'from'
1780470475.9486 [node-4] [follower] term=364 :: handle_request error: 'from'
1780470475.9501 [node-4] [follower] term=365 :: handle_request error: 'from'
1780470476.0262 [node-4] [candidate] term=366 :: starting election (term 366)
1780470476.0282 [node-4] [follower] term=366 :: LOST election with 1/5 votes
1780470476.1947 [node-4] [follower] term=367 :: handle_request error: 'from'
1780470476.2132 [node-4] [follower] term=368 :: handle_request error: 'from'
1780470476.2437 [node-4] [follower] term=369 :: handle_request error: 'from'
1780470476.2592 [node-4] [follower] term=370 :: handle_request error: 'from'
1780470476.3356 [node-4] [candidate] term=371 :: starting election (term 371)
1780470476.3381 [node-4] [follower] term=371 :: LOST election with 1/5 votes
1780470476.4449 [node-4] [follower] term=372 :: handle_request error: 'from'
1780470476.4754 [node-4] [follower] term=373 :: handle_request error: 'from'
1780470476.5064 [node-4] [follower] term=374 :: handle_request error: 'from'
1780470476.5512 [node-4] [candidate] term=375 :: starting election (term 375)
1780470476.5532 [node-4] [candidate] term=375 :: handle_request error: 'from'
1780470476.5537 [node-4] [follower] term=375 :: LOST election with 1/5 votes
1780470476.6923 [node-4] [follower] term=376 :: handle_request error: 'from'
1780470476.7684 [node-4] [follower] term=377 :: handle_request error: 'from'
1780470476.7999 [node-4] [candidate] term=378 :: starting election (term 378)
1780470476.8024 [node-4] [candidate] term=378 :: handle_request error: 'from'
1780470476.8024 [node-4] [candidate] term=378 :: handle_request error: 'from'
1780470476.8029 [node-4] [follower] term=378 :: LOST election with 1/5 votes
1780470476.9262 [node-4] [follower] term=379 :: handle_request error: 'from'
1780470476.9867 [node-4] [follower] term=380 :: handle_request error: 'from'
1780470477.0802 [node-4] [follower] term=381 :: handle_request error: 'from'
1780470477.0802 [node-4] [follower] term=381 :: handle_request error: 'from'
1780470477.1091 [node-4] [candidate] term=382 :: starting election (term 382)
1780470477.1258 [node-4] [follower] term=382 :: LOST election with 1/5 votes
1780470477.1401 [node-4] [follower] term=382 :: handle_request error: 'from'
1780470477.2188 [node-4] [follower] term=383 :: handle_request error: 'from'
1780470477.3117 [node-4] [follower] term=384 :: handle_request error: 'from'
1780470477.3747 [node-4] [follower] term=385 :: handle_request error: 'from'
1780470477.4024 [node-4] [candidate] term=386 :: starting election (term 386)
1780470477.4044 [node-4] [follower] term=386 :: LOST election with 1/5 votes
1780470477.4199 [node-4] [follower] term=387 :: handle_request error: 'from'
1780470477.4355 [node-4] [follower] term=388 :: handle_request error: 'from'
1780470477.6215 [node-4] [follower] term=389 :: handle_request error: 'from'
1780470477.6215 [node-4] [follower] term=389 :: handle_request error: 'from'
1780470477.6668 [node-4] [follower] term=390 :: handle_request error: 'from'
1780470477.6805 [node-4] [candidate] term=391 :: starting election (term 391)
1780470477.6970 [node-4] [follower] term=391 :: LOST election with 1/5 votes
1780470477.7275 [node-4] [follower] term=392 :: handle_request error: 'from'
1780470477.8844 [node-4] [follower] term=393 :: handle_request error: 'from'
1780470477.8844 [node-4] [follower] term=393 :: handle_request error: 'from'
1780470477.8995 [node-4] [follower] term=394 :: handle_request error: 'from'
1780470477.9146 [node-4] [follower] term=395 :: handle_request error: 'from'
1780470477.9752 [node-4] [candidate] term=396 :: starting election (term 396)
1780470477.9912 [node-4] [follower] term=396 :: LOST election with 1/5 votes
1780470478.1170 [node-4] [follower] term=397 :: handle_request error: 'from'
1780470478.1476 [node-4] [follower] term=398 :: handle_request error: 'from'
1780470478.1476 [node-4] [follower] term=398 :: handle_request error: 'from'
1780470478.1627 [node-4] [follower] term=399 :: handle_request error: 'from'
1780470478.2692 [node-4] [candidate] term=400 :: starting election (term 400)
1780470478.2852 [node-4] [follower] term=400 :: LOST election with 1/5 votes
1780470478.3327 [node-4] [follower] term=401 :: handle_request error: 'from'
1780470478.4103 [node-4] [follower] term=402 :: handle_request error: 'from'
1780470478.4398 [node-4] [follower] term=403 :: handle_request error: 'from'
1780470478.4878 [node-4] [follower] term=404 :: handle_request error: 'from'
1780470478.5013 [node-4] [candidate] term=405 :: starting election (term 405)
1780470478.5033 [node-4] [follower] term=405 :: LOST election with 1/5 votes
1780470478.5965 [node-4] [follower] term=406 :: handle_request error: 'from'
1780470478.6613 [node-4] [follower] term=407 :: handle_request error: 'from'
1780470478.6871 [node-4] [candidate] term=408 :: starting election (term 408)
1780470478.7036 [node-4] [follower] term=408 :: LOST election with 1/5 votes
1780470478.7046 [node-4] [follower] term=408 :: handle_request error: 'from'
1780470478.7182 [node-4] [follower] term=408 :: handle_request error: 'from'
1780470478.8879 [node-4] [candidate] term=409 :: starting election (term 409)
1780470478.8899 [node-4] [candidate] term=409 :: handle_request error: 'from'
1780470478.8909 [node-4] [follower] term=409 :: LOST election with 1/5 votes
1780470478.9363 [node-4] [follower] term=410 :: handle_request error: 'from'
1780470478.9503 [node-4] [follower] term=410 :: handle_request error: 'from'
1780470478.9823 [node-4] [follower] term=411 :: handle_request error: 'from'
1780470479.1045 [node-4] [candidate] term=412 :: starting election (term 412)
1780470479.1207 [node-4] [follower] term=412 :: LOST election with 1/5 votes
1780470479.1691 [node-4] [follower] term=413 :: handle_request error: 'from'
1780470479.1985 [node-4] [follower] term=414 :: handle_request error: 'from'
1780470479.2298 [node-4] [follower] term=415 :: handle_request error: 'from'
1780470479.2435 [node-4] [follower] term=415 :: handle_request error: 'from'
1780470479.2740 [node-4] [candidate] term=416 :: starting election (term 416)
1780470479.2905 [node-4] [follower] term=416 :: LOST election with 1/5 votes
1780470479.3998 [node-4] [follower] term=417 :: handle_request error: 'from'
1780470479.4286 [node-4] [follower] term=417 :: handle_request error: 'from'
1780470479.4752 [node-4] [follower] term=418 :: handle_request error: 'from'
1780470479.4752 [node-4] [follower] term=418 :: handle_request error: 'from'
1780470479.5369 [node-4] [candidate] term=419 :: starting election (term 419)
1780470479.5394 [node-4] [follower] term=419 :: LOST election with 1/5 votes
1780470479.6017 [node-4] [follower] term=420 :: handle_request error: 'from'
1780470479.6920 [node-4] [follower] term=421 :: handle_request error: 'from'
1780470479.7223 [node-4] [candidate] term=422 :: starting election (term 422)
1780470479.7385 [node-4] [follower] term=422 :: LOST election with 1/5 votes
1780470479.7551 [node-4] [follower] term=423 :: handle_request error: 'from'
1780470479.7556 [node-4] [follower] term=423 :: handle_request error: 'from'
1780470479.8010 [node-4] [follower] term=424 :: handle_request error: 'from'
1780470479.8476 [node-4] [follower] term=425 :: handle_request error: 'from'
1780470479.9239 [node-4] [candidate] term=426 :: starting election (term 426)
1780470479.9264 [node-4] [follower] term=426 :: LOST election with 1/5 votes
1780470479.9556 [node-4] [follower] term=427 :: handle_request error: 'from'
1780470479.9871 [node-4] [follower] term=428 :: handle_request error: 'from'
1780470480.0331 [node-4] [follower] term=429 :: handle_request error: 'from'
1780470480.1261 [node-4] [follower] term=430 :: handle_request error: 'from'
1780470480.1396 [node-4] [candidate] term=431 :: starting election (term 431)
1780470480.1421 [node-4] [follower] term=431 :: LOST election with 1/5 votes
1780470480.2034 [node-4] [follower] term=432 :: handle_request error: 'from'
1780470480.2655 [node-4] [follower] term=433 :: handle_request error: 'from'
1780470480.3116 [node-4] [follower] term=434 :: handle_request error: 'from'
1780470480.3586 [node-4] [follower] term=435 :: handle_request error: 'from'
1780470480.3881 [node-4] [candidate] term=436 :: starting election (term 436)
1780470480.3901 [node-4] [follower] term=436 :: LOST election with 1/5 votes
1780470480.4046 [node-4] [follower] term=437 :: handle_request error: 'from'
1780470480.4516 [node-4] [follower] term=438 :: handle_request error: 'from'
1780470480.5297 [node-4] [follower] term=439 :: handle_request error: 'from'
1780470480.5918 [node-4] [follower] term=440 :: handle_request error: 'from'
1780470480.6233 [node-4] [follower] term=441 :: handle_request error: 'from'
1780470480.6679 [node-4] [candidate] term=442 :: starting election (term 442)
1780470480.6849 [node-4] [follower] term=442 :: LOST election with 1/5 votes
1780470480.6854 [node-4] [follower] term=442 :: handle_request error: 'from'
1780470480.7318 [node-4] [follower] term=443 :: handle_request error: 'from'
1780470480.8086 [node-4] [follower] term=444 :: handle_request error: 'from'
1780470480.8380 [node-4] [candidate] term=445 :: starting election (term 445)
1780470480.8400 [node-4] [follower] term=445 :: LOST election with 1/5 votes
1780470480.9021 [node-4] [follower] term=446 :: handle_request error: 'from'
1780470480.9172 [node-4] [follower] term=447 :: handle_request error: 'from'
1780470480.9632 [node-4] [follower] term=448 :: handle_request error: 'from'
1780470481.0553 [node-4] [candidate] term=449 :: starting election (term 449)
1780470481.0558 [node-4] [candidate] term=449 :: handle_request error: 'from'
1780470481.0578 [node-4] [follower] term=449 :: LOST election with 1/5 votes
1780470481.0707 [node-4] [follower] term=450 :: handle_request error: 'from'
1780470481.2102 [node-4] [follower] term=451 :: handle_request error: 'from'
1780470481.2270 [node-4] [follower] term=452 :: handle_request error: 'from'
1780470481.2716 [node-4] [candidate] term=453 :: starting election (term 453)
1780470481.2878 [node-4] [follower] term=453 :: LOST election with 1/5 votes
1780470481.2893 [node-4] [follower] term=454 :: handle_request error: 'from'
1780470481.3044 [node-4] [follower] term=454 :: handle_request error: 'from'
1780470481.4114 [node-4] [follower] term=455 :: handle_request error: 'from'
1780470481.4280 [node-4] [follower] term=456 :: handle_request error: 'from'
1780470481.5195 [node-4] [follower] term=457 :: handle_request error: 'from'
1780470481.5350 [node-4] [candidate] term=458 :: starting election (term 458)
1780470481.5506 [node-4] [follower] term=458 :: LOST election with 1/5 votes
1780470481.5832 [node-4] [follower] term=459 :: handle_request error: 'from'
1780470481.5987 [node-4] [follower] term=460 :: handle_request error: 'from'
1780470481.5992 [node-4] [follower] term=460 :: handle_request error: 'from'
1780470481.7372 [node-4] [follower] term=461 :: handle_request error: 'from'
1780470481.7532 [node-4] [follower] term=462 :: handle_request error: 'from'
1780470481.8447 [node-4] [follower] term=463 :: handle_request error: 'from'
1780470481.8591 [node-4] [candidate] term=464 :: starting election (term 464)
1780470481.8612 [node-4] [follower] term=464 :: LOST election with 1/5 votes
1780470481.8902 [node-4] [follower] term=465 :: handle_request error: 'from'
1780470481.9233 [node-4] [follower] term=466 :: handle_request error: 'from'
1780470481.9533 [node-4] [follower] term=467 :: handle_request error: 'from'
1780470482.0450 [node-4] [candidate] term=468 :: starting election (term 468)
1780470482.0607 [node-4] [candidate] term=468 :: handle_request error: 'from'
1780470482.0612 [node-4] [follower] term=468 :: LOST election with 1/5 votes
1780470482.1714 [node-4] [follower] term=469 :: handle_request error: 'from'
1780470482.1714 [node-4] [follower] term=469 :: handle_request error: 'from'
1780470482.2648 [node-4] [follower] term=470 :: handle_request error: 'from'
1780470482.2778 [node-4] [candidate] term=471 :: starting election (term 471)
1780470482.2803 [node-4] [follower] term=471 :: LOST election with 1/5 votes
1780470482.3249 [node-4] [follower] term=472 :: handle_request error: 'from'
1780470482.4499 [node-4] [follower] term=473 :: handle_request error: 'from'
1780470482.4504 [node-4] [follower] term=473 :: handle_request error: 'from'
1780470482.5125 [node-4] [follower] term=474 :: handle_request error: 'from'
1780470482.5429 [node-4] [follower] term=475 :: handle_request error: 'from'
1780470482.5881 [node-4] [candidate] term=476 :: starting election (term 476)
1780470482.5906 [node-4] [follower] term=476 :: LOST election with 1/5 votes
1780470482.6812 [node-4] [follower] term=477 :: handle_request error: 'from'
1780470482.7432 [node-4] [follower] term=478 :: handle_request error: 'from'
1780470482.7452 [node-4] [follower] term=478 :: handle_request error: 'from'
1780470482.8223 [node-4] [follower] term=479 :: handle_request error: 'from'
1780470482.8368 [node-4] [candidate] term=480 :: starting election (term 480)
1780470482.8515 [node-4] [follower] term=480 :: LOST election with 1/5 votes
1780470482.9309 [node-4] [follower] term=481 :: handle_request error: 'from'
1780470482.9997 [node-4] [follower] term=482 :: handle_request error: 'from'
1780470483.0233 [node-4] [follower] term=483 :: handle_request error: 'from'
1780470483.0523 [node-4] [follower] term=484 :: handle_request error: 'from'
1780470483.1601 [node-4] [candidate] term=485 :: starting election (term 485)
1780470483.1626 [node-4] [follower] term=485 :: LOST election with 1/5 votes
1780470483.2382 [node-4] [follower] term=486 :: handle_request error: 'from'
1780470483.2717 [node-4] [follower] term=487 :: handle_request error: 'from'
1780470483.2846 [node-4] [follower] term=487 :: handle_request error: 'from'
1780470483.3016 [node-4] [follower] term=488 :: handle_request error: 'from'
1780470483.3461 [node-4] [candidate] term=489 :: starting election (term 489)
1780470483.3481 [node-4] [follower] term=489 :: LOST election with 1/5 votes
1780470483.4878 [node-4] [follower] term=490 :: handle_request error: 'from'
1780470483.5033 [node-4] [follower] term=491 :: handle_request error: 'from'
1780470483.5033 [node-4] [follower] term=491 :: handle_request error: 'from'
1780470483.5655 [node-4] [follower] term=492 :: handle_request error: 'from'
1780470483.5946 [node-4] [candidate] term=493 :: starting election (term 493)
1780470483.5976 [node-4] [follower] term=493 :: LOST election with 1/5 votes
1780470483.6897 [node-4] [follower] term=494 :: handle_request error: 'from'
1780470483.6902 [node-4] [follower] term=494 :: handle_request error: 'from'
1780470483.6902 [node-4] [follower] term=494 :: handle_request error: 'from'
1780470483.7802 [node-4] [follower] term=495 :: handle_request error: 'from'
1780470483.8731 [node-4] [candidate] term=496 :: starting election (term 496)
1780470483.8756 [node-4] [candidate] term=496 :: handle_request error: 'from'
1780470483.8756 [node-4] [candidate] term=496 :: handle_request error: 'from'
1780470483.8886 [node-4] [follower] term=496 :: LOST election with 1/5 votes
1780470483.9680 [node-4] [follower] term=497 :: handle_request error: 'from'
1780470484.0603 [node-4] [follower] term=498 :: handle_request error: 'from'
1780470484.1054 [node-4] [candidate] term=499 :: starting election (term 499)
1780470484.1213 [node-4] [follower] term=499 :: LOST election with 1/5 votes
1780470484.1218 [node-4] [follower] term=499 :: handle_request error: 'from'
1780470484.1535 [node-4] [follower] term=500 :: handle_request error: 'from'
1780470484.1685 [node-4] [follower] term=501 :: handle_request error: 'from'
1780470484.3062 [node-4] [candidate] term=502 :: starting election (term 502)
1780470484.3082 [node-4] [follower] term=502 :: LOST election with 1/5 votes
1780470484.3383 [node-4] [follower] term=503 :: handle_request error: 'from'
1780470484.3683 [node-4] [follower] term=504 :: handle_request error: 'from'
1780470484.3846 [node-4] [follower] term=505 :: handle_request error: 'from'
1780470484.4917 [node-4] [candidate] term=506 :: starting election (term 506)
1780470484.5068 [node-4] [candidate] term=506 :: handle_request error: 'from'
1780470484.5074 [node-4] [follower] term=506 :: LOST election with 1/5 votes
1780470484.5550 [node-4] [follower] term=507 :: handle_request error: 'from'
1780470484.6484 [node-4] [follower] term=508 :: handle_request error: 'from'
1780470484.6620 [node-4] [follower] term=508 :: handle_request error: 'from'
1780470484.6925 [node-4] [candidate] term=509 :: starting election (term 509)
1780470484.6945 [node-4] [follower] term=509 :: LOST election with 1/5 votes
1780470484.7395 [node-4] [follower] term=510 :: handle_request error: 'from'
1780470484.8031 [node-4] [follower] term=511 :: handle_request error: 'from'
1780470484.8322 [node-4] [follower] term=512 :: handle_request error: 'from'
