1780470455.0762 [node-1] [follower] term=1 :: handle_request error: 'from'
1780470455.0867 [node-1] [candidate] term=2 :: starting election (term 2)
1780470455.0922 [node-1] [follower] term=2 :: LOST election with 1/5 votes
1780470455.1212 [node-1] [follower] term=3 :: handle_request error: 'from'
1780470455.1702 [node-1] [follower] term=4 :: handle_request error: 'from'
1780470455.2152 [node-1] [follower] term=5 :: handle_request error: 'from'
1780470455.2577 [node-1] [follower] term=6 :: handle_request error: 'from'
1780470455.3029 [node-1] [candidate] term=7 :: starting election (term 7)
1780470455.3189 [node-1] [follower] term=7 :: LOST election with 1/5 votes
1780470455.3970 [node-1] [follower] term=8 :: handle_request error: 'from'
1780470455.4120 [node-1] [follower] term=9 :: handle_request error: 'from'
1780470455.4585 [node-1] [follower] term=10 :: handle_request error: 'from'
1780470455.5520 [node-1] [follower] term=11 :: handle_request error: 'from'
1780470455.5667 [node-1] [follower] term=12 :: handle_request error: 'from'
1780470455.5961 [node-1] [candidate] term=13 :: starting election (term 13)
1780470455.6126 [node-1] [follower] term=13 :: LOST election with 1/5 votes
1780470455.6618 [node-1] [follower] term=14 :: handle_request error: 'from'
1780470455.6755 [node-1] [follower] term=14 :: handle_request error: 'from'
1780470455.7666 [node-1] [candidate] term=15 :: starting election (term 15)
1780470455.7682 [node-1] [candidate] term=15 :: handle_request error: 'from'
1780470455.7832 [node-1] [follower] term=15 :: LOST election with 1/5 votes
1780470455.8762 [node-1] [follower] term=16 :: handle_request error: 'from'
1780470455.8917 [node-1] [follower] term=17 :: handle_request error: 'from'
1780470455.9217 [node-1] [follower] term=18 :: handle_request error: 'from'
1780470455.9365 [node-1] [candidate] term=19 :: starting election (term 19)
1780470455.9382 [node-1] [follower] term=19 :: LOST election with 1/5 votes
1780470456.0451 [node-1] [follower] term=20 :: handle_request error: 'from'
1780470456.0905 [node-1] [follower] term=21 :: handle_request error: 'from'
1780470456.1069 [node-1] [follower] term=22 :: handle_request error: 'from'
1780470456.1524 [node-1] [candidate] term=23 :: starting election (term 23)
1780470456.1539 [node-1] [candidate] term=23 :: handle_request error: 'from'
1780470456.1548 [node-1] [follower] term=23 :: LOST election with 1/5 votes
1780470456.3076 [node-1] [follower] term=24 :: handle_request error: 'from'
1780470456.3236 [node-1] [follower] term=25 :: handle_request error: 'from'
1780470456.3386 [node-1] [follower] term=26 :: handle_request error: 'from'
1780470456.3990 [node-1] [candidate] term=27 :: starting election (term 27)
1780470456.4151 [node-1] [follower] term=27 :: LOST election with 1/5 votes
1780470456.4625 [node-1] [follower] term=28 :: handle_request error: 'from'
1780470456.5085 [node-1] [follower] term=29 :: handle_request error: 'from'
1780470456.5241 [node-1] [follower] term=29 :: handle_request error: 'from'
1780470456.5710 [node-1] [follower] term=30 :: handle_request error: 'from'
1780470456.5999 [node-1] [candidate] term=31 :: starting election (term 31)
1780470456.6158 [node-1] [follower] term=31 :: LOST election with 1/5 votes
1780470456.6790 [node-1] [follower] term=32 :: handle_request error: 'from'
1780470456.7411 [node-1] [follower] term=33 :: handle_request error: 'from'
1780470456.8166 [node-1] [follower] term=34 :: handle_request error: 'from'
1780470456.8331 [node-1] [follower] term=35 :: handle_request error: 'from'
1780470456.8641 [node-1] [follower] term=36 :: handle_request error: 'from'
1780470456.9253 [node-1] [candidate] term=37 :: starting election (term 37)
1780470456.9273 [node-1] [follower] term=37 :: LOST election with 1/5 votes
1780470456.9729 [node-1] [follower] term=38 :: handle_request error: 'from'
1780470457.0039 [node-1] [follower] term=39 :: handle_request error: 'from'
1780470457.0665 [node-1] [follower] term=40 :: handle_request error: 'from'
1780470457.0670 [node-1] [follower] term=40 :: handle_request error: 'from'
1780470457.1911 [node-1] [follower] term=41 :: handle_request error: 'from'
1780470457.2046 [node-1] [candidate] term=42 :: starting election (term 42)
1780470457.2076 [node-1] [follower] term=42 :: LOST election with 1/5 votes
1780470457.2370 [node-1] [follower] term=43 :: handle_request error: 'from'
1780470457.2525 [node-1] [follower] term=44 :: handle_request error: 'from'
1780470457.2836 [node-1] [follower] term=45 :: handle_request error: 'from'
1780470457.3906 [node-1] [candidate] term=46 :: starting election (term 46)
1780470457.4071 [node-1] [follower] term=46 :: LOST election with 1/5 votes
1780470457.4541 [node-1] [follower] term=47 :: handle_request error: 'from'
1780470457.4850 [node-1] [follower] term=48 :: handle_request error: 'from'
1780470457.5003 [node-1] [follower] term=49 :: handle_request error: 'from'
1780470457.5315 [node-1] [follower] term=50 :: handle_request error: 'from'
1780470457.6228 [node-1] [candidate] term=51 :: starting election (term 51)
1780470457.6248 [node-1] [follower] term=51 :: LOST election with 1/5 votes
1780470457.7160 [node-1] [follower] term=52 :: handle_request error: 'from'
1780470457.7329 [node-1] [follower] term=53 :: handle_request error: 'from'
1780470457.7334 [node-1] [follower] term=53 :: handle_request error: 'from'
1780470457.7791 [node-1] [follower] term=54 :: handle_request error: 'from'
1780470457.8708 [node-1] [candidate] term=55 :: starting election (term 55)
1780470457.8728 [node-1] [candidate] term=55 :: handle_request error: 'from'
1780470457.8738 [node-1] [follower] term=55 :: LOST election with 1/5 votes
1780470457.9642 [node-1] [follower] term=56 :: handle_request error: 'from'
1780470458.0095 [node-1] [follower] term=57 :: handle_request error: 'from'
1780470458.0567 [node-1] [follower] term=58 :: handle_request error: 'from'
1780470458.1172 [node-1] [candidate] term=59 :: starting election (term 59)
1780470458.1336 [node-1] [follower] term=59 :: LOST election with 1/5 votes
1780470458.1486 [node-1] [follower] term=59 :: handle_request error: 'from'
1780470458.2427 [node-1] [follower] term=60 :: handle_request error: 'from'
1780470458.2579 [node-1] [follower] term=61 :: handle_request error: 'from'
1780470458.2883 [node-1] [follower] term=62 :: handle_request error: 'from'
1780470458.4107 [node-1] [candidate] term=63 :: starting election (term 63)
1780470458.4157 [node-1] [follower] term=63 :: LOST election with 1/5 votes
1780470458.4582 [node-1] [follower] term=64 :: handle_request error: 'from'
1780470458.5047 [node-1] [follower] term=65 :: handle_request error: 'from'
1780470458.5203 [node-1] [follower] term=65 :: handle_request error: 'from'
1780470458.5678 [node-1] [follower] term=66 :: handle_request error: 'from'
1780470458.7209 [node-1] [candidate] term=67 :: starting election (term 67)
1780470458.7234 [node-1] [follower] term=67 :: LOST election with 1/5 votes
1780470458.7520 [node-1] [follower] term=68 :: handle_request error: 'from'
1780470458.7685 [node-1] [follower] term=69 :: handle_request error: 'from'
1780470458.7840 [node-1] [follower] term=69 :: handle_request error: 'from'
1780470458.8763 [node-1] [follower] term=70 :: handle_request error: 'from'
1780470458.9375 [node-1] [candidate] term=71 :: starting election (term 71)
1780470458.9395 [node-1] [candidate] term=71 :: handle_request error: 'from'
1780470458.9536 [node-1] [follower] term=71 :: LOST election with 1/5 votes
1780470458.9696 [node-1] [follower] term=72 :: handle_request error: 'from'
1780470459.0316 [node-1] [follower] term=73 :: handle_request error: 'from'
1780470459.1257 [node-1] [follower] term=74 :: handle_request error: 'from'
1780470459.1389 [node-1] [candidate] term=75 :: starting election (term 75)
1780470459.1394 [node-1] [candidate] term=75 :: handle_request error: 'from'
1780470459.1552 [node-1] [follower] term=75 :: LOST election with 1/5 votes
1780470459.2494 [node-1] [follower] term=76 :: handle_request error: 'from'
1780470459.2790 [node-1] [follower] term=77 :: handle_request error: 'from'
1780470459.3245 [node-1] [follower] term=78 :: handle_request error: 'from'
1780470459.3565 [node-1] [follower] term=79 :: handle_request error: 'from'
1780470459.4015 [node-1] [candidate] term=80 :: starting election (term 80)
1780470459.4173 [node-1] [follower] term=80 :: LOST election with 1/5 votes
1780470459.4950 [node-1] [follower] term=81 :: handle_request error: 'from'
1780470459.5102 [node-1] [follower] term=81 :: handle_request error: 'from'
1780470459.5719 [node-1] [follower] term=82 :: handle_request error: 'from'
1780470459.6186 [node-1] [follower] term=83 :: handle_request error: 'from'
1780470459.6637 [node-1] [candidate] term=84 :: starting election (term 84)
1780470459.6791 [node-1] [follower] term=84 :: LOST election with 1/5 votes
1780470459.7580 [node-1] [follower] term=85 :: handle_request error: 'from'
1780470459.8036 [node-1] [follower] term=86 :: handle_request error: 'from'
1780470459.8188 [node-1] [follower] term=87 :: handle_request error: 'from'
1780470459.8188 [node-1] [follower] term=87 :: handle_request error: 'from'
1780470459.8636 [node-1] [candidate] term=88 :: starting election (term 88)
1780470459.8656 [node-1] [follower] term=88 :: LOST election with 1/5 votes
1780470459.9896 [node-1] [follower] term=89 :: handle_request error: 'from'
1780470460.0202 [node-1] [follower] term=90 :: handle_request error: 'from'
1780470460.0514 [node-1] [follower] term=91 :: handle_request error: 'from'
1780470460.1120 [node-1] [candidate] term=92 :: starting election (term 92)
1780470460.1150 [node-1] [follower] term=92 :: LOST election with 1/5 votes
1780470460.1280 [node-1] [follower] term=93 :: handle_request error: 'from'
1780470460.1765 [node-1] [follower] term=94 :: handle_request error: 'from'
1780470460.2682 [node-1] [follower] term=95 :: handle_request error: 'from'
1780470460.2973 [node-1] [candidate] term=96 :: starting election (term 96)
1780470460.3133 [node-1] [follower] term=96 :: LOST election with 1/5 votes
1780470460.3143 [node-1] [follower] term=97 :: handle_request error: 'from'
1780470460.4069 [node-1] [follower] term=98 :: handle_request error: 'from'
1780470460.4234 [node-1] [follower] term=99 :: handle_request error: 'from'
1780470460.5309 [node-1] [follower] term=100 :: handle_request error: 'from'
1780470460.5914 [node-1] [candidate] term=101 :: starting election (term 101)
1780470460.5929 [node-1] [candidate] term=101 :: handle_request error: 'from'
1780470460.6079 [node-1] [follower] term=101 :: LOST election with 1/5 votes
1780470460.6239 [node-1] [follower] term=102 :: handle_request error: 'from'
1780470460.6709 [node-1] [follower] term=103 :: handle_request error: 'from'
1780470460.7640 [node-1] [follower] term=104 :: handle_request error: 'from'
1780470460.7930 [node-1] [candidate] term=105 :: starting election (term 105)
1780470460.7955 [node-1] [follower] term=105 :: LOST election with 1/5 votes
1780470460.8255 [node-1] [follower] term=106 :: handle_request error: 'from'
1780470460.8575 [node-1] [follower] term=107 :: handle_request error: 'from'
1780470460.9651 [node-1] [follower] term=108 :: handle_request error: 'from'
1780470460.9656 [node-1] [follower] term=108 :: handle_request error: 'from'
1780470461.0268 [node-1] [follower] term=109 :: handle_request error: 'from'
1780470461.0729 [node-1] [candidate] term=110 :: starting election (term 110)
1780470461.0744 [node-1] [follower] term=110 :: LOST election with 1/5 votes
1780470461.1208 [node-1] [follower] term=111 :: handle_request error: 'from'
1780470461.1513 [node-1] [follower] term=112 :: handle_request error: 'from'
1780470461.1824 [node-1] [follower] term=113 :: handle_request error: 'from'
1780470461.2134 [node-1] [follower] term=114 :: handle_request error: 'from'
1780470461.2590 [node-1] [candidate] term=115 :: starting election (term 115)
1780470461.2610 [node-1] [follower] term=115 :: LOST election with 1/5 votes
1780470461.3528 [node-1] [follower] term=116 :: handle_request error: 'from'
1780470461.3844 [node-1] [follower] term=117 :: handle_request error: 'from'
1780470461.4465 [node-1] [follower] term=118 :: handle_request error: 'from'
1780470461.4753 [node-1] [candidate] term=119 :: starting election (term 119)
1780470461.4924 [node-1] [follower] term=119 :: LOST election with 1/5 votes
1780470461.4924 [node-1] [follower] term=119 :: handle_request error: 'from'
1780470461.5550 [node-1] [follower] term=120 :: handle_request error: 'from'
1780470461.5855 [node-1] [follower] term=121 :: handle_request error: 'from'
1780470461.6631 [node-1] [follower] term=122 :: handle_request error: 'from'
1780470461.7085 [node-1] [candidate] term=123 :: starting election (term 123)
1780470461.7246 [node-1] [follower] term=123 :: LOST election with 1/5 votes
1780470461.7251 [node-1] [follower] term=123 :: handle_request error: 'from'
1780470461.8645 [node-1] [follower] term=124 :: handle_request error: 'from'
1780470461.8790 [node-1] [follower] term=124 :: handle_request error: 'from'
1780470461.9259 [node-1] [follower] term=125 :: handle_request error: 'from'
1780470462.0022 [node-1] [candidate] term=126 :: starting election (term 126)
1780470462.0183 [node-1] [follower] term=126 :: LOST election with 1/5 votes
1780470462.0343 [node-1] [follower] term=127 :: handle_request error: 'from'
1780470462.0955 [node-1] [follower] term=128 :: handle_request error: 'from'
1780470462.1431 [node-1] [follower] term=129 :: handle_request error: 'from'
1780470462.1718 [node-1] [candidate] term=130 :: starting election (term 130)
1780470462.1729 [node-1] [candidate] term=130 :: handle_request error: 'from'
1780470462.1879 [node-1] [follower] term=130 :: LOST election with 1/5 votes
1780470462.3122 [node-1] [follower] term=131 :: handle_request error: 'from'
1780470462.3737 [node-1] [follower] term=132 :: handle_request error: 'from'
1780470462.4032 [node-1] [candidate] term=133 :: starting election (term 133)
1780470462.4047 [node-1] [candidate] term=133 :: handle_request error: 'from'
1780470462.4057 [node-1] [follower] term=133 :: LOST election with 1/5 votes
1780470462.4512 [node-1] [follower] term=134 :: handle_request error: 'from'
1780470462.5443 [node-1] [follower] term=135 :: handle_request error: 'from'
1780470462.5754 [node-1] [follower] term=136 :: handle_request error: 'from'
1780470462.6683 [node-1] [follower] term=137 :: handle_request error: 'from'
1780470462.6823 [node-1] [candidate] term=138 :: starting election (term 138)
1780470462.6996 [node-1] [follower] term=138 :: LOST election with 1/5 votes
1780470462.6996 [node-1] [follower] term=138 :: handle_request error: 'from'
1780470462.8074 [node-1] [follower] term=139 :: handle_request error: 'from'
1780470462.8230 [node-1] [follower] term=140 :: handle_request error: 'from'
1780470462.8528 [node-1] [candidate] term=141 :: starting election (term 141)
1780470462.8683 [node-1] [follower] term=141 :: LOST election with 1/5 votes
1780470462.9323 [node-1] [follower] term=142 :: handle_request error: 'from'
1780470463.0093 [node-1] [follower] term=143 :: handle_request error: 'from'
1780470463.0238 [node-1] [candidate] term=144 :: starting election (term 144)
1780470463.0248 [node-1] [candidate] term=144 :: handle_request error: 'from'
1780470463.0398 [node-1] [follower] term=144 :: LOST election with 1/5 votes
1780470463.0403 [node-1] [follower] term=145 :: handle_request error: 'from'
1780470463.1953 [node-1] [follower] term=146 :: handle_request error: 'from'
1780470463.2267 [node-1] [follower] term=147 :: handle_request error: 'from'
1780470463.2407 [node-1] [follower] term=147 :: handle_request error: 'from'
1780470463.3034 [node-1] [follower] term=148 :: handle_request error: 'from'
1780470463.3487 [node-1] [candidate] term=149 :: starting election (term 149)
1780470463.3512 [node-1] [follower] term=149 :: LOST election with 1/5 votes
1780470463.4274 [node-1] [follower] term=150 :: handle_request error: 'from'
1780470463.4437 [node-1] [follower] term=151 :: handle_request error: 'from'
1780470463.5207 [node-1] [follower] term=152 :: handle_request error: 'from'
1780470463.5362 [node-1] [follower] term=153 :: handle_request error: 'from'
1780470463.6274 [node-1] [candidate] term=154 :: starting election (term 154)
1780470463.6291 [node-1] [follower] term=154 :: LOST election with 1/5 votes
1780470463.6443 [node-1] [follower] term=155 :: handle_request error: 'from'
1780470463.7087 [node-1] [follower] term=156 :: handle_request error: 'from'
1780470463.7533 [node-1] [follower] term=157 :: handle_request error: 'from'
1780470463.7688 [node-1] [follower] term=157 :: handle_request error: 'from'
1780470463.8796 [node-1] [candidate] term=158 :: starting election (term 158)
1780470463.9070 [node-1] [follower] term=158 :: LOST election with 1/5 votes
1780470463.9075 [node-1] [follower] term=159 :: handle_request error: 'from'
1780470463.9533 [node-1] [follower] term=160 :: handle_request error: 'from'
1780470463.9846 [node-1] [follower] term=161 :: handle_request error: 'from'
1780470464.0465 [node-1] [follower] term=162 :: handle_request error: 'from'
1780470464.0905 [node-1] [candidate] term=163 :: starting election (term 163)
1780470464.1071 [node-1] [follower] term=163 :: LOST election with 1/5 votes
1780470464.1693 [node-1] [follower] term=164 :: handle_request error: 'from'
1780470464.1990 [node-1] [follower] term=165 :: handle_request error: 'from'
1780470464.2005 [node-1] [follower] term=166 :: handle_request error: 'from'
1780470464.2918 [node-1] [candidate] term=167 :: starting election (term 167)
1780470464.2938 [node-1] [candidate] term=167 :: handle_request error: 'from'
1780470464.2948 [node-1] [follower] term=167 :: LOST election with 1/5 votes
1780470464.3880 [node-1] [follower] term=168 :: handle_request error: 'from'
1780470464.4325 [node-1] [follower] term=169 :: handle_request error: 'from'
1780470464.4481 [node-1] [follower] term=170 :: handle_request error: 'from'
1780470464.4791 [node-1] [follower] term=171 :: handle_request error: 'from'
1780470464.5097 [node-1] [candidate] term=172 :: starting election (term 172)
1780470464.5257 [node-1] [follower] term=172 :: LOST election with 1/5 votes
1780470464.6191 [node-1] [follower] term=173 :: handle_request error: 'from'
1780470464.6956 [node-1] [follower] term=174 :: handle_request error: 'from'
1780470464.7122 [node-1] [follower] term=175 :: handle_request error: 'from'
1780470464.7277 [node-1] [follower] term=176 :: handle_request error: 'from'
1780470464.8038 [node-1] [candidate] term=177 :: starting election (term 177)
1780470464.8058 [node-1] [follower] term=177 :: LOST election with 1/5 votes
1780470464.8986 [node-1] [follower] term=178 :: handle_request error: 'from'
1780470464.8986 [node-1] [follower] term=178 :: handle_request error: 'from'
1780470464.9136 [node-1] [follower] term=179 :: handle_request error: 'from'
1780470464.9754 [node-1] [follower] term=180 :: handle_request error: 'from'
1780470465.0205 [node-1] [candidate] term=181 :: starting election (term 181)
1780470465.0230 [node-1] [follower] term=181 :: LOST election with 1/5 votes
1780470465.1443 [node-1] [follower] term=182 :: handle_request error: 'from'
1780470465.1456 [node-1] [follower] term=183 :: handle_request error: 'from'
1780470465.1608 [node-1] [follower] term=184 :: handle_request error: 'from'
1780470465.1917 [node-1] [follower] term=185 :: handle_request error: 'from'
1780470465.2060 [node-1] [candidate] term=186 :: starting election (term 186)
1780470465.2222 [node-1] [follower] term=186 :: LOST election with 1/5 votes
1780470465.3305 [node-1] [follower] term=187 :: handle_request error: 'from'
1780470465.3615 [node-1] [follower] term=188 :: handle_request error: 'from'
1780470465.4236 [node-1] [follower] term=189 :: handle_request error: 'from'
1780470465.4376 [node-1] [candidate] term=190 :: starting election (term 190)
1780470465.4542 [node-1] [follower] term=190 :: LOST election with 1/5 votes
1780470465.5167 [node-1] [follower] term=191 :: handle_request error: 'from'
1780470465.5324 [node-1] [follower] term=192 :: handle_request error: 'from'
1780470465.6702 [node-1] [candidate] term=193 :: starting election (term 193)
1780470465.6727 [node-1] [follower] term=193 :: LOST election with 1/5 votes
1780470465.6858 [node-1] [follower] term=193 :: handle_request error: 'from'
1780470465.7023 [node-1] [follower] term=194 :: handle_request error: 'from'
1780470465.7338 [node-1] [follower] term=195 :: handle_request error: 'from'
1780470465.7802 [node-1] [follower] term=196 :: handle_request error: 'from'
1780470465.9181 [node-1] [candidate] term=197 :: starting election (term 197)
1780470465.9201 [node-1] [follower] term=197 :: LOST election with 1/5 votes
1780470465.9357 [node-1] [follower] term=198 :: handle_request error: 'from'
1780470465.9357 [node-1] [follower] term=198 :: handle_request error: 'from'
1780470465.9978 [node-1] [follower] term=199 :: handle_request error: 'from'
1780470466.1202 [node-1] [follower] term=200 :: handle_request error: 'from'
1780470466.1847 [node-1] [follower] term=201 :: handle_request error: 'from'
1780470466.1992 [node-1] [follower] term=202 :: handle_request error: 'from'
1780470466.2148 [node-1] [follower] term=203 :: handle_request error: 'from'
1780470466.2286 [node-1] [candidate] term=204 :: starting election (term 204)
1780470466.2452 [node-1] [follower] term=204 :: LOST election with 1/5 votes
1780470466.3705 [node-1] [follower] term=205 :: handle_request error: 'from'
1780470466.4008 [node-1] [follower] term=206 :: handle_request error: 'from'
1780470466.4306 [node-1] [candidate] term=207 :: starting election (term 207)
1780470466.4466 [node-1] [follower] term=207 :: LOST election with 1/5 votes
1780470466.4627 [node-1] [follower] term=208 :: handle_request error: 'from'
1780470466.4632 [node-1] [follower] term=208 :: handle_request error: 'from'
1780470466.6305 [node-1] [candidate] term=210 :: handle_request error: 'from'
1780470466.6310 [node-1] [candidate] term=210 :: starting election (term 210)
1780470466.6466 [node-1] [follower] term=210 :: LOST election with 1/5 votes
1780470466.6614 [node-1] [follower] term=211 :: handle_request error: 'from'
1780470466.6781 [node-1] [follower] term=212 :: handle_request error: 'from'
1780470466.7717 [node-1] [follower] term=213 :: handle_request error: 'from'
1780470466.8008 [node-1] [candidate] term=214 :: starting election (term 214)
1780470466.8033 [node-1] [follower] term=214 :: LOST election with 1/5 votes
1780470466.8178 [node-1] [follower] term=215 :: handle_request error: 'from'
1780470466.8803 [node-1] [follower] term=216 :: handle_request error: 'from'
1780470466.9106 [node-1] [follower] term=217 :: handle_request error: 'from'
1780470466.9422 [node-1] [follower] term=218 :: handle_request error: 'from'
1780470467.0488 [node-1] [candidate] term=219 :: starting election (term 219)
1780470467.0651 [node-1] [follower] term=219 :: LOST election with 1/5 votes
1780470467.0963 [node-1] [follower] term=220 :: handle_request error: 'from'
1780470467.1434 [node-1] [follower] term=221 :: handle_request error: 'from'
1780470467.1899 [node-1] [follower] term=222 :: handle_request error: 'from'
1780470467.2349 [node-1] [follower] term=223 :: handle_request error: 'from'
1780470467.2500 [node-1] [candidate] term=224 :: starting election (term 224)
1780470467.2665 [node-1] [follower] term=224 :: LOST election with 1/5 votes
1780470467.2670 [node-1] [follower] term=225 :: handle_request error: 'from'
1780470467.3141 [node-1] [follower] term=226 :: handle_request error: 'from'
1780470467.3764 [node-1] [follower] term=227 :: handle_request error: 'from'
1780470467.4689 [node-1] [follower] term=228 :: handle_request error: 'from'
1780470467.4828 [node-1] [candidate] term=229 :: starting election (term 229)
1780470467.4848 [node-1] [follower] term=229 :: LOST election with 1/5 votes
1780470467.4993 [node-1] [follower] term=230 :: handle_request error: 'from'
1780470467.5148 [node-1] [follower] term=231 :: handle_request error: 'from'
1780470467.5459 [node-1] [follower] term=232 :: handle_request error: 'from'
1780470467.6700 [node-1] [follower] term=233 :: handle_request error: 'from'
1780470467.7477 [node-1] [follower] term=234 :: handle_request error: 'from'
1780470467.7612 [node-1] [candidate] term=235 :: starting election (term 235)
1780470467.7778 [node-1] [follower] term=235 :: LOST election with 1/5 votes
1780470467.8098 [node-1] [follower] term=236 :: handle_request error: 'from'
1780470467.8103 [node-1] [follower] term=236 :: handle_request error: 'from'
1780470467.9332 [node-1] [follower] term=237 :: handle_request error: 'from'
1780470467.9664 [node-1] [candidate] term=238 :: starting election (term 238)
1780470467.9789 [node-1] [follower] term=238 :: LOST election with 1/5 votes
1780470468.0560 [node-1] [follower] term=239 :: handle_request error: 'from'
1780470468.1036 [node-1] [follower] term=240 :: handle_request error: 'from'
1780470468.1188 [node-1] [follower] term=240 :: handle_request error: 'from'
1780470468.2263 [node-1] [candidate] term=241 :: starting election (term 241)
1780470468.2424 [node-1] [follower] term=241 :: LOST election with 1/5 votes
1780470468.2429 [node-1] [follower] term=241 :: handle_request error: 'from'
1780470468.2877 [node-1] [follower] term=242 :: handle_request error: 'from'
1780470468.3043 [node-1] [follower] term=243 :: handle_request error: 'from'
1780470468.4130 [node-1] [follower] term=244 :: handle_request error: 'from'
1780470468.4264 [node-1] [candidate] term=245 :: starting election (term 245)
1780470468.4430 [node-1] [follower] term=245 :: LOST election with 1/5 votes
1780470468.4590 [node-1] [follower] term=246 :: handle_request error: 'from'
1780470468.5054 [node-1] [follower] term=247 :: handle_request error: 'from'
1780470468.5370 [node-1] [follower] term=248 :: handle_request error: 'from'
1780470468.6000 [node-1] [follower] term=249 :: handle_request error: 'from'
1780470468.6286 [node-1] [candidate] term=250 :: starting election (term 250)
1780470468.6306 [node-1] [follower] term=250 :: LOST election with 1/5 votes
1780470468.7697 [node-1] [follower] term=251 :: handle_request error: 'from'
1780470468.7832 [node-1] [follower] term=251 :: handle_request error: 'from'
1780470468.7842 [node-1] [follower] term=252 :: handle_request error: 'from'
1780470468.8467 [node-1] [follower] term=253 :: handle_request error: 'from'
1780470468.8763 [node-1] [candidate] term=254 :: starting election (term 254)
1780470468.8783 [node-1] [follower] term=254 :: LOST election with 1/5 votes
1780470468.9710 [node-1] [follower] term=255 :: handle_request error: 'from'
1780470468.9866 [node-1] [follower] term=256 :: handle_request error: 'from'
1780470469.0016 [node-1] [follower] term=256 :: handle_request error: 'from'
1780470469.0622 [node-1] [candidate] term=257 :: starting election (term 257)
1780470469.0643 [node-1] [candidate] term=257 :: handle_request error: 'from'
1780470469.0783 [node-1] [follower] term=257 :: LOST election with 1/5 votes
1780470469.2798 [node-1] [follower] term=258 :: handle_request error: 'from'
1780470469.2803 [node-1] [follower] term=258 :: handle_request error: 'from'
1780470469.2931 [node-1] [candidate] term=259 :: starting election (term 259)
1780470469.2951 [node-1] [candidate] term=259 :: handle_request error: 'from'
1780470469.3101 [node-1] [follower] term=259 :: LOST election with 1/5 votes
1780470469.3281 [node-1] [follower] term=259 :: handle_request error: 'from'
1780470469.4500 [node-1] [follower] term=260 :: handle_request error: 'from'
1780470469.5113 [node-1] [follower] term=261 :: handle_request error: 'from'
1780470469.5254 [node-1] [candidate] term=262 :: starting election (term 262)
1780470469.5274 [node-1] [follower] term=262 :: LOST election with 1/5 votes
1780470469.5570 [node-1] [follower] term=263 :: handle_request error: 'from'
1780470469.6044 [node-1] [follower] term=264 :: handle_request error: 'from'
1780470469.7282 [node-1] [follower] term=265 :: handle_request error: 'from'
1780470469.7441 [node-1] [follower] term=266 :: handle_request error: 'from'
1780470469.7731 [node-1] [candidate] term=267 :: starting election (term 267)
1780470469.7901 [node-1] [follower] term=267 :: LOST election with 1/5 votes
1780470469.7901 [node-1] [follower] term=267 :: handle_request error: 'from'
1780470469.8698 [node-1] [follower] term=268 :: handle_request error: 'from'
1780470469.8993 [node-1] [follower] term=269 :: handle_request error: 'from'
1780470470.0086 [node-1] [follower] term=270 :: handle_request error: 'from'
1780470470.0672 [node-1] [candidate] term=271 :: starting election (term 271)
1780470470.0676 [node-1] [candidate] term=271 :: handle_request error: 'from'
1780470470.0692 [node-1] [follower] term=271 :: LOST election with 1/5 votes
1780470470.1156 [node-1] [follower] term=272 :: handle_request error: 'from'
1780470470.1772 [node-1] [follower] term=273 :: handle_request error: 'from'
1780470470.2526 [node-1] [candidate] term=274 :: starting election (term 274)
1780470470.2546 [node-1] [follower] term=274 :: LOST election with 1/5 votes
1780470470.2852 [node-1] [follower] term=275 :: handle_request error: 'from'
1780470470.3313 [node-1] [follower] term=276 :: handle_request error: 'from'
1780470470.3628 [node-1] [follower] term=277 :: handle_request error: 'from'
1780470470.3628 [node-1] [follower] term=277 :: handle_request error: 'from'
1780470470.4383 [node-1] [candidate] term=278 :: starting election (term 278)
1780470470.4416 [node-1] [follower] term=278 :: LOST election with 1/5 votes
1780470470.4706 [node-1] [follower] term=279 :: handle_request error: 'from'
1780470470.6097 [node-1] [follower] term=280 :: handle_request error: 'from'
1780470470.6097 [node-1] [follower] term=280 :: handle_request error: 'from'
1780470470.6388 [node-1] [follower] term=281 :: handle_request error: 'from'
1780470470.6538 [node-1] [candidate] term=282 :: starting election (term 282)
1780470470.6553 [node-1] [candidate] term=282 :: handle_request error: 'from'
1780470470.6553 [node-1] [follower] term=282 :: LOST election with 1/5 votes
1780470470.8254 [node-1] [follower] term=283 :: handle_request error: 'from'
1780470470.8394 [node-1] [candidate] term=284 :: starting election (term 284)
1780470470.8414 [node-1] [follower] term=284 :: LOST election with 1/5 votes
1780470470.8880 [node-1] [follower] term=285 :: handle_request error: 'from'
1780470470.9018 [node-1] [follower] term=285 :: handle_request error: 'from'
1780470470.9188 [node-1] [follower] term=286 :: handle_request error: 'from'
1780470471.0267 [node-1] [follower] term=287 :: handle_request error: 'from'
1780470471.0870 [node-1] [candidate] term=288 :: starting election (term 288)
1780470471.1035 [node-1] [follower] term=288 :: LOST election with 1/5 votes
1780470471.1195 [node-1] [follower] term=289 :: handle_request error: 'from'
1780470471.1664 [node-1] [follower] term=290 :: handle_request error: 'from'
1780470471.1970 [node-1] [follower] term=291 :: handle_request error: 'from'
1780470471.2130 [node-1] [follower] term=291 :: handle_request error: 'from'
1780470471.3203 [node-1] [follower] term=292 :: handle_request error: 'from'
1780470471.3808 [node-1] [candidate] term=293 :: starting election (term 293)
1780470471.3971 [node-1] [follower] term=293 :: LOST election with 1/5 votes
1780470471.3976 [node-1] [follower] term=294 :: handle_request error: 'from'
1780470471.4907 [node-1] [follower] term=295 :: handle_request error: 'from'
1780470471.5213 [node-1] [follower] term=296 :: handle_request error: 'from'
1780470471.5364 [node-1] [follower] term=296 :: handle_request error: 'from'
1780470471.5815 [node-1] [candidate] term=297 :: starting election (term 297)
1780470471.5981 [node-1] [follower] term=297 :: LOST election with 1/5 votes
1780470471.6442 [node-1] [follower] term=298 :: handle_request error: 'from'
1780470471.7382 [node-1] [follower] term=299 :: handle_request error: 'from'
1780470471.7845 [node-1] [follower] term=300 :: handle_request error: 'from'
1780470471.8005 [node-1] [follower] term=301 :: handle_request error: 'from'
1780470471.8156 [node-1] [follower] term=302 :: handle_request error: 'from'
1780470471.8766 [node-1] [candidate] term=303 :: starting election (term 303)
1780470471.8786 [node-1] [follower] term=303 :: LOST election with 1/5 votes
1780470471.9549 [node-1] [follower] term=304 :: handle_request error: 'from'
1780470472.0171 [node-1] [follower] term=305 :: handle_request error: 'from'
1780470472.0307 [node-1] [follower] term=305 :: handle_request error: 'from'
1780470472.0517 [node-1] [follower] term=306 :: handle_request error: 'from'
1780470472.1243 [node-1] [candidate] term=307 :: starting election (term 307)
1780470472.1268 [node-1] [follower] term=307 :: LOST election with 1/5 votes
1780470472.1874 [node-1] [follower] term=308 :: handle_request error: 'from'
1780470472.3094 [node-1] [candidate] term=309 :: starting election (term 309)
1780470472.3109 [node-1] [candidate] term=309 :: handle_request error: 'from'
1780470472.3259 [node-1] [follower] term=309 :: LOST election with 1/5 votes
1780470472.3264 [node-1] [follower] term=310 :: handle_request error: 'from'
1780470472.3574 [node-1] [follower] term=311 :: handle_request error: 'from'
1780470472.3729 [node-1] [follower] term=311 :: handle_request error: 'from'
1780470472.5276 [node-1] [follower] term=312 :: handle_request error: 'from'
1780470472.6046 [node-1] [follower] term=313 :: handle_request error: 'from'
1780470472.6207 [node-1] [follower] term=314 :: handle_request error: 'from'
1780470472.6347 [node-1] [candidate] term=315 :: starting election (term 315)
1780470472.6507 [node-1] [follower] term=315 :: LOST election with 1/5 votes
1780470472.6512 [node-1] [follower] term=316 :: handle_request error: 'from'
1780470472.8042 [node-1] [follower] term=317 :: handle_request error: 'from'
1780470472.8363 [node-1] [follower] term=318 :: handle_request error: 'from'
1780470472.8972 [node-1] [candidate] term=319 :: starting election (term 319)
1780470472.9127 [node-1] [candidate] term=319 :: handle_request error: 'from'
1780470472.9132 [node-1] [follower] term=319 :: LOST election with 1/5 votes
1780470472.9450 [node-1] [follower] term=320 :: handle_request error: 'from'
1780470473.0374 [node-1] [follower] term=321 :: handle_request error: 'from'
1780470473.0540 [node-1] [follower] term=321 :: handle_request error: 'from'
1780470473.1000 [node-1] [follower] term=322 :: handle_request error: 'from'
1780470473.1296 [node-1] [candidate] term=323 :: starting election (term 323)
1780470473.1326 [node-1] [follower] term=323 :: LOST election with 1/5 votes
1780470473.1776 [node-1] [follower] term=324 :: handle_request error: 'from'
1780470473.2710 [node-1] [follower] term=325 :: handle_request error: 'from'
1780470473.2715 [node-1] [follower] term=325 :: handle_request error: 'from'
1780470473.2866 [node-1] [follower] term=326 :: handle_request error: 'from'
1780470473.3776 [node-1] [candidate] term=327 :: starting election (term 327)
1780470473.3941 [node-1] [follower] term=327 :: LOST election with 1/5 votes
1780470473.4144 [node-1] [follower] term=328 :: handle_request error: 'from'
1780470473.5031 [node-1] [follower] term=329 :: handle_request error: 'from'
1780470473.5341 [node-1] [follower] term=330 :: handle_request error: 'from'
1780470473.5651 [node-1] [follower] term=331 :: handle_request error: 'from'
1780470473.5791 [node-1] [candidate] term=332 :: starting election (term 332)
1780470473.5956 [node-1] [follower] term=332 :: LOST election with 1/5 votes
1780470473.6893 [node-1] [follower] term=333 :: handle_request error: 'from'
1780470473.6898 [node-1] [follower] term=333 :: handle_request error: 'from'
1780470473.7364 [node-1] [follower] term=334 :: handle_request error: 'from'
1780470473.8431 [node-1] [candidate] term=336 :: handle_request error: 'from'
1780470473.8436 [node-1] [candidate] term=336 :: starting election (term 336)
1780470473.8594 [node-1] [follower] term=336 :: LOST election with 1/5 votes
1780470473.9380 [node-1] [follower] term=337 :: handle_request error: 'from'
1780470473.9380 [node-1] [follower] term=337 :: handle_request error: 'from'
1780470474.0461 [node-1] [follower] term=338 :: handle_request error: 'from'
1780470474.1059 [node-1] [candidate] term=339 :: starting election (term 339)
1780470474.1076 [node-1] [follower] term=339 :: LOST election with 1/5 votes
1780470474.1222 [node-1] [follower] term=340 :: handle_request error: 'from'
1780470474.2155 [node-1] [follower] term=341 :: handle_request error: 'from'
1780470474.2160 [node-1] [follower] term=341 :: handle_request error: 'from'
1780470474.2310 [node-1] [follower] term=342 :: handle_request error: 'from'
1780470474.4156 [node-1] [candidate] term=343 :: starting election (term 343)
1780470474.4166 [node-1] [candidate] term=343 :: handle_request error: 'from'
1780470474.4176 [node-1] [follower] term=343 :: LOST election with 1/5 votes
1780470474.4322 [node-1] [follower] term=344 :: handle_request error: 'from'
1780470474.4947 [node-1] [follower] term=345 :: handle_request error: 'from'
1780470474.5252 [node-1] [follower] term=346 :: handle_request error: 'from'
1780470474.6325 [node-1] [candidate] term=347 :: starting election (term 347)
1780470474.6340 [node-1] [candidate] term=347 :: handle_request error: 'from'
1780470474.6345 [node-1] [candidate] term=347 :: handle_request error: 'from'
1780470474.6485 [node-1] [follower] term=347 :: LOST election with 1/5 votes
1780470474.7580 [node-1] [follower] term=348 :: handle_request error: 'from'
1780470474.7875 [node-1] [follower] term=349 :: handle_request error: 'from'
1780470474.8663 [node-1] [follower] term=350 :: handle_request error: 'from'
1780470474.8950 [node-1] [candidate] term=351 :: starting election (term 351)
1780470474.9111 [node-1] [follower] term=351 :: LOST election with 1/5 votes
1780470474.9431 [node-1] [follower] term=352 :: handle_request error: 'from'
1780470474.9743 [node-1] [follower] term=353 :: handle_request error: 'from'
1780470474.9883 [node-1] [follower] term=353 :: handle_request error: 'from'
1780470475.0984 [node-1] [follower] term=354 :: handle_request error: 'from'
1780470475.1283 [node-1] [follower] term=355 :: handle_request error: 'from'
1780470475.1888 [node-1] [candidate] term=356 :: starting election (term 356)
1780470475.2064 [node-1] [follower] term=356 :: LOST election with 1/5 votes
1780470475.2064 [node-1] [follower] term=356 :: handle_request error: 'from'
1780470475.2069 [node-1] [follower] term=356 :: handle_request error: 'from'
1780470475.4026 [node-1] [follower] term=357 :: handle_request error: 'from'
1780470475.4026 [node-1] [follower] term=357 :: handle_request error: 'from'
1780470475.4071 [node-1] [follower] term=358 :: handle_request error: 'from'
1780470475.4526 [node-1] [candidate] term=359 :: starting election (term 359)
1780470475.4541 [node-1] [candidate] term=359 :: handle_request error: 'from'
1780470475.4561 [node-1] [follower] term=359 :: LOST election with 1/5 votes
1780470475.6710 [node-1] [follower] term=360 :: handle_request error: 'from'
1780470475.6710 [node-1] [follower] term=360 :: handle_request error: 'from'
1780470475.7005 [node-1] [candidate] term=361 :: starting election (term 361)
1780470475.7171 [node-1] [follower] term=361 :: LOST election with 1/5 votes
1780470475.7176 [node-1] [follower] term=361 :: handle_request error: 'from'
1780470475.7321 [node-1] [follower] term=362 :: handle_request error: 'from'
1780470475.9191 [node-1] [follower] term=363 :: handle_request error: 'from'
1780470475.9326 [node-1] [candidate] term=364 :: starting election (term 364)
1780470475.9341 [node-1] [candidate] term=364 :: handle_request error: 'from'
1780470475.9356 [node-1] [follower] term=364 :: LOST election with 1/5 votes
1780470475.9496 [node-1] [follower] term=365 :: handle_request error: 'from'
1780470476.0277 [node-1] [follower] term=366 :: handle_request error: 'from'
1780470476.1801 [node-1] [candidate] term=367 :: starting election (term 367)
1780470476.1952 [node-1] [follower] term=367 :: LOST election with 1/5 votes
1780470476.2262 [node-1] [follower] term=368 :: handle_request error: 'from'
1780470476.2437 [node-1] [follower] term=369 :: handle_request error: 'from'
1780470476.2592 [node-1] [follower] term=370 :: handle_request error: 'from'
1780470476.3376 [node-1] [follower] term=371 :: handle_request error: 'from'
1780470476.4429 [node-1] [candidate] term=372 :: starting election (term 372)
1780470476.4454 [node-1] [follower] term=372 :: LOST election with 1/5 votes
1780470476.4754 [node-1] [follower] term=373 :: handle_request error: 'from'
1780470476.5059 [node-1] [follower] term=374 :: handle_request error: 'from'
1780470476.5527 [node-1] [follower] term=375 :: handle_request error: 'from'
1780470476.5527 [node-1] [follower] term=375 :: handle_request error: 'from'
1780470476.6908 [node-1] [candidate] term=376 :: starting election (term 376)
1780470476.7064 [node-1] [follower] term=376 :: LOST election with 1/5 votes
1780470476.7549 [node-1] [follower] term=377 :: handle_request error: 'from'
1780470476.8014 [node-1] [follower] term=378 :: handle_request error: 'from'
1780470476.8019 [node-1] [follower] term=378 :: handle_request error: 'from'
1780470476.8019 [node-1] [follower] term=378 :: handle_request error: 'from'
1780470476.9242 [node-1] [candidate] term=379 :: starting election (term 379)
1780470476.9267 [node-1] [follower] term=379 :: LOST election with 1/5 votes
1780470477.0007 [node-1] [follower] term=380 :: handle_request error: 'from'
1780470477.0782 [node-1] [candidate] term=381 :: starting election (term 381)
1780470477.0937 [node-1] [candidate] term=381 :: handle_request error: 'from'
1780470477.0942 [node-1] [follower] term=381 :: LOST election with 1/5 votes
1780470477.1102 [node-1] [follower] term=382 :: handle_request error: 'from'
1780470477.1258 [node-1] [follower] term=382 :: handle_request error: 'from'
1780470477.2183 [node-1] [follower] term=383 :: handle_request error: 'from'
1780470477.3097 [node-1] [candidate] term=384 :: starting election (term 384)
1780470477.3122 [node-1] [follower] term=384 :: LOST election with 1/5 votes
1780470477.3737 [node-1] [follower] term=385 :: handle_request error: 'from'
1780470477.4039 [node-1] [follower] term=386 :: handle_request error: 'from'
1780470477.4194 [node-1] [follower] term=387 :: handle_request error: 'from'
1780470477.4350 [node-1] [follower] term=388 :: handle_request error: 'from'
1780470477.6189 [node-1] [candidate] term=389 :: starting election (term 389)
1780470477.6215 [node-1] [follower] term=389 :: LOST election with 1/5 votes
1780470477.6347 [node-1] [follower] term=389 :: handle_request error: 'from'
1780470477.6668 [node-1] [follower] term=390 :: handle_request error: 'from'
1780470477.6820 [node-1] [follower] term=391 :: handle_request error: 'from'
1780470477.7129 [node-1] [follower] term=392 :: handle_request error: 'from'
1780470477.8839 [node-1] [follower] term=393 :: handle_request error: 'from'
1780470477.8849 [node-1] [follower] term=393 :: handle_request error: 'from'
1780470477.8975 [node-1] [candidate] term=394 :: starting election (term 394)
1780470477.8995 [node-1] [follower] term=394 :: LOST election with 1/5 votes
1780470477.9141 [node-1] [follower] term=395 :: handle_request error: 'from'
1780470477.9767 [node-1] [follower] term=396 :: handle_request error: 'from'
1780470478.1165 [node-1] [follower] term=397 :: handle_request error: 'from'
1780470478.1456 [node-1] [candidate] term=398 :: starting election (term 398)
1780470478.1471 [node-1] [candidate] term=398 :: handle_request error: 'from'
1780470478.1612 [node-1] [follower] term=398 :: LOST election with 1/5 votes
1780470478.1622 [node-1] [follower] term=399 :: handle_request error: 'from'
1780470478.2707 [node-1] [follower] term=400 :: handle_request error: 'from'
1780470478.3322 [node-1] [follower] term=401 :: handle_request error: 'from'
1780470478.4088 [node-1] [candidate] term=402 :: starting election (term 402)
1780470478.4248 [node-1] [follower] term=402 :: LOST election with 1/5 votes
1780470478.4253 [node-1] [follower] term=403 :: handle_request error: 'from'
1780470478.4878 [node-1] [follower] term=404 :: handle_request error: 'from'
1780470478.5028 [node-1] [follower] term=405 :: handle_request error: 'from'
1780470478.5960 [node-1] [follower] term=406 :: handle_request error: 'from'
1780470478.6608 [node-1] [follower] term=407 :: handle_request error: 'from'
1780470478.7026 [node-1] [candidate] term=408 :: starting election (term 408)
1780470478.7031 [node-1] [candidate] term=408 :: handle_request error: 'from'
1780470478.7041 [node-1] [candidate] term=408 :: handle_request error: 'from'
1780470478.7051 [node-1] [follower] term=408 :: LOST election with 1/5 votes
1780470478.8894 [node-1] [follower] term=409 :: handle_request error: 'from'
1780470478.8904 [node-1] [follower] term=409 :: handle_request error: 'from'
1780470478.9358 [node-1] [follower] term=410 :: handle_request error: 'from'
1780470478.9363 [node-1] [follower] term=410 :: handle_request error: 'from'
1780470478.9811 [node-1] [candidate] term=411 :: starting election (term 411)
1780470478.9831 [node-1] [follower] term=411 :: LOST election with 1/5 votes
1780470479.1202 [node-1] [follower] term=412 :: handle_request error: 'from'
1780470479.1671 [node-1] [candidate] term=413 :: starting election (term 413)
1780470479.1825 [node-1] [follower] term=413 :: LOST election with 1/5 votes
1780470479.1985 [node-1] [follower] term=414 :: handle_request error: 'from'
1780470479.2298 [node-1] [follower] term=415 :: handle_request error: 'from'
1780470479.2303 [node-1] [follower] term=415 :: handle_request error: 'from'
1780470479.2760 [node-1] [follower] term=416 :: handle_request error: 'from'
1780470479.3993 [node-1] [follower] term=417 :: handle_request error: 'from'
1780470479.4286 [node-1] [follower] term=417 :: handle_request error: 'from'
1780470479.4597 [node-1] [candidate] term=418 :: starting election (term 418)
1780470479.4752 [node-1] [candidate] term=418 :: handle_request error: 'from'
1780470479.4757 [node-1] [follower] term=418 :: LOST election with 1/5 votes
1780470479.5389 [node-1] [follower] term=419 :: handle_request error: 'from'
1780470479.6012 [node-1] [follower] term=420 :: handle_request error: 'from'
1780470479.6776 [node-1] [follower] term=421 :: handle_request error: 'from'
1780470479.7238 [node-1] [follower] term=422 :: handle_request error: 'from'
1780470479.7536 [node-1] [candidate] term=423 :: starting election (term 423)
1780470479.7551 [node-1] [candidate] term=423 :: handle_request error: 'from'
1780470479.7556 [node-1] [follower] term=423 :: LOST election with 1/5 votes
1780470479.8010 [node-1] [follower] term=424 :: handle_request error: 'from'
1780470479.8476 [node-1] [follower] term=425 :: handle_request error: 'from'
1780470479.9254 [node-1] [follower] term=426 :: handle_request error: 'from'
1780470479.9556 [node-1] [follower] term=427 :: handle_request error: 'from'
1780470479.9871 [node-1] [follower] term=428 :: handle_request error: 'from'
1780470480.0316 [node-1] [candidate] term=429 :: starting election (term 429)
1780470480.0336 [node-1] [follower] term=429 :: LOST election with 1/5 votes
1780470480.1256 [node-1] [follower] term=430 :: handle_request error: 'from'
1780470480.1411 [node-1] [follower] term=431 :: handle_request error: 'from'
1780470480.2174 [node-1] [follower] term=432 :: handle_request error: 'from'
1780470480.2655 [node-1] [follower] term=433 :: handle_request error: 'from'
1780470480.3101 [node-1] [candidate] term=434 :: starting election (term 434)
1780470480.3121 [node-1] [follower] term=434 :: LOST election with 1/5 votes
1780470480.3581 [node-1] [follower] term=435 :: handle_request error: 'from'
1780470480.3896 [node-1] [follower] term=436 :: handle_request error: 'from'
1780470480.4046 [node-1] [follower] term=437 :: handle_request error: 'from'
1780470480.4511 [node-1] [follower] term=438 :: handle_request error: 'from'
1780470480.5277 [node-1] [candidate] term=439 :: starting election (term 439)
1780470480.5437 [node-1] [follower] term=439 :: LOST election with 1/5 votes
1780470480.6063 [node-1] [follower] term=440 :: handle_request error: 'from'
1780470480.6228 [node-1] [follower] term=441 :: handle_request error: 'from'
1780470480.6699 [node-1] [follower] term=442 :: handle_request error: 'from'
1780470480.6849 [node-1] [follower] term=442 :: handle_request error: 'from'
1780470480.7303 [node-1] [candidate] term=443 :: starting election (term 443)
1780470480.7464 [node-1] [follower] term=443 :: LOST election with 1/5 votes
1780470480.8086 [node-1] [follower] term=444 :: handle_request error: 'from'
1780470480.8390 [node-1] [follower] term=445 :: handle_request error: 'from'
1780470480.9016 [node-1] [follower] term=446 :: handle_request error: 'from'
1780470480.9167 [node-1] [follower] term=447 :: handle_request error: 'from'
1780470480.9617 [node-1] [candidate] term=448 :: starting election (term 448)
1780470480.9777 [node-1] [follower] term=448 :: LOST election with 1/5 votes
1780470481.0407 [node-1] [follower] term=449 :: handle_request error: 'from'
1780470481.0568 [node-1] [follower] term=450 :: handle_request error: 'from'
1780470481.0568 [node-1] [follower] term=450 :: handle_request error: 'from'
1780470481.1966 [node-1] [follower] term=451 :: handle_request error: 'from'
1780470481.2260 [node-1] [candidate] term=452 :: starting election (term 452)
1780470481.2415 [node-1] [follower] term=452 :: LOST election with 1/5 votes
1780470481.2873 [node-1] [follower] term=453 :: handle_request error: 'from'
1780470481.3029 [node-1] [follower] term=454 :: handle_request error: 'from'
1780470481.3044 [node-1] [follower] term=454 :: handle_request error: 'from'
1780470481.3977 [node-1] [follower] term=455 :: handle_request error: 'from'
1780470481.4269 [node-1] [candidate] term=456 :: starting election (term 456)
1780470481.4423 [node-1] [follower] term=456 :: LOST election with 1/5 votes
1780470481.5064 [node-1] [follower] term=457 :: handle_request error: 'from'
1780470481.5506 [node-1] [follower] term=458 :: handle_request error: 'from'
1780470481.5827 [node-1] [follower] term=459 :: handle_request error: 'from'
1780470481.5962 [node-1] [candidate] term=460 :: starting election (term 460)
1780470481.5987 [node-1] [candidate] term=460 :: handle_request error: 'from'
1780470481.5992 [node-1] [follower] term=460 :: LOST election with 1/5 votes
1780470481.7372 [node-1] [follower] term=461 :: handle_request error: 'from'
1780470481.7517 [node-1] [candidate] term=462 :: starting election (term 462)
1780470481.7678 [node-1] [follower] term=462 :: LOST election with 1/5 votes
1780470481.8447 [node-1] [follower] term=463 :: handle_request error: 'from'
1780470481.8607 [node-1] [follower] term=464 :: handle_request error: 'from'
1780470481.8757 [node-1] [follower] term=465 :: handle_request error: 'from'
1780470481.9213 [node-1] [candidate] term=466 :: starting election (term 466)
1780470481.9238 [node-1] [follower] term=466 :: LOST election with 1/5 votes
1780470481.9533 [node-1] [follower] term=467 :: handle_request error: 'from'
1780470482.0474 [node-1] [follower] term=468 :: handle_request error: 'from'
1780470482.1694 [node-1] [candidate] term=469 :: starting election (term 469)
1780470482.1704 [node-1] [candidate] term=469 :: handle_request error: 'from'
1780470482.1719 [node-1] [follower] term=469 :: LOST election with 1/5 votes
1780470482.2643 [node-1] [follower] term=470 :: handle_request error: 'from'
1780470482.2798 [node-1] [follower] term=471 :: handle_request error: 'from'
1780470482.3104 [node-1] [follower] term=472 :: handle_request error: 'from'
1780470482.4484 [node-1] [candidate] term=473 :: starting election (term 473)
1780470482.4499 [node-1] [candidate] term=473 :: handle_request error: 'from'
1780470482.4509 [node-1] [follower] term=473 :: LOST election with 1/5 votes
1780470482.5265 [node-1] [follower] term=474 :: handle_request error: 'from'
1780470482.5429 [node-1] [follower] term=475 :: handle_request error: 'from'
1780470482.5896 [node-1] [follower] term=476 :: handle_request error: 'from'
1780470482.6667 [node-1] [follower] term=477 :: handle_request error: 'from'
1780470482.7277 [node-1] [candidate] term=478 :: starting election (term 478)
1780470482.7442 [node-1] [follower] term=478 :: LOST election with 1/5 votes
1780470482.7587 [node-1] [follower] term=478 :: handle_request error: 'from'
1780470482.8218 [node-1] [follower] term=479 :: handle_request error: 'from'
1780470482.8515 [node-1] [follower] term=480 :: handle_request error: 'from'
1780470482.9304 [node-1] [follower] term=481 :: handle_request error: 'from'
1780470482.9992 [node-1] [follower] term=482 :: handle_request error: 'from'
1780470483.0213 [node-1] [candidate] term=483 :: starting election (term 483)
1780470483.0233 [node-1] [follower] term=483 :: LOST election with 1/5 votes
1780470483.0523 [node-1] [follower] term=484 :: handle_request error: 'from'
1780470483.1616 [node-1] [follower] term=485 :: handle_request error: 'from'
1780470483.2242 [node-1] [follower] term=486 :: handle_request error: 'from'
1780470483.2697 [node-1] [candidate] term=487 :: starting election (term 487)
1780470483.2707 [node-1] [candidate] term=487 :: handle_request error: 'from'
1780470483.2851 [node-1] [follower] term=487 :: LOST election with 1/5 votes
1780470483.3011 [node-1] [follower] term=488 :: handle_request error: 'from'
1780470483.3476 [node-1] [follower] term=489 :: handle_request error: 'from'
1780470483.5010 [node-1] [follower] term=490 :: handle_request error: 'from'
1780470483.5015 [node-1] [candidate] term=491 :: starting election (term 491)
1780470483.5030 [node-1] [candidate] term=491 :: handle_request error: 'from'
1780470483.5040 [node-1] [follower] term=491 :: LOST election with 1/5 votes
1780470483.5655 [node-1] [follower] term=492 :: handle_request error: 'from'
1780470483.5961 [node-1] [follower] term=493 :: handle_request error: 'from'
1780470483.6877 [node-1] [candidate] term=494 :: starting election (term 494)
1780470483.6892 [node-1] [candidate] term=494 :: handle_request error: 'from'
1780470483.6897 [node-1] [candidate] term=494 :: handle_request error: 'from'
1780470483.6902 [node-1] [follower] term=494 :: LOST election with 1/5 votes
1780470483.7661 [node-1] [follower] term=495 :: handle_request error: 'from'
1780470483.8746 [node-1] [follower] term=496 :: handle_request error: 'from'
1780470483.8751 [node-1] [follower] term=496 :: handle_request error: 'from'
1780470483.8756 [node-1] [follower] term=496 :: handle_request error: 'from'
1780470483.9655 [node-1] [candidate] term=497 :: starting election (term 497)
1780470483.9820 [node-1] [follower] term=497 :: LOST election with 1/5 votes
1780470484.0744 [node-1] [follower] term=498 :: handle_request error: 'from'
1780470484.1065 [node-1] [follower] term=499 :: handle_request error: 'from'
1780470484.1218 [node-1] [follower] term=499 :: handle_request error: 'from'
1780470484.1535 [node-1] [follower] term=500 :: handle_request error: 'from'
1780470484.1670 [node-1] [candidate] term=501 :: starting election (term 501)
1780470484.1830 [node-1] [follower] term=501 :: LOST election with 1/5 votes
1780470484.3072 [node-1] [follower] term=502 :: handle_request error: 'from'
1780470484.3383 [node-1] [follower] term=503 :: handle_request error: 'from'
1780470484.3543 [node-1] [follower] term=504 :: handle_request error: 'from'
1780470484.3846 [node-1] [follower] term=505 :: handle_request error: 'from'
1780470484.4912 [node-1] [candidate] term=506 :: starting election (term 506)
1780470484.5068 [node-1] [candidate] term=506 :: handle_request error: 'from'
1780470484.5074 [node-1] [follower] term=506 :: LOST election with 1/5 votes
1780470484.5545 [node-1] [follower] term=507 :: handle_request error: 'from'
1780470484.6479 [node-1] [follower] term=508 :: handle_request error: 'from'
1780470484.6484 [node-1] [follower] term=508 :: handle_request error: 'from'
1780470484.6940 [node-1] [follower] term=509 :: handle_request error: 'from'
1780470484.7235 [node-1] [candidate] term=510 :: starting election (term 510)
1780470484.7395 [node-1] [follower] term=510 :: LOST election with 1/5 votes
1780470484.8026 [node-1] [follower] term=511 :: handle_request error: 'from'
1780470484.8176 [node-1] [follower] term=512 :: handle_request error: 'from'
