# start rate=10 seed=2 dur=420 n=7 target=3 events=48
25.1 fp=[7] true=[3] merged=[3, 7]
25.4 fp=[7] true=[3] merged=[3, 7]
25.7 fp=[7] true=[3] merged=[3, 7]
26.0 fp=[7] true=[3] merged=[3, 7]
26.3 fp=[7] true=[3] merged=[3, 7]
26.6 fp=[7] true=[3] merged=[3, 7]
26.9 fp=[7] true=[3] merged=[3, 7]
27.3 fp=[7] true=[3] merged=[3, 7]
27.6 fp=[7] true=[3] merged=[3, 7]
27.9 fp=[7] true=[3] merged=[3, 7]
28.2 fp=[7] true=[3] merged=[3, 7]
28.5 fp=[7] true=[3] merged=[3, 7]
28.8 fp=[7] true=[3] merged=[3, 7]
29.1 fp=[7] true=[3] merged=[3, 7]
29.4 fp=[7] true=[3] merged=[3, 7]
29.7 fp=[7] true=[3] merged=[3, 7]
30.1 fp=[7] true=[3] merged=[3, 7]
30.4 fp=[7] true=[3] merged=[3, 7]
30.7 fp=[7] true=[3] merged=[3, 7]
31.0 fp=[7] true=[3] merged=[3, 7]
31.3 fp=[7] true=[3] merged=[3, 7]
31.6 fp=[7] true=[3] merged=[3, 7]
31.9 fp=[7] true=[3] merged=[3, 7]
32.2 fp=[7] true=[3] merged=[3, 7]
32.6 fp=[7] true=[3] merged=[3, 7]
32.9 fp=[7] true=[3] merged=[3, 7]
33.2 fp=[7] true=[3] merged=[3, 7]
33.5 fp=[7] true=[3] merged=[3, 7]
33.8 fp=[7] true=[3] merged=[3, 7]
34.1 fp=[7] true=[3] merged=[3, 7]
34.4 fp=[7] true=[3] merged=[3, 7]
34.7 fp=[7] true=[3] merged=[3, 7]
35.0 fp=[2] true=[3] merged=[2, 3]
35.4 fp=[2] true=[3] merged=[2, 3]
35.7 fp=[2] true=[3] merged=[2, 3]
36.0 fp=[2] true=[3] merged=[2, 3]
36.3 fp=[2] true=[3] merged=[2, 3]
36.6 fp=[2] true=[3] merged=[2, 3]
36.9 fp=[2] true=[3] merged=[2, 3]
37.2 fp=[2] true=[3] merged=[2, 3]
37.6 fp=[2] true=[3] merged=[2, 3]
37.9 fp=[2] true=[3] merged=[2, 3]
38.2 fp=[1] true=[3] merged=[1, 3]
38.5 fp=[1] true=[3] merged=[1, 3]
38.8 fp=[1] true=[3] merged=[1, 3]
39.1 fp=[1] true=[3] merged=[1, 3]
39.4 fp=[1] true=[3] merged=[1, 3]
39.7 fp=[1] true=[3] merged=[1, 3]
40.1 fp=[1] true=[3] merged=[1, 3]
40.4 fp=[1] true=[3] merged=[1, 3]
40.7 fp=[1] true=[3] merged=[1, 3]
41.0 fp=[1] true=[3] merged=[1, 3]
41.3 fp=[1] true=[3] merged=[1, 3]
41.6 fp=[1] true=[3] merged=[1, 3]
41.9 fp=[1] true=[3] merged=[1, 3]
42.3 fp=[1] true=[3] merged=[1, 3]
42.6 fp=[1] true=[3] merged=[1, 3]
42.9 fp=[1] true=[3] merged=[1, 3]
43.2 fp=[1] true=[3] merged=[1, 3]
43.5 fp=[1] true=[3] merged=[1, 3]
43.8 fp=[1] true=[3] merged=[1, 3]
44.1 fp=[1] true=[3] merged=[1, 3]
44.4 fp=[1] true=[3] merged=[1, 3]
44.8 fp=[1] true=[3] merged=[1, 3]
45.1 fp=[1] true=[3] merged=[1, 3]
45.4 fp=[1] true=[3] merged=[1, 3]
45.7 fp=[1] true=[3] merged=[1, 3]
46.0 fp=[1] true=[3] merged=[1, 3]
46.4 fp=[1] true=[3] merged=[1, 3]
46.7 fp=[1] true=[3] merged=[1, 3]
47.0 fp=[1] true=[3] merged=[1, 3]
47.3 fp=[1] true=[3] merged=[1, 3]
47.6 fp=[1] true=[3] merged=[1, 3]
47.9 fp=[1] true=[3] merged=[1, 3]
48.3 fp=[1] true=[3] merged=[1, 3]
48.6 fp=[1] true=[3] merged=[1, 3]
48.9 fp=[1] true=[3] merged=[1, 3]
49.2 fp=[1] true=[3] merged=[1, 3]
49.5 fp=[1] true=[3] merged=[1, 3]
49.8 fp=[1] true=[3] merged=[1, 3]
50.1 fp=[1] true=[3] merged=[1, 3]
50.5 fp=[1] true=[3] merged=[1, 3]
50.8 fp=[1] true=[3] merged=[1, 3]
51.1 fp=[1] true=[3] merged=[1, 3]
51.4 fp=[1] true=[3] merged=[1, 3]
51.7 fp=[1] true=[3] merged=[1, 3]
52.0 fp=[1] true=[3] merged=[1, 3]
52.3 fp=[1] true=[3] merged=[1, 3]
52.6 fp=[1] true=[3] merged=[1, 3]
53.0 fp=[1] true=[3] merged=[1, 3]
53.3 fp=[1] true=[3] merged=[1, 3]
53.6 fp=[1] true=[3] merged=[1, 3]
53.9 fp=[1] true=[3] merged=[1, 3]
54.2 fp=[1] true=[3] merged=[1, 3]
54.5 fp=[1] true=[3] merged=[1, 3]
54.9 fp=[1] true=[3] merged=[1, 3]
55.2 fp=[1] true=[3] merged=[1, 3]
55.5 fp=[1] true=[3] merged=[1, 3]
55.8 fp=[1] true=[3] merged=[1, 3]
56.1 fp=[1] true=[3] merged=[1, 3]
56.4 fp=[1] true=[3] merged=[1, 3]
56.7 fp=[1] true=[3] merged=[1, 3]
57.0 fp=[1] true=[3] merged=[1, 3]
57.4 fp=[1] true=[3] merged=[1, 3]
57.7 fp=[1] true=[3] merged=[1, 3]
58.0 fp=[1] true=[3] merged=[1, 3]
58.3 fp=[5] true=[3] merged=[3, 5]
58.6 fp=[5] true=[3] merged=[3, 5]
59.0 fp=[5] true=[3] merged=[3, 5]
59.3 fp=[5] true=[3] merged=[3, 5]
59.6 fp=[5] true=[3] merged=[3, 5]
59.9 fp=[5] true=[3] merged=[3, 5]
60.2 fp=[5] true=[3] merged=[3, 5]
60.5 fp=[5] true=[3] merged=[3, 5]
60.9 fp=[5] true=[3] merged=[3, 5]
61.2 fp=[5] true=[3] merged=[3, 5]
61.5 fp=[5] true=[3] merged=[3, 5]
61.8 fp=[5] true=[3] merged=[3, 5]
62.1 fp=[5] true=[3] merged=[3, 5]
62.4 fp=[5] true=[3] merged=[3, 5]
62.7 fp=[5] true=[3] merged=[3, 5]
63.0 fp=[5] true=[3] merged=[3, 5]
63.4 fp=[5] true=[3] merged=[3, 5]
63.7 fp=[5] true=[3] merged=[3, 5]
64.0 fp=[5] true=[3] merged=[3, 5]
64.3 fp=[5] true=[3] merged=[3, 5]
64.6 fp=[5] true=[3] merged=[3, 5]
64.9 fp=[5] true=[3] merged=[3, 5]
65.2 fp=[5] true=[3] merged=[3, 5]
65.5 fp=[5] true=[3] merged=[3, 5]
65.8 fp=[5] true=[3] merged=[3, 5]
66.2 fp=[5] true=[3] merged=[3, 5]
66.5 fp=[5] true=[3] merged=[3, 5]
66.8 fp=[5] true=[3] merged=[3, 5]
67.1 fp=[5] true=[3] merged=[3, 5]
67.5 fp=[5] true=[3] merged=[3, 5]
67.8 fp=[5] true=[3] merged=[3, 5]
68.1 fp=[5] true=[3] merged=[3, 5]
68.4 fp=[5] true=[3] merged=[3, 5]
68.7 fp=[5] true=[3] merged=[3, 5]
69.0 fp=[5] true=[3] merged=[3, 5]
69.3 fp=[5] true=[3] merged=[3, 5]
69.6 fp=[5] true=[3] merged=[3, 5]
70.0 fp=[5] true=[3] merged=[3, 5]
70.3 fp=[5] true=[3] merged=[3, 5]
70.6 fp=[5] true=[3] merged=[3, 5]
70.9 fp=[5] true=[3] merged=[3, 5]
71.2 fp=[5] true=[3] merged=[3, 5]
71.5 fp=[5] true=[3] merged=[3, 5]
71.8 fp=[5] true=[3] merged=[3, 5]
72.1 fp=[5] true=[3] merged=[3, 5]
72.4 fp=[5] true=[3] merged=[3, 5]
72.8 fp=[5] true=[3] merged=[3, 5]
79.0 fp=[6] true=[3] merged=[3, 6]
79.4 fp=[6] true=[3] merged=[3, 6]
79.7 fp=[6] true=[3] merged=[3, 6]
80.0 fp=[6] true=[3] merged=[3, 6]
80.3 fp=[6] true=[3] merged=[3, 6]
80.6 fp=[6] true=[3] merged=[3, 6]
80.9 fp=[6] true=[3] merged=[3, 6]
81.3 fp=[6] true=[3] merged=[3, 6]
81.6 fp=[6] true=[3] merged=[3, 6]
81.9 fp=[6] true=[3] merged=[3, 6]
82.2 fp=[6] true=[3] merged=[3, 6]
82.5 fp=[6] true=[3] merged=[3, 6]
82.8 fp=[6] true=[3] merged=[3, 6]
83.2 fp=[6] true=[3] merged=[3, 6]
83.5 fp=[6] true=[3] merged=[3, 6]
83.8 fp=[6] true=[3] merged=[3, 6]
84.1 fp=[6] true=[3] merged=[3, 6]
84.4 fp=[6] true=[3] merged=[3, 6]
84.7 fp=[6] true=[3] merged=[3, 6]
85.0 fp=[6] true=[3] merged=[3, 6]
85.3 fp=[6] true=[3] merged=[3, 6]
85.6 fp=[6] true=[3] merged=[3, 6]
86.0 fp=[6] true=[3] merged=[3, 6]
86.3 fp=[6] true=[3] merged=[3, 6]
86.6 fp=[6] true=[3] merged=[3, 6]
86.9 fp=[6] true=[3] merged=[3, 6]
87.2 fp=[2] true=[3] merged=[2, 3]
87.6 fp=[2] true=[3] merged=[2, 3]
87.9 fp=[2] true=[3] merged=[2, 3]
88.2 fp=[2] true=[3] merged=[2, 3]
88.5 fp=[2] true=[3] merged=[2, 3]
88.8 fp=[2] true=[3] merged=[2, 3]
89.2 fp=[2] true=[3] merged=[2, 3]
89.5 fp=[2] true=[3] merged=[2, 3]
89.8 fp=[2] true=[3] merged=[2, 3]
90.1 fp=[2] true=[3] merged=[2, 3]
90.4 fp=[2] true=[3] merged=[2, 3]
90.7 fp=[2] true=[3] merged=[2, 3]
91.0 fp=[2] true=[3] merged=[2, 3]
91.3 fp=[2] true=[3] merged=[2, 3]
91.7 fp=[2] true=[3] merged=[2, 3]
92.0 fp=[2] true=[3] merged=[2, 3]
92.3 fp=[2] true=[3] merged=[2, 3]
92.6 fp=[2] true=[3] merged=[2, 3]
92.9 fp=[2] true=[3] merged=[2, 3]
93.2 fp=[2] true=[3] merged=[2, 3]
93.5 fp=[2] true=[3] merged=[2, 3]
93.9 fp=[2] true=[3] merged=[2, 3]
94.2 fp=[2] true=[3] merged=[2, 3]
94.5 fp=[2] true=[3] merged=[2, 3]
94.8 fp=[2] true=[3] merged=[2, 3]
95.1 fp=[2] true=[3] merged=[2, 3]
95.4 fp=[2] true=[3] merged=[2, 3]
95.7 fp=[2] true=[3] merged=[2, 3]
96.1 fp=[2] true=[3] merged=[2, 3]
96.4 fp=[2] true=[3] merged=[2, 3]
96.7 fp=[2] true=[3] merged=[2, 3]
97.0 fp=[2] true=[3] merged=[2, 3]
97.3 fp=[2] true=[3] merged=[2, 3]
97.7 fp=[2] true=[3] merged=[2, 3]
98.0 fp=[2] true=[3] merged=[2, 3]
98.3 fp=[2] true=[3] merged=[2, 3]
98.6 fp=[2] true=[3] merged=[2, 3]
98.9 fp=[2] true=[3] merged=[2, 3]
99.2 fp=[2] true=[3] merged=[2, 3]
99.5 fp=[2] true=[3] merged=[2, 3]
99.8 fp=[2] true=[3] merged=[2, 3]
100.1 fp=[2] true=[3] merged=[2, 3]
100.5 fp=[2] true=[3] merged=[2, 3]
100.8 fp=[2] true=[3] merged=[2, 3]
101.1 fp=[2] true=[3] merged=[2, 3]
101.4 fp=[2] true=[3] merged=[2, 3]
101.7 fp=[2] true=[3] merged=[2, 3]
102.0 fp=[2] true=[3] merged=[2, 3]
102.3 fp=[2] true=[3] merged=[2, 3]
102.7 fp=[2] true=[3] merged=[2, 3]
103.0 fp=[2] true=[3] merged=[2, 3]
103.3 fp=[2] true=[3] merged=[2, 3]
103.6 fp=[2] true=[3] merged=[2, 3]
103.9 fp=[2] true=[3] merged=[2, 3]
104.2 fp=[2] true=[3] merged=[2, 3]
104.5 fp=[2] true=[3] merged=[2, 3]
104.8 fp=[2] true=[3] merged=[2, 3]
105.2 fp=[2] true=[3] merged=[2, 3]
105.5 fp=[2] true=[3] merged=[2, 3]
105.8 fp=[2] true=[3] merged=[2, 3]
106.1 fp=[2] true=[3] merged=[2, 3]
106.4 fp=[2] true=[3] merged=[2, 3]
106.7 fp=[2] true=[3] merged=[2, 3]
107.0 fp=[2] true=[3] merged=[2, 3]
107.3 fp=[2] true=[3] merged=[2, 3]
107.7 fp=[2] true=[3] merged=[2, 3]
108.0 fp=[2] true=[3] merged=[2, 3]
108.3 fp=[2] true=[3] merged=[2, 3]
108.6 fp=[2] true=[3] merged=[2, 3]
108.9 fp=[2] true=[3] merged=[2, 3]
109.2 fp=[6] true=[3] merged=[3, 6]
109.5 fp=[6] true=[3] merged=[3, 6]
109.9 fp=[6] true=[3] merged=[3, 6]
110.2 fp=[6] true=[3] merged=[3, 6]
110.5 fp=[6] true=[3] merged=[3, 6]
110.8 fp=[6] true=[3] merged=[3, 6]
111.1 fp=[6] true=[3] merged=[3, 6]
111.4 fp=[6] true=[3] merged=[3, 6]
111.7 fp=[6] true=[3] merged=[3, 6]
112.1 fp=[6] true=[3] merged=[3, 6]
112.4 fp=[6] true=[3] merged=[3, 6]
112.7 fp=[6] true=[3] merged=[3, 6]
113.0 fp=[6] true=[3] merged=[3, 6]
113.3 fp=[6] true=[3] merged=[3, 6]
113.6 fp=[6] true=[3] merged=[3, 6]
113.9 fp=[6] true=[3] merged=[3, 6]
114.2 fp=[6] true=[3] merged=[3, 6]
114.5 fp=[6] true=[3] merged=[3, 6]
114.9 fp=[6] true=[3] merged=[3, 6]
115.2 fp=[6] true=[3] merged=[3, 6]
115.5 fp=[6] true=[3] merged=[3, 6]
115.8 fp=[6] true=[3] merged=[3, 6]
116.1 fp=[7] true=[3] merged=[3, 7]
116.4 fp=[7] true=[3] merged=[3, 7]
116.7 fp=[7] true=[3] merged=[3, 7]
117.0 fp=[7] true=[3] merged=[3, 7]
117.3 fp=[7] true=[3] merged=[3, 7]
117.6 fp=[7] true=[3] merged=[3, 7]
117.9 fp=[7] true=[3] merged=[3, 7]
121.1 fp=[6] true=[3] merged=[3, 6]
121.4 fp=[6] true=[3] merged=[3, 6]
121.7 fp=[6] true=[3] merged=[3, 6]
122.0 fp=[6] true=[3] merged=[3, 6]
122.3 fp=[6] true=[3] merged=[3, 6]
122.7 fp=[6] true=[3] merged=[3, 6]
123.0 fp=[6] true=[3] merged=[3, 6]
123.3 fp=[2] true=[3] merged=[2, 3]
123.6 fp=[2] true=[3] merged=[2, 3]
123.9 fp=[2] true=[3] merged=[2, 3]
124.2 fp=[2] true=[3] merged=[2, 3]
124.5 fp=[2] true=[3] merged=[2, 3]
124.9 fp=[2] true=[3] merged=[2, 3]
125.2 fp=[2] true=[3] merged=[2, 3]
125.5 fp=[2] true=[3] merged=[2, 3]
125.8 fp=[2] true=[3] merged=[2, 3]
126.1 fp=[2] true=[3] merged=[2, 3]
126.4 fp=[2] true=[3] merged=[2, 3]
126.7 fp=[2] true=[3] merged=[2, 3]
127.1 fp=[2] true=[3] merged=[2, 3]
127.4 fp=[2] true=[3] merged=[2, 3]
127.7 fp=[2] true=[3] merged=[2, 3]
128.0 fp=[2] true=[3] merged=[2, 3]
128.3 fp=[2] true=[3] merged=[2, 3]
128.6 fp=[2] true=[3] merged=[2, 3]
128.9 fp=[2] true=[3] merged=[2, 3]
129.2 fp=[2] true=[3] merged=[2, 3]
129.6 fp=[2] true=[3] merged=[2, 3]
129.9 fp=[2] true=[3] merged=[2, 3]
130.2 fp=[2] true=[3] merged=[2, 3]
130.5 fp=[2] true=[3] merged=[2, 3]
130.8 fp=[2] true=[3] merged=[2, 3]
131.1 fp=[2] true=[3] merged=[2, 3]
131.5 fp=[2] true=[3] merged=[2, 3]
131.8 fp=[2] true=[3] merged=[2, 3]
132.1 fp=[2] true=[3] merged=[2, 3]
132.4 fp=[2] true=[3] merged=[2, 3]
132.7 fp=[2] true=[3] merged=[2, 3]
133.0 fp=[2] true=[3] merged=[2, 3]
133.3 fp=[2] true=[3] merged=[2, 3]
133.7 fp=[2] true=[3] merged=[2, 3]
134.0 fp=[2] true=[3] merged=[2, 3]
134.3 fp=[2] true=[3] merged=[2, 3]
134.6 fp=[2] true=[3] merged=[2, 3]
134.9 fp=[2] true=[3] merged=[2, 3]
135.2 fp=[2] true=[3] merged=[2, 3]
135.5 fp=[2] true=[3] merged=[2, 3]
135.8 fp=[2] true=[3] merged=[2, 3]
136.1 fp=[2] true=[3] merged=[2, 3]
136.4 fp=[2] true=[3] merged=[2, 3]
136.8 fp=[2] true=[3] merged=[2, 3]
137.1 fp=[2] true=[3] merged=[2, 3]
137.4 fp=[2] true=[3] merged=[2, 3]
137.7 fp=[2] true=[3] merged=[2, 3]
138.0 fp=[2] true=[3] merged=[2, 3]
138.3 fp=[2] true=[3] merged=[2, 3]
138.6 fp=[2] true=[3] merged=[2, 3]
138.9 fp=[2] true=[3] merged=[2, 3]
139.3 fp=[2] true=[3] merged=[2, 3]
139.6 fp=[2] true=[3] merged=[2, 3]
139.9 fp=[2] true=[3] merged=[2, 3]
140.2 fp=[2] true=[3] merged=[2, 3]
140.5 fp=[2] true=[3] merged=[2, 3]
140.8 fp=[2] true=[3] merged=[2, 3]
141.1 fp=[2] true=[3] merged=[2, 3]
141.4 fp=[2] true=[3] merged=[2, 3]
141.7 fp=[2] true=[3] merged=[2, 3]
142.1 fp=[2] true=[3] merged=[2, 3]
142.4 fp=[2] true=[3] merged=[2, 3]
142.7 fp=[2] true=[3] merged=[2, 3]
143.0 fp=[2] true=[3] merged=[2, 3]
156.2 fp=[5] true=[3] merged=[3, 5]
156.5 fp=[5] true=[3] merged=[3, 5]
156.8 fp=[5] true=[3] merged=[3, 5]
157.2 fp=[5] true=[3] merged=[3, 5]
157.5 fp=[5] true=[3] merged=[3, 5]
157.8 fp=[5] true=[3] merged=[3, 5]
158.1 fp=[5] true=[3] merged=[3, 5]
158.4 fp=[5] true=[3] merged=[3, 5]
158.7 fp=[5] true=[3] merged=[3, 5]
159.0 fp=[5] true=[3] merged=[3, 5]
159.3 fp=[5] true=[3] merged=[3, 5]
159.6 fp=[5] true=[3] merged=[3, 5]
159.9 fp=[5] true=[3] merged=[3, 5]
160.3 fp=[2] true=[3] merged=[2, 3]
160.6 fp=[2] true=[3] merged=[2, 3]
160.9 fp=[2] true=[3] merged=[2, 3]
161.2 fp=[2] true=[3] merged=[2, 3]
161.6 fp=[2] true=[3] merged=[2, 3]
161.9 fp=[2] true=[3] merged=[2, 3]
162.2 fp=[2] true=[3] merged=[2, 3]
162.5 fp=[2] true=[3] merged=[2, 3]
162.8 fp=[2] true=[3] merged=[2, 3]
163.1 fp=[2] true=[3] merged=[2, 3]
163.4 fp=[2] true=[3] merged=[2, 3]
163.7 fp=[2] true=[3] merged=[2, 3]
164.1 fp=[2] true=[3] merged=[2, 3]
164.4 fp=[2] true=[3] merged=[2, 3]
164.7 fp=[2] true=[3] merged=[2, 3]
165.0 fp=[2] true=[3] merged=[2, 3]
165.3 fp=[2] true=[3] merged=[2, 3]
165.6 fp=[2] true=[3] merged=[2, 3]
165.9 fp=[2] true=[3] merged=[2, 3]
166.3 fp=[2] true=[3] merged=[2, 3]
166.6 fp=[2] true=[3] merged=[2, 3]
166.9 fp=[2] true=[3] merged=[2, 3]
167.2 fp=[2] true=[3] merged=[2, 3]
167.5 fp=[2] true=[3] merged=[2, 3]
167.8 fp=[2] true=[3] merged=[2, 3]
168.2 fp=[2] true=[3] merged=[2, 3]
168.5 fp=[2] true=[3] merged=[2, 3]
168.8 fp=[2] true=[3] merged=[2, 3]
169.1 fp=[2] true=[3] merged=[2, 3]
169.4 fp=[2] true=[3] merged=[2, 3]
169.7 fp=[2] true=[3] merged=[2, 3]
170.0 fp=[2] true=[3] merged=[2, 3]
170.3 fp=[2] true=[3] merged=[2, 3]
170.7 fp=[2] true=[3] merged=[2, 3]
171.0 fp=[2] true=[3] merged=[2, 3]
171.3 fp=[2] true=[3] merged=[2, 3]
171.6 fp=[2] true=[3] merged=[2, 3]
171.9 fp=[2] true=[3] merged=[2, 3]
172.2 fp=[2] true=[3] merged=[2, 3]
172.5 fp=[2] true=[3] merged=[2, 3]
172.9 fp=[2] true=[3] merged=[2, 3]
173.2 fp=[2] true=[3] merged=[2, 3]
173.5 fp=[2] true=[3] merged=[2, 3]
173.8 fp=[2] true=[3] merged=[2, 3]
174.1 fp=[2] true=[3] merged=[2, 3]
174.4 fp=[2] true=[3] merged=[2, 3]
174.7 fp=[2] true=[3] merged=[2, 3]
175.0 fp=[2] true=[3] merged=[2, 3]
175.4 fp=[2] true=[3] merged=[2, 3]
175.7 fp=[2] true=[3] merged=[2, 3]
176.0 fp=[2] true=[3] merged=[2, 3]
176.3 fp=[2] true=[3] merged=[2, 3]
176.6 fp=[2] true=[3] merged=[2, 3]
176.9 fp=[2] true=[3] merged=[2, 3]
177.2 fp=[2] true=[3] merged=[2, 3]
177.6 fp=[2] true=[3] merged=[2, 3]
177.9 fp=[2] true=[3] merged=[2, 3]
178.3 fp=[2] true=[3] merged=[2, 3]
178.6 fp=[2] true=[3] merged=[2, 3]
178.9 fp=[2] true=[3] merged=[2, 3]
179.2 fp=[2] true=[3] merged=[2, 3]
179.5 fp=[2] true=[3] merged=[2, 3]
179.8 fp=[2] true=[3] merged=[2, 3]
180.1 fp=[4] true=[3] merged=[3, 4]
180.4 fp=[4] true=[3] merged=[3, 4]
180.8 fp=[4] true=[3] merged=[3, 4]
181.1 fp=[4] true=[3] merged=[3, 4]
181.4 fp=[4] true=[3] merged=[3, 4]
181.7 fp=[4] true=[3] merged=[3, 4]
182.0 fp=[4] true=[3] merged=[3, 4]
182.3 fp=[4] true=[3] merged=[3, 4]
182.6 fp=[4] true=[3] merged=[3, 4]
183.0 fp=[4] true=[3] merged=[3, 4]
183.3 fp=[4] true=[3] merged=[3, 4]
183.6 fp=[4] true=[3] merged=[3, 4]
183.9 fp=[4] true=[3] merged=[3, 4]
184.2 fp=[4] true=[3] merged=[3, 4]
184.5 fp=[4] true=[3] merged=[3, 4]
184.8 fp=[4] true=[3] merged=[3, 4]
185.1 fp=[4] true=[3] merged=[3, 4]
185.4 fp=[4] true=[3] merged=[3, 4]
185.8 fp=[4] true=[3] merged=[3, 4]
186.1 fp=[4] true=[3] merged=[3, 4]
186.4 fp=[4] true=[3] merged=[3, 4]
186.7 fp=[4] true=[3] merged=[3, 4]
187.0 fp=[6] true=[3] merged=[3, 6]
187.3 fp=[6] true=[3] merged=[3, 6]
187.6 fp=[6] true=[3] merged=[3, 6]
188.0 fp=[6] true=[3] merged=[3, 6]
188.3 fp=[6] true=[3] merged=[3, 6]
188.6 fp=[6] true=[3] merged=[3, 6]
188.9 fp=[6] true=[3] merged=[3, 6]
189.2 fp=[6] true=[3] merged=[3, 6]
189.5 fp=[6] true=[3] merged=[3, 6]
189.9 fp=[6] true=[3] merged=[3, 6]
190.2 fp=[6] true=[3] merged=[3, 6]
190.5 fp=[6] true=[3] merged=[3, 6]
190.8 fp=[6] true=[3] merged=[3, 6]
191.1 fp=[6] true=[3] merged=[3, 6]
191.4 fp=[6] true=[3] merged=[3, 6]
191.7 fp=[6] true=[3] merged=[3, 6]
192.0 fp=[6] true=[3] merged=[3, 6]
192.4 fp=[6] true=[3] merged=[3, 6]
192.7 fp=[6] true=[3] merged=[3, 6]
193.0 fp=[6] true=[3] merged=[3, 6]
193.3 fp=[6] true=[3] merged=[3, 6]
193.6 fp=[6] true=[3] merged=[3, 6]
193.9 fp=[6] true=[3] merged=[3, 6]
194.2 fp=[6] true=[3] merged=[3, 6]
194.5 fp=[6] true=[3] merged=[3, 6]
194.9 fp=[6] true=[3] merged=[3, 6]
195.2 fp=[6] true=[3] merged=[3, 6]
195.5 fp=[6] true=[3] merged=[3, 6]
195.8 fp=[6] true=[3] merged=[3, 6]
198.3 fp=[1] true=[3] merged=[1, 3]
198.6 fp=[1] true=[3] merged=[1, 3]
198.9 fp=[1] true=[3] merged=[1, 3]
199.2 fp=[1] true=[3] merged=[1, 3]
199.6 fp=[1] true=[3] merged=[1, 3]
199.9 fp=[1] true=[3] merged=[1, 3]
200.2 fp=[1] true=[3] merged=[1, 3]
200.5 fp=[1] true=[3] merged=[1, 3]
200.8 fp=[1] true=[3] merged=[1, 3]
201.1 fp=[1] true=[3] merged=[1, 3]
201.4 fp=[1] true=[3] merged=[1, 3]
201.7 fp=[1] true=[3] merged=[1, 3]
202.0 fp=[1] true=[3] merged=[1, 3]
202.4 fp=[1] true=[3] merged=[1, 3]
202.7 fp=[1] true=[3] merged=[1, 3]
203.0 fp=[1] true=[3] merged=[1, 3]
203.3 fp=[1] true=[3] merged=[1, 3]
203.6 fp=[1] true=[3] merged=[1, 3]
203.9 fp=[1] true=[3] merged=[1, 3]
204.2 fp=[1] true=[3] merged=[1, 3]
204.5 fp=[1] true=[3] merged=[1, 3]
204.8 fp=[1] true=[3] merged=[1, 3]
205.1 fp=[1] true=[3] merged=[1, 3]
205.4 fp=[1] true=[3] merged=[1, 3]
205.8 fp=[1] true=[3] merged=[1, 3]
206.1 fp=[1] true=[3] merged=[1, 3]
206.4 fp=[1] true=[3] merged=[1, 3]
206.7 fp=[1] true=[3] merged=[1, 3]
207.0 fp=[1] true=[3] merged=[1, 3]
207.4 fp=[1] true=[3] merged=[1, 3]
207.7 fp=[1] true=[3] merged=[1, 3]
208.0 fp=[1] true=[3] merged=[1, 3]
208.3 fp=[1] true=[3] merged=[1, 3]
208.6 fp=[1] true=[3] merged=[1, 3]
208.9 fp=[1] true=[3] merged=[1, 3]
209.2 fp=[1] true=[3] merged=[1, 3]
209.5 fp=[1] true=[3] merged=[1, 3]
209.9 fp=[1] true=[3] merged=[1, 3]
210.2 fp=[1] true=[3] merged=[1, 3]
210.5 fp=[1] true=[3] merged=[1, 3]
210.8 fp=[1] true=[3] merged=[1, 3]
211.1 fp=[1] true=[3] merged=[1, 3]
211.5 fp=[1] true=[3] merged=[1, 3]
211.8 fp=[1] true=[3] merged=[1, 3]
212.1 fp=[1] true=[3] merged=[1, 3]
212.4 fp=[1] true=[3] merged=[1, 3]
212.7 fp=[1] true=[3] merged=[1, 3]
213.0 fp=[1] true=[3] merged=[1, 3]
213.3 fp=[1] true=[3] merged=[1, 3]
213.6 fp=[1] true=[3] merged=[1, 3]
213.9 fp=[1] true=[3] merged=[1, 3]
214.2 fp=[1] true=[3] merged=[1, 3]
214.6 fp=[1] true=[3] merged=[1, 3]
214.9 fp=[1] true=[3] merged=[1, 3]
215.2 fp=[1] true=[3] merged=[1, 3]
215.5 fp=[1] true=[3] merged=[1, 3]
215.8 fp=[1] true=[3] merged=[1, 3]
216.1 fp=[1] true=[3] merged=[1, 3]
216.4 fp=[1] true=[3] merged=[1, 3]
216.7 fp=[1] true=[3] merged=[1, 3]
217.1 fp=[1] true=[3] merged=[1, 3]
217.4 fp=[1] true=[3] merged=[1, 3]
217.7 fp=[1] true=[3] merged=[1, 3]
218.0 fp=[5] true=[3] merged=[3, 5]
218.3 fp=[5] true=[3] merged=[3, 5]
218.6 fp=[5] true=[3] merged=[3, 5]
218.9 fp=[5] true=[3] merged=[3, 5]
219.2 fp=[5] true=[3] merged=[3, 5]
219.6 fp=[5] true=[3] merged=[3, 5]
219.9 fp=[5] true=[3] merged=[3, 5]
220.2 fp=[5] true=[3] merged=[3, 5]
220.5 fp=[5] true=[3] merged=[3, 5]
220.8 fp=[5] true=[3] merged=[3, 5]
221.1 fp=[5] true=[3] merged=[3, 5]
221.4 fp=[5] true=[3] merged=[3, 5]
221.7 fp=[5] true=[3] merged=[3, 5]
222.1 fp=[5] true=[3] merged=[3, 5]
222.4 fp=[5] true=[3] merged=[3, 5]
222.7 fp=[5] true=[3] merged=[3, 5]
223.0 fp=[5] true=[3] merged=[3, 5]
223.3 fp=[5] true=[3] merged=[3, 5]
223.6 fp=[5] true=[3] merged=[3, 5]
223.9 fp=[5] true=[3] merged=[3, 5]
224.2 fp=[5] true=[3] merged=[3, 5]
224.5 fp=[5] true=[3] merged=[3, 5]
224.8 fp=[5] true=[3] merged=[3, 5]
225.2 fp=[5] true=[3] merged=[3, 5]
225.5 fp=[5] true=[3] merged=[3, 5]
225.8 fp=[5] true=[3] merged=[3, 5]
226.1 fp=[5] true=[3] merged=[3, 5]
226.4 fp=[5] true=[3] merged=[3, 5]
226.7 fp=[5] true=[3] merged=[3, 5]
227.0 fp=[5] true=[3] merged=[3, 5]
227.3 fp=[5] true=[3] merged=[3, 5]
227.7 fp=[5] true=[3] merged=[3, 5]
228.0 fp=[5] true=[3] merged=[3, 5]
228.3 fp=[5] true=[3] merged=[3, 5]
228.6 fp=[5] true=[3] merged=[3, 5]
228.9 fp=[5] true=[3] merged=[3, 5]
229.2 fp=[6] true=[3] merged=[3, 6]
229.5 fp=[6] true=[3] merged=[3, 6]
229.8 fp=[6] true=[3] merged=[3, 6]
230.2 fp=[6] true=[3] merged=[3, 6]
230.5 fp=[6] true=[3] merged=[3, 6]
230.8 fp=[6] true=[3] merged=[3, 6]
231.1 fp=[1] true=[3] merged=[1, 3]
231.4 fp=[1] true=[3] merged=[1, 3]
231.7 fp=[1] true=[3] merged=[1, 3]
232.0 fp=[1] true=[3] merged=[1, 3]
232.4 fp=[1] true=[3] merged=[1, 3]
232.7 fp=[1] true=[3] merged=[1, 3]
233.0 fp=[1] true=[3] merged=[1, 3]
233.3 fp=[1] true=[3] merged=[1, 3]
233.6 fp=[1] true=[3] merged=[1, 3]
234.0 fp=[1] true=[3] merged=[1, 3]
234.3 fp=[1] true=[3] merged=[1, 3]
234.6 fp=[1] true=[3] merged=[1, 3]
234.9 fp=[1] true=[3] merged=[1, 3]
235.2 fp=[1] true=[3] merged=[1, 3]
235.5 fp=[1] true=[3] merged=[1, 3]
235.8 fp=[1] true=[3] merged=[1, 3]
236.1 fp=[1] true=[3] merged=[1, 3]
236.4 fp=[1] true=[3] merged=[1, 3]
236.8 fp=[1] true=[3] merged=[1, 3]
237.1 fp=[1] true=[3] merged=[1, 3]
237.4 fp=[1] true=[3] merged=[1, 3]
237.7 fp=[1] true=[3] merged=[1, 3]
238.0 fp=[1] true=[3] merged=[1, 3]
238.3 fp=[1] true=[3] merged=[1, 3]
238.7 fp=[1] true=[3] merged=[1, 3]
239.0 fp=[1] true=[3] merged=[1, 3]
239.3 fp=[1] true=[3] merged=[1, 3]
239.6 fp=[1] true=[3] merged=[1, 3]
239.9 fp=[1] true=[3] merged=[1, 3]
240.3 fp=[1] true=[3] merged=[1, 3]
240.6 fp=[1] true=[3] merged=[1, 3]
240.9 fp=[1] true=[3] merged=[1, 3]
241.2 fp=[1] true=[3] merged=[1, 3]
241.5 fp=[1] true=[3] merged=[1, 3]
241.8 fp=[1] true=[3] merged=[1, 3]
242.1 fp=[1] true=[3] merged=[1, 3]
242.4 fp=[1] true=[3] merged=[1, 3]
242.8 fp=[1] true=[3] merged=[1, 3]
243.1 fp=[1] true=[3] merged=[1, 3]
243.4 fp=[1] true=[3] merged=[1, 3]
243.7 fp=[1] true=[3] merged=[1, 3]
244.0 fp=[1] true=[3] merged=[1, 3]
244.3 fp=[1] true=[3] merged=[1, 3]
244.6 fp=[1] true=[3] merged=[1, 3]
244.9 fp=[1] true=[3] merged=[1, 3]
245.3 fp=[1] true=[3] merged=[1, 3]
245.6 fp=[1] true=[3] merged=[1, 3]
245.9 fp=[1] true=[3] merged=[1, 3]
246.2 fp=[1] true=[3] merged=[1, 3]
246.5 fp=[1] true=[3] merged=[1, 3]
246.8 fp=[1] true=[3] merged=[1, 3]
247.2 fp=[1] true=[3] merged=[1, 3]
247.5 fp=[1] true=[3] merged=[1, 3]
247.8 fp=[1] true=[3] merged=[1, 3]
248.1 fp=[1] true=[3] merged=[1, 3]
248.4 fp=[1] true=[3] merged=[1, 3]
248.7 fp=[1] true=[3] merged=[1, 3]
249.0 fp=[1] true=[3] merged=[1, 3]
249.3 fp=[1] true=[3] merged=[1, 3]
249.7 fp=[1] true=[3] merged=[1, 3]
250.0 fp=[1] true=[3] merged=[1, 3]
250.3 fp=[1] true=[3] merged=[1, 3]
250.6 fp=[1] true=[3] merged=[1, 3]
250.9 fp=[1] true=[3] merged=[1, 3]
251.2 fp=[5] true=[3] merged=[3, 5]
251.5 fp=[5] true=[3] merged=[3, 5]
251.8 fp=[5] true=[3] merged=[3, 5]
252.1 fp=[5] true=[3] merged=[3, 5]
252.5 fp=[5] true=[3] merged=[3, 5]
252.8 fp=[5] true=[3] merged=[3, 5]
253.1 fp=[5] true=[3] merged=[3, 5]
253.4 fp=[5] true=[3] merged=[3, 5]
253.7 fp=[5] true=[3] merged=[3, 5]
254.0 fp=[5] true=[3] merged=[3, 5]
254.3 fp=[5] true=[3] merged=[3, 5]
254.6 fp=[5] true=[3] merged=[3, 5]
255.0 fp=[5] true=[3] merged=[3, 5]
255.3 fp=[5] true=[3] merged=[3, 5]
255.6 fp=[5] true=[3] merged=[3, 5]
255.9 fp=[5] true=[3] merged=[3, 5]
256.2 fp=[5] true=[3] merged=[3, 5]
256.5 fp=[5] true=[3] merged=[3, 5]
256.8 fp=[5] true=[3] merged=[3, 5]
257.1 fp=[5] true=[3] merged=[3, 5]
257.5 fp=[5] true=[3] merged=[3, 5]
257.8 fp=[5] true=[3] merged=[3, 5]
258.1 fp=[4] true=[3] merged=[3, 4]
258.5 fp=[4] true=[3] merged=[3, 4]
258.8 fp=[4] true=[3] merged=[3, 4]
259.1 fp=[4] true=[3] merged=[3, 4]
259.4 fp=[4] true=[3] merged=[3, 4]
259.7 fp=[4] true=[3] merged=[3, 4]
260.0 fp=[4] true=[3] merged=[3, 4]
260.3 fp=[4] true=[3] merged=[3, 4]
260.6 fp=[4] true=[3] merged=[3, 4]
261.0 fp=[4] true=[3] merged=[3, 4]
261.3 fp=[4] true=[3] merged=[3, 4]
261.6 fp=[4] true=[3] merged=[3, 4]
261.9 fp=[4] true=[3] merged=[3, 4]
262.2 fp=[4] true=[3] merged=[3, 4]
262.5 fp=[4] true=[3] merged=[3, 4]
262.8 fp=[4] true=[3] merged=[3, 4]
263.2 fp=[4] true=[3] merged=[3, 4]
263.5 fp=[4] true=[3] merged=[3, 4]
263.8 fp=[4] true=[3] merged=[3, 4]
264.1 fp=[4] true=[3] merged=[3, 4]
264.4 fp=[4] true=[3] merged=[3, 4]
264.7 fp=[4] true=[3] merged=[3, 4]
265.0 fp=[4] true=[3] merged=[3, 4]
265.4 fp=[4] true=[3] merged=[3, 4]
265.7 fp=[4] true=[3] merged=[3, 4]
266.0 fp=[4] true=[3] merged=[3, 4]
266.3 fp=[4] true=[3] merged=[3, 4]
266.6 fp=[4] true=[3] merged=[3, 4]
266.9 fp=[4] true=[3] merged=[3, 4]
267.2 fp=[4] true=[3] merged=[3, 4]
267.5 fp=[4] true=[3] merged=[3, 4]
267.8 fp=[4] true=[3] merged=[3, 4]
268.2 fp=[4] true=[3] merged=[3, 4]
268.5 fp=[4] true=[3] merged=[3, 4]
268.8 fp=[4] true=[3] merged=[3, 4]
269.1 fp=[4] true=[3] merged=[3, 4]
269.4 fp=[4] true=[3] merged=[3, 4]
269.7 fp=[4] true=[3] merged=[3, 4]
270.0 fp=[4] true=[3] merged=[3, 4]
270.3 fp=[4] true=[3] merged=[3, 4]
270.7 fp=[4] true=[3] merged=[3, 4]
271.0 fp=[4] true=[3] merged=[3, 4]
271.3 fp=[4] true=[3] merged=[3, 4]
271.6 fp=[4] true=[3] merged=[3, 4]
271.9 fp=[4] true=[3] merged=[3, 4]
272.2 fp=[1] true=[3] merged=[1, 3]
272.5 fp=[1] true=[3] merged=[1, 3]
272.9 fp=[1] true=[3] merged=[1, 3]
273.2 fp=[1] true=[3] merged=[1, 3]
273.5 fp=[1] true=[3] merged=[1, 3]
273.8 fp=[1] true=[3] merged=[1, 3]
274.1 fp=[1] true=[3] merged=[1, 3]
274.4 fp=[1] true=[3] merged=[1, 3]
274.7 fp=[1] true=[3] merged=[1, 3]
275.0 fp=[1] true=[3] merged=[1, 3]
275.3 fp=[1] true=[3] merged=[1, 3]
275.7 fp=[1] true=[3] merged=[1, 3]
276.0 fp=[1] true=[3] merged=[1, 3]
276.3 fp=[1] true=[3] merged=[1, 3]
276.6 fp=[1] true=[3] merged=[1, 3]
276.9 fp=[1] true=[3] merged=[1, 3]
277.2 fp=[1] true=[3] merged=[1, 3]
277.5 fp=[1] true=[3] merged=[1, 3]
277.9 fp=[1] true=[3] merged=[1, 3]
278.2 fp=[1] true=[3] merged=[1, 3]
278.5 fp=[1] true=[3] merged=[1, 3]
278.8 fp=[1] true=[3] merged=[1, 3]
279.1 fp=[1] true=[3] merged=[1, 3]
279.4 fp=[1] true=[3] merged=[1, 3]
279.7 fp=[1] true=[3] merged=[1, 3]
280.0 fp=[1] true=[3] merged=[1, 3]
280.3 fp=[1] true=[3] merged=[1, 3]
280.7 fp=[1] true=[3] merged=[1, 3]
281.0 fp=[1] true=[3] merged=[1, 3]
281.3 fp=[1] true=[3] merged=[1, 3]
281.6 fp=[1] true=[3] merged=[1, 3]
281.9 fp=[1] true=[3] merged=[1, 3]
282.2 fp=[1] true=[3] merged=[1, 3]
282.5 fp=[1] true=[3] merged=[1, 3]
282.8 fp=[1] true=[3] merged=[1, 3]
283.1 fp=[1] true=[3] merged=[1, 3]
283.5 fp=[1] true=[3] merged=[1, 3]
283.8 fp=[1] true=[3] merged=[1, 3]
284.1 fp=[1] true=[3] merged=[1, 3]
284.4 fp=[1] true=[3] merged=[1, 3]
284.7 fp=[1] true=[3] merged=[1, 3]
285.0 fp=[1] true=[3] merged=[1, 3]
285.3 fp=[1] true=[3] merged=[1, 3]
285.6 fp=[1] true=[3] merged=[1, 3]
286.0 fp=[1] true=[3] merged=[1, 3]
286.3 fp=[1] true=[3] merged=[1, 3]
286.6 fp=[1] true=[3] merged=[1, 3]
286.9 fp=[1] true=[3] merged=[1, 3]
287.2 fp=[1] true=[3] merged=[1, 3]
287.5 fp=[1] true=[3] merged=[1, 3]
287.8 fp=[1] true=[3] merged=[1, 3]
288.1 fp=[1] true=[3] merged=[1, 3]
288.4 fp=[1] true=[3] merged=[1, 3]
288.8 fp=[1] true=[3] merged=[1, 3]
289.1 fp=[1] true=[3] merged=[1, 3]
289.4 fp=[1] true=[3] merged=[1, 3]
289.7 fp=[1] true=[3] merged=[1, 3]
290.0 fp=[1] true=[3] merged=[1, 3]
290.3 fp=[1] true=[3] merged=[1, 3]
290.6 fp=[1] true=[3] merged=[1, 3]
290.9 fp=[1] true=[3] merged=[1, 3]
291.2 fp=[1] true=[3] merged=[1, 3]
291.5 fp=[1] true=[3] merged=[1, 3]
291.9 fp=[1] true=[3] merged=[1, 3]
292.2 fp=[1] true=[3] merged=[1, 3]
292.5 fp=[1] true=[3] merged=[1, 3]
292.8 fp=[1] true=[3] merged=[1, 3]
293.1 fp=[1] true=[3] merged=[1, 3]
293.4 fp=[1] true=[3] merged=[1, 3]
293.7 fp=[1] true=[3] merged=[1, 3]
294.0 fp=[1] true=[3] merged=[1, 3]
294.3 fp=[1] true=[3] merged=[1, 3]
294.7 fp=[1] true=[3] merged=[1, 3]
295.0 fp=[1] true=[3] merged=[1, 3]
295.3 fp=[1] true=[3] merged=[1, 3]
295.6 fp=[1] true=[3] merged=[1, 3]
295.9 fp=[1] true=[3] merged=[1, 3]
296.2 fp=[1] true=[3] merged=[1, 3]
296.5 fp=[1] true=[3] merged=[1, 3]
296.9 fp=[1] true=[3] merged=[1, 3]
297.2 fp=[1] true=[3] merged=[1, 3]
297.5 fp=[1] true=[3] merged=[1, 3]
297.8 fp=[1] true=[3] merged=[1, 3]
298.1 fp=[1] true=[3] merged=[1, 3]
298.4 fp=[1] true=[3] merged=[1, 3]
298.7 fp=[1] true=[3] merged=[1, 3]
299.1 fp=[1] true=[3] merged=[1, 3]
299.4 fp=[1] true=[3] merged=[1, 3]
299.7 fp=[1] true=[3] merged=[1, 3]
300.0 fp=[1] true=[3] merged=[1, 3]
300.3 fp=[1] true=[3] merged=[1, 3]
300.6 fp=[1] true=[3] merged=[1, 3]
300.9 fp=[1] true=[3] merged=[1, 3]
301.2 fp=[1] true=[3] merged=[1, 3]
301.5 fp=[1] true=[3] merged=[1, 3]
301.8 fp=[1] true=[3] merged=[1, 3]
302.1 fp=[1] true=[3] merged=[1, 3]
302.5 fp=[1] true=[3] merged=[1, 3]
302.8 fp=[1] true=[3] merged=[1, 3]
303.1 fp=[1] true=[3] merged=[1, 3]
303.4 fp=[1] true=[3] merged=[1, 3]
303.7 fp=[1] true=[3] merged=[1, 3]
304.0 fp=[1] true=[3] merged=[1, 3]
304.3 fp=[1] true=[3] merged=[1, 3]
304.6 fp=[1] true=[3] merged=[1, 3]
