# start rate=20 seed=5 dur=420 n=7 target=3 events=74
0.0 fp=[7] true=[3] merged=[3, 7]
0.3 fp=[7] true=[3] merged=[3, 7]
0.6 fp=[7] true=[3] merged=[3, 7]
0.9 fp=[7] true=[3] merged=[3, 7]
1.2 fp=[7] true=[3] merged=[3, 7]
1.6 fp=[7] true=[3] merged=[3, 7]
1.9 fp=[7] true=[3] merged=[3, 7]
2.2 fp=[7] true=[3] merged=[3, 7]
2.5 fp=[7] true=[3] merged=[3, 7]
2.8 fp=[7] true=[3] merged=[3, 7]
3.1 fp=[7] true=[3] merged=[3, 7]
3.4 fp=[7] true=[3] merged=[3, 7]
3.7 fp=[7] true=[3] merged=[3, 7]
4.1 fp=[7] true=[3] merged=[3, 7]
4.4 fp=[7] true=[3] merged=[3, 7]
4.7 fp=[7] true=[3] merged=[3, 7]
5.0 fp=[7] true=[3] merged=[3, 7]
5.3 fp=[7] true=[3] merged=[3, 7]
5.6 fp=[7] true=[3] merged=[3, 7]
5.9 fp=[7] true=[3] merged=[3, 7]
6.2 fp=[7] true=[3] merged=[3, 7]
6.5 fp=[7] true=[3] merged=[3, 7]
6.9 fp=[7] true=[3] merged=[3, 7]
7.2 fp=[7] true=[3] merged=[3, 7]
7.5 fp=[7] true=[3] merged=[3, 7]
7.8 fp=[7] true=[3] merged=[3, 7]
8.1 fp=[5] true=[3] merged=[3, 5]
8.4 fp=[5] true=[3] merged=[3, 5]
8.8 fp=[5] true=[3] merged=[3, 5]
9.1 fp=[5] true=[3] merged=[3, 5]
9.4 fp=[5] true=[3] merged=[3, 5]
9.7 fp=[5] true=[3] merged=[3, 5]
10.0 fp=[5] true=[3] merged=[3, 5]
10.3 fp=[5] true=[3] merged=[3, 5]
10.6 fp=[5] true=[3] merged=[3, 5]
10.9 fp=[5] true=[3] merged=[3, 5]
11.2 fp=[5] true=[3] merged=[3, 5]
11.6 fp=[5] true=[3] merged=[3, 5]
11.9 fp=[5] true=[3] merged=[3, 5]
12.2 fp=[5] true=[3] merged=[3, 5]
12.5 fp=[5] true=[3] merged=[3, 5]
12.8 fp=[5] true=[3] merged=[3, 5]
13.2 fp=[5] true=[3] merged=[3, 5]
13.5 fp=[5] true=[3] merged=[3, 5]
13.8 fp=[5] true=[3] merged=[3, 5]
14.1 fp=[5] true=[3] merged=[3, 5]
14.4 fp=[5] true=[3] merged=[3, 5]
14.7 fp=[5] true=[3] merged=[3, 5]
15.0 fp=[5] true=[3] merged=[3, 5]
15.3 fp=[5] true=[3] merged=[3, 5]
15.6 fp=[5] true=[3] merged=[3, 5]
16.0 fp=[5] true=[3] merged=[3, 5]
16.3 fp=[5] true=[3] merged=[3, 5]
16.6 fp=[5] true=[3] merged=[3, 5]
16.9 fp=[5] true=[3] merged=[3, 5]
17.2 fp=[5] true=[3] merged=[3, 5]
17.5 fp=[5] true=[3] merged=[3, 5]
17.9 fp=[5] true=[3] merged=[3, 5]
18.2 fp=[5] true=[3] merged=[3, 5]
18.5 fp=[5] true=[3] merged=[3, 5]
18.9 fp=[5] true=[3] merged=[3, 5]
19.2 fp=[4] true=[3] merged=[3, 4]
19.5 fp=[4] true=[3] merged=[3, 4]
19.8 fp=[4] true=[3] merged=[3, 4]
20.1 fp=[2] true=[3] merged=[2, 3]
20.5 fp=[2] true=[3] merged=[2, 3]
20.8 fp=[2] true=[3] merged=[2, 3]
21.1 fp=[2] true=[3] merged=[2, 3]
21.4 fp=[2] true=[3] merged=[2, 3]
21.7 fp=[2] true=[3] merged=[2, 3]
22.0 fp=[2] true=[3] merged=[2, 3]
22.3 fp=[2] true=[3] merged=[2, 3]
22.6 fp=[2] true=[3] merged=[2, 3]
22.9 fp=[2] true=[3] merged=[2, 3]
23.2 fp=[2] true=[3] merged=[2, 3]
23.5 fp=[2] true=[3] merged=[2, 3]
23.9 fp=[2] true=[3] merged=[2, 3]
24.2 fp=[2] true=[3] merged=[2, 3]
24.5 fp=[2] true=[3] merged=[2, 3]
24.8 fp=[2] true=[3] merged=[2, 3]
25.1 fp=[2] true=[3] merged=[2, 3]
25.4 fp=[2] true=[3] merged=[2, 3]
25.7 fp=[2] true=[3] merged=[2, 3]
26.0 fp=[2] true=[3] merged=[2, 3]
26.4 fp=[2] true=[3] merged=[2, 3]
26.7 fp=[2] true=[3] merged=[2, 3]
27.0 fp=[2] true=[3] merged=[2, 3]
27.3 fp=[2] true=[3] merged=[2, 3]
27.6 fp=[2] true=[3] merged=[2, 3]
27.9 fp=[2] true=[3] merged=[2, 3]
28.3 fp=[2] true=[3] merged=[2, 3]
28.6 fp=[2] true=[3] merged=[2, 3]
28.9 fp=[2] true=[3] merged=[2, 3]
29.2 fp=[2] true=[3] merged=[2, 3]
29.5 fp=[2] true=[3] merged=[2, 3]
29.8 fp=[2] true=[3] merged=[2, 3]
30.1 fp=[2] true=[3] merged=[2, 3]
30.4 fp=[2] true=[3] merged=[2, 3]
30.8 fp=[2] true=[3] merged=[2, 3]
31.1 fp=[2] true=[3] merged=[2, 3]
31.4 fp=[2] true=[3] merged=[2, 3]
31.7 fp=[2] true=[3] merged=[2, 3]
32.0 fp=[2] true=[3] merged=[2, 3]
32.3 fp=[2] true=[3] merged=[2, 3]
32.7 fp=[2] true=[3] merged=[2, 3]
33.0 fp=[2] true=[3] merged=[2, 3]
33.3 fp=[2] true=[3] merged=[2, 3]
33.6 fp=[2] true=[3] merged=[2, 3]
33.9 fp=[2] true=[3] merged=[2, 3]
34.2 fp=[2] true=[3] merged=[2, 3]
34.5 fp=[2] true=[3] merged=[2, 3]
34.8 fp=[2] true=[3] merged=[2, 3]
35.1 fp=[1] true=[3] merged=[1, 3]
35.4 fp=[1] true=[3] merged=[1, 3]
35.7 fp=[1] true=[3] merged=[1, 3]
36.1 fp=[1] true=[3] merged=[1, 3]
36.4 fp=[1] true=[3] merged=[1, 3]
36.7 fp=[1] true=[3] merged=[1, 3]
37.0 fp=[1] true=[3] merged=[1, 3]
37.3 fp=[1] true=[3] merged=[1, 3]
37.6 fp=[1] true=[3] merged=[1, 3]
38.0 fp=[1] true=[3] merged=[1, 3]
38.3 fp=[1] true=[3] merged=[1, 3]
38.6 fp=[1] true=[3] merged=[1, 3]
38.9 fp=[1] true=[3] merged=[1, 3]
39.2 fp=[1] true=[3] merged=[1, 3]
39.5 fp=[1] true=[3] merged=[1, 3]
39.8 fp=[1] true=[3] merged=[1, 3]
40.1 fp=[1] true=[3] merged=[1, 3]
40.5 fp=[1] true=[3] merged=[1, 3]
40.8 fp=[1] true=[3] merged=[1, 3]
41.1 fp=[1] true=[3] merged=[1, 3]
41.4 fp=[1] true=[3] merged=[1, 3]
41.7 fp=[1] true=[3] merged=[1, 3]
42.0 fp=[1] true=[3] merged=[1, 3]
42.3 fp=[1] true=[3] merged=[1, 3]
42.6 fp=[1] true=[3] merged=[1, 3]
43.0 fp=[1] true=[3] merged=[1, 3]
43.3 fp=[1] true=[3] merged=[1, 3]
43.6 fp=[1] true=[3] merged=[1, 3]
43.9 fp=[1] true=[3] merged=[1, 3]
44.2 fp=[1] true=[3] merged=[1, 3]
44.5 fp=[1] true=[3] merged=[1, 3]
44.8 fp=[1] true=[3] merged=[1, 3]
45.2 fp=[1] true=[3] merged=[1, 3]
45.5 fp=[1] true=[3] merged=[1, 3]
45.8 fp=[1] true=[3] merged=[1, 3]
46.1 fp=[1] true=[3] merged=[1, 3]
46.4 fp=[1] true=[3] merged=[1, 3]
46.7 fp=[1] true=[3] merged=[1, 3]
47.1 fp=[1] true=[3] merged=[1, 3]
47.4 fp=[1] true=[3] merged=[1, 3]
47.7 fp=[1] true=[3] merged=[1, 3]
48.0 fp=[1] true=[3] merged=[1, 3]
48.3 fp=[1] true=[3] merged=[1, 3]
48.6 fp=[1] true=[3] merged=[1, 3]
48.9 fp=[1] true=[3] merged=[1, 3]
49.2 fp=[1] true=[3] merged=[1, 3]
49.6 fp=[1] true=[3] merged=[1, 3]
49.9 fp=[1] true=[3] merged=[1, 3]
50.2 fp=[1] true=[3] merged=[1, 3]
50.5 fp=[1] true=[3] merged=[1, 3]
50.8 fp=[1] true=[3] merged=[1, 3]
51.1 fp=[1] true=[3] merged=[1, 3]
51.4 fp=[1] true=[3] merged=[1, 3]
51.8 fp=[1] true=[3] merged=[1, 3]
52.1 fp=[1] true=[3] merged=[1, 3]
52.4 fp=[1] true=[3] merged=[1, 3]
52.7 fp=[1] true=[3] merged=[1, 3]
53.0 fp=[1] true=[3] merged=[1, 3]
53.3 fp=[1] true=[3] merged=[1, 3]
53.6 fp=[1] true=[3] merged=[1, 3]
53.9 fp=[1] true=[3] merged=[1, 3]
54.3 fp=[1] true=[3] merged=[1, 3]
54.6 fp=[1] true=[3] merged=[1, 3]
54.9 fp=[1] true=[3] merged=[1, 3]
55.2 fp=[1] true=[3] merged=[1, 3]
55.5 fp=[1] true=[3] merged=[1, 3]
55.8 fp=[1] true=[3] merged=[1, 3]
56.1 fp=[1] true=[3] merged=[1, 3]
56.4 fp=[1] true=[3] merged=[1, 3]
56.7 fp=[1] true=[3] merged=[1, 3]
57.1 fp=[1] true=[3] merged=[1, 3]
57.4 fp=[1] true=[3] merged=[1, 3]
57.7 fp=[1] true=[3] merged=[1, 3]
58.0 fp=[1] true=[3] merged=[1, 3]
58.3 fp=[1] true=[3] merged=[1, 3]
58.6 fp=[1] true=[3] merged=[1, 3]
58.9 fp=[1] true=[3] merged=[1, 3]
59.3 fp=[1] true=[3] merged=[1, 3]
59.6 fp=[1] true=[3] merged=[1, 3]
59.9 fp=[1] true=[3] merged=[1, 3]
60.2 fp=[1] true=[3] merged=[1, 3]
60.5 fp=[1] true=[3] merged=[1, 3]
60.8 fp=[1] true=[3] merged=[1, 3]
61.1 fp=[1] true=[3] merged=[1, 3]
61.4 fp=[1] true=[3] merged=[1, 3]
61.7 fp=[1] true=[3] merged=[1, 3]
62.0 fp=[1] true=[3] merged=[1, 3]
62.3 fp=[1] true=[3] merged=[1, 3]
62.7 fp=[1] true=[3] merged=[1, 3]
63.0 fp=[1] true=[3] merged=[1, 3]
63.3 fp=[1] true=[3] merged=[1, 3]
63.6 fp=[1] true=[3] merged=[1, 3]
63.9 fp=[1] true=[3] merged=[1, 3]
64.2 fp=[2] true=[3] merged=[2, 3]
64.6 fp=[2] true=[3] merged=[2, 3]
64.9 fp=[2] true=[3] merged=[2, 3]
65.2 fp=[2] true=[3] merged=[2, 3]
65.5 fp=[2] true=[3] merged=[2, 3]
65.8 fp=[2] true=[3] merged=[2, 3]
66.1 fp=[2] true=[3] merged=[2, 3]
66.4 fp=[2] true=[3] merged=[2, 3]
66.7 fp=[2] true=[3] merged=[2, 3]
67.0 fp=[2] true=[3] merged=[2, 3]
67.4 fp=[2] true=[3] merged=[2, 3]
67.7 fp=[2] true=[3] merged=[2, 3]
68.0 fp=[1] true=[3] merged=[1, 3]
68.3 fp=[1] true=[3] merged=[1, 3]
68.6 fp=[1] true=[3] merged=[1, 3]
68.9 fp=[1] true=[3] merged=[1, 3]
69.2 fp=[1] true=[3] merged=[1, 3]
69.6 fp=[1] true=[3] merged=[1, 3]
69.9 fp=[1] true=[3] merged=[1, 3]
70.2 fp=[1] true=[3] merged=[1, 3]
70.5 fp=[1] true=[3] merged=[1, 3]
70.8 fp=[1] true=[3] merged=[1, 3]
71.1 fp=[1] true=[3] merged=[1, 3]
71.4 fp=[1] true=[3] merged=[1, 3]
71.7 fp=[1] true=[3] merged=[1, 3]
72.0 fp=[1] true=[3] merged=[1, 3]
72.4 fp=[1] true=[3] merged=[1, 3]
72.7 fp=[1] true=[3] merged=[1, 3]
73.0 fp=[1] true=[3] merged=[1, 3]
73.3 fp=[1] true=[3] merged=[1, 3]
73.6 fp=[1] true=[3] merged=[1, 3]
73.9 fp=[1] true=[3] merged=[1, 3]
74.3 fp=[1] true=[3] merged=[1, 3]
74.6 fp=[1] true=[3] merged=[1, 3]
74.9 fp=[1] true=[3] merged=[1, 3]
75.2 fp=[1] true=[3] merged=[1, 3]
75.5 fp=[1] true=[3] merged=[1, 3]
75.8 fp=[1] true=[3] merged=[1, 3]
76.1 fp=[1] true=[3] merged=[1, 3]
76.5 fp=[1] true=[3] merged=[1, 3]
76.8 fp=[1] true=[3] merged=[1, 3]
77.1 fp=[1] true=[3] merged=[1, 3]
77.4 fp=[1] true=[3] merged=[1, 3]
77.7 fp=[1] true=[3] merged=[1, 3]
78.1 fp=[1] true=[3] merged=[1, 3]
78.4 fp=[1] true=[3] merged=[1, 3]
78.7 fp=[1] true=[3] merged=[1, 3]
79.0 fp=[1] true=[3] merged=[1, 3]
79.3 fp=[1] true=[3] merged=[1, 3]
79.6 fp=[1] true=[3] merged=[1, 3]
79.9 fp=[1] true=[3] merged=[1, 3]
80.2 fp=[1] true=[3] merged=[1, 3]
80.5 fp=[1] true=[3] merged=[1, 3]
80.9 fp=[1] true=[3] merged=[1, 3]
81.2 fp=[1] true=[3] merged=[1, 3]
81.5 fp=[1] true=[3] merged=[1, 3]
81.8 fp=[1] true=[3] merged=[1, 3]
82.1 fp=[1] true=[3] merged=[1, 3]
82.4 fp=[1] true=[3] merged=[1, 3]
82.7 fp=[1] true=[3] merged=[1, 3]
83.1 fp=[1] true=[3] merged=[1, 3]
83.4 fp=[1] true=[3] merged=[1, 3]
83.7 fp=[1] true=[3] merged=[1, 3]
84.0 fp=[1] true=[3] merged=[1, 3]
84.3 fp=[1] true=[3] merged=[1, 3]
84.6 fp=[1] true=[3] merged=[1, 3]
84.9 fp=[1] true=[3] merged=[1, 3]
85.2 fp=[1] true=[3] merged=[1, 3]
85.5 fp=[1] true=[3] merged=[1, 3]
85.8 fp=[1] true=[3] merged=[1, 3]
86.2 fp=[1] true=[3] merged=[1, 3]
86.5 fp=[1] true=[3] merged=[1, 3]
86.8 fp=[1] true=[3] merged=[1, 3]
87.1 fp=[1] true=[3] merged=[1, 3]
87.4 fp=[1] true=[3] merged=[1, 3]
87.7 fp=[1] true=[3] merged=[1, 3]
88.0 fp=[2] true=[3] merged=[2, 3]
88.4 fp=[2] true=[3] merged=[2, 3]
88.7 fp=[2] true=[3] merged=[2, 3]
89.0 fp=[2] true=[3] merged=[2, 3]
89.3 fp=[2] true=[3] merged=[2, 3]
89.6 fp=[2] true=[3] merged=[2, 3]
89.9 fp=[2] true=[3] merged=[2, 3]
90.2 fp=[2] true=[3] merged=[2, 3]
90.6 fp=[2] true=[3] merged=[2, 3]
90.9 fp=[2] true=[3] merged=[2, 3]
91.2 fp=[2] true=[3] merged=[2, 3]
91.5 fp=[2] true=[3] merged=[2, 3]
91.8 fp=[2] true=[3] merged=[2, 3]
92.1 fp=[2] true=[3] merged=[2, 3]
92.4 fp=[2] true=[3] merged=[2, 3]
92.8 fp=[2] true=[3] merged=[2, 3]
93.1 fp=[2] true=[3] merged=[2, 3]
93.4 fp=[2] true=[3] merged=[2, 3]
93.7 fp=[2] true=[3] merged=[2, 3]
94.0 fp=[2] true=[3] merged=[2, 3]
94.3 fp=[2] true=[3] merged=[2, 3]
94.6 fp=[2] true=[3] merged=[2, 3]
94.9 fp=[2] true=[3] merged=[2, 3]
95.2 fp=[2] true=[3] merged=[2, 3]
95.6 fp=[2] true=[3] merged=[2, 3]
95.9 fp=[2] true=[3] merged=[2, 3]
96.2 fp=[2] true=[3] merged=[2, 3]
96.5 fp=[2] true=[3] merged=[2, 3]
96.8 fp=[2] true=[3] merged=[2, 3]
97.1 fp=[2] true=[3] merged=[2, 3]
97.4 fp=[2] true=[3] merged=[2, 3]
97.7 fp=[2] true=[3] merged=[2, 3]
98.0 fp=[2] true=[3] merged=[2, 3]
98.4 fp=[2] true=[3] merged=[2, 3]
98.7 fp=[2] true=[3] merged=[2, 3]
99.0 fp=[2] true=[3] merged=[2, 3]
99.3 fp=[2] true=[3] merged=[2, 3]
99.6 fp=[2] true=[3] merged=[2, 3]
99.9 fp=[2] true=[3] merged=[2, 3]
100.2 fp=[2] true=[3] merged=[2, 3]
100.5 fp=[2] true=[3] merged=[2, 3]
100.8 fp=[2] true=[3] merged=[2, 3]
101.2 fp=[2] true=[3] merged=[2, 3]
101.5 fp=[2] true=[3] merged=[2, 3]
101.8 fp=[2] true=[3] merged=[2, 3]
102.1 fp=[2] true=[3] merged=[2, 3]
102.4 fp=[2] true=[3] merged=[2, 3]
102.7 fp=[2] true=[3] merged=[2, 3]
103.0 fp=[2] true=[3] merged=[2, 3]
103.3 fp=[2] true=[3] merged=[2, 3]
103.6 fp=[2] true=[3] merged=[2, 3]
103.9 fp=[2] true=[3] merged=[2, 3]
104.3 fp=[2] true=[3] merged=[2, 3]
104.6 fp=[2] true=[3] merged=[2, 3]
104.9 fp=[2] true=[3] merged=[2, 3]
105.2 fp=[2] true=[3] merged=[2, 3]
105.5 fp=[2] true=[3] merged=[2, 3]
105.8 fp=[2] true=[3] merged=[2, 3]
112.0 fp=[6] true=[3] merged=[3, 6]
112.3 fp=[6] true=[3] merged=[3, 6]
112.7 fp=[6] true=[3] merged=[3, 6]
113.0 fp=[6] true=[3] merged=[3, 6]
113.3 fp=[6] true=[3] merged=[3, 6]
113.6 fp=[6] true=[3] merged=[3, 6]
113.9 fp=[6] true=[3] merged=[3, 6]
114.2 fp=[6] true=[3] merged=[3, 6]
114.5 fp=[6] true=[3] merged=[3, 6]
114.9 fp=[6] true=[3] merged=[3, 6]
115.2 fp=[6] true=[3] merged=[3, 6]
115.5 fp=[6] true=[3] merged=[3, 6]
115.8 fp=[6] true=[3] merged=[3, 6]
116.1 fp=[6] true=[3] merged=[3, 6]
116.4 fp=[6] true=[3] merged=[3, 6]
116.7 fp=[6] true=[3] merged=[3, 6]
117.1 fp=[6] true=[3] merged=[3, 6]
117.4 fp=[6] true=[3] merged=[3, 6]
117.7 fp=[6] true=[3] merged=[3, 6]
118.0 fp=[6] true=[3] merged=[3, 6]
118.3 fp=[6] true=[3] merged=[3, 6]
118.6 fp=[6] true=[3] merged=[3, 6]
118.9 fp=[6] true=[3] merged=[3, 6]
119.2 fp=[6] true=[3] merged=[3, 6]
119.5 fp=[6] true=[3] merged=[3, 6]
119.8 fp=[6] true=[3] merged=[3, 6]
120.2 fp=[6] true=[3] merged=[3, 6]
120.5 fp=[6] true=[3] merged=[3, 6]
120.8 fp=[6] true=[3] merged=[3, 6]
121.1 fp=[6] true=[3] merged=[3, 6]
121.4 fp=[6] true=[3] merged=[3, 6]
121.7 fp=[6] true=[3] merged=[3, 6]
122.0 fp=[6] true=[3] merged=[3, 6]
122.3 fp=[6] true=[3] merged=[3, 6]
122.6 fp=[6] true=[3] merged=[3, 6]
122.9 fp=[6] true=[3] merged=[3, 6]
123.3 fp=[6] true=[3] merged=[3, 6]
123.6 fp=[6] true=[3] merged=[3, 6]
123.9 fp=[6] true=[3] merged=[3, 6]
124.2 fp=[6] true=[3] merged=[3, 6]
124.5 fp=[6] true=[3] merged=[3, 6]
124.8 fp=[6] true=[3] merged=[3, 6]
125.1 fp=[6] true=[3] merged=[3, 6]
125.4 fp=[6] true=[3] merged=[3, 6]
125.7 fp=[6] true=[3] merged=[3, 6]
126.1 fp=[6] true=[3] merged=[3, 6]
126.4 fp=[6] true=[3] merged=[3, 6]
126.7 fp=[6] true=[3] merged=[3, 6]
127.0 fp=[6] true=[3] merged=[3, 6]
127.3 fp=[6] true=[3] merged=[3, 6]
127.6 fp=[6] true=[3] merged=[3, 6]
127.9 fp=[6] true=[3] merged=[3, 6]
128.2 fp=[6] true=[3] merged=[3, 6]
128.6 fp=[6] true=[3] merged=[3, 6]
128.9 fp=[6] true=[3] merged=[3, 6]
129.2 fp=[2] true=[3] merged=[2, 3]
129.5 fp=[2] true=[3] merged=[2, 3]
129.8 fp=[2] true=[3] merged=[2, 3]
130.1 fp=[2] true=[3] merged=[2, 3]
130.4 fp=[2] true=[3] merged=[2, 3]
130.7 fp=[2] true=[3] merged=[2, 3]
131.1 fp=[2] true=[3] merged=[2, 3]
131.4 fp=[2] true=[3] merged=[2, 3]
131.7 fp=[2] true=[3] merged=[2, 3]
132.0 fp=[2] true=[3] merged=[2, 3]
132.3 fp=[2] true=[3] merged=[2, 3]
132.6 fp=[2] true=[3] merged=[2, 3]
132.9 fp=[2] true=[3] merged=[2, 3]
133.2 fp=[2] true=[3] merged=[2, 3]
133.5 fp=[2] true=[3] merged=[2, 3]
133.8 fp=[2] true=[3] merged=[2, 3]
134.2 fp=[2] true=[3] merged=[2, 3]
134.5 fp=[2] true=[3] merged=[2, 3]
134.8 fp=[2] true=[3] merged=[2, 3]
135.1 fp=[2] true=[3] merged=[2, 3]
135.4 fp=[2] true=[3] merged=[2, 3]
135.7 fp=[2] true=[3] merged=[2, 3]
136.0 fp=[2] true=[3] merged=[2, 3]
136.3 fp=[2] true=[3] merged=[2, 3]
136.6 fp=[2] true=[3] merged=[2, 3]
137.0 fp=[2] true=[3] merged=[2, 3]
137.3 fp=[2] true=[3] merged=[2, 3]
137.6 fp=[2] true=[3] merged=[2, 3]
137.9 fp=[2] true=[3] merged=[2, 3]
138.2 fp=[2] true=[3] merged=[2, 3]
138.5 fp=[2] true=[3] merged=[2, 3]
138.8 fp=[2] true=[3] merged=[2, 3]
139.2 fp=[2] true=[3] merged=[2, 3]
139.5 fp=[2] true=[3] merged=[2, 3]
139.8 fp=[2] true=[3] merged=[2, 3]
140.1 fp=[2] true=[3] merged=[2, 3]
140.4 fp=[2] true=[3] merged=[2, 3]
140.7 fp=[2] true=[3] merged=[2, 3]
141.0 fp=[2] true=[3] merged=[2, 3]
141.3 fp=[2] true=[3] merged=[2, 3]
141.7 fp=[2] true=[3] merged=[2, 3]
142.0 fp=[2] true=[3] merged=[2, 3]
142.3 fp=[2] true=[3] merged=[2, 3]
142.6 fp=[2] true=[3] merged=[2, 3]
142.9 fp=[2] true=[3] merged=[2, 3]
143.2 fp=[2] true=[3] merged=[2, 3]
143.5 fp=[2] true=[3] merged=[2, 3]
143.8 fp=[2] true=[3] merged=[2, 3]
144.2 fp=[2] true=[3] merged=[2, 3]
144.5 fp=[2] true=[3] merged=[2, 3]
144.8 fp=[2] true=[3] merged=[2, 3]
145.1 fp=[2] true=[3] merged=[2, 3]
145.4 fp=[2] true=[3] merged=[2, 3]
145.7 fp=[2] true=[3] merged=[2, 3]
146.0 fp=[2] true=[3] merged=[2, 3]
146.3 fp=[2] true=[3] merged=[2, 3]
146.6 fp=[2] true=[3] merged=[2, 3]
147.0 fp=[2] true=[3] merged=[2, 3]
147.3 fp=[1] true=[3] merged=[1, 3]
147.6 fp=[1] true=[3] merged=[1, 3]
147.9 fp=[1] true=[3] merged=[1, 3]
148.2 fp=[1] true=[3] merged=[1, 3]
148.5 fp=[1] true=[3] merged=[1, 3]
148.8 fp=[1] true=[3] merged=[1, 3]
149.1 fp=[1] true=[3] merged=[1, 3]
149.5 fp=[1] true=[3] merged=[1, 3]
149.8 fp=[1] true=[3] merged=[1, 3]
150.1 fp=[1] true=[3] merged=[1, 3]
150.4 fp=[1] true=[3] merged=[1, 3]
150.7 fp=[1] true=[3] merged=[1, 3]
151.0 fp=[1] true=[3] merged=[1, 3]
151.3 fp=[1] true=[3] merged=[1, 3]
151.6 fp=[1] true=[3] merged=[1, 3]
152.0 fp=[1] true=[3] merged=[1, 3]
152.3 fp=[1] true=[3] merged=[1, 3]
152.6 fp=[1] true=[3] merged=[1, 3]
152.9 fp=[1] true=[3] merged=[1, 3]
153.2 fp=[1] true=[3] merged=[1, 3]
153.5 fp=[1] true=[3] merged=[1, 3]
153.8 fp=[1] true=[3] merged=[1, 3]
154.2 fp=[1] true=[3] merged=[1, 3]
154.5 fp=[1] true=[3] merged=[1, 3]
154.8 fp=[1] true=[3] merged=[1, 3]
155.1 fp=[1] true=[3] merged=[1, 3]
155.4 fp=[1] true=[3] merged=[1, 3]
155.7 fp=[1] true=[3] merged=[1, 3]
156.0 fp=[1] true=[3] merged=[1, 3]
156.4 fp=[1] true=[3] merged=[1, 3]
156.7 fp=[1] true=[3] merged=[1, 3]
157.0 fp=[1] true=[3] merged=[1, 3]
157.3 fp=[1] true=[3] merged=[1, 3]
157.6 fp=[1] true=[3] merged=[1, 3]
158.0 fp=[1] true=[3] merged=[1, 3]
158.3 fp=[1] true=[3] merged=[1, 3]
158.6 fp=[1] true=[3] merged=[1, 3]
158.9 fp=[1] true=[3] merged=[1, 3]
159.2 fp=[1] true=[3] merged=[1, 3]
159.5 fp=[1] true=[3] merged=[1, 3]
159.9 fp=[1] true=[3] merged=[1, 3]
160.2 fp=[1] true=[3] merged=[1, 3]
160.5 fp=[1] true=[3] merged=[1, 3]
160.8 fp=[1] true=[3] merged=[1, 3]
161.1 fp=[1] true=[3] merged=[1, 3]
161.4 fp=[1] true=[3] merged=[1, 3]
161.7 fp=[1] true=[3] merged=[1, 3]
162.1 fp=[1] true=[3] merged=[1, 3]
162.4 fp=[1] true=[3] merged=[1, 3]
162.7 fp=[1] true=[3] merged=[1, 3]
163.0 fp=[1] true=[3] merged=[1, 3]
163.3 fp=[1] true=[3] merged=[1, 3]
163.6 fp=[1] true=[3] merged=[1, 3]
163.9 fp=[1] true=[3] merged=[1, 3]
164.2 fp=[1] true=[3] merged=[1, 3]
164.6 fp=[1] true=[3] merged=[1, 3]
164.9 fp=[1] true=[3] merged=[1, 3]
165.2 fp=[1] true=[3] merged=[1, 3]
165.5 fp=[1] true=[3] merged=[1, 3]
165.8 fp=[1] true=[3] merged=[1, 3]
166.1 fp=[1] true=[3] merged=[1, 3]
166.4 fp=[1] true=[3] merged=[1, 3]
166.7 fp=[1] true=[3] merged=[1, 3]
167.0 fp=[2] true=[3] merged=[2, 3]
167.4 fp=[2] true=[3] merged=[2, 3]
167.7 fp=[2] true=[3] merged=[2, 3]
168.0 fp=[2] true=[3] merged=[2, 3]
180.2 fp=[6] true=[3] merged=[3, 6]
180.5 fp=[6] true=[3] merged=[3, 6]
180.8 fp=[6] true=[3] merged=[3, 6]
181.1 fp=[5] true=[3] merged=[3, 5]
181.4 fp=[5] true=[3] merged=[3, 5]
181.8 fp=[5] true=[3] merged=[3, 5]
182.1 fp=[5] true=[3] merged=[3, 5]
182.4 fp=[5] true=[3] merged=[3, 5]
182.7 fp=[5] true=[3] merged=[3, 5]
183.0 fp=[5] true=[3] merged=[3, 5]
183.3 fp=[5] true=[3] merged=[3, 5]
183.6 fp=[5] true=[3] merged=[3, 5]
183.9 fp=[5] true=[3] merged=[3, 5]
184.3 fp=[5] true=[3] merged=[3, 5]
184.6 fp=[5] true=[3] merged=[3, 5]
184.9 fp=[5] true=[3] merged=[3, 5]
185.2 fp=[5] true=[3] merged=[3, 5]
185.5 fp=[5] true=[3] merged=[3, 5]
185.8 fp=[5] true=[3] merged=[3, 5]
186.1 fp=[5] true=[3] merged=[3, 5]
186.4 fp=[5] true=[3] merged=[3, 5]
186.7 fp=[5] true=[3] merged=[3, 5]
187.1 fp=[5] true=[3] merged=[3, 5]
187.4 fp=[5] true=[3] merged=[3, 5]
187.7 fp=[5] true=[3] merged=[3, 5]
188.0 fp=[5] true=[3] merged=[3, 5]
188.3 fp=[5] true=[3] merged=[3, 5]
188.6 fp=[5] true=[3] merged=[3, 5]
188.9 fp=[5] true=[3] merged=[3, 5]
189.3 fp=[5] true=[3] merged=[3, 5]
189.6 fp=[5] true=[3] merged=[3, 5]
189.9 fp=[5] true=[3] merged=[3, 5]
190.2 fp=[5] true=[3] merged=[3, 5]
190.5 fp=[5] true=[3] merged=[3, 5]
190.8 fp=[5] true=[3] merged=[3, 5]
191.1 fp=[5] true=[3] merged=[3, 5]
191.4 fp=[5] true=[3] merged=[3, 5]
191.7 fp=[5] true=[3] merged=[3, 5]
192.0 fp=[5] true=[3] merged=[3, 5]
192.4 fp=[5] true=[3] merged=[3, 5]
192.7 fp=[5] true=[3] merged=[3, 5]
193.0 fp=[5] true=[3] merged=[3, 5]
193.3 fp=[5] true=[3] merged=[3, 5]
193.6 fp=[5] true=[3] merged=[3, 5]
193.9 fp=[5] true=[3] merged=[3, 5]
194.2 fp=[1] true=[3] merged=[1, 3]
194.5 fp=[1] true=[3] merged=[1, 3]
194.9 fp=[1] true=[3] merged=[1, 3]
195.2 fp=[1] true=[3] merged=[1, 3]
195.5 fp=[1] true=[3] merged=[1, 3]
195.8 fp=[1] true=[3] merged=[1, 3]
196.1 fp=[1] true=[3] merged=[1, 3]
196.4 fp=[1] true=[3] merged=[1, 3]
196.7 fp=[1] true=[3] merged=[1, 3]
197.1 fp=[1] true=[3] merged=[1, 3]
197.4 fp=[1] true=[3] merged=[1, 3]
197.7 fp=[1] true=[3] merged=[1, 3]
198.0 fp=[1] true=[3] merged=[1, 3]
198.3 fp=[1] true=[3] merged=[1, 3]
198.7 fp=[1] true=[3] merged=[1, 3]
199.0 fp=[1] true=[3] merged=[1, 3]
199.3 fp=[1] true=[3] merged=[1, 3]
199.6 fp=[1] true=[3] merged=[1, 3]
199.9 fp=[1] true=[3] merged=[1, 3]
200.2 fp=[1] true=[3] merged=[1, 3]
200.5 fp=[1] true=[3] merged=[1, 3]
200.8 fp=[1] true=[3] merged=[1, 3]
201.2 fp=[1] true=[3] merged=[1, 3]
201.5 fp=[1] true=[3] merged=[1, 3]
201.8 fp=[1] true=[3] merged=[1, 3]
202.1 fp=[1] true=[3] merged=[1, 3]
202.4 fp=[1] true=[3] merged=[1, 3]
202.7 fp=[1] true=[3] merged=[1, 3]
203.0 fp=[1] true=[3] merged=[1, 3]
203.3 fp=[1] true=[3] merged=[1, 3]
203.7 fp=[1] true=[3] merged=[1, 3]
204.0 fp=[1] true=[3] merged=[1, 3]
204.3 fp=[1] true=[3] merged=[1, 3]
204.6 fp=[1] true=[3] merged=[1, 3]
204.9 fp=[1] true=[3] merged=[1, 3]
205.2 fp=[1] true=[3] merged=[1, 3]
205.5 fp=[1] true=[3] merged=[1, 3]
205.8 fp=[1] true=[3] merged=[1, 3]
206.1 fp=[1] true=[3] merged=[1, 3]
206.4 fp=[1] true=[3] merged=[1, 3]
206.8 fp=[1] true=[3] merged=[1, 3]
207.1 fp=[1] true=[3] merged=[1, 3]
207.4 fp=[1] true=[3] merged=[1, 3]
207.7 fp=[1] true=[3] merged=[1, 3]
208.0 fp=[1] true=[3] merged=[1, 3]
208.4 fp=[1] true=[3] merged=[1, 3]
208.7 fp=[1] true=[3] merged=[1, 3]
209.0 fp=[1] true=[3] merged=[1, 3]
209.3 fp=[1] true=[3] merged=[1, 3]
209.6 fp=[1] true=[3] merged=[1, 3]
209.9 fp=[1] true=[3] merged=[1, 3]
210.2 fp=[1] true=[3] merged=[1, 3]
210.5 fp=[1] true=[3] merged=[1, 3]
210.8 fp=[1] true=[3] merged=[1, 3]
211.2 fp=[1] true=[3] merged=[1, 3]
211.5 fp=[1] true=[3] merged=[1, 3]
211.8 fp=[1] true=[3] merged=[1, 3]
212.1 fp=[1] true=[3] merged=[1, 3]
212.4 fp=[1] true=[3] merged=[1, 3]
212.7 fp=[1] true=[3] merged=[1, 3]
213.0 fp=[1] true=[3] merged=[1, 3]
213.3 fp=[1] true=[3] merged=[1, 3]
213.7 fp=[1] true=[3] merged=[1, 3]
214.0 fp=[1] true=[3] merged=[1, 3]
214.3 fp=[1] true=[3] merged=[1, 3]
214.6 fp=[1] true=[3] merged=[1, 3]
214.9 fp=[1] true=[3] merged=[1, 3]
215.2 fp=[1] true=[3] merged=[1, 3]
215.5 fp=[1] true=[3] merged=[1, 3]
215.8 fp=[1] true=[3] merged=[1, 3]
216.1 fp=[1] true=[3] merged=[1, 3]
216.5 fp=[1] true=[3] merged=[1, 3]
216.8 fp=[1] true=[3] merged=[1, 3]
217.1 fp=[1] true=[3] merged=[1, 3]
217.4 fp=[1] true=[3] merged=[1, 3]
217.7 fp=[1] true=[3] merged=[1, 3]
218.0 fp=[1] true=[3] merged=[1, 3]
218.3 fp=[1] true=[3] merged=[1, 3]
218.6 fp=[1] true=[3] merged=[1, 3]
218.9 fp=[1] true=[3] merged=[1, 3]
219.3 fp=[1] true=[3] merged=[1, 3]
219.6 fp=[1] true=[3] merged=[1, 3]
219.9 fp=[1] true=[3] merged=[1, 3]
220.2 fp=[1] true=[3] merged=[1, 3]
220.5 fp=[1] true=[3] merged=[1, 3]
220.8 fp=[1] true=[3] merged=[1, 3]
221.1 fp=[1] true=[3] merged=[1, 3]
221.4 fp=[1] true=[3] merged=[1, 3]
221.7 fp=[1] true=[3] merged=[1, 3]
222.1 fp=[1] true=[3] merged=[1, 3]
222.4 fp=[1] true=[3] merged=[1, 3]
222.7 fp=[1] true=[3] merged=[1, 3]
223.0 fp=[1] true=[3] merged=[1, 3]
223.3 fp=[1] true=[3] merged=[1, 3]
223.6 fp=[1] true=[3] merged=[1, 3]
223.9 fp=[1] true=[3] merged=[1, 3]
224.2 fp=[1] true=[3] merged=[1, 3]
224.6 fp=[1] true=[3] merged=[1, 3]
224.9 fp=[1] true=[3] merged=[1, 3]
225.2 fp=[1] true=[3] merged=[1, 3]
225.5 fp=[1] true=[3] merged=[1, 3]
225.8 fp=[1] true=[3] merged=[1, 3]
226.1 fp=[1] true=[3] merged=[1, 3]
226.4 fp=[1] true=[3] merged=[1, 3]
226.7 fp=[1] true=[3] merged=[1, 3]
227.1 fp=[2] true=[3] merged=[2, 3]
227.4 fp=[2] true=[3] merged=[2, 3]
227.7 fp=[2] true=[3] merged=[2, 3]
228.0 fp=[2] true=[3] merged=[2, 3]
228.3 fp=[2] true=[3] merged=[2, 3]
228.6 fp=[2] true=[3] merged=[2, 3]
228.9 fp=[2] true=[3] merged=[2, 3]
229.2 fp=[2] true=[3] merged=[2, 3]
229.6 fp=[2] true=[3] merged=[2, 3]
229.9 fp=[2] true=[3] merged=[2, 3]
230.2 fp=[2] true=[3] merged=[2, 3]
230.5 fp=[2] true=[3] merged=[2, 3]
230.8 fp=[2] true=[3] merged=[2, 3]
231.1 fp=[2] true=[3] merged=[2, 3]
231.4 fp=[2] true=[3] merged=[2, 3]
231.7 fp=[2] true=[3] merged=[2, 3]
232.1 fp=[2] true=[3] merged=[2, 3]
232.4 fp=[2] true=[3] merged=[2, 3]
232.7 fp=[2] true=[3] merged=[2, 3]
233.0 fp=[2] true=[3] merged=[2, 3]
233.3 fp=[2] true=[3] merged=[2, 3]
233.6 fp=[2] true=[3] merged=[2, 3]
233.9 fp=[2] true=[3] merged=[2, 3]
234.3 fp=[2] true=[3] merged=[2, 3]
234.6 fp=[2] true=[3] merged=[2, 3]
234.9 fp=[2] true=[3] merged=[2, 3]
235.2 fp=[2] true=[3] merged=[2, 3]
235.5 fp=[2] true=[3] merged=[2, 3]
235.8 fp=[2] true=[3] merged=[2, 3]
236.1 fp=[2] true=[3] merged=[2, 3]
236.4 fp=[2] true=[3] merged=[2, 3]
236.8 fp=[2] true=[3] merged=[2, 3]
237.1 fp=[2] true=[3] merged=[2, 3]
237.4 fp=[2] true=[3] merged=[2, 3]
237.7 fp=[2] true=[3] merged=[2, 3]
238.0 fp=[2] true=[3] merged=[2, 3]
238.3 fp=[2] true=[3] merged=[2, 3]
238.7 fp=[2] true=[3] merged=[2, 3]
239.0 fp=[2] true=[3] merged=[2, 3]
239.3 fp=[2] true=[3] merged=[2, 3]
239.6 fp=[2] true=[3] merged=[2, 3]
239.9 fp=[2] true=[3] merged=[2, 3]
240.2 fp=[2] true=[3] merged=[2, 3]
240.5 fp=[2] true=[3] merged=[2, 3]
240.8 fp=[2] true=[3] merged=[2, 3]
241.2 fp=[2] true=[3] merged=[2, 3]
241.5 fp=[2] true=[3] merged=[2, 3]
241.8 fp=[2] true=[3] merged=[2, 3]
242.1 fp=[2] true=[3] merged=[2, 3]
242.4 fp=[2] true=[3] merged=[2, 3]
242.7 fp=[2] true=[3] merged=[2, 3]
243.0 fp=[2] true=[3] merged=[2, 3]
243.3 fp=[2] true=[3] merged=[2, 3]
243.7 fp=[2] true=[3] merged=[2, 3]
244.0 fp=[2] true=[3] merged=[2, 3]
244.3 fp=[2] true=[3] merged=[2, 3]
244.6 fp=[2] true=[3] merged=[2, 3]
244.9 fp=[2] true=[3] merged=[2, 3]
245.2 fp=[4] true=[3] merged=[3, 4]
245.6 fp=[4] true=[3] merged=[3, 4]
245.9 fp=[4] true=[3] merged=[3, 4]
246.2 fp=[4] true=[3] merged=[3, 4]
246.5 fp=[4] true=[3] merged=[3, 4]
246.8 fp=[4] true=[3] merged=[3, 4]
247.1 fp=[4] true=[3] merged=[3, 4]
247.4 fp=[4] true=[3] merged=[3, 4]
247.7 fp=[4] true=[3] merged=[3, 4]
248.1 fp=[4] true=[3] merged=[3, 4]
248.4 fp=[4] true=[3] merged=[3, 4]
248.7 fp=[4] true=[3] merged=[3, 4]
249.0 fp=[4] true=[3] merged=[3, 4]
249.3 fp=[4] true=[3] merged=[3, 4]
249.6 fp=[4] true=[3] merged=[3, 4]
249.9 fp=[4] true=[3] merged=[3, 4]
250.2 fp=[2] true=[3] merged=[2, 3]
250.6 fp=[2] true=[3] merged=[2, 3]
250.9 fp=[2] true=[3] merged=[2, 3]
251.2 fp=[2] true=[3] merged=[2, 3]
251.5 fp=[2] true=[3] merged=[2, 3]
251.8 fp=[2] true=[3] merged=[2, 3]
252.1 fp=[2] true=[3] merged=[2, 3]
252.5 fp=[2] true=[3] merged=[2, 3]
252.8 fp=[2] true=[3] merged=[2, 3]
253.1 fp=[2] true=[3] merged=[2, 3]
253.4 fp=[2] true=[3] merged=[2, 3]
253.7 fp=[2] true=[3] merged=[2, 3]
254.0 fp=[2] true=[3] merged=[2, 3]
254.3 fp=[2] true=[3] merged=[2, 3]
254.7 fp=[2] true=[3] merged=[2, 3]
255.0 fp=[2] true=[3] merged=[2, 3]
255.3 fp=[2] true=[3] merged=[2, 3]
255.6 fp=[2] true=[3] merged=[2, 3]
255.9 fp=[2] true=[3] merged=[2, 3]
256.2 fp=[2] true=[3] merged=[2, 3]
256.5 fp=[2] true=[3] merged=[2, 3]
256.8 fp=[2] true=[3] merged=[2, 3]
257.2 fp=[2] true=[3] merged=[2, 3]
257.5 fp=[2] true=[3] merged=[2, 3]
257.8 fp=[2] true=[3] merged=[2, 3]
258.1 fp=[2] true=[3] merged=[2, 3]
258.4 fp=[2] true=[3] merged=[2, 3]
258.7 fp=[2] true=[3] merged=[2, 3]
259.0 fp=[2] true=[3] merged=[2, 3]
259.4 fp=[2] true=[3] merged=[2, 3]
259.7 fp=[2] true=[3] merged=[2, 3]
260.0 fp=[2] true=[3] merged=[2, 3]
260.3 fp=[2] true=[3] merged=[2, 3]
260.6 fp=[2] true=[3] merged=[2, 3]
260.9 fp=[2] true=[3] merged=[2, 3]
261.2 fp=[2] true=[3] merged=[2, 3]
261.6 fp=[2] true=[3] merged=[2, 3]
261.9 fp=[2] true=[3] merged=[2, 3]
262.2 fp=[2] true=[3] merged=[2, 3]
262.5 fp=[2] true=[3] merged=[2, 3]
262.8 fp=[2] true=[3] merged=[2, 3]
263.1 fp=[2] true=[3] merged=[2, 3]
263.4 fp=[2] true=[3] merged=[2, 3]
263.7 fp=[2] true=[3] merged=[2, 3]
264.0 fp=[2] true=[3] merged=[2, 3]
264.4 fp=[2] true=[3] merged=[2, 3]
264.7 fp=[2] true=[3] merged=[2, 3]
265.0 fp=[2] true=[3] merged=[2, 3]
265.3 fp=[2] true=[3] merged=[2, 3]
265.6 fp=[2] true=[3] merged=[2, 3]
265.9 fp=[2] true=[3] merged=[2, 3]
266.2 fp=[2] true=[3] merged=[2, 3]
266.6 fp=[2] true=[3] merged=[2, 3]
266.9 fp=[2] true=[3] merged=[2, 3]
267.2 fp=[2] true=[3] merged=[2, 3]
267.5 fp=[2] true=[3] merged=[2, 3]
267.8 fp=[2] true=[3] merged=[2, 3]
268.1 fp=[2] true=[3] merged=[2, 3]
268.4 fp=[2] true=[3] merged=[2, 3]
268.8 fp=[2] true=[3] merged=[2, 3]
269.1 fp=[2] true=[3] merged=[2, 3]
269.4 fp=[2] true=[3] merged=[2, 3]
269.7 fp=[2] true=[3] merged=[2, 3]
270.0 fp=[2] true=[3] merged=[2, 3]
270.3 fp=[2] true=[3] merged=[2, 3]
270.6 fp=[2] true=[3] merged=[2, 3]
270.9 fp=[2] true=[3] merged=[2, 3]
271.2 fp=[2] true=[3] merged=[2, 3]
271.6 fp=[2] true=[3] merged=[2, 3]
271.9 fp=[2] true=[3] merged=[2, 3]
272.2 fp=[2] true=[3] merged=[2, 3]
272.5 fp=[2] true=[3] merged=[2, 3]
272.8 fp=[2] true=[3] merged=[2, 3]
273.1 fp=[2] true=[3] merged=[2, 3]
273.4 fp=[2] true=[3] merged=[2, 3]
273.7 fp=[2] true=[3] merged=[2, 3]
274.0 fp=[2] true=[3] merged=[2, 3]
274.3 fp=[2] true=[3] merged=[2, 3]
274.7 fp=[2] true=[3] merged=[2, 3]
275.0 fp=[2] true=[3] merged=[2, 3]
275.3 fp=[2] true=[3] merged=[2, 3]
275.6 fp=[2] true=[3] merged=[2, 3]
275.9 fp=[2] true=[3] merged=[2, 3]
276.2 fp=[2] true=[3] merged=[2, 3]
276.5 fp=[2] true=[3] merged=[2, 3]
276.9 fp=[2] true=[3] merged=[2, 3]
277.2 fp=[2] true=[3] merged=[2, 3]
277.5 fp=[2] true=[3] merged=[2, 3]
277.8 fp=[2] true=[3] merged=[2, 3]
278.1 fp=[2] true=[3] merged=[2, 3]
278.4 fp=[2] true=[3] merged=[2, 3]
278.7 fp=[2] true=[3] merged=[2, 3]
279.0 fp=[2] true=[3] merged=[2, 3]
279.3 fp=[2] true=[3] merged=[2, 3]
279.7 fp=[2] true=[3] merged=[2, 3]
280.0 fp=[2] true=[3] merged=[2, 3]
280.3 fp=[5] true=[3] merged=[3, 5]
280.6 fp=[5] true=[3] merged=[3, 5]
280.9 fp=[5] true=[3] merged=[3, 5]
281.2 fp=[5] true=[3] merged=[3, 5]
281.5 fp=[5] true=[3] merged=[3, 5]
281.9 fp=[5] true=[3] merged=[3, 5]
282.2 fp=[4] true=[3] merged=[3, 4]
282.5 fp=[4] true=[3] merged=[3, 4]
282.8 fp=[4] true=[3] merged=[3, 4]
283.1 fp=[4] true=[3] merged=[3, 4]
283.4 fp=[4] true=[3] merged=[3, 4]
283.7 fp=[4] true=[3] merged=[3, 4]
284.0 fp=[4] true=[3] merged=[3, 4]
284.3 fp=[4] true=[3] merged=[3, 4]
284.6 fp=[4] true=[3] merged=[3, 4]
285.0 fp=[4] true=[3] merged=[3, 4]
285.3 fp=[4] true=[3] merged=[3, 4]
285.6 fp=[4] true=[3] merged=[3, 4]
285.9 fp=[4] true=[3] merged=[3, 4]
286.2 fp=[4] true=[3] merged=[3, 4]
286.5 fp=[4] true=[3] merged=[3, 4]
286.8 fp=[4] true=[3] merged=[3, 4]
287.1 fp=[4] true=[3] merged=[3, 4]
287.4 fp=[4] true=[3] merged=[3, 4]
287.7 fp=[4] true=[3] merged=[3, 4]
288.1 fp=[4] true=[3] merged=[3, 4]
288.4 fp=[4] true=[3] merged=[3, 4]
288.7 fp=[4] true=[3] merged=[3, 4]
289.0 fp=[4] true=[3] merged=[3, 4]
289.3 fp=[4] true=[3] merged=[3, 4]
289.6 fp=[4] true=[3] merged=[3, 4]
289.9 fp=[4] true=[3] merged=[3, 4]
290.2 fp=[4] true=[3] merged=[3, 4]
290.5 fp=[4] true=[3] merged=[3, 4]
290.9 fp=[4] true=[3] merged=[3, 4]
291.2 fp=[4] true=[3] merged=[3, 4]
291.5 fp=[4] true=[3] merged=[3, 4]
291.8 fp=[4] true=[3] merged=[3, 4]
292.1 fp=[4] true=[3] merged=[3, 4]
292.4 fp=[4] true=[3] merged=[3, 4]
292.7 fp=[4] true=[3] merged=[3, 4]
293.1 fp=[4] true=[3] merged=[3, 4]
293.4 fp=[4] true=[3] merged=[3, 4]
293.7 fp=[4] true=[3] merged=[3, 4]
294.0 fp=[4] true=[3] merged=[3, 4]
294.3 fp=[4] true=[3] merged=[3, 4]
294.6 fp=[4] true=[3] merged=[3, 4]
294.9 fp=[4] true=[3] merged=[3, 4]
295.2 fp=[4] true=[3] merged=[3, 4]
295.6 fp=[4] true=[3] merged=[3, 4]
295.9 fp=[4] true=[3] merged=[3, 4]
296.2 fp=[4] true=[3] merged=[3, 4]
296.5 fp=[4] true=[3] merged=[3, 4]
296.8 fp=[4] true=[3] merged=[3, 4]
297.1 fp=[4] true=[3] merged=[3, 4]
297.4 fp=[4] true=[3] merged=[3, 4]
297.7 fp=[4] true=[3] merged=[3, 4]
298.1 fp=[4] true=[3] merged=[3, 4]
298.4 fp=[4] true=[3] merged=[3, 4]
298.7 fp=[4] true=[3] merged=[3, 4]
299.0 fp=[4] true=[3] merged=[3, 4]
299.3 fp=[1] true=[3] merged=[1, 3]
299.6 fp=[1] true=[3] merged=[1, 3]
299.9 fp=[1] true=[3] merged=[1, 3]
300.2 fp=[1] true=[3] merged=[1, 3]
300.6 fp=[1] true=[3] merged=[1, 3]
300.9 fp=[1] true=[3] merged=[1, 3]
301.2 fp=[1] true=[3] merged=[1, 3]
301.5 fp=[1] true=[3] merged=[1, 3]
301.8 fp=[1] true=[3] merged=[1, 3]
302.1 fp=[1] true=[3] merged=[1, 3]
302.4 fp=[1] true=[3] merged=[1, 3]
302.7 fp=[1] true=[3] merged=[1, 3]
303.0 fp=[1] true=[3] merged=[1, 3]
303.4 fp=[1] true=[3] merged=[1, 3]
303.7 fp=[1] true=[3] merged=[1, 3]
304.0 fp=[1] true=[3] merged=[1, 3]
304.3 fp=[1] true=[3] merged=[1, 3]
304.6 fp=[1] true=[3] merged=[1, 3]
304.9 fp=[1] true=[3] merged=[1, 3]
305.3 fp=[1] true=[3] merged=[1, 3]
305.6 fp=[1] true=[3] merged=[1, 3]
305.9 fp=[1] true=[3] merged=[1, 3]
306.2 fp=[1] true=[3] merged=[1, 3]
306.5 fp=[1] true=[3] merged=[1, 3]
306.8 fp=[1] true=[3] merged=[1, 3]
307.1 fp=[1] true=[3] merged=[1, 3]
307.4 fp=[1] true=[3] merged=[1, 3]
307.8 fp=[1] true=[3] merged=[1, 3]
308.1 fp=[1] true=[3] merged=[1, 3]
308.4 fp=[1] true=[3] merged=[1, 3]
308.7 fp=[1] true=[3] merged=[1, 3]
309.0 fp=[1] true=[3] merged=[1, 3]
309.3 fp=[1] true=[3] merged=[1, 3]
309.6 fp=[1] true=[3] merged=[1, 3]
310.0 fp=[1] true=[3] merged=[1, 3]
310.3 fp=[1] true=[3] merged=[1, 3]
310.6 fp=[1] true=[3] merged=[1, 3]
310.9 fp=[1] true=[3] merged=[1, 3]
311.2 fp=[1] true=[3] merged=[1, 3]
311.5 fp=[1] true=[3] merged=[1, 3]
311.8 fp=[1] true=[3] merged=[1, 3]
312.1 fp=[1] true=[3] merged=[1, 3]
312.5 fp=[1] true=[3] merged=[1, 3]
312.8 fp=[1] true=[3] merged=[1, 3]
313.1 fp=[1] true=[3] merged=[1, 3]
313.4 fp=[1] true=[3] merged=[1, 3]
313.7 fp=[1] true=[3] merged=[1, 3]
314.0 fp=[1] true=[3] merged=[1, 3]
314.3 fp=[1] true=[3] merged=[1, 3]
314.6 fp=[1] true=[3] merged=[1, 3]
315.0 fp=[1] true=[3] merged=[1, 3]
315.3 fp=[1] true=[3] merged=[1, 3]
315.6 fp=[1] true=[3] merged=[1, 3]
315.9 fp=[1] true=[3] merged=[1, 3]
316.2 fp=[1] true=[3] merged=[1, 3]
316.5 fp=[1] true=[3] merged=[1, 3]
316.8 fp=[1] true=[3] merged=[1, 3]
317.1 fp=[1] true=[3] merged=[1, 3]
317.4 fp=[1] true=[3] merged=[1, 3]
317.8 fp=[1] true=[3] merged=[1, 3]
318.1 fp=[1] true=[3] merged=[1, 3]
318.4 fp=[1] true=[3] merged=[1, 3]
318.7 fp=[1] true=[3] merged=[1, 3]
319.0 fp=[1] true=[3] merged=[1, 3]
319.3 fp=[1] true=[3] merged=[1, 3]
319.6 fp=[1] true=[3] merged=[1, 3]
319.9 fp=[1] true=[3] merged=[1, 3]
320.2 fp=[1] true=[3] merged=[1, 3]
320.6 fp=[1] true=[3] merged=[1, 3]
320.9 fp=[1] true=[3] merged=[1, 3]
321.2 fp=[1] true=[3] merged=[1, 3]
321.5 fp=[1] true=[3] merged=[1, 3]
321.8 fp=[1] true=[3] merged=[1, 3]
322.1 fp=[1] true=[3] merged=[1, 3]
322.4 fp=[1] true=[3] merged=[1, 3]
322.7 fp=[1] true=[3] merged=[1, 3]
323.0 fp=[1] true=[3] merged=[1, 3]
323.4 fp=[1] true=[3] merged=[1, 3]
323.7 fp=[1] true=[3] merged=[1, 3]
324.0 fp=[1] true=[3] merged=[1, 3]
324.3 fp=[1] true=[3] merged=[1, 3]
324.6 fp=[1] true=[3] merged=[1, 3]
324.9 fp=[1] true=[3] merged=[1, 3]
325.2 fp=[1] true=[3] merged=[1, 3]
325.5 fp=[1] true=[3] merged=[1, 3]
325.8 fp=[1] true=[3] merged=[1, 3]
326.2 fp=[1] true=[3] merged=[1, 3]
326.5 fp=[1] true=[3] merged=[1, 3]
326.8 fp=[1] true=[3] merged=[1, 3]
327.1 fp=[1] true=[3] merged=[1, 3]
327.4 fp=[1] true=[3] merged=[1, 3]
327.7 fp=[1] true=[3] merged=[1, 3]
328.0 fp=[1] true=[3] merged=[1, 3]
328.3 fp=[1] true=[3] merged=[1, 3]
328.7 fp=[1] true=[3] merged=[1, 3]
329.0 fp=[1] true=[3] merged=[1, 3]
329.3 fp=[1] true=[3] merged=[1, 3]
329.6 fp=[1] true=[3] merged=[1, 3]
329.9 fp=[1] true=[3] merged=[1, 3]
330.2 fp=[1] true=[3] merged=[1, 3]
330.5 fp=[1] true=[3] merged=[1, 3]
330.8 fp=[1] true=[3] merged=[1, 3]
331.2 fp=[1] true=[3] merged=[1, 3]
331.5 fp=[1] true=[3] merged=[1, 3]
331.8 fp=[1] true=[3] merged=[1, 3]
332.1 fp=[1] true=[3] merged=[1, 3]
332.4 fp=[1] true=[3] merged=[1, 3]
332.7 fp=[1] true=[3] merged=[1, 3]
333.0 fp=[2] true=[3] merged=[2, 3]
333.3 fp=[2] true=[3] merged=[2, 3]
333.6 fp=[2] true=[3] merged=[2, 3]
334.0 fp=[2] true=[3] merged=[2, 3]
334.3 fp=[2] true=[3] merged=[2, 3]
334.6 fp=[2] true=[3] merged=[2, 3]
334.9 fp=[2] true=[3] merged=[2, 3]
335.2 fp=[2] true=[3] merged=[2, 3]
335.5 fp=[2] true=[3] merged=[2, 3]
335.8 fp=[2] true=[3] merged=[2, 3]
336.1 fp=[2] true=[3] merged=[2, 3]
336.4 fp=[2] true=[3] merged=[2, 3]
336.8 fp=[2] true=[3] merged=[2, 3]
337.1 fp=[2] true=[3] merged=[2, 3]
337.4 fp=[2] true=[3] merged=[2, 3]
337.7 fp=[2] true=[3] merged=[2, 3]
338.0 fp=[2] true=[3] merged=[2, 3]
338.4 fp=[2] true=[3] merged=[2, 3]
338.7 fp=[2] true=[3] merged=[2, 3]
339.0 fp=[2] true=[3] merged=[2, 3]
339.3 fp=[2] true=[3] merged=[2, 3]
339.6 fp=[2] true=[3] merged=[2, 3]
339.9 fp=[2] true=[3] merged=[2, 3]
340.2 fp=[2] true=[3] merged=[2, 3]
340.5 fp=[2] true=[3] merged=[2, 3]
340.9 fp=[2] true=[3] merged=[2, 3]
341.2 fp=[2] true=[3] merged=[2, 3]
341.5 fp=[2] true=[3] merged=[2, 3]
341.8 fp=[2] true=[3] merged=[2, 3]
342.1 fp=[2] true=[3] merged=[2, 3]
342.4 fp=[2] true=[3] merged=[2, 3]
342.7 fp=[2] true=[3] merged=[2, 3]
343.0 fp=[2] true=[3] merged=[2, 3]
343.4 fp=[2] true=[3] merged=[2, 3]
343.7 fp=[2] true=[3] merged=[2, 3]
344.0 fp=[2] true=[3] merged=[2, 3]
344.3 fp=[2] true=[3] merged=[2, 3]
344.6 fp=[2] true=[3] merged=[2, 3]
344.9 fp=[2] true=[3] merged=[2, 3]
345.2 fp=[2] true=[3] merged=[2, 3]
345.5 fp=[2] true=[3] merged=[2, 3]
345.9 fp=[2] true=[3] merged=[2, 3]
346.2 fp=[2] true=[3] merged=[2, 3]
346.5 fp=[2] true=[3] merged=[2, 3]
346.8 fp=[2] true=[3] merged=[2, 3]
347.1 fp=[2] true=[3] merged=[2, 3]
347.4 fp=[2] true=[3] merged=[2, 3]
347.7 fp=[2] true=[3] merged=[2, 3]
348.0 fp=[2] true=[3] merged=[2, 3]
348.4 fp=[2] true=[3] merged=[2, 3]
348.7 fp=[2] true=[3] merged=[2, 3]
349.0 fp=[2] true=[3] merged=[2, 3]
349.3 fp=[2] true=[3] merged=[2, 3]
349.6 fp=[2] true=[3] merged=[2, 3]
350.0 fp=[2] true=[3] merged=[2, 3]
350.3 fp=[2] true=[3] merged=[2, 3]
350.6 fp=[2] true=[3] merged=[2, 3]
350.9 fp=[2] true=[3] merged=[2, 3]
351.2 fp=[2] true=[3] merged=[2, 3]
351.5 fp=[2] true=[3] merged=[2, 3]
351.8 fp=[2] true=[3] merged=[2, 3]
352.1 fp=[2] true=[3] merged=[2, 3]
352.5 fp=[2] true=[3] merged=[2, 3]
352.8 fp=[2] true=[3] merged=[2, 3]
353.1 fp=[2] true=[3] merged=[2, 3]
353.4 fp=[2] true=[3] merged=[2, 3]
353.7 fp=[2] true=[3] merged=[2, 3]
354.0 fp=[2] true=[3] merged=[2, 3]
354.3 fp=[2] true=[3] merged=[2, 3]
354.6 fp=[2] true=[3] merged=[2, 3]
355.0 fp=[2] true=[3] merged=[2, 3]
355.3 fp=[2] true=[3] merged=[2, 3]
355.6 fp=[2] true=[3] merged=[2, 3]
355.9 fp=[2] true=[3] merged=[2, 3]
356.2 fp=[2] true=[3] merged=[2, 3]
356.5 fp=[2] true=[3] merged=[2, 3]
356.8 fp=[2] true=[3] merged=[2, 3]
357.1 fp=[2] true=[3] merged=[2, 3]
357.4 fp=[2] true=[3] merged=[2, 3]
357.8 fp=[2] true=[3] merged=[2, 3]
358.1 fp=[2] true=[3] merged=[2, 3]
358.4 fp=[2] true=[3] merged=[2, 3]
358.7 fp=[2] true=[3] merged=[2, 3]
359.1 fp=[2] true=[3] merged=[2, 3]
359.4 fp=[2] true=[3] merged=[2, 3]
359.7 fp=[2] true=[3] merged=[2, 3]
360.0 fp=[2] true=[3] merged=[2, 3]
360.3 fp=[2] true=[3] merged=[2, 3]
360.6 fp=[2] true=[3] merged=[2, 3]
360.9 fp=[2] true=[3] merged=[2, 3]
361.3 fp=[1] true=[3] merged=[1, 3]
361.6 fp=[1] true=[3] merged=[1, 3]
361.9 fp=[1] true=[3] merged=[1, 3]
362.2 fp=[1] true=[3] merged=[1, 3]
362.5 fp=[1] true=[3] merged=[1, 3]
362.8 fp=[1] true=[3] merged=[1, 3]
363.1 fp=[1] true=[3] merged=[1, 3]
363.4 fp=[1] true=[3] merged=[1, 3]
363.7 fp=[1] true=[3] merged=[1, 3]
364.0 fp=[1] true=[3] merged=[1, 3]
364.3 fp=[1] true=[3] merged=[1, 3]
364.7 fp=[1] true=[3] merged=[1, 3]
365.0 fp=[1] true=[3] merged=[1, 3]
365.3 fp=[1] true=[3] merged=[1, 3]
365.6 fp=[1] true=[3] merged=[1, 3]
365.9 fp=[1] true=[3] merged=[1, 3]
366.2 fp=[1] true=[3] merged=[1, 3]
366.5 fp=[1] true=[3] merged=[1, 3]
366.8 fp=[1] true=[3] merged=[1, 3]
367.1 fp=[1] true=[3] merged=[1, 3]
367.5 fp=[1] true=[3] merged=[1, 3]
367.8 fp=[1] true=[3] merged=[1, 3]
368.1 fp=[1] true=[3] merged=[1, 3]
368.4 fp=[1] true=[3] merged=[1, 3]
368.7 fp=[1] true=[3] merged=[1, 3]
369.0 fp=[1] true=[3] merged=[1, 3]
369.3 fp=[1] true=[3] merged=[1, 3]
369.7 fp=[1] true=[3] merged=[1, 3]
370.0 fp=[1] true=[3] merged=[1, 3]
370.3 fp=[1] true=[3] merged=[1, 3]
370.6 fp=[1] true=[3] merged=[1, 3]
370.9 fp=[1] true=[3] merged=[1, 3]
371.2 fp=[1] true=[3] merged=[1, 3]
371.6 fp=[1] true=[3] merged=[1, 3]
371.9 fp=[1] true=[3] merged=[1, 3]
372.2 fp=[1] true=[3] merged=[1, 3]
372.5 fp=[1] true=[3] merged=[1, 3]
372.8 fp=[1] true=[3] merged=[1, 3]
373.1 fp=[1] true=[3] merged=[1, 3]
373.4 fp=[1] true=[3] merged=[1, 3]
373.7 fp=[1] true=[3] merged=[1, 3]
374.1 fp=[1] true=[3] merged=[1, 3]
374.4 fp=[1] true=[3] merged=[1, 3]
374.7 fp=[1] true=[3] merged=[1, 3]
375.0 fp=[1] true=[3] merged=[1, 3]
375.3 fp=[1] true=[3] merged=[1, 3]
375.6 fp=[1] true=[3] merged=[1, 3]
375.9 fp=[1] true=[3] merged=[1, 3]
376.2 fp=[1] true=[3] merged=[1, 3]
376.5 fp=[1] true=[3] merged=[1, 3]
376.8 fp=[1] true=[3] merged=[1, 3]
377.2 fp=[1] true=[3] merged=[1, 3]
377.5 fp=[1] true=[3] merged=[1, 3]
377.8 fp=[1] true=[3] merged=[1, 3]
378.1 fp=[1] true=[3] merged=[1, 3]
378.4 fp=[1] true=[3] merged=[1, 3]
378.8 fp=[1] true=[3] merged=[1, 3]
379.1 fp=[1] true=[3] merged=[1, 3]
379.4 fp=[1] true=[3] merged=[1, 3]
379.7 fp=[1] true=[3] merged=[1, 3]
380.0 fp=[1] true=[3] merged=[1, 3]
380.3 fp=[1] true=[3] merged=[1, 3]
380.6 fp=[1] true=[3] merged=[1, 3]
381.0 fp=[1] true=[3] merged=[1, 3]
381.3 fp=[1] true=[3] merged=[1, 3]
381.6 fp=[1] true=[3] merged=[1, 3]
381.9 fp=[1] true=[3] merged=[1, 3]
382.2 fp=[1] true=[3] merged=[1, 3]
382.5 fp=[1] true=[3] merged=[1, 3]
382.8 fp=[1] true=[3] merged=[1, 3]
383.1 fp=[1] true=[3] merged=[1, 3]
383.5 fp=[1] true=[3] merged=[1, 3]
383.8 fp=[1] true=[3] merged=[1, 3]
384.1 fp=[1] true=[3] merged=[1, 3]
384.4 fp=[1] true=[3] merged=[1, 3]
384.7 fp=[1] true=[3] merged=[1, 3]
385.0 fp=[1] true=[3] merged=[1, 3]
385.3 fp=[1] true=[3] merged=[1, 3]
385.7 fp=[1] true=[3] merged=[1, 3]
386.0 fp=[1] true=[3] merged=[1, 3]
386.3 fp=[1] true=[3] merged=[1, 3]
386.6 fp=[1] true=[3] merged=[1, 3]
386.9 fp=[1] true=[3] merged=[1, 3]
