# start rate=20 seed=4 dur=420 n=7 target=3 events=86
12.2 fp=[7] true=[3] merged=[3, 7]
12.5 fp=[7] true=[3] merged=[3, 7]
12.9 fp=[7] true=[3] merged=[3, 7]
13.2 fp=[7] true=[3] merged=[3, 7]
13.5 fp=[7] true=[3] merged=[3, 7]
13.8 fp=[7] true=[3] merged=[3, 7]
14.1 fp=[6] true=[3] merged=[3, 6]
14.4 fp=[6] true=[3] merged=[3, 6]
14.7 fp=[6] true=[3] merged=[3, 6]
15.0 fp=[6] true=[3] merged=[3, 6]
15.4 fp=[6] true=[3] merged=[3, 6]
15.7 fp=[6] true=[3] merged=[3, 6]
16.0 fp=[6] true=[3] merged=[3, 6]
16.3 fp=[6] true=[3] merged=[3, 6]
16.6 fp=[6] true=[3] merged=[3, 6]
16.9 fp=[6] true=[3] merged=[3, 6]
17.2 fp=[6] true=[3] merged=[3, 6]
17.6 fp=[6] true=[3] merged=[3, 6]
17.9 fp=[6] true=[3] merged=[3, 6]
18.2 fp=[6] true=[3] merged=[3, 6]
18.5 fp=[6] true=[3] merged=[3, 6]
18.8 fp=[6] true=[3] merged=[3, 6]
19.1 fp=[4] true=[3] merged=[3, 4]
19.4 fp=[4] true=[3] merged=[3, 4]
19.8 fp=[4] true=[3] merged=[3, 4]
20.1 fp=[4] true=[3] merged=[3, 4]
20.4 fp=[4] true=[3] merged=[3, 4]
20.7 fp=[4] true=[3] merged=[3, 4]
21.0 fp=[4] true=[3] merged=[3, 4]
21.3 fp=[4] true=[3] merged=[3, 4]
21.6 fp=[4] true=[3] merged=[3, 4]
21.9 fp=[4] true=[3] merged=[3, 4]
22.2 fp=[4] true=[3] merged=[3, 4]
22.6 fp=[4] true=[3] merged=[3, 4]
22.9 fp=[4] true=[3] merged=[3, 4]
23.2 fp=[4] true=[3] merged=[3, 4]
23.5 fp=[4] true=[3] merged=[3, 4]
23.8 fp=[4] true=[3] merged=[3, 4]
24.2 fp=[4] true=[3] merged=[3, 4]
24.5 fp=[4] true=[3] merged=[3, 4]
24.8 fp=[4] true=[3] merged=[3, 4]
25.1 fp=[4] true=[3] merged=[3, 4]
25.4 fp=[4] true=[3] merged=[3, 4]
25.7 fp=[4] true=[3] merged=[3, 4]
26.1 fp=[4] true=[3] merged=[3, 4]
26.4 fp=[4] true=[3] merged=[3, 4]
26.7 fp=[4] true=[3] merged=[3, 4]
27.0 fp=[4] true=[3] merged=[3, 4]
27.3 fp=[4] true=[3] merged=[3, 4]
27.7 fp=[4] true=[3] merged=[3, 4]
28.0 fp=[4] true=[3] merged=[3, 4]
28.3 fp=[4] true=[3] merged=[3, 4]
28.6 fp=[4] true=[3] merged=[3, 4]
28.9 fp=[4] true=[3] merged=[3, 4]
29.2 fp=[4] true=[3] merged=[3, 4]
29.5 fp=[4] true=[3] merged=[3, 4]
29.9 fp=[4] true=[3] merged=[3, 4]
30.2 fp=[4] true=[3] merged=[3, 4]
30.5 fp=[4] true=[3] merged=[3, 4]
30.8 fp=[4] true=[3] merged=[3, 4]
31.1 fp=[1] true=[3] merged=[1, 3]
31.4 fp=[1] true=[3] merged=[1, 3]
31.7 fp=[1] true=[3] merged=[1, 3]
32.1 fp=[1] true=[3] merged=[1, 3]
32.4 fp=[1] true=[3] merged=[1, 3]
32.7 fp=[1] true=[3] merged=[1, 3]
33.1 fp=[1] true=[3] merged=[1, 3]
33.4 fp=[1] true=[3] merged=[1, 3]
33.7 fp=[1] true=[3] merged=[1, 3]
34.0 fp=[1] true=[3] merged=[1, 3]
34.3 fp=[1] true=[3] merged=[1, 3]
34.6 fp=[1] true=[3] merged=[1, 3]
34.9 fp=[1] true=[3] merged=[1, 3]
35.2 fp=[1] true=[3] merged=[1, 3]
35.6 fp=[1] true=[3] merged=[1, 3]
35.9 fp=[1] true=[3] merged=[1, 3]
36.2 fp=[1] true=[3] merged=[1, 3]
36.5 fp=[1] true=[3] merged=[1, 3]
36.9 fp=[1] true=[3] merged=[1, 3]
37.2 fp=[1] true=[3] merged=[1, 3]
37.5 fp=[1] true=[3] merged=[1, 3]
37.8 fp=[1] true=[3] merged=[1, 3]
38.1 fp=[1] true=[3] merged=[1, 3]
38.5 fp=[1] true=[3] merged=[1, 3]
38.8 fp=[1] true=[3] merged=[1, 3]
39.1 fp=[1] true=[3] merged=[1, 3]
39.4 fp=[1] true=[3] merged=[1, 3]
39.7 fp=[1] true=[3] merged=[1, 3]
40.0 fp=[1] true=[3] merged=[1, 3]
40.3 fp=[1] true=[3] merged=[1, 3]
40.7 fp=[1] true=[3] merged=[1, 3]
41.0 fp=[1] true=[3] merged=[1, 3]
41.3 fp=[1] true=[3] merged=[1, 3]
41.6 fp=[1] true=[3] merged=[1, 3]
41.9 fp=[1] true=[3] merged=[1, 3]
42.2 fp=[1] true=[3] merged=[1, 3]
42.5 fp=[1] true=[3] merged=[1, 3]
42.8 fp=[1] true=[3] merged=[1, 3]
43.2 fp=[1] true=[3] merged=[1, 3]
43.5 fp=[1] true=[3] merged=[1, 3]
43.8 fp=[1] true=[3] merged=[1, 3]
44.1 fp=[1] true=[3] merged=[1, 3]
44.4 fp=[1] true=[3] merged=[1, 3]
44.7 fp=[1] true=[3] merged=[1, 3]
45.0 fp=[1] true=[3] merged=[1, 3]
45.4 fp=[1] true=[3] merged=[1, 3]
45.7 fp=[1] true=[3] merged=[1, 3]
46.0 fp=[1] true=[3] merged=[1, 3]
46.3 fp=[1] true=[3] merged=[1, 3]
46.6 fp=[1] true=[3] merged=[1, 3]
46.9 fp=[1] true=[3] merged=[1, 3]
47.2 fp=[1] true=[3] merged=[1, 3]
47.5 fp=[1] true=[3] merged=[1, 3]
47.8 fp=[1] true=[3] merged=[1, 3]
48.1 fp=[1] true=[3] merged=[1, 3]
48.5 fp=[1] true=[3] merged=[1, 3]
48.8 fp=[1] true=[3] merged=[1, 3]
49.1 fp=[1] true=[3] merged=[1, 3]
49.4 fp=[1] true=[3] merged=[1, 3]
49.7 fp=[1] true=[3] merged=[1, 3]
50.1 fp=[1] true=[3] merged=[1, 3]
50.4 fp=[1] true=[3] merged=[1, 3]
50.7 fp=[1] true=[3] merged=[1, 3]
51.0 fp=[1] true=[3] merged=[1, 3]
51.3 fp=[2] true=[3] merged=[2, 3]
51.7 fp=[2] true=[3] merged=[2, 3]
52.0 fp=[2] true=[3] merged=[2, 3]
52.3 fp=[2] true=[3] merged=[2, 3]
52.6 fp=[2] true=[3] merged=[2, 3]
52.9 fp=[2] true=[3] merged=[2, 3]
53.2 fp=[2] true=[3] merged=[2, 3]
53.5 fp=[2] true=[3] merged=[2, 3]
53.8 fp=[2] true=[3] merged=[2, 3]
54.2 fp=[2] true=[3] merged=[2, 3]
54.5 fp=[2] true=[3] merged=[2, 3]
54.8 fp=[2] true=[3] merged=[2, 3]
55.1 fp=[2] true=[3] merged=[2, 3]
55.4 fp=[2] true=[3] merged=[2, 3]
55.7 fp=[2] true=[3] merged=[2, 3]
56.0 fp=[2] true=[3] merged=[2, 3]
56.3 fp=[2] true=[3] merged=[2, 3]
56.7 fp=[2] true=[3] merged=[2, 3]
57.0 fp=[2] true=[3] merged=[2, 3]
57.3 fp=[2] true=[3] merged=[2, 3]
57.6 fp=[2] true=[3] merged=[2, 3]
57.9 fp=[2] true=[3] merged=[2, 3]
58.2 fp=[2] true=[3] merged=[2, 3]
58.6 fp=[2] true=[3] merged=[2, 3]
58.9 fp=[2] true=[3] merged=[2, 3]
59.2 fp=[2] true=[3] merged=[2, 3]
59.5 fp=[2] true=[3] merged=[2, 3]
59.8 fp=[2] true=[3] merged=[2, 3]
60.1 fp=[2] true=[3] merged=[2, 3]
60.4 fp=[2] true=[3] merged=[2, 3]
60.7 fp=[2] true=[3] merged=[2, 3]
61.1 fp=[1] true=[3] merged=[1, 3]
61.4 fp=[1] true=[3] merged=[1, 3]
61.7 fp=[1] true=[3] merged=[1, 3]
62.0 fp=[1] true=[3] merged=[1, 3]
62.3 fp=[1] true=[3] merged=[1, 3]
62.6 fp=[1] true=[3] merged=[1, 3]
62.9 fp=[1] true=[3] merged=[1, 3]
63.3 fp=[1] true=[3] merged=[1, 3]
63.6 fp=[1] true=[3] merged=[1, 3]
63.9 fp=[1] true=[3] merged=[1, 3]
64.2 fp=[1] true=[3] merged=[1, 3]
64.5 fp=[1] true=[3] merged=[1, 3]
64.8 fp=[1] true=[3] merged=[1, 3]
65.1 fp=[1] true=[3] merged=[1, 3]
65.4 fp=[1] true=[3] merged=[1, 3]
65.7 fp=[1] true=[3] merged=[1, 3]
66.0 fp=[1] true=[3] merged=[1, 3]
66.4 fp=[1] true=[3] merged=[1, 3]
66.7 fp=[1] true=[3] merged=[1, 3]
67.0 fp=[1] true=[3] merged=[1, 3]
67.3 fp=[1] true=[3] merged=[1, 3]
67.6 fp=[1] true=[3] merged=[1, 3]
67.9 fp=[1] true=[3] merged=[1, 3]
68.2 fp=[1] true=[3] merged=[1, 3]
68.5 fp=[1] true=[3] merged=[1, 3]
68.9 fp=[1] true=[3] merged=[1, 3]
69.2 fp=[1] true=[3] merged=[1, 3]
69.5 fp=[1] true=[3] merged=[1, 3]
69.8 fp=[1] true=[3] merged=[1, 3]
70.1 fp=[1] true=[3] merged=[1, 3]
70.4 fp=[1] true=[3] merged=[1, 3]
70.7 fp=[1] true=[3] merged=[1, 3]
71.0 fp=[1] true=[3] merged=[1, 3]
71.3 fp=[1] true=[3] merged=[1, 3]
71.7 fp=[1] true=[3] merged=[1, 3]
72.0 fp=[1] true=[3] merged=[1, 3]
72.3 fp=[1] true=[3] merged=[1, 3]
72.6 fp=[1] true=[3] merged=[1, 3]
72.9 fp=[1] true=[3] merged=[1, 3]
73.2 fp=[1] true=[3] merged=[1, 3]
73.5 fp=[1] true=[3] merged=[1, 3]
73.8 fp=[1] true=[3] merged=[1, 3]
74.2 fp=[1] true=[3] merged=[1, 3]
74.5 fp=[1] true=[3] merged=[1, 3]
74.8 fp=[1] true=[3] merged=[1, 3]
75.1 fp=[1] true=[3] merged=[1, 3]
75.4 fp=[1] true=[3] merged=[1, 3]
75.7 fp=[1] true=[3] merged=[1, 3]
76.0 fp=[1] true=[3] merged=[1, 3]
76.4 fp=[1] true=[3] merged=[1, 3]
76.7 fp=[1] true=[3] merged=[1, 3]
77.0 fp=[1] true=[3] merged=[1, 3]
77.3 fp=[1] true=[3] merged=[1, 3]
77.6 fp=[1] true=[3] merged=[1, 3]
77.9 fp=[1] true=[3] merged=[1, 3]
78.2 fp=[1] true=[3] merged=[1, 3]
78.5 fp=[1] true=[3] merged=[1, 3]
78.9 fp=[1] true=[3] merged=[1, 3]
79.2 fp=[1] true=[3] merged=[1, 3]
79.5 fp=[1] true=[3] merged=[1, 3]
79.8 fp=[1] true=[3] merged=[1, 3]
80.1 fp=[1] true=[3] merged=[1, 3]
80.4 fp=[1] true=[3] merged=[1, 3]
80.7 fp=[1] true=[3] merged=[1, 3]
81.0 fp=[1] true=[3] merged=[1, 3]
81.3 fp=[1] true=[3] merged=[1, 3]
81.6 fp=[1] true=[3] merged=[1, 3]
82.0 fp=[1] true=[3] merged=[1, 3]
82.3 fp=[1] true=[3] merged=[1, 3]
82.6 fp=[1] true=[3] merged=[1, 3]
82.9 fp=[1] true=[3] merged=[1, 3]
83.2 fp=[1] true=[3] merged=[1, 3]
83.5 fp=[1] true=[3] merged=[1, 3]
83.8 fp=[1] true=[3] merged=[1, 3]
84.1 fp=[1] true=[3] merged=[1, 3]
84.5 fp=[1] true=[3] merged=[1, 3]
84.8 fp=[1] true=[3] merged=[1, 3]
85.1 fp=[1] true=[3] merged=[1, 3]
85.4 fp=[1] true=[3] merged=[1, 3]
85.7 fp=[1] true=[3] merged=[1, 3]
86.0 fp=[1] true=[3] merged=[1, 3]
86.3 fp=[1] true=[3] merged=[1, 3]
86.6 fp=[1] true=[3] merged=[1, 3]
87.0 fp=[1] true=[3] merged=[1, 3]
87.3 fp=[1] true=[3] merged=[1, 3]
87.6 fp=[1] true=[3] merged=[1, 3]
87.9 fp=[1] true=[3] merged=[1, 3]
88.2 fp=[1] true=[3] merged=[1, 3]
88.5 fp=[1] true=[3] merged=[1, 3]
88.8 fp=[1] true=[3] merged=[1, 3]
89.1 fp=[1] true=[3] merged=[1, 3]
89.4 fp=[1] true=[3] merged=[1, 3]
89.8 fp=[1] true=[3] merged=[1, 3]
90.1 fp=[1] true=[3] merged=[1, 3]
90.4 fp=[1] true=[3] merged=[1, 3]
90.7 fp=[1] true=[3] merged=[1, 3]
91.0 fp=[1] true=[3] merged=[1, 3]
91.3 fp=[1] true=[3] merged=[1, 3]
91.6 fp=[1] true=[3] merged=[1, 3]
91.9 fp=[1] true=[3] merged=[1, 3]
92.3 fp=[1] true=[3] merged=[1, 3]
92.6 fp=[1] true=[3] merged=[1, 3]
92.9 fp=[1] true=[3] merged=[1, 3]
93.2 fp=[1] true=[3] merged=[1, 3]
93.5 fp=[1] true=[3] merged=[1, 3]
93.8 fp=[1] true=[3] merged=[1, 3]
94.1 fp=[1] true=[3] merged=[1, 3]
94.4 fp=[1] true=[3] merged=[1, 3]
94.7 fp=[1] true=[3] merged=[1, 3]
95.1 fp=[2] true=[3] merged=[2, 3]
95.4 fp=[2] true=[3] merged=[2, 3]
95.7 fp=[2] true=[3] merged=[2, 3]
96.0 fp=[2] true=[3] merged=[2, 3]
96.3 fp=[2] true=[3] merged=[2, 3]
96.6 fp=[2] true=[3] merged=[2, 3]
96.9 fp=[2] true=[3] merged=[2, 3]
97.3 fp=[2] true=[3] merged=[2, 3]
97.6 fp=[2] true=[3] merged=[2, 3]
97.9 fp=[2] true=[3] merged=[2, 3]
98.2 fp=[2] true=[3] merged=[2, 3]
98.5 fp=[2] true=[3] merged=[2, 3]
98.8 fp=[2] true=[3] merged=[2, 3]
99.1 fp=[2] true=[3] merged=[2, 3]
99.5 fp=[2] true=[3] merged=[2, 3]
99.8 fp=[2] true=[3] merged=[2, 3]
100.1 fp=[2] true=[3] merged=[2, 3]
100.4 fp=[2] true=[3] merged=[2, 3]
100.7 fp=[2] true=[3] merged=[2, 3]
101.1 fp=[2] true=[3] merged=[2, 3]
101.4 fp=[2] true=[3] merged=[2, 3]
101.7 fp=[2] true=[3] merged=[2, 3]
102.0 fp=[2] true=[3] merged=[2, 3]
102.3 fp=[2] true=[3] merged=[2, 3]
102.6 fp=[2] true=[3] merged=[2, 3]
102.9 fp=[2] true=[3] merged=[2, 3]
103.2 fp=[2] true=[3] merged=[2, 3]
103.5 fp=[2] true=[3] merged=[2, 3]
103.9 fp=[2] true=[3] merged=[2, 3]
104.2 fp=[2] true=[3] merged=[2, 3]
104.5 fp=[2] true=[3] merged=[2, 3]
104.8 fp=[2] true=[3] merged=[2, 3]
105.1 fp=[2] true=[3] merged=[2, 3]
105.4 fp=[2] true=[3] merged=[2, 3]
105.7 fp=[2] true=[3] merged=[2, 3]
106.0 fp=[2] true=[3] merged=[2, 3]
106.3 fp=[2] true=[3] merged=[2, 3]
106.7 fp=[2] true=[3] merged=[2, 3]
107.0 fp=[2] true=[3] merged=[2, 3]
107.3 fp=[2] true=[3] merged=[2, 3]
107.6 fp=[2] true=[3] merged=[2, 3]
107.9 fp=[2] true=[3] merged=[2, 3]
108.2 fp=[1] true=[3] merged=[1, 3]
108.5 fp=[1] true=[3] merged=[1, 3]
108.9 fp=[1] true=[3] merged=[1, 3]
109.2 fp=[1] true=[3] merged=[1, 3]
109.5 fp=[1] true=[3] merged=[1, 3]
109.8 fp=[1] true=[3] merged=[1, 3]
110.1 fp=[1] true=[3] merged=[1, 3]
110.4 fp=[1] true=[3] merged=[1, 3]
110.7 fp=[1] true=[3] merged=[1, 3]
111.0 fp=[1] true=[3] merged=[1, 3]
111.4 fp=[1] true=[3] merged=[1, 3]
111.7 fp=[1] true=[3] merged=[1, 3]
112.0 fp=[1] true=[3] merged=[1, 3]
112.3 fp=[1] true=[3] merged=[1, 3]
112.6 fp=[1] true=[3] merged=[1, 3]
112.9 fp=[1] true=[3] merged=[1, 3]
113.2 fp=[1] true=[3] merged=[1, 3]
113.5 fp=[1] true=[3] merged=[1, 3]
113.8 fp=[1] true=[3] merged=[1, 3]
114.2 fp=[1] true=[3] merged=[1, 3]
114.5 fp=[1] true=[3] merged=[1, 3]
114.8 fp=[1] true=[3] merged=[1, 3]
115.1 fp=[1] true=[3] merged=[1, 3]
115.4 fp=[1] true=[3] merged=[1, 3]
115.7 fp=[1] true=[3] merged=[1, 3]
116.0 fp=[1] true=[3] merged=[1, 3]
116.4 fp=[1] true=[3] merged=[1, 3]
116.7 fp=[1] true=[3] merged=[1, 3]
117.0 fp=[1] true=[3] merged=[1, 3]
117.3 fp=[1] true=[3] merged=[1, 3]
117.6 fp=[1] true=[3] merged=[1, 3]
117.9 fp=[1] true=[3] merged=[1, 3]
118.2 fp=[1] true=[3] merged=[1, 3]
118.5 fp=[1] true=[3] merged=[1, 3]
118.8 fp=[1] true=[3] merged=[1, 3]
119.2 fp=[1] true=[3] merged=[1, 3]
119.5 fp=[1] true=[3] merged=[1, 3]
119.8 fp=[1] true=[3] merged=[1, 3]
120.1 fp=[1] true=[3] merged=[1, 3]
120.4 fp=[1] true=[3] merged=[1, 3]
120.7 fp=[1] true=[3] merged=[1, 3]
121.1 fp=[1] true=[3] merged=[1, 3]
121.4 fp=[1] true=[3] merged=[1, 3]
121.7 fp=[1] true=[3] merged=[1, 3]
122.0 fp=[1] true=[3] merged=[1, 3]
122.3 fp=[1] true=[3] merged=[1, 3]
122.6 fp=[1] true=[3] merged=[1, 3]
122.9 fp=[1] true=[3] merged=[1, 3]
123.2 fp=[1] true=[3] merged=[1, 3]
123.5 fp=[1] true=[3] merged=[1, 3]
123.9 fp=[1] true=[3] merged=[1, 3]
124.2 fp=[1] true=[3] merged=[1, 3]
124.5 fp=[1] true=[3] merged=[1, 3]
124.8 fp=[1] true=[3] merged=[1, 3]
125.1 fp=[1] true=[3] merged=[1, 3]
125.4 fp=[1] true=[3] merged=[1, 3]
125.8 fp=[1] true=[3] merged=[1, 3]
126.1 fp=[1] true=[3] merged=[1, 3]
126.4 fp=[1] true=[3] merged=[1, 3]
126.7 fp=[1] true=[3] merged=[1, 3]
127.0 fp=[1] true=[3] merged=[1, 3]
127.3 fp=[1] true=[3] merged=[1, 3]
127.6 fp=[1] true=[3] merged=[1, 3]
128.0 fp=[1] true=[3] merged=[1, 3]
128.3 fp=[4] true=[3] merged=[3, 4]
128.6 fp=[4] true=[3] merged=[3, 4]
128.9 fp=[4] true=[3] merged=[3, 4]
129.2 fp=[4] true=[3] merged=[3, 4]
129.5 fp=[4] true=[3] merged=[3, 4]
129.8 fp=[4] true=[3] merged=[3, 4]
130.2 fp=[4] true=[3] merged=[3, 4]
130.5 fp=[4] true=[3] merged=[3, 4]
130.8 fp=[4] true=[3] merged=[3, 4]
131.1 fp=[4] true=[3] merged=[3, 4]
131.4 fp=[4] true=[3] merged=[3, 4]
131.8 fp=[4] true=[3] merged=[3, 4]
132.1 fp=[4] true=[3] merged=[3, 4]
132.4 fp=[4] true=[3] merged=[3, 4]
132.7 fp=[4] true=[3] merged=[3, 4]
133.0 fp=[4] true=[3] merged=[3, 4]
133.3 fp=[4] true=[3] merged=[3, 4]
133.6 fp=[4] true=[3] merged=[3, 4]
134.0 fp=[4] true=[3] merged=[3, 4]
134.3 fp=[4] true=[3] merged=[3, 4]
134.6 fp=[4] true=[3] merged=[3, 4]
134.9 fp=[4] true=[3] merged=[3, 4]
135.2 fp=[2] true=[3] merged=[2, 3]
135.5 fp=[2] true=[3] merged=[2, 3]
135.8 fp=[2] true=[3] merged=[2, 3]
136.1 fp=[2] true=[3] merged=[2, 3]
136.5 fp=[2] true=[3] merged=[2, 3]
136.8 fp=[2] true=[3] merged=[2, 3]
137.1 fp=[2] true=[3] merged=[2, 3]
137.4 fp=[2] true=[3] merged=[2, 3]
137.7 fp=[2] true=[3] merged=[2, 3]
138.0 fp=[2] true=[3] merged=[2, 3]
138.3 fp=[2] true=[3] merged=[2, 3]
138.6 fp=[2] true=[3] merged=[2, 3]
138.9 fp=[2] true=[3] merged=[2, 3]
139.3 fp=[2] true=[3] merged=[2, 3]
139.6 fp=[2] true=[3] merged=[2, 3]
139.9 fp=[2] true=[3] merged=[2, 3]
140.2 fp=[2] true=[3] merged=[2, 3]
140.5 fp=[2] true=[3] merged=[2, 3]
140.8 fp=[2] true=[3] merged=[2, 3]
141.1 fp=[2] true=[3] merged=[2, 3]
141.4 fp=[2] true=[3] merged=[2, 3]
141.8 fp=[2] true=[3] merged=[2, 3]
142.1 fp=[2] true=[3] merged=[2, 3]
142.4 fp=[2] true=[3] merged=[2, 3]
142.7 fp=[2] true=[3] merged=[2, 3]
143.0 fp=[2] true=[3] merged=[2, 3]
143.3 fp=[2] true=[3] merged=[2, 3]
143.6 fp=[2] true=[3] merged=[2, 3]
143.9 fp=[2] true=[3] merged=[2, 3]
144.3 fp=[2] true=[3] merged=[2, 3]
144.6 fp=[2] true=[3] merged=[2, 3]
144.9 fp=[2] true=[3] merged=[2, 3]
145.2 fp=[2] true=[3] merged=[2, 3]
145.5 fp=[2] true=[3] merged=[2, 3]
145.8 fp=[2] true=[3] merged=[2, 3]
146.1 fp=[2] true=[3] merged=[2, 3]
146.5 fp=[2] true=[3] merged=[2, 3]
146.8 fp=[2] true=[3] merged=[2, 3]
147.1 fp=[2] true=[3] merged=[2, 3]
147.4 fp=[2] true=[3] merged=[2, 3]
147.7 fp=[2] true=[3] merged=[2, 3]
148.0 fp=[2] true=[3] merged=[2, 3]
148.4 fp=[2] true=[3] merged=[2, 3]
148.7 fp=[2] true=[3] merged=[2, 3]
149.0 fp=[2] true=[3] merged=[2, 3]
149.3 fp=[2] true=[3] merged=[2, 3]
149.6 fp=[2] true=[3] merged=[2, 3]
149.9 fp=[2] true=[3] merged=[2, 3]
150.2 fp=[2] true=[3] merged=[2, 3]
150.6 fp=[2] true=[3] merged=[2, 3]
150.9 fp=[2] true=[3] merged=[2, 3]
151.2 fp=[2] true=[3] merged=[2, 3]
151.5 fp=[2] true=[3] merged=[2, 3]
151.8 fp=[2] true=[3] merged=[2, 3]
152.1 fp=[2] true=[3] merged=[2, 3]
152.4 fp=[2] true=[3] merged=[2, 3]
152.7 fp=[2] true=[3] merged=[2, 3]
153.0 fp=[2] true=[3] merged=[2, 3]
153.4 fp=[2] true=[3] merged=[2, 3]
153.7 fp=[2] true=[3] merged=[2, 3]
154.0 fp=[2] true=[3] merged=[2, 3]
154.3 fp=[2] true=[3] merged=[2, 3]
154.6 fp=[2] true=[3] merged=[2, 3]
154.9 fp=[2] true=[3] merged=[2, 3]
155.3 fp=[2] true=[3] merged=[2, 3]
155.6 fp=[2] true=[3] merged=[2, 3]
155.9 fp=[2] true=[3] merged=[2, 3]
156.2 fp=[2] true=[3] merged=[2, 3]
156.5 fp=[2] true=[3] merged=[2, 3]
156.8 fp=[2] true=[3] merged=[2, 3]
157.1 fp=[2] true=[3] merged=[2, 3]
157.5 fp=[2] true=[3] merged=[2, 3]
157.8 fp=[2] true=[3] merged=[2, 3]
158.1 fp=[2] true=[3] merged=[2, 3]
158.4 fp=[2] true=[3] merged=[2, 3]
158.7 fp=[2] true=[3] merged=[2, 3]
159.0 fp=[2] true=[3] merged=[2, 3]
159.3 fp=[2] true=[3] merged=[2, 3]
159.6 fp=[2] true=[3] merged=[2, 3]
159.9 fp=[2] true=[3] merged=[2, 3]
160.2 fp=[2] true=[3] merged=[2, 3]
160.6 fp=[2] true=[3] merged=[2, 3]
160.9 fp=[2] true=[3] merged=[2, 3]
161.2 fp=[2] true=[3] merged=[2, 3]
161.5 fp=[2] true=[3] merged=[2, 3]
161.8 fp=[2] true=[3] merged=[2, 3]
162.1 fp=[2] true=[3] merged=[2, 3]
162.4 fp=[2] true=[3] merged=[2, 3]
162.8 fp=[2] true=[3] merged=[2, 3]
163.1 fp=[2] true=[3] merged=[2, 3]
163.4 fp=[2] true=[3] merged=[2, 3]
163.7 fp=[2] true=[3] merged=[2, 3]
164.0 fp=[2] true=[3] merged=[2, 3]
164.3 fp=[2] true=[3] merged=[2, 3]
164.7 fp=[2] true=[3] merged=[2, 3]
165.0 fp=[2] true=[3] merged=[2, 3]
165.3 fp=[2] true=[3] merged=[2, 3]
165.6 fp=[2] true=[3] merged=[2, 3]
165.9 fp=[2] true=[3] merged=[2, 3]
166.2 fp=[2] true=[3] merged=[2, 3]
166.6 fp=[2] true=[3] merged=[2, 3]
166.9 fp=[2] true=[3] merged=[2, 3]
167.2 fp=[2] true=[3] merged=[2, 3]
167.5 fp=[2] true=[3] merged=[2, 3]
167.8 fp=[2] true=[3] merged=[2, 3]
168.1 fp=[2] true=[3] merged=[2, 3]
168.4 fp=[2] true=[3] merged=[2, 3]
168.8 fp=[2] true=[3] merged=[2, 3]
169.1 fp=[2] true=[3] merged=[2, 3]
169.4 fp=[2] true=[3] merged=[2, 3]
169.7 fp=[2] true=[3] merged=[2, 3]
170.0 fp=[2] true=[3] merged=[2, 3]
170.3 fp=[2] true=[3] merged=[2, 3]
170.7 fp=[2] true=[3] merged=[2, 3]
171.0 fp=[2] true=[3] merged=[2, 3]
171.3 fp=[2] true=[3] merged=[2, 3]
171.6 fp=[2] true=[3] merged=[2, 3]
171.9 fp=[2] true=[3] merged=[2, 3]
172.2 fp=[2] true=[3] merged=[2, 3]
172.6 fp=[2] true=[3] merged=[2, 3]
172.9 fp=[2] true=[3] merged=[2, 3]
173.2 fp=[2] true=[3] merged=[2, 3]
173.5 fp=[2] true=[3] merged=[2, 3]
173.8 fp=[2] true=[3] merged=[2, 3]
174.1 fp=[2] true=[3] merged=[2, 3]
174.4 fp=[2] true=[3] merged=[2, 3]
174.7 fp=[2] true=[3] merged=[2, 3]
175.0 fp=[2] true=[3] merged=[2, 3]
175.3 fp=[2] true=[3] merged=[2, 3]
175.7 fp=[2] true=[3] merged=[2, 3]
176.0 fp=[2] true=[3] merged=[2, 3]
176.3 fp=[4] true=[3] merged=[3, 4]
176.6 fp=[4] true=[3] merged=[3, 4]
176.9 fp=[4] true=[3] merged=[3, 4]
177.2 fp=[4] true=[3] merged=[3, 4]
177.5 fp=[4] true=[3] merged=[3, 4]
177.9 fp=[4] true=[3] merged=[3, 4]
178.2 fp=[4] true=[3] merged=[3, 4]
178.5 fp=[4] true=[3] merged=[3, 4]
178.8 fp=[4] true=[3] merged=[3, 4]
179.1 fp=[4] true=[3] merged=[3, 4]
179.4 fp=[4] true=[3] merged=[3, 4]
179.7 fp=[4] true=[3] merged=[3, 4]
180.1 fp=[4] true=[3] merged=[3, 4]
180.4 fp=[4] true=[3] merged=[3, 4]
180.7 fp=[4] true=[3] merged=[3, 4]
181.0 fp=[4] true=[3] merged=[3, 4]
181.3 fp=[5] true=[3] merged=[3, 5]
181.6 fp=[5] true=[3] merged=[3, 5]
181.9 fp=[5] true=[3] merged=[3, 5]
182.2 fp=[5] true=[3] merged=[3, 5]
182.5 fp=[5] true=[3] merged=[3, 5]
182.8 fp=[5] true=[3] merged=[3, 5]
183.2 fp=[7] true=[3] merged=[3, 7]
183.5 fp=[7] true=[3] merged=[3, 7]
183.8 fp=[7] true=[3] merged=[3, 7]
184.1 fp=[7] true=[3] merged=[3, 7]
184.4 fp=[7] true=[3] merged=[3, 7]
184.7 fp=[7] true=[3] merged=[3, 7]
185.0 fp=[7] true=[3] merged=[3, 7]
185.3 fp=[7] true=[3] merged=[3, 7]
185.7 fp=[7] true=[3] merged=[3, 7]
186.0 fp=[7] true=[3] merged=[3, 7]
186.3 fp=[7] true=[3] merged=[3, 7]
186.6 fp=[7] true=[3] merged=[3, 7]
186.9 fp=[7] true=[3] merged=[3, 7]
187.2 fp=[7] true=[3] merged=[3, 7]
187.5 fp=[7] true=[3] merged=[3, 7]
187.9 fp=[7] true=[3] merged=[3, 7]
188.2 fp=[7] true=[3] merged=[3, 7]
188.5 fp=[7] true=[3] merged=[3, 7]
188.8 fp=[7] true=[3] merged=[3, 7]
189.1 fp=[4] true=[3] merged=[3, 4]
189.4 fp=[4] true=[3] merged=[3, 4]
189.7 fp=[4] true=[3] merged=[3, 4]
190.1 fp=[4] true=[3] merged=[3, 4]
190.4 fp=[4] true=[3] merged=[3, 4]
190.7 fp=[4] true=[3] merged=[3, 4]
191.0 fp=[4] true=[3] merged=[3, 4]
191.3 fp=[4] true=[3] merged=[3, 4]
191.6 fp=[4] true=[3] merged=[3, 4]
191.9 fp=[4] true=[3] merged=[3, 4]
192.2 fp=[4] true=[3] merged=[3, 4]
192.6 fp=[4] true=[3] merged=[3, 4]
192.9 fp=[4] true=[3] merged=[3, 4]
193.2 fp=[4] true=[3] merged=[3, 4]
193.5 fp=[4] true=[3] merged=[3, 4]
193.8 fp=[4] true=[3] merged=[3, 4]
194.1 fp=[4] true=[3] merged=[3, 4]
194.4 fp=[4] true=[3] merged=[3, 4]
194.8 fp=[4] true=[3] merged=[3, 4]
195.1 fp=[4] true=[3] merged=[3, 4]
195.4 fp=[4] true=[3] merged=[3, 4]
195.7 fp=[4] true=[3] merged=[3, 4]
196.0 fp=[4] true=[3] merged=[3, 4]
196.3 fp=[4] true=[3] merged=[3, 4]
196.6 fp=[4] true=[3] merged=[3, 4]
196.9 fp=[4] true=[3] merged=[3, 4]
197.3 fp=[4] true=[3] merged=[3, 4]
197.6 fp=[4] true=[3] merged=[3, 4]
197.9 fp=[4] true=[3] merged=[3, 4]
198.2 fp=[4] true=[3] merged=[3, 4]
198.5 fp=[4] true=[3] merged=[3, 4]
198.8 fp=[4] true=[3] merged=[3, 4]
199.1 fp=[4] true=[3] merged=[3, 4]
199.4 fp=[4] true=[3] merged=[3, 4]
199.8 fp=[4] true=[3] merged=[3, 4]
200.1 fp=[4] true=[3] merged=[3, 4]
200.4 fp=[4] true=[3] merged=[3, 4]
200.7 fp=[4] true=[3] merged=[3, 4]
201.0 fp=[4] true=[3] merged=[3, 4]
201.3 fp=[4] true=[3] merged=[3, 4]
201.6 fp=[4] true=[3] merged=[3, 4]
202.0 fp=[4] true=[3] merged=[3, 4]
202.3 fp=[1] true=[3] merged=[1, 3]
202.6 fp=[1] true=[3] merged=[1, 3]
202.9 fp=[1] true=[3] merged=[1, 3]
203.2 fp=[1] true=[3] merged=[1, 3]
203.5 fp=[1] true=[3] merged=[1, 3]
203.8 fp=[1] true=[3] merged=[1, 3]
204.1 fp=[1] true=[3] merged=[1, 3]
204.5 fp=[1] true=[3] merged=[1, 3]
204.8 fp=[1] true=[3] merged=[1, 3]
205.1 fp=[1] true=[3] merged=[1, 3]
205.4 fp=[1] true=[3] merged=[1, 3]
205.7 fp=[1] true=[3] merged=[1, 3]
206.0 fp=[1] true=[3] merged=[1, 3]
206.3 fp=[1] true=[3] merged=[1, 3]
206.6 fp=[1] true=[3] merged=[1, 3]
206.9 fp=[1] true=[3] merged=[1, 3]
207.3 fp=[1] true=[3] merged=[1, 3]
207.6 fp=[1] true=[3] merged=[1, 3]
207.9 fp=[1] true=[3] merged=[1, 3]
208.2 fp=[1] true=[3] merged=[1, 3]
208.5 fp=[1] true=[3] merged=[1, 3]
208.8 fp=[1] true=[3] merged=[1, 3]
209.1 fp=[1] true=[3] merged=[1, 3]
209.5 fp=[1] true=[3] merged=[1, 3]
209.8 fp=[1] true=[3] merged=[1, 3]
210.1 fp=[1] true=[3] merged=[1, 3]
210.4 fp=[1] true=[3] merged=[1, 3]
210.7 fp=[1] true=[3] merged=[1, 3]
211.0 fp=[1] true=[3] merged=[1, 3]
211.3 fp=[1] true=[3] merged=[1, 3]
211.6 fp=[1] true=[3] merged=[1, 3]
211.9 fp=[1] true=[3] merged=[1, 3]
212.3 fp=[1] true=[3] merged=[1, 3]
212.6 fp=[1] true=[3] merged=[1, 3]
212.9 fp=[1] true=[3] merged=[1, 3]
213.2 fp=[1] true=[3] merged=[1, 3]
213.5 fp=[1] true=[3] merged=[1, 3]
213.8 fp=[1] true=[3] merged=[1, 3]
214.1 fp=[1] true=[3] merged=[1, 3]
214.4 fp=[1] true=[3] merged=[1, 3]
214.7 fp=[1] true=[3] merged=[1, 3]
215.1 fp=[1] true=[3] merged=[1, 3]
215.4 fp=[1] true=[3] merged=[1, 3]
215.7 fp=[1] true=[3] merged=[1, 3]
216.0 fp=[1] true=[3] merged=[1, 3]
216.3 fp=[1] true=[3] merged=[1, 3]
216.6 fp=[1] true=[3] merged=[1, 3]
216.9 fp=[1] true=[3] merged=[1, 3]
217.3 fp=[1] true=[3] merged=[1, 3]
217.6 fp=[1] true=[3] merged=[1, 3]
217.9 fp=[1] true=[3] merged=[1, 3]
218.2 fp=[1] true=[3] merged=[1, 3]
218.5 fp=[1] true=[3] merged=[1, 3]
218.9 fp=[1] true=[3] merged=[1, 3]
219.2 fp=[1] true=[3] merged=[1, 3]
219.5 fp=[1] true=[3] merged=[1, 3]
219.8 fp=[1] true=[3] merged=[1, 3]
220.1 fp=[1] true=[3] merged=[1, 3]
220.4 fp=[1] true=[3] merged=[1, 3]
220.7 fp=[1] true=[3] merged=[1, 3]
221.1 fp=[1] true=[3] merged=[1, 3]
221.4 fp=[1] true=[3] merged=[1, 3]
221.7 fp=[1] true=[3] merged=[1, 3]
222.0 fp=[1] true=[3] merged=[1, 3]
222.3 fp=[2] true=[3] merged=[2, 3]
222.6 fp=[2] true=[3] merged=[2, 3]
222.9 fp=[2] true=[3] merged=[2, 3]
223.2 fp=[2] true=[3] merged=[2, 3]
223.5 fp=[2] true=[3] merged=[2, 3]
223.9 fp=[2] true=[3] merged=[2, 3]
224.2 fp=[2] true=[3] merged=[2, 3]
224.5 fp=[2] true=[3] merged=[2, 3]
224.8 fp=[2] true=[3] merged=[2, 3]
225.1 fp=[2] true=[3] merged=[2, 3]
225.4 fp=[2] true=[3] merged=[2, 3]
225.8 fp=[2] true=[3] merged=[2, 3]
226.1 fp=[2] true=[3] merged=[2, 3]
226.4 fp=[2] true=[3] merged=[2, 3]
226.7 fp=[2] true=[3] merged=[2, 3]
227.0 fp=[2] true=[3] merged=[2, 3]
227.3 fp=[2] true=[3] merged=[2, 3]
227.6 fp=[2] true=[3] merged=[2, 3]
227.9 fp=[2] true=[3] merged=[2, 3]
228.2 fp=[2] true=[3] merged=[2, 3]
228.6 fp=[2] true=[3] merged=[2, 3]
228.9 fp=[2] true=[3] merged=[2, 3]
229.2 fp=[2] true=[3] merged=[2, 3]
229.5 fp=[2] true=[3] merged=[2, 3]
229.8 fp=[2] true=[3] merged=[2, 3]
230.1 fp=[2] true=[3] merged=[2, 3]
230.5 fp=[2] true=[3] merged=[2, 3]
230.8 fp=[2] true=[3] merged=[2, 3]
231.1 fp=[2] true=[3] merged=[2, 3]
231.4 fp=[2] true=[3] merged=[2, 3]
231.7 fp=[2] true=[3] merged=[2, 3]
232.0 fp=[5] true=[3] merged=[3, 5]
232.3 fp=[5] true=[3] merged=[3, 5]
232.6 fp=[5] true=[3] merged=[3, 5]
233.0 fp=[5] true=[3] merged=[3, 5]
233.3 fp=[5] true=[3] merged=[3, 5]
233.6 fp=[5] true=[3] merged=[3, 5]
233.9 fp=[5] true=[3] merged=[3, 5]
234.2 fp=[5] true=[3] merged=[3, 5]
234.5 fp=[5] true=[3] merged=[3, 5]
234.9 fp=[5] true=[3] merged=[3, 5]
235.2 fp=[5] true=[3] merged=[3, 5]
235.5 fp=[5] true=[3] merged=[3, 5]
235.8 fp=[5] true=[3] merged=[3, 5]
236.1 fp=[5] true=[3] merged=[3, 5]
236.4 fp=[5] true=[3] merged=[3, 5]
236.7 fp=[5] true=[3] merged=[3, 5]
237.1 fp=[5] true=[3] merged=[3, 5]
237.4 fp=[5] true=[3] merged=[3, 5]
237.7 fp=[5] true=[3] merged=[3, 5]
238.0 fp=[5] true=[3] merged=[3, 5]
238.3 fp=[5] true=[3] merged=[3, 5]
238.6 fp=[5] true=[3] merged=[3, 5]
238.9 fp=[5] true=[3] merged=[3, 5]
239.3 fp=[5] true=[3] merged=[3, 5]
239.6 fp=[5] true=[3] merged=[3, 5]
239.9 fp=[5] true=[3] merged=[3, 5]
240.2 fp=[5] true=[3] merged=[3, 5]
240.5 fp=[5] true=[3] merged=[3, 5]
240.8 fp=[5] true=[3] merged=[3, 5]
241.1 fp=[2] true=[3] merged=[2, 3]
241.4 fp=[2] true=[3] merged=[2, 3]
241.7 fp=[2] true=[3] merged=[2, 3]
242.1 fp=[2] true=[3] merged=[2, 3]
242.4 fp=[2] true=[3] merged=[2, 3]
242.7 fp=[2] true=[3] merged=[2, 3]
243.0 fp=[2] true=[3] merged=[2, 3]
243.3 fp=[2] true=[3] merged=[2, 3]
243.6 fp=[2] true=[3] merged=[2, 3]
243.9 fp=[2] true=[3] merged=[2, 3]
244.3 fp=[2] true=[3] merged=[2, 3]
244.6 fp=[2] true=[3] merged=[2, 3]
244.9 fp=[2] true=[3] merged=[2, 3]
245.2 fp=[2] true=[3] merged=[2, 3]
245.5 fp=[2] true=[3] merged=[2, 3]
245.8 fp=[2] true=[3] merged=[2, 3]
246.1 fp=[2] true=[3] merged=[2, 3]
246.4 fp=[2] true=[3] merged=[2, 3]
246.7 fp=[2] true=[3] merged=[2, 3]
247.1 fp=[2] true=[3] merged=[2, 3]
247.4 fp=[2] true=[3] merged=[2, 3]
247.7 fp=[2] true=[3] merged=[2, 3]
248.0 fp=[2] true=[3] merged=[2, 3]
248.3 fp=[2] true=[3] merged=[2, 3]
248.6 fp=[2] true=[3] merged=[2, 3]
248.9 fp=[2] true=[3] merged=[2, 3]
249.2 fp=[2] true=[3] merged=[2, 3]
249.6 fp=[2] true=[3] merged=[2, 3]
249.9 fp=[2] true=[3] merged=[2, 3]
250.2 fp=[2] true=[3] merged=[2, 3]
250.5 fp=[2] true=[3] merged=[2, 3]
250.8 fp=[2] true=[3] merged=[2, 3]
251.1 fp=[2] true=[3] merged=[2, 3]
251.4 fp=[2] true=[3] merged=[2, 3]
251.7 fp=[2] true=[3] merged=[2, 3]
252.0 fp=[2] true=[3] merged=[2, 3]
252.4 fp=[2] true=[3] merged=[2, 3]
252.7 fp=[2] true=[3] merged=[2, 3]
253.0 fp=[2] true=[3] merged=[2, 3]
253.3 fp=[2] true=[3] merged=[2, 3]
253.6 fp=[2] true=[3] merged=[2, 3]
253.9 fp=[2] true=[3] merged=[2, 3]
254.2 fp=[2] true=[3] merged=[2, 3]
254.6 fp=[2] true=[3] merged=[2, 3]
254.9 fp=[2] true=[3] merged=[2, 3]
255.2 fp=[2] true=[3] merged=[2, 3]
255.5 fp=[2] true=[3] merged=[2, 3]
255.8 fp=[2] true=[3] merged=[2, 3]
256.1 fp=[2] true=[3] merged=[2, 3]
256.4 fp=[2] true=[3] merged=[2, 3]
256.7 fp=[2] true=[3] merged=[2, 3]
257.1 fp=[2] true=[3] merged=[2, 3]
257.4 fp=[2] true=[3] merged=[2, 3]
257.7 fp=[2] true=[3] merged=[2, 3]
258.0 fp=[2] true=[3] merged=[2, 3]
258.3 fp=[2] true=[3] merged=[2, 3]
258.6 fp=[2] true=[3] merged=[2, 3]
259.0 fp=[2] true=[3] merged=[2, 3]
259.3 fp=[2] true=[3] merged=[2, 3]
259.6 fp=[2] true=[3] merged=[2, 3]
259.9 fp=[2] true=[3] merged=[2, 3]
260.2 fp=[2] true=[3] merged=[2, 3]
260.5 fp=[2] true=[3] merged=[2, 3]
260.8 fp=[2] true=[3] merged=[2, 3]
261.1 fp=[7] true=[3] merged=[3, 7]
261.5 fp=[7] true=[3] merged=[3, 7]
261.8 fp=[7] true=[3] merged=[3, 7]
262.1 fp=[6] true=[3] merged=[3, 6]
262.4 fp=[6] true=[3] merged=[3, 6]
262.7 fp=[6] true=[3] merged=[3, 6]
263.1 fp=[6] true=[3] merged=[3, 6]
263.4 fp=[6] true=[3] merged=[3, 6]
263.7 fp=[6] true=[3] merged=[3, 6]
264.0 fp=[6] true=[3] merged=[3, 6]
264.3 fp=[6] true=[3] merged=[3, 6]
264.6 fp=[6] true=[3] merged=[3, 6]
265.0 fp=[6] true=[3] merged=[3, 6]
265.3 fp=[6] true=[3] merged=[3, 6]
265.6 fp=[6] true=[3] merged=[3, 6]
265.9 fp=[6] true=[3] merged=[3, 6]
266.2 fp=[6] true=[3] merged=[3, 6]
266.5 fp=[6] true=[3] merged=[3, 6]
266.8 fp=[6] true=[3] merged=[3, 6]
267.1 fp=[6] true=[3] merged=[3, 6]
267.5 fp=[6] true=[3] merged=[3, 6]
267.8 fp=[6] true=[3] merged=[3, 6]
268.1 fp=[2] true=[3] merged=[2, 3]
268.4 fp=[2] true=[3] merged=[2, 3]
268.7 fp=[2] true=[3] merged=[2, 3]
269.0 fp=[2] true=[3] merged=[2, 3]
269.3 fp=[2] true=[3] merged=[2, 3]
269.6 fp=[2] true=[3] merged=[2, 3]
270.0 fp=[2] true=[3] merged=[2, 3]
270.3 fp=[2] true=[3] merged=[2, 3]
270.6 fp=[2] true=[3] merged=[2, 3]
270.9 fp=[2] true=[3] merged=[2, 3]
271.2 fp=[2] true=[3] merged=[2, 3]
271.6 fp=[2] true=[3] merged=[2, 3]
271.9 fp=[2] true=[3] merged=[2, 3]
272.2 fp=[2] true=[3] merged=[2, 3]
272.5 fp=[2] true=[3] merged=[2, 3]
272.8 fp=[2] true=[3] merged=[2, 3]
273.1 fp=[2] true=[3] merged=[2, 3]
273.4 fp=[2] true=[3] merged=[2, 3]
273.7 fp=[2] true=[3] merged=[2, 3]
274.1 fp=[2] true=[3] merged=[2, 3]
274.4 fp=[2] true=[3] merged=[2, 3]
274.7 fp=[2] true=[3] merged=[2, 3]
275.0 fp=[2] true=[3] merged=[2, 3]
275.4 fp=[2] true=[3] merged=[2, 3]
275.7 fp=[2] true=[3] merged=[2, 3]
276.0 fp=[2] true=[3] merged=[2, 3]
276.3 fp=[2] true=[3] merged=[2, 3]
276.6 fp=[2] true=[3] merged=[2, 3]
276.9 fp=[2] true=[3] merged=[2, 3]
277.3 fp=[2] true=[3] merged=[2, 3]
277.6 fp=[2] true=[3] merged=[2, 3]
277.9 fp=[2] true=[3] merged=[2, 3]
278.2 fp=[2] true=[3] merged=[2, 3]
278.5 fp=[2] true=[3] merged=[2, 3]
278.8 fp=[2] true=[3] merged=[2, 3]
279.1 fp=[2] true=[3] merged=[2, 3]
279.5 fp=[2] true=[3] merged=[2, 3]
279.8 fp=[2] true=[3] merged=[2, 3]
280.1 fp=[2] true=[3] merged=[2, 3]
280.4 fp=[2] true=[3] merged=[2, 3]
280.7 fp=[2] true=[3] merged=[2, 3]
281.0 fp=[2] true=[3] merged=[2, 3]
281.3 fp=[2] true=[3] merged=[2, 3]
281.6 fp=[2] true=[3] merged=[2, 3]
282.0 fp=[2] true=[3] merged=[2, 3]
282.3 fp=[2] true=[3] merged=[2, 3]
282.6 fp=[2] true=[3] merged=[2, 3]
282.9 fp=[2] true=[3] merged=[2, 3]
283.2 fp=[2] true=[3] merged=[2, 3]
283.5 fp=[2] true=[3] merged=[2, 3]
283.8 fp=[2] true=[3] merged=[2, 3]
284.2 fp=[2] true=[3] merged=[2, 3]
284.5 fp=[2] true=[3] merged=[2, 3]
284.8 fp=[2] true=[3] merged=[2, 3]
285.1 fp=[2] true=[3] merged=[2, 3]
285.4 fp=[2] true=[3] merged=[2, 3]
285.7 fp=[2] true=[3] merged=[2, 3]
286.0 fp=[2] true=[3] merged=[2, 3]
286.3 fp=[2] true=[3] merged=[2, 3]
286.6 fp=[2] true=[3] merged=[2, 3]
287.0 fp=[2] true=[3] merged=[2, 3]
287.3 fp=[2] true=[3] merged=[2, 3]
287.6 fp=[2] true=[3] merged=[2, 3]
287.9 fp=[2] true=[3] merged=[2, 3]
288.2 fp=[2] true=[3] merged=[2, 3]
288.5 fp=[2] true=[3] merged=[2, 3]
288.8 fp=[2] true=[3] merged=[2, 3]
289.1 fp=[2] true=[3] merged=[2, 3]
289.5 fp=[2] true=[3] merged=[2, 3]
289.8 fp=[2] true=[3] merged=[2, 3]
290.1 fp=[2] true=[3] merged=[2, 3]
290.4 fp=[2] true=[3] merged=[2, 3]
290.7 fp=[2] true=[3] merged=[2, 3]
291.0 fp=[2] true=[3] merged=[2, 3]
291.3 fp=[2] true=[3] merged=[2, 3]
291.6 fp=[2] true=[3] merged=[2, 3]
292.0 fp=[2] true=[3] merged=[2, 3]
292.3 fp=[2] true=[3] merged=[2, 3]
292.6 fp=[2] true=[3] merged=[2, 3]
292.9 fp=[2] true=[3] merged=[2, 3]
293.2 fp=[2] true=[3] merged=[2, 3]
293.5 fp=[2] true=[3] merged=[2, 3]
293.8 fp=[2] true=[3] merged=[2, 3]
294.1 fp=[2] true=[3] merged=[2, 3]
294.4 fp=[2] true=[3] merged=[2, 3]
294.8 fp=[2] true=[3] merged=[2, 3]
295.1 fp=[2] true=[3] merged=[2, 3]
295.4 fp=[2] true=[3] merged=[2, 3]
295.7 fp=[2] true=[3] merged=[2, 3]
296.0 fp=[2] true=[3] merged=[2, 3]
296.3 fp=[2] true=[3] merged=[2, 3]
296.6 fp=[2] true=[3] merged=[2, 3]
296.9 fp=[2] true=[3] merged=[2, 3]
297.2 fp=[2] true=[3] merged=[2, 3]
297.6 fp=[2] true=[3] merged=[2, 3]
297.9 fp=[2] true=[3] merged=[2, 3]
298.2 fp=[2] true=[3] merged=[2, 3]
298.5 fp=[2] true=[3] merged=[2, 3]
298.8 fp=[2] true=[3] merged=[2, 3]
299.1 fp=[2] true=[3] merged=[2, 3]
299.4 fp=[2] true=[3] merged=[2, 3]
299.7 fp=[2] true=[3] merged=[2, 3]
300.1 fp=[2] true=[3] merged=[2, 3]
300.4 fp=[2] true=[3] merged=[2, 3]
300.7 fp=[2] true=[3] merged=[2, 3]
301.0 fp=[2] true=[3] merged=[2, 3]
301.3 fp=[2] true=[3] merged=[2, 3]
301.6 fp=[2] true=[3] merged=[2, 3]
301.9 fp=[2] true=[3] merged=[2, 3]
302.2 fp=[2] true=[3] merged=[2, 3]
302.5 fp=[2] true=[3] merged=[2, 3]
302.9 fp=[2] true=[3] merged=[2, 3]
303.2 fp=[2] true=[3] merged=[2, 3]
303.5 fp=[2] true=[3] merged=[2, 3]
303.8 fp=[2] true=[3] merged=[2, 3]
304.1 fp=[2] true=[3] merged=[2, 3]
304.4 fp=[2] true=[3] merged=[2, 3]
304.7 fp=[2] true=[3] merged=[2, 3]
305.0 fp=[2] true=[3] merged=[2, 3]
305.3 fp=[2] true=[3] merged=[2, 3]
305.6 fp=[2] true=[3] merged=[2, 3]
306.0 fp=[2] true=[3] merged=[2, 3]
306.3 fp=[2] true=[3] merged=[2, 3]
306.6 fp=[2] true=[3] merged=[2, 3]
306.9 fp=[2] true=[3] merged=[2, 3]
307.2 fp=[2] true=[3] merged=[2, 3]
307.5 fp=[2] true=[3] merged=[2, 3]
307.8 fp=[2] true=[3] merged=[2, 3]
308.2 fp=[2] true=[3] merged=[2, 3]
308.5 fp=[2] true=[3] merged=[2, 3]
308.8 fp=[2] true=[3] merged=[2, 3]
309.1 fp=[4] true=[3] merged=[3, 4]
309.4 fp=[4] true=[3] merged=[3, 4]
309.7 fp=[4] true=[3] merged=[3, 4]
310.0 fp=[4] true=[3] merged=[3, 4]
310.3 fp=[4] true=[3] merged=[3, 4]
310.6 fp=[4] true=[3] merged=[3, 4]
310.9 fp=[4] true=[3] merged=[3, 4]
311.3 fp=[4] true=[3] merged=[3, 4]
311.6 fp=[4] true=[3] merged=[3, 4]
311.9 fp=[4] true=[3] merged=[3, 4]
312.2 fp=[4] true=[3] merged=[3, 4]
312.5 fp=[4] true=[3] merged=[3, 4]
312.8 fp=[4] true=[3] merged=[3, 4]
313.2 fp=[4] true=[3] merged=[3, 4]
313.5 fp=[4] true=[3] merged=[3, 4]
313.8 fp=[4] true=[3] merged=[3, 4]
314.1 fp=[4] true=[3] merged=[3, 4]
314.4 fp=[4] true=[3] merged=[3, 4]
314.7 fp=[4] true=[3] merged=[3, 4]
315.0 fp=[4] true=[3] merged=[3, 4]
315.3 fp=[4] true=[3] merged=[3, 4]
315.6 fp=[4] true=[3] merged=[3, 4]
316.0 fp=[4] true=[3] merged=[3, 4]
316.3 fp=[4] true=[3] merged=[3, 4]
316.6 fp=[4] true=[3] merged=[3, 4]
316.9 fp=[4] true=[3] merged=[3, 4]
317.2 fp=[4] true=[3] merged=[3, 4]
317.5 fp=[4] true=[3] merged=[3, 4]
317.8 fp=[4] true=[3] merged=[3, 4]
318.2 fp=[4] true=[3] merged=[3, 4]
318.5 fp=[4] true=[3] merged=[3, 4]
318.8 fp=[4] true=[3] merged=[3, 4]
319.1 fp=[4] true=[3] merged=[3, 4]
319.4 fp=[4] true=[3] merged=[3, 4]
319.7 fp=[4] true=[3] merged=[3, 4]
320.1 fp=[4] true=[3] merged=[3, 4]
320.4 fp=[4] true=[3] merged=[3, 4]
320.7 fp=[4] true=[3] merged=[3, 4]
321.0 fp=[4] true=[3] merged=[3, 4]
321.3 fp=[4] true=[3] merged=[3, 4]
321.6 fp=[4] true=[3] merged=[3, 4]
321.9 fp=[4] true=[3] merged=[3, 4]
322.2 fp=[4] true=[3] merged=[3, 4]
322.6 fp=[4] true=[3] merged=[3, 4]
322.9 fp=[4] true=[3] merged=[3, 4]
323.2 fp=[4] true=[3] merged=[3, 4]
323.5 fp=[4] true=[3] merged=[3, 4]
323.8 fp=[4] true=[3] merged=[3, 4]
324.1 fp=[4] true=[3] merged=[3, 4]
324.4 fp=[4] true=[3] merged=[3, 4]
324.7 fp=[4] true=[3] merged=[3, 4]
325.0 fp=[1] true=[3] merged=[1, 3]
325.4 fp=[1] true=[3] merged=[1, 3]
325.7 fp=[1] true=[3] merged=[1, 3]
326.0 fp=[1] true=[3] merged=[1, 3]
326.3 fp=[1] true=[3] merged=[1, 3]
326.6 fp=[1] true=[3] merged=[1, 3]
326.9 fp=[1] true=[3] merged=[1, 3]
327.2 fp=[1] true=[3] merged=[1, 3]
327.6 fp=[1] true=[3] merged=[1, 3]
327.9 fp=[1] true=[3] merged=[1, 3]
328.2 fp=[1] true=[3] merged=[1, 3]
328.5 fp=[1] true=[3] merged=[1, 3]
328.8 fp=[1] true=[3] merged=[1, 3]
329.1 fp=[1] true=[3] merged=[1, 3]
329.4 fp=[1] true=[3] merged=[1, 3]
329.8 fp=[1] true=[3] merged=[1, 3]
330.1 fp=[1] true=[3] merged=[1, 3]
330.4 fp=[1] true=[3] merged=[1, 3]
330.7 fp=[1] true=[3] merged=[1, 3]
331.0 fp=[1] true=[3] merged=[1, 3]
331.3 fp=[1] true=[3] merged=[1, 3]
331.6 fp=[1] true=[3] merged=[1, 3]
332.0 fp=[1] true=[3] merged=[1, 3]
332.3 fp=[1] true=[3] merged=[1, 3]
332.6 fp=[1] true=[3] merged=[1, 3]
332.9 fp=[1] true=[3] merged=[1, 3]
333.2 fp=[1] true=[3] merged=[1, 3]
333.5 fp=[1] true=[3] merged=[1, 3]
333.8 fp=[1] true=[3] merged=[1, 3]
334.1 fp=[1] true=[3] merged=[1, 3]
334.5 fp=[1] true=[3] merged=[1, 3]
334.8 fp=[1] true=[3] merged=[1, 3]
335.1 fp=[1] true=[3] merged=[1, 3]
335.4 fp=[1] true=[3] merged=[1, 3]
335.7 fp=[1] true=[3] merged=[1, 3]
336.0 fp=[1] true=[3] merged=[1, 3]
336.4 fp=[1] true=[3] merged=[1, 3]
336.7 fp=[1] true=[3] merged=[1, 3]
337.0 fp=[1] true=[3] merged=[1, 3]
337.3 fp=[1] true=[3] merged=[1, 3]
337.7 fp=[1] true=[3] merged=[1, 3]
338.0 fp=[1] true=[3] merged=[1, 3]
338.3 fp=[1] true=[3] merged=[1, 3]
338.6 fp=[1] true=[3] merged=[1, 3]
338.9 fp=[1] true=[3] merged=[1, 3]
339.2 fp=[1] true=[3] merged=[1, 3]
339.5 fp=[1] true=[3] merged=[1, 3]
339.8 fp=[1] true=[3] merged=[1, 3]
340.2 fp=[1] true=[3] merged=[1, 3]
340.5 fp=[1] true=[3] merged=[1, 3]
340.8 fp=[1] true=[3] merged=[1, 3]
341.1 fp=[1] true=[3] merged=[1, 3]
341.4 fp=[1] true=[3] merged=[1, 3]
341.7 fp=[1] true=[3] merged=[1, 3]
342.0 fp=[1] true=[3] merged=[1, 3]
342.3 fp=[1] true=[3] merged=[1, 3]
342.6 fp=[1] true=[3] merged=[1, 3]
343.0 fp=[1] true=[3] merged=[1, 3]
343.3 fp=[1] true=[3] merged=[1, 3]
343.6 fp=[1] true=[3] merged=[1, 3]
343.9 fp=[1] true=[3] merged=[1, 3]
344.2 fp=[1] true=[3] merged=[1, 3]
344.5 fp=[1] true=[3] merged=[1, 3]
344.8 fp=[1] true=[3] merged=[1, 3]
345.1 fp=[6] true=[3] merged=[3, 6]
345.4 fp=[6] true=[3] merged=[3, 6]
345.7 fp=[6] true=[3] merged=[3, 6]
346.1 fp=[6] true=[3] merged=[3, 6]
346.4 fp=[6] true=[3] merged=[3, 6]
346.7 fp=[6] true=[3] merged=[3, 6]
347.0 fp=[6] true=[3] merged=[3, 6]
347.3 fp=[6] true=[3] merged=[3, 6]
347.6 fp=[6] true=[3] merged=[3, 6]
347.9 fp=[6] true=[3] merged=[3, 6]
348.2 fp=[6] true=[3] merged=[3, 6]
348.5 fp=[6] true=[3] merged=[3, 6]
348.9 fp=[6] true=[3] merged=[3, 6]
349.2 fp=[4] true=[3] merged=[3, 4]
349.5 fp=[4] true=[3] merged=[3, 4]
349.8 fp=[4] true=[3] merged=[3, 4]
350.1 fp=[4] true=[3] merged=[3, 4]
350.5 fp=[4] true=[3] merged=[3, 4]
350.8 fp=[4] true=[3] merged=[3, 4]
351.1 fp=[4] true=[3] merged=[3, 4]
351.4 fp=[4] true=[3] merged=[3, 4]
351.7 fp=[4] true=[3] merged=[3, 4]
352.0 fp=[4] true=[3] merged=[3, 4]
352.3 fp=[4] true=[3] merged=[3, 4]
352.6 fp=[4] true=[3] merged=[3, 4]
353.0 fp=[4] true=[3] merged=[3, 4]
353.3 fp=[4] true=[3] merged=[3, 4]
353.6 fp=[4] true=[3] merged=[3, 4]
353.9 fp=[4] true=[3] merged=[3, 4]
354.2 fp=[2] true=[3] merged=[2, 3]
354.5 fp=[2] true=[3] merged=[2, 3]
354.8 fp=[2] true=[3] merged=[2, 3]
355.1 fp=[2] true=[3] merged=[2, 3]
355.5 fp=[2] true=[3] merged=[2, 3]
355.8 fp=[2] true=[3] merged=[2, 3]
356.1 fp=[2] true=[3] merged=[2, 3]
356.4 fp=[2] true=[3] merged=[2, 3]
356.7 fp=[2] true=[3] merged=[2, 3]
357.0 fp=[2] true=[3] merged=[2, 3]
357.3 fp=[2] true=[3] merged=[2, 3]
357.7 fp=[2] true=[3] merged=[2, 3]
358.0 fp=[2] true=[3] merged=[2, 3]
358.3 fp=[2] true=[3] merged=[2, 3]
358.6 fp=[2] true=[3] merged=[2, 3]
358.9 fp=[2] true=[3] merged=[2, 3]
359.2 fp=[2] true=[3] merged=[2, 3]
359.5 fp=[2] true=[3] merged=[2, 3]
359.8 fp=[2] true=[3] merged=[2, 3]
360.2 fp=[2] true=[3] merged=[2, 3]
360.5 fp=[2] true=[3] merged=[2, 3]
360.8 fp=[2] true=[3] merged=[2, 3]
361.1 fp=[1] true=[3] merged=[1, 3]
361.4 fp=[1] true=[3] merged=[1, 3]
361.7 fp=[1] true=[3] merged=[1, 3]
362.0 fp=[1] true=[3] merged=[1, 3]
362.3 fp=[1] true=[3] merged=[1, 3]
362.7 fp=[1] true=[3] merged=[1, 3]
363.0 fp=[1] true=[3] merged=[1, 3]
363.3 fp=[1] true=[3] merged=[1, 3]
363.6 fp=[1] true=[3] merged=[1, 3]
363.9 fp=[1] true=[3] merged=[1, 3]
364.2 fp=[1] true=[3] merged=[1, 3]
364.5 fp=[1] true=[3] merged=[1, 3]
364.9 fp=[1] true=[3] merged=[1, 3]
365.2 fp=[1] true=[3] merged=[1, 3]
365.5 fp=[1] true=[3] merged=[1, 3]
365.8 fp=[1] true=[3] merged=[1, 3]
366.1 fp=[1] true=[3] merged=[1, 3]
366.4 fp=[1] true=[3] merged=[1, 3]
366.7 fp=[1] true=[3] merged=[1, 3]
367.0 fp=[1] true=[3] merged=[1, 3]
367.4 fp=[1] true=[3] merged=[1, 3]
367.7 fp=[1] true=[3] merged=[1, 3]
368.0 fp=[1] true=[3] merged=[1, 3]
368.3 fp=[1] true=[3] merged=[1, 3]
368.6 fp=[1] true=[3] merged=[1, 3]
368.9 fp=[1] true=[3] merged=[1, 3]
369.2 fp=[1] true=[3] merged=[1, 3]
369.5 fp=[1] true=[3] merged=[1, 3]
369.8 fp=[1] true=[3] merged=[1, 3]
370.2 fp=[1] true=[3] merged=[1, 3]
370.5 fp=[1] true=[3] merged=[1, 3]
370.8 fp=[1] true=[3] merged=[1, 3]
371.1 fp=[1] true=[3] merged=[1, 3]
371.4 fp=[1] true=[3] merged=[1, 3]
371.7 fp=[1] true=[3] merged=[1, 3]
372.0 fp=[1] true=[3] merged=[1, 3]
372.3 fp=[1] true=[3] merged=[1, 3]
372.6 fp=[1] true=[3] merged=[1, 3]
373.0 fp=[1] true=[3] merged=[1, 3]
373.3 fp=[1] true=[3] merged=[1, 3]
373.6 fp=[1] true=[3] merged=[1, 3]
373.9 fp=[1] true=[3] merged=[1, 3]
374.2 fp=[1] true=[3] merged=[1, 3]
374.5 fp=[1] true=[3] merged=[1, 3]
374.8 fp=[1] true=[3] merged=[1, 3]
375.1 fp=[1] true=[3] merged=[1, 3]
375.5 fp=[1] true=[3] merged=[1, 3]
375.8 fp=[1] true=[3] merged=[1, 3]
376.1 fp=[1] true=[3] merged=[1, 3]
376.4 fp=[1] true=[3] merged=[1, 3]
376.7 fp=[1] true=[3] merged=[1, 3]
377.0 fp=[1] true=[3] merged=[1, 3]
377.3 fp=[1] true=[3] merged=[1, 3]
377.7 fp=[1] true=[3] merged=[1, 3]
378.0 fp=[1] true=[3] merged=[1, 3]
378.3 fp=[1] true=[3] merged=[1, 3]
378.6 fp=[1] true=[3] merged=[1, 3]
378.9 fp=[1] true=[3] merged=[1, 3]
379.2 fp=[1] true=[3] merged=[1, 3]
379.5 fp=[1] true=[3] merged=[1, 3]
379.9 fp=[1] true=[3] merged=[1, 3]
380.2 fp=[1] true=[3] merged=[1, 3]
380.5 fp=[1] true=[3] merged=[1, 3]
380.8 fp=[1] true=[3] merged=[1, 3]
381.1 fp=[1] true=[3] merged=[1, 3]
381.4 fp=[1] true=[3] merged=[1, 3]
381.7 fp=[1] true=[3] merged=[1, 3]
382.1 fp=[1] true=[3] merged=[1, 3]
382.4 fp=[1] true=[3] merged=[1, 3]
382.7 fp=[1] true=[3] merged=[1, 3]
383.0 fp=[1] true=[3] merged=[1, 3]
383.3 fp=[1] true=[3] merged=[1, 3]
383.6 fp=[1] true=[3] merged=[1, 3]
383.9 fp=[1] true=[3] merged=[1, 3]
384.2 fp=[1] true=[3] merged=[1, 3]
384.6 fp=[1] true=[3] merged=[1, 3]
384.9 fp=[1] true=[3] merged=[1, 3]
385.2 fp=[1] true=[3] merged=[1, 3]
385.5 fp=[1] true=[3] merged=[1, 3]
385.8 fp=[1] true=[3] merged=[1, 3]
386.1 fp=[2] true=[3] merged=[2, 3]
386.4 fp=[2] true=[3] merged=[2, 3]
386.7 fp=[2] true=[3] merged=[2, 3]
387.1 fp=[2] true=[3] merged=[2, 3]
387.4 fp=[2] true=[3] merged=[2, 3]
387.7 fp=[2] true=[3] merged=[2, 3]
388.0 fp=[2] true=[3] merged=[2, 3]
