2026.08.25-08:10:22.418 info  [caliper] [cli-launch-manager] 	Binding specification is present, performing binding for "fabric:fabric-gateway"
2026.08.25-08:10:22.420 warn  [caliper] [bind] 	Working directory is not specified. Current path: "/hyperledger/caliper/workspace"
2026.08.25-08:10:22.420 info  [caliper] [bind] 	User-provided arguments for npm: "-g"
2026.08.25-08:10:22.420 info  [caliper] [bind] 	Binding for fabric@fabric-gateway. This might take some time...
2026.08.25-08:10:22.420 info  [caliper] [bind] 	Using working directory: /hyperledger/caliper/workspace
2026.08.25-08:10:22.420 info  [caliper] [bind] 	Calling npm with: install -g @hyperledger/fabric-gateway@1.5.0 @grpc/grpc-js@1.10.3

added 82 packages in 5s

4 packages are looking for funding
  run `npm fund` for details
npm notice 
npm notice New major version of npm available! 10.2.4 -> 12.0.2
npm notice Changelog: <https://github.com/npm/cli/releases/tag/v12.0.2>
npm notice Run `npm install -g npm@12.0.2` to update!
npm notice 
2026.08.25-08:10:27.549 info  [caliper] [cli-launch-manager] 	Set workspace path: /hyperledger/caliper/workspace
2026.08.25-08:10:27.550 info  [caliper] [cli-launch-manager] 	Set benchmark configuration path: /hyperledger/caliper/workspace/benchmarks/belowceiling-sweep.yaml
2026.08.25-08:10:27.550 info  [caliper] [cli-launch-manager] 	Set network configuration path: /hyperledger/caliper/workspace/networks/fabric-5node.yaml
2026.08.25-08:10:27.550 info  [caliper] [cli-launch-manager] 	Set SUT type: fabric
2026.08.25-08:10:27.554 info  [caliper] [benchmark-validator] 	No observer specified, will default to `none`
2026.08.25-08:10:27.554 info  [caliper] [caliper-engine] 	Starting benchmark flow
2026.08.25-08:10:27.554 info  [caliper] [caliper-engine] 	Skipping start commands due to benchmark flow conditioning
2026.08.25-08:10:27.555 info  [caliper] [caliper-engine] 	Skipping initialization phase due to benchmark flow conditioning
2026.08.25-08:10:27.555 info  [caliper] [caliper-engine] 	Skipping install smart contract phase due to benchmark flow conditioning
2026.08.25-08:10:27.845 info  [caliper] [FabricConnectorFactory] 	Initializing peer gateway connector compatible with installed fabric-gateway SDK: 1.5.0
2026.08.25-08:10:27.889 info  [caliper] [IdentityManager] 	Adding User1 (admin=false) as User1 for organization Org1MSP
2026.08.25-08:10:27.897 info  [caliper] [IdentityManager] 	Adding User1 (admin=false) as _Org2MSP_User1 for organization Org2MSP
2026.08.25-08:10:27.899 info  [caliper] [monitor.js] 	No resource monitors specified
2026.08.25-08:10:27.900 info  [caliper] [default-observer] 	Observer interval set to 5000 milliseconds
2026.08.25-08:10:27.902 info  [caliper] [round-orchestrator] 	Preparing worker connections
2026.08.25-08:10:27.902 info  [caliper] [worker-orchestrator] 	Launching worker 1 of 4
2026.08.25-08:10:27.904 info  [caliper] [worker-orchestrator] 	Launching worker 2 of 4
2026.08.25-08:10:27.905 info  [caliper] [worker-orchestrator] 	Launching worker 3 of 4
2026.08.25-08:10:27.906 info  [caliper] [worker-orchestrator] 	Launching worker 4 of 4
2026.08.25-08:10:27.907 info  [caliper] [worker-orchestrator] 	Messenger not configured, entering configure phase...
2026.08.25-08:10:27.907 info  [caliper] [worker-orchestrator] 	No existing workers detected, entering worker launch phase...
2026.08.25-08:10:27.907 info  [caliper] [worker-orchestrator] 	Waiting for 4 workers to be connected...
2026.08.25-08:10:28.132 info  [caliper] [cli-launch-worker] 	Worker is a locally forked process, skipping the binding step, already performed by the manager process
2026.08.25-08:10:28.132 info  [caliper] [cli-launch-worker] 	Worker is a locally forked process, skipping the binding step, already performed by the manager process
2026.08.25-08:10:28.133 info  [caliper] [cli-launch-worker] 	Set workspace path: /hyperledger/caliper/workspace
2026.08.25-08:10:28.133 info  [caliper] [cli-launch-worker] 	Set workspace path: /hyperledger/caliper/workspace
2026.08.25-08:10:28.133 info  [caliper] [cli-launch-worker] 	Set benchmark configuration path: /hyperledger/caliper/workspace/benchmarks/belowceiling-sweep.yaml
2026.08.25-08:10:28.133 info  [caliper] [cli-launch-worker] 	Set benchmark configuration path: /hyperledger/caliper/workspace/benchmarks/belowceiling-sweep.yaml
2026.08.25-08:10:28.133 info  [caliper] [cli-launch-worker] 	Set network configuration path: /hyperledger/caliper/workspace/networks/fabric-5node.yaml
2026.08.25-08:10:28.133 info  [caliper] [cli-launch-worker] 	Set network configuration path: /hyperledger/caliper/workspace/networks/fabric-5node.yaml
2026.08.25-08:10:28.133 info  [caliper] [cli-launch-worker] 	Set SUT type: fabric
2026.08.25-08:10:28.133 info  [caliper] [cli-launch-worker] 	Set SUT type: fabric
2026.08.25-08:10:28.134 info  [caliper] [cli-launch-worker] 	Worker is a locally forked process, skipping the binding step, already performed by the manager process
2026.08.25-08:10:28.135 info  [caliper] [cli-launch-worker] 	Set workspace path: /hyperledger/caliper/workspace
2026.08.25-08:10:28.135 info  [caliper] [cli-launch-worker] 	Set benchmark configuration path: /hyperledger/caliper/workspace/benchmarks/belowceiling-sweep.yaml
2026.08.25-08:10:28.135 info  [caliper] [cli-launch-worker] 	Worker is a locally forked process, skipping the binding step, already performed by the manager process
2026.08.25-08:10:28.135 info  [caliper] [cli-launch-worker] 	Set network configuration path: /hyperledger/caliper/workspace/networks/fabric-5node.yaml
2026.08.25-08:10:28.135 info  [caliper] [cli-launch-worker] 	Set SUT type: fabric
2026.08.25-08:10:28.135 info  [caliper] [cli-launch-worker] 	Set workspace path: /hyperledger/caliper/workspace
2026.08.25-08:10:28.136 info  [caliper] [cli-launch-worker] 	Set benchmark configuration path: /hyperledger/caliper/workspace/benchmarks/belowceiling-sweep.yaml
2026.08.25-08:10:28.136 info  [caliper] [cli-launch-worker] 	Set network configuration path: /hyperledger/caliper/workspace/networks/fabric-5node.yaml
2026.08.25-08:10:28.136 info  [caliper] [cli-launch-worker] 	Set SUT type: fabric
2026.08.25-08:10:28.149 info  [caliper] [worker-orchestrator] 	4 workers connected, progressing to worker assignment phase.
2026.08.25-08:10:28.149 info  [caliper] [worker-orchestrator] 	Workers currently unassigned, awaiting index assignment...
2026.08.25-08:10:28.149 info  [caliper] [worker-orchestrator] 	Waiting for 4 workers to be assigned...
2026.08.25-08:10:28.160 info  [caliper] [worker-orchestrator] 	4 workers assigned, progressing to worker initialization phase.
2026.08.25-08:10:28.160 info  [caliper] [worker-orchestrator] 	Waiting for 4 workers to be ready...
2026.08.25-08:10:28.161 info  [caliper] [worker-message-handler] 	Initializing Worker#0...
2026.08.25-08:10:28.161 info  [caliper] [worker-message-handler] 	Initializing Worker#2...
2026.08.25-08:10:28.161 info  [caliper] [worker-message-handler] 	Initializing Worker#1...
2026.08.25-08:10:28.161 info  [caliper] [worker-message-handler] 	Initializing Worker#3...
2026.08.25-08:10:28.464 info  [caliper] [FabricConnectorFactory] 	Initializing peer gateway connector compatible with installed fabric-gateway SDK: 1.5.0
2026.08.25-08:10:28.468 info  [caliper] [FabricConnectorFactory] 	Initializing peer gateway connector compatible with installed fabric-gateway SDK: 1.5.0
2026.08.25-08:10:28.471 info  [caliper] [FabricConnectorFactory] 	Initializing peer gateway connector compatible with installed fabric-gateway SDK: 1.5.0
2026.08.25-08:10:28.473 info  [caliper] [FabricConnectorFactory] 	Initializing peer gateway connector compatible with installed fabric-gateway SDK: 1.5.0
2026.08.25-08:10:28.504 info  [caliper] [IdentityManager] 	Adding User1 (admin=false) as User1 for organization Org1MSP
2026.08.25-08:10:28.505 info  [caliper] [IdentityManager] 	Adding User1 (admin=false) as User1 for organization Org1MSP
2026.08.25-08:10:28.506 info  [caliper] [IdentityManager] 	Adding User1 (admin=false) as User1 for organization Org1MSP
2026.08.25-08:10:28.510 info  [caliper] [IdentityManager] 	Adding User1 (admin=false) as _Org2MSP_User1 for organization Org2MSP
2026.08.25-08:10:28.510 info  [caliper] [IdentityManager] 	Adding User1 (admin=false) as _Org2MSP_User1 for organization Org2MSP
2026.08.25-08:10:28.510 info  [caliper] [IdentityManager] 	Adding User1 (admin=false) as _Org2MSP_User1 for organization Org2MSP
2026.08.25-08:10:28.514 info  [caliper] [worker-message-handler] 	Worker#3 initialized
2026.08.25-08:10:28.514 info  [caliper] [worker-message-handler] 	Worker#1 initialized
2026.08.25-08:10:28.514 info  [caliper] [worker-message-handler] 	Worker#2 initialized
2026.08.25-08:10:28.516 info  [caliper] [IdentityManager] 	Adding User1 (admin=false) as User1 for organization Org1MSP
2026.08.25-08:10:28.523 info  [caliper] [IdentityManager] 	Adding User1 (admin=false) as _Org2MSP_User1 for organization Org2MSP
2026.08.25-08:10:28.527 info  [caliper] [worker-message-handler] 	Worker#0 initialized
2026.08.25-08:10:28.528 info  [caliper] [worker-orchestrator] 	4 workers ready, progressing to test preparation phase.
2026.08.25-08:10:28.528 info  [caliper] [round-orchestrator] 	Started round 1 (rate-100)
2026.08.25-08:10:28.529 info  [caliper] [worker-message-handler] 	Preparing Worker#0 for Round#0
2026.08.25-08:10:28.529 info  [caliper] [worker-message-handler] 	Preparing Worker#2 for Round#0
2026.08.25-08:10:28.529 info  [caliper] [worker-message-handler] 	Preparing Worker#3 for Round#0
2026.08.25-08:10:28.529 info  [caliper] [worker-message-handler] 	Preparing Worker#1 for Round#0
2026.08.25-08:10:28.575 info  [caliper] [connectors/peer-gateway/PeerGateway] 	Generating contract map for user User1
2026.08.25-08:10:28.576 info  [caliper] [connectors/peer-gateway/PeerGateway] 	Generating contract map for user User1
2026.08.25-08:10:28.577 info  [caliper] [connectors/peer-gateway/PeerGateway] 	Generating contract map for user User1
2026.08.25-08:10:28.579 info  [caliper] [connectors/peer-gateway/PeerGateway] 	Generating contract map for user User1
2026.08.25-08:10:28.583 info  [caliper] [connectors/peer-gateway/PeerGateway] 	Generating contract map for user _Org2MSP_User1
2026.08.25-08:10:28.583 info  [caliper] [caliper-worker] 	Info: worker 2 prepare test phase for round 0 is starting...
2026.08.25-08:10:28.583 info  [caliper] [connectors/peer-gateway/PeerGateway] 	Generating contract map for user _Org2MSP_User1
2026.08.25-08:10:28.583 info  [caliper] [caliper-worker] 	Info: worker 3 prepare test phase for round 0 is starting...
2026.08.25-08:10:28.583 info  [caliper] [connectors/peer-gateway/PeerGateway] 	Generating contract map for user _Org2MSP_User1
2026.08.25-08:10:28.584 info  [caliper] [caliper-worker] 	Info: worker 1 prepare test phase for round 0 is starting...
2026.08.25-08:10:28.585 info  [caliper] [connectors/peer-gateway/PeerGateway] 	disconnecting gateway for user User1
2026.08.25-08:10:28.585 info  [caliper] [connectors/peer-gateway/PeerGateway] 	disconnecting gateway for user User1
2026.08.25-08:10:28.585 info  [caliper] [connectors/peer-gateway/PeerGateway] 	disconnecting gateway for user _Org2MSP_User1
2026.08.25-08:10:28.585 info  [caliper] [connectors/peer-gateway/PeerGateway] 	disconnecting gateway for user _Org2MSP_User1
2026.08.25-08:10:28.585 info  [caliper] [connectors/peer-gateway/PeerGateway] 	disconnecting gRpc client at peer peer0.org1.example.com
2026.08.25-08:10:28.585 info  [caliper] [connectors/peer-gateway/PeerGateway] 	disconnecting gRpc client at peer peer0.org1.example.com
2026.08.25-08:10:28.585 info  [caliper] [connectors/peer-gateway/PeerGateway] 	disconnecting gateway for user User1
2026.08.25-08:10:28.585 info  [caliper] [connectors/peer-gateway/PeerGateway] 	disconnecting gateway for user _Org2MSP_User1
2026.08.25-08:10:28.585 info  [caliper] [connectors/peer-gateway/PeerGateway] 	disconnecting gRpc client at peer peer0.org1.example.com
2026.08.25-08:10:28.585 info  [caliper] [connectors/peer-gateway/PeerGateway] 	disconnecting gRpc client at peer peer0.org2.example.com
2026.08.25-08:10:28.585 info  [caliper] [connectors/peer-gateway/PeerGateway] 	disconnecting gRpc client at peer peer0.org2.example.com
2026.08.25-08:10:28.586 info  [caliper] [caliper-worker] 	Info: worker 2 prepare test phase for round 0 is completed
2026.08.25-08:10:28.586 info  [caliper] [caliper-worker] 	Info: worker 3 prepare test phase for round 0 is completed
2026.08.25-08:10:28.586 info  [caliper] [worker-message-handler] 	Worker#3 prepared for Round#0
2026.08.25-08:10:28.586 info  [caliper] [worker-message-handler] 	Worker#2 prepared for Round#0
2026.08.25-08:10:28.586 info  [caliper] [connectors/peer-gateway/PeerGateway] 	disconnecting gRpc client at peer peer0.org2.example.com
2026.08.25-08:10:28.586 info  [caliper] [caliper-worker] 	Info: worker 1 prepare test phase for round 0 is completed
2026.08.25-08:10:28.586 info  [caliper] [worker-message-handler] 	Worker#1 prepared for Round#0
2026.08.25-08:10:28.589 info  [caliper] [connectors/peer-gateway/PeerGateway] 	Generating contract map for user _Org2MSP_User1
2026.08.25-08:10:28.589 info  [caliper] [caliper-worker] 	Info: worker 0 prepare test phase for round 0 is starting...
2026.08.25-08:10:28.591 info  [caliper] [connectors/peer-gateway/PeerGateway] 	disconnecting gateway for user User1
2026.08.25-08:10:28.591 info  [caliper] [connectors/peer-gateway/PeerGateway] 	disconnecting gateway for user _Org2MSP_User1
2026.08.25-08:10:28.591 info  [caliper] [connectors/peer-gateway/PeerGateway] 	disconnecting gRpc client at peer peer0.org1.example.com
2026.08.25-08:10:28.592 info  [caliper] [connectors/peer-gateway/PeerGateway] 	disconnecting gRpc client at peer peer0.org2.example.com
2026.08.25-08:10:28.592 info  [caliper] [caliper-worker] 	Info: worker 0 prepare test phase for round 0 is completed
2026.08.25-08:10:28.592 info  [caliper] [worker-message-handler] 	Worker#0 prepared for Round#0
2026.08.25-08:10:28.592 info  [caliper] [worker-orchestrator] 	4 workers prepared, progressing to test phase.
2026.08.25-08:10:28.592 info  [caliper] [round-orchestrator] 	Monitors successfully started
2026.08.25-08:10:28.593 info  [caliper] [worker-message-handler] 	Worker#0 is starting Round#0
2026.08.25-08:10:28.593 info  [caliper] [worker-message-handler] 	Worker#3 is starting Round#0
2026.08.25-08:10:28.594 info  [caliper] [worker-message-handler] 	Worker#2 is starting Round#0
2026.08.25-08:10:28.594 info  [caliper] [worker-message-handler] 	Worker#1 is starting Round#0
2026.08.25-08:10:28.598 info  [caliper] [connectors/peer-gateway/PeerGateway] 	Generating contract map for user User1
2026.08.25-08:10:28.598 info  [caliper] [connectors/peer-gateway/PeerGateway] 	Generating contract map for user User1
2026.08.25-08:10:28.598 info  [caliper] [connectors/peer-gateway/PeerGateway] 	Generating contract map for user User1
2026.08.25-08:10:28.598 info  [caliper] [connectors/peer-gateway/PeerGateway] 	Generating contract map for user User1
2026.08.25-08:10:28.603 info  [caliper] [connectors/peer-gateway/PeerGateway] 	Generating contract map for user _Org2MSP_User1
2026.08.25-08:10:28.603 info  [caliper] [connectors/peer-gateway/PeerGateway] 	Generating contract map for user _Org2MSP_User1
2026.08.25-08:10:28.603 info  [caliper] [connectors/peer-gateway/PeerGateway] 	Generating contract map for user _Org2MSP_User1
2026.08.25-08:10:28.604 info  [caliper] [caliper-worker] 	Worker #2 starting workload loop
2026.08.25-08:10:28.604 info  [caliper] [connectors/peer-gateway/PeerGateway] 	Generating contract map for user _Org2MSP_User1
2026.08.25-08:10:28.604 info  [caliper] [caliper-worker] 	Worker #3 starting workload loop
2026.08.25-08:10:28.605 info  [caliper] [caliper-worker] 	Worker #1 starting workload loop
2026.08.25-08:10:28.605 info  [caliper] [caliper-worker] 	Worker #0 starting workload loop
2026.08.25-08:10:33.601 info  [caliper] [default-observer] 	[rate-100 Round 0 Transaction Info] - Submitted: 402 Succ: 370 Fail:0 Unfinished:32
2026.08.25-08:10:38.595 info  [caliper] [default-observer] 	[rate-100 Round 0 Transaction Info] - Submitted: 902 Succ: 840 Fail:0 Unfinished:62
2026.08.25-08:10:43.595 info  [caliper] [default-observer] 	[rate-100 Round 0 Transaction Info] - Submitted: 1401 Succ: 1320 Fail:0 Unfinished:81
2026.08.25-08:10:48.596 info  [caliper] [default-observer] 	[rate-100 Round 0 Transaction Info] - Submitted: 1902 Succ: 1510 Fail:0 Unfinished:392
2026.08.25-08:10:53.597 info  [caliper] [default-observer] 	[rate-100 Round 0 Transaction Info] - Submitted: 2402 Succ: 1536 Fail:0 Unfinished:866
2026.08.25-08:10:58.598 info  [caliper] [default-observer] 	[rate-100 Round 0 Transaction Info] - Submitted: 2904 Succ: 2775 Fail:0 Unfinished:129
2026.08.25-08:11:03.598 info  [caliper] [default-observer] 	[rate-100 Round 0 Transaction Info] - Submitted: 3004 Succ: 2995 Fail:0 Unfinished:9
2026.08.25-08:11:04.920 info  [caliper] [connectors/peer-gateway/PeerGateway] 	disconnecting gateway for user User1
2026.08.25-08:11:04.921 info  [caliper] [connectors/peer-gateway/PeerGateway] 	disconnecting gateway for user _Org2MSP_User1
2026.08.25-08:11:04.921 info  [caliper] [connectors/peer-gateway/PeerGateway] 	disconnecting gRpc client at peer peer0.org1.example.com
2026.08.25-08:11:04.921 info  [caliper] [connectors/peer-gateway/PeerGateway] 	disconnecting gateway for user User1
2026.08.25-08:11:04.921 info  [caliper] [connectors/peer-gateway/PeerGateway] 	disconnecting gateway for user _Org2MSP_User1
2026.08.25-08:11:04.921 info  [caliper] [connectors/peer-gateway/PeerGateway] 	disconnecting gRpc client at peer peer0.org1.example.com
2026.08.25-08:11:04.921 info  [caliper] [connectors/peer-gateway/PeerGateway] 	disconnecting gRpc client at peer peer0.org2.example.com
2026.08.25-08:11:04.921 info  [caliper] [worker-message-handler] 	Worker#0 finished Round#0
2026.08.25-08:11:04.921 info  [caliper] [connectors/peer-gateway/PeerGateway] 	disconnecting gRpc client at peer peer0.org2.example.com
2026.08.25-08:11:04.921 info  [caliper] [worker-message-handler] 	Worker#2 finished Round#0
2026.08.25-08:11:04.921 info  [caliper] [connectors/peer-gateway/PeerGateway] 	disconnecting gateway for user User1
2026.08.25-08:11:04.921 info  [caliper] [connectors/peer-gateway/PeerGateway] 	disconnecting gateway for user _Org2MSP_User1
2026.08.25-08:11:04.921 info  [caliper] [connectors/peer-gateway/PeerGateway] 	disconnecting gRpc client at peer peer0.org1.example.com
2026.08.25-08:11:04.921 info  [caliper] [connectors/peer-gateway/PeerGateway] 	disconnecting gRpc client at peer peer0.org2.example.com
2026.08.25-08:11:04.921 info  [caliper] [worker-message-handler] 	Worker#3 finished Round#0
2026.08.25-08:11:04.924 info  [caliper] [connectors/peer-gateway/PeerGateway] 	disconnecting gateway for user User1
2026.08.25-08:11:04.924 info  [caliper] [connectors/peer-gateway/PeerGateway] 	disconnecting gateway for user _Org2MSP_User1
2026.08.25-08:11:04.924 info  [caliper] [connectors/peer-gateway/PeerGateway] 	disconnecting gRpc client at peer peer0.org1.example.com
2026.08.25-08:11:04.924 info  [caliper] [connectors/peer-gateway/PeerGateway] 	disconnecting gRpc client at peer peer0.org2.example.com
2026.08.25-08:11:04.924 info  [caliper] [worker-message-handler] 	Worker#1 finished Round#0
2026.08.25-08:11:09.925 info  [caliper] [default-observer] 	Resetting txCount indicator count
2026.08.25-08:11:09.926 info  [caliper] [report-builder] 	### Test result ###
2026.08.25-08:11:09.929 info  [caliper] [report-builder] 	
+----------+------+------+-----------------+-----------------+-----------------+-----------------+------------------+
| Name     | Succ | Fail | Send Rate (TPS) | Max Latency (s) | Min Latency (s) | Avg Latency (s) | Throughput (TPS) |
|----------|------|------|-----------------|-----------------|-----------------|-----------------|------------------|
| rate-100 | 3004 | 0    | 100.1           | 13.94           | 0.03            | 2.15            | 85.2             |
+----------+------+------+-----------------+-----------------+-----------------+-----------------+------------------+

2026.08.25-08:11:09.929 info  [caliper] [round-orchestrator] 	Finished round 1 (rate-100) in 35.32 seconds
2026.08.25-08:11:09.929 info  [caliper] [monitor.js] 	Stopping all monitors
2026.08.25-08:11:09.929 info  [caliper] [round-orchestrator] 	Waiting 5 seconds for the next round...
2026.08.25-08:11:14.934 info  [caliper] [round-orchestrator] 	Started round 2 (rate-200)
2026.08.25-08:11:14.934 info  [caliper] [worker-message-handler] 	Preparing Worker#0 for Round#1
2026.08.25-08:11:14.935 info  [caliper] [worker-message-handler] 	Preparing Worker#2 for Round#1
2026.08.25-08:11:14.935 info  [caliper] [worker-message-handler] 	Preparing Worker#3 for Round#1
2026.08.25-08:11:14.935 info  [caliper] [worker-message-handler] 	Preparing Worker#1 for Round#1
2026.08.25-08:11:14.950 info  [caliper] [connectors/peer-gateway/PeerGateway] 	Generating contract map for user User1
2026.08.25-08:11:14.950 info  [caliper] [connectors/peer-gateway/PeerGateway] 	Generating contract map for user User1
2026.08.25-08:11:14.950 info  [caliper] [connectors/peer-gateway/PeerGateway] 	Generating contract map for user User1
2026.08.25-08:11:14.952 info  [caliper] [connectors/peer-gateway/PeerGateway] 	Generating contract map for user User1
2026.08.25-08:11:14.962 info  [caliper] [connectors/peer-gateway/PeerGateway] 	Generating contract map for user _Org2MSP_User1
2026.08.25-08:11:14.962 info  [caliper] [connectors/peer-gateway/PeerGateway] 	Generating contract map for user _Org2MSP_User1
2026.08.25-08:11:14.963 info  [caliper] [caliper-worker] 	Info: worker 0 prepare test phase for round 1 is starting...
2026.08.25-08:11:14.963 info  [caliper] [caliper-worker] 	Info: worker 2 prepare test phase for round 1 is starting...
2026.08.25-08:11:14.963 info  [caliper] [connectors/peer-gateway/PeerGateway] 	Generating contract map for user _Org2MSP_User1
2026.08.25-08:11:14.963 info  [caliper] [caliper-worker] 	Info: worker 1 prepare test phase for round 1 is starting...
2026.08.25-08:11:14.964 info  [caliper] [connectors/peer-gateway/PeerGateway] 	disconnecting gateway for user User1
2026.08.25-08:11:14.964 info  [caliper] [connectors/peer-gateway/PeerGateway] 	disconnecting gateway for user User1
2026.08.25-08:11:14.964 info  [caliper] [connectors/peer-gateway/PeerGateway] 	disconnecting gateway for user _Org2MSP_User1
2026.08.25-08:11:14.964 info  [caliper] [connectors/peer-gateway/PeerGateway] 	disconnecting gRpc client at peer peer0.org1.example.com
2026.08.25-08:11:14.964 info  [caliper] [connectors/peer-gateway/PeerGateway] 	disconnecting gateway for user _Org2MSP_User1
2026.08.25-08:11:14.964 info  [caliper] [connectors/peer-gateway/PeerGateway] 	disconnecting gRpc client at peer peer0.org1.example.com
2026.08.25-08:11:14.964 info  [caliper] [connectors/peer-gateway/PeerGateway] 	disconnecting gRpc client at peer peer0.org2.example.com
2026.08.25-08:11:14.964 info  [caliper] [caliper-worker] 	Info: worker 0 prepare test phase for round 1 is completed
2026.08.25-08:11:14.964 info  [caliper] [connectors/peer-gateway/PeerGateway] 	disconnecting gRpc client at peer peer0.org2.example.com
2026.08.25-08:11:14.964 info  [caliper] [worker-message-handler] 	Worker#0 prepared for Round#1
2026.08.25-08:11:14.964 info  [caliper] [caliper-worker] 	Info: worker 2 prepare test phase for round 1 is completed
2026.08.25-08:11:14.964 info  [caliper] [worker-message-handler] 	Worker#2 prepared for Round#1
2026.08.25-08:11:14.964 info  [caliper] [connectors/peer-gateway/PeerGateway] 	disconnecting gateway for user User1
2026.08.25-08:11:14.964 info  [caliper] [connectors/peer-gateway/PeerGateway] 	disconnecting gateway for user _Org2MSP_User1
2026.08.25-08:11:14.964 info  [caliper] [connectors/peer-gateway/PeerGateway] 	disconnecting gRpc client at peer peer0.org1.example.com
2026.08.25-08:11:14.964 info  [caliper] [connectors/peer-gateway/PeerGateway] 	disconnecting gRpc client at peer peer0.org2.example.com
2026.08.25-08:11:14.964 info  [caliper] [caliper-worker] 	Info: worker 1 prepare test phase for round 1 is completed
2026.08.25-08:11:14.964 info  [caliper] [worker-message-handler] 	Worker#1 prepared for Round#1
2026.08.25-08:11:14.965 info  [caliper] [connectors/peer-gateway/PeerGateway] 	Generating contract map for user _Org2MSP_User1
2026.08.25-08:11:14.965 info  [caliper] [caliper-worker] 	Info: worker 3 prepare test phase for round 1 is starting...
2026.08.25-08:11:14.966 info  [caliper] [connectors/peer-gateway/PeerGateway] 	disconnecting gateway for user User1
2026.08.25-08:11:14.966 info  [caliper] [connectors/peer-gateway/PeerGateway] 	disconnecting gateway for user _Org2MSP_User1
2026.08.25-08:11:14.966 info  [caliper] [connectors/peer-gateway/PeerGateway] 	disconnecting gRpc client at peer peer0.org1.example.com
2026.08.25-08:11:14.967 info  [caliper] [connectors/peer-gateway/PeerGateway] 	disconnecting gRpc client at peer peer0.org2.example.com
2026.08.25-08:11:14.967 info  [caliper] [caliper-worker] 	Info: worker 3 prepare test phase for round 1 is completed
2026.08.25-08:11:14.967 info  [caliper] [worker-message-handler] 	Worker#3 prepared for Round#1
2026.08.25-08:11:14.967 info  [caliper] [worker-orchestrator] 	4 workers prepared, progressing to test phase.
2026.08.25-08:11:14.967 info  [caliper] [round-orchestrator] 	Monitors successfully started
2026.08.25-08:11:14.967 info  [caliper] [worker-message-handler] 	Worker#0 is starting Round#1
2026.08.25-08:11:14.968 info  [caliper] [worker-message-handler] 	Worker#1 is starting Round#1
2026.08.25-08:11:14.968 info  [caliper] [worker-message-handler] 	Worker#2 is starting Round#1
2026.08.25-08:11:14.968 info  [caliper] [worker-message-handler] 	Worker#3 is starting Round#1
2026.08.25-08:11:14.972 info  [caliper] [connectors/peer-gateway/PeerGateway] 	Generating contract map for user User1
2026.08.25-08:11:14.972 info  [caliper] [connectors/peer-gateway/PeerGateway] 	Generating contract map for user User1
2026.08.25-08:11:14.972 info  [caliper] [connectors/peer-gateway/PeerGateway] 	Generating contract map for user User1
2026.08.25-08:11:14.972 info  [caliper] [connectors/peer-gateway/PeerGateway] 	Generating contract map for user User1
2026.08.25-08:11:14.975 info  [caliper] [connectors/peer-gateway/PeerGateway] 	Generating contract map for user _Org2MSP_User1
2026.08.25-08:11:14.975 info  [caliper] [connectors/peer-gateway/PeerGateway] 	Generating contract map for user _Org2MSP_User1
2026.08.25-08:11:14.975 info  [caliper] [connectors/peer-gateway/PeerGateway] 	Generating contract map for user _Org2MSP_User1
2026.08.25-08:11:14.975 info  [caliper] [connectors/peer-gateway/PeerGateway] 	Generating contract map for user _Org2MSP_User1
2026.08.25-08:11:14.975 info  [caliper] [caliper-worker] 	Worker #2 starting workload loop
2026.08.25-08:11:14.976 info  [caliper] [caliper-worker] 	Worker #3 starting workload loop
2026.08.25-08:11:14.976 info  [caliper] [caliper-worker] 	Worker #0 starting workload loop
2026.08.25-08:11:14.976 info  [caliper] [caliper-worker] 	Worker #1 starting workload loop
2026.08.25-08:11:19.969 info  [caliper] [default-observer] 	[rate-200 Round 1 Transaction Info] - Submitted: 802 Succ: 730 Fail:0 Unfinished:72
2026.08.25-08:11:24.969 info  [caliper] [default-observer] 	[rate-200 Round 1 Transaction Info] - Submitted: 1802 Succ: 1680 Fail:0 Unfinished:122
2026.08.25-08:11:29.970 info  [caliper] [default-observer] 	[rate-200 Round 1 Transaction Info] - Submitted: 2803 Succ: 2610 Fail:0 Unfinished:193
2026.08.25-08:11:34.971 info  [caliper] [default-observer] 	[rate-200 Round 1 Transaction Info] - Submitted: 3803 Succ: 3670 Fail:0 Unfinished:133
2026.08.25-08:11:39.972 info  [caliper] [default-observer] 	[rate-200 Round 1 Transaction Info] - Submitted: 4803 Succ: 4650 Fail:0 Unfinished:153
2026.08.25-08:11:44.973 info  [caliper] [default-observer] 	[rate-200 Round 1 Transaction Info] - Submitted: 5803 Succ: 5590 Fail:0 Unfinished:213
2026.08.25-08:11:49.974 info  [caliper] [default-observer] 	[rate-200 Round 1 Transaction Info] - Submitted: 6004 Succ: 5950 Fail:0 Unfinished:54
2026.08.25-08:11:51.392 info  [caliper] [connectors/peer-gateway/PeerGateway] 	disconnecting gateway for user User1
2026.08.25-08:11:51.392 info  [caliper] [connectors/peer-gateway/PeerGateway] 	disconnecting gateway for user _Org2MSP_User1
2026.08.25-08:11:51.392 info  [caliper] [connectors/peer-gateway/PeerGateway] 	disconnecting gRpc client at peer peer0.org1.example.com
2026.08.25-08:11:51.392 info  [caliper] [connectors/peer-gateway/PeerGateway] 	disconnecting gRpc client at peer peer0.org2.example.com
2026.08.25-08:11:51.392 info  [caliper] [worker-message-handler] 	Worker#3 finished Round#1
2026.08.25-08:11:53.396 info  [caliper] [connectors/peer-gateway/PeerGateway] 	disconnecting gateway for user User1
2026.08.25-08:11:53.396 info  [caliper] [connectors/peer-gateway/PeerGateway] 	disconnecting gateway for user _Org2MSP_User1
2026.08.25-08:11:53.396 info  [caliper] [connectors/peer-gateway/PeerGateway] 	disconnecting gRpc client at peer peer0.org1.example.com
2026.08.25-08:11:53.396 info  [caliper] [connectors/peer-gateway/PeerGateway] 	disconnecting gRpc client at peer peer0.org2.example.com
2026.08.25-08:11:53.397 info  [caliper] [worker-message-handler] 	Worker#2 finished Round#1
2026.08.25-08:11:53.398 info  [caliper] [connectors/peer-gateway/PeerGateway] 	disconnecting gateway for user User1
2026.08.25-08:11:53.398 info  [caliper] [connectors/peer-gateway/PeerGateway] 	disconnecting gateway for user _Org2MSP_User1
2026.08.25-08:11:53.398 info  [caliper] [connectors/peer-gateway/PeerGateway] 	disconnecting gRpc client at peer peer0.org1.example.com
2026.08.25-08:11:53.398 info  [caliper] [connectors/peer-gateway/PeerGateway] 	disconnecting gRpc client at peer peer0.org2.example.com
2026.08.25-08:11:53.398 info  [caliper] [worker-message-handler] 	Worker#0 finished Round#1
2026.08.25-08:11:53.401 info  [caliper] [connectors/peer-gateway/PeerGateway] 	disconnecting gateway for user User1
2026.08.25-08:11:53.401 info  [caliper] [connectors/peer-gateway/PeerGateway] 	disconnecting gateway for user _Org2MSP_User1
2026.08.25-08:11:53.401 info  [caliper] [connectors/peer-gateway/PeerGateway] 	disconnecting gRpc client at peer peer0.org1.example.com
2026.08.25-08:11:53.401 info  [caliper] [connectors/peer-gateway/PeerGateway] 	disconnecting gRpc client at peer peer0.org2.example.com
2026.08.25-08:11:53.401 info  [caliper] [worker-message-handler] 	Worker#1 finished Round#1
2026.08.25-08:11:58.407 info  [caliper] [default-observer] 	Resetting txCount indicator count
2026.08.25-08:11:58.407 info  [caliper] [report-builder] 	### Test result ###
2026.08.25-08:11:58.408 info  [caliper] [report-builder] 	
+----------+------+------+-----------------+-----------------+-----------------+-----------------+------------------+
| Name     | Succ | Fail | Send Rate (TPS) | Max Latency (s) | Min Latency (s) | Avg Latency (s) | Throughput (TPS) |
|----------|------|------|-----------------|-----------------|-----------------|-----------------|------------------|
| rate-200 | 6004 | 0    | 200.1           | 10.38           | 0.03            | 0.77            | 160.9            |
+----------+------+------+-----------------+-----------------+-----------------+-----------------+------------------+

2026.08.25-08:11:58.408 info  [caliper] [round-orchestrator] 	Finished round 2 (rate-200) in 37.425 seconds
2026.08.25-08:11:58.408 info  [caliper] [monitor.js] 	Stopping all monitors
2026.08.25-08:11:58.408 info  [caliper] [round-orchestrator] 	Waiting 5 seconds for the next round...
2026.08.25-08:12:03.414 info  [caliper] [round-orchestrator] 	Started round 3 (rate-300)
2026.08.25-08:12:03.418 info  [caliper] [worker-message-handler] 	Preparing Worker#2 for Round#2
2026.08.25-08:12:03.418 info  [caliper] [worker-message-handler] 	Preparing Worker#0 for Round#2
2026.08.25-08:12:03.418 info  [caliper] [worker-message-handler] 	Preparing Worker#3 for Round#2
2026.08.25-08:12:03.420 info  [caliper] [worker-message-handler] 	Preparing Worker#1 for Round#2
2026.08.25-08:12:03.431 info  [caliper] [connectors/peer-gateway/PeerGateway] 	Generating contract map for user User1
2026.08.25-08:12:03.432 info  [caliper] [connectors/peer-gateway/PeerGateway] 	Generating contract map for user User1
2026.08.25-08:12:03.434 info  [caliper] [connectors/peer-gateway/PeerGateway] 	Generating contract map for user User1
2026.08.25-08:12:03.435 info  [caliper] [connectors/peer-gateway/PeerGateway] 	Generating contract map for user User1
2026.08.25-08:12:03.438 info  [caliper] [connectors/peer-gateway/PeerGateway] 	Generating contract map for user _Org2MSP_User1
2026.08.25-08:12:03.438 info  [caliper] [caliper-worker] 	Info: worker 3 prepare test phase for round 2 is starting...
2026.08.25-08:12:03.438 info  [caliper] [connectors/peer-gateway/PeerGateway] 	Generating contract map for user _Org2MSP_User1
2026.08.25-08:12:03.438 info  [caliper] [connectors/peer-gateway/PeerGateway] 	Generating contract map for user _Org2MSP_User1
2026.08.25-08:12:03.438 info  [caliper] [caliper-worker] 	Info: worker 0 prepare test phase for round 2 is starting...
2026.08.25-08:12:03.438 info  [caliper] [caliper-worker] 	Info: worker 1 prepare test phase for round 2 is starting...
2026.08.25-08:12:03.439 info  [caliper] [connectors/peer-gateway/PeerGateway] 	disconnecting gateway for user User1
2026.08.25-08:12:03.439 info  [caliper] [connectors/peer-gateway/PeerGateway] 	disconnecting gateway for user _Org2MSP_User1
2026.08.25-08:12:03.439 info  [caliper] [connectors/peer-gateway/PeerGateway] 	disconnecting gRpc client at peer peer0.org1.example.com
2026.08.25-08:12:03.439 info  [caliper] [connectors/peer-gateway/PeerGateway] 	disconnecting gRpc client at peer peer0.org2.example.com
2026.08.25-08:12:03.439 info  [caliper] [caliper-worker] 	Info: worker 3 prepare test phase for round 2 is completed
2026.08.25-08:12:03.439 info  [caliper] [worker-message-handler] 	Worker#3 prepared for Round#2
2026.08.25-08:12:03.440 info  [caliper] [connectors/peer-gateway/PeerGateway] 	disconnecting gateway for user User1
2026.08.25-08:12:03.440 info  [caliper] [connectors/peer-gateway/PeerGateway] 	disconnecting gateway for user _Org2MSP_User1
2026.08.25-08:12:03.440 info  [caliper] [connectors/peer-gateway/PeerGateway] 	disconnecting gRpc client at peer peer0.org1.example.com
2026.08.25-08:12:03.440 info  [caliper] [connectors/peer-gateway/PeerGateway] 	disconnecting gateway for user User1
2026.08.25-08:12:03.440 info  [caliper] [connectors/peer-gateway/PeerGateway] 	disconnecting gateway for user _Org2MSP_User1
2026.08.25-08:12:03.440 info  [caliper] [connectors/peer-gateway/PeerGateway] 	disconnecting gRpc client at peer peer0.org1.example.com
2026.08.25-08:12:03.440 info  [caliper] [connectors/peer-gateway/PeerGateway] 	disconnecting gRpc client at peer peer0.org2.example.com
2026.08.25-08:12:03.440 info  [caliper] [connectors/peer-gateway/PeerGateway] 	disconnecting gRpc client at peer peer0.org2.example.com
2026.08.25-08:12:03.440 info  [caliper] [caliper-worker] 	Info: worker 1 prepare test phase for round 2 is completed
2026.08.25-08:12:03.440 info  [caliper] [caliper-worker] 	Info: worker 0 prepare test phase for round 2 is completed
2026.08.25-08:12:03.440 info  [caliper] [worker-message-handler] 	Worker#1 prepared for Round#2
2026.08.25-08:12:03.440 info  [caliper] [worker-message-handler] 	Worker#0 prepared for Round#2
2026.08.25-08:12:03.441 info  [caliper] [connectors/peer-gateway/PeerGateway] 	Generating contract map for user _Org2MSP_User1
2026.08.25-08:12:03.442 info  [caliper] [caliper-worker] 	Info: worker 2 prepare test phase for round 2 is starting...
2026.08.25-08:12:03.443 info  [caliper] [connectors/peer-gateway/PeerGateway] 	disconnecting gateway for user User1
2026.08.25-08:12:03.443 info  [caliper] [connectors/peer-gateway/PeerGateway] 	disconnecting gateway for user _Org2MSP_User1
2026.08.25-08:12:03.443 info  [caliper] [connectors/peer-gateway/PeerGateway] 	disconnecting gRpc client at peer peer0.org1.example.com
2026.08.25-08:12:03.443 info  [caliper] [connectors/peer-gateway/PeerGateway] 	disconnecting gRpc client at peer peer0.org2.example.com
2026.08.25-08:12:03.443 info  [caliper] [caliper-worker] 	Info: worker 2 prepare test phase for round 2 is completed
2026.08.25-08:12:03.443 info  [caliper] [worker-message-handler] 	Worker#2 prepared for Round#2
2026.08.25-08:12:03.444 info  [caliper] [worker-orchestrator] 	4 workers prepared, progressing to test phase.
2026.08.25-08:12:03.444 info  [caliper] [round-orchestrator] 	Monitors successfully started
2026.08.25-08:12:03.444 info  [caliper] [worker-message-handler] 	Worker#0 is starting Round#2
2026.08.25-08:12:03.444 info  [caliper] [worker-message-handler] 	Worker#1 is starting Round#2
2026.08.25-08:12:03.444 info  [caliper] [worker-message-handler] 	Worker#3 is starting Round#2
2026.08.25-08:12:03.445 info  [caliper] [worker-message-handler] 	Worker#2 is starting Round#2
2026.08.25-08:12:03.450 info  [caliper] [connectors/peer-gateway/PeerGateway] 	Generating contract map for user User1
2026.08.25-08:12:03.450 info  [caliper] [connectors/peer-gateway/PeerGateway] 	Generating contract map for user User1
2026.08.25-08:12:03.450 info  [caliper] [connectors/peer-gateway/PeerGateway] 	Generating contract map for user User1
2026.08.25-08:12:03.451 info  [caliper] [connectors/peer-gateway/PeerGateway] 	Generating contract map for user User1
2026.08.25-08:12:03.455 info  [caliper] [connectors/peer-gateway/PeerGateway] 	Generating contract map for user _Org2MSP_User1
2026.08.25-08:12:03.455 info  [caliper] [connectors/peer-gateway/PeerGateway] 	Generating contract map for user _Org2MSP_User1
2026.08.25-08:12:03.455 info  [caliper] [connectors/peer-gateway/PeerGateway] 	Generating contract map for user _Org2MSP_User1
2026.08.25-08:12:03.455 info  [caliper] [connectors/peer-gateway/PeerGateway] 	Generating contract map for user _Org2MSP_User1
2026.08.25-08:12:03.456 info  [caliper] [caliper-worker] 	Worker #1 starting workload loop
2026.08.25-08:12:03.456 info  [caliper] [caliper-worker] 	Worker #0 starting workload loop
2026.08.25-08:12:03.456 info  [caliper] [caliper-worker] 	Worker #2 starting workload loop
2026.08.25-08:12:03.456 info  [caliper] [caliper-worker] 	Worker #3 starting workload loop
2026.08.25-08:12:08.445 info  [caliper] [default-observer] 	[rate-300 Round 2 Transaction Info] - Submitted: 1203 Succ: 1120 Fail:0 Unfinished:83
2026.08.25-08:12:13.442 info  [caliper] [default-observer] 	[rate-300 Round 2 Transaction Info] - Submitted: 2703 Succ: 2517 Fail:0 Unfinished:186
2026.08.25-08:12:18.444 info  [caliper] [default-observer] 	[rate-300 Round 2 Transaction Info] - Submitted: 4205 Succ: 3959 Fail:0 Unfinished:246
2026.08.25-08:12:23.443 info  [caliper] [default-observer] 	[rate-300 Round 2 Transaction Info] - Submitted: 5706 Succ: 5390 Fail:0 Unfinished:316
2026.08.25-08:12:28.444 info  [caliper] [default-observer] 	[rate-300 Round 2 Transaction Info] - Submitted: 7206 Succ: 6814 Fail:0 Unfinished:392
2026.08.25-08:12:33.444 info  [caliper] [default-observer] 	[rate-300 Round 2 Transaction Info] - Submitted: 8707 Succ: 8266 Fail:0 Unfinished:441
2026.08.25-08:12:38.446 info  [caliper] [default-observer] 	[rate-300 Round 2 Transaction Info] - Submitted: 9004 Succ: 8760 Fail:0 Unfinished:244
2026.08.25-08:12:43.444 info  [caliper] [default-observer] 	[rate-300 Round 2 Transaction Info] - Submitted: 9004 Succ: 8994 Fail:0 Unfinished:10
2026.08.25-08:12:44.274 info  [caliper] [connectors/peer-gateway/PeerGateway] 	disconnecting gateway for user User1
2026.08.25-08:12:44.274 info  [caliper] [connectors/peer-gateway/PeerGateway] 	disconnecting gateway for user _Org2MSP_User1
2026.08.25-08:12:44.274 info  [caliper] [connectors/peer-gateway/PeerGateway] 	disconnecting gRpc client at peer peer0.org1.example.com
2026.08.25-08:12:44.274 info  [caliper] [connectors/peer-gateway/PeerGateway] 	disconnecting gRpc client at peer peer0.org2.example.com
2026.08.25-08:12:44.274 info  [caliper] [worker-message-handler] 	Worker#2 finished Round#2
2026.08.25-08:12:44.275 info  [caliper] [connectors/peer-gateway/PeerGateway] 	disconnecting gateway for user User1
2026.08.25-08:12:44.275 info  [caliper] [connectors/peer-gateway/PeerGateway] 	disconnecting gateway for user _Org2MSP_User1
2026.08.25-08:12:44.275 info  [caliper] [connectors/peer-gateway/PeerGateway] 	disconnecting gRpc client at peer peer0.org1.example.com
2026.08.25-08:12:44.276 info  [caliper] [connectors/peer-gateway/PeerGateway] 	disconnecting gRpc client at peer peer0.org2.example.com
2026.08.25-08:12:44.276 info  [caliper] [worker-message-handler] 	Worker#3 finished Round#2
2026.08.25-08:12:44.277 info  [caliper] [connectors/peer-gateway/PeerGateway] 	disconnecting gateway for user User1
2026.08.25-08:12:44.277 info  [caliper] [connectors/peer-gateway/PeerGateway] 	disconnecting gateway for user _Org2MSP_User1
2026.08.25-08:12:44.277 info  [caliper] [connectors/peer-gateway/PeerGateway] 	disconnecting gRpc client at peer peer0.org1.example.com
2026.08.25-08:12:44.278 info  [caliper] [connectors/peer-gateway/PeerGateway] 	disconnecting gRpc client at peer peer0.org2.example.com
2026.08.25-08:12:44.279 info  [caliper] [worker-message-handler] 	Worker#1 finished Round#2
2026.08.25-08:12:44.472 info  [caliper] [connectors/peer-gateway/PeerGateway] 	disconnecting gateway for user User1
2026.08.25-08:12:44.472 info  [caliper] [connectors/peer-gateway/PeerGateway] 	disconnecting gateway for user _Org2MSP_User1
2026.08.25-08:12:44.472 info  [caliper] [connectors/peer-gateway/PeerGateway] 	disconnecting gRpc client at peer peer0.org1.example.com
2026.08.25-08:12:44.472 info  [caliper] [connectors/peer-gateway/PeerGateway] 	disconnecting gRpc client at peer peer0.org2.example.com
2026.08.25-08:12:44.472 info  [caliper] [worker-message-handler] 	Worker#0 finished Round#2
2026.08.25-08:12:49.475 info  [caliper] [default-observer] 	Resetting txCount indicator count
2026.08.25-08:12:49.475 info  [caliper] [report-builder] 	### Test result ###
2026.08.25-08:12:49.476 info  [caliper] [report-builder] 	
+----------+------+------+-----------------+-----------------+-----------------+-----------------+------------------+
| Name     | Succ | Fail | Send Rate (TPS) | Max Latency (s) | Min Latency (s) | Avg Latency (s) | Throughput (TPS) |
|----------|------|------|-----------------|-----------------|-----------------|-----------------|------------------|
| rate-300 | 9004 | 0    | 300.2           | 10.61           | 0.03            | 1.08            | 225.4            |
+----------+------+------+-----------------+-----------------+-----------------+-----------------+------------------+

2026.08.25-08:12:49.476 info  [caliper] [round-orchestrator] 	Finished round 3 (rate-300) in 40.015 seconds
2026.08.25-08:12:49.476 info  [caliper] [monitor.js] 	Stopping all monitors
2026.08.25-08:12:49.476 info  [caliper] [round-orchestrator] 	Waiting 5 seconds for the next round...
2026.08.25-08:12:54.482 info  [caliper] [round-orchestrator] 	Started round 4 (rate-400)
2026.08.25-08:12:54.483 info  [caliper] [worker-message-handler] 	Preparing Worker#0 for Round#3
2026.08.25-08:12:54.485 info  [caliper] [worker-message-handler] 	Preparing Worker#1 for Round#3
2026.08.25-08:12:54.487 info  [caliper] [worker-message-handler] 	Preparing Worker#2 for Round#3
2026.08.25-08:12:54.489 info  [caliper] [worker-message-handler] 	Preparing Worker#3 for Round#3
2026.08.25-08:12:54.495 info  [caliper] [connectors/peer-gateway/PeerGateway] 	Generating contract map for user User1
2026.08.25-08:12:54.495 info  [caliper] [connectors/peer-gateway/PeerGateway] 	Generating contract map for user User1
2026.08.25-08:12:54.495 info  [caliper] [connectors/peer-gateway/PeerGateway] 	Generating contract map for user User1
2026.08.25-08:12:54.498 info  [caliper] [connectors/peer-gateway/PeerGateway] 	Generating contract map for user User1
2026.08.25-08:12:54.499 info  [caliper] [connectors/peer-gateway/PeerGateway] 	Generating contract map for user _Org2MSP_User1
2026.08.25-08:12:54.499 info  [caliper] [caliper-worker] 	Info: worker 2 prepare test phase for round 3 is starting...
2026.08.25-08:12:54.499 info  [caliper] [connectors/peer-gateway/PeerGateway] 	Generating contract map for user _Org2MSP_User1
2026.08.25-08:12:54.499 info  [caliper] [caliper-worker] 	Info: worker 0 prepare test phase for round 3 is starting...
2026.08.25-08:12:54.500 info  [caliper] [connectors/peer-gateway/PeerGateway] 	disconnecting gateway for user User1
2026.08.25-08:12:54.500 info  [caliper] [connectors/peer-gateway/PeerGateway] 	disconnecting gateway for user _Org2MSP_User1
2026.08.25-08:12:54.500 info  [caliper] [connectors/peer-gateway/PeerGateway] 	disconnecting gRpc client at peer peer0.org1.example.com
2026.08.25-08:12:54.500 info  [caliper] [connectors/peer-gateway/PeerGateway] 	disconnecting gRpc client at peer peer0.org2.example.com
2026.08.25-08:12:54.500 info  [caliper] [caliper-worker] 	Info: worker 2 prepare test phase for round 3 is completed
2026.08.25-08:12:54.500 info  [caliper] [worker-message-handler] 	Worker#2 prepared for Round#3
2026.08.25-08:12:54.500 info  [caliper] [connectors/peer-gateway/PeerGateway] 	disconnecting gateway for user User1
2026.08.25-08:12:54.501 info  [caliper] [connectors/peer-gateway/PeerGateway] 	disconnecting gateway for user _Org2MSP_User1
2026.08.25-08:12:54.501 info  [caliper] [connectors/peer-gateway/PeerGateway] 	disconnecting gRpc client at peer peer0.org1.example.com
2026.08.25-08:12:54.501 info  [caliper] [connectors/peer-gateway/PeerGateway] 	disconnecting gRpc client at peer peer0.org2.example.com
2026.08.25-08:12:54.501 info  [caliper] [caliper-worker] 	Info: worker 0 prepare test phase for round 3 is completed
2026.08.25-08:12:54.501 info  [caliper] [worker-message-handler] 	Worker#0 prepared for Round#3
2026.08.25-08:12:54.501 info  [caliper] [connectors/peer-gateway/PeerGateway] 	Generating contract map for user _Org2MSP_User1
2026.08.25-08:12:54.501 info  [caliper] [caliper-worker] 	Info: worker 1 prepare test phase for round 3 is starting...
2026.08.25-08:12:54.502 info  [caliper] [connectors/peer-gateway/PeerGateway] 	disconnecting gateway for user User1
2026.08.25-08:12:54.502 info  [caliper] [connectors/peer-gateway/PeerGateway] 	disconnecting gateway for user _Org2MSP_User1
2026.08.25-08:12:54.502 info  [caliper] [connectors/peer-gateway/PeerGateway] 	disconnecting gRpc client at peer peer0.org1.example.com
2026.08.25-08:12:54.502 info  [caliper] [connectors/peer-gateway/PeerGateway] 	disconnecting gRpc client at peer peer0.org2.example.com
2026.08.25-08:12:54.502 info  [caliper] [caliper-worker] 	Info: worker 1 prepare test phase for round 3 is completed
2026.08.25-08:12:54.502 info  [caliper] [worker-message-handler] 	Worker#1 prepared for Round#3
2026.08.25-08:12:54.503 info  [caliper] [connectors/peer-gateway/PeerGateway] 	Generating contract map for user _Org2MSP_User1
2026.08.25-08:12:54.503 info  [caliper] [caliper-worker] 	Info: worker 3 prepare test phase for round 3 is starting...
2026.08.25-08:12:54.505 info  [caliper] [connectors/peer-gateway/PeerGateway] 	disconnecting gateway for user User1
2026.08.25-08:12:54.505 info  [caliper] [connectors/peer-gateway/PeerGateway] 	disconnecting gateway for user _Org2MSP_User1
2026.08.25-08:12:54.505 info  [caliper] [connectors/peer-gateway/PeerGateway] 	disconnecting gRpc client at peer peer0.org1.example.com
2026.08.25-08:12:54.505 info  [caliper] [connectors/peer-gateway/PeerGateway] 	disconnecting gRpc client at peer peer0.org2.example.com
2026.08.25-08:12:54.505 info  [caliper] [caliper-worker] 	Info: worker 3 prepare test phase for round 3 is completed
2026.08.25-08:12:54.505 info  [caliper] [worker-message-handler] 	Worker#3 prepared for Round#3
2026.08.25-08:12:54.506 info  [caliper] [worker-orchestrator] 	4 workers prepared, progressing to test phase.
2026.08.25-08:12:54.506 info  [caliper] [round-orchestrator] 	Monitors successfully started
2026.08.25-08:12:54.506 info  [caliper] [worker-message-handler] 	Worker#0 is starting Round#3
2026.08.25-08:12:54.506 info  [caliper] [worker-message-handler] 	Worker#1 is starting Round#3
2026.08.25-08:12:54.507 info  [caliper] [worker-message-handler] 	Worker#2 is starting Round#3
2026.08.25-08:12:54.507 info  [caliper] [worker-message-handler] 	Worker#3 is starting Round#3
2026.08.25-08:12:54.513 info  [caliper] [connectors/peer-gateway/PeerGateway] 	Generating contract map for user User1
2026.08.25-08:12:54.513 info  [caliper] [connectors/peer-gateway/PeerGateway] 	Generating contract map for user User1
2026.08.25-08:12:54.513 info  [caliper] [connectors/peer-gateway/PeerGateway] 	Generating contract map for user User1
2026.08.25-08:12:54.513 info  [caliper] [connectors/peer-gateway/PeerGateway] 	Generating contract map for user User1
2026.08.25-08:12:54.518 info  [caliper] [connectors/peer-gateway/PeerGateway] 	Generating contract map for user _Org2MSP_User1
2026.08.25-08:12:54.518 info  [caliper] [connectors/peer-gateway/PeerGateway] 	Generating contract map for user _Org2MSP_User1
2026.08.25-08:12:54.518 info  [caliper] [connectors/peer-gateway/PeerGateway] 	Generating contract map for user _Org2MSP_User1
2026.08.25-08:12:54.518 info  [caliper] [caliper-worker] 	Worker #0 starting workload loop
2026.08.25-08:12:54.519 info  [caliper] [caliper-worker] 	Worker #1 starting workload loop
2026.08.25-08:12:54.519 info  [caliper] [caliper-worker] 	Worker #2 starting workload loop
2026.08.25-08:12:54.521 info  [caliper] [connectors/peer-gateway/PeerGateway] 	Generating contract map for user _Org2MSP_User1
2026.08.25-08:12:54.523 info  [caliper] [caliper-worker] 	Worker #3 starting workload loop
2026.08.25-08:12:59.506 info  [caliper] [default-observer] 	[rate-400 Round 3 Transaction Info] - Submitted: 1604 Succ: 1386 Fail:0 Unfinished:218
2026.08.25-08:13:04.507 info  [caliper] [default-observer] 	[rate-400 Round 3 Transaction Info] - Submitted: 3604 Succ: 3220 Fail:0 Unfinished:384
2026.08.25-08:13:09.509 info  [caliper] [default-observer] 	[rate-400 Round 3 Transaction Info] - Submitted: 5604 Succ: 5171 Fail:0 Unfinished:433
2026.08.25-08:13:14.508 info  [caliper] [default-observer] 	[rate-400 Round 3 Transaction Info] - Submitted: 7604 Succ: 7017 Fail:0 Unfinished:587
2026.08.25-08:13:19.509 info  [caliper] [default-observer] 	[rate-400 Round 3 Transaction Info] - Submitted: 9604 Succ: 9013 Fail:0 Unfinished:591
2026.08.25-08:13:24.509 info  [caliper] [default-observer] 	[rate-400 Round 3 Transaction Info] - Submitted: 11604 Succ: 11067 Fail:0 Unfinished:537
2026.08.25-08:13:29.510 info  [caliper] [default-observer] 	[rate-400 Round 3 Transaction Info] - Submitted: 12004 Succ: 11687 Fail:0 Unfinished:317
2026.08.25-08:13:34.510 info  [caliper] [default-observer] 	[rate-400 Round 3 Transaction Info] - Submitted: 12004 Succ: 11933 Fail:0 Unfinished:71
2026.08.25-08:13:35.537 info  [caliper] [connectors/peer-gateway/PeerGateway] 	disconnecting gateway for user User1
2026.08.25-08:13:35.537 info  [caliper] [connectors/peer-gateway/PeerGateway] 	disconnecting gateway for user _Org2MSP_User1
2026.08.25-08:13:35.537 info  [caliper] [connectors/peer-gateway/PeerGateway] 	disconnecting gRpc client at peer peer0.org1.example.com
2026.08.25-08:13:35.538 info  [caliper] [connectors/peer-gateway/PeerGateway] 	disconnecting gRpc client at peer peer0.org2.example.com
2026.08.25-08:13:35.538 info  [caliper] [worker-message-handler] 	Worker#2 finished Round#3
2026.08.25-08:13:35.544 info  [caliper] [connectors/peer-gateway/PeerGateway] 	disconnecting gateway for user User1
2026.08.25-08:13:35.544 info  [caliper] [connectors/peer-gateway/PeerGateway] 	disconnecting gateway for user _Org2MSP_User1
2026.08.25-08:13:35.544 info  [caliper] [connectors/peer-gateway/PeerGateway] 	disconnecting gRpc client at peer peer0.org1.example.com
2026.08.25-08:13:35.544 info  [caliper] [connectors/peer-gateway/PeerGateway] 	disconnecting gRpc client at peer peer0.org2.example.com
2026.08.25-08:13:35.545 info  [caliper] [worker-message-handler] 	Worker#0 finished Round#3
2026.08.25-08:13:35.737 info  [caliper] [connectors/peer-gateway/PeerGateway] 	disconnecting gateway for user User1
2026.08.25-08:13:35.738 info  [caliper] [connectors/peer-gateway/PeerGateway] 	disconnecting gateway for user _Org2MSP_User1
2026.08.25-08:13:35.738 info  [caliper] [connectors/peer-gateway/PeerGateway] 	disconnecting gRpc client at peer peer0.org1.example.com
2026.08.25-08:13:35.738 info  [caliper] [connectors/peer-gateway/PeerGateway] 	disconnecting gRpc client at peer peer0.org2.example.com
2026.08.25-08:13:35.738 info  [caliper] [worker-message-handler] 	Worker#1 finished Round#3
2026.08.25-08:13:35.740 info  [caliper] [connectors/peer-gateway/PeerGateway] 	disconnecting gateway for user User1
2026.08.25-08:13:35.740 info  [caliper] [connectors/peer-gateway/PeerGateway] 	disconnecting gateway for user _Org2MSP_User1
2026.08.25-08:13:35.740 info  [caliper] [connectors/peer-gateway/PeerGateway] 	disconnecting gRpc client at peer peer0.org1.example.com
2026.08.25-08:13:35.741 info  [caliper] [connectors/peer-gateway/PeerGateway] 	disconnecting gRpc client at peer peer0.org2.example.com
2026.08.25-08:13:35.741 info  [caliper] [worker-message-handler] 	Worker#3 finished Round#3
2026.08.25-08:13:40.743 info  [caliper] [default-observer] 	Resetting txCount indicator count
2026.08.25-08:13:40.743 info  [caliper] [report-builder] 	### Test result ###
2026.08.25-08:13:40.743 info  [caliper] [report-builder] 	
+----------+-------+------+-----------------+-----------------+-----------------+-----------------+------------------+
| Name     | Succ  | Fail | Send Rate (TPS) | Max Latency (s) | Min Latency (s) | Avg Latency (s) | Throughput (TPS) |
|----------|-------|------|-----------------|-----------------|-----------------|-----------------|------------------|
| rate-400 | 12004 | 0    | 400.1           | 10.30           | 0.03            | 1.32            | 298.7            |
+----------+-------+------+-----------------+-----------------+-----------------+-----------------+------------------+

2026.08.25-08:13:40.744 info  [caliper] [round-orchestrator] 	Finished round 4 (rate-400) in 40.222 seconds
2026.08.25-08:13:40.744 info  [caliper] [monitor.js] 	Stopping all monitors
2026.08.25-08:13:40.744 info  [caliper] [round-orchestrator] 	Waiting 5 seconds for the next round...
2026.08.25-08:13:45.749 info  [caliper] [round-orchestrator] 	Started round 5 (rate-500)
2026.08.25-08:13:45.750 info  [caliper] [worker-message-handler] 	Preparing Worker#0 for Round#4
2026.08.25-08:13:45.750 info  [caliper] [worker-message-handler] 	Preparing Worker#2 for Round#4
2026.08.25-08:13:45.750 info  [caliper] [worker-message-handler] 	Preparing Worker#3 for Round#4
2026.08.25-08:13:45.750 info  [caliper] [worker-message-handler] 	Preparing Worker#1 for Round#4
2026.08.25-08:13:45.760 info  [caliper] [connectors/peer-gateway/PeerGateway] 	Generating contract map for user User1
2026.08.25-08:13:45.760 info  [caliper] [connectors/peer-gateway/PeerGateway] 	Generating contract map for user User1
2026.08.25-08:13:45.761 info  [caliper] [connectors/peer-gateway/PeerGateway] 	Generating contract map for user User1
2026.08.25-08:13:45.761 info  [caliper] [connectors/peer-gateway/PeerGateway] 	Generating contract map for user User1
2026.08.25-08:13:45.766 info  [caliper] [connectors/peer-gateway/PeerGateway] 	Generating contract map for user _Org2MSP_User1
2026.08.25-08:13:45.766 info  [caliper] [caliper-worker] 	Info: worker 0 prepare test phase for round 4 is starting...
2026.08.25-08:13:45.767 info  [caliper] [connectors/peer-gateway/PeerGateway] 	disconnecting gateway for user User1
2026.08.25-08:13:45.767 info  [caliper] [connectors/peer-gateway/PeerGateway] 	disconnecting gateway for user _Org2MSP_User1
2026.08.25-08:13:45.767 info  [caliper] [connectors/peer-gateway/PeerGateway] 	disconnecting gRpc client at peer peer0.org1.example.com
2026.08.25-08:13:45.767 info  [caliper] [connectors/peer-gateway/PeerGateway] 	disconnecting gRpc client at peer peer0.org2.example.com
2026.08.25-08:13:45.767 info  [caliper] [caliper-worker] 	Info: worker 0 prepare test phase for round 4 is completed
2026.08.25-08:13:45.767 info  [caliper] [worker-message-handler] 	Worker#0 prepared for Round#4
2026.08.25-08:13:45.767 info  [caliper] [connectors/peer-gateway/PeerGateway] 	Generating contract map for user _Org2MSP_User1
2026.08.25-08:13:45.767 info  [caliper] [connectors/peer-gateway/PeerGateway] 	Generating contract map for user _Org2MSP_User1
2026.08.25-08:13:45.767 info  [caliper] [caliper-worker] 	Info: worker 1 prepare test phase for round 4 is starting...
2026.08.25-08:13:45.767 info  [caliper] [caliper-worker] 	Info: worker 2 prepare test phase for round 4 is starting...
2026.08.25-08:13:45.768 info  [caliper] [connectors/peer-gateway/PeerGateway] 	Generating contract map for user _Org2MSP_User1
2026.08.25-08:13:45.768 info  [caliper] [connectors/peer-gateway/PeerGateway] 	disconnecting gateway for user User1
2026.08.25-08:13:45.768 info  [caliper] [connectors/peer-gateway/PeerGateway] 	disconnecting gateway for user User1
2026.08.25-08:13:45.768 info  [caliper] [connectors/peer-gateway/PeerGateway] 	disconnecting gateway for user _Org2MSP_User1
2026.08.25-08:13:45.768 info  [caliper] [connectors/peer-gateway/PeerGateway] 	disconnecting gRpc client at peer peer0.org1.example.com
2026.08.25-08:13:45.768 info  [caliper] [connectors/peer-gateway/PeerGateway] 	disconnecting gateway for user _Org2MSP_User1
2026.08.25-08:13:45.768 info  [caliper] [connectors/peer-gateway/PeerGateway] 	disconnecting gRpc client at peer peer0.org1.example.com
2026.08.25-08:13:45.768 info  [caliper] [caliper-worker] 	Info: worker 3 prepare test phase for round 4 is starting...
2026.08.25-08:13:45.768 info  [caliper] [connectors/peer-gateway/PeerGateway] 	disconnecting gRpc client at peer peer0.org2.example.com
2026.08.25-08:13:45.768 info  [caliper] [caliper-worker] 	Info: worker 1 prepare test phase for round 4 is completed
2026.08.25-08:13:45.768 info  [caliper] [connectors/peer-gateway/PeerGateway] 	disconnecting gRpc client at peer peer0.org2.example.com
2026.08.25-08:13:45.768 info  [caliper] [worker-message-handler] 	Worker#1 prepared for Round#4
2026.08.25-08:13:45.768 info  [caliper] [caliper-worker] 	Info: worker 2 prepare test phase for round 4 is completed
2026.08.25-08:13:45.768 info  [caliper] [worker-message-handler] 	Worker#2 prepared for Round#4
2026.08.25-08:13:45.770 info  [caliper] [connectors/peer-gateway/PeerGateway] 	disconnecting gateway for user User1
2026.08.25-08:13:45.770 info  [caliper] [connectors/peer-gateway/PeerGateway] 	disconnecting gateway for user _Org2MSP_User1
2026.08.25-08:13:45.770 info  [caliper] [connectors/peer-gateway/PeerGateway] 	disconnecting gRpc client at peer peer0.org1.example.com
2026.08.25-08:13:45.770 info  [caliper] [connectors/peer-gateway/PeerGateway] 	disconnecting gRpc client at peer peer0.org2.example.com
2026.08.25-08:13:45.770 info  [caliper] [caliper-worker] 	Info: worker 3 prepare test phase for round 4 is completed
2026.08.25-08:13:45.770 info  [caliper] [worker-message-handler] 	Worker#3 prepared for Round#4
2026.08.25-08:13:45.770 info  [caliper] [worker-orchestrator] 	4 workers prepared, progressing to test phase.
2026.08.25-08:13:45.771 info  [caliper] [round-orchestrator] 	Monitors successfully started
2026.08.25-08:13:45.771 info  [caliper] [worker-message-handler] 	Worker#0 is starting Round#4
2026.08.25-08:13:45.773 info  [caliper] [worker-message-handler] 	Worker#1 is starting Round#4
2026.08.25-08:13:45.773 info  [caliper] [worker-message-handler] 	Worker#2 is starting Round#4
2026.08.25-08:13:45.773 info  [caliper] [worker-message-handler] 	Worker#3 is starting Round#4
2026.08.25-08:13:45.778 info  [caliper] [connectors/peer-gateway/PeerGateway] 	Generating contract map for user User1
2026.08.25-08:13:45.779 info  [caliper] [connectors/peer-gateway/PeerGateway] 	Generating contract map for user User1
2026.08.25-08:13:45.779 info  [caliper] [connectors/peer-gateway/PeerGateway] 	Generating contract map for user User1
2026.08.25-08:13:45.780 info  [caliper] [connectors/peer-gateway/PeerGateway] 	Generating contract map for user User1
2026.08.25-08:13:45.783 info  [caliper] [connectors/peer-gateway/PeerGateway] 	Generating contract map for user _Org2MSP_User1
2026.08.25-08:13:45.783 info  [caliper] [connectors/peer-gateway/PeerGateway] 	Generating contract map for user _Org2MSP_User1
2026.08.25-08:13:45.783 info  [caliper] [connectors/peer-gateway/PeerGateway] 	Generating contract map for user _Org2MSP_User1
2026.08.25-08:13:45.784 info  [caliper] [caliper-worker] 	Worker #0 starting workload loop
2026.08.25-08:13:45.784 info  [caliper] [caliper-worker] 	Worker #2 starting workload loop
2026.08.25-08:13:45.784 info  [caliper] [connectors/peer-gateway/PeerGateway] 	Generating contract map for user _Org2MSP_User1
2026.08.25-08:13:45.784 info  [caliper] [caliper-worker] 	Worker #1 starting workload loop
2026.08.25-08:13:45.784 info  [caliper] [caliper-worker] 	Worker #3 starting workload loop
2026.08.25-08:13:50.771 info  [caliper] [default-observer] 	[rate-500 Round 4 Transaction Info] - Submitted: 2002 Succ: 1677 Fail:0 Unfinished:325
2026.08.25-08:13:55.773 info  [caliper] [default-observer] 	[rate-500 Round 4 Transaction Info] - Submitted: 4503 Succ: 3826 Fail:0 Unfinished:677
2026.08.25-08:14:00.773 info  [caliper] [default-observer] 	[rate-500 Round 4 Transaction Info] - Submitted: 7009 Succ: 6201 Fail:0 Unfinished:808
2026.08.25-08:14:05.773 info  [caliper] [default-observer] 	[rate-500 Round 4 Transaction Info] - Submitted: 9509 Succ: 8647 Fail:0 Unfinished:862
2026.08.25-08:14:10.773 info  [caliper] [default-observer] 	[rate-500 Round 4 Transaction Info] - Submitted: 12013 Succ: 10966 Fail:0 Unfinished:1047
2026.08.25-08:14:15.773 info  [caliper] [default-observer] 	[rate-500 Round 4 Transaction Info] - Submitted: 14512 Succ: 13326 Fail:0 Unfinished:1186
2026.08.25-08:14:20.774 info  [caliper] [default-observer] 	[rate-500 Round 4 Transaction Info] - Submitted: 15004 Succ: 14549 Fail:0 Unfinished:455
2026.08.25-08:14:25.776 info  [caliper] [default-observer] 	[rate-500 Round 4 Transaction Info] - Submitted: 15004 Succ: 14919 Fail:0 Unfinished:85
2026.08.25-08:14:26.806 info  [caliper] [connectors/peer-gateway/PeerGateway] 	disconnecting gateway for user User1
2026.08.25-08:14:26.806 info  [caliper] [connectors/peer-gateway/PeerGateway] 	disconnecting gateway for user _Org2MSP_User1
2026.08.25-08:14:26.806 info  [caliper] [connectors/peer-gateway/PeerGateway] 	disconnecting gRpc client at peer peer0.org1.example.com
2026.08.25-08:14:26.807 info  [caliper] [connectors/peer-gateway/PeerGateway] 	disconnecting gRpc client at peer peer0.org2.example.com
2026.08.25-08:14:26.807 info  [caliper] [worker-message-handler] 	Worker#0 finished Round#4
2026.08.25-08:14:26.808 info  [caliper] [connectors/peer-gateway/PeerGateway] 	disconnecting gateway for user User1
2026.08.25-08:14:26.808 info  [caliper] [connectors/peer-gateway/PeerGateway] 	disconnecting gateway for user _Org2MSP_User1
2026.08.25-08:14:26.808 info  [caliper] [connectors/peer-gateway/PeerGateway] 	disconnecting gRpc client at peer peer0.org1.example.com
2026.08.25-08:14:26.808 info  [caliper] [connectors/peer-gateway/PeerGateway] 	disconnecting gRpc client at peer peer0.org2.example.com
2026.08.25-08:14:26.808 info  [caliper] [worker-message-handler] 	Worker#2 finished Round#4
2026.08.25-08:14:27.006 info  [caliper] [connectors/peer-gateway/PeerGateway] 	disconnecting gateway for user User1
2026.08.25-08:14:27.006 info  [caliper] [connectors/peer-gateway/PeerGateway] 	disconnecting gateway for user _Org2MSP_User1
2026.08.25-08:14:27.006 info  [caliper] [connectors/peer-gateway/PeerGateway] 	disconnecting gRpc client at peer peer0.org1.example.com
2026.08.25-08:14:27.006 info  [caliper] [connectors/peer-gateway/PeerGateway] 	disconnecting gRpc client at peer peer0.org2.example.com
2026.08.25-08:14:27.006 info  [caliper] [worker-message-handler] 	Worker#1 finished Round#4
2026.08.25-08:14:27.007 info  [caliper] [connectors/peer-gateway/PeerGateway] 	disconnecting gateway for user User1
2026.08.25-08:14:27.007 info  [caliper] [connectors/peer-gateway/PeerGateway] 	disconnecting gateway for user _Org2MSP_User1
2026.08.25-08:14:27.007 info  [caliper] [connectors/peer-gateway/PeerGateway] 	disconnecting gRpc client at peer peer0.org1.example.com
2026.08.25-08:14:27.007 info  [caliper] [connectors/peer-gateway/PeerGateway] 	disconnecting gRpc client at peer peer0.org2.example.com
2026.08.25-08:14:27.007 info  [caliper] [worker-message-handler] 	Worker#3 finished Round#4
2026.08.25-08:14:32.009 info  [caliper] [default-observer] 	Resetting txCount indicator count
2026.08.25-08:14:32.009 info  [caliper] [report-builder] 	### Test result ###
2026.08.25-08:14:32.010 info  [caliper] [report-builder] 	
+----------+-------+------+-----------------+-----------------+-----------------+-----------------+------------------+
| Name     | Succ  | Fail | Send Rate (TPS) | Max Latency (s) | Min Latency (s) | Avg Latency (s) | Throughput (TPS) |
|----------|-------|------|-----------------|-----------------|-----------------|-----------------|------------------|
| rate-500 | 15004 | 0    | 500.1           | 10.98           | 0.04            | 1.79            | 373.3            |
+----------+-------+------+-----------------+-----------------+-----------------+-----------------+------------------+

2026.08.25-08:14:32.010 info  [caliper] [round-orchestrator] 	Finished round 5 (rate-500) in 40.222 seconds
2026.08.25-08:14:32.010 info  [caliper] [monitor.js] 	Stopping all monitors
2026.08.25-08:14:32.011 info  [caliper] [report-builder] 	### All test results ###
2026.08.25-08:14:32.011 info  [caliper] [report-builder] 	
+----------+-------+------+-----------------+-----------------+-----------------+-----------------+------------------+
| Name     | Succ  | Fail | Send Rate (TPS) | Max Latency (s) | Min Latency (s) | Avg Latency (s) | Throughput (TPS) |
|----------|-------|------|-----------------|-----------------|-----------------|-----------------|------------------|
| rate-100 | 3004  | 0    | 100.1           | 13.94           | 0.03            | 2.15            | 85.2             |
|----------|-------|------|-----------------|-----------------|-----------------|-----------------|------------------|
| rate-200 | 6004  | 0    | 200.1           | 10.38           | 0.03            | 0.77            | 160.9            |
|----------|-------|------|-----------------|-----------------|-----------------|-----------------|------------------|
| rate-300 | 9004  | 0    | 300.2           | 10.61           | 0.03            | 1.08            | 225.4            |
|----------|-------|------|-----------------|-----------------|-----------------|-----------------|------------------|
| rate-400 | 12004 | 0    | 400.1           | 10.30           | 0.03            | 1.32            | 298.7            |
|----------|-------|------|-----------------|-----------------|-----------------|-----------------|------------------|
| rate-500 | 15004 | 0    | 500.1           | 10.98           | 0.04            | 1.79            | 373.3            |
+----------+-------+------+-----------------+-----------------+-----------------+-----------------+------------------+

2026.08.25-08:14:32.060 info  [caliper] [report-builder] 	Generated report with path /hyperledger/caliper/workspace/report-r25b-F_follower.html
2026.08.25-08:14:32.060 info  [caliper] [monitor.js] 	Stopping all monitors
2026.08.25-08:14:32.060 info  [caliper] [worker-orchestrator] 	Sending exit message to connected workers
2026.08.25-08:14:32.061 info  [caliper] [round-orchestrator] 	Benchmark finished in 243.533 seconds. Total rounds: 5. Successful rounds: 5. Failed rounds: 0.
2026.08.25-08:14:32.061 info  [caliper] [caliper-engine] 	Skipping end command due to benchmark flow conditioning
2026.08.25-08:14:32.061 info  [caliper] [cli-launch-manager] 	Benchmark successfully finished!
2026.08.25-08:14:32.061 info  [caliper] [worker-message-handler] 	Worker#0 is exiting
2026.08.25-08:14:32.061 info  [caliper] [worker-message-handler] 	Worker#1 is exiting
2026.08.25-08:14:32.061 info  [caliper] [worker-message-handler] 	Worker#2 is exiting
2026.08.25-08:14:32.061 info  [caliper] [worker-message-handler] 	Worker#3 is exiting
