2026.08.25-08:28:02.728 info  [caliper] [cli-launch-manager] 	Binding specification is present, performing binding for "fabric:fabric-gateway"
2026.08.25-08:28:02.730 warn  [caliper] [bind] 	Working directory is not specified. Current path: "/hyperledger/caliper/workspace"
2026.08.25-08:28:02.730 info  [caliper] [bind] 	User-provided arguments for npm: "-g"
2026.08.25-08:28:02.730 info  [caliper] [bind] 	Binding for fabric@fabric-gateway. This might take some time...
2026.08.25-08:28:02.731 info  [caliper] [bind] 	Using working directory: /hyperledger/caliper/workspace
2026.08.25-08:28:02.731 info  [caliper] [bind] 	Calling npm with: install -g @hyperledger/fabric-gateway@1.5.0 @grpc/grpc-js@1.10.3

added 82 packages in 6s

4 packages are looking for funding
  run `npm fund` for details
npm notice 
npm notice New major version of npm available! 10.2.4 -> 12.0.2
npm notice Changelog: <https://github.com/npm/cli/releases/tag/v12.0.2>
npm notice Run `npm install -g npm@12.0.2` to update!
npm notice 
2026.08.25-08:28:08.682 info  [caliper] [cli-launch-manager] 	Set workspace path: /hyperledger/caliper/workspace
2026.08.25-08:28:08.682 info  [caliper] [cli-launch-manager] 	Set benchmark configuration path: /hyperledger/caliper/workspace/benchmarks/belowceiling-sweep.yaml
2026.08.25-08:28:08.683 info  [caliper] [cli-launch-manager] 	Set network configuration path: /hyperledger/caliper/workspace/networks/fabric-5node.yaml
2026.08.25-08:28:08.683 info  [caliper] [cli-launch-manager] 	Set SUT type: fabric
2026.08.25-08:28:08.686 info  [caliper] [benchmark-validator] 	No observer specified, will default to `none`
2026.08.25-08:28:08.686 info  [caliper] [caliper-engine] 	Starting benchmark flow
2026.08.25-08:28:08.686 info  [caliper] [caliper-engine] 	Skipping start commands due to benchmark flow conditioning
2026.08.25-08:28:08.686 info  [caliper] [caliper-engine] 	Skipping initialization phase due to benchmark flow conditioning
2026.08.25-08:28:08.687 info  [caliper] [caliper-engine] 	Skipping install smart contract phase due to benchmark flow conditioning
2026.08.25-08:28:08.980 info  [caliper] [FabricConnectorFactory] 	Initializing peer gateway connector compatible with installed fabric-gateway SDK: 1.5.0
2026.08.25-08:28:09.022 info  [caliper] [IdentityManager] 	Adding User1 (admin=false) as User1 for organization Org1MSP
2026.08.25-08:28:09.032 info  [caliper] [IdentityManager] 	Adding User1 (admin=false) as _Org2MSP_User1 for organization Org2MSP
2026.08.25-08:28:09.034 info  [caliper] [monitor.js] 	No resource monitors specified
2026.08.25-08:28:09.035 info  [caliper] [default-observer] 	Observer interval set to 5000 milliseconds
2026.08.25-08:28:09.037 info  [caliper] [round-orchestrator] 	Preparing worker connections
2026.08.25-08:28:09.037 info  [caliper] [worker-orchestrator] 	Launching worker 1 of 4
2026.08.25-08:28:09.039 info  [caliper] [worker-orchestrator] 	Launching worker 2 of 4
2026.08.25-08:28:09.040 info  [caliper] [worker-orchestrator] 	Launching worker 3 of 4
2026.08.25-08:28:09.041 info  [caliper] [worker-orchestrator] 	Launching worker 4 of 4
2026.08.25-08:28:09.042 info  [caliper] [worker-orchestrator] 	Messenger not configured, entering configure phase...
2026.08.25-08:28:09.043 info  [caliper] [worker-orchestrator] 	No existing workers detected, entering worker launch phase...
2026.08.25-08:28:09.044 info  [caliper] [worker-orchestrator] 	Waiting for 4 workers to be connected...
2026.08.25-08:28:09.277 info  [caliper] [cli-launch-worker] 	Worker is a locally forked process, skipping the binding step, already performed by the manager process
2026.08.25-08:28:09.278 info  [caliper] [cli-launch-worker] 	Worker is a locally forked process, skipping the binding step, already performed by the manager process
2026.08.25-08:28:09.278 info  [caliper] [cli-launch-worker] 	Set workspace path: /hyperledger/caliper/workspace
2026.08.25-08:28:09.278 info  [caliper] [cli-launch-worker] 	Set benchmark configuration path: /hyperledger/caliper/workspace/benchmarks/belowceiling-sweep.yaml
2026.08.25-08:28:09.279 info  [caliper] [cli-launch-worker] 	Set workspace path: /hyperledger/caliper/workspace
2026.08.25-08:28:09.279 info  [caliper] [cli-launch-worker] 	Set benchmark configuration path: /hyperledger/caliper/workspace/benchmarks/belowceiling-sweep.yaml
2026.08.25-08:28:09.279 info  [caliper] [cli-launch-worker] 	Set network configuration path: /hyperledger/caliper/workspace/networks/fabric-5node.yaml
2026.08.25-08:28:09.279 info  [caliper] [cli-launch-worker] 	Set SUT type: fabric
2026.08.25-08:28:09.279 info  [caliper] [cli-launch-worker] 	Set network configuration path: /hyperledger/caliper/workspace/networks/fabric-5node.yaml
2026.08.25-08:28:09.279 info  [caliper] [cli-launch-worker] 	Set SUT type: fabric
2026.08.25-08:28:09.282 info  [caliper] [cli-launch-worker] 	Worker is a locally forked process, skipping the binding step, already performed by the manager process
2026.08.25-08:28:09.282 info  [caliper] [cli-launch-worker] 	Worker is a locally forked process, skipping the binding step, already performed by the manager process
2026.08.25-08:28:09.283 info  [caliper] [cli-launch-worker] 	Set workspace path: /hyperledger/caliper/workspace
2026.08.25-08:28:09.283 info  [caliper] [cli-launch-worker] 	Set workspace path: /hyperledger/caliper/workspace
2026.08.25-08:28:09.283 info  [caliper] [cli-launch-worker] 	Set benchmark configuration path: /hyperledger/caliper/workspace/benchmarks/belowceiling-sweep.yaml
2026.08.25-08:28:09.283 info  [caliper] [cli-launch-worker] 	Set benchmark configuration path: /hyperledger/caliper/workspace/benchmarks/belowceiling-sweep.yaml
2026.08.25-08:28:09.283 info  [caliper] [cli-launch-worker] 	Set network configuration path: /hyperledger/caliper/workspace/networks/fabric-5node.yaml
2026.08.25-08:28:09.283 info  [caliper] [cli-launch-worker] 	Set network configuration path: /hyperledger/caliper/workspace/networks/fabric-5node.yaml
2026.08.25-08:28:09.284 info  [caliper] [cli-launch-worker] 	Set SUT type: fabric
2026.08.25-08:28:09.284 info  [caliper] [cli-launch-worker] 	Set SUT type: fabric
2026.08.25-08:28:09.297 info  [caliper] [worker-orchestrator] 	4 workers connected, progressing to worker assignment phase.
2026.08.25-08:28:09.297 info  [caliper] [worker-orchestrator] 	Workers currently unassigned, awaiting index assignment...
2026.08.25-08:28:09.298 info  [caliper] [worker-orchestrator] 	Waiting for 4 workers to be assigned...
2026.08.25-08:28:09.312 info  [caliper] [worker-orchestrator] 	4 workers assigned, progressing to worker initialization phase.
2026.08.25-08:28:09.312 info  [caliper] [worker-orchestrator] 	Waiting for 4 workers to be ready...
2026.08.25-08:28:09.313 info  [caliper] [worker-message-handler] 	Initializing Worker#1...
2026.08.25-08:28:09.313 info  [caliper] [worker-message-handler] 	Initializing Worker#0...
2026.08.25-08:28:09.313 info  [caliper] [worker-message-handler] 	Initializing Worker#2...
2026.08.25-08:28:09.313 info  [caliper] [worker-message-handler] 	Initializing Worker#3...
2026.08.25-08:28:09.614 info  [caliper] [FabricConnectorFactory] 	Initializing peer gateway connector compatible with installed fabric-gateway SDK: 1.5.0
2026.08.25-08:28:09.619 info  [caliper] [FabricConnectorFactory] 	Initializing peer gateway connector compatible with installed fabric-gateway SDK: 1.5.0
2026.08.25-08:28:09.622 info  [caliper] [FabricConnectorFactory] 	Initializing peer gateway connector compatible with installed fabric-gateway SDK: 1.5.0
2026.08.25-08:28:09.624 info  [caliper] [FabricConnectorFactory] 	Initializing peer gateway connector compatible with installed fabric-gateway SDK: 1.5.0
2026.08.25-08:28:09.648 info  [caliper] [IdentityManager] 	Adding User1 (admin=false) as User1 for organization Org1MSP
2026.08.25-08:28:09.648 info  [caliper] [IdentityManager] 	Adding User1 (admin=false) as User1 for organization Org1MSP
2026.08.25-08:28:09.651 info  [caliper] [IdentityManager] 	Adding User1 (admin=false) as User1 for organization Org1MSP
2026.08.25-08:28:09.652 info  [caliper] [IdentityManager] 	Adding User1 (admin=false) as User1 for organization Org1MSP
2026.08.25-08:28:09.654 info  [caliper] [IdentityManager] 	Adding User1 (admin=false) as _Org2MSP_User1 for organization Org2MSP
2026.08.25-08:28:09.654 info  [caliper] [IdentityManager] 	Adding User1 (admin=false) as _Org2MSP_User1 for organization Org2MSP
2026.08.25-08:28:09.655 info  [caliper] [IdentityManager] 	Adding User1 (admin=false) as _Org2MSP_User1 for organization Org2MSP
2026.08.25-08:28:09.659 info  [caliper] [IdentityManager] 	Adding User1 (admin=false) as _Org2MSP_User1 for organization Org2MSP
2026.08.25-08:28:09.659 info  [caliper] [worker-message-handler] 	Worker#2 initialized
2026.08.25-08:28:09.659 info  [caliper] [worker-message-handler] 	Worker#0 initialized
2026.08.25-08:28:09.659 info  [caliper] [worker-message-handler] 	Worker#1 initialized
2026.08.25-08:28:09.664 info  [caliper] [worker-message-handler] 	Worker#3 initialized
2026.08.25-08:28:09.664 info  [caliper] [worker-orchestrator] 	4 workers ready, progressing to test preparation phase.
2026.08.25-08:28:09.664 info  [caliper] [round-orchestrator] 	Started round 1 (rate-100)
2026.08.25-08:28:09.665 info  [caliper] [worker-message-handler] 	Preparing Worker#0 for Round#0
2026.08.25-08:28:09.665 info  [caliper] [worker-message-handler] 	Preparing Worker#1 for Round#0
2026.08.25-08:28:09.665 info  [caliper] [worker-message-handler] 	Preparing Worker#3 for Round#0
2026.08.25-08:28:09.665 info  [caliper] [worker-message-handler] 	Preparing Worker#2 for Round#0
2026.08.25-08:28:09.705 info  [caliper] [connectors/peer-gateway/PeerGateway] 	Generating contract map for user User1
2026.08.25-08:28:09.705 info  [caliper] [connectors/peer-gateway/PeerGateway] 	Generating contract map for user User1
2026.08.25-08:28:09.706 info  [caliper] [connectors/peer-gateway/PeerGateway] 	Generating contract map for user User1
2026.08.25-08:28:09.707 info  [caliper] [connectors/peer-gateway/PeerGateway] 	Generating contract map for user User1
2026.08.25-08:28:09.714 info  [caliper] [connectors/peer-gateway/PeerGateway] 	Generating contract map for user _Org2MSP_User1
2026.08.25-08:28:09.714 info  [caliper] [connectors/peer-gateway/PeerGateway] 	Generating contract map for user _Org2MSP_User1
2026.08.25-08:28:09.714 info  [caliper] [caliper-worker] 	Info: worker 0 prepare test phase for round 0 is starting...
2026.08.25-08:28:09.714 info  [caliper] [caliper-worker] 	Info: worker 1 prepare test phase for round 0 is starting...
2026.08.25-08:28:09.714 info  [caliper] [connectors/peer-gateway/PeerGateway] 	Generating contract map for user _Org2MSP_User1
2026.08.25-08:28:09.714 info  [caliper] [caliper-worker] 	Info: worker 2 prepare test phase for round 0 is starting...
2026.08.25-08:28:09.714 info  [caliper] [connectors/peer-gateway/PeerGateway] 	Generating contract map for user _Org2MSP_User1
2026.08.25-08:28:09.715 info  [caliper] [caliper-worker] 	Info: worker 3 prepare test phase for round 0 is starting...
2026.08.25-08:28:09.716 info  [caliper] [connectors/peer-gateway/PeerGateway] 	disconnecting gateway for user User1
2026.08.25-08:28:09.716 info  [caliper] [connectors/peer-gateway/PeerGateway] 	disconnecting gateway for user _Org2MSP_User1
2026.08.25-08:28:09.716 info  [caliper] [connectors/peer-gateway/PeerGateway] 	disconnecting gateway for user User1
2026.08.25-08:28:09.716 info  [caliper] [connectors/peer-gateway/PeerGateway] 	disconnecting gRpc client at peer peer0.org1.example.com
2026.08.25-08:28:09.716 info  [caliper] [connectors/peer-gateway/PeerGateway] 	disconnecting gateway for user _Org2MSP_User1
2026.08.25-08:28:09.716 info  [caliper] [connectors/peer-gateway/PeerGateway] 	disconnecting gRpc client at peer peer0.org1.example.com
2026.08.25-08:28:09.716 info  [caliper] [connectors/peer-gateway/PeerGateway] 	disconnecting gRpc client at peer peer0.org2.example.com
2026.08.25-08:28:09.716 info  [caliper] [connectors/peer-gateway/PeerGateway] 	disconnecting gateway for user User1
2026.08.25-08:28:09.716 info  [caliper] [connectors/peer-gateway/PeerGateway] 	disconnecting gRpc client at peer peer0.org2.example.com
2026.08.25-08:28:09.716 info  [caliper] [caliper-worker] 	Info: worker 0 prepare test phase for round 0 is completed
2026.08.25-08:28:09.716 info  [caliper] [worker-message-handler] 	Worker#0 prepared for Round#0
2026.08.25-08:28:09.716 info  [caliper] [connectors/peer-gateway/PeerGateway] 	disconnecting gateway for user _Org2MSP_User1
2026.08.25-08:28:09.716 info  [caliper] [caliper-worker] 	Info: worker 2 prepare test phase for round 0 is completed
2026.08.25-08:28:09.716 info  [caliper] [worker-message-handler] 	Worker#2 prepared for Round#0
2026.08.25-08:28:09.716 info  [caliper] [connectors/peer-gateway/PeerGateway] 	disconnecting gateway for user User1
2026.08.25-08:28:09.716 info  [caliper] [connectors/peer-gateway/PeerGateway] 	disconnecting gateway for user _Org2MSP_User1
2026.08.25-08:28:09.716 info  [caliper] [connectors/peer-gateway/PeerGateway] 	disconnecting gRpc client at peer peer0.org1.example.com
2026.08.25-08:28:09.716 info  [caliper] [connectors/peer-gateway/PeerGateway] 	disconnecting gRpc client at peer peer0.org1.example.com
2026.08.25-08:28:09.717 info  [caliper] [connectors/peer-gateway/PeerGateway] 	disconnecting gRpc client at peer peer0.org2.example.com
2026.08.25-08:28:09.717 info  [caliper] [caliper-worker] 	Info: worker 3 prepare test phase for round 0 is completed
2026.08.25-08:28:09.717 info  [caliper] [worker-message-handler] 	Worker#3 prepared for Round#0
2026.08.25-08:28:09.717 info  [caliper] [connectors/peer-gateway/PeerGateway] 	disconnecting gRpc client at peer peer0.org2.example.com
2026.08.25-08:28:09.718 info  [caliper] [caliper-worker] 	Info: worker 1 prepare test phase for round 0 is completed
2026.08.25-08:28:09.718 info  [caliper] [worker-message-handler] 	Worker#1 prepared for Round#0
2026.08.25-08:28:09.718 info  [caliper] [worker-orchestrator] 	4 workers prepared, progressing to test phase.
2026.08.25-08:28:09.718 info  [caliper] [round-orchestrator] 	Monitors successfully started
2026.08.25-08:28:09.719 info  [caliper] [worker-message-handler] 	Worker#0 is starting Round#0
2026.08.25-08:28:09.719 info  [caliper] [worker-message-handler] 	Worker#1 is starting Round#0
2026.08.25-08:28:09.719 info  [caliper] [worker-message-handler] 	Worker#3 is starting Round#0
2026.08.25-08:28:09.720 info  [caliper] [worker-message-handler] 	Worker#2 is starting Round#0
2026.08.25-08:28:09.725 info  [caliper] [connectors/peer-gateway/PeerGateway] 	Generating contract map for user User1
2026.08.25-08:28:09.725 info  [caliper] [connectors/peer-gateway/PeerGateway] 	Generating contract map for user User1
2026.08.25-08:28:09.725 info  [caliper] [connectors/peer-gateway/PeerGateway] 	Generating contract map for user User1
2026.08.25-08:28:09.727 info  [caliper] [connectors/peer-gateway/PeerGateway] 	Generating contract map for user User1
2026.08.25-08:28:09.729 info  [caliper] [connectors/peer-gateway/PeerGateway] 	Generating contract map for user _Org2MSP_User1
2026.08.25-08:28:09.729 info  [caliper] [connectors/peer-gateway/PeerGateway] 	Generating contract map for user _Org2MSP_User1
2026.08.25-08:28:09.729 info  [caliper] [connectors/peer-gateway/PeerGateway] 	Generating contract map for user _Org2MSP_User1
2026.08.25-08:28:09.730 info  [caliper] [caliper-worker] 	Worker #0 starting workload loop
2026.08.25-08:28:09.730 info  [caliper] [caliper-worker] 	Worker #2 starting workload loop
2026.08.25-08:28:09.731 info  [caliper] [caliper-worker] 	Worker #3 starting workload loop
2026.08.25-08:28:09.733 info  [caliper] [connectors/peer-gateway/PeerGateway] 	Generating contract map for user _Org2MSP_User1
2026.08.25-08:28:09.735 info  [caliper] [caliper-worker] 	Worker #1 starting workload loop
2026.08.25-08:28:14.726 info  [caliper] [default-observer] 	[rate-100 Round 0 Transaction Info] - Submitted: 400 Succ: 390 Fail:0 Unfinished:10
2026.08.25-08:28:19.719 info  [caliper] [default-observer] 	[rate-100 Round 0 Transaction Info] - Submitted: 902 Succ: 900 Fail:0 Unfinished:2
2026.08.25-08:28:24.721 info  [caliper] [default-observer] 	[rate-100 Round 0 Transaction Info] - Submitted: 1403 Succ: 1400 Fail:0 Unfinished:3
2026.08.25-08:28:29.721 info  [caliper] [default-observer] 	[rate-100 Round 0 Transaction Info] - Submitted: 1903 Succ: 1900 Fail:0 Unfinished:3
2026.08.25-08:28:34.722 info  [caliper] [default-observer] 	[rate-100 Round 0 Transaction Info] - Submitted: 2403 Succ: 2400 Fail:0 Unfinished:3
2026.08.25-08:28:39.723 info  [caliper] [default-observer] 	[rate-100 Round 0 Transaction Info] - Submitted: 2903 Succ: 2900 Fail:0 Unfinished:3
2026.08.25-08:28:42.835 info  [caliper] [connectors/peer-gateway/PeerGateway] 	disconnecting gateway for user User1
2026.08.25-08:28:42.835 info  [caliper] [connectors/peer-gateway/PeerGateway] 	disconnecting gateway for user _Org2MSP_User1
2026.08.25-08:28:42.835 info  [caliper] [connectors/peer-gateway/PeerGateway] 	disconnecting gRpc client at peer peer0.org1.example.com
2026.08.25-08:28:42.836 info  [caliper] [connectors/peer-gateway/PeerGateway] 	disconnecting gRpc client at peer peer0.org2.example.com
2026.08.25-08:28:42.836 info  [caliper] [worker-message-handler] 	Worker#2 finished Round#0
2026.08.25-08:28:42.837 info  [caliper] [connectors/peer-gateway/PeerGateway] 	disconnecting gateway for user User1
2026.08.25-08:28:42.837 info  [caliper] [connectors/peer-gateway/PeerGateway] 	disconnecting gateway for user _Org2MSP_User1
2026.08.25-08:28:42.837 info  [caliper] [connectors/peer-gateway/PeerGateway] 	disconnecting gRpc client at peer peer0.org1.example.com
2026.08.25-08:28:42.837 info  [caliper] [connectors/peer-gateway/PeerGateway] 	disconnecting gateway for user User1
2026.08.25-08:28:42.837 info  [caliper] [connectors/peer-gateway/PeerGateway] 	disconnecting gateway for user _Org2MSP_User1
2026.08.25-08:28:42.837 info  [caliper] [connectors/peer-gateway/PeerGateway] 	disconnecting gRpc client at peer peer0.org1.example.com
2026.08.25-08:28:42.837 info  [caliper] [connectors/peer-gateway/PeerGateway] 	disconnecting gRpc client at peer peer0.org2.example.com
2026.08.25-08:28:42.837 info  [caliper] [connectors/peer-gateway/PeerGateway] 	disconnecting gRpc client at peer peer0.org2.example.com
2026.08.25-08:28:42.837 info  [caliper] [worker-message-handler] 	Worker#3 finished Round#0
2026.08.25-08:28:42.837 info  [caliper] [worker-message-handler] 	Worker#0 finished Round#0
2026.08.25-08:28:42.842 info  [caliper] [connectors/peer-gateway/PeerGateway] 	disconnecting gateway for user User1
2026.08.25-08:28:42.842 info  [caliper] [connectors/peer-gateway/PeerGateway] 	disconnecting gateway for user _Org2MSP_User1
2026.08.25-08:28:42.842 info  [caliper] [connectors/peer-gateway/PeerGateway] 	disconnecting gRpc client at peer peer0.org1.example.com
2026.08.25-08:28:42.842 info  [caliper] [connectors/peer-gateway/PeerGateway] 	disconnecting gRpc client at peer peer0.org2.example.com
2026.08.25-08:28:42.842 info  [caliper] [worker-message-handler] 	Worker#1 finished Round#0
2026.08.25-08:28:47.847 info  [caliper] [default-observer] 	Resetting txCount indicator count
2026.08.25-08:28:47.847 info  [caliper] [report-builder] 	### Test result ###
2026.08.25-08:28:47.850 info  [caliper] [report-builder] 	
+----------+------+------+-----------------+-----------------+-----------------+-----------------+------------------+
| Name     | Succ | Fail | Send Rate (TPS) | Max Latency (s) | Min Latency (s) | Avg Latency (s) | Throughput (TPS) |
|----------|------|------|-----------------|-----------------|-----------------|-----------------|------------------|
| rate-100 | 3004 | 0    | 100.1           | 2.04            | 0.03            | 0.08            | 93.8             |
+----------+------+------+-----------------+-----------------+-----------------+-----------------+------------------+

2026.08.25-08:28:47.851 info  [caliper] [round-orchestrator] 	Finished round 1 (rate-100) in 32.111 seconds
2026.08.25-08:28:47.851 info  [caliper] [monitor.js] 	Stopping all monitors
2026.08.25-08:28:47.851 info  [caliper] [round-orchestrator] 	Waiting 5 seconds for the next round...
2026.08.25-08:28:52.855 info  [caliper] [round-orchestrator] 	Started round 2 (rate-200)
2026.08.25-08:28:52.855 info  [caliper] [worker-message-handler] 	Preparing Worker#0 for Round#1
2026.08.25-08:28:52.856 info  [caliper] [worker-message-handler] 	Preparing Worker#1 for Round#1
2026.08.25-08:28:52.856 info  [caliper] [worker-message-handler] 	Preparing Worker#2 for Round#1
2026.08.25-08:28:52.856 info  [caliper] [worker-message-handler] 	Preparing Worker#3 for Round#1
2026.08.25-08:28:52.864 info  [caliper] [connectors/peer-gateway/PeerGateway] 	Generating contract map for user User1
2026.08.25-08:28:52.865 info  [caliper] [connectors/peer-gateway/PeerGateway] 	Generating contract map for user User1
2026.08.25-08:28:52.865 info  [caliper] [connectors/peer-gateway/PeerGateway] 	Generating contract map for user User1
2026.08.25-08:28:52.866 info  [caliper] [connectors/peer-gateway/PeerGateway] 	Generating contract map for user User1
2026.08.25-08:28:52.870 info  [caliper] [connectors/peer-gateway/PeerGateway] 	Generating contract map for user _Org2MSP_User1
2026.08.25-08:28:52.870 info  [caliper] [connectors/peer-gateway/PeerGateway] 	Generating contract map for user _Org2MSP_User1
2026.08.25-08:28:52.870 info  [caliper] [caliper-worker] 	Info: worker 2 prepare test phase for round 1 is starting...
2026.08.25-08:28:52.870 info  [caliper] [caliper-worker] 	Info: worker 1 prepare test phase for round 1 is starting...
2026.08.25-08:28:52.871 info  [caliper] [connectors/peer-gateway/PeerGateway] 	disconnecting gateway for user User1
2026.08.25-08:28:52.871 info  [caliper] [connectors/peer-gateway/PeerGateway] 	disconnecting gateway for user User1
2026.08.25-08:28:52.871 info  [caliper] [connectors/peer-gateway/PeerGateway] 	disconnecting gateway for user _Org2MSP_User1
2026.08.25-08:28:52.871 info  [caliper] [connectors/peer-gateway/PeerGateway] 	disconnecting gateway for user _Org2MSP_User1
2026.08.25-08:28:52.871 info  [caliper] [connectors/peer-gateway/PeerGateway] 	disconnecting gRpc client at peer peer0.org1.example.com
2026.08.25-08:28:52.871 info  [caliper] [connectors/peer-gateway/PeerGateway] 	disconnecting gRpc client at peer peer0.org1.example.com
2026.08.25-08:28:52.871 info  [caliper] [connectors/peer-gateway/PeerGateway] 	disconnecting gRpc client at peer peer0.org2.example.com
2026.08.25-08:28:52.871 info  [caliper] [connectors/peer-gateway/PeerGateway] 	disconnecting gRpc client at peer peer0.org2.example.com
2026.08.25-08:28:52.871 info  [caliper] [caliper-worker] 	Info: worker 1 prepare test phase for round 1 is completed
2026.08.25-08:28:52.871 info  [caliper] [caliper-worker] 	Info: worker 2 prepare test phase for round 1 is completed
2026.08.25-08:28:52.871 info  [caliper] [worker-message-handler] 	Worker#1 prepared for Round#1
2026.08.25-08:28:52.871 info  [caliper] [worker-message-handler] 	Worker#2 prepared for Round#1
2026.08.25-08:28:52.872 info  [caliper] [connectors/peer-gateway/PeerGateway] 	Generating contract map for user _Org2MSP_User1
2026.08.25-08:28:52.872 info  [caliper] [caliper-worker] 	Info: worker 3 prepare test phase for round 1 is starting...
2026.08.25-08:28:52.873 info  [caliper] [connectors/peer-gateway/PeerGateway] 	Generating contract map for user _Org2MSP_User1
2026.08.25-08:28:52.873 info  [caliper] [caliper-worker] 	Info: worker 0 prepare test phase for round 1 is starting...
2026.08.25-08:28:52.873 info  [caliper] [connectors/peer-gateway/PeerGateway] 	disconnecting gateway for user User1
2026.08.25-08:28:52.874 info  [caliper] [connectors/peer-gateway/PeerGateway] 	disconnecting gateway for user _Org2MSP_User1
2026.08.25-08:28:52.874 info  [caliper] [connectors/peer-gateway/PeerGateway] 	disconnecting gRpc client at peer peer0.org1.example.com
2026.08.25-08:28:52.874 info  [caliper] [connectors/peer-gateway/PeerGateway] 	disconnecting gRpc client at peer peer0.org2.example.com
2026.08.25-08:28:52.874 info  [caliper] [caliper-worker] 	Info: worker 3 prepare test phase for round 1 is completed
2026.08.25-08:28:52.874 info  [caliper] [worker-message-handler] 	Worker#3 prepared for Round#1
2026.08.25-08:28:52.874 info  [caliper] [connectors/peer-gateway/PeerGateway] 	disconnecting gateway for user User1
2026.08.25-08:28:52.874 info  [caliper] [connectors/peer-gateway/PeerGateway] 	disconnecting gateway for user _Org2MSP_User1
2026.08.25-08:28:52.874 info  [caliper] [connectors/peer-gateway/PeerGateway] 	disconnecting gRpc client at peer peer0.org1.example.com
2026.08.25-08:28:52.874 info  [caliper] [connectors/peer-gateway/PeerGateway] 	disconnecting gRpc client at peer peer0.org2.example.com
2026.08.25-08:28:52.874 info  [caliper] [caliper-worker] 	Info: worker 0 prepare test phase for round 1 is completed
2026.08.25-08:28:52.874 info  [caliper] [worker-message-handler] 	Worker#0 prepared for Round#1
2026.08.25-08:28:52.875 info  [caliper] [worker-orchestrator] 	4 workers prepared, progressing to test phase.
2026.08.25-08:28:52.875 info  [caliper] [round-orchestrator] 	Monitors successfully started
2026.08.25-08:28:52.875 info  [caliper] [worker-message-handler] 	Worker#0 is starting Round#1
2026.08.25-08:28:52.875 info  [caliper] [worker-message-handler] 	Worker#1 is starting Round#1
2026.08.25-08:28:52.875 info  [caliper] [worker-message-handler] 	Worker#2 is starting Round#1
2026.08.25-08:28:52.876 info  [caliper] [worker-message-handler] 	Worker#3 is starting Round#1
2026.08.25-08:28:52.880 info  [caliper] [connectors/peer-gateway/PeerGateway] 	Generating contract map for user User1
2026.08.25-08:28:52.881 info  [caliper] [connectors/peer-gateway/PeerGateway] 	Generating contract map for user User1
2026.08.25-08:28:52.881 info  [caliper] [connectors/peer-gateway/PeerGateway] 	Generating contract map for user User1
2026.08.25-08:28:52.881 info  [caliper] [connectors/peer-gateway/PeerGateway] 	Generating contract map for user User1
2026.08.25-08:28:52.885 info  [caliper] [connectors/peer-gateway/PeerGateway] 	Generating contract map for user _Org2MSP_User1
2026.08.25-08:28:52.885 info  [caliper] [connectors/peer-gateway/PeerGateway] 	Generating contract map for user _Org2MSP_User1
2026.08.25-08:28:52.885 info  [caliper] [caliper-worker] 	Worker #3 starting workload loop
2026.08.25-08:28:52.885 info  [caliper] [connectors/peer-gateway/PeerGateway] 	Generating contract map for user _Org2MSP_User1
2026.08.25-08:28:52.885 info  [caliper] [connectors/peer-gateway/PeerGateway] 	Generating contract map for user _Org2MSP_User1
2026.08.25-08:28:52.885 info  [caliper] [caliper-worker] 	Worker #2 starting workload loop
2026.08.25-08:28:52.886 info  [caliper] [caliper-worker] 	Worker #1 starting workload loop
2026.08.25-08:28:52.886 info  [caliper] [caliper-worker] 	Worker #0 starting workload loop
2026.08.25-08:28:57.877 info  [caliper] [default-observer] 	[rate-200 Round 1 Transaction Info] - Submitted: 802 Succ: 790 Fail:0 Unfinished:12
2026.08.25-08:29:02.877 info  [caliper] [default-observer] 	[rate-200 Round 1 Transaction Info] - Submitted: 1803 Succ: 1780 Fail:0 Unfinished:23
2026.08.25-08:29:07.878 info  [caliper] [default-observer] 	[rate-200 Round 1 Transaction Info] - Submitted: 2804 Succ: 2790 Fail:0 Unfinished:14
2026.08.25-08:29:12.878 info  [caliper] [default-observer] 	[rate-200 Round 1 Transaction Info] - Submitted: 3803 Succ: 3790 Fail:0 Unfinished:13
2026.08.25-08:29:17.878 info  [caliper] [default-observer] 	[rate-200 Round 1 Transaction Info] - Submitted: 4804 Succ: 4790 Fail:0 Unfinished:14
2026.08.25-08:29:22.878 info  [caliper] [default-observer] 	[rate-200 Round 1 Transaction Info] - Submitted: 5804 Succ: 5790 Fail:0 Unfinished:14
2026.08.25-08:29:25.991 info  [caliper] [connectors/peer-gateway/PeerGateway] 	disconnecting gateway for user User1
2026.08.25-08:29:25.991 info  [caliper] [connectors/peer-gateway/PeerGateway] 	disconnecting gateway for user _Org2MSP_User1
2026.08.25-08:29:25.991 info  [caliper] [connectors/peer-gateway/PeerGateway] 	disconnecting gRpc client at peer peer0.org1.example.com
2026.08.25-08:29:25.991 info  [caliper] [connectors/peer-gateway/PeerGateway] 	disconnecting gateway for user User1
2026.08.25-08:29:25.991 info  [caliper] [connectors/peer-gateway/PeerGateway] 	disconnecting gateway for user _Org2MSP_User1
2026.08.25-08:29:25.991 info  [caliper] [connectors/peer-gateway/PeerGateway] 	disconnecting gRpc client at peer peer0.org1.example.com
2026.08.25-08:29:25.991 info  [caliper] [connectors/peer-gateway/PeerGateway] 	disconnecting gRpc client at peer peer0.org2.example.com
2026.08.25-08:29:25.991 info  [caliper] [connectors/peer-gateway/PeerGateway] 	disconnecting gRpc client at peer peer0.org2.example.com
2026.08.25-08:29:25.991 info  [caliper] [worker-message-handler] 	Worker#2 finished Round#1
2026.08.25-08:29:25.991 info  [caliper] [worker-message-handler] 	Worker#3 finished Round#1
2026.08.25-08:29:25.992 info  [caliper] [connectors/peer-gateway/PeerGateway] 	disconnecting gateway for user User1
2026.08.25-08:29:25.992 info  [caliper] [connectors/peer-gateway/PeerGateway] 	disconnecting gateway for user _Org2MSP_User1
2026.08.25-08:29:25.992 info  [caliper] [connectors/peer-gateway/PeerGateway] 	disconnecting gRpc client at peer peer0.org1.example.com
2026.08.25-08:29:25.992 info  [caliper] [connectors/peer-gateway/PeerGateway] 	disconnecting gRpc client at peer peer0.org2.example.com
2026.08.25-08:29:25.992 info  [caliper] [worker-message-handler] 	Worker#1 finished Round#1
2026.08.25-08:29:25.993 info  [caliper] [connectors/peer-gateway/PeerGateway] 	disconnecting gateway for user User1
2026.08.25-08:29:25.993 info  [caliper] [connectors/peer-gateway/PeerGateway] 	disconnecting gateway for user _Org2MSP_User1
2026.08.25-08:29:25.993 info  [caliper] [connectors/peer-gateway/PeerGateway] 	disconnecting gRpc client at peer peer0.org1.example.com
2026.08.25-08:29:25.993 info  [caliper] [connectors/peer-gateway/PeerGateway] 	disconnecting gRpc client at peer peer0.org2.example.com
2026.08.25-08:29:25.993 info  [caliper] [worker-message-handler] 	Worker#0 finished Round#1
2026.08.25-08:29:30.997 info  [caliper] [default-observer] 	Resetting txCount indicator count
2026.08.25-08:29:30.997 info  [caliper] [report-builder] 	### Test result ###
2026.08.25-08:29:30.998 info  [caliper] [report-builder] 	
+----------+------+------+-----------------+-----------------+-----------------+-----------------+------------------+
| Name     | Succ | Fail | Send Rate (TPS) | Max Latency (s) | Min Latency (s) | Avg Latency (s) | Throughput (TPS) |
|----------|------|------|-----------------|-----------------|-----------------|-----------------|------------------|
| rate-200 | 6004 | 0    | 200.1           | 2.04            | 0.03            | 0.06            | 187.4            |
+----------+------+------+-----------------+-----------------+-----------------+-----------------+------------------+

2026.08.25-08:29:30.998 info  [caliper] [round-orchestrator] 	Finished round 2 (rate-200) in 32.107 seconds
2026.08.25-08:29:30.998 info  [caliper] [monitor.js] 	Stopping all monitors
2026.08.25-08:29:30.998 info  [caliper] [round-orchestrator] 	Waiting 5 seconds for the next round...
2026.08.25-08:29:36.004 info  [caliper] [round-orchestrator] 	Started round 3 (rate-300)
2026.08.25-08:29:36.004 info  [caliper] [worker-message-handler] 	Preparing Worker#0 for Round#2
2026.08.25-08:29:36.005 info  [caliper] [worker-message-handler] 	Preparing Worker#1 for Round#2
2026.08.25-08:29:36.005 info  [caliper] [worker-message-handler] 	Preparing Worker#2 for Round#2
2026.08.25-08:29:36.006 info  [caliper] [worker-message-handler] 	Preparing Worker#3 for Round#2
2026.08.25-08:29:36.011 info  [caliper] [connectors/peer-gateway/PeerGateway] 	Generating contract map for user User1
2026.08.25-08:29:36.011 info  [caliper] [connectors/peer-gateway/PeerGateway] 	Generating contract map for user User1
2026.08.25-08:29:36.014 info  [caliper] [connectors/peer-gateway/PeerGateway] 	Generating contract map for user User1
2026.08.25-08:29:36.016 info  [caliper] [connectors/peer-gateway/PeerGateway] 	Generating contract map for user User1
2026.08.25-08:29:36.017 info  [caliper] [connectors/peer-gateway/PeerGateway] 	Generating contract map for user _Org2MSP_User1
2026.08.25-08:29:36.018 info  [caliper] [connectors/peer-gateway/PeerGateway] 	Generating contract map for user _Org2MSP_User1
2026.08.25-08:29:36.018 info  [caliper] [caliper-worker] 	Info: worker 3 prepare test phase for round 2 is starting...
2026.08.25-08:29:36.018 info  [caliper] [caliper-worker] 	Info: worker 1 prepare test phase for round 2 is starting...
2026.08.25-08:29:36.019 info  [caliper] [connectors/peer-gateway/PeerGateway] 	disconnecting gateway for user User1
2026.08.25-08:29:36.019 info  [caliper] [connectors/peer-gateway/PeerGateway] 	disconnecting gateway for user _Org2MSP_User1
2026.08.25-08:29:36.019 info  [caliper] [connectors/peer-gateway/PeerGateway] 	disconnecting gRpc client at peer peer0.org1.example.com
2026.08.25-08:29:36.019 info  [caliper] [connectors/peer-gateway/PeerGateway] 	disconnecting gRpc client at peer peer0.org2.example.com
2026.08.25-08:29:36.019 info  [caliper] [caliper-worker] 	Info: worker 3 prepare test phase for round 2 is completed
2026.08.25-08:29:36.019 info  [caliper] [worker-message-handler] 	Worker#3 prepared for Round#2
2026.08.25-08:29:36.019 info  [caliper] [connectors/peer-gateway/PeerGateway] 	disconnecting gateway for user User1
2026.08.25-08:29:36.019 info  [caliper] [connectors/peer-gateway/PeerGateway] 	disconnecting gateway for user _Org2MSP_User1
2026.08.25-08:29:36.019 info  [caliper] [connectors/peer-gateway/PeerGateway] 	disconnecting gRpc client at peer peer0.org1.example.com
2026.08.25-08:29:36.019 info  [caliper] [connectors/peer-gateway/PeerGateway] 	disconnecting gRpc client at peer peer0.org2.example.com
2026.08.25-08:29:36.019 info  [caliper] [caliper-worker] 	Info: worker 1 prepare test phase for round 2 is completed
2026.08.25-08:29:36.019 info  [caliper] [worker-message-handler] 	Worker#1 prepared for Round#2
2026.08.25-08:29:36.020 info  [caliper] [connectors/peer-gateway/PeerGateway] 	Generating contract map for user _Org2MSP_User1
2026.08.25-08:29:36.020 info  [caliper] [caliper-worker] 	Info: worker 2 prepare test phase for round 2 is starting...
2026.08.25-08:29:36.021 info  [caliper] [connectors/peer-gateway/PeerGateway] 	disconnecting gateway for user User1
2026.08.25-08:29:36.021 info  [caliper] [connectors/peer-gateway/PeerGateway] 	disconnecting gateway for user _Org2MSP_User1
2026.08.25-08:29:36.021 info  [caliper] [connectors/peer-gateway/PeerGateway] 	disconnecting gRpc client at peer peer0.org1.example.com
2026.08.25-08:29:36.021 info  [caliper] [connectors/peer-gateway/PeerGateway] 	disconnecting gRpc client at peer peer0.org2.example.com
2026.08.25-08:29:36.021 info  [caliper] [caliper-worker] 	Info: worker 2 prepare test phase for round 2 is completed
2026.08.25-08:29:36.021 info  [caliper] [worker-message-handler] 	Worker#2 prepared for Round#2
2026.08.25-08:29:36.023 info  [caliper] [connectors/peer-gateway/PeerGateway] 	Generating contract map for user _Org2MSP_User1
2026.08.25-08:29:36.023 info  [caliper] [caliper-worker] 	Info: worker 0 prepare test phase for round 2 is starting...
2026.08.25-08:29:36.024 info  [caliper] [connectors/peer-gateway/PeerGateway] 	disconnecting gateway for user User1
2026.08.25-08:29:36.024 info  [caliper] [connectors/peer-gateway/PeerGateway] 	disconnecting gateway for user _Org2MSP_User1
2026.08.25-08:29:36.024 info  [caliper] [connectors/peer-gateway/PeerGateway] 	disconnecting gRpc client at peer peer0.org1.example.com
2026.08.25-08:29:36.024 info  [caliper] [connectors/peer-gateway/PeerGateway] 	disconnecting gRpc client at peer peer0.org2.example.com
2026.08.25-08:29:36.024 info  [caliper] [caliper-worker] 	Info: worker 0 prepare test phase for round 2 is completed
2026.08.25-08:29:36.024 info  [caliper] [worker-message-handler] 	Worker#0 prepared for Round#2
2026.08.25-08:29:36.024 info  [caliper] [worker-orchestrator] 	4 workers prepared, progressing to test phase.
2026.08.25-08:29:36.025 info  [caliper] [round-orchestrator] 	Monitors successfully started
2026.08.25-08:29:36.025 info  [caliper] [worker-message-handler] 	Worker#0 is starting Round#2
2026.08.25-08:29:36.025 info  [caliper] [worker-message-handler] 	Worker#1 is starting Round#2
2026.08.25-08:29:36.025 info  [caliper] [worker-message-handler] 	Worker#2 is starting Round#2
2026.08.25-08:29:36.026 info  [caliper] [worker-message-handler] 	Worker#3 is starting Round#2
2026.08.25-08:29:36.030 info  [caliper] [connectors/peer-gateway/PeerGateway] 	Generating contract map for user User1
2026.08.25-08:29:36.031 info  [caliper] [connectors/peer-gateway/PeerGateway] 	Generating contract map for user User1
2026.08.25-08:29:36.031 info  [caliper] [connectors/peer-gateway/PeerGateway] 	Generating contract map for user User1
2026.08.25-08:29:36.031 info  [caliper] [connectors/peer-gateway/PeerGateway] 	Generating contract map for user User1
2026.08.25-08:29:36.035 info  [caliper] [connectors/peer-gateway/PeerGateway] 	Generating contract map for user _Org2MSP_User1
2026.08.25-08:29:36.035 info  [caliper] [connectors/peer-gateway/PeerGateway] 	Generating contract map for user _Org2MSP_User1
2026.08.25-08:29:36.035 info  [caliper] [connectors/peer-gateway/PeerGateway] 	Generating contract map for user _Org2MSP_User1
2026.08.25-08:29:36.035 info  [caliper] [caliper-worker] 	Worker #1 starting workload loop
2026.08.25-08:29:36.035 info  [caliper] [caliper-worker] 	Worker #0 starting workload loop
2026.08.25-08:29:36.035 info  [caliper] [caliper-worker] 	Worker #2 starting workload loop
2026.08.25-08:29:36.037 info  [caliper] [connectors/peer-gateway/PeerGateway] 	Generating contract map for user _Org2MSP_User1
2026.08.25-08:29:36.037 info  [caliper] [caliper-worker] 	Worker #3 starting workload loop
2026.08.25-08:29:41.025 info  [caliper] [default-observer] 	[rate-300 Round 2 Transaction Info] - Submitted: 1201 Succ: 1180 Fail:0 Unfinished:21
2026.08.25-08:29:46.026 info  [caliper] [default-observer] 	[rate-300 Round 2 Transaction Info] - Submitted: 2703 Succ: 2686 Fail:0 Unfinished:17
2026.08.25-08:29:51.027 info  [caliper] [default-observer] 	[rate-300 Round 2 Transaction Info] - Submitted: 4204 Succ: 4180 Fail:0 Unfinished:24
2026.08.25-08:29:56.029 info  [caliper] [default-observer] 	[rate-300 Round 2 Transaction Info] - Submitted: 5704 Succ: 5680 Fail:0 Unfinished:24
2026.08.25-08:30:01.030 info  [caliper] [default-observer] 	[rate-300 Round 2 Transaction Info] - Submitted: 7204 Succ: 7180 Fail:0 Unfinished:24
2026.08.25-08:30:06.032 info  [caliper] [default-observer] 	[rate-300 Round 2 Transaction Info] - Submitted: 8704 Succ: 8680 Fail:0 Unfinished:24
2026.08.25-08:30:09.141 info  [caliper] [connectors/peer-gateway/PeerGateway] 	disconnecting gateway for user User1
2026.08.25-08:30:09.141 info  [caliper] [connectors/peer-gateway/PeerGateway] 	disconnecting gateway for user User1
2026.08.25-08:30:09.141 info  [caliper] [connectors/peer-gateway/PeerGateway] 	disconnecting gateway for user _Org2MSP_User1
2026.08.25-08:30:09.141 info  [caliper] [connectors/peer-gateway/PeerGateway] 	disconnecting gateway for user _Org2MSP_User1
2026.08.25-08:30:09.141 info  [caliper] [connectors/peer-gateway/PeerGateway] 	disconnecting gRpc client at peer peer0.org1.example.com
2026.08.25-08:30:09.141 info  [caliper] [connectors/peer-gateway/PeerGateway] 	disconnecting gRpc client at peer peer0.org1.example.com
2026.08.25-08:30:09.142 info  [caliper] [connectors/peer-gateway/PeerGateway] 	disconnecting gRpc client at peer peer0.org2.example.com
2026.08.25-08:30:09.142 info  [caliper] [connectors/peer-gateway/PeerGateway] 	disconnecting gRpc client at peer peer0.org2.example.com
2026.08.25-08:30:09.142 info  [caliper] [worker-message-handler] 	Worker#0 finished Round#2
2026.08.25-08:30:09.142 info  [caliper] [worker-message-handler] 	Worker#2 finished Round#2
2026.08.25-08:30:09.142 info  [caliper] [connectors/peer-gateway/PeerGateway] 	disconnecting gateway for user User1
2026.08.25-08:30:09.142 info  [caliper] [connectors/peer-gateway/PeerGateway] 	disconnecting gateway for user _Org2MSP_User1
2026.08.25-08:30:09.142 info  [caliper] [connectors/peer-gateway/PeerGateway] 	disconnecting gRpc client at peer peer0.org1.example.com
2026.08.25-08:30:09.143 info  [caliper] [connectors/peer-gateway/PeerGateway] 	disconnecting gRpc client at peer peer0.org2.example.com
2026.08.25-08:30:09.143 info  [caliper] [connectors/peer-gateway/PeerGateway] 	disconnecting gateway for user User1
2026.08.25-08:30:09.143 info  [caliper] [connectors/peer-gateway/PeerGateway] 	disconnecting gateway for user _Org2MSP_User1
2026.08.25-08:30:09.143 info  [caliper] [worker-message-handler] 	Worker#3 finished Round#2
2026.08.25-08:30:09.143 info  [caliper] [connectors/peer-gateway/PeerGateway] 	disconnecting gRpc client at peer peer0.org1.example.com
2026.08.25-08:30:09.143 info  [caliper] [connectors/peer-gateway/PeerGateway] 	disconnecting gRpc client at peer peer0.org2.example.com
2026.08.25-08:30:09.143 info  [caliper] [worker-message-handler] 	Worker#1 finished Round#2
2026.08.25-08:30:14.144 info  [caliper] [default-observer] 	Resetting txCount indicator count
2026.08.25-08:30:14.144 info  [caliper] [report-builder] 	### Test result ###
2026.08.25-08:30:14.145 info  [caliper] [report-builder] 	
+----------+------+------+-----------------+-----------------+-----------------+-----------------+------------------+
| Name     | Succ | Fail | Send Rate (TPS) | Max Latency (s) | Min Latency (s) | Avg Latency (s) | Throughput (TPS) |
|----------|------|------|-----------------|-----------------|-----------------|-----------------|------------------|
| rate-300 | 9004 | 0    | 300.1           | 2.04            | 0.03            | 0.07            | 281.0            |
+----------+------+------+-----------------+-----------------+-----------------+-----------------+------------------+

2026.08.25-08:30:14.145 info  [caliper] [round-orchestrator] 	Finished round 3 (rate-300) in 32.107 seconds
2026.08.25-08:30:14.145 info  [caliper] [monitor.js] 	Stopping all monitors
2026.08.25-08:30:14.145 info  [caliper] [round-orchestrator] 	Waiting 5 seconds for the next round...
2026.08.25-08:30:19.148 info  [caliper] [round-orchestrator] 	Started round 4 (rate-400)
2026.08.25-08:30:19.149 info  [caliper] [worker-message-handler] 	Preparing Worker#0 for Round#3
2026.08.25-08:30:19.149 info  [caliper] [worker-message-handler] 	Preparing Worker#2 for Round#3
2026.08.25-08:30:19.150 info  [caliper] [worker-message-handler] 	Preparing Worker#1 for Round#3
2026.08.25-08:30:19.150 info  [caliper] [worker-message-handler] 	Preparing Worker#3 for Round#3
2026.08.25-08:30:19.163 info  [caliper] [connectors/peer-gateway/PeerGateway] 	Generating contract map for user User1
2026.08.25-08:30:19.163 info  [caliper] [connectors/peer-gateway/PeerGateway] 	Generating contract map for user User1
2026.08.25-08:30:19.163 info  [caliper] [connectors/peer-gateway/PeerGateway] 	Generating contract map for user User1
2026.08.25-08:30:19.166 info  [caliper] [connectors/peer-gateway/PeerGateway] 	Generating contract map for user User1
2026.08.25-08:30:19.170 info  [caliper] [connectors/peer-gateway/PeerGateway] 	Generating contract map for user _Org2MSP_User1
2026.08.25-08:30:19.170 info  [caliper] [connectors/peer-gateway/PeerGateway] 	Generating contract map for user _Org2MSP_User1
2026.08.25-08:30:19.170 info  [caliper] [connectors/peer-gateway/PeerGateway] 	Generating contract map for user _Org2MSP_User1
2026.08.25-08:30:19.170 info  [caliper] [caliper-worker] 	Info: worker 3 prepare test phase for round 3 is starting...
2026.08.25-08:30:19.170 info  [caliper] [caliper-worker] 	Info: worker 1 prepare test phase for round 3 is starting...
2026.08.25-08:30:19.170 info  [caliper] [caliper-worker] 	Info: worker 2 prepare test phase for round 3 is starting...
2026.08.25-08:30:19.170 info  [caliper] [connectors/peer-gateway/PeerGateway] 	disconnecting gateway for user User1
2026.08.25-08:30:19.170 info  [caliper] [connectors/peer-gateway/PeerGateway] 	disconnecting gateway for user _Org2MSP_User1
2026.08.25-08:30:19.170 info  [caliper] [connectors/peer-gateway/PeerGateway] 	disconnecting gRpc client at peer peer0.org1.example.com
2026.08.25-08:30:19.170 info  [caliper] [connectors/peer-gateway/PeerGateway] 	disconnecting gRpc client at peer peer0.org2.example.com
2026.08.25-08:30:19.170 info  [caliper] [caliper-worker] 	Info: worker 2 prepare test phase for round 3 is completed
2026.08.25-08:30:19.170 info  [caliper] [worker-message-handler] 	Worker#2 prepared for Round#3
2026.08.25-08:30:19.171 info  [caliper] [connectors/peer-gateway/PeerGateway] 	disconnecting gateway for user User1
2026.08.25-08:30:19.171 info  [caliper] [connectors/peer-gateway/PeerGateway] 	disconnecting gateway for user _Org2MSP_User1
2026.08.25-08:30:19.171 info  [caliper] [connectors/peer-gateway/PeerGateway] 	disconnecting gRpc client at peer peer0.org1.example.com
2026.08.25-08:30:19.171 info  [caliper] [connectors/peer-gateway/PeerGateway] 	disconnecting gateway for user User1
2026.08.25-08:30:19.171 info  [caliper] [connectors/peer-gateway/PeerGateway] 	disconnecting gateway for user _Org2MSP_User1
2026.08.25-08:30:19.171 info  [caliper] [connectors/peer-gateway/PeerGateway] 	disconnecting gRpc client at peer peer0.org2.example.com
2026.08.25-08:30:19.171 info  [caliper] [connectors/peer-gateway/PeerGateway] 	disconnecting gRpc client at peer peer0.org1.example.com
2026.08.25-08:30:19.171 info  [caliper] [connectors/peer-gateway/PeerGateway] 	disconnecting gRpc client at peer peer0.org2.example.com
2026.08.25-08:30:19.171 info  [caliper] [caliper-worker] 	Info: worker 3 prepare test phase for round 3 is completed
2026.08.25-08:30:19.171 info  [caliper] [worker-message-handler] 	Worker#3 prepared for Round#3
2026.08.25-08:30:19.171 info  [caliper] [caliper-worker] 	Info: worker 1 prepare test phase for round 3 is completed
2026.08.25-08:30:19.171 info  [caliper] [worker-message-handler] 	Worker#1 prepared for Round#3
2026.08.25-08:30:19.173 info  [caliper] [connectors/peer-gateway/PeerGateway] 	Generating contract map for user _Org2MSP_User1
2026.08.25-08:30:19.173 info  [caliper] [caliper-worker] 	Info: worker 0 prepare test phase for round 3 is starting...
2026.08.25-08:30:19.174 info  [caliper] [connectors/peer-gateway/PeerGateway] 	disconnecting gateway for user User1
2026.08.25-08:30:19.174 info  [caliper] [connectors/peer-gateway/PeerGateway] 	disconnecting gateway for user _Org2MSP_User1
2026.08.25-08:30:19.174 info  [caliper] [connectors/peer-gateway/PeerGateway] 	disconnecting gRpc client at peer peer0.org1.example.com
2026.08.25-08:30:19.174 info  [caliper] [connectors/peer-gateway/PeerGateway] 	disconnecting gRpc client at peer peer0.org2.example.com
2026.08.25-08:30:19.175 info  [caliper] [caliper-worker] 	Info: worker 0 prepare test phase for round 3 is completed
2026.08.25-08:30:19.175 info  [caliper] [worker-message-handler] 	Worker#0 prepared for Round#3
2026.08.25-08:30:19.175 info  [caliper] [worker-orchestrator] 	4 workers prepared, progressing to test phase.
2026.08.25-08:30:19.175 info  [caliper] [round-orchestrator] 	Monitors successfully started
2026.08.25-08:30:19.176 info  [caliper] [worker-message-handler] 	Worker#0 is starting Round#3
2026.08.25-08:30:19.176 info  [caliper] [worker-message-handler] 	Worker#1 is starting Round#3
2026.08.25-08:30:19.176 info  [caliper] [worker-message-handler] 	Worker#3 is starting Round#3
2026.08.25-08:30:19.176 info  [caliper] [worker-message-handler] 	Worker#2 is starting Round#3
2026.08.25-08:30:19.188 info  [caliper] [connectors/peer-gateway/PeerGateway] 	Generating contract map for user User1
2026.08.25-08:30:19.188 info  [caliper] [connectors/peer-gateway/PeerGateway] 	Generating contract map for user User1
2026.08.25-08:30:19.188 info  [caliper] [connectors/peer-gateway/PeerGateway] 	Generating contract map for user User1
2026.08.25-08:30:19.191 info  [caliper] [connectors/peer-gateway/PeerGateway] 	Generating contract map for user User1
2026.08.25-08:30:19.194 info  [caliper] [connectors/peer-gateway/PeerGateway] 	Generating contract map for user _Org2MSP_User1
2026.08.25-08:30:19.194 info  [caliper] [connectors/peer-gateway/PeerGateway] 	Generating contract map for user _Org2MSP_User1
2026.08.25-08:30:19.194 info  [caliper] [connectors/peer-gateway/PeerGateway] 	Generating contract map for user _Org2MSP_User1
2026.08.25-08:30:19.194 info  [caliper] [caliper-worker] 	Worker #1 starting workload loop
2026.08.25-08:30:19.195 info  [caliper] [caliper-worker] 	Worker #0 starting workload loop
2026.08.25-08:30:19.195 info  [caliper] [caliper-worker] 	Worker #2 starting workload loop
2026.08.25-08:30:19.196 info  [caliper] [connectors/peer-gateway/PeerGateway] 	Generating contract map for user _Org2MSP_User1
2026.08.25-08:30:19.196 info  [caliper] [caliper-worker] 	Worker #3 starting workload loop
2026.08.25-08:30:24.178 info  [caliper] [default-observer] 	[rate-400 Round 3 Transaction Info] - Submitted: 1601 Succ: 1540 Fail:0 Unfinished:61
2026.08.25-08:30:29.179 info  [caliper] [default-observer] 	[rate-400 Round 3 Transaction Info] - Submitted: 3607 Succ: 3360 Fail:0 Unfinished:247
2026.08.25-08:30:34.181 info  [caliper] [default-observer] 	[rate-400 Round 3 Transaction Info] - Submitted: 5609 Succ: 5560 Fail:0 Unfinished:49
2026.08.25-08:30:39.180 info  [caliper] [default-observer] 	[rate-400 Round 3 Transaction Info] - Submitted: 7613 Succ: 7570 Fail:0 Unfinished:43
2026.08.25-08:30:44.179 info  [caliper] [default-observer] 	[rate-400 Round 3 Transaction Info] - Submitted: 9613 Succ: 9370 Fail:0 Unfinished:243
2026.08.25-08:30:49.181 info  [caliper] [default-observer] 	[rate-400 Round 3 Transaction Info] - Submitted: 11618 Succ: 10090 Fail:0 Unfinished:1528
2026.08.25-08:30:54.182 info  [caliper] [default-observer] 	[rate-400 Round 3 Transaction Info] - Submitted: 12004 Succ: 10925 Fail:0 Unfinished:1079
2026.08.25-08:30:59.182 info  [caliper] [default-observer] 	[rate-400 Round 3 Transaction Info] - Submitted: 12004 Succ: 12004 Fail:0 Unfinished:0
2026.08.25-08:30:59.717 info  [caliper] [connectors/peer-gateway/PeerGateway] 	disconnecting gateway for user User1
2026.08.25-08:30:59.717 info  [caliper] [connectors/peer-gateway/PeerGateway] 	disconnecting gateway for user _Org2MSP_User1
2026.08.25-08:30:59.717 info  [caliper] [connectors/peer-gateway/PeerGateway] 	disconnecting gRpc client at peer peer0.org1.example.com
2026.08.25-08:30:59.717 info  [caliper] [connectors/peer-gateway/PeerGateway] 	disconnecting gRpc client at peer peer0.org2.example.com
2026.08.25-08:30:59.717 info  [caliper] [worker-message-handler] 	Worker#1 finished Round#3
2026.08.25-08:30:59.814 info  [caliper] [connectors/peer-gateway/PeerGateway] 	disconnecting gateway for user User1
2026.08.25-08:30:59.814 info  [caliper] [connectors/peer-gateway/PeerGateway] 	disconnecting gateway for user _Org2MSP_User1
2026.08.25-08:30:59.814 info  [caliper] [connectors/peer-gateway/PeerGateway] 	disconnecting gRpc client at peer peer0.org1.example.com
2026.08.25-08:30:59.815 info  [caliper] [connectors/peer-gateway/PeerGateway] 	disconnecting gRpc client at peer peer0.org2.example.com
2026.08.25-08:30:59.815 info  [caliper] [worker-message-handler] 	Worker#3 finished Round#3
2026.08.25-08:30:59.815 info  [caliper] [connectors/peer-gateway/PeerGateway] 	disconnecting gateway for user User1
2026.08.25-08:30:59.815 info  [caliper] [connectors/peer-gateway/PeerGateway] 	disconnecting gateway for user _Org2MSP_User1
2026.08.25-08:30:59.815 info  [caliper] [connectors/peer-gateway/PeerGateway] 	disconnecting gRpc client at peer peer0.org1.example.com
2026.08.25-08:30:59.816 info  [caliper] [connectors/peer-gateway/PeerGateway] 	disconnecting gRpc client at peer peer0.org2.example.com
2026.08.25-08:30:59.816 info  [caliper] [worker-message-handler] 	Worker#0 finished Round#3
2026.08.25-08:30:59.818 info  [caliper] [connectors/peer-gateway/PeerGateway] 	disconnecting gateway for user User1
2026.08.25-08:30:59.818 info  [caliper] [connectors/peer-gateway/PeerGateway] 	disconnecting gateway for user _Org2MSP_User1
2026.08.25-08:30:59.818 info  [caliper] [connectors/peer-gateway/PeerGateway] 	disconnecting gRpc client at peer peer0.org1.example.com
2026.08.25-08:30:59.818 info  [caliper] [connectors/peer-gateway/PeerGateway] 	disconnecting gRpc client at peer peer0.org2.example.com
2026.08.25-08:30:59.819 info  [caliper] [worker-message-handler] 	Worker#2 finished Round#3
2026.08.25-08:31:04.820 info  [caliper] [default-observer] 	Resetting txCount indicator count
2026.08.25-08:31:04.821 info  [caliper] [report-builder] 	### Test result ###
2026.08.25-08:31:04.821 info  [caliper] [report-builder] 	
+----------+-------+------+-----------------+-----------------+-----------------+-----------------+------------------+
| Name     | Succ  | Fail | Send Rate (TPS) | Max Latency (s) | Min Latency (s) | Avg Latency (s) | Throughput (TPS) |
|----------|-------|------|-----------------|-----------------|-----------------|-----------------|------------------|
| rate-400 | 12004 | 0    | 400.1           | 10.05           | 0.04            | 1.42            | 303.7            |
+----------+-------+------+-----------------+-----------------+-----------------+-----------------+------------------+

2026.08.25-08:31:04.821 info  [caliper] [round-orchestrator] 	Finished round 4 (rate-400) in 39.622 seconds
2026.08.25-08:31:04.821 info  [caliper] [monitor.js] 	Stopping all monitors
2026.08.25-08:31:04.821 info  [caliper] [round-orchestrator] 	Waiting 5 seconds for the next round...
2026.08.25-08:31:09.827 info  [caliper] [round-orchestrator] 	Started round 5 (rate-500)
2026.08.25-08:31:09.828 info  [caliper] [worker-message-handler] 	Preparing Worker#0 for Round#4
2026.08.25-08:31:09.828 info  [caliper] [worker-message-handler] 	Preparing Worker#1 for Round#4
2026.08.25-08:31:09.829 info  [caliper] [worker-message-handler] 	Preparing Worker#3 for Round#4
2026.08.25-08:31:09.830 info  [caliper] [worker-message-handler] 	Preparing Worker#2 for Round#4
2026.08.25-08:31:09.839 info  [caliper] [connectors/peer-gateway/PeerGateway] 	Generating contract map for user User1
2026.08.25-08:31:09.841 info  [caliper] [connectors/peer-gateway/PeerGateway] 	Generating contract map for user User1
2026.08.25-08:31:09.841 info  [caliper] [connectors/peer-gateway/PeerGateway] 	Generating contract map for user User1
2026.08.25-08:31:09.845 info  [caliper] [connectors/peer-gateway/PeerGateway] 	Generating contract map for user User1
2026.08.25-08:31:09.850 info  [caliper] [connectors/peer-gateway/PeerGateway] 	Generating contract map for user _Org2MSP_User1
2026.08.25-08:31:09.850 info  [caliper] [caliper-worker] 	Info: worker 0 prepare test phase for round 4 is starting...
2026.08.25-08:31:09.851 info  [caliper] [connectors/peer-gateway/PeerGateway] 	Generating contract map for user _Org2MSP_User1
2026.08.25-08:31:09.851 info  [caliper] [caliper-worker] 	Info: worker 2 prepare test phase for round 4 is starting...
2026.08.25-08:31:09.851 info  [caliper] [connectors/peer-gateway/PeerGateway] 	Generating contract map for user _Org2MSP_User1
2026.08.25-08:31:09.851 info  [caliper] [caliper-worker] 	Info: worker 1 prepare test phase for round 4 is starting...
2026.08.25-08:31:09.852 info  [caliper] [connectors/peer-gateway/PeerGateway] 	disconnecting gateway for user User1
2026.08.25-08:31:09.852 info  [caliper] [connectors/peer-gateway/PeerGateway] 	disconnecting gateway for user _Org2MSP_User1
2026.08.25-08:31:09.852 info  [caliper] [connectors/peer-gateway/PeerGateway] 	disconnecting gRpc client at peer peer0.org1.example.com
2026.08.25-08:31:09.852 info  [caliper] [connectors/peer-gateway/PeerGateway] 	disconnecting gRpc client at peer peer0.org2.example.com
2026.08.25-08:31:09.852 info  [caliper] [caliper-worker] 	Info: worker 0 prepare test phase for round 4 is completed
2026.08.25-08:31:09.852 info  [caliper] [worker-message-handler] 	Worker#0 prepared for Round#4
2026.08.25-08:31:09.852 info  [caliper] [connectors/peer-gateway/PeerGateway] 	disconnecting gateway for user User1
2026.08.25-08:31:09.852 info  [caliper] [connectors/peer-gateway/PeerGateway] 	disconnecting gateway for user _Org2MSP_User1
2026.08.25-08:31:09.852 info  [caliper] [connectors/peer-gateway/PeerGateway] 	disconnecting gRpc client at peer peer0.org1.example.com
2026.08.25-08:31:09.852 info  [caliper] [connectors/peer-gateway/PeerGateway] 	disconnecting gRpc client at peer peer0.org2.example.com
2026.08.25-08:31:09.852 info  [caliper] [caliper-worker] 	Info: worker 2 prepare test phase for round 4 is completed
2026.08.25-08:31:09.852 info  [caliper] [worker-message-handler] 	Worker#2 prepared for Round#4
2026.08.25-08:31:09.852 info  [caliper] [connectors/peer-gateway/PeerGateway] 	disconnecting gateway for user User1
2026.08.25-08:31:09.853 info  [caliper] [connectors/peer-gateway/PeerGateway] 	disconnecting gateway for user _Org2MSP_User1
2026.08.25-08:31:09.853 info  [caliper] [connectors/peer-gateway/PeerGateway] 	disconnecting gRpc client at peer peer0.org1.example.com
2026.08.25-08:31:09.853 info  [caliper] [connectors/peer-gateway/PeerGateway] 	disconnecting gRpc client at peer peer0.org2.example.com
2026.08.25-08:31:09.853 info  [caliper] [caliper-worker] 	Info: worker 1 prepare test phase for round 4 is completed
2026.08.25-08:31:09.853 info  [caliper] [worker-message-handler] 	Worker#1 prepared for Round#4
2026.08.25-08:31:09.856 info  [caliper] [connectors/peer-gateway/PeerGateway] 	Generating contract map for user _Org2MSP_User1
2026.08.25-08:31:09.856 info  [caliper] [caliper-worker] 	Info: worker 3 prepare test phase for round 4 is starting...
2026.08.25-08:31:09.858 info  [caliper] [connectors/peer-gateway/PeerGateway] 	disconnecting gateway for user User1
2026.08.25-08:31:09.858 info  [caliper] [connectors/peer-gateway/PeerGateway] 	disconnecting gateway for user _Org2MSP_User1
2026.08.25-08:31:09.858 info  [caliper] [connectors/peer-gateway/PeerGateway] 	disconnecting gRpc client at peer peer0.org1.example.com
2026.08.25-08:31:09.858 info  [caliper] [connectors/peer-gateway/PeerGateway] 	disconnecting gRpc client at peer peer0.org2.example.com
2026.08.25-08:31:09.858 info  [caliper] [caliper-worker] 	Info: worker 3 prepare test phase for round 4 is completed
2026.08.25-08:31:09.858 info  [caliper] [worker-message-handler] 	Worker#3 prepared for Round#4
2026.08.25-08:31:09.858 info  [caliper] [worker-orchestrator] 	4 workers prepared, progressing to test phase.
2026.08.25-08:31:09.859 info  [caliper] [round-orchestrator] 	Monitors successfully started
2026.08.25-08:31:09.859 info  [caliper] [worker-message-handler] 	Worker#0 is starting Round#4
2026.08.25-08:31:09.859 info  [caliper] [worker-message-handler] 	Worker#1 is starting Round#4
2026.08.25-08:31:09.860 info  [caliper] [worker-message-handler] 	Worker#3 is starting Round#4
2026.08.25-08:31:09.860 info  [caliper] [worker-message-handler] 	Worker#2 is starting Round#4
2026.08.25-08:31:09.865 info  [caliper] [connectors/peer-gateway/PeerGateway] 	Generating contract map for user User1
2026.08.25-08:31:09.865 info  [caliper] [connectors/peer-gateway/PeerGateway] 	Generating contract map for user User1
2026.08.25-08:31:09.865 info  [caliper] [connectors/peer-gateway/PeerGateway] 	Generating contract map for user User1
2026.08.25-08:31:09.865 info  [caliper] [connectors/peer-gateway/PeerGateway] 	Generating contract map for user User1
2026.08.25-08:31:09.870 info  [caliper] [connectors/peer-gateway/PeerGateway] 	Generating contract map for user _Org2MSP_User1
2026.08.25-08:31:09.870 info  [caliper] [connectors/peer-gateway/PeerGateway] 	Generating contract map for user _Org2MSP_User1
2026.08.25-08:31:09.870 info  [caliper] [connectors/peer-gateway/PeerGateway] 	Generating contract map for user _Org2MSP_User1
2026.08.25-08:31:09.870 info  [caliper] [caliper-worker] 	Worker #3 starting workload loop
2026.08.25-08:31:09.870 info  [caliper] [caliper-worker] 	Worker #1 starting workload loop
2026.08.25-08:31:09.871 info  [caliper] [caliper-worker] 	Worker #2 starting workload loop
2026.08.25-08:31:09.872 info  [caliper] [connectors/peer-gateway/PeerGateway] 	Generating contract map for user _Org2MSP_User1
2026.08.25-08:31:09.873 info  [caliper] [caliper-worker] 	Worker #0 starting workload loop
2026.08.25-08:31:14.857 info  [caliper] [default-observer] 	[rate-500 Round 4 Transaction Info] - Submitted: 2005 Succ: 710 Fail:0 Unfinished:1295
2026.08.25-08:31:19.858 info  [caliper] [default-observer] 	[rate-500 Round 4 Transaction Info] - Submitted: 4513 Succ: 1610 Fail:0 Unfinished:2903
2026.08.25-08:31:24.857 info  [caliper] [default-observer] 	[rate-500 Round 4 Transaction Info] - Submitted: 7016 Succ: 3757 Fail:0 Unfinished:3259
2026.08.25-08:31:29.858 info  [caliper] [default-observer] 	[rate-500 Round 4 Transaction Info] - Submitted: 9522 Succ: 5930 Fail:0 Unfinished:3592
2026.08.25-08:31:34.859 info  [caliper] [default-observer] 	[rate-500 Round 4 Transaction Info] - Submitted: 12027 Succ: 7985 Fail:0 Unfinished:4042
2026.08.25-08:31:39.859 info  [caliper] [default-observer] 	[rate-500 Round 4 Transaction Info] - Submitted: 14531 Succ: 10067 Fail:0 Unfinished:4464
2026.08.25-08:31:44.858 info  [caliper] [default-observer] 	[rate-500 Round 4 Transaction Info] - Submitted: 15002 Succ: 13985 Fail:0 Unfinished:1017
2026.08.25-08:31:46.076 info  [caliper] [connectors/peer-gateway/PeerGateway] 	disconnecting gateway for user User1
2026.08.25-08:31:46.076 info  [caliper] [connectors/peer-gateway/PeerGateway] 	disconnecting gateway for user _Org2MSP_User1
2026.08.25-08:31:46.076 info  [caliper] [connectors/peer-gateway/PeerGateway] 	disconnecting gRpc client at peer peer0.org1.example.com
2026.08.25-08:31:46.077 info  [caliper] [connectors/peer-gateway/PeerGateway] 	disconnecting gRpc client at peer peer0.org2.example.com
2026.08.25-08:31:46.077 info  [caliper] [worker-message-handler] 	Worker#2 finished Round#4
2026.08.25-08:31:46.083 info  [caliper] [connectors/peer-gateway/PeerGateway] 	disconnecting gateway for user User1
2026.08.25-08:31:46.083 info  [caliper] [connectors/peer-gateway/PeerGateway] 	disconnecting gateway for user _Org2MSP_User1
2026.08.25-08:31:46.083 info  [caliper] [connectors/peer-gateway/PeerGateway] 	disconnecting gRpc client at peer peer0.org1.example.com
2026.08.25-08:31:46.083 info  [caliper] [connectors/peer-gateway/PeerGateway] 	disconnecting gateway for user User1
2026.08.25-08:31:46.083 info  [caliper] [connectors/peer-gateway/PeerGateway] 	disconnecting gateway for user _Org2MSP_User1
2026.08.25-08:31:46.083 info  [caliper] [connectors/peer-gateway/PeerGateway] 	disconnecting gRpc client at peer peer0.org1.example.com
2026.08.25-08:31:46.083 info  [caliper] [connectors/peer-gateway/PeerGateway] 	disconnecting gRpc client at peer peer0.org2.example.com
2026.08.25-08:31:46.083 info  [caliper] [worker-message-handler] 	Worker#3 finished Round#4
2026.08.25-08:31:46.083 info  [caliper] [connectors/peer-gateway/PeerGateway] 	disconnecting gRpc client at peer peer0.org2.example.com
2026.08.25-08:31:46.083 info  [caliper] [worker-message-handler] 	Worker#0 finished Round#4
2026.08.25-08:31:46.084 info  [caliper] [connectors/peer-gateway/PeerGateway] 	disconnecting gateway for user User1
2026.08.25-08:31:46.085 info  [caliper] [connectors/peer-gateway/PeerGateway] 	disconnecting gateway for user _Org2MSP_User1
2026.08.25-08:31:46.085 info  [caliper] [connectors/peer-gateway/PeerGateway] 	disconnecting gRpc client at peer peer0.org1.example.com
2026.08.25-08:31:46.085 info  [caliper] [connectors/peer-gateway/PeerGateway] 	disconnecting gRpc client at peer peer0.org2.example.com
2026.08.25-08:31:46.085 info  [caliper] [worker-message-handler] 	Worker#1 finished Round#4
2026.08.25-08:31:51.087 info  [caliper] [default-observer] 	Resetting txCount indicator count
2026.08.25-08:31:51.087 info  [caliper] [report-builder] 	### Test result ###
2026.08.25-08:31:51.088 info  [caliper] [report-builder] 	
+----------+-------+------+-----------------+-----------------+-----------------+-----------------+------------------+
| Name     | Succ  | Fail | Send Rate (TPS) | Max Latency (s) | Min Latency (s) | Avg Latency (s) | Throughput (TPS) |
|----------|-------|------|-----------------|-----------------|-----------------|-----------------|------------------|
| rate-500 | 15002 | 0    | 500.0           | 9.10            | 0.11            | 6.84            | 426.1            |
+----------+-------+------+-----------------+-----------------+-----------------+-----------------+------------------+

2026.08.25-08:31:51.088 info  [caliper] [round-orchestrator] 	Finished round 5 (rate-500) in 35.213 seconds
2026.08.25-08:31:51.088 info  [caliper] [monitor.js] 	Stopping all monitors
2026.08.25-08:31:51.088 info  [caliper] [report-builder] 	### All test results ###
2026.08.25-08:31:51.089 info  [caliper] [report-builder] 	
+----------+-------+------+-----------------+-----------------+-----------------+-----------------+------------------+
| Name     | Succ  | Fail | Send Rate (TPS) | Max Latency (s) | Min Latency (s) | Avg Latency (s) | Throughput (TPS) |
|----------|-------|------|-----------------|-----------------|-----------------|-----------------|------------------|
| rate-100 | 3004  | 0    | 100.1           | 2.04            | 0.03            | 0.08            | 93.8             |
|----------|-------|------|-----------------|-----------------|-----------------|-----------------|------------------|
| rate-200 | 6004  | 0    | 200.1           | 2.04            | 0.03            | 0.06            | 187.4            |
|----------|-------|------|-----------------|-----------------|-----------------|-----------------|------------------|
| rate-300 | 9004  | 0    | 300.1           | 2.04            | 0.03            | 0.07            | 281.0            |
|----------|-------|------|-----------------|-----------------|-----------------|-----------------|------------------|
| rate-400 | 12004 | 0    | 400.1           | 10.05           | 0.04            | 1.42            | 303.7            |
|----------|-------|------|-----------------|-----------------|-----------------|-----------------|------------------|
| rate-500 | 15002 | 0    | 500.0           | 9.10            | 0.11            | 6.84            | 426.1            |
+----------+-------+------+-----------------+-----------------+-----------------+-----------------+------------------+

2026.08.25-08:31:51.143 info  [caliper] [report-builder] 	Generated report with path /hyperledger/caliper/workspace/report-r25b-C_clean_post.html
2026.08.25-08:31:51.143 info  [caliper] [monitor.js] 	Stopping all monitors
2026.08.25-08:31:51.143 info  [caliper] [worker-orchestrator] 	Sending exit message to connected workers
2026.08.25-08:31:51.144 info  [caliper] [round-orchestrator] 	Benchmark finished in 221.48 seconds. Total rounds: 5. Successful rounds: 5. Failed rounds: 0.
2026.08.25-08:31:51.144 info  [caliper] [caliper-engine] 	Skipping end command due to benchmark flow conditioning
2026.08.25-08:31:51.144 info  [caliper] [worker-message-handler] 	Worker#0 is exiting
2026.08.25-08:31:51.144 info  [caliper] [cli-launch-manager] 	Benchmark successfully finished!
2026.08.25-08:31:51.144 info  [caliper] [worker-message-handler] 	Worker#1 is exiting
2026.08.25-08:31:51.144 info  [caliper] [worker-message-handler] 	Worker#2 is exiting
2026.08.25-08:31:51.144 info  [caliper] [worker-message-handler] 	Worker#3 is exiting
